4.361: [GC 4.361: [ParNew: 419456K->35007K(471872K), 0.0785490 secs] 419456K->35007K(11361088K), 0.0786850 secs] [Times: user=0.25 sys=0.07, real=0.08 secs] 
7.449: [GC 7.449: [ParNew: 454463K->52416K(471872K), 0.3173930 secs] 454463K->101687K(11361088K), 0.3175070 secs] [Times: user=0.75 sys=0.20, real=0.32 secs] 
9.855: [GC 9.855: [ParNew: 471872K->52416K(471872K), 0.4289040 secs] 521143K->168389K(11361088K), 0.4290280 secs] [Times: user=0.92 sys=0.20, real=0.42 secs] 
11.817: [GC 11.817: [ParNew: 471872K->52416K(471872K), 0.2172630 secs] 587845K->209971K(11361088K), 0.2173820 secs] [Times: user=0.86 sys=0.14, real=0.21 secs] 
13.213: [GC 13.213: [ParNew: 471872K->52416K(471872K), 0.5529440 secs] 629427K->351620K(11361088K), 0.5530550 secs] [Times: user=1.81 sys=0.47, real=0.56 secs] 
17.581: [GC 17.581: [ParNew: 471872K->52416K(471872K), 0.2557020 secs] 771076K->414200K(11361088K), 0.2558190 secs] [Times: user=0.82 sys=0.18, real=0.26 secs] 
18.139: [GC 18.139: [ParNew: 471872K->38129K(471872K), 0.1399490 secs] 833656K->433975K(11361088K), 0.1400600 secs] [Times: user=0.38 sys=0.10, real=0.14 secs] 
18.558: [GC 18.558: [ParNew: 457585K->8857K(471872K), 0.0029410 secs] 853431K->404703K(11361088K), 0.0029990 secs] [Times: user=0.03 sys=0.00, real=0.00 secs] 
19.540: [GC 19.540: [ParNew: 428313K->24668K(471872K), 0.0162920 secs] 824159K->420514K(11361088K), 0.0163930 secs] [Times: user=0.20 sys=0.00, real=0.01 secs] 
21.274: [GC 21.274: [ParNew: 444124K->52415K(471872K), 0.0995710 secs] 839970K->462473K(11361088K), 0.0996860 secs] [Times: user=0.29 sys=0.01, real=0.10 secs] 
23.575: [GC 23.575: [ParNew: 471871K->52416K(471872K), 0.2141160 secs] 881929K->491606K(11361088K), 0.2142260 secs] [Times: user=0.56 sys=0.09, real=0.22 secs] 
26.313: [GC 26.313: [ParNew: 471872K->52415K(471872K), 0.3030790 secs] 911062K->529053K(11361088K), 0.3032080 secs] [Times: user=0.65 sys=0.08, real=0.30 secs] 
30.476: [GC 30.476: [ParNew: 471871K->51099K(471872K), 0.2319440 secs] 948509K->559866K(11361088K), 0.2320860 secs] [Times: user=0.74 sys=0.11, real=0.24 secs] 
34.250: [GC 34.250: [ParNew: 470555K->52416K(471872K), 0.2754520 secs] 979322K->591788K(11361088K), 0.2756030 secs] [Times: user=0.61 sys=0.09, real=0.27 secs] 
40.263: [GC 40.263: [ParNew: 471872K->52416K(471872K), 0.3403470 secs] 1011244K->653426K(11361088K), 0.3405150 secs] [Times: user=0.96 sys=0.14, real=0.34 secs] 
44.478: [GC 44.478: [ParNew: 471872K->52416K(471872K), 0.7031260 secs] 1072882K->757387K(11361088K), 0.7032770 secs] [Times: user=1.17 sys=0.20, real=0.71 secs] 
49.177: [GC 49.177: [ParNew: 471872K->52416K(471872K), 0.0756680 secs] 1176843K->766745K(11361088K), 0.0758360 secs] [Times: user=0.51 sys=0.02, real=0.08 secs] 
53.686: [GC 53.686: [ParNew: 471872K->52416K(471872K), 0.5104480 secs] 1186201K->861767K(11361088K), 0.5106200 secs] [Times: user=1.43 sys=0.30, real=0.51 secs] 
57.061: [GC 57.061: [ParNew: 471872K->52416K(471872K), 0.5852530 secs] 1281223K->977115K(11361088K), 0.5854250 secs] [Times: user=2.17 sys=0.34, real=0.58 secs] 
61.812: [GC 61.812: [ParNew: 471872K->52416K(471872K), 0.5576300 secs] 1396571K->1066244K(11361088K), 0.5578180 secs] [Times: user=1.16 sys=0.21, real=0.55 secs] 
67.487: [GC 67.487: [ParNew: 471872K->52416K(471872K), 0.2965490 secs] 1485700K->1096184K(11361088K), 0.2967450 secs] [Times: user=0.64 sys=0.03, real=0.30 secs] 
75.616: [GC 75.616: [ParNew: 471872K->52416K(471872K), 0.3555370 secs] 1515640K->1152560K(11361088K), 0.3557300 secs] [Times: user=0.91 sys=0.12, real=0.35 secs] 
78.404: [GC 78.404: [ParNew: 471872K->52416K(471872K), 0.4726750 secs] 1572016K->1218411K(11361088K), 0.4728560 secs] [Times: user=0.83 sys=0.13, real=0.47 secs] 
82.723: [GC 82.723: [ParNew: 471872K->52416K(471872K), 0.4025200 secs] 1637867K->1266739K(11361088K), 0.4027250 secs] [Times: user=0.95 sys=0.11, real=0.40 secs] 
87.694: [GC 87.694: [ParNew: 471872K->39922K(471872K), 0.1481240 secs] 1686195K->1283403K(11361088K), 0.1483220 secs] [Times: user=0.50 sys=0.09, real=0.14 secs] 
92.272: [GC 92.272: [ParNew: 459378K->33967K(471872K), 0.0279570 secs] 1702859K->1277448K(11361088K), 0.0282100 secs] [Times: user=0.29 sys=0.01, real=0.03 secs] 
96.246: [GC 96.246: [ParNew: 453423K->48485K(471872K), 0.0835220 secs] 1696904K->1306111K(11361088K), 0.0837280 secs] [Times: user=0.48 sys=0.05, real=0.08 secs] 
100.848: [GC 100.848: [ParNew: 467941K->47581K(471872K), 0.0723020 secs] 1725567K->1315412K(11361088K), 0.0725170 secs] [Times: user=0.37 sys=0.02, real=0.07 secs] 
104.050: [GC 104.050: [ParNew: 467037K->45891K(471872K), 0.0937760 secs] 1734868K->1330946K(11361088K), 0.0939880 secs] [Times: user=0.52 sys=0.08, real=0.09 secs] 
107.690: [GC 107.690: [ParNew: 465347K->47451K(471872K), 0.0644890 secs] 1750402K->1343858K(11361088K), 0.0647070 secs] [Times: user=0.39 sys=0.03, real=0.06 secs] 
111.307: [GC 111.307: [ParNew: 466907K->44485K(471872K), 0.0803520 secs] 1763314K->1358014K(11361088K), 0.0805740 secs] [Times: user=0.42 sys=0.05, real=0.08 secs] 
115.555: [GC 115.555: [ParNew: 463941K->50777K(471872K), 0.1823740 secs] 1777470K->1379199K(11361088K), 0.1825990 secs] [Times: user=0.91 sys=0.51, real=0.19 secs] 
117.945: [GC 117.945: [ParNew: 470233K->42431K(471872K), 0.0719910 secs] 1798655K->1381744K(11361088K), 0.0722040 secs] [Times: user=0.38 sys=0.08, real=0.08 secs] 
589.178: [GC 589.178: [ParNew: 461887K->45758K(471872K), 0.1143840 secs] 1801200K->1400128K(11361088K), 0.1146250 secs] [Times: user=0.42 sys=0.07, real=0.11 secs] 
1277.041: [GC 1277.041: [ParNew: 465214K->30727K(471872K), 0.0540150 secs] 1819584K->1394060K(11361088K), 0.0542590 secs] [Times: user=0.25 sys=0.04, real=0.06 secs] 
1303.511: [GC 1303.512: [ParNew: 450183K->52416K(471872K), 0.1181540 secs] 1813516K->1427349K(11361088K), 0.1183880 secs] [Times: user=0.56 sys=0.02, real=0.12 secs] 
1322.900: [GC 1322.900: [ParNew: 471872K->52415K(471872K), 0.6097560 secs] 1846805K->1511840K(11361088K), 0.6099810 secs] [Times: user=1.14 sys=0.23, real=0.61 secs] 
1328.505: [GC 1328.505: [ParNew: 471838K->43148K(471872K), 0.1634640 secs] 1931262K->1528086K(11361088K), 0.1636970 secs] [Times: user=0.55 sys=0.09, real=0.16 secs] 
1330.388: [GC 1330.389: [ParNew: 462604K->52355K(471872K), 0.1722020 secs] 1947542K->1558455K(11361088K), 0.1724390 secs] [Times: user=0.40 sys=0.06, real=0.18 secs] 
1340.791: [GC 1340.791: [ParNew: 471811K->52416K(471872K), 0.2646350 secs] 1977911K->1582914K(11361088K), 0.2648490 secs] [Times: user=0.56 sys=0.05, real=0.26 secs] 
1366.100: [GC 1366.101: [ParNew: 471872K->52415K(471872K), 0.2892790 secs] 2002370K->1608856K(11361088K), 0.2895120 secs] [Times: user=0.60 sys=0.09, real=0.29 secs] 
1611.804: [GC 1611.804: [ParNew: 471871K->25332K(471872K), 0.0821120 secs] 2028312K->1592425K(11361088K), 0.0823430 secs] [Times: user=0.31 sys=0.04, real=0.08 secs] 
1660.202: [GC 1660.202: [ParNew: 444788K->51958K(471872K), 0.0684370 secs] 2011881K->1619051K(11361088K), 0.0686820 secs] [Times: user=0.52 sys=0.01, real=0.06 secs] 
1689.448: [GC 1689.448: [ParNew: 471413K->50960K(471872K), 0.2157070 secs] 2038506K->1655585K(11361088K), 0.2159470 secs] [Times: user=0.47 sys=0.10, real=0.21 secs] 
1692.179: [GC 1692.179: [ParNew: 470416K->45097K(471872K), 0.1595050 secs] 2075041K->1649722K(11361088K), 0.1597330 secs] [Times: user=0.48 sys=0.00, real=0.16 secs] 
1710.375: [GC 1710.375: [ParNew: 464553K->52415K(471872K), 0.2786320 secs] 2069178K->1666493K(11361088K), 0.2788580 secs] [Times: user=0.49 sys=0.02, real=0.28 secs] 
1935.623: [GC 1935.623: [ParNew: 471871K->22530K(471872K), 0.0730910 secs] 2085949K->1640144K(11361088K), 0.0733350 secs] [Times: user=0.38 sys=0.02, real=0.07 secs] 
1973.022: [GC 1973.022: [ParNew: 441986K->52415K(471872K), 0.2109600 secs] 2059600K->1690507K(11361088K), 0.2111810 secs] [Times: user=0.61 sys=0.02, real=0.21 secs] 
1980.765: [GC 1980.765: [ParNew: 471871K->52416K(471872K), 0.1614510 secs] 2109963K->1726797K(11361088K), 0.1616960 secs] [Times: user=0.60 sys=0.12, real=0.16 secs] 
2016.749: [GC 2016.749: [ParNew: 471872K->47420K(471872K), 0.1645220 secs] 2146253K->1745718K(11361088K), 0.1647670 secs] [Times: user=0.50 sys=0.06, real=0.16 secs] 
2019.483: [GC 2019.483: [ParNew: 466876K->45081K(471872K), 0.1859670 secs] 2165174K->1755532K(11361088K), 0.1862050 secs] [Times: user=0.39 sys=0.04, real=0.19 secs] 
2037.729: [GC 2037.729: [ParNew: 464537K->52415K(471872K), 0.2955480 secs] 2174988K->1777168K(11361088K), 0.2957800 secs] [Times: user=0.48 sys=0.04, real=0.30 secs] 
2320.865: [GC 2320.865: [ParNew: 471871K->36799K(471872K), 0.1584250 secs] 2196624K->1768150K(11361088K), 0.1586600 secs] [Times: user=0.37 sys=0.02, real=0.16 secs] 
2574.085: [GC 2574.085: [ParNew: 456255K->24666K(471872K), 0.0898530 secs] 2187606K->1763343K(11361088K), 0.0900890 secs] [Times: user=0.35 sys=0.03, real=0.09 secs] 
3175.294: [GC 3175.294: [ParNew: 444107K->25239K(471872K), 0.0724400 secs] 2182785K->1763916K(11361088K), 0.0726860 secs] [Times: user=0.41 sys=0.01, real=0.07 secs] 
3303.575: [GC 3303.575: [ParNew: 444695K->27910K(471872K), 0.0409170 secs] 2183372K->1766588K(11361088K), 0.0411670 secs] [Times: user=0.41 sys=0.00, real=0.05 secs] 
3348.723: [GC 3348.724: [ParNew: 447366K->36864K(471872K), 0.0595840 secs] 2186044K->1775541K(11361088K), 0.0598550 secs] [Times: user=0.47 sys=0.01, real=0.06 secs] 
3399.560: [GC 3399.560: [ParNew: 456320K->27162K(471872K), 0.0453880 secs] 2194997K->1774130K(11361088K), 0.0456440 secs] [Times: user=0.43 sys=0.01, real=0.05 secs] 
3519.334: [GC 3519.334: [ParNew: 446618K->22538K(471872K), 0.0419470 secs] 2193586K->1773208K(11361088K), 0.0421940 secs] [Times: user=0.35 sys=0.02, real=0.04 secs] 
3976.836: [GC 3976.836: [ParNew: 441994K->24319K(471872K), 0.0646820 secs] 2192664K->1780846K(11361088K), 0.0649380 secs] [Times: user=0.36 sys=0.03, real=0.06 secs] 
4198.525: [GC 4198.525: [ParNew: 443775K->15509K(471872K), 0.0555920 secs] 2200302K->1777018K(11361088K), 0.0558340 secs] [Times: user=0.37 sys=0.03, real=0.05 secs] 
4887.131: [GC 4887.131: [ParNew: 434965K->16454K(471872K), 0.0619760 secs] 2196474K->1779575K(11361088K), 0.0622280 secs] [Times: user=0.42 sys=0.01, real=0.07 secs] 
5563.878: [GC 5563.878: [ParNew: 435910K->18374K(471872K), 0.0661340 secs] 2199031K->1782208K(11361088K), 0.0663860 secs] [Times: user=0.41 sys=0.01, real=0.06 secs] 
6166.734: [GC 6166.734: [ParNew: 437830K->23336K(471872K), 0.0807430 secs] 2201664K->1787419K(11361088K), 0.0809690 secs] [Times: user=0.44 sys=0.00, real=0.08 secs] 
6827.301: [GC 6827.301: [ParNew: 442792K->19941K(471872K), 0.0753490 secs] 2206875K->1788380K(11361088K), 0.0756080 secs] [Times: user=0.36 sys=0.02, real=0.08 secs] 
7516.057: [GC 7516.057: [ParNew: 439397K->11479K(471872K), 0.0557800 secs] 2207836K->1780075K(11361088K), 0.0560210 secs] [Times: user=0.39 sys=0.00, real=0.06 secs] 
8200.610: [GC 8200.610: [ParNew: 430935K->11936K(471872K), 0.0582310 secs] 2199531K->1780692K(11361088K), 0.0584750 secs] [Times: user=0.43 sys=0.00, real=0.06 secs] 
8837.826: [GC 8837.827: [ParNew: 431392K->13865K(471872K), 0.0741910 secs] 2200148K->1784051K(11361088K), 0.0744460 secs] [Times: user=0.40 sys=0.00, real=0.08 secs] 
8912.513: [GC 8912.514: [ParNew: 433321K->19450K(471872K), 0.0582300 secs] 2203507K->1789848K(11361088K), 0.0584600 secs] [Times: user=0.42 sys=0.00, real=0.06 secs] 
9080.389: [GC 9080.389: [ParNew: 438906K->23255K(471872K), 0.0482980 secs] 2209304K->1794065K(11361088K), 0.0485580 secs] [Times: user=0.42 sys=0.00, real=0.05 secs] 
9275.233: [GC 9275.233: [ParNew: 442711K->36506K(471872K), 0.0587070 secs] 2213521K->1807630K(11361088K), 0.0589620 secs] [Times: user=0.48 sys=0.01, real=0.05 secs] 
9348.082: [GC 9348.082: [ParNew: 455962K->52416K(471872K), 0.0893620 secs] 2227086K->1837304K(11361088K), 0.0896040 secs] [Times: user=0.59 sys=0.02, real=0.09 secs] 
9496.830: [GC 9496.831: [ParNew: 471872K->44399K(471872K), 0.1942770 secs] 2256760K->1876748K(11361088K), 0.1945100 secs] [Times: user=0.64 sys=0.17, real=0.20 secs] 
9534.060: [GC 9534.060: [ParNew: 463855K->41762K(471872K), 0.0667430 secs] 2296204K->1874111K(11361088K), 0.0669960 secs] [Times: user=0.47 sys=0.00, real=0.06 secs] 
9535.267: [GC 9535.267: [ParNew: 461218K->52416K(471872K), 0.0752350 secs] 2293567K->1902628K(11361088K), 0.0754750 secs] [Times: user=0.44 sys=0.06, real=0.08 secs] 
9546.062: [GC 9546.062: [ParNew: 471872K->45534K(471872K), 0.1614270 secs] 2322084K->1947387K(11361088K), 0.1616640 secs] [Times: user=0.43 sys=0.16, real=0.16 secs] 
9560.659: [GC 9560.659: [ParNew: 464990K->40990K(471872K), 0.0428350 secs] 2366843K->1942843K(11361088K), 0.0430830 secs] [Times: user=0.46 sys=0.01, real=0.05 secs] 
9569.944: [GC 9569.945: [ParNew: 460446K->52415K(471872K), 0.0795070 secs] 2362299K->1968431K(11361088K), 0.0797450 secs] [Times: user=0.38 sys=0.04, real=0.08 secs] 
9573.203: [GC 9573.203: [ParNew: 471871K->52416K(471872K), 0.5096500 secs] 2387887K->2058233K(11361088K), 0.5098850 secs] [Times: user=0.92 sys=0.12, real=0.51 secs] 
9576.450: [GC 9576.450: [ParNew: 471872K->52416K(471872K), 0.7087980 secs] 2477689K->2178960K(11361088K), 0.7090310 secs] [Times: user=1.28 sys=0.22, real=0.71 secs] 
9579.943: [GC 9579.943: [ParNew: 471872K->52416K(471872K), 0.6355030 secs] 2598416K->2290657K(11361088K), 0.6357250 secs] [Times: user=1.20 sys=0.16, real=0.63 secs] 
9583.192: [GC 9583.193: [ParNew: 471872K->52416K(471872K), 0.6096130 secs] 2710113K->2401619K(11361088K), 0.6098490 secs] [Times: user=1.23 sys=0.17, real=0.61 secs] 
9588.138: [GC 9588.138: [ParNew: 471872K->52416K(471872K), 0.4892390 secs] 2821075K->2479691K(11361088K), 0.4895170 secs] [Times: user=1.50 sys=0.20, real=0.49 secs] 
9596.191: [GC 9596.191: [ParNew: 471872K->49745K(471872K), 0.2288460 secs] 2899147K->2521598K(11361088K), 0.2291080 secs] [Times: user=0.73 sys=0.17, real=0.23 secs] 
9597.707: [GC 9597.707: [ParNew: 469201K->17831K(471872K), 0.0412870 secs] 2941054K->2489684K(11361088K), 0.0415570 secs] [Times: user=0.51 sys=0.00, real=0.04 secs] 
9598.995: [GC 9598.995: [ParNew: 437287K->16888K(471872K), 0.0507280 secs] 2909140K->2488740K(11361088K), 0.0509990 secs] [Times: user=0.61 sys=0.00, real=0.05 secs] 
9600.266: [GC 9600.266: [ParNew: 436344K->17627K(471872K), 0.0450290 secs] 2908196K->2489480K(11361088K), 0.0452780 secs] [Times: user=0.54 sys=0.00, real=0.04 secs] 
9601.433: [GC 9601.433: [ParNew: 437083K->15396K(471872K), 0.0446090 secs] 2908936K->2488835K(11361088K), 0.0448370 secs] [Times: user=0.50 sys=0.01, real=0.05 secs] 
9602.600: [GC 9602.601: [ParNew: 434852K->8729K(471872K), 0.0522020 secs] 2908291K->2492276K(11361088K), 0.0524460 secs] [Times: user=0.31 sys=0.04, real=0.05 secs] 
9603.878: [GC 9603.878: [ParNew: 428185K->2674K(471872K), 0.0330840 secs] 2911732K->2486221K(11361088K), 0.0332960 secs] [Times: user=0.34 sys=0.00, real=0.03 secs] 
9605.121: [GC 9605.121: [ParNew: 422130K->1224K(471872K), 0.0345990 secs] 2905677K->2484772K(11361088K), 0.0348170 secs] [Times: user=0.36 sys=0.00, real=0.04 secs] 
9606.381: [GC 9606.381: [ParNew: 420680K->876K(471872K), 0.0347110 secs] 2904228K->2484571K(11361088K), 0.0349310 secs] [Times: user=0.36 sys=0.01, real=0.04 secs] 
9607.642: [GC 9607.642: [ParNew: 420332K->641K(471872K), 0.0364000 secs] 2904027K->2484562K(11361088K), 0.0366200 secs] [Times: user=0.38 sys=0.00, real=0.04 secs] 
9608.892: [GC 9608.892: [ParNew: 420097K->220K(471872K), 0.0330890 secs] 2904018K->2484521K(11361088K), 0.0333100 secs] [Times: user=0.34 sys=0.01, real=0.03 secs] 
9610.161: [GC 9610.161: [ParNew: 419676K->280K(471872K), 0.0394510 secs] 2903977K->2484581K(11361088K), 0.0396900 secs] [Times: user=0.35 sys=0.00, real=0.04 secs] 
9611.460: [GC 9611.460: [ParNew: 419736K->717K(471872K), 0.0360760 secs] 2904037K->2485019K(11361088K), 0.0363160 secs] [Times: user=0.33 sys=0.00, real=0.04 secs] 
9612.601: [GC 9612.601: [ParNew: 420173K->786K(471872K), 0.0349870 secs] 2904475K->2485089K(11361088K), 0.0351930 secs] [Times: user=0.36 sys=0.01, real=0.04 secs] 
9614.016: [GC 9614.016: [ParNew: 420242K->907K(471872K), 0.0339450 secs] 2904545K->2485220K(11361088K), 0.0341500 secs] [Times: user=0.35 sys=0.00, real=0.03 secs] 
9615.252: [GC 9615.252: [ParNew: 420363K->932K(471872K), 0.0352820 secs] 2904676K->2485245K(11361088K), 0.0354730 secs] [Times: user=0.37 sys=0.00, real=0.04 secs] 
9616.490: [GC 9616.490: [ParNew: 420388K->851K(471872K), 0.0354530 secs] 2904701K->2485275K(11361088K), 0.0356920 secs] [Times: user=0.37 sys=0.01, real=0.03 secs] 
9617.726: [GC 9617.726: [ParNew: 420307K->678K(471872K), 0.0352750 secs] 2904731K->2485197K(11361088K), 0.0354720 secs] [Times: user=0.37 sys=0.00, real=0.04 secs] 
9618.947: [GC 9618.947: [ParNew: 420134K->265K(471872K), 0.0379960 secs] 2904653K->2485165K(11361088K), 0.0381880 secs] [Times: user=0.39 sys=0.00, real=0.03 secs] 
9620.190: [GC 9620.190: [ParNew: 419721K->290K(471872K), 0.0372260 secs] 2904621K->2485190K(11361088K), 0.0374360 secs] [Times: user=0.37 sys=0.00, real=0.04 secs] 
9621.228: [GC 9621.228: [ParNew: 419746K->687K(471872K), 0.0357230 secs] 2904646K->2485588K(11361088K), 0.0359020 secs] [Times: user=0.37 sys=0.00, real=0.03 secs] 
9622.563: [GC 9622.564: [ParNew: 420143K->904K(471872K), 0.0349200 secs] 2905044K->2485805K(11361088K), 0.0351460 secs] [Times: user=0.37 sys=0.00, real=0.04 secs] 
9623.816: [GC 9623.816: [ParNew: 420360K->806K(471872K), 0.0344560 secs] 2905261K->2485708K(11361088K), 0.0347040 secs] [Times: user=0.36 sys=0.00, real=0.04 secs] 
9625.249: [GC 9625.249: [ParNew: 420262K->1005K(471872K), 0.0352800 secs] 2905164K->2485907K(11361088K), 0.0354700 secs] [Times: user=0.37 sys=0.00, real=0.03 secs] 
9626.487: [GC 9626.487: [ParNew: 420461K->1000K(471872K), 0.0363660 secs] 2905363K->2486031K(11361088K), 0.0365920 secs] [Times: user=0.38 sys=0.00, real=0.04 secs] 
9629.199: [GC 9629.200: [ParNew: 420456K->52416K(471872K), 0.7592980 secs] 2905487K->2645616K(11361088K), 0.7595340 secs] [Times: user=1.34 sys=0.08, real=0.76 secs] 
9632.348: [GC 9632.348: [ParNew: 471872K->52415K(471872K), 0.9347350 secs] 3065072K->2795181K(11361088K), 0.9349660 secs] [Times: user=1.37 sys=0.23, real=0.93 secs] 
9635.107: [GC 9635.107: [ParNew: 471871K->46806K(471872K), 0.1197670 secs] 3214637K->2790850K(11361088K), 0.1200160 secs] [Times: user=0.67 sys=0.01, real=0.12 secs] 
9636.470: [GC 9636.470: [ParNew: 466262K->5710K(471872K), 0.1253250 secs] 3210306K->2774346K(11361088K), 0.1255590 secs] [Times: user=0.47 sys=0.08, real=0.12 secs] 
9637.861: [GC 9637.861: [ParNew: 425166K->4745K(471872K), 0.0347670 secs] 3193802K->2773382K(11361088K), 0.0349870 secs] [Times: user=0.37 sys=0.00, real=0.03 secs] 
9641.783: [GC 9641.783: [ParNew: 424201K->28203K(471872K), 0.0470890 secs] 3192838K->2796840K(11361088K), 0.0473070 secs] [Times: user=0.57 sys=0.00, real=0.05 secs] 
9647.751: [GC 9647.752: [ParNew: 447659K->23843K(471872K), 0.1243770 secs] 3216296K->2816270K(11361088K), 0.1246180 secs] [Times: user=0.46 sys=0.08, real=0.12 secs] 
9653.377: [GC 9653.377: [ParNew: 443301K->50895K(471872K), 0.1000780 secs] 3235728K->2843322K(11361088K), 0.1003170 secs] [Times: user=0.54 sys=0.01, real=0.10 secs] 
9659.163: [GC 9659.163: [ParNew: 470351K->42653K(471872K), 0.1082330 secs] 3262778K->2852736K(11361088K), 0.1084920 secs] [Times: user=0.39 sys=0.04, real=0.11 secs] 
9666.131: [GC 9666.131: [ParNew: 462109K->52415K(471872K), 0.1232300 secs] 3272192K->2864619K(11361088K), 0.1234620 secs] [Times: user=0.54 sys=0.01, real=0.12 secs] 
9669.501: [GC 9669.501: [ParNew: 471871K->52415K(471872K), 0.7517720 secs] 3284075K->2985404K(11361088K), 0.7520380 secs] [Times: user=1.46 sys=0.13, real=0.76 secs] 
9673.584: [GC 9673.584: [ParNew: 471871K->52416K(471872K), 0.7397330 secs] 3404860K->3067458K(11361088K), 0.7399400 secs] [Times: user=2.02 sys=0.06, real=0.74 secs] 
9677.199: [GC 9677.199: [ParNew: 471872K->52416K(471872K), 0.1554230 secs] 3486914K->3081551K(11361088K), 0.1556600 secs] [Times: user=1.03 sys=0.02, real=0.16 secs] 
9680.354: [GC 9680.355: [ParNew: 471872K->52416K(471872K), 0.2928060 secs] 3501007K->3137949K(11361088K), 0.2930510 secs] [Times: user=1.19 sys=0.22, real=0.29 secs] 
9681.416: [GC 9681.417: [ParNew: 471853K->52416K(471872K), 0.2608310 secs] 3557386K->3188513K(11361088K), 0.2610650 secs] [Times: user=0.66 sys=0.17, real=0.26 secs] 
9682.110: [GC 9682.110: [ParNew: 471860K->29760K(471872K), 0.0628780 secs] 3607958K->3165858K(11361088K), 0.0631120 secs] [Times: user=0.44 sys=0.00, real=0.06 secs] 
9682.626: [GC 9682.626: [ParNew: 449216K->26837K(471872K), 0.0656890 secs] 3585314K->3162934K(11361088K), 0.0659340 secs] [Times: user=0.45 sys=0.00, real=0.06 secs] 
9683.101: [GC 9683.101: [ParNew: 446263K->28071K(471872K), 0.0638700 secs] 3582360K->3164168K(11361088K), 0.0641410 secs] [Times: user=0.43 sys=0.01, real=0.07 secs] 
9683.567: [GC 9683.567: [ParNew: 447504K->22264K(471872K), 0.0636130 secs] 3583602K->3167114K(11361088K), 0.0638570 secs] [Times: user=0.32 sys=0.03, real=0.06 secs] 
9685.191: [GC 9685.191: [ParNew: 441720K->11537K(471872K), 0.0540930 secs] 3586570K->3156640K(11361088K), 0.0543180 secs] [Times: user=0.41 sys=0.00, real=0.06 secs] 
9885.622: [GC 9885.622: [ParNew: 430993K->52416K(471872K), 0.1040280 secs] 3576096K->3200882K(11361088K), 0.1042860 secs] [Times: user=0.66 sys=0.01, real=0.11 secs] 
10006.393: [GC 10006.393: [ParNew: 471872K->40817K(471872K), 0.1968380 secs] 3620338K->3231353K(11361088K), 0.1970890 secs] [Times: user=0.63 sys=0.15, real=0.20 secs] 
10028.355: [GC 10028.355: [ParNew: 460273K->45479K(471872K), 0.0982810 secs] 3650809K->3236015K(11361088K), 0.0985360 secs] [Times: user=0.54 sys=0.01, real=0.10 secs] 
10029.470: [GC 10029.470: [ParNew: 464935K->33737K(471872K), 0.1253010 secs] 3655471K->3251366K(11361088K), 0.1255570 secs] [Times: user=0.55 sys=0.09, real=0.12 secs] 
10030.294: [GC 10030.294: [ParNew: 453193K->45173K(471872K), 0.0456460 secs] 3670822K->3262802K(11361088K), 0.0458800 secs] [Times: user=0.51 sys=0.00, real=0.05 secs] 
10031.010: [GC 10031.010: [ParNew: 464629K->50112K(471872K), 0.1119380 secs] 3682258K->3287943K(11361088K), 0.1121760 secs] [Times: user=0.55 sys=0.06, real=0.11 secs] 
10033.078: [GC 10033.079: [ParNew: 463286K->52416K(471872K), 0.1839250 secs] 3701117K->3324026K(11361088K), 0.1841710 secs] [Times: user=0.86 sys=0.12, real=0.18 secs] 
10267.906: [GC 10267.907: [ParNew: 471872K->52416K(471872K), 0.2847720 secs] 3743482K->3367761K(11361088K), 0.2850000 secs] [Times: user=0.76 sys=0.13, real=0.29 secs] 
10936.908: [GC 10936.908: [ParNew: 471872K->30148K(471872K), 0.0630530 secs] 3787217K->3345494K(11361088K), 0.0633090 secs] [Times: user=0.51 sys=0.01, real=0.06 secs] 
11571.634: [GC 11571.634: [ParNew: 449604K->33512K(471872K), 0.0815180 secs] 3764950K->3348858K(11361088K), 0.0817570 secs] [Times: user=0.55 sys=0.01, real=0.08 secs] 
12239.298: [GC 12239.298: [ParNew: 452968K->21236K(471872K), 0.0907880 secs] 3768314K->3352350K(11361088K), 0.0910380 secs] [Times: user=0.38 sys=0.05, real=0.09 secs] 
12938.382: [GC 12938.382: [ParNew: 440692K->11585K(471872K), 0.0583960 secs] 3771806K->3342699K(11361088K), 0.0586330 secs] [Times: user=0.42 sys=0.00, real=0.06 secs] 
13626.891: [GC 13626.891: [ParNew: 431041K->10250K(471872K), 0.0592030 secs] 3762155K->3341487K(11361088K), 0.0594650 secs] [Times: user=0.43 sys=0.01, real=0.06 secs] 
13777.143: [GC 13777.143: [ParNew: 429706K->21872K(471872K), 0.0529900 secs] 3760943K->3354347K(11361088K), 0.0532430 secs] [Times: user=0.48 sys=0.00, real=0.05 secs] 
14127.010: [GC 14127.011: [ParNew: 441328K->32002K(471872K), 0.0869530 secs] 3773803K->3364692K(11361088K), 0.0872150 secs] [Times: user=0.48 sys=0.01, real=0.09 secs] 
14212.852: [GC 14212.852: [ParNew: 451458K->29608K(471872K), 0.0706930 secs] 3784148K->3362369K(11361088K), 0.0709560 secs] [Times: user=0.47 sys=0.01, real=0.07 secs] 
14508.921: [GC 14508.921: [ParNew: 449064K->24537K(471872K), 0.0410400 secs] 3781825K->3357718K(11361088K), 0.0412810 secs] [Times: user=0.42 sys=0.00, real=0.04 secs] 
14509.592: [GC 14509.592: [ParNew: 443993K->19092K(471872K), 0.0462160 secs] 3777174K->3357940K(11361088K), 0.0464480 secs] [Times: user=0.38 sys=0.03, real=0.05 secs] 
15079.275: [GC 15079.276: [ParNew: 438548K->16087K(471872K), 0.0632980 secs] 3777396K->3359552K(11361088K), 0.0635670 secs] [Times: user=0.34 sys=0.01, real=0.06 secs] 
15504.866: [GC 15504.867: [ParNew: 435543K->24825K(471872K), 0.0877020 secs] 3779008K->3370993K(11361088K), 0.0879620 secs] [Times: user=0.68 sys=0.01, real=0.09 secs] 
15533.261: [GC 15533.261: [ParNew: 444281K->19591K(471872K), 0.0570810 secs] 3790449K->3366324K(11361088K), 0.0573620 secs] [Times: user=0.44 sys=0.00, real=0.05 secs] 
15551.227: [GC 15551.227: [ParNew: 439047K->25755K(471872K), 0.0779470 secs] 3785780K->3372490K(11361088K), 0.0781910 secs] [Times: user=0.48 sys=0.00, real=0.08 secs] 
15574.447: [GC 15574.447: [ParNew: 445211K->51833K(471872K), 0.0522730 secs] 3791946K->3398751K(11361088K), 0.0525370 secs] [Times: user=0.53 sys=0.00, real=0.05 secs] 
15643.310: [GC 15643.311: [ParNew: 471289K->48444K(471872K), 0.2230030 secs] 3818207K->3437006K(11361088K), 0.2232540 secs] [Times: user=0.60 sys=0.13, real=0.23 secs] 
15901.408: [GC 15901.408: [ParNew: 467900K->32051K(471872K), 0.1089370 secs] 3856462K->3420613K(11361088K), 0.1091790 secs] [Times: user=0.51 sys=0.00, real=0.10 secs] 
16358.045: [GC 16358.045: [ParNew: 451507K->21885K(471872K), 0.0618920 secs] 3840069K->3415196K(11361088K), 0.0621500 secs] [Times: user=0.38 sys=0.01, real=0.07 secs] 
16383.614: [GC 16383.614: [ParNew: 441341K->43511K(471872K), 0.1470000 secs] 3834652K->3436823K(11361088K), 0.1472280 secs] [Times: user=1.12 sys=0.00, real=0.15 secs] 
16435.468: [GC 16435.468: [ParNew: 462967K->26719K(471872K), 0.0910000 secs] 3856279K->3435955K(11361088K), 0.0912520 secs] [Times: user=0.34 sys=0.06, real=0.09 secs] 
16470.652: [GC 16470.652: [ParNew: 446175K->35993K(471872K), 0.0507270 secs] 3855411K->3445229K(11361088K), 0.0509800 secs] [Times: user=0.52 sys=0.00, real=0.05 secs] 
16512.950: [GC 16512.950: [ParNew: 455449K->40140K(471872K), 0.1630240 secs] 3864685K->3476919K(11361088K), 0.1632670 secs] [Times: user=0.56 sys=0.09, real=0.16 secs] 
16532.625: [GC 16532.625: [ParNew: 459596K->29622K(471872K), 0.1104740 secs] 3896375K->3484859K(11361088K), 0.1107270 secs] [Times: user=0.39 sys=0.07, real=0.11 secs] 
16557.209: [GC 16557.209: [ParNew: 449078K->52416K(471872K), 0.0541000 secs] 3904315K->3511801K(11361088K), 0.0543340 secs] [Times: user=0.49 sys=0.02, real=0.05 secs] 
16598.255: [GC 16598.255: [ParNew: 471801K->41591K(471872K), 0.1980600 secs] 3931186K->3551528K(11361088K), 0.1983060 secs] [Times: user=0.62 sys=0.17, real=0.20 secs] 
16617.953: [GC 16617.953: [ParNew: 461047K->52416K(471872K), 0.2317410 secs] 3970984K->3598941K(11361088K), 0.2319770 secs] [Times: user=0.90 sys=0.09, real=0.23 secs] 
16642.581: [GC 16642.581: [ParNew: 471872K->52416K(471872K), 0.3558670 secs] 4018397K->3664095K(11361088K), 0.3561120 secs] [Times: user=0.80 sys=0.18, real=0.36 secs] 
16752.259: [GC 16752.259: [ParNew: 471872K->20870K(471872K), 0.0488280 secs] 4083551K->3632550K(11361088K), 0.0490870 secs] [Times: user=0.46 sys=0.00, real=0.05 secs] 
16855.816: [GC 16855.816: [ParNew: 440326K->28914K(471872K), 0.0690810 secs] 4052006K->3640594K(11361088K), 0.0693430 secs] [Times: user=0.49 sys=0.01, real=0.07 secs] 
16879.215: [GC 16879.215: [ParNew: 448370K->51831K(471872K), 0.0546520 secs] 4060050K->3663511K(11361088K), 0.0548870 secs] [Times: user=0.57 sys=0.00, real=0.06 secs] 
16902.046: [GC 16902.046: [ParNew: 471287K->37774K(471872K), 0.1577410 secs] 4082967K->3690762K(11361088K), 0.1579890 secs] [Times: user=0.62 sys=0.12, real=0.16 secs] 
16945.950: [GC 16945.951: [ParNew: 457230K->52416K(471872K), 0.0595220 secs] 4110218K->3708967K(11361088K), 0.0597710 secs] [Times: user=0.53 sys=0.01, real=0.06 secs] 
16959.508: [GC 16959.508: [ParNew: 471826K->52416K(471872K), 0.3203420 secs] 4128378K->3782160K(11361088K), 0.3205760 secs] [Times: user=1.12 sys=0.20, real=0.32 secs] 
16976.866: [GC 16976.866: [ParNew: 471872K->52416K(471872K), 0.2887220 secs] 4201616K->3840952K(11361088K), 0.2889720 secs] [Times: user=0.78 sys=0.15, real=0.29 secs] 
16999.967: [GC 16999.967: [ParNew: 471872K->37491K(471872K), 0.1197370 secs] 4260408K->3826028K(11361088K), 0.1199800 secs] [Times: user=0.56 sys=0.01, real=0.12 secs] 
17018.144: [GC 17018.144: [ParNew: 456947K->45624K(471872K), 0.0769240 secs] 4245484K->3842364K(11361088K), 0.0771720 secs] [Times: user=0.42 sys=0.03, real=0.07 secs] 
17074.581: [GC 17074.581: [ParNew: 465080K->38182K(471872K), 0.1504290 secs] 4261820K->3865353K(11361088K), 0.1507330 secs] [Times: user=0.52 sys=0.10, real=0.15 secs] 
17125.793: [GC 17125.793: [ParNew: 457638K->38645K(471872K), 0.1288410 secs] 4284809K->3865817K(11361088K), 0.1290910 secs] [Times: user=0.56 sys=0.01, real=0.13 secs] 
17306.889: [GC 17306.889: [ParNew: 458101K->27534K(471872K), 0.1237550 secs] 4285273K->3867006K(11361088K), 0.1240190 secs] [Times: user=0.38 sys=0.03, real=0.13 secs] 
17400.637: [GC 17400.637: [ParNew: 446990K->15318K(471872K), 0.0727710 secs] 4286462K->3854791K(11361088K), 0.0730100 secs] [Times: user=0.49 sys=0.01, real=0.07 secs] 
17419.253: [GC 17419.254: [ParNew: 434774K->31029K(471872K), 0.1989740 secs] 4274247K->3870502K(11361088K), 0.1992270 secs] [Times: user=2.28 sys=0.00, real=0.20 secs] 
17447.918: [GC 17447.918: [ParNew: 450485K->26382K(471872K), 0.0817900 secs] 4289958K->3870688K(11361088K), 0.0820320 secs] [Times: user=0.47 sys=0.02, real=0.08 secs] 
17512.821: [GC 17512.821: [ParNew: 445838K->26034K(471872K), 0.0730020 secs] 4290144K->3870340K(11361088K), 0.0732500 secs] [Times: user=0.50 sys=0.01, real=0.08 secs] 
17540.875: [GC 17540.875: [ParNew: 445490K->52416K(471872K), 0.0955200 secs] 4289796K->3900601K(11361088K), 0.0957720 secs] [Times: user=0.60 sys=0.01, real=0.09 secs] 
17571.575: [GC 17571.575: [ParNew: 471854K->42791K(471872K), 0.1932450 secs] 4320040K->3929583K(11361088K), 0.1934820 secs] [Times: user=0.59 sys=0.13, real=0.20 secs] 
17585.194: [GC 17585.194: [ParNew: 462247K->28533K(471872K), 0.0626390 secs] 4349039K->3915325K(11361088K), 0.0628790 secs] [Times: user=0.52 sys=0.00, real=0.06 secs] 
17630.914: [GC 17630.914: [ParNew: 447989K->35528K(471872K), 0.0908280 secs] 4334781K->3922320K(11361088K), 0.0910830 secs] [Times: user=0.52 sys=0.01, real=0.09 secs] 
17668.275: [GC 17668.275: [ParNew: 454984K->48311K(471872K), 0.0629370 secs] 4341776K->3940261K(11361088K), 0.0631730 secs] [Times: user=0.56 sys=0.02, real=0.07 secs] 
17691.201: [GC 17691.201: [ParNew: 467767K->52416K(471872K), 0.2031970 secs] 4359717K->3983873K(11361088K), 0.2034390 secs] [Times: user=0.92 sys=0.13, real=0.20 secs] 
17706.993: [GC 17706.993: [ParNew: 471872K->52416K(471872K), 0.3323140 secs] 4403329K->4043503K(11361088K), 0.3325490 secs] [Times: user=1.01 sys=0.14, real=0.33 secs] 
17761.549: [GC 17761.549: [ParNew: 471872K->52415K(471872K), 0.3471820 secs] 4462959K->4109014K(11361088K), 0.3474260 secs] [Times: user=0.79 sys=0.15, real=0.34 secs] 
17802.247: [GC 17802.247: [ParNew: 471871K->15490K(471872K), 0.0494130 secs] 4528470K->4072089K(11361088K), 0.0496530 secs] [Times: user=0.43 sys=0.00, real=0.05 secs] 
17842.124: [GC 17842.124: [ParNew: 434946K->21343K(471872K), 0.0777570 secs] 4491545K->4077942K(11361088K), 0.0780100 secs] [Times: user=0.48 sys=0.00, real=0.08 secs] 
17876.873: [GC 17876.873: [ParNew: 440799K->19155K(471872K), 0.0521310 secs] 4497398K->4075753K(11361088K), 0.0524020 secs] [Times: user=0.46 sys=0.00, real=0.05 secs] 
17884.271: [GC 17884.272: [ParNew: 438611K->52415K(471872K), 0.1820010 secs] 4495209K->4120935K(11361088K), 0.1822490 secs] [Times: user=0.69 sys=0.01, real=0.18 secs] 
17906.911: [GC 17906.911: [ParNew: 471871K->52220K(471872K), 0.1577550 secs] 4540391K->4158910K(11361088K), 0.1580120 secs] [Times: user=0.70 sys=0.10, real=0.16 secs] 
17917.249: [GC 17917.249: [ParNew: 471676K->52416K(471872K), 0.1377440 secs] 4578366K->4189049K(11361088K), 0.1379800 secs] [Times: user=0.66 sys=0.08, real=0.14 secs] 
17938.099: [GC 17938.099: [ParNew: 471872K->35671K(471872K), 0.1402400 secs] 4608505K->4204573K(11361088K), 0.1405020 secs] [Times: user=0.53 sys=0.11, real=0.14 secs] 
17956.876: [GC 17956.877: [ParNew: 455127K->31454K(471872K), 0.0623800 secs] 4624029K->4200356K(11361088K), 0.0626410 secs] [Times: user=0.56 sys=0.01, real=0.07 secs] 
17957.629: [GC 17957.629: [ParNew: 450910K->52416K(471872K), 0.0509310 secs] 4619812K->4221317K(11361088K), 0.0511790 secs] [Times: user=0.61 sys=0.00, real=0.05 secs] 
17958.364: [GC 17958.364: [ParNew: 471872K->52416K(471872K), 0.1120930 secs] 4640773K->4244485K(11361088K), 0.1123330 secs] [Times: user=0.63 sys=0.09, real=0.11 secs] 
17959.269: [GC 17959.269: [ParNew: 471872K->52416K(471872K), 0.1141610 secs] 4663941K->4264278K(11361088K), 0.1144180 secs] [Times: user=0.57 sys=0.08, real=0.11 secs] 
17977.177: [GC 17977.177: [ParNew: 471872K->52416K(471872K), 0.2319050 secs] 4683734K->4295982K(11361088K), 0.2321600 secs] [Times: user=0.74 sys=0.08, real=0.24 secs] 
17995.464: [GC 17995.464: [ParNew: 471872K->52415K(471872K), 0.1993830 secs] 4715438K->4320509K(11361088K), 0.1996580 secs] [Times: user=0.64 sys=0.05, real=0.20 secs] 
18025.240: [GC 18025.240: [ParNew: 471871K->41822K(471872K), 0.1871280 secs] 4739965K->4332208K(11361088K), 0.1873830 secs] [Times: user=0.86 sys=0.10, real=0.19 secs] 
18051.794: [GC 18051.794: [ParNew: 461278K->33421K(471872K), 0.0602860 secs] 4751664K->4323808K(11361088K), 0.0604880 secs] [Times: user=0.48 sys=0.00, real=0.06 secs] 
18082.078: [GC 18082.078: [ParNew: 452877K->50146K(471872K), 0.0995280 secs] 4743264K->4340533K(11361088K), 0.0998080 secs] [Times: user=0.64 sys=0.00, real=0.10 secs] 
18102.675: [GC 18102.675: [ParNew: 469602K->52416K(471872K), 0.1517810 secs] 4759989K->4371077K(11361088K), 0.1520350 secs] [Times: user=0.56 sys=0.09, real=0.15 secs] 
18131.058: [GC 18131.058: [ParNew: 471872K->49827K(471872K), 0.1196300 secs] 4790533K->4395410K(11361088K), 0.1198790 secs] [Times: user=0.58 sys=0.09, real=0.12 secs] 
18164.489: [GC 18164.489: [ParNew: 469283K->36661K(471872K), 0.1433830 secs] 4814866K->4410852K(11361088K), 0.1436200 secs] [Times: user=0.50 sys=0.09, real=0.14 secs] 
18181.788: [GC 18181.788: [ParNew: 456117K->43854K(471872K), 0.0684810 secs] 4830308K->4418045K(11361088K), 0.0687350 secs] [Times: user=0.63 sys=0.00, real=0.07 secs] 
18189.173: [GC 18189.173: [ParNew: 463310K->50338K(471872K), 0.1520010 secs] 4837501K->4454004K(11361088K), 0.1522600 secs] [Times: user=0.61 sys=0.09, real=0.15 secs] 
18200.573: [GC 18200.573: [ParNew: 469794K->48725K(471872K), 0.1292770 secs] 4873460K->4478128K(11361088K), 0.1295560 secs] [Times: user=0.59 sys=0.07, real=0.13 secs] 
18233.793: [GC 18233.793: [ParNew: 468181K->33756K(471872K), 0.1542860 secs] 4897584K->4493175K(11361088K), 0.1545290 secs] [Times: user=0.52 sys=0.10, real=0.16 secs] 
18252.129: [GC 18252.130: [ParNew: 453212K->52416K(471872K), 0.0759740 secs] 4912631K->4516918K(11361088K), 0.0762230 secs] [Times: user=0.61 sys=0.01, real=0.08 secs] 
18259.695: [GC 18259.695: [ParNew: 471872K->43377K(471872K), 0.1984310 secs] 4936374K->4556601K(11361088K), 0.1986840 secs] [Times: user=0.61 sys=0.15, real=0.20 secs] 
18277.592: [GC 18277.592: [ParNew: 462833K->40643K(471872K), 0.0512090 secs] 4976057K->4553867K(11361088K), 0.0514480 secs] [Times: user=0.54 sys=0.00, real=0.05 secs] 
18280.025: [GC 18280.026: [ParNew: 460099K->37901K(471872K), 0.1540340 secs] 4973323K->4584409K(11361088K), 0.1542920 secs] [Times: user=0.60 sys=0.10, real=0.16 secs] 
18280.961: [GC 18280.961: [ParNew: 457357K->46212K(471872K), 0.0515260 secs] 5003865K->4592720K(11361088K), 0.0517440 secs] [Times: user=0.60 sys=0.01, real=0.05 secs] 
18281.655: [GC 18281.655: [ParNew: 465668K->52416K(471872K), 0.1089190 secs] 5012176K->4618423K(11361088K), 0.1091460 secs] [Times: user=0.63 sys=0.05, real=0.11 secs] 
18282.378: [GC 18282.378: [ParNew: 471872K->52416K(471872K), 0.1177680 secs] 5037879K->4637930K(11361088K), 0.1179860 secs] [Times: user=0.56 sys=0.06, real=0.12 secs] 
18285.436: [GC 18285.436: [ParNew: 471872K->52416K(471872K), 0.2290140 secs] 5057386K->4669743K(11361088K), 0.2292440 secs] [Times: user=0.79 sys=0.07, real=0.23 secs] 
18311.145: [GC 18311.145: [ParNew: 471872K->52416K(471872K), 0.3433720 secs] 5089199K->4720938K(11361088K), 0.3436280 secs] [Times: user=0.87 sys=0.20, real=0.34 secs] 
18338.510: [GC 18338.510: [ParNew: 471872K->52416K(471872K), 0.0770920 secs] 5140394K->4728983K(11361088K), 0.0773400 secs] [Times: user=0.56 sys=0.02, real=0.08 secs] 
18354.466: [GC 18354.466: [ParNew: 471872K->52416K(471872K), 0.2339350 secs] 5148439K->4786826K(11361088K), 0.2341950 secs] [Times: user=0.94 sys=0.17, real=0.24 secs] 
18358.385: [GC 18358.385: [ParNew: 471872K->52415K(471872K), 0.2277910 secs] 5206282K->4832332K(11361088K), 0.2280280 secs] [Times: user=0.70 sys=0.13, real=0.23 secs] 
18384.666: [GC 18384.667: [ParNew: 471871K->26223K(471872K), 0.0928590 secs] 5251788K->4806139K(11361088K), 0.0931010 secs] [Times: user=0.55 sys=0.00, real=0.10 secs] 
18394.407: [GC 18394.407: [ParNew: 445679K->37396K(471872K), 0.0520880 secs] 5225595K->4817312K(11361088K), 0.0523260 secs] [Times: user=0.55 sys=0.01, real=0.05 secs] 
18410.978: [GC 18410.978: [ParNew: 456852K->45644K(471872K), 0.1321630 secs] 5236768K->4856067K(11361088K), 0.1324020 secs] [Times: user=0.56 sys=0.12, real=0.13 secs] 
18423.716: [GC 18423.716: [ParNew: 465100K->42535K(471872K), 0.1184860 secs] 5275523K->4878681K(11361088K), 0.1187450 secs] [Times: user=0.56 sys=0.08, real=0.12 secs] 
18441.358: [GC 18441.358: [ParNew: 461711K->41247K(471872K), 0.1168040 secs] 5297858K->4903207K(11361088K), 0.1170620 secs] [Times: user=0.55 sys=0.09, real=0.12 secs] 
18462.199: [GC 18462.199: [ParNew: 460703K->42253K(471872K), 0.1347580 secs] 5322663K->4929753K(11361088K), 0.1350240 secs] [Times: user=0.51 sys=0.08, real=0.13 secs] 
18463.135: [GC 18463.135: [ParNew: 461709K->44963K(471872K), 0.0482030 secs] 5349209K->4932464K(11361088K), 0.0484140 secs] [Times: user=0.55 sys=0.00, real=0.05 secs] 
18463.956: [GC 18463.956: [ParNew: 464419K->52416K(471872K), 0.0957960 secs] 5351920K->4956867K(11361088K), 0.0960290 secs] [Times: user=0.62 sys=0.07, real=0.10 secs] 
18464.689: [GC 18464.689: [ParNew: 471872K->52416K(471872K), 0.1279110 secs] 5376323K->4979182K(11361088K), 0.1281490 secs] [Times: user=0.60 sys=0.07, real=0.12 secs] 
18465.968: [GC 18465.968: [ParNew: 471872K->52416K(471872K), 0.2501990 secs] 5398638K->5017147K(11361088K), 0.2504300 secs] [Times: user=0.96 sys=0.11, real=0.25 secs] 
18480.100: [GC 18480.100: [ParNew: 471872K->52416K(471872K), 0.2547850 secs] 5436603K->5059865K(11361088K), 0.2550230 secs] [Times: user=0.84 sys=0.18, real=0.25 secs] 
18506.679: [GC 18506.680: [ParNew: 471872K->50961K(471872K), 0.0708360 secs] 5479321K->5058411K(11361088K), 0.0711040 secs] [Times: user=0.56 sys=0.00, real=0.07 secs] 
18521.607: [GC 18521.607: [ParNew: 470417K->52416K(471872K), 0.1310790 secs] 5477867K->5088513K(11361088K), 0.1313140 secs] [Times: user=0.71 sys=0.08, real=0.13 secs] 
18529.670: [GC 18529.670: [ParNew: 471872K->52416K(471872K), 0.3236340 secs] 5507969K->5150368K(11361088K), 0.3238970 secs] [Times: user=0.82 sys=0.16, real=0.32 secs] 
18546.565: [GC 18546.565: [ParNew: 471872K->52416K(471872K), 0.1930480 secs] 5569824K->5182319K(11361088K), 0.1933290 secs] [Times: user=1.03 sys=0.09, real=0.20 secs] 
18564.631: [GC 18564.631: [ParNew: 471872K->52416K(471872K), 0.2379380 secs] 5601775K->5232595K(11361088K), 0.2382050 secs] [Times: user=0.87 sys=0.16, real=0.24 secs] 
18573.711: [GC 18573.712: [ParNew: 471872K->49986K(471872K), 0.1698180 secs] 5652051K->5264682K(11361088K), 0.1700750 secs] [Times: user=0.61 sys=0.11, real=0.17 secs] 
18575.312: [GC 18575.313: [ParNew: 469442K->33070K(471872K), 0.1142290 secs] 5684138K->5269490K(11361088K), 0.1144820 secs] [Times: user=0.64 sys=0.09, real=0.11 secs] 
18576.103: [GC 18576.103: [ParNew: 452526K->51027K(471872K), 0.0499920 secs] 5688946K->5287446K(11361088K), 0.0502390 secs] [Times: user=0.59 sys=0.00, real=0.05 secs] 
18576.820: [GC 18576.820: [ParNew: 470483K->52416K(471872K), 0.1101340 secs] 5706902K->5308166K(11361088K), 0.1103800 secs] [Times: user=0.65 sys=0.09, real=0.11 secs] 
18577.591: [GC 18577.591: [ParNew: 471872K->52416K(471872K), 0.1591460 secs] 5727622K->5329231K(11361088K), 0.1594560 secs] [Times: user=0.60 sys=0.04, real=0.16 secs] 
18586.076: [GC 18586.076: [ParNew: 471872K->52416K(471872K), 0.2299900 secs] 5748687K->5361025K(11361088K), 0.2302420 secs] [Times: user=0.81 sys=0.09, real=0.23 secs] 
18628.744: [GC 18628.744: [ParNew: 471872K->52415K(471872K), 0.2798790 secs] 5780481K->5407623K(11361088K), 0.2801300 secs] [Times: user=0.89 sys=0.17, real=0.28 secs] 
18630.045: [GC 18630.045: [ParNew: 471871K->40959K(471872K), 0.0495680 secs] 5827079K->5396167K(11361088K), 0.0497830 secs] [Times: user=0.60 sys=0.00, real=0.05 secs] 
18630.787: [GC 18630.787: [ParNew: 460415K->52416K(471872K), 0.0945320 secs] 5815623K->5422327K(11361088K), 0.0947770 secs] [Times: user=0.55 sys=0.05, real=0.09 secs] 
18631.542: [GC 18631.542: [ParNew: 471872K->52416K(471872K), 0.1179350 secs] 5841783K->5441845K(11361088K), 0.1181870 secs] [Times: user=0.66 sys=0.08, real=0.12 secs] 
18632.336: [GC 18632.336: [ParNew: 471872K->52416K(471872K), 0.1344380 secs] 5861301K->5462859K(11361088K), 0.1346820 secs] [Times: user=0.57 sys=0.07, real=0.13 secs] 
18651.218: [GC 18651.218: [ParNew: 471872K->52416K(471872K), 0.2590040 secs] 5882315K->5498197K(11361088K), 0.2592580 secs] [Times: user=0.82 sys=0.08, real=0.26 secs] 
18651.478: [GC [1 CMS-initial-mark: 5445781K(10889216K)] 5499143K(11361088K), 0.1024400 secs] [Times: user=0.09 sys=0.01, real=0.10 secs] 
18651.581: [CMS-concurrent-mark-start]
18653.394: [CMS-concurrent-mark: 1.812/1.814 secs] [Times: user=7.82 sys=0.18, real=1.81 secs] 
18653.394: [CMS-concurrent-preclean-start]
18653.443: [CMS-concurrent-preclean: 0.048/0.048 secs] [Times: user=0.04 sys=0.00, real=0.05 secs] 
18653.443: [CMS-concurrent-abortable-preclean-start]
 CMS: abort preclean due to time 18658.481: [CMS-concurrent-abortable-preclean: 2.998/5.038 secs] [Times: user=3.25 sys=0.05, real=5.04 secs] 
18658.483: [GC[YG occupancy: 221596 K (471872 K)]18658.483: [Rescan (parallel) , 0.1936650 secs]18658.677: [weak refs processing, 0.2016280 secs]18658.879: [class unloading, 0.1159940 secs]18658.995: [scrub symbol & string tables, 0.1014850 secs] [1 CMS-remark: 5445781K(10889216K)] 5667377K(11361088K), 0.7334280 secs] [Times: user=2.78 sys=0.02, real=0.74 secs] 
18659.217: [CMS-concurrent-sweep-start]
18664.822: [CMS-concurrent-sweep: 5.246/5.605 secs] [Times: user=7.56 sys=0.61, real=5.60 secs] 
18664.823: [CMS-concurrent-reset-start]
18664.964: [CMS-concurrent-reset: 0.142/0.142 secs] [Times: user=0.04 sys=0.10, real=0.14 secs] 
18690.425: [GC 18690.426: [ParNew: 471872K->52416K(471872K), 0.0971330 secs] 3023307K->2625752K(11361088K), 0.0974060 secs] [Times: user=0.85 sys=0.01, real=0.10 secs] 
18730.437: [GC 18730.438: [ParNew: 471872K->52416K(471872K), 0.1682320 secs] 3045208K->2657076K(11361088K), 0.1685100 secs] [Times: user=0.93 sys=0.05, real=0.17 secs] 
18745.402: [GC 18745.402: [ParNew: 471872K->52416K(471872K), 0.1037220 secs] 3076532K->2688613K(11361088K), 0.1039750 secs] [Times: user=0.81 sys=0.02, real=0.11 secs] 
18753.613: [GC 18753.613: [ParNew: 471852K->52415K(471872K), 0.1283350 secs] 3108050K->2737524K(11361088K), 0.1285660 secs] [Times: user=0.67 sys=0.04, real=0.13 secs] 
18784.101: [GC 18784.101: [ParNew: 471871K->38233K(471872K), 0.0968770 secs] 3156980K->2723341K(11361088K), 0.0971040 secs] [Times: user=0.57 sys=0.00, real=0.09 secs] 
18796.279: [GC 18796.279: [ParNew: 457689K->47893K(471872K), 0.0682430 secs] 3142797K->2738699K(11361088K), 0.0684870 secs] [Times: user=0.58 sys=0.01, real=0.07 secs] 
18810.378: [GC 18810.378: [ParNew: 467349K->38864K(471872K), 0.0927490 secs] 3158155K->2763397K(11361088K), 0.0929880 secs] [Times: user=0.65 sys=0.02, real=0.10 secs] 
18819.600: [GC 18819.600: [ParNew: 458320K->37295K(471872K), 0.0904080 secs] 3182853K->2786771K(11361088K), 0.0906670 secs] [Times: user=0.54 sys=0.02, real=0.09 secs] 
18820.483: [GC 18820.483: [ParNew: 456751K->46896K(471872K), 0.0480650 secs] 3206227K->2796373K(11361088K), 0.0483130 secs] [Times: user=0.59 sys=0.00, real=0.04 secs] 
18821.194: [GC 18821.195: [ParNew: 466352K->52416K(471872K), 0.0713510 secs] 3215829K->2820883K(11361088K), 0.0716110 secs] [Times: user=0.61 sys=0.01, real=0.07 secs] 
18821.934: [GC 18821.934: [ParNew: 471872K->52416K(471872K), 0.0744950 secs] 3240339K->2842023K(11361088K), 0.0747430 secs] [Times: user=0.64 sys=0.02, real=0.07 secs] 
18823.575: [GC 18823.575: [ParNew: 471872K->52416K(471872K), 0.1378880 secs] 3261479K->2873179K(11361088K), 0.1381010 secs] [Times: user=0.77 sys=0.01, real=0.14 secs] 
18833.382: [GC 18833.382: [ParNew: 471872K->52416K(471872K), 0.1659650 secs] 3292635K->2927604K(11361088K), 0.1661860 secs] [Times: user=0.93 sys=0.09, real=0.17 secs] 
18847.252: [GC 18847.252: [ParNew: 471872K->35332K(471872K), 0.1114090 secs] 3347060K->2935342K(11361088K), 0.1116760 secs] [Times: user=0.58 sys=0.03, real=0.11 secs] 
18867.407: [GC 18867.407: [ParNew: 454788K->45151K(471872K), 0.0617430 secs] 3354798K->2945162K(11361088K), 0.0619830 secs] [Times: user=0.58 sys=0.00, real=0.07 secs] 
18882.314: [GC 18882.314: [ParNew: 464607K->39827K(471872K), 0.0913890 secs] 3364618K->2973141K(11361088K), 0.0916320 secs] [Times: user=0.61 sys=0.03, real=0.09 secs] 
18895.789: [GC 18895.789: [ParNew: 459283K->27224K(471872K), 0.0698320 secs] 3392597K->2983559K(11361088K), 0.0700820 secs] [Times: user=0.46 sys=0.03, real=0.07 secs] 
18909.023: [GC 18909.023: [ParNew: 446680K->33999K(471872K), 0.0431410 secs] 3403015K->2990334K(11361088K), 0.0433670 secs] [Times: user=0.49 sys=0.01, real=0.04 secs] 
18916.195: [GC 18916.195: [ParNew: 453455K->28347K(471872K), 0.0900510 secs] 3409790K->3012733K(11361088K), 0.0902970 secs] [Times: user=0.50 sys=0.02, real=0.09 secs] 
18921.172: [GC 18921.172: [ParNew: 447803K->52416K(471872K), 0.1138160 secs] 3432189K->3058804K(11361088K), 0.1140860 secs] [Times: user=0.93 sys=0.02, real=0.12 secs] 
18926.383: [GC 18926.383: [ParNew: 471872K->52416K(471872K), 0.1906470 secs] 3478260K->3112477K(11361088K), 0.1908970 secs] [Times: user=0.73 sys=0.05, real=0.20 secs] 
18944.452: [GC 18944.452: [ParNew: 471633K->38411K(471872K), 0.0526390 secs] 3531694K->3098472K(11361088K), 0.0528810 secs] [Times: user=0.58 sys=0.00, real=0.05 secs] 
18948.995: [GC 18948.995: [ParNew: 457867K->52416K(471872K), 0.3868550 secs] 3517928K->3199515K(11361088K), 0.3870890 secs] [Times: user=1.10 sys=0.03, real=0.38 secs] 
18962.858: [GC 18962.859: [ParNew: 471872K->52415K(471872K), 0.1123670 secs] 3618971K->3247224K(11361088K), 0.1126040 secs] [Times: user=0.78 sys=0.04, real=0.11 secs] 
18970.408: [GC 18970.408: [ParNew: 471871K->52416K(471872K), 0.1378040 secs] 3666680K->3279431K(11361088K), 0.1380680 secs] [Times: user=1.22 sys=0.04, real=0.14 secs] 
18976.822: [GC 18976.822: [ParNew: 471872K->52415K(471872K), 0.2369220 secs] 3698887K->3339507K(11361088K), 0.2371840 secs] [Times: user=0.80 sys=0.05, real=0.24 secs] 
18996.297: [GC 18996.297: [ParNew: 471871K->20653K(471872K), 0.0808220 secs] 3758963K->3307744K(11361088K), 0.0810670 secs] [Times: user=0.55 sys=0.00, real=0.08 secs] 
19016.049: [GC 19016.049: [ParNew: 440109K->42849K(471872K), 0.0652080 secs] 3727200K->3329940K(11361088K), 0.0654360 secs] [Times: user=0.59 sys=0.00, real=0.07 secs] 
19024.816: [GC 19024.816: [ParNew: 462305K->52416K(471872K), 0.1527470 secs] 3749396K->3391834K(11361088K), 0.1529920 secs] [Times: user=1.19 sys=0.05, real=0.15 secs] 
19033.789: [GC 19033.790: [ParNew: 471872K->52416K(471872K), 0.2272090 secs] 3811290K->3452873K(11361088K), 0.2274580 secs] [Times: user=0.76 sys=0.07, real=0.23 secs] 
19046.438: [GC 19046.438: [ParNew: 471872K->42229K(471872K), 0.0885870 secs] 3872329K->3442687K(11361088K), 0.0888540 secs] [Times: user=0.51 sys=0.00, real=0.09 secs] 
19056.512: [GC 19056.512: [ParNew: 461685K->52416K(471872K), 0.1130820 secs] 3862143K->3475051K(11361088K), 0.1133220 secs] [Times: user=0.77 sys=0.03, real=0.11 secs] 
19061.758: [GC 19061.758: [ParNew: 471872K->52058K(471872K), 0.1378220 secs] 3894507K->3522729K(11361088K), 0.1380750 secs] [Times: user=1.00 sys=0.05, real=0.13 secs] 
19062.686: [GC 19062.686: [ParNew: 471514K->35360K(471872K), 0.0918010 secs] 3942185K->3534678K(11361088K), 0.0920510 secs] [Times: user=0.78 sys=0.02, real=0.10 secs] 
19063.668: [GC 19063.668: [ParNew: 454816K->42332K(471872K), 0.0404190 secs] 3954134K->3541650K(11361088K), 0.0406600 secs] [Times: user=0.51 sys=0.00, real=0.04 secs] 
19064.464: [GC 19064.465: [ParNew: 461788K->52416K(471872K), 0.0683740 secs] 3961106K->3569752K(11361088K), 0.0686170 secs] [Times: user=0.59 sys=0.02, real=0.07 secs] 
19067.871: [GC 19067.871: [ParNew: 471872K->52416K(471872K), 0.1589840 secs] 3989208K->3599605K(11361088K), 0.1592810 secs] [Times: user=0.75 sys=0.02, real=0.16 secs] 
19079.460: [GC 19079.460: [ParNew: 471872K->52416K(471872K), 0.0843330 secs] 4019061K->3621528K(11361088K), 0.0846000 secs] [Times: user=0.75 sys=0.03, real=0.08 secs] 
19109.177: [GC 19109.177: [ParNew: 471872K->52416K(471872K), 0.1822020 secs] 4040984K->3651007K(11361088K), 0.1824620 secs] [Times: user=1.03 sys=0.04, real=0.18 secs] 
19123.008: [GC 19123.008: [ParNew: 471872K->52416K(471872K), 0.2000780 secs] 4070463K->3691296K(11361088K), 0.2003170 secs] [Times: user=0.88 sys=0.05, real=0.20 secs] 
19135.725: [GC 19135.725: [ParNew: 471872K->52416K(471872K), 0.2335070 secs] 4110752K->3746699K(11361088K), 0.2337700 secs] [Times: user=1.00 sys=0.05, real=0.23 secs] 
19156.985: [GC 19156.985: [ParNew: 471872K->39236K(471872K), 0.1410650 secs] 4166155K->3733519K(11361088K), 0.1413150 secs] [Times: user=0.60 sys=0.00, real=0.15 secs] 
19172.200: [GC 19172.200: [ParNew: 458692K->43513K(471872K), 0.0854250 secs] 4152975K->3748378K(11361088K), 0.0856870 secs] [Times: user=0.60 sys=0.01, real=0.08 secs] 
19180.065: [GC 19180.065: [ParNew: 462969K->43688K(471872K), 0.1108050 secs] 4167834K->3775364K(11361088K), 0.1111230 secs] [Times: user=0.63 sys=0.06, real=0.11 secs] 
19196.196: [GC 19196.196: [ParNew: 463144K->43613K(471872K), 0.1153830 secs] 4194820K->3800560K(11361088K), 0.1156370 secs] [Times: user=0.60 sys=0.05, real=0.12 secs] 
19216.199: [GC 19216.200: [ParNew: 463069K->52416K(471872K), 0.1186840 secs] 4220016K->3834910K(11361088K), 0.1189410 secs] [Times: user=0.61 sys=0.04, real=0.12 secs] 
19233.801: [GC 19233.801: [ParNew: 471686K->38459K(471872K), 0.1128940 secs] 4254181K->3846518K(11361088K), 0.1131820 secs] [Times: user=0.62 sys=0.06, real=0.12 secs] 
19243.472: [GC 19243.472: [ParNew: 457915K->52416K(471872K), 0.1077880 secs] 4265974K->3889127K(11361088K), 0.1080500 secs] [Times: user=0.72 sys=0.02, real=0.11 secs] 
19255.941: [GC 19255.942: [ParNew: 471872K->52415K(471872K), 0.1743910 secs] 4308583K->3935740K(11361088K), 0.1746230 secs] [Times: user=0.65 sys=0.05, real=0.18 secs] 
19272.728: [GC 19272.728: [ParNew: 471871K->44957K(471872K), 0.1519000 secs] 4355196K->3928282K(11361088K), 0.1521760 secs] [Times: user=0.64 sys=0.00, real=0.16 secs] 
19280.864: [GC 19280.864: [ParNew: 464413K->52416K(471872K), 0.2040410 secs] 4347738K->3989926K(11361088K), 0.2042880 secs] [Times: user=1.33 sys=0.08, real=0.20 secs] 
19293.421: [GC 19293.422: [ParNew: 471822K->51333K(471872K), 0.1858290 secs] 4409332K->4038677K(11361088K), 0.1860660 secs] [Times: user=0.73 sys=0.06, real=0.18 secs] 
19317.526: [GC 19317.527: [ParNew: 470789K->52416K(471872K), 0.1067810 secs] 4458133K->4047894K(11361088K), 0.1070320 secs] [Times: user=0.68 sys=0.01, real=0.11 secs] 
19330.416: [GC 19330.416: [ParNew: 471872K->52416K(471872K), 0.2414940 secs] 4467350K->4108686K(11361088K), 0.2417550 secs] [Times: user=0.85 sys=0.04, real=0.24 secs] 
19343.320: [GC 19343.320: [ParNew: 471872K->20435K(471872K), 0.0687650 secs] 4528142K->4076706K(11361088K), 0.0690200 secs] [Times: user=0.53 sys=0.00, real=0.07 secs] 
19354.876: [GC 19354.876: [ParNew: 439891K->35033K(471872K), 0.1222530 secs] 4496162K->4091304K(11361088K), 0.1225170 secs] [Times: user=0.58 sys=0.01, real=0.12 secs] 
19376.205: [GC 19376.205: [ParNew: 454489K->33023K(471872K), 0.1238250 secs] 4510760K->4095416K(11361088K), 0.1240780 secs] [Times: user=0.62 sys=0.01, real=0.13 secs] 
19386.708: [GC 19386.708: [ParNew: 452479K->31069K(471872K), 0.0837750 secs] 4514872K->4095944K(11361088K), 0.0840170 secs] [Times: user=0.57 sys=0.00, real=0.09 secs] 
19391.299: [GC 19391.299: [ParNew: 450525K->52415K(471872K), 0.0766550 secs] 4515400K->4119085K(11361088K), 0.0769030 secs] [Times: user=0.61 sys=0.00, real=0.08 secs] 
19402.053: [GC 19402.053: [ParNew: 471871K->51233K(471872K), 0.1094210 secs] 4538541K->4156071K(11361088K), 0.1096770 secs] [Times: user=0.69 sys=0.02, real=0.11 secs] 
19414.322: [GC 19414.322: [ParNew: 470689K->25493K(471872K), 0.0952990 secs] 4575527K->4154496K(11361088K), 0.0956080 secs] [Times: user=0.45 sys=0.03, real=0.10 secs] 
19423.354: [GC 19423.354: [ParNew: 444949K->21673K(471872K), 0.0574890 secs] 4573952K->4150676K(11361088K), 0.0577470 secs] [Times: user=0.48 sys=0.00, real=0.05 secs] 
19432.641: [GC 19432.641: [ParNew: 441129K->26152K(471872K), 0.0721720 secs] 4570132K->4155155K(11361088K), 0.0724360 secs] [Times: user=0.51 sys=0.01, real=0.07 secs] 
19439.997: [GC 19439.997: [ParNew: 445608K->49559K(471872K), 0.0603040 secs] 4574611K->4178562K(11361088K), 0.0605430 secs] [Times: user=0.61 sys=0.01, real=0.06 secs] 
19455.280: [GC 19455.280: [ParNew: 469015K->39108K(471872K), 0.1093670 secs] 4598018K->4204461K(11361088K), 0.1096330 secs] [Times: user=0.60 sys=0.03, real=0.11 secs] 
19467.730: [GC 19467.731: [ParNew: 458564K->31793K(471872K), 0.0725730 secs] 4623917K->4197146K(11361088K), 0.0728280 secs] [Times: user=0.59 sys=0.01, real=0.07 secs] 
19480.956: [GC 19480.956: [ParNew: 451249K->52415K(471872K), 0.1823460 secs] 4616602K->4222612K(11361088K), 0.1826120 secs] [Times: user=0.67 sys=0.00, real=0.18 secs] 
19493.590: [GC 19493.590: [ParNew: 471871K->41096K(471872K), 0.1565850 secs] 4642068K->4225800K(11361088K), 0.1568440 secs] [Times: user=1.57 sys=0.00, real=0.15 secs] 
19503.625: [GC 19503.626: [ParNew: 460552K->52416K(471872K), 0.1980290 secs] 4645256K->4265002K(11361088K), 0.1982860 secs] [Times: user=0.72 sys=0.01, real=0.20 secs] 
19550.943: [GC 19550.944: [ParNew: 471872K->32299K(471872K), 0.0912210 secs] 4684458K->4275162K(11361088K), 0.0914910 secs] [Times: user=0.48 sys=0.04, real=0.09 secs] 
19562.268: [GC 19562.268: [ParNew: 451755K->16959K(471872K), 0.0571580 secs] 4694618K->4259821K(11361088K), 0.0574180 secs] [Times: user=0.50 sys=0.01, real=0.05 secs] 
19565.714: [GC 19565.714: [ParNew: 436415K->52416K(471872K), 0.1864270 secs] 4679277K->4342680K(11361088K), 0.1866720 secs] [Times: user=1.30 sys=0.05, real=0.19 secs] 
19576.330: [GC 19576.330: [ParNew: 471872K->52415K(471872K), 0.2166500 secs] 4762136K->4396228K(11361088K), 0.2169130 secs] [Times: user=0.83 sys=0.05, real=0.21 secs] 
19586.370: [GC 19586.370: [ParNew: 471871K->41340K(471872K), 0.0547510 secs] 4815684K->4385153K(11361088K), 0.0550060 secs] [Times: user=0.51 sys=0.01, real=0.05 secs] 
19608.121: [GC 19608.121: [ParNew: 460796K->27836K(471872K), 0.0889150 secs] 4804609K->4402647K(11361088K), 0.0891870 secs] [Times: user=0.51 sys=0.04, real=0.09 secs] 
19622.996: [GC 19622.996: [ParNew: 447292K->52416K(471872K), 0.1275860 secs] 4822103K->4439645K(11361088K), 0.1278350 secs] [Times: user=0.72 sys=0.01, real=0.13 secs] 
19647.594: [GC 19647.594: [ParNew: 471872K->52415K(471872K), 0.2113220 secs] 4859101K->4493132K(11361088K), 0.2115870 secs] [Times: user=0.80 sys=0.04, real=0.21 secs] 
19648.746: [GC 19648.746: [ParNew: 471871K->41132K(471872K), 0.0491410 secs] 4912588K->4481848K(11361088K), 0.0493630 secs] [Times: user=0.59 sys=0.00, real=0.04 secs] 
19649.704: [GC 19649.705: [ParNew: 460588K->52416K(471872K), 0.0646970 secs] 4901304K->4508179K(11361088K), 0.0649630 secs] [Times: user=0.65 sys=0.01, real=0.07 secs] 
19650.494: [GC 19650.495: [ParNew: 471872K->52416K(471872K), 0.0752880 secs] 4927635K->4528261K(11361088K), 0.0755320 secs] [Times: user=0.70 sys=0.02, real=0.08 secs] 
19651.512: [GC 19651.513: [ParNew: 471872K->52416K(471872K), 0.1340950 secs] 4947717K->4564503K(11361088K), 0.1343450 secs] [Times: user=1.27 sys=0.04, real=0.14 secs] 
19664.130: [GC 19664.130: [ParNew: 471872K->52415K(471872K), 0.1649800 secs] 4983959K->4600478K(11361088K), 0.1652360 secs] [Times: user=0.87 sys=0.06, real=0.16 secs] 
19684.794: [GC 19684.794: [ParNew: 471871K->24364K(471872K), 0.0876390 secs] 5019934K->4572427K(11361088K), 0.0878980 secs] [Times: user=0.63 sys=0.01, real=0.09 secs] 
19708.839: [GC 19708.839: [ParNew: 443820K->30034K(471872K), 0.0767280 secs] 4991883K->4578097K(11361088K), 0.0770010 secs] [Times: user=0.60 sys=0.01, real=0.08 secs] 
19724.909: [GC 19724.909: [ParNew: 449490K->29313K(471872K), 0.0590270 secs] 4997553K->4577376K(11361088K), 0.0592850 secs] [Times: user=0.60 sys=0.01, real=0.06 secs] 
19745.921: [GC 19745.921: [ParNew: 448769K->45656K(471872K), 0.1349560 secs] 4996832K->4601753K(11361088K), 0.1352480 secs] [Times: user=0.55 sys=0.01, real=0.14 secs] 
19767.884: [GC 19767.885: [ParNew: 465112K->21688K(471872K), 0.0721090 secs] 5021209K->4591429K(11361088K), 0.0723730 secs] [Times: user=0.53 sys=0.01, real=0.07 secs] 
19778.597: [GC 19778.598: [ParNew: 441144K->18217K(471872K), 0.0664120 secs] 5010885K->4587957K(11361088K), 0.0666620 secs] [Times: user=0.50 sys=0.00, real=0.07 secs] 
19781.553: [GC 19781.553: [ParNew: 437673K->52416K(471872K), 0.0531650 secs] 5007413K->4625174K(11361088K), 0.0534080 secs] [Times: user=0.56 sys=0.00, real=0.05 secs] 
19787.952: [GC 19787.952: [ParNew: 471872K->52416K(471872K), 0.2555760 secs] 5044630K->4688611K(11361088K), 0.2558200 secs] [Times: user=1.06 sys=0.13, real=0.25 secs] 
19798.385: [GC 19798.385: [ParNew: 471872K->52416K(471872K), 0.2819570 secs] 5108067K->4742549K(11361088K), 0.2822410 secs] [Times: user=0.81 sys=0.11, real=0.28 secs] 
19803.314: [GC 19803.314: [ParNew: 471872K->52416K(471872K), 0.2235700 secs] 5162005K->4775259K(11361088K), 0.2238300 secs] [Times: user=0.60 sys=0.06, real=0.22 secs] 
19834.797: [GC 19834.797: [ParNew: 471872K->38444K(471872K), 0.1379030 secs] 5194715K->4761287K(11361088K), 0.1381650 secs] [Times: user=0.66 sys=0.01, real=0.14 secs] 
19845.483: [GC 19845.483: [ParNew: 457900K->20560K(471872K), 0.0633070 secs] 5180743K->4750747K(11361088K), 0.0635700 secs] [Times: user=0.53 sys=0.02, real=0.07 secs] 
19860.746: [GC 19860.746: [ParNew: 440016K->42851K(471872K), 0.1430040 secs] 5170203K->4773038K(11361088K), 0.1432660 secs] [Times: user=0.62 sys=0.00, real=0.15 secs] 
19880.273: [GC 19880.273: [ParNew: 462307K->22139K(471872K), 0.0901090 secs] 5192494K->4769224K(11361088K), 0.0903740 secs] [Times: user=0.51 sys=0.03, real=0.09 secs] 
19892.049: [GC 19892.049: [ParNew: 441595K->14888K(471872K), 0.0673490 secs] 5188680K->4761973K(11361088K), 0.0676140 secs] [Times: user=0.49 sys=0.00, real=0.07 secs] 
19910.037: [GC 19910.037: [ParNew: 434344K->20424K(471872K), 0.0743930 secs] 5181429K->4767509K(11361088K), 0.0746590 secs] [Times: user=0.52 sys=0.00, real=0.08 secs] 
19933.933: [GC 19933.934: [ParNew: 439880K->46261K(471872K), 0.0671770 secs] 5186965K->4793346K(11361088K), 0.0674380 secs] [Times: user=0.61 sys=0.01, real=0.07 secs] 
19952.323: [GC 19952.323: [ParNew: 465717K->39353K(471872K), 0.1526140 secs] 5212802K->4820887K(11361088K), 0.1528540 secs] [Times: user=0.57 sys=0.08, real=0.16 secs] 
19984.681: [GC 19984.681: [ParNew: 458809K->45965K(471872K), 0.1725610 secs] 5240343K->4827500K(11361088K), 0.1728220 secs] [Times: user=0.63 sys=0.00, real=0.17 secs] 
20028.562: [GC 20028.562: [ParNew: 465421K->27494K(471872K), 0.0655590 secs] 5246956K->4821255K(11361088K), 0.0657710 secs] [Times: user=0.63 sys=0.01, real=0.07 secs] 
20053.500: [GC 20053.500: [ParNew: 446950K->27824K(471872K), 0.0551010 secs] 5240711K->4821585K(11361088K), 0.0553400 secs] [Times: user=0.50 sys=0.00, real=0.06 secs] 
20084.904: [GC 20084.904: [ParNew: 447280K->50430K(471872K), 0.0612070 secs] 5241041K->4844190K(11361088K), 0.0614680 secs] [Times: user=0.58 sys=0.00, real=0.06 secs] 
20111.280: [GC 20111.280: [ParNew: 469886K->36984K(471872K), 0.1405010 secs] 5263646K->4869707K(11361088K), 0.1407690 secs] [Times: user=0.61 sys=0.08, real=0.14 secs] 
20140.037: [GC 20140.037: [ParNew: 456440K->29713K(471872K), 0.1067840 secs] 5289163K->4862436K(11361088K), 0.1070480 secs] [Times: user=0.55 sys=0.01, real=0.10 secs] 
20143.123: [GC 20143.123: [ParNew: 449169K->41652K(471872K), 0.0885630 secs] 5281892K->4874375K(11361088K), 0.0888270 secs] [Times: user=0.51 sys=0.00, real=0.09 secs] 
20144.110: [GC 20144.110: [ParNew: 461108K->49418K(471872K), 0.0609600 secs] 5293831K->4892826K(11361088K), 0.0611830 secs] [Times: user=0.64 sys=0.02, real=0.06 secs] 
20144.913: [GC 20144.913: [ParNew: 468874K->52416K(471872K), 0.0693500 secs] 5312282K->4911429K(11361088K), 0.0695720 secs] [Times: user=0.69 sys=0.02, real=0.07 secs] 
20145.709: [GC 20145.709: [ParNew: 471872K->52416K(471872K), 0.0768850 secs] 5330885K->4932759K(11361088K), 0.0771130 secs] [Times: user=0.69 sys=0.03, real=0.08 secs] 
20146.867: [GC 20146.867: [ParNew: 471872K->52416K(471872K), 0.2265140 secs] 5352215K->4979468K(11361088K), 0.2267680 secs] [Times: user=1.76 sys=0.08, real=0.22 secs] 
20149.360: [GC 20149.360: [ParNew: 471872K->52416K(471872K), 0.2968950 secs] 5398924K->5045132K(11361088K), 0.2971570 secs] [Times: user=1.06 sys=0.14, real=0.30 secs] 
20160.237: [GC 20160.237: [ParNew: 471872K->41965K(471872K), 0.1305720 secs] 5464588K->5048271K(11361088K), 0.1308200 secs] [Times: user=0.75 sys=0.05, real=0.13 secs] 
20177.628: [GC 20177.628: [ParNew: 461421K->17604K(471872K), 0.0673460 secs] 5467727K->5030540K(11361088K), 0.0675910 secs] [Times: user=0.49 sys=0.02, real=0.07 secs] 
20183.435: [GC 20183.435: [ParNew: 437060K->15942K(471872K), 0.0596250 secs] 5449996K->5028877K(11361088K), 0.0598900 secs] [Times: user=0.53 sys=0.00, real=0.06 secs] 
20194.976: [GC 20194.976: [ParNew: 435398K->20335K(471872K), 0.0708660 secs] 5448333K->5033270K(11361088K), 0.0711140 secs] [Times: user=0.51 sys=0.00, real=0.07 secs] 
20200.442: [GC 20200.442: [ParNew: 439791K->28332K(471872K), 0.0683000 secs] 5452726K->5041268K(11361088K), 0.0697280 secs] [Times: user=0.49 sys=0.00, real=0.07 secs] 
20205.424: [GC 20205.424: [ParNew: 447788K->37994K(471872K), 0.1159050 secs] 5460724K->5053611K(11361088K), 0.1161650 secs] [Times: user=0.58 sys=0.01, real=0.11 secs] 
20212.684: [GC 20212.684: [ParNew: 457450K->23263K(471872K), 0.0691660 secs] 5473067K->5043561K(11361088K), 0.0694260 secs] [Times: user=0.53 sys=0.01, real=0.07 secs] 
20227.140: [GC 20227.141: [ParNew: 442719K->52416K(471872K), 0.0780580 secs] 5463017K->5073193K(11361088K), 0.0783030 secs] [Times: user=0.64 sys=0.01, real=0.08 secs] 
20234.459: [GC 20234.459: [ParNew: 471872K->41045K(471872K), 0.1601420 secs] 5492649K->5100643K(11361088K), 0.1604110 secs] [Times: user=0.55 sys=0.09, real=0.16 secs] 
20237.780: [GC 20237.780: [ParNew: 460501K->52416K(471872K), 0.0770180 secs] 5520099K->5117375K(11361088K), 0.0772230 secs] [Times: user=0.62 sys=0.02, real=0.08 secs] 
20250.619: [GC 20250.619: [ParNew: 471872K->52416K(471872K), 0.2508590 secs] 5536831K->5171127K(11361088K), 0.2511330 secs] [Times: user=0.85 sys=0.12, real=0.25 secs] 
20263.737: [GC 20263.737: [ParNew: 471872K->41504K(471872K), 0.1174570 secs] 5590583K->5183119K(11361088K), 0.1177190 secs] [Times: user=0.57 sys=0.06, real=0.11 secs] 
20272.178: [GC 20272.178: [ParNew: 460960K->36206K(471872K), 0.1312620 secs] 5602575K->5202041K(11361088K), 0.1315450 secs] [Times: user=0.53 sys=0.05, real=0.13 secs] 
20273.228: [GC 20273.228: [ParNew: 455662K->42287K(471872K), 0.0502830 secs] 5621497K->5208122K(11361088K), 0.0505230 secs] [Times: user=0.55 sys=0.00, real=0.06 secs] 
20274.027: [GC 20274.027: [ParNew: 461743K->52416K(471872K), 0.0798330 secs] 5627578K->5235774K(11361088K), 0.0800530 secs] [Times: user=0.62 sys=0.04, real=0.08 secs] 
20274.891: [GC 20274.892: [ParNew: 471872K->52416K(471872K), 0.0722180 secs] 5655230K->5256588K(11361088K), 0.0724850 secs] [Times: user=0.66 sys=0.03, real=0.07 secs] 
20275.638: [GC 20275.638: [ParNew: 471872K->52416K(471872K), 0.0827970 secs] 5676044K->5277845K(11361088K), 0.0830330 secs] [Times: user=0.66 sys=0.04, real=0.09 secs] 
20277.198: [GC 20277.198: [ParNew: 471751K->52416K(471872K), 0.3038860 secs] 5697180K->5331209K(11361088K), 0.3041330 secs] [Times: user=1.24 sys=0.10, real=0.30 secs] 
20281.005: [GC 20281.005: [ParNew: 471872K->52415K(471872K), 0.2650020 secs] 5750665K->5385986K(11361088K), 0.2652380 secs] [Times: user=0.98 sys=0.15, real=0.27 secs] 
20288.710: [GC 20288.710: [ParNew: 471871K->25401K(471872K), 0.0578110 secs] 5805442K->5358971K(11361088K), 0.0580570 secs] [Times: user=0.54 sys=0.00, real=0.05 secs] 
20295.441: [GC 20295.441: [ParNew: 444857K->38512K(471872K), 0.0767840 secs] 5778427K->5372083K(11361088K), 0.0770520 secs] [Times: user=0.58 sys=0.00, real=0.07 secs] 
20299.442: [GC 20299.442: [ParNew: 457968K->52416K(471872K), 0.0832660 secs] 5791539K->5397060K(11361088K), 0.0835760 secs] [Times: user=0.65 sys=0.01, real=0.08 secs] 
20305.741: [GC 20305.742: [ParNew: 471872K->42677K(471872K), 0.1724250 secs] 5816516K->5424833K(11361088K), 0.1726680 secs] [Times: user=0.60 sys=0.09, real=0.17 secs] 
20311.666: [GC 20311.666: [ParNew: 462133K->28057K(471872K), 0.0907140 secs] 5844289K->5410213K(11361088K), 0.0909550 secs] [Times: user=0.54 sys=0.00, real=0.09 secs] 
20317.757: [GC 20317.758: [ParNew: 447513K->52416K(471872K), 0.0857820 secs] 5829669K->5438886K(11361088K), 0.0860430 secs] [Times: user=0.67 sys=0.00, real=0.09 secs] 
20324.835: [GC 20324.835: [ParNew: 471779K->52415K(471872K), 0.2514230 secs] 5858249K->5486280K(11361088K), 0.2516960 secs] [Times: user=0.71 sys=0.10, real=0.25 secs] 
20331.605: [GC 20331.605: [ParNew: 471644K->52416K(471872K), 0.1099750 secs] 5905509K->5490866K(11361088K), 0.1102230 secs] [Times: user=0.62 sys=0.01, real=0.11 secs] 
20335.847: [GC 20335.847: [ParNew: 471872K->52416K(471872K), 0.1601550 secs] 5910322K->5530372K(11361088K), 0.1603970 secs] [Times: user=0.70 sys=0.10, real=0.16 secs] 
20340.068: [GC 20340.068: [ParNew: 471872K->43088K(471872K), 0.1344140 secs] 5949828K->5549000K(11361088K), 0.1346570 secs] [Times: user=0.55 sys=0.07, real=0.13 secs] 
20342.615: [GC 20342.615: [ParNew: 462544K->40363K(471872K), 0.0805420 secs] 5968456K->5546275K(11361088K), 0.0807910 secs] [Times: user=0.63 sys=0.01, real=0.08 secs] 
20344.828: [GC 20344.828: [ParNew: 459819K->27427K(471872K), 0.1016570 secs] 5965731K->5558149K(11361088K), 0.1019360 secs] [Times: user=0.49 sys=0.06, real=0.10 secs] 
20349.382: [GC 20349.382: [ParNew: 446883K->32980K(471872K), 0.0591080 secs] 5977605K->5563702K(11361088K), 0.0593680 secs] [Times: user=0.57 sys=0.01, real=0.06 secs] 
20351.183: [GC 20351.183: [ParNew: 452436K->38061K(471872K), 0.0636480 secs] 5983158K->5572995K(11361088K), 0.0639090 secs] [Times: user=0.53 sys=0.01, real=0.07 secs] 
20353.619: [GC 20353.619: [ParNew: 457517K->27474K(471872K), 0.0754380 secs] 5992451K->5578399K(11361088K), 0.0756980 secs] [Times: user=0.50 sys=0.04, real=0.07 secs] 
20360.061: [GC 20360.061: [ParNew: 446930K->32363K(471872K), 0.0693700 secs] 5997855K->5583289K(11361088K), 0.0696410 secs] [Times: user=0.61 sys=0.00, real=0.07 secs] 
20363.003: [GC 20363.003: [ParNew: 451819K->41548K(471872K), 0.0753810 secs] 6002745K->5592474K(11361088K), 0.0756340 secs] [Times: user=0.56 sys=0.00, real=0.08 secs] 
20364.959: [GC 20364.959: [ParNew: 461004K->36835K(471872K), 0.0689240 secs] 6011930K->5597503K(11361088K), 0.0691930 secs] [Times: user=0.56 sys=0.02, real=0.07 secs] 
20366.676: [GC 20366.676: [ParNew: 456109K->52416K(471872K), 0.0895070 secs] 6016777K->5626350K(11361088K), 0.0897760 secs] [Times: user=0.67 sys=0.05, real=0.09 secs] 
20368.437: [GC 20368.438: [ParNew: 471872K->42593K(471872K), 0.1688990 secs] 6045806K->5665236K(11361088K), 0.1691530 secs] [Times: user=0.64 sys=0.12, real=0.16 secs] 
20371.934: [GC 20371.934: [ParNew: 462049K->52416K(471872K), 0.0780570 secs] 6084692K->5678488K(11361088K), 0.0783290 secs] [Times: user=0.69 sys=0.01, real=0.08 secs] 
20373.605: [GC 20373.605: [ParNew: 471872K->41764K(471872K), 0.1812750 secs] 6097944K->5717187K(11361088K), 0.1815460 secs] [Times: user=0.63 sys=0.12, real=0.18 secs] 
20375.849: [GC 20375.849: [ParNew: 461220K->52416K(471872K), 0.0632490 secs] 6136643K->5728843K(11361088K), 0.0635380 secs] [Times: user=0.66 sys=0.00, real=0.06 secs] 
20379.626: [GC 20379.627: [ParNew: 471872K->44133K(471872K), 0.1756590 secs] 6148299K->5768181K(11361088K), 0.1758960 secs] [Times: user=0.65 sys=0.15, real=0.18 secs] 
20381.416: [GC 20381.416: [ParNew: 463589K->52416K(471872K), 0.1463360 secs] 6187637K->5803962K(11361088K), 0.1465920 secs] [Times: user=0.88 sys=0.08, real=0.15 secs] 
20385.024: [GC 20385.024: [ParNew: 471872K->52416K(471872K), 0.2314200 secs] 6223418K->5853083K(11361088K), 0.2316820 secs] [Times: user=0.73 sys=0.13, real=0.23 secs] 
20388.887: [GC 20388.887: [ParNew: 471805K->52416K(471872K), 0.1093170 secs] 6272473K->5863428K(11361088K), 0.1096830 secs] [Times: user=0.66 sys=0.02, real=0.11 secs] 
20391.848: [GC 20391.849: [ParNew: 471872K->52416K(471872K), 0.1754460 secs] 6282884K->5912825K(11361088K), 0.1756930 secs] [Times: user=0.78 sys=0.13, real=0.18 secs] 
20395.660: [GC 20395.660: [ParNew: 471872K->44750K(471872K), 0.1097510 secs] 6332281K->5928328K(11361088K), 0.1100300 secs] [Times: user=0.54 sys=0.07, real=0.11 secs] 
20400.401: [GC 20400.401: [ParNew: 464206K->52416K(471872K), 0.0870410 secs] 6347784K->5946003K(11361088K), 0.0873130 secs] [Times: user=0.60 sys=0.02, real=0.08 secs] 
20403.110: [GC 20403.111: [ParNew: 471872K->52416K(471872K), 0.2027130 secs] 6365459K->5995329K(11361088K), 0.2029770 secs] [Times: user=0.87 sys=0.15, real=0.20 secs] 
20408.279: [GC 20408.279: [ParNew: 471871K->43127K(471872K), 0.1387750 secs] 6414784K->6013756K(11361088K), 0.1390320 secs] [Times: user=0.65 sys=0.09, real=0.14 secs] 
20410.884: [GC 20410.884: [ParNew: 462583K->46235K(471872K), 0.1280330 secs] 6433212K->6044561K(11361088K), 0.1283050 secs] [Times: user=0.67 sys=0.06, real=0.13 secs] 
20411.753: [GC 20411.753: [ParNew: 465691K->35618K(471872K), 0.1519800 secs] 6464017K->6064440K(11361088K), 0.1522560 secs] [Times: user=0.66 sys=0.07, real=0.15 secs] 
20412.574: [GC 20412.574: [ParNew: 455074K->42664K(471872K), 0.0519460 secs] 6483896K->6071487K(11361088K), 0.0522150 secs] [Times: user=0.61 sys=0.00, real=0.05 secs] 
20413.311: [GC 20413.311: [ParNew: 462120K->52416K(471872K), 0.0882560 secs] 6490943K->6098767K(11361088K), 0.0885740 secs] [Times: user=0.62 sys=0.04, real=0.09 secs] 
20414.115: [GC 20414.115: [ParNew: 471872K->47529K(471872K), 0.0880500 secs] 6518223K->6110915K(11361088K), 0.0883010 secs] [Times: user=0.57 sys=0.04, real=0.09 secs] 
20415.536: [GC 20415.536: [ParNew: 466985K->52416K(471872K), 0.1870560 secs] 6530371K->6144815K(11361088K), 0.1873080 secs] [Times: user=0.67 sys=0.06, real=0.19 secs] 
20417.051: [GC 20417.051: [ParNew: 471872K->52416K(471872K), 0.1693790 secs] 6564271K->6177055K(11361088K), 0.1696240 secs] [Times: user=0.94 sys=0.10, real=0.17 secs] 
20421.336: [GC 20421.336: [ParNew: 471872K->51880K(471872K), 0.2488590 secs] 6596511K->6226012K(11361088K), 0.2491300 secs] [Times: user=1.03 sys=0.16, real=0.25 secs] 
20425.307: [GC 20425.307: [ParNew: 471336K->28275K(471872K), 0.0675870 secs] 6645468K->6202407K(11361088K), 0.0678480 secs] [Times: user=0.56 sys=0.00, real=0.07 secs] 
20428.272: [GC 20428.272: [ParNew: 447706K->52416K(471872K), 0.0635880 secs] 6621839K->6233274K(11361088K), 0.0638590 secs] [Times: user=0.58 sys=0.03, real=0.07 secs] 
20430.374: [GC 20430.374: [ParNew: 471872K->52416K(471872K), 0.1839710 secs] 6652730K->6281318K(11361088K), 0.1842310 secs] [Times: user=0.79 sys=0.13, real=0.19 secs] 
20432.497: [GC 20432.497: [ParNew: 471872K->52416K(471872K), 0.1184800 secs] 6700774K->6303011K(11361088K), 0.1187440 secs] [Times: user=0.78 sys=0.09, real=0.12 secs] 
20435.731: [GC 20435.731: [ParNew: 471872K->52416K(471872K), 0.2221450 secs] 6722467K->6354856K(11361088K), 0.2224180 secs] [Times: user=0.81 sys=0.16, real=0.23 secs] 
20437.919: [GC 20437.919: [ParNew: 471872K->52416K(471872K), 0.3435920 secs] 6774312K->6401500K(11361088K), 0.3438850 secs] [Times: user=1.58 sys=0.14, real=0.34 secs] 
20441.324: [GC 20441.324: [ParNew: 471872K->52415K(471872K), 0.2451580 secs] 6820956K->6448908K(11361088K), 0.2454380 secs] [Times: user=0.81 sys=0.13, real=0.25 secs] 
20443.676: [GC 20443.676: [ParNew: 471871K->27010K(471872K), 0.0503810 secs] 6868364K->6423502K(11361088K), 0.0506470 secs] [Times: user=0.51 sys=0.00, real=0.05 secs] 
20451.665: [GC 20451.665: [ParNew: 446466K->41968K(471872K), 0.0924070 secs] 6842958K->6438460K(11361088K), 0.0926770 secs] [Times: user=0.59 sys=0.00, real=0.10 secs] 
20460.034: [GC 20460.034: [ParNew: 461424K->23572K(471872K), 0.0649630 secs] 6857916K->6435535K(11361088K), 0.0652680 secs] [Times: user=0.40 sys=0.03, real=0.07 secs] 
20467.610: [GC 20467.611: [ParNew: 443028K->19290K(471872K), 0.0589520 secs] 6854991K->6431252K(11361088K), 0.0592320 secs] [Times: user=0.52 sys=0.01, real=0.06 secs] 
20473.666: [GC 20473.666: [ParNew: 438746K->22409K(471872K), 0.0631800 secs] 6850708K->6434371K(11361088K), 0.0634590 secs] [Times: user=0.52 sys=0.01, real=0.07 secs] 
20477.406: [GC 20477.406: [ParNew: 441865K->22786K(471872K), 0.0690280 secs] 6853827K->6438744K(11361088K), 0.0692850 secs] [Times: user=0.57 sys=0.01, real=0.07 secs] 
20485.207: [GC 20485.207: [ParNew: 442048K->52416K(471872K), 0.0706750 secs] 6858005K->6476272K(11361088K), 0.0709300 secs] [Times: user=0.65 sys=0.02, real=0.07 secs] 
20499.693: [GC 20499.694: [ParNew: 471816K->45317K(471872K), 0.1924370 secs] 6895673K->6517573K(11361088K), 0.1926960 secs] [Times: user=0.71 sys=0.14, real=0.19 secs] 
20506.320: [GC 20506.320: [ParNew: 464773K->19079K(471872K), 0.0542640 secs] 6937029K->6491335K(11361088K), 0.0545430 secs] [Times: user=0.51 sys=0.01, real=0.06 secs] 
20511.475: [GC 20511.475: [ParNew: 438535K->52416K(471872K), 0.1381390 secs] 6910791K->6534908K(11361088K), 0.1383960 secs] [Times: user=0.67 sys=0.02, real=0.14 secs] 
20520.543: [GC 20520.543: [ParNew: 471872K->44406K(471872K), 0.2188950 secs] 6954364K->6575924K(11361088K), 0.2191640 secs] [Times: user=0.72 sys=0.10, real=0.21 secs] 
20526.182: [GC 20526.182: [ParNew: 463862K->39938K(471872K), 0.1328680 secs] 6995380K->6571456K(11361088K), 0.1331700 secs] [Times: user=0.65 sys=0.00, real=0.14 secs] 
20533.944: [GC 20533.945: [ParNew: 459394K->37521K(471872K), 0.0901120 secs] 6990912K->6586054K(11361088K), 0.0903740 secs] [Times: user=0.61 sys=0.05, real=0.09 secs] 
20551.109: [GC 20551.109: [ParNew: 456977K->45400K(471872K), 0.1171160 secs] 7005510K->6619543K(11361088K), 0.1173960 secs] [Times: user=0.64 sys=0.06, real=0.12 secs] 
20570.123: [GC 20570.123: [ParNew: 464856K->52416K(471872K), 0.1757960 secs] 7038999K->6654451K(11361088K), 0.1760600 secs] [Times: user=0.66 sys=0.07, real=0.18 secs] 
20578.301: [GC 20578.301: [ParNew: 471872K->48728K(471872K), 0.1340580 secs] 7073907K->6676125K(11361088K), 0.1343310 secs] [Times: user=0.65 sys=0.08, real=0.13 secs] 
20585.659: [GC 20585.659: [ParNew: 468184K->47069K(471872K), 0.1328460 secs] 7095581K->6704789K(11361088K), 0.1331260 secs] [Times: user=0.67 sys=0.09, real=0.14 secs] 
20595.532: [GC 20595.532: [ParNew: 466525K->35018K(471872K), 0.1290640 secs] 7124245K->6719140K(11361088K), 0.1293430 secs] [Times: user=0.49 sys=0.07, real=0.13 secs] 
20601.373: [GC 20601.373: [ParNew: 454441K->15270K(471872K), 0.0519020 secs] 7138563K->6699392K(11361088K), 0.0521570 secs] [Times: user=0.51 sys=0.01, real=0.05 secs] 
20611.365: [GC 20611.365: [ParNew: 434726K->22805K(471872K), 0.0917320 secs] 7118848K->6706927K(11361088K), 0.0919920 secs] [Times: user=0.56 sys=0.00, real=0.09 secs] 
20620.538: [GC 20620.538: [ParNew: 442261K->41449K(471872K), 0.0553840 secs] 7126383K->6725572K(11361088K), 0.0556650 secs] [Times: user=0.63 sys=0.00, real=0.06 secs] 
20631.831: [GC 20631.831: [ParNew: 460905K->32894K(471872K), 0.1318920 secs] 7145028K->6750480K(11361088K), 0.1321620 secs] [Times: user=0.57 sys=0.08, real=0.14 secs] 
20637.963: [GC 20637.963: [ParNew: 452350K->27726K(471872K), 0.0769870 secs] 7169936K->6745311K(11361088K), 0.0772740 secs] [Times: user=0.57 sys=0.01, real=0.08 secs] 
20641.849: [GC 20641.850: [ParNew: 447182K->52135K(471872K), 0.0684810 secs] 7164767K->6769721K(11361088K), 0.0687400 secs] [Times: user=0.62 sys=0.01, real=0.07 secs] 
20659.751: [GC 20659.751: [ParNew: 471591K->52416K(471872K), 0.1981860 secs] 7189177K->6809936K(11361088K), 0.1984820 secs] [Times: user=0.78 sys=0.08, real=0.20 secs] 
20668.655: [GC 20668.655: [ParNew: 471872K->22075K(471872K), 0.1217850 secs] 7229392K->6807816K(11361088K), 0.1220660 secs] [Times: user=0.57 sys=0.07, real=0.12 secs] 
20685.027: [GC 20685.027: [ParNew: 441531K->18193K(471872K), 0.0572600 secs] 7227272K->6803934K(11361088K), 0.0575350 secs] [Times: user=0.51 sys=0.01, real=0.06 secs] 
20689.993: [GC 20689.993: [ParNew: 437649K->52416K(471872K), 0.1880850 secs] 7223390K->6855380K(11361088K), 0.1883630 secs] [Times: user=0.75 sys=0.05, real=0.19 secs] 
20697.781: [GC 20697.781: [ParNew: 471872K->52416K(471872K), 0.3749680 secs] 7274836K->6914433K(11361088K), 0.3752280 secs] [Times: user=0.93 sys=0.10, real=0.37 secs] 
20701.543: [GC 20701.543: [ParNew: 471872K->52416K(471872K), 0.2851640 secs] 7333889K->6962726K(11361088K), 0.2854240 secs] [Times: user=0.72 sys=0.14, real=0.28 secs] 
20711.078: [GC 20711.078: [ParNew: 471872K->25815K(471872K), 0.1014450 secs] 7382182K->6936125K(11361088K), 0.1017270 secs] [Times: user=0.57 sys=0.00, real=0.10 secs] 
20717.684: [GC 20717.684: [ParNew: 445271K->21076K(471872K), 0.0875970 secs] 7355581K->6931386K(11361088K), 0.0878710 secs] [Times: user=0.58 sys=0.01, real=0.08 secs] 
20726.289: [GC 20726.290: [ParNew: 440532K->18156K(471872K), 0.0583190 secs] 7350842K->6928466K(11361088K), 0.0585980 secs] [Times: user=0.55 sys=0.01, real=0.06 secs] 
20736.591: [GC 20736.591: [ParNew: 437612K->41305K(471872K), 0.0697680 secs] 7347922K->6955190K(11361088K), 0.0700370 secs] [Times: user=0.57 sys=0.02, real=0.07 secs] 
20744.538: [GC 20744.538: [ParNew: 460761K->34630K(471872K), 0.1762030 secs] 7374646K->6978949K(11361088K), 0.1764740 secs] [Times: user=0.57 sys=0.07, real=0.18 secs] 
20753.697: [GC 20753.697: [ParNew: 454086K->18789K(471872K), 0.0555520 secs] 7398405K->6963108K(11361088K), 0.0558220 secs] [Times: user=0.52 sys=0.01, real=0.05 secs] 
20766.096: [GC 20766.096: [ParNew: 438245K->34491K(471872K), 0.0956320 secs] 7382564K->6978811K(11361088K), 0.0958970 secs] [Times: user=0.59 sys=0.01, real=0.10 secs] 
20771.577: [GC 20771.577: [ParNew: 453947K->42612K(471872K), 0.1269160 secs] 7398267K->6990972K(11361088K), 0.1271780 secs] [Times: user=0.64 sys=0.02, real=0.13 secs] 
20780.321: [GC 20780.322: [ParNew: 462068K->32782K(471872K), 0.1363190 secs] 7410428K->6992163K(11361088K), 0.1366000 secs] [Times: user=1.35 sys=0.04, real=0.13 secs] 
20785.611: [GC 20785.611: [ParNew: 452238K->48286K(471872K), 0.1445390 secs] 7411619K->7007667K(11361088K), 0.1448190 secs] [Times: user=0.65 sys=0.00, real=0.14 secs] 
20790.346: [GC 20790.347: [ParNew: 467742K->26441K(471872K), 0.1289550 secs] 7427123K->7001522K(11361088K), 0.1292200 secs] [Times: user=1.12 sys=0.05, real=0.13 secs] 
20796.198: [GC 20796.198: [ParNew: 445897K->29210K(471872K), 0.0716480 secs] 7420978K->7004291K(11361088K), 0.0719610 secs] [Times: user=0.54 sys=0.01, real=0.08 secs] 
20806.801: [GC 20806.801: [ParNew: 448421K->31164K(471872K), 0.0663350 secs] 7423503K->7006246K(11361088K), 0.0666400 secs] [Times: user=0.52 sys=0.01, real=0.07 secs] 
20814.690: [GC 20814.690: [ParNew: 450620K->42880K(471872K), 0.1686970 secs] 7425702K->7017961K(11361088K), 0.1689720 secs] [Times: user=2.04 sys=0.00, real=0.17 secs] 
20820.035: [GC 20820.035: [ParNew: 462336K->49281K(471872K), 0.0934660 secs] 7437417K->7035495K(11361088K), 0.0937640 secs] [Times: user=0.48 sys=0.02, real=0.09 secs] 
20827.761: [GC 20827.761: [ParNew: 468737K->48168K(471872K), 0.1501770 secs] 7454951K->7064590K(11361088K), 0.1504520 secs] [Times: user=0.67 sys=0.07, real=0.15 secs] 
20831.930: [GC 20831.930: [ParNew: 467624K->33017K(471872K), 0.1310000 secs] 7484046K->7076437K(11361088K), 0.1312790 secs] [Times: user=0.47 sys=0.08, real=0.13 secs] 
20841.860: [GC 20841.861: [ParNew: 452473K->34957K(471872K), 0.0673170 secs] 7495893K->7078377K(11361088K), 0.0676140 secs] [Times: user=0.69 sys=0.01, real=0.07 secs] 
20854.086: [GC 20854.086: [ParNew: 454413K->26230K(471872K), 0.1136060 secs] 7497833K->7096133K(11361088K), 0.1138690 secs] [Times: user=0.50 sys=0.08, real=0.11 secs] 
20865.210: [GC 20865.210: [ParNew: 445686K->22713K(471872K), 0.0920230 secs] 7515589K->7092616K(11361088K), 0.0923130 secs] [Times: user=0.58 sys=0.01, real=0.09 secs] 
20870.984: [GC 20870.984: [ParNew: 439503K->51027K(471872K), 0.1619920 secs] 7509406K->7120930K(11361088K), 0.1622870 secs] [Times: user=0.68 sys=0.00, real=0.16 secs] 
20876.502: [GC 20876.502: [ParNew: 469172K->32360K(471872K), 0.1150660 secs] 7539075K->7114709K(11361088K), 0.1153520 secs] [Times: user=0.41 sys=0.03, real=0.11 secs] 
20881.818: [GC 20881.818: [ParNew: 451816K->20504K(471872K), 0.0550790 secs] 7534165K->7102854K(11361088K), 0.0553600 secs] [Times: user=0.53 sys=0.00, real=0.06 secs] 
20888.676: [GC 20888.676: [ParNew: 439960K->50393K(471872K), 0.0757750 secs] 7522310K->7132742K(11361088K), 0.0760360 secs] [Times: user=0.64 sys=0.00, real=0.08 secs] 
20904.830: [GC 20904.831: [ParNew: 469849K->33738K(471872K), 0.1791780 secs] 7552198K->7154221K(11361088K), 0.1794630 secs] [Times: user=0.61 sys=0.10, real=0.18 secs] 
20914.961: [GC 20914.961: [ParNew: 453194K->19490K(471872K), 0.0535070 secs] 7573677K->7139973K(11361088K), 0.0537830 secs] [Times: user=0.53 sys=0.01, real=0.06 secs] 
20925.863: [GC 20925.864: [ParNew: 438946K->26819K(471872K), 0.1178300 secs] 7559429K->7147302K(11361088K), 0.1181220 secs] [Times: user=1.42 sys=0.00, real=0.11 secs] 
20935.020: [GC 20935.021: [ParNew: 446275K->52416K(471872K), 0.0872810 secs] 7566758K->7182039K(11361088K), 0.0875660 secs] [Times: user=0.62 sys=0.02, real=0.09 secs] 
20939.145: [GC 20939.146: [ParNew: 471872K->52416K(471872K), 0.2472770 secs] 7601495K->7236674K(11361088K), 0.2475400 secs] [Times: user=0.82 sys=0.14, real=0.24 secs] 
20948.477: [GC 20948.477: [ParNew: 471872K->34858K(471872K), 0.0716770 secs] 7656130K->7219117K(11361088K), 0.0719680 secs] [Times: user=0.61 sys=0.00, real=0.07 secs] 
20956.424: [GC 20956.424: [ParNew: 454314K->52416K(471872K), 0.0917120 secs] 7638573K->7239772K(11361088K), 0.0919580 secs] [Times: user=0.67 sys=0.01, real=0.09 secs] 
20962.400: [GC 20962.400: [ParNew: 471872K->39097K(471872K), 0.1918690 secs] 7659228K->7267843K(11361088K), 0.1921650 secs] [Times: user=0.72 sys=0.13, real=0.19 secs] 
20965.980: [GC 20965.980: [ParNew: 458809K->52415K(471872K), 0.1206430 secs] 7687555K->7281494K(11361088K), 0.1209020 secs] [Times: user=0.68 sys=0.01, real=0.12 secs] 
20980.631: [GC 20980.631: [ParNew: 471871K->33358K(471872K), 0.1368230 secs] 7700950K->7295180K(11361088K), 0.1370610 secs] [Times: user=0.52 sys=0.08, real=0.14 secs] 
20983.506: [GC 20983.506: [ParNew: 452814K->52416K(471872K), 0.1998980 secs] 7714636K->7325726K(11361088K), 0.2001730 secs] [Times: user=0.75 sys=0.01, real=0.20 secs] 
20985.865: [GC 20985.865: [ParNew: 471872K->43290K(471872K), 0.1598790 secs] 7745182K->7355625K(11361088K), 0.1601460 secs] [Times: user=0.69 sys=0.10, real=0.16 secs] 
20993.885: [GC 20993.885: [ParNew: 462746K->20883K(471872K), 0.0673540 secs] 7775081K->7333218K(11361088K), 0.0676120 secs] [Times: user=0.49 sys=0.00, real=0.07 secs] 
21001.026: [GC 21001.026: [ParNew: 440339K->16667K(471872K), 0.0553210 secs] 7752674K->7329002K(11361088K), 0.0555830 secs] [Times: user=0.53 sys=0.01, real=0.06 secs] 
21010.125: [GC 21010.125: [ParNew: 436123K->23793K(471872K), 0.0642440 secs] 7748458K->7336128K(11361088K), 0.0645270 secs] [Times: user=0.52 sys=0.00, real=0.06 secs] 
21016.587: [GC 21016.587: [ParNew: 443249K->32265K(471872K), 0.0925230 secs] 7755584K->7348314K(11361088K), 0.0927990 secs] [Times: user=0.62 sys=0.01, real=0.09 secs] 
21022.821: [GC 21022.821: [ParNew: 451721K->31640K(471872K), 0.0707430 secs] 7767770K->7349742K(11361088K), 0.0710260 secs] [Times: user=0.58 sys=0.01, real=0.07 secs] 
21025.761: [GC 21025.761: [ParNew: 451096K->52415K(471872K), 0.1496410 secs] 7769198K->7382753K(11361088K), 0.1499250 secs] [Times: user=0.69 sys=0.02, real=0.15 secs] 
21032.073: [GC 21032.073: [ParNew: 471871K->48535K(471872K), 0.1849970 secs] 7802209K->7420476K(11361088K), 0.1852600 secs] [Times: user=0.73 sys=0.10, real=0.19 secs] 
21038.627: [GC 21038.627: [ParNew: 467991K->52416K(471872K), 0.0829010 secs] 7839932K->7424391K(11361088K), 0.0831770 secs] [Times: user=0.90 sys=0.01, real=0.08 secs] 
21042.438: [GC 21042.438: [ParNew: 471872K->46285K(471872K), 0.1436040 secs] 7843847K->7448652K(11361088K), 0.1438880 secs] [Times: user=0.68 sys=0.09, real=0.14 secs] 
21047.084: [GC 21047.084: [ParNew: 465741K->46720K(471872K), 0.2083700 secs] 7868108K->7476247K(11361088K), 0.2086510 secs] [Times: user=0.61 sys=0.08, real=0.21 secs] 
21055.717: [GC 21055.718: [ParNew: 466176K->26652K(471872K), 0.0780520 secs] 7895703K->7456179K(11361088K), 0.0783770 secs] [Times: user=0.63 sys=0.00, real=0.07 secs] 
21064.414: [GC 21064.414: [ParNew: 446108K->40766K(471872K), 0.1796070 secs] 7875635K->7470294K(11361088K), 0.1799080 secs] [Times: user=2.01 sys=0.00, real=0.18 secs] 
21071.844: [GC 21071.844: [ParNew: 460222K->29063K(471872K), 0.0677680 secs] 7889750K->7469575K(11361088K), 0.0680390 secs] [Times: user=0.53 sys=0.02, real=0.07 secs] 
21077.031: [GC 21077.031: [ParNew: 448519K->25386K(471872K), 0.0628460 secs] 7889031K->7465897K(11361088K), 0.0631480 secs] [Times: user=0.54 sys=0.01, real=0.06 secs] 
21079.485: [GC 21079.485: [ParNew: 444842K->49517K(471872K), 0.0493460 secs] 7885353K->7490029K(11361088K), 0.0496290 secs] [Times: user=0.55 sys=0.00, real=0.05 secs] 
21084.220: [GC 21084.220: [ParNew: 468973K->34299K(471872K), 0.1482900 secs] 7909485K->7513720K(11361088K), 0.1485500 secs] [Times: user=0.54 sys=0.10, real=0.14 secs] 
21090.686: [GC 21090.686: [ParNew: 453755K->22739K(471872K), 0.0692000 secs] 7933176K->7502160K(11361088K), 0.0694790 secs] [Times: user=0.56 sys=0.01, real=0.07 secs] 
21095.816: [GC 21095.816: [ParNew: 442195K->28911K(471872K), 0.0683700 secs] 7921616K->7508333K(11361088K), 0.0686550 secs] [Times: user=0.56 sys=0.00, real=0.07 secs] 
21104.190: [GC 21104.190: [ParNew: 448367K->52415K(471872K), 0.1270130 secs] 7927789K->7537368K(11361088K), 0.1272940 secs] [Times: user=0.67 sys=0.02, real=0.13 secs] 
21110.149: [GC 21110.149: [ParNew: 471871K->39431K(471872K), 0.1752760 secs] 7956824K->7563507K(11361088K), 0.1755450 secs] [Times: user=0.63 sys=0.13, real=0.18 secs] 
21114.633: [GC 21114.633: [ParNew: 458887K->51553K(471872K), 0.1299900 secs] 7982963K->7575629K(11361088K), 0.1302740 secs] [Times: user=0.68 sys=0.00, real=0.13 secs] 
21119.626: [GC 21119.626: [ParNew: 471009K->41626K(471872K), 0.1169820 secs] 7995085K->7592306K(11361088K), 0.1172480 secs] [Times: user=0.63 sys=0.08, real=0.12 secs] 
21123.179: [GC 21123.179: [ParNew: 461082K->46643K(471872K), 0.1327190 secs] 8011762K->7626975K(11361088K), 0.1329890 secs] [Times: user=0.66 sys=0.09, real=0.13 secs] 
21131.251: [GC 21131.252: [ParNew: 466099K->22565K(471872K), 0.1265690 secs] 8046431K->7627433K(11361088K), 0.1268590 secs] [Times: user=0.52 sys=0.06, real=0.13 secs] 
21138.395: [GC 21138.395: [ParNew: 442021K->24154K(471872K), 0.0990100 secs] 8046889K->7629023K(11361088K), 0.0992710 secs] [Times: user=0.56 sys=0.01, real=0.10 secs] 
21148.799: [GC 21148.799: [ParNew: 443610K->28537K(471872K), 0.0826250 secs] 8048479K->7633406K(11361088K), 0.0828920 secs] [Times: user=0.87 sys=0.00, real=0.08 secs] 
21154.450: [GC 21154.451: [ParNew: 447993K->29803K(471872K), 0.0553710 secs] 8052862K->7634672K(11361088K), 0.0556400 secs] [Times: user=0.56 sys=0.01, real=0.06 secs] 
21165.194: [GC 21165.194: [ParNew: 449259K->26337K(471872K), 0.0730910 secs] 8054128K->7634852K(11361088K), 0.0734230 secs] [Times: user=0.62 sys=0.01, real=0.08 secs] 
21168.456: [GC 21168.456: [ParNew: 445793K->41633K(471872K), 0.2093680 secs] 8054308K->7652948K(11361088K), 0.2096630 secs] [Times: user=2.15 sys=0.01, real=0.21 secs] 
21174.206: [GC 21174.206: [ParNew: 461089K->30294K(471872K), 0.0712130 secs] 8072404K->7649663K(11361088K), 0.0714950 secs] [Times: user=0.39 sys=0.03, real=0.08 secs] 
21181.149: [GC 21181.150: [ParNew: 449750K->31800K(471872K), 0.0847910 secs] 8069119K->7651169K(11361088K), 0.0850650 secs] [Times: user=0.60 sys=0.01, real=0.08 secs] 
21187.116: [GC 21187.116: [ParNew: 451256K->38371K(471872K), 0.0836290 secs] 8070625K->7659737K(11361088K), 0.0839170 secs] [Times: user=0.63 sys=0.01, real=0.09 secs] 
21192.056: [GC 21192.056: [ParNew: 457827K->43964K(471872K), 0.1152880 secs] 8079193K->7668847K(11361088K), 0.1155810 secs] [Times: user=0.63 sys=0.01, real=0.12 secs] 
21200.315: [GC 21200.315: [ParNew: 463420K->36898K(471872K), 0.1437760 secs] 8088303K->7677495K(11361088K), 0.1440430 secs] [Times: user=0.56 sys=0.03, real=0.14 secs] 
21206.009: [GC 21206.009: [ParNew: 456354K->42619K(471872K), 0.0744180 secs] 8096951K->7683216K(11361088K), 0.0747040 secs] [Times: user=0.59 sys=0.00, real=0.08 secs] 
21215.992: [GC 21215.993: [ParNew: 462075K->46587K(471872K), 0.1650010 secs] 8102672K->7717441K(11361088K), 0.1652300 secs] [Times: user=0.66 sys=0.08, real=0.16 secs] 
21220.519: [GC 21220.519: [ParNew: 466043K->33639K(471872K), 0.1265800 secs] 8136897K->7727786K(11361088K), 0.1268180 secs] [Times: user=0.53 sys=0.07, real=0.13 secs] 
21221.380: [GC 21221.380: [ParNew: 453095K->40106K(471872K), 0.0550230 secs] 8147242K->7734253K(11361088K), 0.0552800 secs] [Times: user=0.64 sys=0.01, real=0.06 secs] 
21222.140: [GC 21222.140: [ParNew: 459562K->52416K(471872K), 0.1803690 secs] 8153709K->7778423K(11361088K), 0.1806310 secs] [Times: user=0.89 sys=0.10, real=0.18 secs] 
21222.874: [GC 21222.874: [ParNew: 471872K->52416K(471872K), 0.2051070 secs] 8197879K->7829576K(11361088K), 0.2053530 secs] [Times: user=0.87 sys=0.16, real=0.20 secs] 
21223.892: [GC 21223.892: [ParNew: 471872K->52416K(471872K), 0.2532140 secs] 8249032K->7869680K(11361088K), 0.2534900 secs] [Times: user=0.97 sys=0.12, real=0.26 secs] 
21228.180: [GC 21228.180: [ParNew: 471872K->52416K(471872K), 0.3026190 secs] 8289136K->7910182K(11361088K), 0.3029000 secs] [Times: user=0.85 sys=0.14, real=0.30 secs] 
21234.307: [GC 21234.308: [ParNew: 471872K->28282K(471872K), 0.0594570 secs] 8329638K->7886049K(11361088K), 0.0597450 secs] [Times: user=0.63 sys=0.00, real=0.06 secs] 
21244.819: [GC 21244.819: [ParNew: 447738K->51191K(471872K), 0.1542940 secs] 8305505K->7908958K(11361088K), 0.1545530 secs] [Times: user=0.73 sys=0.00, real=0.15 secs] 
21249.971: [GC 21249.971: [ParNew: 470647K->47253K(471872K), 0.1195840 secs] 8328414K->7921672K(11361088K), 0.1198470 secs] [Times: user=0.68 sys=0.06, real=0.12 secs] 
21262.931: [GC 21262.931: [ParNew: 466709K->43676K(471872K), 0.1855730 secs] 8341128K->7946924K(11361088K), 0.1858530 secs] [Times: user=0.65 sys=0.08, real=0.19 secs] 
21267.103: [GC 21267.103: [ParNew: 463132K->50384K(471872K), 0.1931180 secs] 8366380K->7953632K(11361088K), 0.1934350 secs] [Times: user=0.66 sys=0.00, real=0.19 secs] 
21278.393: [GC 21278.394: [ParNew: 469840K->16699K(471872K), 0.0761570 secs] 8373088K->7933055K(11361088K), 0.0764310 secs] [Times: user=0.48 sys=0.04, real=0.08 secs] 
21292.784: [GC 21292.784: [ParNew: 436155K->42454K(471872K), 0.0935340 secs] 8352511K->7958811K(11361088K), 0.0938050 secs] [Times: user=0.68 sys=0.01, real=0.09 secs] 
21298.275: [GC 21298.275: [ParNew: 461685K->44357K(471872K), 0.1556220 secs] 8378042K->7989834K(11361088K), 0.1558870 secs] [Times: user=0.70 sys=0.09, real=0.16 secs] 
21307.554: [GC 21307.554: [ParNew: 463813K->45792K(471872K), 0.2458130 secs] 8409290K->8018175K(11361088K), 0.2461380 secs] [Times: user=0.63 sys=0.06, real=0.24 secs] 
21322.519: [GC 21322.519: [ParNew: 465248K->29400K(471872K), 0.0962790 secs] 8437631K->8001784K(11361088K), 0.0965690 secs] [Times: user=0.59 sys=0.01, real=0.10 secs] 
21326.242: [GC 21326.242: [ParNew: 448856K->29672K(471872K), 0.0711310 secs] 8421240K->8002055K(11361088K), 0.0714090 secs] [Times: user=0.58 sys=0.01, real=0.08 secs] 
21336.698: [GC 21336.698: [ParNew: 449128K->42660K(471872K), 0.0714790 secs] 8421511K->8015043K(11361088K), 0.0717420 secs] [Times: user=0.56 sys=0.00, real=0.07 secs] 
21340.909: [GC 21340.910: [ParNew: 462116K->52416K(471872K), 0.1234420 secs] 8434499K->8042624K(11361088K), 0.1237100 secs] [Times: user=0.66 sys=0.05, real=0.12 secs] 
21347.117: [GC 21347.117: [ParNew: 471872K->52416K(471872K), 0.2913990 secs] 8462080K->8095295K(11361088K), 0.2916820 secs] [Times: user=0.86 sys=0.12, real=0.29 secs] 
21354.027: [GC 21354.027: [ParNew: 471872K->52416K(471872K), 0.1879640 secs] 8514751K->8114634K(11361088K), 0.1882420 secs] [Times: user=0.76 sys=0.03, real=0.19 secs] 
21358.303: [GC 21358.303: [ParNew: 471872K->52416K(471872K), 0.2516970 secs] 8534090K->8171948K(11361088K), 0.2519810 secs] [Times: user=0.90 sys=0.15, real=0.25 secs] 
21361.222: [GC 21361.222: [ParNew: 471872K->28131K(471872K), 0.1262750 secs] 8591404K->8172144K(11361088K), 0.1265500 secs] [Times: user=0.52 sys=0.07, real=0.13 secs] 
21364.206: [GC 21364.206: [ParNew: 447587K->45816K(471872K), 0.0747430 secs] 8591600K->8189829K(11361088K), 0.0750220 secs] [Times: user=0.77 sys=0.00, real=0.07 secs] 
21368.266: [GC 21368.266: [ParNew: 465272K->39331K(471872K), 0.1468890 secs] 8609285K->8214987K(11361088K), 0.1471960 secs] [Times: user=0.64 sys=0.08, real=0.15 secs] 
21369.781: [GC 21369.782: [ParNew: 458787K->52416K(471872K), 0.0541130 secs] 8634443K->8230135K(11361088K), 0.0543740 secs] [Times: user=0.62 sys=0.01, real=0.05 secs] 
21377.953: [GC 21377.953: [ParNew: 471872K->52416K(471872K), 0.3250620 secs] 8649591K->8293456K(11361088K), 0.3253150 secs] [Times: user=0.88 sys=0.18, real=0.33 secs] 
21381.270: [GC 21381.270: [ParNew: 471872K->36029K(471872K), 0.1868290 secs] 8712912K->8302224K(11361088K), 0.1870860 secs] [Times: user=0.59 sys=0.06, real=0.18 secs] 
21386.331: [GC 21386.331: [ParNew: 455485K->52415K(471872K), 0.1153110 secs] 8721680K->8320137K(11361088K), 0.1156430 secs] [Times: user=0.71 sys=0.01, real=0.11 secs] 
21392.514: [GC 21392.514: [ParNew: 471871K->52415K(471872K), 0.1749480 secs] 8739593K->8358722K(11361088K), 0.1752320 secs] [Times: user=0.76 sys=0.11, real=0.18 secs] 
21398.865: [GC 21398.865: [ParNew: 471871K->46162K(471872K), 0.1581860 secs] 8778178K->8377274K(11361088K), 0.1584450 secs] [Times: user=0.63 sys=0.07, real=0.16 secs] 
21400.668: [GC 21400.669: [ParNew: 465618K->35716K(471872K), 0.1476530 secs] 8796730K->8394091K(11361088K), 0.1479440 secs] [Times: user=0.64 sys=0.07, real=0.15 secs] 
21403.748: [GC 21403.748: [ParNew: 455172K->30282K(471872K), 0.1119260 secs] 8813547K->8388658K(11361088K), 0.1122020 secs] [Times: user=0.59 sys=0.00, real=0.11 secs] 
21408.361: [GC 21408.361: [ParNew: 449738K->20820K(471872K), 0.0749860 secs] 8808114K->8379195K(11361088K), 0.0752600 secs] [Times: user=0.56 sys=0.01, real=0.07 secs] 
21411.989: [GC 21411.989: [ParNew: 440276K->41219K(471872K), 0.1408070 secs] 8798651K->8399594K(11361088K), 0.1410890 secs] [Times: user=0.66 sys=0.01, real=0.14 secs] 
21415.323: [GC 21415.323: [ParNew: 460675K->52416K(471872K), 0.1299630 secs] 8819050K->8434452K(11361088K), 0.1302330 secs] [Times: user=0.81 sys=0.06, real=0.13 secs] 
21419.625: [GC 21419.625: [ParNew: 471872K->52416K(471872K), 0.2588530 secs] 8853908K->8489822K(11361088K), 0.2591440 secs] [Times: user=0.93 sys=0.11, real=0.26 secs] 
21424.892: [GC 21424.892: [ParNew: 471872K->42162K(471872K), 0.1713050 secs] 8909278K->8512358K(11361088K), 0.1715490 secs] [Times: user=0.58 sys=0.10, real=0.18 secs] 
21428.991: [GC 21428.991: [ParNew: 461618K->19547K(471872K), 0.0571680 secs] 8931814K->8489744K(11361088K), 0.0574360 secs] [Times: user=0.54 sys=0.01, real=0.06 secs] 
21430.030: [GC 21430.030: [ParNew: 439003K->33882K(471872K), 0.0633190 secs] 8909200K->8504078K(11361088K), 0.0636410 secs] [Times: user=0.68 sys=0.00, real=0.07 secs] 
21430.790: [GC 21430.791: [ParNew: 453338K->52416K(471872K), 0.0601860 secs] 8923534K->8525718K(11361088K), 0.0604690 secs] [Times: user=0.70 sys=0.01, real=0.06 secs] 
21431.641: [GC 21431.641: [ParNew: 471872K->52416K(471872K), 0.1219990 secs] 8945174K->8549883K(11361088K), 0.1222680 secs] [Times: user=0.70 sys=0.09, real=0.12 secs] 
21432.482: [GC 21432.482: [ParNew: 471872K->52416K(471872K), 0.1239910 secs] 8969339K->8569065K(11361088K), 0.1242650 secs] [Times: user=0.62 sys=0.07, real=0.13 secs] 
21434.219: [GC 21434.219: [ParNew: 471872K->52416K(471872K), 0.2467460 secs] 8988521K->8597942K(11361088K), 0.2470180 secs] [Times: user=0.84 sys=0.06, real=0.25 secs] 
21441.096: [GC 21441.096: [ParNew: 471872K->49555K(471872K), 0.2920740 secs] 9017398K->8638452K(11361088K), 0.2923280 secs] [Times: user=0.95 sys=0.20, real=0.29 secs] 
21445.770: [GC 21445.770: [ParNew: 469011K->52416K(471872K), 0.1625300 secs] 9057908K->8662881K(11361088K), 0.1627920 secs] [Times: user=0.85 sys=0.05, real=0.16 secs] 
21450.796: [GC 21450.796: [ParNew: 471872K->52416K(471872K), 0.4090480 secs] 9082337K->8737229K(11361088K), 0.4093050 secs] [Times: user=1.01 sys=0.17, real=0.40 secs] 
21456.331: [GC 21456.331: [ParNew: 471872K->52416K(471872K), 0.1686240 secs] 9156685K->8742902K(11361088K), 0.1688880 secs] [Times: user=0.73 sys=0.00, real=0.17 secs] 
21463.495: [GC 21463.495: [ParNew: 471872K->52416K(471872K), 0.1262210 secs] 9162358K->8766468K(11361088K), 0.1265000 secs] [Times: user=0.66 sys=0.07, real=0.13 secs] 
21465.273: [GC 21465.273: [ParNew: 471872K->45668K(471872K), 0.1872190 secs] 9185924K->8793338K(11361088K), 0.1874980 secs] [Times: user=0.64 sys=0.09, real=0.19 secs] 
21472.896: [GC 21472.896: [ParNew: 465124K->25957K(471872K), 0.1047940 secs] 9212794K->8773626K(11361088K), 0.1050660 secs] [Times: user=0.58 sys=0.01, real=0.11 secs] 
21480.322: [GC 21480.323: [ParNew: 445413K->45326K(471872K), 0.0567470 secs] 9193082K->8792995K(11361088K), 0.0570290 secs] [Times: user=0.63 sys=0.00, real=0.06 secs] 
21483.968: [GC 21483.968: [ParNew: 464782K->34467K(471872K), 0.1510630 secs] 9212451K->8818812K(11361088K), 0.1512820 secs] [Times: user=0.62 sys=0.11, real=0.16 secs] 
21489.056: [GC 21489.056: [ParNew: 453923K->49543K(471872K), 0.1316410 secs] 9238268K->8833889K(11361088K), 0.1319360 secs] [Times: user=0.68 sys=0.00, real=0.13 secs] 
21493.718: [GC 21493.718: [ParNew: 468999K->40360K(471872K), 0.1000980 secs] 9253345K->8838786K(11361088K), 0.1003960 secs] [Times: user=0.63 sys=0.02, real=0.10 secs] 
21495.375: [GC 21495.375: [ParNew: 459816K->41812K(471872K), 0.1729790 secs] 9258242K->8866492K(11361088K), 0.1732420 secs] [Times: user=0.63 sys=0.08, real=0.17 secs] 
21497.022: [GC 21497.022: [ParNew: 461152K->38104K(471872K), 0.1581810 secs] 9285833K->8872777K(11361088K), 0.1584410 secs] [Times: user=0.51 sys=0.03, real=0.16 secs] 
21499.276: [GC 21499.277: [ParNew: 457560K->52416K(471872K), 0.1030180 secs] 9292233K->8904363K(11361088K), 0.1032780 secs] [Times: user=0.73 sys=0.05, real=0.11 secs] 
21503.727: [GC 21503.728: [ParNew: 471872K->52415K(471872K), 0.2986230 secs] 9323819K->8958500K(11361088K), 0.2988640 secs] [Times: user=0.88 sys=0.15, real=0.30 secs] 
21507.410: [GC 21507.410: [ParNew: 471871K->52416K(471872K), 0.1746680 secs] 9377956K->8997159K(11361088K), 0.1749080 secs] [Times: user=0.97 sys=0.11, real=0.18 secs] 
21518.370: [GC 21518.370: [ParNew: 471872K->52416K(471872K), 0.2800820 secs] 9416615K->9055287K(11361088K), 0.2803070 secs] [Times: user=0.96 sys=0.14, real=0.28 secs] 
21525.324: [GC 21525.324: [ParNew: 471872K->24935K(471872K), 0.1478560 secs] 9474743K->9054991K(11361088K), 0.1481320 secs] [Times: user=0.64 sys=0.07, real=0.14 secs] 
21533.159: [GC 21533.160: [ParNew: 444391K->40625K(471872K), 0.0637180 secs] 9474447K->9070681K(11361088K), 0.0639980 secs] [Times: user=0.64 sys=0.00, real=0.07 secs] 
21540.660: [GC 21540.660: [ParNew: 460081K->36854K(471872K), 0.0540350 secs] 9490137K->9077784K(11361088K), 0.0542890 secs] [Times: user=0.51 sys=0.04, real=0.06 secs] 
21546.849: [GC 21546.849: [ParNew: 456310K->41841K(471872K), 0.1149230 secs] 9497240K->9106006K(11361088K), 0.1151750 secs] [Times: user=0.64 sys=0.07, real=0.11 secs] 
21557.472: [GC 21557.472: [ParNew: 461297K->37409K(471872K), 0.1746390 secs] 9525462K->9127585K(11361088K), 0.1749190 secs] [Times: user=0.58 sys=0.07, real=0.18 secs] 
21561.697: [GC 21561.697: [ParNew: 456865K->46210K(471872K), 0.1146700 secs] 9547041K->9136386K(11361088K), 0.1149620 secs] [Times: user=1.33 sys=0.00, real=0.11 secs] 
21573.282: [GC 21573.283: [ParNew: 465666K->35433K(471872K), 0.1392210 secs] 9555842K->9152846K(11361088K), 0.1394960 secs] [Times: user=0.55 sys=0.09, real=0.14 secs] 
21584.083: [GC 21584.084: [ParNew: 454889K->16976K(471872K), 0.0764220 secs] 9572302K->9134390K(11361088K), 0.0766880 secs] [Times: user=0.58 sys=0.01, real=0.08 secs] 
21588.368: [GC 21588.368: [ParNew: 436432K->24601K(471872K), 0.0655100 secs] 9553846K->9142015K(11361088K), 0.0658160 secs] [Times: user=0.59 sys=0.01, real=0.07 secs] 
21589.288: [GC 21589.289: [ParNew: 444057K->41727K(471872K), 0.0549600 secs] 9561471K->9159140K(11361088K), 0.0552480 secs] [Times: user=0.63 sys=0.00, real=0.06 secs] 
21590.050: [GC 21590.050: [ParNew: 461183K->52247K(471872K), 0.1116860 secs] 9578596K->9187469K(11361088K), 0.1120170 secs] [Times: user=0.61 sys=0.04, real=0.11 secs] 
21590.778: [GC 21590.778: [ParNew: 471703K->51676K(471872K), 0.1148150 secs] 9606925K->9204818K(11361088K), 0.1150600 secs] [Times: user=0.63 sys=0.07, real=0.12 secs] 
21591.689: [GC 21591.690: [ParNew: 471132K->52416K(471872K), 0.1399510 secs] 9624274K->9226541K(11361088K), 0.1402520 secs] [Times: user=0.70 sys=0.06, real=0.14 secs] 
21593.008: [GC 21593.008: [ParNew: 471872K->52416K(471872K), 0.2251620 secs] 9645997K->9252932K(11361088K), 0.2254300 secs] [Times: user=0.87 sys=0.05, real=0.23 secs] 
21598.772: [GC 21598.772: [ParNew: 471872K->52415K(471872K), 0.2951250 secs] 9672388K->9296251K(11361088K), 0.2953840 secs] [Times: user=0.91 sys=0.16, real=0.29 secs] 
21612.213: [GC 21612.214: [ParNew: 471871K->18701K(471872K), 0.0748890 secs] 9715707K->9262537K(11361088K), 0.0751660 secs] [Times: user=0.59 sys=0.01, real=0.07 secs] 
21618.243: [GC 21618.244: [ParNew: 438157K->24670K(471872K), 0.1134000 secs] 9681993K->9268505K(11361088K), 0.1136940 secs] [Times: user=0.62 sys=0.01, real=0.11 secs] 
21625.685: [GC 21625.685: [ParNew: 444126K->41917K(471872K), 0.0622570 secs] 9687961K->9285753K(11361088K), 0.0625370 secs] [Times: user=0.59 sys=0.00, real=0.06 secs] 
21630.198: [GC 21630.198: [ParNew: 461373K->41244K(471872K), 0.1683480 secs] 9705209K->9317074K(11361088K), 0.1686110 secs] [Times: user=0.70 sys=0.07, real=0.17 secs] 
21633.223: [GC 21633.223: [ParNew: 460700K->52416K(471872K), 0.1606580 secs] 9736530K->9357168K(11361088K), 0.1609920 secs] [Times: user=0.89 sys=0.10, real=0.16 secs] 
21640.559: [GC 21640.559: [ParNew: 471872K->52416K(471872K), 0.3037560 secs] 9776624K->9415696K(11361088K), 0.3040450 secs] [Times: user=0.89 sys=0.13, real=0.30 secs] 
21652.206: [GC 21652.206: [ParNew: 471872K->42661K(471872K), 0.0607030 secs] 9835152K->9405941K(11361088K), 0.0621690 secs] [Times: user=0.65 sys=0.00, real=0.06 secs] 
21661.164: [GC 21661.164: [ParNew: 462117K->34538K(471872K), 0.1331490 secs] 9825397K->9421645K(11361088K), 0.1334140 secs] [Times: user=0.58 sys=0.07, real=0.14 secs] 
21673.720: [GC 21673.720: [ParNew: 453994K->24294K(471872K), 0.0684120 secs] 9841101K->9411401K(11361088K), 0.0687040 secs] [Times: user=0.59 sys=0.01, real=0.07 secs] 
21682.393: [GC 21682.393: [ParNew: 443750K->52416K(471872K), 0.2292580 secs] 9830857K->9476995K(11361088K), 0.2295420 secs] [Times: user=1.07 sys=0.09, real=0.23 secs] 
21692.072: [GC 21692.072: [ParNew: 471872K->52415K(471872K), 0.3009230 secs] 9896451K->9532396K(11361088K), 0.3012200 secs] [Times: user=0.85 sys=0.15, real=0.30 secs] 
21702.545: [GC 21702.545: [ParNew: 471674K->23788K(471872K), 0.0585870 secs] 9951654K->9503769K(11361088K), 0.0588490 secs] [Times: user=0.54 sys=0.01, real=0.06 secs] 
21710.946: [GC 21710.946: [ParNew: 443244K->48155K(471872K), 0.0825450 secs] 9923225K->9528136K(11361088K), 0.0828120 secs] [Times: user=0.68 sys=0.00, real=0.08 secs] 
21717.902: [GC 21717.902: [ParNew: 467611K->48899K(471872K), 0.2226120 secs] 9947592K->9563492K(11361088K), 0.2229160 secs] [Times: user=0.75 sys=0.10, real=0.22 secs] 
21724.472: [GC 21724.472: [ParNew: 468355K->44090K(471872K), 0.0681560 secs] 9982948K->9558683K(11361088K), 0.0684390 secs] [Times: user=0.66 sys=0.00, real=0.06 secs] 
21731.956: [GC 21731.956: [ParNew: 463546K->45285K(471872K), 0.1656500 secs] 9978139K->9592123K(11361088K), 0.1659390 secs] [Times: user=0.68 sys=0.08, real=0.16 secs] 
21739.652: [GC 21739.652: [ParNew: 464741K->33660K(471872K), 0.1513810 secs] 10011579K->9605975K(11361088K), 0.1516950 secs] [Times: user=0.62 sys=0.06, real=0.16 secs] 
21747.591: [GC 21747.591: [ParNew: 453116K->27126K(471872K), 0.0667390 secs] 10025431K->9599440K(11361088K), 0.0670380 secs] [Times: user=0.62 sys=0.00, real=0.07 secs] 
21754.524: [GC 21754.524: [ParNew: 446582K->43831K(471872K), 0.0526550 secs] 10018896K->9616145K(11361088K), 0.0529260 secs] [Times: user=0.58 sys=0.00, real=0.06 secs] 
21763.617: [GC 21763.618: [ParNew: 463287K->41215K(471872K), 0.1067600 secs] 10035601K->9630334K(11361088K), 0.1070960 secs] [Times: user=0.50 sys=0.05, real=0.10 secs] 
21768.718: [GC 21768.718: [ParNew: 460671K->37728K(471872K), 0.0749990 secs] 10049790K->9626847K(11361088K), 0.0752610 secs] [Times: user=0.67 sys=0.00, real=0.07 secs] 
21774.607: [GC 21774.607: [ParNew: 457184K->42701K(471872K), 0.1406430 secs] 10046303K->9647015K(11361088K), 0.1409380 secs] [Times: user=0.86 sys=0.06, real=0.15 secs] 
21777.400: [GC 21777.400: [ParNew: 462157K->52415K(471872K), 0.0951290 secs] 10066471K->9659958K(11361088K), 0.0954430 secs] [Times: user=1.08 sys=0.02, real=0.09 secs] 
21786.207: [GC 21786.207: [ParNew: 471871K->41820K(471872K), 0.1663980 secs] 10079414K->9684624K(11361088K), 0.1666630 secs] [Times: user=0.60 sys=0.09, real=0.17 secs] 
21789.706: [GC 21789.706: [ParNew: 461276K->30178K(471872K), 0.0677630 secs] 10104080K->9672982K(11361088K), 0.0680540 secs] [Times: user=0.58 sys=0.01, real=0.07 secs] 
21792.406: [GC 21792.406: [ParNew: 449634K->52416K(471872K), 0.1165490 secs] 10092438K->9698315K(11361088K), 0.1168120 secs] [Times: user=1.16 sys=0.00, real=0.12 secs] 
21800.101: [GC 21800.102: [ParNew: 471872K->44392K(471872K), 0.1445640 secs] 10117771K->9709761K(11361088K), 0.1448520 secs] [Times: user=0.58 sys=0.04, real=0.14 secs] 
21801.904: [GC 21801.904: [ParNew: 463848K->52416K(471872K), 0.0732880 secs] 10129217K->9721092K(11361088K), 0.0735550 secs] [Times: user=0.68 sys=0.01, real=0.07 secs] 
21802.859: [GC 21802.859: [ParNew: 471872K->52416K(471872K), 0.2355420 secs] 10140548K->9772236K(11361088K), 0.2358030 secs] [Times: user=0.90 sys=0.18, real=0.24 secs] 
21803.953: [GC 21803.953: [ParNew: 471872K->43258K(471872K), 0.0570850 secs] 10191692K->9763079K(11361088K), 0.0573590 secs] [Times: user=0.68 sys=0.01, real=0.06 secs] 
21804.752: [GC 21804.752: [ParNew: 462714K->52416K(471872K), 0.1385070 secs] 10182535K->9792227K(11361088K), 0.1387850 secs] [Times: user=0.63 sys=0.05, real=0.14 secs] 
21806.093: [GC 21806.093: [ParNew: 471872K->52416K(471872K), 0.2441950 secs] 10211683K->9822280K(11361088K), 0.2444640 secs] [Times: user=0.90 sys=0.05, real=0.24 secs] 
21816.161: [GC 21816.161: [ParNew: 471872K->47585K(471872K), 0.2966770 secs] 10241736K->9860904K(11361088K), 0.2969480 secs] [Times: user=0.90 sys=0.15, real=0.30 secs] 
21826.132: [GC 21826.132: [ParNew: 467041K->24534K(471872K), 0.0955930 secs] 10280360K->9837853K(11361088K), 0.0958800 secs] [Times: user=0.65 sys=0.01, real=0.10 secs] 
21831.492: [GC 21831.492: [ParNew: 443990K->34505K(471872K), 0.2644870 secs] 10257309K->9847823K(11361088K), 0.2647640 secs] [Times: user=3.28 sys=0.00, real=0.27 secs] 
21840.268: [GC 21840.268: [ParNew: 453961K->41878K(471872K), 0.1331650 secs] 10267279K->9862346K(11361088K), 0.1334500 secs] [Times: user=1.25 sys=0.02, real=0.13 secs] 
21844.477: [GC 21844.477: [ParNew: 461334K->31146K(471872K), 0.0911450 secs] 10281802K->9864039K(11361088K), 0.0914340 secs] [Times: user=0.59 sys=0.05, real=0.09 secs] 
21845.576: [GC 21845.576: [ParNew: 450602K->30271K(471872K), 0.0662670 secs] 10283495K->9863164K(11361088K), 0.0665660 secs] [Times: user=0.64 sys=0.00, real=0.06 secs] 
21846.571: [GC 21846.571: [ParNew: 449727K->52040K(471872K), 0.0664130 secs] 10282620K->9884933K(11361088K), 0.0666620 secs] [Times: user=0.70 sys=0.00, real=0.07 secs] 
21847.481: [GC 21847.481: [ParNew: 471496K->52416K(471872K), 0.1153770 secs] 10304389K->9905982K(11361088K), 0.1156390 secs] [Times: user=0.70 sys=0.07, real=0.12 secs] 
21848.163: [GC 21848.163: [ParNew: 471872K->52415K(471872K), 0.1425340 secs] 10325438K->9925958K(11361088K), 0.1427930 secs] [Times: user=0.64 sys=0.06, real=0.15 secs] 
21848.898: [GC 21848.898: [ParNew: 471871K->49973K(471872K), 0.1084040 secs] 10345414K->9939430K(11361088K), 0.1086710 secs] [Times: user=0.64 sys=0.06, real=0.11 secs] 
21852.679: [GC 21852.679: [ParNew: 469429K->52416K(471872K), 0.2435960 secs] 10358886K->9971695K(11361088K), 0.2438720 secs] [Times: user=0.85 sys=0.08, real=0.24 secs] 
21854.604: [GC 21854.604: [ParNew: 471872K->52416K(471872K), 0.1566550 secs] 10391151K->9995045K(11361088K), 0.1569230 secs] [Times: user=0.83 sys=0.07, real=0.16 secs] 
21858.613: [GC 21858.613: [ParNew: 471872K->52416K(471872K), 0.2819030 secs] 10414501K->10028079K(11361088K), 0.2821710 secs] [Times: user=1.21 sys=0.11, real=0.28 secs] 
21861.357: [GC 21861.358: [ParNew: 471872K->52416K(471872K), 0.1090930 secs] 10447535K->10036837K(11361088K), 0.1093350 secs] [Times: user=0.68 sys=0.00, real=0.11 secs] 
21865.264: [GC 21865.264: [ParNew: 471872K->52416K(471872K), 0.1573330 secs] 10456293K->10063222K(11361088K), 0.1576180 secs] [Times: user=0.66 sys=0.06, real=0.16 secs] 
21869.941: [GC 21869.942: [ParNew: 471835K->52416K(471872K), 0.1543120 secs] 10482641K->10088913K(11361088K), 0.1546050 secs] [Times: user=0.79 sys=0.05, real=0.15 secs] 
21870.098: [GC [1 CMS-initial-mark: 10036497K(10889216K)] 10089169K(11361088K), 0.1052800 secs] [Times: user=0.11 sys=0.00, real=0.10 secs] 
21870.203: [CMS-concurrent-mark-start]
21872.984: [CMS-concurrent-mark: 2.718/2.780 secs] [Times: user=12.52 sys=0.13, real=2.78 secs] 
21872.984: [CMS-concurrent-preclean-start]
21873.023: [CMS-concurrent-preclean: 0.039/0.039 secs] [Times: user=0.07 sys=0.00, real=0.04 secs] 
21873.023: [CMS-concurrent-abortable-preclean-start]
21874.408: [GC 21874.408: [ParNew: 471872K->49597K(471872K), 0.2111230 secs] 10508369K->10135173K(11361088K), 0.2113940 secs] [Times: user=0.95 sys=0.13, real=0.21 secs] 
21876.870: [CMS-concurrent-abortable-preclean: 2.267/3.847 secs] [Times: user=5.85 sys=0.38, real=3.85 secs] 
21876.873: [GC[YG occupancy: 358153 K (471872 K)]21876.873: [Rescan (parallel) , 0.0934110 secs]21876.966: [weak refs processing, 0.1698160 secs]21877.136: [class unloading, 0.1041910 secs]21877.241: [scrub symbol & string tables, 0.0910260 secs] [1 CMS-remark: 10085575K(10889216K)] 10443729K(11361088K), 0.4728790 secs] [Times: user=1.51 sys=0.01, real=0.47 secs] 
21877.346: [CMS-concurrent-sweep-start]
21879.734: [GC 21879.734: [ParNew: 469053K->52416K(471872K), 0.0773720 secs] 9560297K->9150668K(11361088K), 0.0776610 secs] [Times: user=0.79 sys=0.01, real=0.08 secs] 
21887.388: [GC 21887.388: [ParNew: 471872K->52416K(471872K), 0.2173440 secs] 4924912K->4565618K(11361088K), 0.2176290 secs] [Times: user=1.47 sys=0.04, real=0.22 secs] 
21887.671: [CMS-concurrent-sweep: 9.989/10.325 secs] [Times: user=16.68 sys=0.38, real=10.33 secs] 
21887.671: [CMS-concurrent-reset-start]
21887.752: [CMS-concurrent-reset: 0.080/0.080 secs] [Times: user=0.08 sys=0.00, real=0.08 secs] 
21892.378: [GC 21892.379: [ParNew: 471872K->52415K(471872K), 0.1452970 secs] 4985074K->4597352K(11361088K), 0.1455780 secs] [Times: user=0.68 sys=0.02, real=0.15 secs] 
21893.621: [GC 21893.621: [ParNew: 471871K->44718K(471872K), 0.1249540 secs] 5016808K->4620495K(11361088K), 0.1252410 secs] [Times: user=1.18 sys=0.02, real=0.12 secs] 
21898.796: [GC 21898.796: [ParNew: 463983K->52416K(471872K), 0.2073810 secs] 5039761K->4669556K(11361088K), 0.2076680 secs] [Times: user=1.00 sys=0.02, real=0.21 secs] 
21904.620: [GC 21904.620: [ParNew: 471872K->52416K(471872K), 0.1301320 secs] 5089012K->4720101K(11361088K), 0.1304230 secs] [Times: user=0.97 sys=0.06, real=0.13 secs] 
21909.082: [GC 21909.082: [ParNew: 471872K->46993K(471872K), 0.1092000 secs] 5139557K->4759405K(11361088K), 0.1094650 secs] [Times: user=0.63 sys=0.04, real=0.11 secs] 
21914.253: [GC 21914.253: [ParNew: 466449K->15895K(471872K), 0.0569550 secs] 5178861K->4728306K(11361088K), 0.0572570 secs] [Times: user=0.56 sys=0.01, real=0.05 secs] 
21924.861: [GC 21924.862: [ParNew: 435351K->44116K(471872K), 0.0790140 secs] 5147762K->4756527K(11361088K), 0.0792940 secs] [Times: user=0.66 sys=0.00, real=0.08 secs] 
21933.716: [GC 21933.717: [ParNew: 463572K->37838K(471872K), 0.1495240 secs] 5175983K->4783403K(11361088K), 0.1498140 secs] [Times: user=0.69 sys=0.03, real=0.15 secs] 
21945.275: [GC 21945.275: [ParNew: 457294K->18663K(471872K), 0.0636630 secs] 5202859K->4764228K(11361088K), 0.0639500 secs] [Times: user=0.64 sys=0.00, real=0.06 secs] 
21950.659: [GC 21950.659: [ParNew: 438119K->52416K(471872K), 0.1012590 secs] 5183684K->4811185K(11361088K), 0.1015660 secs] [Times: user=0.85 sys=0.01, real=0.10 secs] 
21953.229: [GC 21953.229: [ParNew: 471872K->52415K(471872K), 0.1861970 secs] 5230641K->4868208K(11361088K), 0.1864840 secs] [Times: user=0.94 sys=0.04, real=0.19 secs] 
21959.566: [GC 21959.567: [ParNew: 471871K->25205K(471872K), 0.0953970 secs] 5287664K->4867791K(11361088K), 0.0956710 secs] [Times: user=0.61 sys=0.02, real=0.09 secs] 
21964.401: [GC 21964.402: [ParNew: 444661K->37864K(471872K), 0.1333080 secs] 5287247K->4880450K(11361088K), 0.1336010 secs] [Times: user=0.70 sys=0.01, real=0.13 secs] 
21971.250: [GC 21971.251: [ParNew: 457320K->30192K(471872K), 0.1620790 secs] 5299906K->4884228K(11361088K), 0.1623630 secs] [Times: user=1.64 sys=0.01, real=0.16 secs] 
21979.729: [GC 21979.730: [ParNew: 449648K->42605K(471872K), 0.0684880 secs] 5303684K->4896641K(11361088K), 0.0687890 secs] [Times: user=0.61 sys=0.00, real=0.07 secs] 
21984.756: [GC 21984.756: [ParNew: 462061K->37650K(471872K), 0.1357250 secs] 5316097K->4920498K(11361088K), 0.1360160 secs] [Times: user=0.65 sys=0.03, real=0.14 secs] 
21991.382: [GC 21991.383: [ParNew: 457106K->35683K(471872K), 0.1466020 secs] 5339954K->4918531K(11361088K), 0.1468950 secs] [Times: user=1.41 sys=0.00, real=0.15 secs] 
21993.665: [GC 21993.665: [ParNew: 455109K->24592K(471872K), 0.0639800 secs] 5337957K->4910111K(11361088K), 0.0642650 secs] [Times: user=0.63 sys=0.00, real=0.07 secs] 
22001.251: [GC 22001.251: [ParNew: 444048K->52416K(471872K), 0.1119910 secs] 5329567K->4954296K(11361088K), 0.1122820 secs] [Times: user=0.84 sys=0.01, real=0.11 secs] 
22003.584: [GC 22003.584: [ParNew: 471872K->51183K(471872K), 0.1856420 secs] 5373752K->4999524K(11361088K), 0.1859280 secs] [Times: user=0.83 sys=0.04, real=0.19 secs] 
22012.964: [GC 22012.964: [ParNew: 470639K->40518K(471872K), 0.0737440 secs] 5418980K->4996615K(11361088K), 0.0740380 secs] [Times: user=0.69 sys=0.00, real=0.07 secs] 
22017.695: [GC 22017.695: [ParNew: 459974K->46942K(471872K), 0.1078490 secs] 5416071K->5011333K(11361088K), 0.1081100 secs] [Times: user=0.64 sys=0.00, real=0.11 secs] 
22020.544: [GC 22020.544: [ParNew: 466398K->41061K(471872K), 0.0762790 secs] 5430789K->5024308K(11361088K), 0.0765550 secs] [Times: user=0.70 sys=0.02, real=0.07 secs] 
22028.005: [GC 22028.006: [ParNew: 460517K->34445K(471872K), 0.0786870 secs] 5443764K->5028012K(11361088K), 0.0789550 secs] [Times: user=0.57 sys=0.01, real=0.08 secs] 
22033.549: [GC 22033.549: [ParNew: 453901K->25878K(471872K), 0.0722270 secs] 5447468K->5019445K(11361088K), 0.0724990 secs] [Times: user=0.61 sys=0.00, real=0.07 secs] 
22048.320: [GC 22048.320: [ParNew: 445334K->31279K(471872K), 0.0774320 secs] 5438901K->5024845K(11361088K), 0.0777270 secs] [Times: user=0.66 sys=0.01, real=0.08 secs] 
22058.452: [GC 22058.452: [ParNew: 450735K->52416K(471872K), 0.0660050 secs] 5444301K->5049249K(11361088K), 0.0662710 secs] [Times: user=0.64 sys=0.00, real=0.07 secs] 
22063.789: [GC 22063.789: [ParNew: 471872K->51464K(471872K), 0.1745200 secs] 5468705K->5089420K(11361088K), 0.1748150 secs] [Times: user=1.23 sys=0.04, real=0.17 secs] 
22067.854: [GC 22067.854: [ParNew: 470920K->33363K(471872K), 0.1573940 secs] 5508876K->5075737K(11361088K), 0.1576720 secs] [Times: user=1.59 sys=0.00, real=0.16 secs] 
22071.693: [GC 22071.693: [ParNew: 452819K->21241K(471872K), 0.0650040 secs] 5495193K->5063616K(11361088K), 0.0652530 secs] [Times: user=0.59 sys=0.00, real=0.07 secs] 
22074.013: [GC 22074.013: [ParNew: 440697K->52415K(471872K), 0.1922120 secs] 5483072K->5103552K(11361088K), 0.1925000 secs] [Times: user=0.76 sys=0.01, real=0.19 secs] 
22078.925: [GC 22078.926: [ParNew: 471871K->39271K(471872K), 0.1745190 secs] 5523008K->5120724K(11361088K), 0.1747970 secs] [Times: user=1.29 sys=0.02, real=0.18 secs] 
22083.508: [GC 22083.508: [ParNew: 458727K->26232K(471872K), 0.0874330 secs] 5540180K->5113424K(11361088K), 0.0877000 secs] [Times: user=0.91 sys=0.00, real=0.08 secs] 
22088.191: [GC 22088.191: [ParNew: 445688K->50164K(471872K), 0.0901100 secs] 5532880K->5137356K(11361088K), 0.0903810 secs] [Times: user=0.73 sys=0.00, real=0.09 secs] 
22090.603: [GC 22090.603: [ParNew: 469620K->52416K(471872K), 0.1477000 secs] 5556812K->5175382K(11361088K), 0.1479930 secs] [Times: user=1.02 sys=0.03, real=0.15 secs] 
22092.444: [GC 22092.444: [ParNew: 471872K->52416K(471872K), 0.2440740 secs] 5594839K->5239326K(11361088K), 0.2443210 secs] [Times: user=1.51 sys=0.06, real=0.25 secs] 
22092.694: [GC 22092.694: [ParNew: 57014K->27362K(471872K), 0.1083480 secs] 5243925K->5214273K(11361088K), 0.1085950 secs] [Times: user=1.39 sys=0.00, real=0.11 secs] 
22096.050: [GC 22096.050: [ParNew: 446818K->27889K(471872K), 0.0657710 secs] 5633729K->5214800K(11361088K), 0.0660750 secs] [Times: user=0.56 sys=0.00, real=0.06 secs] 
22102.566: [GC 22102.567: [ParNew: 447345K->25989K(471872K), 0.0820950 secs] 5634256K->5212900K(11361088K), 0.0823720 secs] [Times: user=0.65 sys=0.00, real=0.08 secs] 
22107.297: [GC 22107.297: [ParNew: 445445K->27239K(471872K), 0.0766500 secs] 5632356K->5219563K(11361088K), 0.0769230 secs] [Times: user=0.62 sys=0.01, real=0.08 secs] 
22109.544: [GC 22109.544: [ParNew: 446695K->37740K(471872K), 0.1020840 secs] 5639019K->5230064K(11361088K), 0.1024090 secs] [Times: user=1.10 sys=0.00, real=0.10 secs] 
22114.911: [GC 22114.911: [ParNew: 457196K->29950K(471872K), 0.0857000 secs] 5649520K->5226885K(11361088K), 0.0859900 secs] [Times: user=0.64 sys=0.00, real=0.09 secs] 
22119.168: [GC 22119.168: [ParNew: 449406K->42279K(471872K), 0.1505370 secs] 5646341K->5242408K(11361088K), 0.1508290 secs] [Times: user=0.65 sys=0.00, real=0.15 secs] 
22127.078: [GC 22127.078: [ParNew: 461735K->48667K(471872K), 0.0789870 secs] 5661864K->5257653K(11361088K), 0.0792280 secs] [Times: user=0.68 sys=0.00, real=0.08 secs] 
22131.192: [GC 22131.192: [ParNew: 468123K->38791K(471872K), 0.0892260 secs] 5677109K->5282219K(11361088K), 0.0894880 secs] [Times: user=0.67 sys=0.03, real=0.09 secs] 
22138.791: [GC 22138.791: [ParNew: 458167K->42325K(471872K), 0.0844010 secs] 5701595K->5285753K(11361088K), 0.0846830 secs] [Times: user=0.66 sys=0.00, real=0.09 secs] 
22141.628: [GC 22141.628: [ParNew: 461781K->52416K(471872K), 0.1507100 secs] 5705209K->5326763K(11361088K), 0.1509790 secs] [Times: user=0.81 sys=0.02, real=0.15 secs] 
22144.247: [GC 22144.247: [ParNew: 471872K->52416K(471872K), 0.2379790 secs] 5746219K->5383131K(11361088K), 0.2382930 secs] [Times: user=0.92 sys=0.03, real=0.24 secs] 
22146.440: [GC 22146.440: [ParNew: 471872K->52416K(471872K), 0.1401970 secs] 5802587K->5415900K(11361088K), 0.1404910 secs] [Times: user=0.79 sys=0.03, real=0.14 secs] 
22149.398: [GC 22149.398: [ParNew: 471872K->40629K(471872K), 0.0997500 secs] 5835356K->5431521K(11361088K), 0.1001110 secs] [Times: user=0.69 sys=0.03, real=0.10 secs] 
22154.723: [GC 22154.723: [ParNew: 460085K->33353K(471872K), 0.1001800 secs] 5850977K->5450942K(11361088K), 0.1004520 secs] [Times: user=0.64 sys=0.03, real=0.10 secs] 
22156.119: [GC 22156.119: [ParNew: 452809K->52416K(471872K), 0.1090600 secs] 5870398K->5483550K(11361088K), 0.1093480 secs] [Times: user=0.78 sys=0.00, real=0.11 secs] 
22158.496: [GC 22158.496: [ParNew: 471872K->44466K(471872K), 0.1001770 secs] 5903006K->5521599K(11361088K), 0.1004570 secs] [Times: user=0.77 sys=0.01, real=0.10 secs] 
22162.607: [GC 22162.607: [ParNew: 463922K->50343K(471872K), 0.0971610 secs] 5941055K->5554092K(11361088K), 0.0974470 secs] [Times: user=0.67 sys=0.02, real=0.09 secs] 
22168.336: [GC 22168.336: [ParNew: 469799K->33047K(471872K), 0.0960790 secs] 5973548K->5562474K(11361088K), 0.0963210 secs] [Times: user=0.64 sys=0.03, real=0.10 secs] 
22173.275: [GC 22173.275: [ParNew: 452503K->52416K(471872K), 0.1140290 secs] 5981930K->5587310K(11361088K), 0.1143060 secs] [Times: user=0.71 sys=0.01, real=0.12 secs] 
22175.001: [GC 22175.001: [ParNew: 471872K->52416K(471872K), 0.1415870 secs] 6006766K->5636505K(11361088K), 0.1418670 secs] [Times: user=0.98 sys=0.04, real=0.14 secs] 
22177.059: [GC 22177.059: [ParNew: 471790K->52416K(471872K), 0.1631010 secs] 6055879K->5685524K(11361088K), 0.1633730 secs] [Times: user=1.00 sys=0.05, real=0.16 secs] 
22180.204: [GC 22180.204: [ParNew: 471872K->48990K(471872K), 0.1463060 secs] 6104980K->5721939K(11361088K), 0.1465970 secs] [Times: user=0.78 sys=0.05, real=0.15 secs] 
22186.732: [GC 22186.732: [ParNew: 468446K->35565K(471872K), 0.1261770 secs] 6141395K->5708514K(11361088K), 0.1264600 secs] [Times: user=0.63 sys=0.01, real=0.13 secs] 
22195.142: [GC 22195.143: [ParNew: 455021K->25856K(471872K), 0.0700420 secs] 6127970K->5705377K(11361088K), 0.0703140 secs] [Times: user=0.62 sys=0.01, real=0.07 secs] 
22200.843: [GC 22200.843: [ParNew: 445312K->48622K(471872K), 0.0714730 secs] 6124833K->5728143K(11361088K), 0.0717340 secs] [Times: user=0.71 sys=0.00, real=0.07 secs] 
22203.566: [GC 22203.566: [ParNew: 468078K->48696K(471872K), 0.1637840 secs] 6147599K->5764137K(11361088K), 0.1640770 secs] [Times: user=0.72 sys=0.03, real=0.17 secs] 
22209.514: [GC 22209.514: [ParNew: 468152K->22353K(471872K), 0.0857780 secs] 6183593K->5744522K(11361088K), 0.0860700 secs] [Times: user=0.68 sys=0.00, real=0.09 secs] 
22215.551: [GC 22215.551: [ParNew: 441809K->26594K(471872K), 0.0779310 secs] 6163978K->5748763K(11361088K), 0.0782240 secs] [Times: user=0.61 sys=0.01, real=0.08 secs] 
22219.490: [GC 22219.490: [ParNew: 446050K->50846K(471872K), 0.0893440 secs] 6168219K->5773015K(11361088K), 0.0896350 secs] [Times: user=0.70 sys=0.00, real=0.09 secs] 
22221.749: [GC 22221.749: [ParNew: 470302K->51519K(471872K), 0.1014150 secs] 6192471K->5812446K(11361088K), 0.1016810 secs] [Times: user=0.80 sys=0.03, real=0.10 secs] 
22224.939: [GC 22224.939: [ParNew: 470975K->37864K(471872K), 0.1073410 secs] 6231902K->5829315K(11361088K), 0.1076220 secs] [Times: user=0.61 sys=0.04, real=0.11 secs] 
22229.025: [GC 22229.025: [ParNew: 457320K->18920K(471872K), 0.0547390 secs] 6248771K->5810371K(11361088K), 0.0550260 secs] [Times: user=0.62 sys=0.01, real=0.05 secs] 
22233.959: [GC 22233.959: [ParNew: 438376K->26822K(471872K), 0.0826770 secs] 6229827K->5818273K(11361088K), 0.0829510 secs] [Times: user=0.63 sys=0.00, real=0.08 secs] 
22237.842: [GC 22237.842: [ParNew: 446278K->50667K(471872K), 0.0764430 secs] 6237729K->5842119K(11361088K), 0.0767160 secs] [Times: user=0.68 sys=0.00, real=0.08 secs] 
22242.079: [GC 22242.080: [ParNew: 470123K->35534K(471872K), 0.1124760 secs] 6261575K->5863302K(11361088K), 0.1127700 secs] [Times: user=0.68 sys=0.03, real=0.11 secs] 
22247.608: [GC 22247.608: [ParNew: 454990K->41232K(471872K), 0.1536630 secs] 6282758K->5869001K(11361088K), 0.1539820 secs] [Times: user=0.70 sys=0.00, real=0.15 secs] 
22252.379: [GC 22252.380: [ParNew: 460688K->29363K(471872K), 0.0786910 secs] 6288457K->5875940K(11361088K), 0.0790140 secs] [Times: user=0.67 sys=0.01, real=0.08 secs] 
22256.739: [GC 22256.739: [ParNew: 448819K->46507K(471872K), 0.2197830 secs] 6295396K->5893084K(11361088K), 0.2200750 secs] [Times: user=2.56 sys=0.00, real=0.22 secs] 
22262.220: [GC 22262.220: [ParNew: 465963K->31745K(471872K), 0.0783250 secs] 6312540K->5896644K(11361088K), 0.0785910 secs] [Times: user=0.62 sys=0.02, real=0.08 secs] 
22268.645: [GC 22268.646: [ParNew: 451201K->52416K(471872K), 0.1045820 secs] 6316100K->5921040K(11361088K), 0.1048690 secs] [Times: user=0.73 sys=0.00, real=0.11 secs] 
22269.777: [GC 22269.777: [ParNew: 471872K->32835K(471872K), 0.1035330 secs] 6340496K->5943159K(11361088K), 0.1037940 secs] [Times: user=0.84 sys=0.03, real=0.10 secs] 
22272.643: [GC 22272.643: [ParNew: 452291K->52017K(471872K), 0.1138490 secs] 6362615K->5962341K(11361088K), 0.1141340 secs] [Times: user=0.68 sys=0.00, real=0.11 secs] 
22276.419: [GC 22276.419: [ParNew: 471473K->52416K(471872K), 0.1735130 secs] 6381797K->5989646K(11361088K), 0.1738050 secs] [Times: user=1.38 sys=0.03, real=0.17 secs] 
22279.812: [GC 22279.812: [ParNew: 471872K->52415K(471872K), 0.2010850 secs] 6409102K->6033691K(11361088K), 0.2013750 secs] [Times: user=0.71 sys=0.03, real=0.20 secs] 
22281.101: [GC 22281.101: [ParNew: 471871K->52416K(471872K), 0.2482700 secs] 6453147K->6069978K(11361088K), 0.2485440 secs] [Times: user=1.71 sys=0.02, real=0.25 secs] 
22286.411: [GC 22286.411: [ParNew: 471872K->52415K(471872K), 0.1228050 secs] 6489434K->6114213K(11361088K), 0.1231100 secs] [Times: user=0.88 sys=0.02, real=0.12 secs] 
22291.102: [GC 22291.102: [ParNew: 471871K->52016K(471872K), 0.1359780 secs] 6533669K->6139799K(11361088K), 0.1362520 secs] [Times: user=0.79 sys=0.02, real=0.14 secs] 
22297.616: [GC 22297.617: [ParNew: 471472K->35902K(471872K), 0.1166180 secs] 6559255K->6152227K(11361088K), 0.1168900 secs] [Times: user=0.62 sys=0.02, real=0.12 secs] 
22302.877: [GC 22302.878: [ParNew: 455358K->39812K(471872K), 0.0660910 secs] 6571683K->6156137K(11361088K), 0.0663880 secs] [Times: user=0.66 sys=0.00, real=0.07 secs] 
22304.576: [GC 22304.576: [ParNew: 459268K->52416K(471872K), 0.0921560 secs] 6575593K->6189954K(11361088K), 0.0924220 secs] [Times: user=0.89 sys=0.01, real=0.09 secs] 
22311.431: [GC 22311.431: [ParNew: 471872K->41754K(471872K), 0.1331700 secs] 6609410K->6230743K(11361088K), 0.1334370 secs] [Times: user=0.69 sys=0.04, real=0.13 secs] 
22315.356: [GC 22315.356: [ParNew: 461210K->51001K(471872K), 0.0636820 secs] 6650199K->6239990K(11361088K), 0.0639480 secs] [Times: user=0.67 sys=0.01, real=0.06 secs] 
22319.207: [GC 22319.207: [ParNew: 470457K->52416K(471872K), 0.1611780 secs] 6659446K->6295601K(11361088K), 0.1614950 secs] [Times: user=1.13 sys=0.04, real=0.16 secs] 
22327.404: [GC 22327.404: [ParNew: 471872K->52415K(471872K), 0.2921300 secs] 6715057K->6363815K(11361088K), 0.2924520 secs] [Times: user=1.06 sys=0.03, real=0.29 secs] 
22337.523: [GC 22337.523: [ParNew: 471871K->38800K(471872K), 0.1630360 secs] 6783271K->6378980K(11361088K), 0.1633060 secs] [Times: user=0.73 sys=0.03, real=0.16 secs] 
22343.986: [GC 22343.986: [ParNew: 458256K->49582K(471872K), 0.1865220 secs] 6798436K->6389761K(11361088K), 0.1868160 secs] [Times: user=0.80 sys=0.01, real=0.18 secs] 
22353.745: [GC 22353.745: [ParNew: 469029K->33621K(471872K), 0.0746610 secs] 6809208K->6391759K(11361088K), 0.0749430 secs] [Times: user=0.69 sys=0.00, real=0.08 secs] 
22356.804: [GC 22356.804: [ParNew: 453077K->52415K(471872K), 0.1623830 secs] 6811215K->6438998K(11361088K), 0.1626610 secs] [Times: user=1.33 sys=0.03, real=0.17 secs] 
22362.722: [GC 22362.722: [ParNew: 471871K->45292K(471872K), 0.1444120 secs] 6858454K->6455920K(11361088K), 0.1446870 secs] [Times: user=1.23 sys=0.02, real=0.15 secs] 
22366.588: [GC 22366.588: [ParNew: 464748K->29978K(471872K), 0.0929280 secs] 6875376K->6440606K(11361088K), 0.0932160 secs] [Times: user=0.56 sys=0.01, real=0.09 secs] 
22370.163: [GC 22370.163: [ParNew: 449434K->52416K(471872K), 0.1339450 secs] 6860062K->6490340K(11361088K), 0.1342250 secs] [Times: user=1.11 sys=0.02, real=0.14 secs] 
22373.044: [GC 22373.045: [ParNew: 471815K->52416K(471872K), 0.1456960 secs] 6909740K->6545943K(11361088K), 0.1459720 secs] [Times: user=0.94 sys=0.06, real=0.15 secs] 
22375.672: [GC 22375.672: [ParNew: 471872K->52037K(471872K), 0.1624130 secs] 6965399K->6578652K(11361088K), 0.1626760 secs] [Times: user=0.68 sys=0.03, real=0.16 secs] 
22378.994: [GC 22378.994: [ParNew: 471493K->40888K(471872K), 0.0888760 secs] 6998108K->6567502K(11361088K), 0.0891480 secs] [Times: user=0.76 sys=0.01, real=0.09 secs] 
22384.314: [GC 22384.314: [ParNew: 460344K->41666K(471872K), 0.1607580 secs] 6986958K->6595596K(11361088K), 0.1610280 secs] [Times: user=0.63 sys=0.02, real=0.16 secs] 
22387.833: [GC 22387.833: [ParNew: 461122K->52416K(471872K), 0.1249780 secs] 7015052K->6609178K(11361088K), 0.1252690 secs] [Times: user=0.74 sys=0.00, real=0.13 secs] 
22393.810: [GC 22393.810: [ParNew: 471872K->27945K(471872K), 0.0891240 secs] 7028634K->6620493K(11361088K), 0.0893970 secs] [Times: user=0.56 sys=0.03, real=0.09 secs] 
22396.946: [GC 22396.946: [ParNew: 447401K->18415K(471872K), 0.0769740 secs] 7039949K->6610964K(11361088K), 0.0773030 secs] [Times: user=0.66 sys=0.00, real=0.08 secs] 
22406.733: [GC 22406.733: [ParNew: 437871K->47358K(471872K), 0.0799960 secs] 7030420K->6639907K(11361088K), 0.0802830 secs] [Times: user=0.66 sys=0.00, real=0.08 secs] 
22409.392: [GC 22409.392: [ParNew: 466814K->52416K(471872K), 0.1122340 secs] 7059363K->6682942K(11361088K), 0.1125700 secs] [Times: user=0.85 sys=0.02, real=0.11 secs] 
22415.552: [GC 22415.553: [ParNew: 471872K->52416K(471872K), 0.1292700 secs] 7102398K->6731744K(11361088K), 0.1295630 secs] [Times: user=0.84 sys=0.05, real=0.13 secs] 
22420.594: [GC 22420.594: [ParNew: 471872K->39947K(471872K), 0.1050310 secs] 7151200K->6746444K(11361088K), 0.1053050 secs] [Times: user=0.71 sys=0.02, real=0.10 secs] 
22427.013: [GC 22427.013: [ParNew: 459403K->39774K(471872K), 0.0844090 secs] 7165900K->6770167K(11361088K), 0.0847000 secs] [Times: user=0.65 sys=0.01, real=0.08 secs] 
22432.635: [GC 22432.636: [ParNew: 459230K->32641K(471872K), 0.0973020 secs] 7189623K->6789266K(11361088K), 0.0975760 secs] [Times: user=0.71 sys=0.03, real=0.10 secs] 
22436.087: [GC 22436.088: [ParNew: 452097K->41606K(471872K), 0.0556350 secs] 7208722K->6798231K(11361088K), 0.0559010 secs] [Times: user=0.65 sys=0.00, real=0.06 secs] 
22439.909: [GC 22439.909: [ParNew: 461062K->41533K(471872K), 0.0930400 secs] 7217687K->6832243K(11361088K), 0.0933350 secs] [Times: user=0.75 sys=0.02, real=0.09 secs] 
22444.781: [GC 22444.781: [ParNew: 460808K->52416K(471872K), 0.0801150 secs] 7251518K->6851094K(11361088K), 0.0803860 secs] [Times: user=0.73 sys=0.00, real=0.08 secs] 
22447.703: [GC 22447.703: [ParNew: 471872K->43734K(471872K), 0.1103170 secs] 7270550K->6887042K(11361088K), 0.1105660 secs] [Times: user=0.68 sys=0.04, real=0.11 secs] 
22456.847: [GC 22456.847: [ParNew: 463190K->28608K(471872K), 0.0907800 secs] 7306498K->6871916K(11361088K), 0.0910520 secs] [Times: user=0.62 sys=0.00, real=0.09 secs] 
22462.845: [GC 22462.845: [ParNew: 448064K->36847K(471872K), 0.0727410 secs] 7291372K->6880155K(11361088K), 0.0730560 secs] [Times: user=0.65 sys=0.00, real=0.08 secs] 
22469.897: [GC 22469.897: [ParNew: 456303K->39679K(471872K), 0.0689010 secs] 7299611K->6891236K(11361088K), 0.0691940 secs] [Times: user=0.69 sys=0.01, real=0.06 secs] 
22475.015: [GC 22475.015: [ParNew: 459135K->33041K(471872K), 0.1243310 secs] 7310692K->6902487K(11361088K), 0.1246120 secs] [Times: user=0.72 sys=0.01, real=0.13 secs] 
22481.814: [GC 22481.814: [ParNew: 452497K->52416K(471872K), 0.0924350 secs] 7321943K->6924076K(11361088K), 0.0927360 secs] [Times: user=0.71 sys=0.00, real=0.09 secs] 
22486.276: [GC 22486.276: [ParNew: 471872K->41407K(471872K), 0.1253340 secs] 7343532K->6952091K(11361088K), 0.1256650 secs] [Times: user=0.73 sys=0.03, real=0.13 secs] 
22490.328: [GC 22490.330: [ParNew: 460863K->42380K(471872K), 0.0805820 secs] 7371547K->6953064K(11361088K), 0.0820640 secs] [Times: user=0.71 sys=0.00, real=0.09 secs] 
22492.612: [GC 22492.613: [ParNew: 461836K->32781K(471872K), 0.1118710 secs] 7372520K->6973529K(11361088K), 0.1121110 secs] [Times: user=0.67 sys=0.03, real=0.11 secs] 
22497.508: [GC 22497.509: [ParNew: 452237K->52416K(471872K), 0.1232360 secs] 7392985K->6996571K(11361088K), 0.1235130 secs] [Times: user=1.33 sys=0.00, real=0.13 secs] 
22500.511: [GC 22500.511: [ParNew: 471872K->47357K(471872K), 0.1076740 secs] 7416027K->7027080K(11361088K), 0.1079700 secs] [Times: user=0.73 sys=0.03, real=0.10 secs] 
22508.806: [GC 22508.806: [ParNew: 466813K->38901K(471872K), 0.0875250 secs] 7446536K->7044503K(11361088K), 0.0878050 secs] [Times: user=0.71 sys=0.03, real=0.09 secs] 
22512.928: [GC 22512.928: [ParNew: 458295K->36117K(471872K), 0.1307680 secs] 7463897K->7068232K(11361088K), 0.1310450 secs] [Times: user=0.67 sys=0.02, real=0.13 secs] 
22519.031: [GC 22519.031: [ParNew: 455476K->52416K(471872K), 0.1955730 secs] 7487592K->7121418K(11361088K), 0.1958600 secs] [Times: user=1.24 sys=0.03, real=0.20 secs] 
22523.458: [GC 22523.458: [ParNew: 471638K->45673K(471872K), 0.1455630 secs] 7540641K->7163958K(11361088K), 0.1458380 secs] [Times: user=0.86 sys=0.05, real=0.15 secs] 
22529.466: [GC 22529.466: [ParNew: 465129K->41999K(471872K), 0.0636910 secs] 7583414K->7160285K(11361088K), 0.0639730 secs] [Times: user=0.62 sys=0.00, real=0.06 secs] 
22533.704: [GC 22533.704: [ParNew: 461455K->47372K(471872K), 0.1274230 secs] 7579741K->7197971K(11361088K), 0.1277100 secs] [Times: user=0.80 sys=0.02, real=0.12 secs] 
22538.430: [GC 22538.430: [ParNew: 466828K->41604K(471872K), 0.1543710 secs] 7617427K->7217753K(11361088K), 0.1546580 secs] [Times: user=0.62 sys=0.02, real=0.16 secs] 
22544.624: [GC 22544.624: [ParNew: 461060K->25279K(471872K), 0.0792090 secs] 7637209K->7201428K(11361088K), 0.0795030 secs] [Times: user=0.60 sys=0.01, real=0.08 secs] 
22554.553: [GC 22554.553: [ParNew: 444735K->52416K(471872K), 0.0928080 secs] 7620884K->7228999K(11361088K), 0.0930860 secs] [Times: user=0.76 sys=0.00, real=0.10 secs] 
22559.043: [GC 22559.043: [ParNew: 471872K->52416K(471872K), 0.1266440 secs] 7648455K->7266574K(11361088K), 0.1269370 secs] [Times: user=1.04 sys=0.02, real=0.13 secs] 
22564.882: [GC 22564.882: [ParNew: 471872K->52415K(471872K), 0.1558780 secs] 7686030K->7317929K(11361088K), 0.1561710 secs] [Times: user=0.88 sys=0.04, real=0.16 secs] 
22566.028: [GC 22566.029: [ParNew: 471871K->52416K(471872K), 0.1733250 secs] 7737385K->7360469K(11361088K), 0.1735840 secs] [Times: user=1.07 sys=0.02, real=0.17 secs] 
22571.992: [GC 22571.993: [ParNew: 471872K->52416K(471872K), 0.1382640 secs] 7779925K->7413915K(11361088K), 0.1385540 secs] [Times: user=1.08 sys=0.04, real=0.14 secs] 
22581.523: [GC 22581.524: [ParNew: 471872K->52416K(471872K), 0.1333450 secs] 7833371K->7465794K(11361088K), 0.1336140 secs] [Times: user=1.07 sys=0.04, real=0.13 secs] 
22586.761: [GC 22586.761: [ParNew: 471872K->52415K(471872K), 0.1325690 secs] 7885250K->7512972K(11361088K), 0.1328270 secs] [Times: user=0.96 sys=0.04, real=0.13 secs] 
22594.793: [GC 22594.794: [ParNew: 471871K->31213K(471872K), 0.0703810 secs] 7932428K->7491769K(11361088K), 0.0706560 secs] [Times: user=0.62 sys=0.01, real=0.07 secs] 
22601.753: [GC 22601.753: [ParNew: 450669K->52416K(471872K), 0.1417290 secs] 7911225K->7521656K(11361088K), 0.1420270 secs] [Times: user=0.77 sys=0.01, real=0.14 secs] 
22604.526: [GC 22604.526: [ParNew: 471872K->38892K(471872K), 0.1119770 secs] 7941112K->7545885K(11361088K), 0.1122420 secs] [Times: user=0.71 sys=0.02, real=0.11 secs] 
22613.109: [GC 22613.109: [ParNew: 458348K->42431K(471872K), 0.0807470 secs] 7965341K->7549424K(11361088K), 0.0810410 secs] [Times: user=0.65 sys=0.01, real=0.08 secs] 
22619.642: [GC 22619.642: [ParNew: 461887K->44341K(471872K), 0.1114960 secs] 7968880K->7581775K(11361088K), 0.1117860 secs] [Times: user=0.74 sys=0.02, real=0.11 secs] 
22625.306: [GC 22625.306: [ParNew: 463797K->52416K(471872K), 0.1414990 secs] 8001231K->7625313K(11361088K), 0.1417970 secs] [Times: user=0.88 sys=0.02, real=0.14 secs] 
22627.303: [GC 22627.303: [ParNew: 471872K->49997K(471872K), 0.1414000 secs] 8044769K->7670736K(11361088K), 0.1416670 secs] [Times: user=0.82 sys=0.04, real=0.14 secs] 
22630.709: [GC 22630.709: [ParNew: 469453K->51969K(471872K), 0.1101300 secs] 8090192K->7672708K(11361088K), 0.1104270 secs] [Times: user=1.04 sys=0.01, real=0.11 secs] 
22635.570: [GC 22635.570: [ParNew: 471425K->33494K(471872K), 0.0846040 secs] 8092164K->7683302K(11361088K), 0.0848960 secs] [Times: user=0.62 sys=0.03, real=0.09 secs] 
22641.148: [GC 22641.148: [ParNew: 452950K->41857K(471872K), 0.1205590 secs] 8102758K->7691665K(11361088K), 0.1208330 secs] [Times: user=0.69 sys=0.01, real=0.12 secs] 
22641.948: [GC 22641.948: [ParNew: 461313K->35190K(471872K), 0.0988130 secs] 8111121K->7707484K(11361088K), 0.0990890 secs] [Times: user=0.73 sys=0.01, real=0.10 secs] 
22642.513: [GC 22642.513: [ParNew: 454646K->39378K(471872K), 0.1230320 secs] 8126940K->7730572K(11361088K), 0.1232740 secs] [Times: user=1.23 sys=0.02, real=0.13 secs] 
22643.520: [GC 22643.520: [ParNew: 458834K->34959K(471872K), 0.1018100 secs] 8150028K->7750745K(11361088K), 0.1020880 secs] [Times: user=0.93 sys=0.02, real=0.10 secs] 
22644.305: [GC 22644.305: [ParNew: 454415K->44661K(471872K), 0.0511030 secs] 8170201K->7760447K(11361088K), 0.0513820 secs] [Times: user=0.62 sys=0.00, real=0.05 secs] 
22645.108: [GC 22645.108: [ParNew: 464117K->51217K(471872K), 0.0936140 secs] 8179903K->7786921K(11361088K), 0.0939060 secs] [Times: user=0.70 sys=0.03, real=0.09 secs] 
22647.706: [GC 22647.706: [ParNew: 470673K->52416K(471872K), 0.2869940 secs] 8206377K->7828084K(11361088K), 0.2872570 secs] [Times: user=1.01 sys=0.00, real=0.28 secs] 
22652.762: [GC 22652.762: [ParNew: 471872K->50569K(471872K), 0.1705660 secs] 8247540K->7874730K(11361088K), 0.1708430 secs] [Times: user=1.07 sys=0.07, real=0.17 secs] 
22657.920: [GC 22657.920: [ParNew: 470025K->22498K(471872K), 0.0868140 secs] 8294186K->7871105K(11361088K), 0.0871010 secs] [Times: user=0.53 sys=0.01, real=0.09 secs] 
22666.344: [GC 22666.344: [ParNew: 441954K->22767K(471872K), 0.0639690 secs] 8290561K->7871375K(11361088K), 0.0642540 secs] [Times: user=0.62 sys=0.00, real=0.07 secs] 
22672.046: [GC 22672.046: [ParNew: 442223K->35555K(471872K), 0.0654600 secs] 8290831K->7884163K(11361088K), 0.0657520 secs] [Times: user=0.64 sys=0.00, real=0.07 secs] 
22675.538: [GC 22675.538: [ParNew: 455011K->52416K(471872K), 0.0850550 secs] 8303619K->7908479K(11361088K), 0.0853250 secs] [Times: user=0.78 sys=0.01, real=0.08 secs] 
22679.337: [GC 22679.337: [ParNew: 471872K->52416K(471872K), 0.0980600 secs] 8327935K->7927352K(11361088K), 0.0983510 secs] [Times: user=0.71 sys=0.01, real=0.10 secs] 
22683.014: [GC 22683.014: [ParNew: 471723K->52416K(471872K), 0.0973550 secs] 8346659K->7956941K(11361088K), 0.0976350 secs] [Times: user=0.91 sys=0.01, real=0.10 secs] 
22685.071: [GC 22685.071: [ParNew: 471872K->50178K(471872K), 0.1126900 secs] 8376397K->8002292K(11361088K), 0.1129790 secs] [Times: user=0.84 sys=0.04, real=0.11 secs] 
22688.563: [GC 22688.563: [ParNew: 469634K->42366K(471872K), 0.1688870 secs] 8421748K->7994480K(11361088K), 0.1692070 secs] [Times: user=0.83 sys=0.00, real=0.17 secs] 
22692.941: [GC 22692.941: [ParNew: 461820K->52416K(471872K), 0.1413540 secs] 8413933K->8035941K(11361088K), 0.1416470 secs] [Times: user=1.12 sys=0.02, real=0.14 secs] 
22699.054: [GC 22699.054: [ParNew: 471872K->52416K(471872K), 0.1358960 secs] 8455397K->8087892K(11361088K), 0.1361820 secs] [Times: user=1.04 sys=0.04, real=0.14 secs] 
22704.246: [GC 22704.246: [ParNew: 471872K->50719K(471872K), 0.1446920 secs] 8507348K->8134143K(11361088K), 0.1449860 secs] [Times: user=0.77 sys=0.04, real=0.15 secs] 
22706.408: [GC 22706.408: [ParNew: 470175K->34317K(471872K), 0.1139820 secs] 8553599K->8117741K(11361088K), 0.1142560 secs] [Times: user=0.62 sys=0.00, real=0.12 secs] 
22711.602: [GC 22711.602: [ParNew: 453552K->22266K(471872K), 0.0629440 secs] 8536976K->8105690K(11361088K), 0.0632380 secs] [Times: user=0.55 sys=0.00, real=0.06 secs] 
22714.262: [GC 22714.263: [ParNew: 441722K->26485K(471872K), 0.0648930 secs] 8525146K->8109909K(11361088K), 0.0651860 secs] [Times: user=0.61 sys=0.00, real=0.06 secs] 
22716.574: [GC 22716.574: [ParNew: 445941K->23374K(471872K), 0.0685890 secs] 8529365K->8112277K(11361088K), 0.0688830 secs] [Times: user=0.62 sys=0.01, real=0.07 secs] 
22718.731: [GC 22718.731: [ParNew: 442830K->23006K(471872K), 0.0532440 secs] 8531733K->8114022K(11361088K), 0.0535210 secs] [Times: user=0.55 sys=0.00, real=0.06 secs] 
22722.054: [GC 22722.054: [ParNew: 442462K->52416K(471872K), 0.0729630 secs] 8533478K->8153622K(11361088K), 0.0732590 secs] [Times: user=0.76 sys=0.01, real=0.07 secs] 
22725.509: [GC 22725.509: [ParNew: 471872K->42624K(471872K), 0.1238180 secs] 8573078K->8193683K(11361088K), 0.1241560 secs] [Times: user=0.73 sys=0.05, real=0.13 secs] 
22730.424: [GC 22730.424: [ParNew: 462080K->17485K(471872K), 0.0549050 secs] 8613139K->8168544K(11361088K), 0.0551850 secs] [Times: user=0.58 sys=0.00, real=0.05 secs] 
22732.901: [GC 22732.901: [ParNew: 436941K->43292K(471872K), 0.0771800 secs] 8588000K->8194350K(11361088K), 0.0774680 secs] [Times: user=0.65 sys=0.00, real=0.08 secs] 
22739.267: [GC 22739.267: [ParNew: 462748K->34899K(471872K), 0.1424010 secs] 8613806K->8217793K(11361088K), 0.1427850 secs] [Times: user=0.73 sys=0.03, real=0.14 secs] 
22741.739: [GC 22741.739: [ParNew: 454355K->47719K(471872K), 0.0781760 secs] 8637249K->8230613K(11361088K), 0.0784680 secs] [Times: user=0.65 sys=0.00, real=0.08 secs] 
22744.117: [GC 22744.117: [ParNew: 467175K->52416K(471872K), 0.1818960 secs] 8650069K->8291894K(11361088K), 0.1821880 secs] [Times: user=1.27 sys=0.05, real=0.18 secs] 
22748.550: [GC 22748.550: [ParNew: 471872K->52416K(471872K), 0.2390660 secs] 8711350K->8352119K(11361088K), 0.2393490 secs] [Times: user=1.41 sys=0.04, real=0.24 secs] 
22753.104: [GC 22753.105: [ParNew: 471872K->32255K(471872K), 0.1279180 secs] 8771575K->8331958K(11361088K), 0.1282290 secs] [Times: user=0.67 sys=0.00, real=0.13 secs] 
22757.395: [GC 22757.395: [ParNew: 451607K->45837K(471872K), 0.0634370 secs] 8751311K->8349739K(11361088K), 0.0637310 secs] [Times: user=0.69 sys=0.00, real=0.06 secs] 
22761.238: [GC 22761.238: [ParNew: 465293K->34725K(471872K), 0.1011860 secs] 8769195K->8374039K(11361088K), 0.1014800 secs] [Times: user=0.67 sys=0.03, real=0.10 secs] 
22765.033: [GC 22765.033: [ParNew: 454181K->48201K(471872K), 0.0753780 secs] 8793495K->8387515K(11361088K), 0.0756720 secs] [Times: user=0.69 sys=0.00, real=0.08 secs] 
22768.666: [GC 22768.667: [ParNew: 467657K->52416K(471872K), 0.2126810 secs] 8806971K->8435879K(11361088K), 0.2129700 secs] [Times: user=0.88 sys=0.02, real=0.21 secs] 
22771.959: [GC 22771.960: [ParNew: 471872K->50099K(471872K), 0.1591480 secs] 8855335K->8463271K(11361088K), 0.1594460 secs] [Times: user=0.66 sys=0.03, real=0.16 secs] 
22777.909: [GC 22777.909: [ParNew: 469555K->52416K(471872K), 0.0768210 secs] 8882727K->8470110K(11361088K), 0.0771090 secs] [Times: user=0.74 sys=0.01, real=0.07 secs] 
22783.604: [GC 22783.604: [ParNew: 471872K->52416K(471872K), 0.1487190 secs] 8889566K->8524573K(11361088K), 0.1490220 secs] [Times: user=1.10 sys=0.06, real=0.15 secs] 
22784.401: [GC 22784.402: [ParNew: 471872K->52416K(471872K), 0.1620570 secs] 8944029K->8575465K(11361088K), 0.1623360 secs] [Times: user=0.89 sys=0.04, real=0.16 secs] 
22785.287: [GC 22785.287: [ParNew: 471872K->45385K(471872K), 0.0791890 secs] 8994921K->8568434K(11361088K), 0.0794520 secs] [Times: user=0.69 sys=0.00, real=0.08 secs] 
22786.030: [GC 22786.030: [ParNew: 464841K->45234K(471872K), 0.0798630 secs] 8987890K->8583632K(11361088K), 0.0801440 secs] [Times: user=0.74 sys=0.01, real=0.08 secs] 
22786.793: [GC 22786.793: [ParNew: 464690K->52416K(471872K), 0.0841380 secs] 9003088K->8607739K(11361088K), 0.0844770 secs] [Times: user=0.74 sys=0.02, real=0.08 secs] 
22788.592: [GC 22788.592: [ParNew: 471872K->52416K(471872K), 0.1557540 secs] 9027195K->8636230K(11361088K), 0.1560300 secs] [Times: user=0.84 sys=0.01, real=0.16 secs] 
22793.946: [GC 22793.946: [ParNew: 471872K->52416K(471872K), 0.1862160 secs] 9055686K->8686114K(11361088K), 0.1865180 secs] [Times: user=1.09 sys=0.07, real=0.19 secs] 
22795.017: [GC 22795.017: [ParNew: 471872K->52415K(471872K), 0.1247480 secs] 9105570K->8715647K(11361088K), 0.1249920 secs] [Times: user=1.04 sys=0.03, real=0.13 secs] 
22800.440: [GC 22800.440: [ParNew: 471871K->45800K(471872K), 0.1314900 secs] 9135103K->8735321K(11361088K), 0.1317450 secs] [Times: user=0.64 sys=0.02, real=0.13 secs] 
22806.203: [GC 22806.203: [ParNew: 465256K->32962K(471872K), 0.0973120 secs] 9154777K->8722482K(11361088K), 0.0976000 secs] [Times: user=0.65 sys=0.00, real=0.10 secs] 
22809.479: [GC 22809.479: [ParNew: 452418K->32309K(471872K), 0.0794950 secs] 9141938K->8721830K(11361088K), 0.0797880 secs] [Times: user=0.65 sys=0.01, real=0.08 secs] 
22810.408: [GC 22810.408: [ParNew: 451765K->43324K(471872K), 0.0648490 secs] 9141286K->8740152K(11361088K), 0.0650930 secs] [Times: user=0.70 sys=0.01, real=0.07 secs] 
22811.207: [GC 22811.207: [ParNew: 462780K->52416K(471872K), 0.0679040 secs] 9159608K->8756690K(11361088K), 0.0681520 secs] [Times: user=0.74 sys=0.00, real=0.07 secs] 
22812.045: [GC 22812.045: [ParNew: 471872K->52416K(471872K), 0.1005780 secs] 9176146K->8784196K(11361088K), 0.1008540 secs] [Times: user=0.82 sys=0.02, real=0.10 secs] 
22812.798: [GC 22812.798: [ParNew: 471872K->52416K(471872K), 0.1203950 secs] 9203652K->8808136K(11361088K), 0.1206790 secs] [Times: user=1.21 sys=0.03, real=0.12 secs] 
22814.016: [GC 22814.017: [ParNew: 471872K->52416K(471872K), 0.1240430 secs] 9227592K->8828023K(11361088K), 0.1243600 secs] [Times: user=0.85 sys=0.01, real=0.13 secs] 
22818.170: [GC 22818.170: [ParNew: 471756K->52416K(471872K), 0.1923430 secs] 9247364K->8880620K(11361088K), 0.1926060 secs] [Times: user=1.06 sys=0.08, real=0.20 secs] 
22821.574: [GC 22821.574: [ParNew: 471872K->52415K(471872K), 0.1082420 secs] 9300076K->8882691K(11361088K), 0.1084960 secs] [Times: user=0.74 sys=0.01, real=0.11 secs] 
22822.554: [GC 22822.554: [ParNew: 471871K->46425K(471872K), 0.0918610 secs] 9302147K->8900624K(11361088K), 0.0921350 secs] [Times: user=0.70 sys=0.02, real=0.09 secs] 
22823.403: [GC 22823.403: [ParNew: 465881K->52416K(471872K), 0.0822900 secs] 9320080K->8921916K(11361088K), 0.0825550 secs] [Times: user=0.83 sys=0.00, real=0.08 secs] 
22824.035: [GC 22824.036: [ParNew: 471872K->49185K(471872K), 0.1221120 secs] 9341372K->8968552K(11361088K), 0.1223790 secs] [Times: user=0.85 sys=0.05, real=0.12 secs] 
22824.786: [GC 22824.786: [ParNew: 468641K->41586K(471872K), 0.0525520 secs] 9388008K->8960953K(11361088K), 0.0528000 secs] [Times: user=0.62 sys=0.00, real=0.05 secs] 
22825.514: [GC 22825.514: [ParNew: 461042K->52268K(471872K), 0.0849650 secs] 9380409K->8986473K(11361088K), 0.0852570 secs] [Times: user=0.74 sys=0.03, real=0.08 secs] 
22826.400: [GC 22826.400: [ParNew: 471724K->52416K(471872K), 0.1901980 secs] 9405929K->9023909K(11361088K), 0.1904790 secs] [Times: user=1.49 sys=0.02, real=0.19 secs] 
22828.725: [GC 22828.725: [ParNew: 471872K->52416K(471872K), 0.4133210 secs] 9443365K->9091903K(11361088K), 0.4136160 secs] [Times: user=2.00 sys=0.05, real=0.41 secs] 
22835.134: [GC 22835.134: [ParNew: 471872K->44267K(471872K), 0.0917680 secs] 9511359K->9097902K(11361088K), 0.0920550 secs] [Times: user=0.72 sys=0.02, real=0.09 secs] 
22839.092: [GC 22839.093: [ParNew: 463723K->46222K(471872K), 0.1058120 secs] 9517358K->9125048K(11361088K), 0.1061180 secs] [Times: user=0.65 sys=0.03, real=0.11 secs] 
22846.523: [GC 22846.523: [ParNew: 465678K->44143K(471872K), 0.1607870 secs] 9544504K->9147463K(11361088K), 0.1612760 secs] [Times: user=0.78 sys=0.02, real=0.17 secs] 
22850.042: [GC 22850.043: [ParNew: 463599K->24036K(471872K), 0.0824720 secs] 9566919K->9150475K(11361088K), 0.0827880 secs] [Times: user=0.52 sys=0.03, real=0.09 secs] 
22854.440: [GC 22854.440: [ParNew: 443492K->22833K(471872K), 0.0985020 secs] 9569931K->9149272K(11361088K), 0.0987710 secs] [Times: user=0.68 sys=0.00, real=0.10 secs] 
22857.520: [GC 22857.520: [ParNew: 442289K->15269K(471872K), 0.0633770 secs] 9568728K->9141708K(11361088K), 0.0636390 secs] [Times: user=0.66 sys=0.00, real=0.06 secs] 
22864.657: [GC 22864.657: [ParNew: 434725K->25892K(471872K), 0.0730590 secs] 9561164K->9152331K(11361088K), 0.0733440 secs] [Times: user=0.61 sys=0.01, real=0.07 secs] 
22869.340: [GC 22869.340: [ParNew: 445348K->25973K(471872K), 0.0739780 secs] 9571787K->9156564K(11361088K), 0.0742660 secs] [Times: user=0.62 sys=0.01, real=0.07 secs] 
22871.768: [GC 22871.768: [ParNew: 445429K->35071K(471872K), 0.1073640 secs] 9576020K->9168955K(11361088K), 0.1076380 secs] [Times: user=0.69 sys=0.00, real=0.10 secs] 
22877.457: [GC 22877.457: [ParNew: 454527K->40475K(471872K), 0.1745300 secs] 9588411K->9180662K(11361088K), 0.1748030 secs] [Times: user=1.86 sys=0.00, real=0.17 secs] 
22881.070: [GC 22881.070: [ParNew: 459931K->48460K(471872K), 0.0696470 secs] 9600118K->9196166K(11361088K), 0.0699300 secs] [Times: user=0.71 sys=0.01, real=0.07 secs] 
22887.390: [GC 22887.390: [ParNew: 467916K->31196K(471872K), 0.0953980 secs] 9615622K->9208228K(11361088K), 0.0956700 secs] [Times: user=0.55 sys=0.03, real=0.09 secs] 
22890.441: [GC 22890.441: [ParNew: 450652K->37762K(471872K), 0.0630620 secs] 9627684K->9214794K(11361088K), 0.0633180 secs] [Times: user=0.68 sys=0.00, real=0.06 secs] 
22894.570: [GC 22894.571: [ParNew: 457218K->24380K(471872K), 0.0984570 secs] 9634250K->9230384K(11361088K), 0.0987660 secs] [Times: user=0.51 sys=0.03, real=0.10 secs] 
22901.654: [GC 22901.654: [ParNew: 443836K->52416K(471872K), 0.1594210 secs] 9649840K->9274567K(11361088K), 0.1597160 secs] [Times: user=0.95 sys=0.01, real=0.16 secs] 
22903.677: [GC 22903.677: [ParNew: 471872K->52416K(471872K), 0.4191730 secs] 9694023K->9350569K(11361088K), 0.4194430 secs] [Times: user=1.24 sys=0.08, real=0.42 secs] 
22907.022: [GC 22907.023: [ParNew: 471872K->41352K(471872K), 0.2266080 secs] 9770025K->9368417K(11361088K), 0.2269170 secs] [Times: user=1.09 sys=0.29, real=0.22 secs] 
22911.340: [GC 22911.340: [ParNew: 460808K->32971K(471872K), 0.1301630 secs] 9787873K->9360035K(11361088K), 0.1304300 secs] [Times: user=0.66 sys=0.03, real=0.14 secs] 
22914.586: [GC 22914.586: [ParNew: 452427K->45534K(471872K), 0.1140000 secs] 9779491K->9372599K(11361088K), 0.1142980 secs] [Times: user=0.94 sys=0.10, real=0.11 secs] 
22920.631: [GC 22920.631: [ParNew: 464990K->52416K(471872K), 0.2023060 secs] 9792055K->9413698K(11361088K), 0.2025940 secs] [Times: user=0.86 sys=0.14, real=0.20 secs] 
22924.517: [GC 22924.517: [ParNew: 471872K->30470K(471872K), 0.2381490 secs] 9833154K->9432534K(11361088K), 0.2384650 secs] [Times: user=0.88 sys=0.23, real=0.24 secs] 
22929.070: [GC 22929.070: [ParNew: 449926K->32188K(471872K), 0.1351130 secs] 9851990K->9434251K(11361088K), 0.1354090 secs] [Times: user=0.73 sys=0.01, real=0.14 secs] 
22930.500: [GC 22930.500: [ParNew: 451644K->37812K(471872K), 0.0781120 secs] 9853707K->9443815K(11361088K), 0.0783730 secs] [Times: user=0.74 sys=0.02, real=0.08 secs] 
22933.176: [GC 22933.177: [ParNew: 457268K->49876K(471872K), 0.2493870 secs] 9863271K->9485896K(11361088K), 0.2496500 secs] [Times: user=1.06 sys=0.14, real=0.25 secs] 
22938.125: [GC 22938.125: [ParNew: 469332K->38347K(471872K), 0.2507180 secs] 9905352K->9502551K(11361088K), 0.2510390 secs] [Times: user=0.86 sys=0.15, real=0.25 secs] 
22941.420: [GC 22941.420: [ParNew: 457803K->38546K(471872K), 0.0597470 secs] 9922007K->9502751K(11361088K), 0.0600340 secs] [Times: user=0.63 sys=0.00, real=0.06 secs] 
22945.585: [GC 22945.585: [ParNew: 458002K->52416K(471872K), 0.2648600 secs] 9922207K->9546464K(11361088K), 0.2651420 secs] [Times: user=1.10 sys=0.14, real=0.26 secs] 
22947.336: [GC 22947.336: [ParNew: 471872K->52416K(471872K), 0.3394180 secs] 9965920K->9585844K(11361088K), 0.3396920 secs] [Times: user=2.29 sys=0.26, real=0.34 secs] 
22951.000: [GC 22951.000: [ParNew: 471697K->52416K(471872K), 0.3074980 secs] 10005126K->9651959K(11361088K), 0.3077770 secs] [Times: user=1.58 sys=0.25, real=0.31 secs] 
22953.505: [GC 22953.505: [ParNew: 471872K->52416K(471872K), 0.4174470 secs] 10071415K->9712027K(11361088K), 0.4177480 secs] [Times: user=0.82 sys=0.12, real=0.41 secs] 
22956.068: [GC 22956.068: [ParNew: 471872K->52416K(471872K), 0.0763740 secs] 10131483K->9715382K(11361088K), 0.0767090 secs] [Times: user=0.75 sys=0.02, real=0.08 secs] 
22960.499: [GC 22960.500: [ParNew: 471872K->52415K(471872K), 0.3387470 secs] 10134838K->9774737K(11361088K), 0.3390320 secs] [Times: user=0.94 sys=0.20, real=0.34 secs] 
22964.296: [GC 22964.297: [ParNew: 471871K->26829K(471872K), 0.0620900 secs] 10194193K->9749151K(11361088K), 0.0623890 secs] [Times: user=0.66 sys=0.01, real=0.06 secs] 
22967.935: [GC 22967.935: [ParNew: 446285K->36283K(471872K), 0.1347560 secs] 10168607K->9758605K(11361088K), 0.1350420 secs] [Times: user=1.60 sys=0.00, real=0.14 secs] 
22971.811: [GC 22971.811: [ParNew: 455739K->52415K(471872K), 0.0804530 secs] 10178061K->9780077K(11361088K), 0.0807270 secs] [Times: user=0.73 sys=0.02, real=0.08 secs] 
22978.629: [GC 22978.630: [ParNew (promotion failed): 471871K->461051K(471872K), 1.7702640 secs]22980.400: [CMS: 9737869K->4757701K(10889216K), 27.1770760 secs] 10199533K->4757701K(11361088K), [CMS Perm : 391008K->390668K(524288K)], 28.9476970 secs] [Times: user=27.17 sys=3.00, real=28.94 secs] 
23008.163: [GC 23008.163: [ParNew: 419456K->52416K(471872K), 0.1500200 secs] 5177157K->4815515K(11361088K), 0.1503220 secs] [Times: user=0.90 sys=0.02, real=0.15 secs] 
23008.712: [GC 23008.712: [ParNew: 471872K->46997K(471872K), 0.3076180 secs] 5234971K->4861591K(11361088K), 0.3078920 secs] [Times: user=2.15 sys=0.11, real=0.30 secs] 
23009.562: [GC 23009.562: [ParNew: 466453K->40744K(471872K), 0.0831790 secs] 5281047K->4855337K(11361088K), 0.0834190 secs] [Times: user=0.95 sys=0.01, real=0.08 secs] 
23010.638: [GC 23010.638: [ParNew: 460200K->52416K(471872K), 0.1264240 secs] 5274793K->4880331K(11361088K), 0.1266940 secs] [Times: user=0.94 sys=0.03, real=0.13 secs] 
23013.478: [GC 23013.478: [ParNew: 471772K->52416K(471872K), 0.2488040 secs] 5299688K->4922910K(11361088K), 0.2490590 secs] [Times: user=0.78 sys=0.13, real=0.25 secs] 
23014.779: [GC 23014.779: [ParNew: 471872K->33093K(471872K), 0.1630980 secs] 5342366K->4933726K(11361088K), 0.1633900 secs] [Times: user=0.55 sys=0.03, real=0.17 secs] 
23015.738: [GC 23015.738: [ParNew: 452549K->39167K(471872K), 0.0526900 secs] 5353182K->4939800K(11361088K), 0.0529020 secs] [Times: user=0.59 sys=0.00, real=0.06 secs] 
23016.566: [GC 23016.566: [ParNew: 458623K->50582K(471872K), 0.1031280 secs] 5359256K->4969067K(11361088K), 0.1033750 secs] [Times: user=0.58 sys=0.02, real=0.10 secs] 
23017.512: [GC 23017.513: [ParNew: 470038K->52031K(471872K), 0.0847080 secs] 5388523K->4984745K(11361088K), 0.0849610 secs] [Times: user=0.58 sys=0.05, real=0.08 secs] 
23018.828: [GC 23018.829: [ParNew: 471487K->52416K(471872K), 0.2522750 secs] 5404201K->5010885K(11361088K), 0.2525550 secs] [Times: user=0.87 sys=0.09, real=0.26 secs] 
23020.864: [GC 23020.864: [ParNew: 471842K->52416K(471872K), 0.4664910 secs] 5430311K->5095623K(11361088K), 0.4667640 secs] [Times: user=1.43 sys=0.30, real=0.47 secs] 
23022.639: [GC 23022.639: [ParNew: 471872K->52416K(471872K), 0.2105630 secs] 5515079K->5150151K(11361088K), 0.2108450 secs] [Times: user=0.90 sys=0.09, real=0.21 secs] 
23026.530: [GC 23026.530: [ParNew: 471872K->52415K(471872K), 0.2297980 secs] 5569607K->5176399K(11361088K), 0.2300840 secs] [Times: user=0.76 sys=0.10, real=0.23 secs] 
23028.205: [GC 23028.205: [ParNew: 471871K->43156K(471872K), 0.1912920 secs] 5595855K->5196780K(11361088K), 0.1915730 secs] [Times: user=0.59 sys=0.11, real=0.19 secs] 
23034.460: [GC 23034.461: [ParNew: 462612K->20981K(471872K), 0.0562130 secs] 5616236K->5174605K(11361088K), 0.0564940 secs] [Times: user=0.59 sys=0.01, real=0.06 secs] 
23040.354: [GC 23040.354: [ParNew: 440437K->50734K(471872K), 0.0674050 secs] 5594061K->5204358K(11361088K), 0.0676970 secs] [Times: user=0.68 sys=0.01, real=0.06 secs] 
23048.504: [GC 23048.504: [ParNew: 470190K->38946K(471872K), 0.1836520 secs] 5623814K->5229995K(11361088K), 0.1839010 secs] [Times: user=0.58 sys=0.05, real=0.19 secs] 
23053.435: [GC 23053.435: [ParNew: 458402K->21771K(471872K), 0.0827370 secs] 5649451K->5212821K(11361088K), 0.0830170 secs] [Times: user=0.53 sys=0.01, real=0.08 secs] 
23059.301: [GC 23059.301: [ParNew: 441227K->24208K(471872K), 0.0733340 secs] 5632277K->5215257K(11361088K), 0.0736270 secs] [Times: user=0.59 sys=0.01, real=0.07 secs] 
23061.785: [GC 23061.785: [ParNew: 443664K->25665K(471872K), 0.0730440 secs] 5634713K->5216714K(11361088K), 0.0733840 secs] [Times: user=0.56 sys=0.00, real=0.08 secs] 
23064.426: [GC 23064.426: [ParNew: 445121K->51556K(471872K), 0.1011790 secs] 5636170K->5244321K(11361088K), 0.1014520 secs] [Times: user=0.68 sys=0.01, real=0.10 secs] 
23065.939: [GC 23065.939: [ParNew: 471012K->52416K(471872K), 0.1202290 secs] 5663777K->5278842K(11361088K), 0.1205170 secs] [Times: user=0.73 sys=0.06, real=0.12 secs] 
23072.333: [GC 23072.333: [ParNew: 471760K->52416K(471872K), 0.2089500 secs] 5698187K->5312149K(11361088K), 0.2092410 secs] [Times: user=0.81 sys=0.08, real=0.21 secs] 
23075.566: [GC 23075.566: [ParNew: 471872K->52416K(471872K), 0.3640390 secs] 5731605K->5372714K(11361088K), 0.3643100 secs] [Times: user=1.03 sys=0.13, real=0.37 secs] 
23080.441: [GC 23080.441: [ParNew: 471872K->52416K(471872K), 0.2181210 secs] 5792170K->5410780K(11361088K), 0.2184210 secs] [Times: user=0.91 sys=0.09, real=0.22 secs] 
23083.261: [GC 23083.261: [ParNew: 471872K->26879K(471872K), 0.1413280 secs] 5830236K->5410317K(11361088K), 0.1416450 secs] [Times: user=0.45 sys=0.02, real=0.14 secs] 
23086.453: [GC 23086.453: [ParNew: 446335K->23176K(471872K), 0.0929380 secs] 5829773K->5406614K(11361088K), 0.0932570 secs] [Times: user=0.59 sys=0.01, real=0.09 secs] 
23092.249: [GC 23092.250: [ParNew: 442632K->26106K(471872K), 0.1037880 secs] 5826070K->5409543K(11361088K), 0.1040780 secs] [Times: user=0.73 sys=0.01, real=0.10 secs] 
23099.406: [GC 23099.406: [ParNew: 445562K->52416K(471872K), 0.1502500 secs] 5828999K->5452745K(11361088K), 0.1505000 secs] [Times: user=0.78 sys=0.04, real=0.15 secs] 
23106.740: [GC 23106.740: [ParNew: 471872K->52415K(471872K), 0.2644250 secs] 5872201K->5502055K(11361088K), 0.2647120 secs] [Times: user=0.79 sys=0.11, real=0.26 secs] 
23113.639: [GC 23113.639: [ParNew: 471871K->15417K(471872K), 0.0566020 secs] 5921511K->5465056K(11361088K), 0.0568850 secs] [Times: user=0.59 sys=0.01, real=0.06 secs] 
23119.124: [GC 23119.124: [ParNew: 434873K->18059K(471872K), 0.0654180 secs] 5884512K->5467699K(11361088K), 0.0657000 secs] [Times: user=0.61 sys=0.00, real=0.06 secs] 
23121.155: [GC 23121.156: [ParNew: 437515K->52416K(471872K), 0.3951750 secs] 5887155K->5535235K(11361088K), 0.3954760 secs] [Times: user=3.03 sys=0.06, real=0.39 secs] 
23124.040: [GC 23124.040: [ParNew: 471872K->52416K(471872K), 0.3226810 secs] 5954691K->5586170K(11361088K), 0.3229590 secs] [Times: user=1.17 sys=0.15, real=0.33 secs] 
23125.628: [GC 23125.628: [ParNew: 471872K->52416K(471872K), 0.2696860 secs] 6005626K->5623477K(11361088K), 0.2699210 secs] [Times: user=2.15 sys=0.11, real=0.27 secs] 
23129.068: [GC 23129.068: [ParNew: 471872K->33561K(471872K), 0.1656990 secs] 6042933K->5629414K(11361088K), 0.1659900 secs] [Times: user=0.55 sys=0.07, real=0.17 secs] 
23131.156: [GC 23131.156: [ParNew: 453017K->38165K(471872K), 0.0686670 secs] 6048870K->5634017K(11361088K), 0.0689780 secs] [Times: user=0.64 sys=0.00, real=0.07 secs] 
23141.023: [GC 23141.023: [ParNew: 457621K->52416K(471872K), 0.1798830 secs] 6053473K->5682937K(11361088K), 0.1801580 secs] [Times: user=0.86 sys=0.09, real=0.18 secs] 
23144.843: [GC 23144.843: [ParNew: 471872K->47910K(471872K), 0.2335500 secs] 6102393K->5725460K(11361088K), 0.2338220 secs] [Times: user=0.79 sys=0.15, real=0.24 secs] 
23148.616: [GC 23148.616: [ParNew: 467366K->52416K(471872K), 0.1207730 secs] 6144916K->5735245K(11361088K), 0.1211250 secs] [Times: user=0.75 sys=0.01, real=0.12 secs] 
23154.165: [GC 23154.165: [ParNew: 471872K->50820K(471872K), 0.3080010 secs] 6154701K->5781303K(11361088K), 0.3082880 secs] [Times: user=0.69 sys=0.05, real=0.30 secs] 
23156.360: [GC 23156.360: [ParNew: 470276K->28687K(471872K), 0.0855930 secs] 6200759K->5759170K(11361088K), 0.0858590 secs] [Times: user=0.62 sys=0.00, real=0.09 secs] 
23163.903: [GC 23163.903: [ParNew: 448143K->30090K(471872K), 0.0837390 secs] 6178626K->5760573K(11361088K), 0.0840530 secs] [Times: user=0.62 sys=0.00, real=0.09 secs] 
23168.245: [GC 23168.245: [ParNew: 449546K->52415K(471872K), 0.0869970 secs] 6180029K->5784696K(11361088K), 0.0872670 secs] [Times: user=0.72 sys=0.00, real=0.09 secs] 
23173.295: [GC 23173.296: [ParNew: 471871K->36367K(471872K), 0.1692590 secs] 6204152K->5807182K(11361088K), 0.1695450 secs] [Times: user=0.62 sys=0.10, real=0.16 secs] 
23174.402: [GC 23174.403: [ParNew: 455823K->30563K(471872K), 0.0776230 secs] 6226638K->5801378K(11361088K), 0.0779130 secs] [Times: user=0.60 sys=0.00, real=0.08 secs] 
23175.147: [GC 23175.147: [ParNew: 450019K->48785K(471872K), 0.0610830 secs] 6220834K->5823969K(11361088K), 0.0614340 secs] [Times: user=0.68 sys=0.02, real=0.06 secs] 
23176.035: [GC 23176.035: [ParNew: 468241K->52416K(471872K), 0.0980450 secs] 6243425K->5843212K(11361088K), 0.0983350 secs] [Times: user=0.60 sys=0.07, real=0.10 secs] 
23176.997: [GC 23176.997: [ParNew: 471872K->52416K(471872K), 0.1124430 secs] 6262668K->5865533K(11361088K), 0.1126980 secs] [Times: user=0.55 sys=0.05, real=0.11 secs] 
23178.130: [GC 23178.130: [ParNew: 471872K->52416K(471872K), 0.1940690 secs] 6284989K->5893015K(11361088K), 0.1943080 secs] [Times: user=1.10 sys=0.11, real=0.19 secs] 
23179.372: [GC 23179.372: [ParNew: 471872K->52416K(471872K), 0.3658860 secs] 6312471K->5941829K(11361088K), 0.3661630 secs] [Times: user=1.15 sys=0.08, real=0.37 secs] 
23184.124: [GC 23184.124: [ParNew: 471872K->52416K(471872K), 0.0915610 secs] 6361285K->5942943K(11361088K), 0.0918920 secs] [Times: user=0.70 sys=0.01, real=0.09 secs] 
23187.920: [GC 23187.920: [ParNew: 471872K->49271K(471872K), 0.2879140 secs] 6362399K->5975913K(11361088K), 0.2881910 secs] [Times: user=0.76 sys=0.08, real=0.29 secs] 
23191.638: [GC 23191.638: [ParNew: 468727K->40545K(471872K), 0.0803800 secs] 6395369K->5974963K(11361088K), 0.0806340 secs] [Times: user=0.60 sys=0.03, real=0.08 secs] 
23194.646: [GC 23194.647: [ParNew: 460001K->44471K(471872K), 0.2000430 secs] 6394419K->6007461K(11361088K), 0.2003280 secs] [Times: user=0.58 sys=0.08, real=0.20 secs] 
23197.844: [GC 23197.845: [ParNew: 463927K->45602K(471872K), 0.0679810 secs] 6426917K->6008592K(11361088K), 0.0682740 secs] [Times: user=0.67 sys=0.00, real=0.07 secs] 
23202.511: [GC 23202.511: [ParNew: 465058K->40004K(471872K), 0.1602820 secs] 6428048K->6040828K(11361088K), 0.1605720 secs] [Times: user=0.72 sys=0.05, real=0.16 secs] 
23205.760: [GC 23205.760: [ParNew: 459460K->52415K(471872K), 0.1049210 secs] 6460284K->6054621K(11361088K), 0.1051960 secs] [Times: user=0.74 sys=0.01, real=0.10 secs] 
23209.833: [GC 23209.833: [ParNew: 471871K->32187K(471872K), 0.1353350 secs] 6474077K->6070729K(11361088K), 0.1356340 secs] [Times: user=0.63 sys=0.07, real=0.13 secs] 
23218.861: [GC 23218.861: [ParNew: 451643K->23161K(471872K), 0.0769280 secs] 6490185K->6061703K(11361088K), 0.0772460 secs] [Times: user=0.57 sys=0.01, real=0.07 secs] 
23221.102: [GC 23221.102: [ParNew: 442617K->52416K(471872K), 0.1053020 secs] 6481159K->6102290K(11361088K), 0.1055640 secs] [Times: user=0.72 sys=0.03, real=0.10 secs] 
23225.265: [GC 23225.265: [ParNew: 471872K->52416K(471872K), 0.2699440 secs] 6521746K->6166981K(11361088K), 0.2702220 secs] [Times: user=1.15 sys=0.15, real=0.27 secs] 
23227.560: [GC 23227.560: [ParNew: 471872K->52416K(471872K), 0.3188630 secs] 6586437K->6218276K(11361088K), 0.3191490 secs] [Times: user=0.87 sys=0.08, real=0.32 secs] 
23229.648: [GC 23229.648: [ParNew: 471872K->52416K(471872K), 0.1834810 secs] 6637732K->6260468K(11361088K), 0.1837530 secs] [Times: user=0.94 sys=0.16, real=0.19 secs] 
23233.366: [GC 23233.366: [ParNew: 471872K->52416K(471872K), 0.2166070 secs] 6679924K->6306852K(11361088K), 0.2168810 secs] [Times: user=0.84 sys=0.15, real=0.22 secs] 
23235.129: [GC 23235.129: [ParNew: 471872K->51667K(471872K), 0.3031130 secs] 6726308K->6334716K(11361088K), 0.3033860 secs] [Times: user=2.53 sys=0.06, real=0.30 secs] 
23243.448: [GC 23243.448: [ParNew: 471123K->52416K(471872K), 0.2065990 secs] 6754172K->6369714K(11361088K), 0.2068870 secs] [Times: user=0.91 sys=0.08, real=0.21 secs] 
23246.384: [GC 23246.384: [ParNew: 471872K->52416K(471872K), 0.2271820 secs] 6789170K->6425589K(11361088K), 0.2274660 secs] [Times: user=1.06 sys=0.14, real=0.22 secs] 
23251.688: [GC 23251.689: [ParNew: 471872K->52278K(471872K), 0.2032200 secs] 6845045K->6465153K(11361088K), 0.2035160 secs] [Times: user=0.72 sys=0.11, real=0.20 secs] 
23256.294: [GC 23256.294: [ParNew: 471734K->28436K(471872K), 0.1108860 secs] 6884609K->6441311K(11361088K), 0.1111560 secs] [Times: user=0.62 sys=0.00, real=0.11 secs] 
23264.065: [GC 23264.065: [ParNew: 447892K->20344K(471872K), 0.0631860 secs] 6860767K->6433219K(11361088K), 0.0634810 secs] [Times: user=0.53 sys=0.00, real=0.07 secs] 
23268.592: [GC 23268.592: [ParNew: 439800K->47146K(471872K), 0.1157550 secs] 6852675K->6460021K(11361088K), 0.1160090 secs] [Times: user=0.98 sys=0.00, real=0.12 secs] 
23270.003: [GC 23270.003: [ParNew: 466602K->52416K(471872K), 0.2016570 secs] 6879477K->6494062K(11361088K), 0.2019340 secs] [Times: user=1.40 sys=0.11, real=0.21 secs] 
23271.819: [GC 23271.819: [ParNew: 471872K->52416K(471872K), 0.2879050 secs] 6913518K->6550503K(11361088K), 0.2881730 secs] [Times: user=1.13 sys=0.16, real=0.29 secs] 
23275.416: [GC 23275.416: [ParNew: 471872K->52416K(471872K), 0.2539960 secs] 6969959K->6595078K(11361088K), 0.2542780 secs] [Times: user=0.82 sys=0.11, real=0.26 secs] 
23278.972: [GC 23278.972: [ParNew: 471872K->49748K(471872K), 0.1909720 secs] 7014534K->6592411K(11361088K), 0.1912370 secs] [Times: user=0.70 sys=0.01, real=0.19 secs] 
23288.123: [GC 23288.123: [ParNew: 469204K->14525K(471872K), 0.0796110 secs] 7011867K->6567654K(11361088K), 0.0799090 secs] [Times: user=0.58 sys=0.02, real=0.08 secs] 
23294.750: [GC 23294.750: [ParNew: 433981K->18472K(471872K), 0.0794930 secs] 6987110K->6571601K(11361088K), 0.0797650 secs] [Times: user=0.60 sys=0.00, real=0.08 secs] 
23296.575: [GC 23296.575: [ParNew: 437928K->47773K(471872K), 0.0817220 secs] 6991057K->6600901K(11361088K), 0.0819880 secs] [Times: user=0.65 sys=0.00, real=0.08 secs] 
23299.868: [GC 23299.868: [ParNew: 467229K->52117K(471872K), 0.1946070 secs] 7020357K->6639862K(11361088K), 0.1949110 secs] [Times: user=0.64 sys=0.09, real=0.20 secs] 
23306.533: [GC 23306.533: [ParNew: 471573K->19350K(471872K), 0.1449250 secs] 7059318K->6630320K(11361088K), 0.1452190 secs] [Times: user=0.55 sys=0.05, real=0.14 secs] 
23308.777: [GC 23308.778: [ParNew: 438806K->31412K(471872K), 0.1361860 secs] 7049776K->6642383K(11361088K), 0.1364760 secs] [Times: user=0.61 sys=0.00, real=0.14 secs] 
23312.292: [GC 23312.292: [ParNew: 450868K->32807K(471872K), 0.0706990 secs] 7061839K->6646242K(11361088K), 0.0709580 secs] [Times: user=0.64 sys=0.01, real=0.07 secs] 
23313.281: [GC 23313.281: [ParNew: 452263K->51112K(471872K), 0.0717840 secs] 7065698K->6664547K(11361088K), 0.0720940 secs] [Times: user=0.69 sys=0.00, real=0.07 secs] 
23314.134: [GC 23314.135: [ParNew: 470568K->52416K(471872K), 0.1160970 secs] 7084003K->6687382K(11361088K), 0.1163870 secs] [Times: user=0.65 sys=0.06, real=0.12 secs] 
23315.032: [GC 23315.032: [ParNew: 471872K->52416K(471872K), 0.0979570 secs] 7106838K->6703214K(11361088K), 0.0982400 secs] [Times: user=0.60 sys=0.05, real=0.10 secs] 
23316.126: [GC 23316.126: [ParNew: 471872K->52416K(471872K), 0.3860170 secs] 7122670K->6750146K(11361088K), 0.3862960 secs] [Times: user=1.69 sys=0.08, real=0.39 secs] 
23318.971: [GC 23318.971: [ParNew: 471872K->52416K(471872K), 0.2726580 secs] 7169602K->6780625K(11361088K), 0.2729610 secs] [Times: user=0.75 sys=0.10, real=0.27 secs] 
23323.330: [GC 23323.330: [ParNew: 471760K->43494K(471872K), 0.0792810 secs] 7199969K->6771704K(11361088K), 0.0796120 secs] [Times: user=0.69 sys=0.02, real=0.08 secs] 
23326.879: [GC 23326.879: [ParNew: 462950K->29731K(471872K), 0.1539810 secs] 7191160K->6786840K(11361088K), 0.1542810 secs] [Times: user=0.62 sys=0.07, real=0.16 secs] 
23329.963: [GC 23329.963: [ParNew: 449187K->35619K(471872K), 0.2220760 secs] 7206296K->6792728K(11361088K), 0.2223330 secs] [Times: user=2.40 sys=0.01, real=0.22 secs] 
23333.540: [GC 23333.540: [ParNew: 455075K->33091K(471872K), 0.1340300 secs] 7212184K->6799507K(11361088K), 0.1345010 secs] [Times: user=0.61 sys=0.02, real=0.14 secs] 
23339.579: [GC 23339.579: [ParNew: 452547K->35628K(471872K), 0.0729880 secs] 7218963K->6802044K(11361088K), 0.0732580 secs] [Times: user=0.61 sys=0.01, real=0.07 secs] 
23344.273: [GC 23344.273: [ParNew: 455084K->15839K(471872K), 0.0869200 secs] 7221500K->6799551K(11361088K), 0.0872080 secs] [Times: user=0.63 sys=0.05, real=0.08 secs] 
23346.363: [GC 23346.363: [ParNew: 435295K->52416K(471872K), 0.0657630 secs] 7219007K->6836830K(11361088K), 0.0660290 secs] [Times: user=0.74 sys=0.01, real=0.07 secs] 
23350.921: [GC 23350.921: [ParNew: 471872K->52416K(471872K), 0.2156590 secs] 7256286K->6888724K(11361088K), 0.2159500 secs] [Times: user=0.87 sys=0.14, real=0.22 secs] 
23358.790: [GC 23358.790: [ParNew: 471872K->52415K(471872K), 0.2268670 secs] 7308180K->6929478K(11361088K), 0.2271530 secs] [Times: user=0.79 sys=0.10, real=0.23 secs] 
23365.788: [GC 23365.789: [ParNew: 471871K->52416K(471872K), 0.1845970 secs] 7348934K->6947219K(11361088K), 0.1848860 secs] [Times: user=0.87 sys=0.04, real=0.18 secs] 
23368.152: [GC 23368.152: [ParNew: 471872K->52416K(471872K), 0.7528630 secs] 7366675K->7005384K(11361088K), 0.7532390 secs] [Times: user=1.11 sys=0.05, real=0.76 secs] 
23370.487: [GC 23370.487: [ParNew: 471872K->52416K(471872K), 0.1590990 secs] 7424840K->7009339K(11361088K), 0.1593870 secs] [Times: user=0.91 sys=0.02, real=0.16 secs] 
23373.810: [GC 23373.810: [ParNew: 471872K->52416K(471872K), 0.3850730 secs] 7428795K->7083016K(11361088K), 0.3853400 secs] [Times: user=1.49 sys=0.18, real=0.38 secs] 
23376.681: [GC 23376.681: [ParNew: 471872K->52416K(471872K), 0.3593210 secs] 7502472K->7144717K(11361088K), 0.3596010 secs] [Times: user=0.98 sys=0.12, real=0.36 secs] 
23378.744: [GC 23378.744: [ParNew: 471872K->34058K(471872K), 0.1065450 secs] 7564173K->7126359K(11361088K), 0.1068720 secs] [Times: user=0.71 sys=0.01, real=0.11 secs] 
23381.035: [GC 23381.035: [ParNew: 453514K->37237K(471872K), 0.1082280 secs] 7545815K->7129538K(11361088K), 0.1085120 secs] [Times: user=0.66 sys=0.00, real=0.11 secs] 
23383.806: [GC 23383.806: [ParNew: 456693K->24680K(471872K), 0.1015800 secs] 7548994K->7125313K(11361088K), 0.1018640 secs] [Times: user=0.59 sys=0.02, real=0.11 secs] 
23386.749: [GC 23386.749: [ParNew: 444136K->52416K(471872K), 0.0772200 secs] 7544769K->7159845K(11361088K), 0.0774650 secs] [Times: user=0.66 sys=0.01, real=0.07 secs] 
23390.031: [GC 23390.032: [ParNew: 471872K->52416K(471872K), 0.2069720 secs] 7579301K->7213283K(11361088K), 0.2072490 secs] [Times: user=0.86 sys=0.12, real=0.21 secs] 
23403.077: [GC 23403.078: [ParNew: 471872K->49982K(471872K), 0.0780830 secs] 7632739K->7210850K(11361088K), 0.0783760 secs] [Times: user=0.59 sys=0.00, real=0.08 secs] 
23406.269: [GC 23406.270: [ParNew: 469438K->50410K(471872K), 0.1190630 secs] 7630306K->7235200K(11361088K), 0.1193330 secs] [Times: user=0.70 sys=0.06, real=0.11 secs] 
23410.379: [GC 23410.379: [ParNew: 469866K->51493K(471872K), 0.1511400 secs] 7654656K->7265737K(11361088K), 0.1514390 secs] [Times: user=0.66 sys=0.09, real=0.16 secs] 
23414.181: [GC 23414.181: [ParNew: 470949K->52416K(471872K), 0.1585480 secs] 7685193K->7296344K(11361088K), 0.1588400 secs] [Times: user=0.94 sys=0.12, real=0.16 secs] 
23420.630: [GC 23420.630: [ParNew: 471872K->52416K(471872K), 0.4537970 secs] 7715800K->7360120K(11361088K), 0.4540870 secs] [Times: user=0.99 sys=0.15, real=0.46 secs] 
23421.843: [GC 23421.843: [ParNew: 471872K->52416K(471872K), 0.3181590 secs] 7779576K->7415696K(11361088K), 0.3184370 secs] [Times: user=1.36 sys=0.10, real=0.32 secs] 
23425.691: [GC 23425.692: [ParNew: 471864K->46319K(471872K), 0.2487290 secs] 7835144K->7460698K(11361088K), 0.2490290 secs] [Times: user=0.91 sys=0.15, real=0.24 secs] 
23431.672: [GC 23431.672: [ParNew: 465775K->27748K(471872K), 0.0621820 secs] 7880154K->7442127K(11361088K), 0.0624750 secs] [Times: user=0.57 sys=0.00, real=0.06 secs] 
23435.526: [GC 23435.526: [ParNew: 447204K->52416K(471872K), 0.1834260 secs] 7861583K->7477197K(11361088K), 0.1836990 secs] [Times: user=0.82 sys=0.01, real=0.18 secs] 
23437.803: [GC 23437.804: [ParNew: 471872K->52415K(471872K), 0.1526470 secs] 7896653K->7498741K(11361088K), 0.1528910 secs] [Times: user=0.70 sys=0.05, real=0.15 secs] 
23438.731: [GC 23438.731: [ParNew: 471871K->39936K(471872K), 0.0822560 secs] 7918197K->7497786K(11361088K), 0.0825250 secs] [Times: user=0.72 sys=0.04, real=0.09 secs] 
23439.550: [GC 23439.550: [ParNew: 459392K->48989K(471872K), 0.0775580 secs] 7917242K->7517319K(11361088K), 0.0778470 secs] [Times: user=0.69 sys=0.04, real=0.08 secs] 
23440.448: [GC 23440.448: [ParNew: 468445K->52416K(471872K), 0.0994890 secs] 7936775K->7536666K(11361088K), 0.0997590 secs] [Times: user=0.69 sys=0.03, real=0.10 secs] 
23441.241: [GC 23441.242: [ParNew: 471872K->52416K(471872K), 0.1181200 secs] 7956122K->7555808K(11361088K), 0.1183970 secs] [Times: user=0.70 sys=0.06, real=0.12 secs] 
23442.499: [GC 23442.499: [ParNew: 471872K->52416K(471872K), 0.2013840 secs] 7975264K->7580129K(11361088K), 0.2016520 secs] [Times: user=0.84 sys=0.09, real=0.20 secs] 
23446.179: [GC 23446.180: [ParNew: 471872K->52416K(471872K), 0.4131960 secs] 7999585K->7634830K(11361088K), 0.4137770 secs] [Times: user=1.26 sys=0.09, real=0.42 secs] 
23450.566: [GC 23450.566: [ParNew: 471872K->50263K(471872K), 0.0883180 secs] 8054286K->7632678K(11361088K), 0.0886550 secs] [Times: user=0.63 sys=0.01, real=0.09 secs] 
23451.719: [GC 23451.719: [ParNew: 469719K->43858K(471872K), 0.1123750 secs] 8052134K->7647583K(11361088K), 0.1126500 secs] [Times: user=0.67 sys=0.06, real=0.11 secs] 
23452.414: [GC 23452.415: [ParNew: 463314K->52415K(471872K), 0.0945690 secs] 8067039K->7668949K(11361088K), 0.0948200 secs] [Times: user=0.68 sys=0.04, real=0.09 secs] 
23453.167: [GC 23453.167: [ParNew: 471871K->52416K(471872K), 0.1538690 secs] 8088405K->7691658K(11361088K), 0.1541430 secs] [Times: user=0.80 sys=0.06, real=0.15 secs] 
23454.012: [GC 23454.012: [ParNew: 471752K->47296K(471872K), 0.1749850 secs] 8110995K->7726128K(11361088K), 0.1753420 secs] [Times: user=0.77 sys=0.05, real=0.18 secs] 
23455.120: [GC 23455.120: [ParNew: 466752K->52416K(471872K), 0.0651630 secs] 8145584K->7732273K(11361088K), 0.0654130 secs] [Times: user=0.73 sys=0.00, real=0.07 secs] 
23460.433: [GC 23460.433: [ParNew: 471867K->49536K(471872K), 0.2450260 secs] 8151724K->7767324K(11361088K), 0.2453150 secs] [Times: user=0.83 sys=0.06, real=0.25 secs] 
23470.155: [GC 23470.155: [ParNew: 468993K->40284K(471872K), 0.1633120 secs] 8186781K->7776055K(11361088K), 0.1636020 secs] [Times: user=1.00 sys=0.07, real=0.17 secs] 
23470.320: [GC 23470.320: [ParNew: 41323K->0K(471872K), 0.1497120 secs] 7777094K->7767711K(11361088K), 0.1499800 secs] [Times: user=0.63 sys=0.10, real=0.15 secs] 
23475.955: [GC 23475.955: [ParNew: 419456K->40571K(471872K), 0.0774480 secs] 8187167K->7808283K(11361088K), 0.0777200 secs] [Times: user=0.69 sys=0.00, real=0.08 secs] 
23480.150: [GC 23480.150: [ParNew: 460027K->47373K(471872K), 0.1360920 secs] 8227739K->7845096K(11361088K), 0.1363980 secs] [Times: user=0.76 sys=0.07, real=0.14 secs] 
23484.402: [GC 23484.402: [ParNew: 466829K->52416K(471872K), 0.1105810 secs] 8264552K->7862395K(11361088K), 0.1108800 secs] [Times: user=0.68 sys=0.04, real=0.11 secs] 
23488.492: [GC 23488.492: [ParNew: 471872K->47660K(471872K), 0.2145570 secs] 8281851K->7904764K(11361088K), 0.2148620 secs] [Times: user=0.73 sys=0.12, real=0.22 secs] 
23492.316: [GC 23492.316: [ParNew: 467116K->28121K(471872K), 0.0964050 secs] 8324220K->7885225K(11361088K), 0.0966810 secs] [Times: user=0.59 sys=0.00, real=0.10 secs] 
23497.063: [GC 23497.063: [ParNew: 447440K->52416K(471872K), 0.1141730 secs] 8304544K->7919180K(11361088K), 0.1145120 secs] [Times: user=0.74 sys=0.03, real=0.11 secs] 
23502.839: [GC 23502.839: [ParNew: 471872K->48026K(471872K), 0.2144840 secs] 8338636K->7961951K(11361088K), 0.2147640 secs] [Times: user=0.82 sys=0.11, real=0.22 secs] 
23507.422: [GC 23507.422: [ParNew: 467482K->24848K(471872K), 0.0793310 secs] 8381407K->7938773K(11361088K), 0.0796220 secs] [Times: user=0.62 sys=0.00, real=0.08 secs] 
23510.959: [GC 23510.959: [ParNew: 444304K->31616K(471872K), 0.0788010 secs] 8358229K->7945541K(11361088K), 0.0790770 secs] [Times: user=0.63 sys=0.00, real=0.08 secs] 
23513.474: [GC 23513.475: [ParNew: 450942K->52102K(471872K), 0.0718210 secs] 8364867K->7966027K(11361088K), 0.0721170 secs] [Times: user=0.73 sys=0.01, real=0.07 secs] 
23516.483: [GC 23516.483: [ParNew: 471558K->50820K(471872K), 0.1707130 secs] 8385483K->8003983K(11361088K), 0.1709870 secs] [Times: user=0.83 sys=0.14, real=0.17 secs] 
23518.015: [GC 23518.015: [ParNew: 470276K->52416K(471872K), 0.1201500 secs] 8423439K->8022765K(11361088K), 0.1204740 secs] [Times: user=0.78 sys=0.02, real=0.12 secs] 
23521.036: [GC 23521.036: [ParNew: 471872K->35530K(471872K), 0.1511630 secs] 8442221K->8056377K(11361088K), 0.1514590 secs] [Times: user=0.78 sys=0.11, real=0.15 secs] 
23525.687: [GC 23525.687: [ParNew: 454986K->47567K(471872K), 0.0689220 secs] 8475833K->8068415K(11361088K), 0.0692010 secs] [Times: user=0.66 sys=0.00, real=0.07 secs] 
23529.294: [GC 23529.294: [ParNew: 466800K->52416K(471872K), 0.2005370 secs] 8487648K->8114891K(11361088K), 0.2008130 secs] [Times: user=1.25 sys=0.09, real=0.20 secs] 
23535.490: [GC 23535.490: [ParNew: 471872K->52416K(471872K), 0.4530350 secs] 8534347K->8182313K(11361088K), 0.4533230 secs] [Times: user=1.04 sys=0.06, real=0.46 secs] 
23544.825: [GC 23544.826: [ParNew: 471872K->51898K(471872K), 0.1670520 secs] 8601769K->8214448K(11361088K), 0.1673480 secs] [Times: user=0.76 sys=0.07, real=0.17 secs] 
23548.851: [GC 23548.851: [ParNew: 471354K->45840K(471872K), 0.2938270 secs] 8633904K->8208390K(11361088K), 0.2941380 secs] [Times: user=3.61 sys=0.01, real=0.30 secs] 
23554.863: [GC 23554.864: [ParNew: 465296K->52415K(471872K), 0.1557610 secs] 8627846K->8235826K(11361088K), 0.1560340 secs] [Times: user=0.67 sys=0.04, real=0.15 secs] 
23559.140: [GC 23559.141: [ParNew: 471871K->48145K(471872K), 0.1045520 secs] 8655282K->8237287K(11361088K), 0.1048260 secs] [Times: user=0.72 sys=0.02, real=0.11 secs] 
23564.601: [GC 23564.601: [ParNew: 467601K->39563K(471872K), 0.1366260 secs] 8656743K->8254144K(11361088K), 0.1368980 secs] [Times: user=0.92 sys=0.05, real=0.14 secs] 
23569.951: [GC 23569.952: [ParNew: 459019K->34876K(471872K), 0.1162910 secs] 8673600K->8249456K(11361088K), 0.1165730 secs] [Times: user=0.58 sys=0.00, real=0.12 secs] 
23572.316: [GC 23572.317: [ParNew: 454332K->42335K(471872K), 0.1265620 secs] 8668912K->8261685K(11361088K), 0.1268590 secs] [Times: user=1.19 sys=0.01, real=0.12 secs] 
23573.311: [GC 23573.311: [ParNew: 461791K->50014K(471872K), 0.1660090 secs] 8681141K->8297798K(11361088K), 0.1662900 secs] [Times: user=1.45 sys=0.09, real=0.17 secs] 
23574.124: [GC 23574.124: [ParNew: 469470K->34471K(471872K), 0.1829340 secs] 8717254K->8318782K(11361088K), 0.1832110 secs] [Times: user=0.80 sys=0.13, real=0.19 secs] 
23575.131: [GC 23575.131: [ParNew: 453927K->45665K(471872K), 0.0683600 secs] 8738238K->8329975K(11361088K), 0.0686220 secs] [Times: user=0.70 sys=0.00, real=0.07 secs] 
23576.116: [GC 23576.116: [ParNew: 465121K->52416K(471872K), 0.0931820 secs] 8749431K->8353811K(11361088K), 0.0934800 secs] [Times: user=0.69 sys=0.06, real=0.09 secs] 
23577.316: [GC 23577.316: [ParNew: 471872K->52416K(471872K), 0.1941430 secs] 8773267K->8382846K(11361088K), 0.1944280 secs] [Times: user=1.04 sys=0.13, real=0.20 secs] 
23579.181: [GC 23579.181: [ParNew: 471872K->52416K(471872K), 0.3619920 secs] 8802302K->8430940K(11361088K), 0.3622810 secs] [Times: user=1.11 sys=0.12, real=0.36 secs] 
23581.106: [GC 23581.106: [ParNew: 471872K->52416K(471872K), 0.1745160 secs] 8850396K->8454359K(11361088K), 0.1748190 secs] [Times: user=1.31 sys=0.06, real=0.18 secs] 
23588.057: [GC 23588.057: [ParNew: 471872K->51678K(471872K), 0.2196400 secs] 8873815K->8481193K(11361088K), 0.2199290 secs] [Times: user=0.73 sys=0.08, real=0.22 secs] 
23590.225: [GC 23590.225: [ParNew: 471134K->15283K(471872K), 0.0740780 secs] 8900649K->8451703K(11361088K), 0.0743680 secs] [Times: user=0.67 sys=0.03, real=0.08 secs] 
23592.737: [GC 23592.737: [ParNew: 434739K->22709K(471872K), 0.0739300 secs] 8871159K->8459129K(11361088K), 0.0742090 secs] [Times: user=0.62 sys=0.00, real=0.08 secs] 
23598.063: [GC 23598.063: [ParNew: 442165K->32740K(471872K), 0.1030540 secs] 8878585K->8469160K(11361088K), 0.1033480 secs] [Times: user=0.66 sys=0.00, real=0.10 secs] 
23604.243: [GC 23604.243: [ParNew: 452196K->27063K(471872K), 0.0823910 secs] 8888616K->8468153K(11361088K), 0.0826400 secs] [Times: user=0.67 sys=0.02, real=0.08 secs] 
23606.966: [GC 23606.966: [ParNew: 446519K->44931K(471872K), 0.1698270 secs] 8887609K->8486020K(11361088K), 0.1700880 secs] [Times: user=1.71 sys=0.00, real=0.17 secs] 
23612.645: [GC 23612.645: [ParNew: 464387K->33137K(471872K), 0.1098070 secs] 8905476K->8484956K(11361088K), 0.1101160 secs] [Times: user=0.63 sys=0.05, real=0.11 secs] 
23617.743: [GC 23617.743: [ParNew: 452593K->52416K(471872K), 0.0650280 secs] 8904412K->8508853K(11361088K), 0.0653070 secs] [Times: user=0.65 sys=0.02, real=0.06 secs] 
23621.797: [GC 23621.797: [ParNew: 471872K->47781K(471872K), 0.1946250 secs] 8928309K->8553873K(11361088K), 0.1949100 secs] [Times: user=0.83 sys=0.12, real=0.20 secs] 
23624.712: [GC 23624.712: [ParNew: 467237K->26572K(471872K), 0.0799780 secs] 8973329K->8532664K(11361088K), 0.0802860 secs] [Times: user=0.66 sys=0.02, real=0.08 secs] 
23625.984: [GC 23625.984: [ParNew: 446028K->52416K(471872K), 0.0990980 secs] 8952120K->8571953K(11361088K), 0.0993530 secs] [Times: user=0.85 sys=0.03, real=0.10 secs] 
23631.555: [GC 23631.555: [ParNew: 471872K->41753K(471872K), 0.1524090 secs] 8991409K->8608935K(11361088K), 0.1526850 secs] [Times: user=0.78 sys=0.09, real=0.15 secs] 
23633.225: [GC 23633.225: [ParNew: 461118K->52416K(471872K), 0.2036900 secs] 9028300K->8665228K(11361088K), 0.2039590 secs] [Times: user=1.35 sys=0.12, real=0.20 secs] 
23635.687: [GC 23635.687: [ParNew: 471872K->46299K(471872K), 0.2118230 secs] 9084684K->8708375K(11361088K), 0.2121090 secs] [Times: user=1.13 sys=0.13, real=0.21 secs] 
23638.400: [GC 23638.400: [ParNew: 465755K->52415K(471872K), 0.1052680 secs] 9127831K->8717610K(11361088K), 0.1055470 secs] [Times: user=0.82 sys=0.01, real=0.11 secs] 
23641.329: [GC 23641.329: [ParNew: 471871K->40724K(471872K), 0.0654810 secs] 9137066K->8719921K(11361088K), 0.0657770 secs] [Times: user=0.69 sys=0.02, real=0.07 secs] 
23644.087: [GC 23644.087: [ParNew: 460180K->47687K(471872K), 0.0640020 secs] 9139377K->8731446K(11361088K), 0.0642870 secs] [Times: user=0.64 sys=0.00, real=0.06 secs] 
23648.061: [GC 23648.061: [ParNew: 467143K->50540K(471872K), 0.1429640 secs] 9150902K->8762928K(11361088K), 0.1432630 secs] [Times: user=0.76 sys=0.05, real=0.15 secs] 
23650.564: [GC 23650.564: [ParNew: 469996K->40932K(471872K), 0.1316700 secs] 9182384K->8781348K(11361088K), 0.1319650 secs] [Times: user=0.65 sys=0.05, real=0.13 secs] 
23652.760: [GC 23652.760: [ParNew: 460162K->43845K(471872K), 0.1503490 secs] 9200578K->8784260K(11361088K), 0.1506230 secs] [Times: user=1.06 sys=0.00, real=0.15 secs] 
23655.410: [GC 23655.410: [ParNew: 463301K->20184K(471872K), 0.0711930 secs] 9203716K->8768958K(11361088K), 0.0714720 secs] [Times: user=0.60 sys=0.03, real=0.07 secs] 
23661.195: [GC 23661.195: [ParNew: 439640K->39604K(471872K), 0.0533940 secs] 9188414K->8788379K(11361088K), 0.0536950 secs] [Times: user=0.59 sys=0.01, real=0.05 secs] 
23664.507: [GC 23664.507: [ParNew: 459060K->35059K(471872K), 0.1800190 secs] 9207835K->8817062K(11361088K), 0.1802910 secs] [Times: user=0.69 sys=0.13, real=0.18 secs] 
23671.561: [GC 23671.562: [ParNew: 454515K->18486K(471872K), 0.0677560 secs] 9236518K->8800490K(11361088K), 0.0680300 secs] [Times: user=0.61 sys=0.01, real=0.07 secs] 
23674.999: [GC 23674.999: [ParNew: 437942K->25364K(471872K), 0.0733240 secs] 9219946K->8807367K(11361088K), 0.0736130 secs] [Times: user=0.53 sys=0.00, real=0.07 secs] 
23677.374: [GC 23677.374: [ParNew: 444820K->52416K(471872K), 0.2431340 secs] 9226823K->8858815K(11361088K), 0.2434280 secs] [Times: user=2.07 sys=0.06, real=0.25 secs] 
23680.719: [GC 23680.720: [ParNew: 471872K->52416K(471872K), 0.1885690 secs] 9278271K->8907095K(11361088K), 0.1888410 secs] [Times: user=0.94 sys=0.11, real=0.19 secs] 
23683.790: [GC 23683.790: [ParNew: 471872K->32235K(471872K), 0.1539520 secs] 9326551K->8913968K(11361088K), 0.1542040 secs] [Times: user=0.62 sys=0.07, real=0.15 secs] 
23687.151: [GC 23687.151: [ParNew: 451691K->25296K(471872K), 0.1138170 secs] 9333424K->8907029K(11361088K), 0.1141020 secs] [Times: user=0.67 sys=0.00, real=0.11 secs] 
23690.586: [GC 23690.586: [ParNew: 444752K->52416K(471872K), 0.0893050 secs] 9326485K->8940850K(11361088K), 0.0895850 secs] [Times: user=0.73 sys=0.01, real=0.09 secs] 
23693.666: [GC 23693.666: [ParNew: 471872K->45763K(471872K), 0.2324900 secs] 9360306K->8983696K(11361088K), 0.2327970 secs] [Times: user=0.87 sys=0.16, real=0.24 secs] 
23697.380: [GC 23697.380: [ParNew: 465058K->52416K(471872K), 0.2161070 secs] 9402991K->9005297K(11361088K), 0.2163590 secs] [Times: user=0.82 sys=0.02, real=0.21 secs] 
23700.437: [GC 23700.437: [ParNew: 471872K->50752K(471872K), 0.1638060 secs] 9424753K->9021557K(11361088K), 0.1641030 secs] [Times: user=0.65 sys=0.05, real=0.17 secs] 
23703.334: [GC 23703.335: [ParNew: 470208K->42692K(471872K), 0.1087840 secs] 9441013K->9013496K(11361088K), 0.1090860 secs] [Times: user=0.60 sys=0.00, real=0.11 secs] 
23704.385: [GC 23704.385: [ParNew: 462148K->42082K(471872K), 0.0651550 secs] 9432952K->9025196K(11361088K), 0.0654400 secs] [Times: user=0.68 sys=0.02, real=0.07 secs] 
23705.176: [GC 23705.176: [ParNew: 461538K->52416K(471872K), 0.0598300 secs] 9444652K->9045810K(11361088K), 0.0601050 secs] [Times: user=0.60 sys=0.02, real=0.06 secs] 
23706.072: [GC 23706.073: [ParNew: 471872K->52416K(471872K), 0.0940620 secs] 9465266K->9066114K(11361088K), 0.0943470 secs] [Times: user=0.72 sys=0.04, real=0.09 secs] 
23707.079: [GC 23707.079: [ParNew: 471872K->52416K(471872K), 0.0952200 secs] 9485570K->9084173K(11361088K), 0.0955020 secs] [Times: user=0.73 sys=0.04, real=0.10 secs] 
23710.200: [GC 23710.201: [ParNew: 471872K->52416K(471872K), 0.2585740 secs] 9503629K->9120798K(11361088K), 0.2588210 secs] [Times: user=0.99 sys=0.10, real=0.26 secs] 
23713.471: [GC 23713.471: [ParNew: 471872K->52416K(471872K), 0.2715410 secs] 9540254K->9178454K(11361088K), 0.2718820 secs] [Times: user=1.70 sys=0.08, real=0.27 secs] 
23715.835: [GC 23715.836: [ParNew: 471872K->52415K(471872K), 0.2324820 secs] 9597910K->9229397K(11361088K), 0.2339830 secs] [Times: user=1.05 sys=0.06, real=0.23 secs] 
23718.721: [GC 23718.721: [ParNew: 471871K->52416K(471872K), 0.1786840 secs] 9648853K->9263942K(11361088K), 0.1789180 secs] [Times: user=0.80 sys=0.05, real=0.18 secs] 
23722.154: [GC 23722.154: [ParNew: 471872K->44528K(471872K), 0.1557340 secs] 9683398K->9256055K(11361088K), 0.1560260 secs] [Times: user=0.78 sys=0.00, real=0.15 secs] 
23723.498: [GC 23723.498: [ParNew: 463984K->40804K(471872K), 0.0925090 secs] 9675511K->9267165K(11361088K), 0.0927880 secs] [Times: user=0.67 sys=0.02, real=0.10 secs] 
23725.335: [GC 23725.335: [ParNew: 460260K->52416K(471872K), 0.1217810 secs] 9686621K->9308470K(11361088K), 0.1220590 secs] [Times: user=0.82 sys=0.03, real=0.12 secs] 
23731.567: [GC 23731.567: [ParNew: 471872K->52416K(471872K), 0.1492410 secs] 9727926K->9356014K(11361088K), 0.1495430 secs] [Times: user=0.86 sys=0.06, real=0.15 secs] 
23736.007: [GC 23736.008: [ParNew: 471872K->52416K(471872K), 0.1172650 secs] 9775470K->9388135K(11361088K), 0.1175490 secs] [Times: user=0.84 sys=0.03, real=0.12 secs] 
23740.591: [GC 23740.591: [ParNew (promotion failed): 471872K->459970K(471872K), 1.7290240 secs]23742.320: [CMS: 9355101K->5051949K(10889216K), 23.9813440 secs] 9807591K->5051949K(11361088K), [CMS Perm : 393958K->393466K(524288K)], 25.7107610 secs] [Times: user=25.88 sys=1.10, real=25.71 secs] 
23766.928: [GC 23766.929: [ParNew: 419456K->25648K(471872K), 0.0707470 secs] 5471405K->5077597K(11361088K), 0.0710180 secs] [Times: user=0.62 sys=0.00, real=0.07 secs] 
23769.021: [GC 23769.021: [ParNew: 445104K->52416K(471872K), 0.1151190 secs] 5497053K->5108784K(11361088K), 0.1154410 secs] [Times: user=0.73 sys=0.00, real=0.12 secs] 
23770.980: [GC 23770.980: [ParNew: 471872K->37972K(471872K), 0.1491980 secs] 5528240K->5139831K(11361088K), 0.1494860 secs] [Times: user=0.59 sys=0.05, real=0.15 secs] 
23772.576: [GC 23772.576: [ParNew: 457428K->52416K(471872K), 0.0667090 secs] 5559287K->5154946K(11361088K), 0.0670340 secs] [Times: user=0.70 sys=0.01, real=0.06 secs] 
23774.234: [GC 23774.234: [ParNew: 471872K->52416K(471872K), 0.1636310 secs] 5574402K->5209568K(11361088K), 0.1639320 secs] [Times: user=0.77 sys=0.07, real=0.17 secs] 
23780.816: [GC 23780.816: [ParNew: 471872K->40731K(471872K), 0.0927790 secs] 5629024K->5223822K(11361088K), 0.0930690 secs] [Times: user=0.56 sys=0.04, real=0.10 secs] 
23785.746: [GC 23785.746: [ParNew: 460187K->27120K(471872K), 0.0948590 secs] 5643278K->5236514K(11361088K), 0.0951640 secs] [Times: user=0.48 sys=0.03, real=0.10 secs] 
23789.279: [GC 23789.279: [ParNew: 446576K->16210K(471872K), 0.0560640 secs] 5655970K->5225604K(11361088K), 0.0563860 secs] [Times: user=0.55 sys=0.01, real=0.05 secs] 
23793.045: [GC 23793.045: [ParNew: 435666K->52416K(471872K), 0.0902930 secs] 5645060K->5278050K(11361088K), 0.0905710 secs] [Times: user=0.87 sys=0.03, real=0.09 secs] 
23799.399: [GC 23799.399: [ParNew: 471872K->52415K(471872K), 0.2857620 secs] 5697506K->5332955K(11361088K), 0.2861360 secs] [Times: user=0.95 sys=0.05, real=0.28 secs] 
23801.880: [GC 23801.881: [ParNew: 471871K->17910K(471872K), 0.0736350 secs] 5752411K->5317936K(11361088K), 0.0739530 secs] [Times: user=0.49 sys=0.03, real=0.07 secs] 
23804.686: [GC 23804.686: [ParNew: 437366K->37104K(471872K), 0.0564980 secs] 5737392K->5337131K(11361088K), 0.0568220 secs] [Times: user=0.59 sys=0.01, real=0.06 secs] 
23807.711: [GC 23807.711: [ParNew: 456560K->52416K(471872K), 0.1189040 secs] 5756587K->5365063K(11361088K), 0.1191940 secs] [Times: user=0.72 sys=0.01, real=0.12 secs] 
23809.398: [GC 23809.398: [ParNew: 471872K->51101K(471872K), 0.1539320 secs] 5784519K->5394616K(11361088K), 0.1542390 secs] [Times: user=0.73 sys=0.04, real=0.16 secs] 
23814.434: [GC 23814.435: [ParNew: 470526K->35045K(471872K), 0.0902740 secs] 5814041K->5404495K(11361088K), 0.0905970 secs] [Times: user=0.53 sys=0.05, real=0.09 secs] 
23821.473: [GC 23821.473: [ParNew: 454501K->34713K(471872K), 0.0800300 secs] 5823951K->5404163K(11361088K), 0.0803420 secs] [Times: user=0.60 sys=0.00, real=0.08 secs] 
23825.629: [GC 23825.629: [ParNew: 454169K->52416K(471872K), 0.1446050 secs] 5823619K->5439558K(11361088K), 0.1449860 secs] [Times: user=0.70 sys=0.01, real=0.15 secs] 
23829.680: [GC 23829.680: [ParNew: 471872K->52156K(471872K), 0.1737190 secs] 5859014K->5487946K(11361088K), 0.1740250 secs] [Times: user=0.72 sys=0.06, real=0.18 secs] 
23832.432: [GC 23832.432: [ParNew: 471612K->21419K(471872K), 0.0517230 secs] 5907402K->5457209K(11361088K), 0.0520150 secs] [Times: user=0.54 sys=0.00, real=0.05 secs] 
23835.594: [GC 23835.594: [ParNew: 440875K->23058K(471872K), 0.0529170 secs] 5876665K->5458848K(11361088K), 0.0532090 secs] [Times: user=0.49 sys=0.00, real=0.05 secs] 
23839.361: [GC 23839.361: [ParNew: 442514K->52416K(471872K), 0.0876300 secs] 5878304K->5491470K(11361088K), 0.0879200 secs] [Times: user=0.64 sys=0.00, real=0.09 secs] 
23843.451: [GC 23843.452: [ParNew: 471872K->48970K(471872K), 0.1257130 secs] 5910926K->5528434K(11361088K), 0.1260020 secs] [Times: user=0.71 sys=0.05, real=0.13 secs] 
23847.115: [GC 23847.115: [ParNew: 468426K->30293K(471872K), 0.0875670 secs] 5947890K->5535935K(11361088K), 0.0878660 secs] [Times: user=0.46 sys=0.03, real=0.09 secs] 
23849.566: [GC 23849.566: [ParNew: 449749K->16690K(471872K), 0.0498380 secs] 5955391K->5522332K(11361088K), 0.0501360 secs] [Times: user=0.48 sys=0.01, real=0.05 secs] 
23853.142: [GC 23853.142: [ParNew: 436146K->47646K(471872K), 0.0926820 secs] 5941788K->5553288K(11361088K), 0.0929770 secs] [Times: user=0.68 sys=0.01, real=0.10 secs] 
23858.440: [GC 23858.440: [ParNew: 467102K->28458K(471872K), 0.0935300 secs] 5972744K->5564314K(11361088K), 0.0938380 secs] [Times: user=0.49 sys=0.03, real=0.09 secs] 
23861.147: [GC 23861.147: [ParNew: 447914K->15192K(471872K), 0.0721870 secs] 5983770K->5551049K(11361088K), 0.0724840 secs] [Times: user=0.58 sys=0.00, real=0.07 secs] 
23866.009: [GC 23866.010: [ParNew: 434648K->22951K(471872K), 0.0908280 secs] 5970505K->5558808K(11361088K), 0.0911210 secs] [Times: user=0.56 sys=0.01, real=0.09 secs] 
23868.609: [GC 23868.609: [ParNew: 442407K->52416K(471872K), 0.0694470 secs] 5978264K->5595341K(11361088K), 0.0697520 secs] [Times: user=0.74 sys=0.02, real=0.07 secs] 
23871.348: [GC 23871.348: [ParNew: 471872K->52416K(471872K), 0.2294730 secs] 6014797K->5651476K(11361088K), 0.2297610 secs] [Times: user=0.90 sys=0.05, real=0.23 secs] 
23874.065: [GC 23874.066: [ParNew: 471872K->52416K(471872K), 0.2037830 secs] 6070932K->5700430K(11361088K), 0.2040910 secs] [Times: user=0.80 sys=0.06, real=0.20 secs] 
23878.908: [GC 23878.908: [ParNew: 471872K->34441K(471872K), 0.1388230 secs] 6119886K->5708643K(11361088K), 0.1391330 secs] [Times: user=0.59 sys=0.04, real=0.14 secs] 
23881.414: [GC 23881.414: [ParNew: 453897K->52416K(471872K), 0.1607360 secs] 6128099K->5733964K(11361088K), 0.1609930 secs] [Times: user=0.80 sys=0.00, real=0.16 secs] 
23886.938: [GC 23886.938: [ParNew: 471872K->35979K(471872K), 0.0972830 secs] 6153420K->5748963K(11361088K), 0.0975450 secs] [Times: user=0.56 sys=0.03, real=0.09 secs] 
23889.660: [GC 23889.661: [ParNew: 455435K->52416K(471872K), 0.1454730 secs] 6168419K->5771049K(11361088K), 0.1457800 secs] [Times: user=0.80 sys=0.00, real=0.14 secs] 
23891.184: [GC 23891.184: [ParNew: 471872K->52416K(471872K), 0.2000380 secs] 6190505K->5809178K(11361088K), 0.2003150 secs] [Times: user=0.75 sys=0.04, real=0.20 secs] 
23894.113: [GC 23894.113: [ParNew: 471636K->37801K(471872K), 0.0686480 secs] 6228399K->5800141K(11361088K), 0.0689450 secs] [Times: user=0.67 sys=0.01, real=0.07 secs] 
23897.172: [GC 23897.173: [ParNew: 457257K->27296K(471872K), 0.0924930 secs] 6219597K->5816883K(11361088K), 0.0928110 secs] [Times: user=0.48 sys=0.04, real=0.09 secs] 
23900.151: [GC 23900.151: [ParNew: 446752K->38824K(471872K), 0.0761630 secs] 6236339K->5828411K(11361088K), 0.0764170 secs] [Times: user=0.66 sys=0.00, real=0.07 secs] 
23904.367: [GC 23904.367: [ParNew: 458280K->25727K(471872K), 0.1036290 secs] 6247867K->5842055K(11361088K), 0.1039290 secs] [Times: user=0.49 sys=0.04, real=0.11 secs] 
23908.160: [GC 23908.160: [ParNew: 445183K->52115K(471872K), 0.1084580 secs] 6261511K->5868444K(11361088K), 0.1087700 secs] [Times: user=0.72 sys=0.00, real=0.11 secs] 
23912.632: [GC 23912.632: [ParNew: 471571K->39223K(471872K), 0.1581860 secs] 6287900K->5890300K(11361088K), 0.1584860 secs] [Times: user=0.55 sys=0.03, real=0.16 secs] 
23915.930: [GC 23915.930: [ParNew: 458679K->38714K(471872K), 0.0708900 secs] 6309756K->5889791K(11361088K), 0.0712570 secs] [Times: user=0.62 sys=0.00, real=0.07 secs] 
23924.085: [GC 23924.085: [ParNew: 458170K->41924K(471872K), 0.1016910 secs] 6309247K->5921679K(11361088K), 0.1020120 secs] [Times: user=0.62 sys=0.03, real=0.10 secs] 
23928.492: [GC 23928.492: [ParNew: 461380K->36073K(471872K), 0.0964200 secs] 6341135K->5940619K(11361088K), 0.0967270 secs] [Times: user=0.58 sys=0.03, real=0.09 secs] 
23929.447: [GC 23929.448: [ParNew: 455529K->52072K(471872K), 0.0546070 secs] 6360075K->5956618K(11361088K), 0.0548930 secs] [Times: user=0.62 sys=0.01, real=0.06 secs] 
23930.196: [GC 23930.196: [ParNew: 471528K->52416K(471872K), 0.1141580 secs] 6376074K->5980156K(11361088K), 0.1144390 secs] [Times: user=0.69 sys=0.03, real=0.11 secs] 
23931.067: [GC 23931.067: [ParNew: 471872K->52416K(471872K), 0.0951750 secs] 6399612K->5999544K(11361088K), 0.0954490 secs] [Times: user=0.60 sys=0.02, real=0.10 secs] 
23932.270: [GC 23932.270: [ParNew: 471872K->52416K(471872K), 0.2402810 secs] 6419000K->6027574K(11361088K), 0.2405920 secs] [Times: user=0.92 sys=0.02, real=0.24 secs] 
23936.346: [GC 23936.346: [ParNew: 471872K->52416K(471872K), 0.2645610 secs] 6447030K->6076381K(11361088K), 0.2648560 secs] [Times: user=1.63 sys=0.07, real=0.26 secs] 
23943.710: [GC 23943.710: [ParNew: 471872K->25072K(471872K), 0.0799260 secs] 6495837K->6049038K(11361088K), 0.0802210 secs] [Times: user=0.58 sys=0.00, real=0.08 secs] 
23946.085: [GC 23946.086: [ParNew: 444528K->41651K(471872K), 0.2098770 secs] 6468494K->6065616K(11361088K), 0.2101820 secs] [Times: user=2.34 sys=0.00, real=0.21 secs] 
23949.886: [GC 23949.886: [ParNew: 461107K->45810K(471872K), 0.0746590 secs] 6485072K->6078053K(11361088K), 0.0749540 secs] [Times: user=0.71 sys=0.01, real=0.07 secs] 
23954.474: [GC 23954.475: [ParNew: 465266K->49272K(471872K), 0.1430520 secs] 6497509K->6112659K(11361088K), 0.1434060 secs] [Times: user=0.63 sys=0.02, real=0.14 secs] 
23958.822: [GC 23958.823: [ParNew: 468610K->37533K(471872K), 0.0858010 secs] 6531997K->6125819K(11361088K), 0.0861060 secs] [Times: user=0.62 sys=0.04, real=0.09 secs] 
23960.666: [GC 23960.666: [ParNew: 456989K->27787K(471872K), 0.0978490 secs] 6545275K->6143170K(11361088K), 0.0981460 secs] [Times: user=0.53 sys=0.05, real=0.10 secs] 
23961.997: [GC 23961.997: [ParNew: 447243K->52416K(471872K), 0.1061010 secs] 6562626K->6172596K(11361088K), 0.1063990 secs] [Times: user=0.74 sys=0.01, real=0.10 secs] 
23966.948: [GC 23966.948: [ParNew: 471872K->44475K(471872K), 0.1749490 secs] 6592052K->6212865K(11361088K), 0.1752620 secs] [Times: user=0.68 sys=0.04, real=0.17 secs] 
23982.566: [GC 23982.567: [ParNew: 463931K->29512K(471872K), 0.0736250 secs] 6632321K->6197902K(11361088K), 0.0739090 secs] [Times: user=0.56 sys=0.00, real=0.07 secs] 
23992.970: [GC 23992.970: [ParNew: 448968K->37839K(471872K), 0.0952120 secs] 6617358K->6206230K(11361088K), 0.0955170 secs] [Times: user=0.63 sys=0.00, real=0.09 secs] 
23995.969: [GC 23995.969: [ParNew: 457295K->38439K(471872K), 0.1719540 secs] 6625686K->6216252K(11361088K), 0.1722670 secs] [Times: user=1.72 sys=0.01, real=0.17 secs] 
23999.364: [GC 23999.364: [ParNew: 457895K->32954K(471872K), 0.0858680 secs] 6635708K->6214355K(11361088K), 0.0861540 secs] [Times: user=0.58 sys=0.01, real=0.09 secs] 
24008.583: [GC 24008.584: [ParNew: 452410K->50228K(471872K), 0.0766970 secs] 6633811K->6231629K(11361088K), 0.0769520 secs] [Times: user=0.63 sys=0.00, real=0.08 secs] 
24012.207: [GC 24012.208: [ParNew: 469684K->37526K(471872K), 0.1340440 secs] 6651085K->6254292K(11361088K), 0.1343670 secs] [Times: user=0.60 sys=0.04, real=0.14 secs] 
24018.535: [GC 24018.536: [ParNew: 456982K->41462K(471872K), 0.0704090 secs] 6673748K->6258228K(11361088K), 0.0707130 secs] [Times: user=0.67 sys=0.00, real=0.07 secs] 
24021.590: [GC 24021.590: [ParNew: 460918K->52416K(471872K), 0.4653080 secs] 6677684K->6323871K(11361088K), 0.4655830 secs] [Times: user=1.14 sys=0.02, real=0.46 secs] 
24025.011: [GC 24025.011: [ParNew: 471872K->52416K(471872K), 0.3194890 secs] 6743327K->6382229K(11361088K), 0.3198180 secs] [Times: user=1.09 sys=0.07, real=0.32 secs] 
24033.172: [GC 24033.173: [ParNew: 471872K->27298K(471872K), 0.1094210 secs] 6801685K->6381637K(11361088K), 0.1097310 secs] [Times: user=0.54 sys=0.03, real=0.11 secs] 
24042.762: [GC 24042.762: [ParNew: 446754K->20227K(471872K), 0.0837430 secs] 6801093K->6374565K(11361088K), 0.0840200 secs] [Times: user=0.60 sys=0.00, real=0.09 secs] 
24044.686: [GC 24044.687: [ParNew: 439683K->39577K(471872K), 0.0801440 secs] 6794021K->6393915K(11361088K), 0.0804380 secs] [Times: user=0.68 sys=0.00, real=0.08 secs] 
24045.861: [GC 24045.861: [ParNew: 459033K->31490K(471872K), 0.1149920 secs] 6813371K->6416134K(11361088K), 0.1153440 secs] [Times: user=0.73 sys=0.04, real=0.12 secs] 
24047.264: [GC 24047.264: [ParNew: 450946K->50597K(471872K), 0.0592270 secs] 6835590K->6435241K(11361088K), 0.0595240 secs] [Times: user=0.68 sys=0.01, real=0.06 secs] 
24048.245: [GC 24048.245: [ParNew: 470053K->49604K(471872K), 0.0862300 secs] 6854697K->6454693K(11361088K), 0.0865390 secs] [Times: user=0.62 sys=0.03, real=0.08 secs] 
24049.204: [GC 24049.204: [ParNew: 467334K->52416K(471872K), 0.1427760 secs] 6872423K->6478832K(11361088K), 0.1430620 secs] [Times: user=0.73 sys=0.02, real=0.14 secs] 
24051.452: [GC 24051.452: [ParNew: 471872K->52415K(471872K), 0.2183910 secs] 6898288K->6515944K(11361088K), 0.2186900 secs] [Times: user=0.92 sys=0.07, real=0.22 secs] 
24058.260: [GC 24058.260: [ParNew: 471871K->31110K(471872K), 0.1467920 secs] 6935400K->6511952K(11361088K), 0.1470950 secs] [Times: user=0.69 sys=0.02, real=0.15 secs] 
24063.424: [GC 24063.424: [ParNew: 450566K->21418K(471872K), 0.0744040 secs] 6931408K->6502260K(11361088K), 0.0747150 secs] [Times: user=0.62 sys=0.00, real=0.08 secs] 
24068.134: [GC 24068.134: [ParNew: 440874K->23915K(471872K), 0.0648660 secs] 6921716K->6504757K(11361088K), 0.0651850 secs] [Times: user=0.62 sys=0.00, real=0.06 secs] 
24071.624: [GC 24071.624: [ParNew: 443371K->52416K(471872K), 0.1442650 secs] 6924213K->6534250K(11361088K), 0.1445360 secs] [Times: user=1.04 sys=0.00, real=0.15 secs] 
24075.003: [GC 24075.003: [ParNew: 471872K->35538K(471872K), 0.1008610 secs] 6953706K->6533921K(11361088K), 0.1011700 secs] [Times: user=0.65 sys=0.02, real=0.10 secs] 
24077.104: [GC 24077.104: [ParNew: 454994K->52416K(471872K), 0.2874060 secs] 6953377K->6565887K(11361088K), 0.2876930 secs] [Times: user=1.40 sys=0.00, real=0.29 secs] 
24079.466: [GC 24079.466: [ParNew: 471736K->52416K(471872K), 0.1945410 secs] 6985208K->6604118K(11361088K), 0.1948030 secs] [Times: user=0.78 sys=0.03, real=0.19 secs] 
24081.346: [GC 24081.347: [ParNew: 471872K->32422K(471872K), 0.2211790 secs] 7023574K->6584125K(11361088K), 0.2214880 secs] [Times: user=2.71 sys=0.00, real=0.22 secs] 
24085.227: [GC 24085.227: [ParNew: 451878K->26473K(471872K), 0.0673160 secs] 7003581K->6582558K(11361088K), 0.0676330 secs] [Times: user=0.64 sys=0.00, real=0.06 secs] 
24089.288: [GC 24089.289: [ParNew: 445991K->29809K(471872K), 0.0970270 secs] 7002076K->6585894K(11361088K), 0.0973280 secs] [Times: user=0.66 sys=0.00, real=0.09 secs] 
24089.387: [GC 24089.388: [ParNew: 30110K->29662K(471872K), 0.0536870 secs] 6586195K->6585746K(11361088K), 0.0539530 secs] [Times: user=0.62 sys=0.00, real=0.05 secs] 
24094.587: [GC 24094.587: [ParNew: 449118K->28216K(471872K), 0.0705190 secs] 7005202K->6586956K(11361088K), 0.0708160 secs] [Times: user=0.63 sys=0.01, real=0.07 secs] 
24099.242: [GC 24099.242: [ParNew: 447672K->41088K(471872K), 0.0759120 secs] 7006412K->6605669K(11361088K), 0.0762150 secs] [Times: user=0.64 sys=0.00, real=0.08 secs] 
24101.366: [GC 24101.366: [ParNew: 460544K->31462K(471872K), 0.1344380 secs] 7025125K->6623067K(11361088K), 0.1347530 secs] [Times: user=0.50 sys=0.02, real=0.14 secs] 
24105.992: [GC 24105.992: [ParNew: 450918K->20434K(471872K), 0.0780860 secs] 7042523K->6612039K(11361088K), 0.0783740 secs] [Times: user=0.55 sys=0.00, real=0.08 secs] 
24110.217: [GC 24110.217: [ParNew: 439890K->45562K(471872K), 0.0719950 secs] 7031495K->6637166K(11361088K), 0.0723290 secs] [Times: user=0.71 sys=0.00, real=0.08 secs] 
24113.568: [GC 24113.568: [ParNew: 465018K->48305K(471872K), 0.1187460 secs] 7056622K->6675069K(11361088K), 0.1190440 secs] [Times: user=0.65 sys=0.03, real=0.12 secs] 
24118.509: [GC 24118.510: [ParNew: 467615K->39391K(471872K), 0.1258660 secs] 7094380K->6691138K(11361088K), 0.1262050 secs] [Times: user=0.63 sys=0.03, real=0.12 secs] 
24120.882: [GC 24120.882: [ParNew: 458847K->28542K(471872K), 0.1414590 secs] 7110594K->6697489K(11361088K), 0.1417760 secs] [Times: user=0.96 sys=0.01, real=0.14 secs] 
24124.996: [GC 24124.996: [ParNew: 447998K->17054K(471872K), 0.0685770 secs] 7116945K->6686001K(11361088K), 0.0689000 secs] [Times: user=0.59 sys=0.01, real=0.07 secs] 
24126.392: [GC 24126.392: [ParNew: 436510K->52416K(471872K), 0.2043590 secs] 7105457K->6739016K(11361088K), 0.2046230 secs] [Times: user=2.08 sys=0.01, real=0.20 secs] 
24128.800: [GC 24128.800: [ParNew: 471872K->52416K(471872K), 0.2238390 secs] 7158473K->6790284K(11361088K), 0.2241280 secs] [Times: user=0.99 sys=0.05, real=0.23 secs] 
24130.800: [GC 24130.800: [ParNew: 471872K->52415K(471872K), 0.2717530 secs] 7209740K->6831763K(11361088K), 0.2720660 secs] [Times: user=0.88 sys=0.04, real=0.28 secs] 
24133.432: [GC 24133.432: [ParNew: 471871K->29354K(471872K), 0.1319350 secs] 7251219K->6820127K(11361088K), 0.1322440 secs] [Times: user=0.64 sys=0.02, real=0.13 secs] 
24136.308: [GC 24136.309: [ParNew: 448810K->41666K(471872K), 0.0712870 secs] 7239583K->6832440K(11361088K), 0.0715920 secs] [Times: user=0.71 sys=0.00, real=0.07 secs] 
24139.163: [GC 24139.163: [ParNew: 461122K->26670K(471872K), 0.1192290 secs] 7251896K->6848691K(11361088K), 0.1195370 secs] [Times: user=0.55 sys=0.03, real=0.12 secs] 
24142.160: [GC 24142.160: [ParNew: 446126K->23687K(471872K), 0.0666330 secs] 7268147K->6845708K(11361088K), 0.0669340 secs] [Times: user=0.61 sys=0.00, real=0.07 secs] 
24148.626: [GC 24148.626: [ParNew: 443143K->33188K(471872K), 0.0670700 secs] 7265164K->6855209K(11361088K), 0.0673980 secs] [Times: user=0.65 sys=0.01, real=0.07 secs] 
24150.552: [GC 24150.552: [ParNew: 452644K->38035K(471872K), 0.0852970 secs] 7274665K->6864347K(11361088K), 0.0855850 secs] [Times: user=0.66 sys=0.01, real=0.09 secs] 
24153.733: [GC 24153.733: [ParNew: 457491K->29178K(471872K), 0.0736480 secs] 7283803K->6863405K(11361088K), 0.0739160 secs] [Times: user=0.63 sys=0.01, real=0.08 secs] 
24155.693: [GC 24155.693: [ParNew: 448634K->52416K(471872K), 0.1791060 secs] 7282861K->6894425K(11361088K), 0.1794160 secs] [Times: user=0.79 sys=0.00, real=0.18 secs] 
24161.713: [GC 24161.713: [ParNew: 471872K->52415K(471872K), 0.1345070 secs] 7313881K->6936165K(11361088K), 0.1348920 secs] [Times: user=0.84 sys=0.04, real=0.14 secs] 
24165.067: [GC 24165.067: [ParNew: 471871K->37486K(471872K), 0.1118970 secs] 7355621K->6951603K(11361088K), 0.1122030 secs] [Times: user=0.59 sys=0.04, real=0.11 secs] 
24169.198: [GC 24169.198: [ParNew: 456942K->52416K(471872K), 0.1296110 secs] 7371059K->6970651K(11361088K), 0.1299020 secs] [Times: user=0.96 sys=0.01, real=0.13 secs] 
24172.080: [GC 24172.081: [ParNew: 471872K->43484K(471872K), 0.2925350 secs] 7390107K->7005094K(11361088K), 0.2928430 secs] [Times: user=2.28 sys=0.04, real=0.29 secs] 
24173.541: [GC 24173.541: [ParNew: 462940K->52416K(471872K), 0.3115310 secs] 7424550K->7030676K(11361088K), 0.3118980 secs] [Times: user=1.03 sys=0.00, real=0.31 secs] 
24177.609: [GC 24177.609: [ParNew: 471872K->52416K(471872K), 0.2623520 secs] 7450132K->7088883K(11361088K), 0.2626460 secs] [Times: user=1.15 sys=0.07, real=0.26 secs] 
24180.858: [GC 24180.859: [ParNew: 471872K->47447K(471872K), 0.1264770 secs] 7508339K->7107602K(11361088K), 0.1268090 secs] [Times: user=0.60 sys=0.03, real=0.12 secs] 
24187.580: [GC 24187.581: [ParNew: 466903K->20654K(471872K), 0.0681820 secs] 7527058K->7080809K(11361088K), 0.0685170 secs] [Times: user=0.64 sys=0.01, real=0.07 secs] 
24194.233: [GC 24194.233: [ParNew: 440110K->41812K(471872K), 0.0719490 secs] 7500265K->7101967K(11361088K), 0.0723230 secs] [Times: user=0.73 sys=0.00, real=0.07 secs] 
24197.683: [GC 24197.683: [ParNew: 461268K->42806K(471872K), 0.1677920 secs] 7521423K->7138078K(11361088K), 0.1681160 secs] [Times: user=0.91 sys=0.04, real=0.17 secs] 
24204.341: [GC 24204.341: [ParNew: 462262K->44866K(471872K), 0.0559910 secs] 7557534K->7140137K(11361088K), 0.0562870 secs] [Times: user=0.60 sys=0.00, real=0.05 secs] 
24208.736: [GC 24208.736: [ParNew: 464322K->52416K(471872K), 0.1028330 secs] 7559593K->7180574K(11361088K), 0.1031340 secs] [Times: user=0.85 sys=0.04, real=0.11 secs] 
24211.057: [GC 24211.057: [ParNew: 471872K->52416K(471872K), 0.2663970 secs] 7600030K->7230536K(11361088K), 0.2666900 secs] [Times: user=0.91 sys=0.08, real=0.27 secs] 
24215.697: [GC 24215.697: [ParNew: 471872K->29818K(471872K), 0.0901190 secs] 7649992K->7207938K(11361088K), 0.0904250 secs] [Times: user=0.63 sys=0.01, real=0.09 secs] 
24218.013: [GC 24218.013: [ParNew: 449274K->42013K(471872K), 0.0681780 secs] 7627394K->7220133K(11361088K), 0.0684810 secs] [Times: user=0.70 sys=0.00, real=0.07 secs] 
24221.205: [GC 24221.206: [ParNew: 461469K->52416K(471872K), 0.2031460 secs] 7639589K->7245828K(11361088K), 0.2034500 secs] [Times: user=1.90 sys=0.01, real=0.20 secs] 
24226.621: [GC 24226.622: [ParNew: 471872K->51503K(471872K), 0.1538550 secs] 7665284K->7264481K(11361088K), 0.1541620 secs] [Times: user=0.64 sys=0.02, real=0.15 secs] 
24229.309: [GC 24229.309: [ParNew: 470959K->32215K(471872K), 0.1215410 secs] 7683937K->7253590K(11361088K), 0.1218480 secs] [Times: user=0.75 sys=0.01, real=0.13 secs] 
24231.643: [GC 24231.644: [ParNew: 451656K->31400K(471872K), 0.0799510 secs] 7673031K->7252776K(11361088K), 0.0802620 secs] [Times: user=0.61 sys=0.00, real=0.08 secs] 
24235.876: [GC 24235.876: [ParNew: 450856K->49760K(471872K), 0.2662320 secs] 7672232K->7271136K(11361088K), 0.2665770 secs] [Times: user=3.39 sys=0.00, real=0.27 secs] 
24238.120: [GC 24238.120: [ParNew: 469216K->37729K(471872K), 0.0940720 secs] 7690592K->7285420K(11361088K), 0.0943750 secs] [Times: user=0.57 sys=0.02, real=0.10 secs] 
24239.961: [GC 24239.962: [ParNew: 457185K->40301K(471872K), 0.1333260 secs] 7704876K->7287992K(11361088K), 0.1336130 secs] [Times: user=0.68 sys=0.00, real=0.14 secs] 
24243.211: [GC 24243.212: [ParNew: 459757K->38627K(471872K), 0.0798100 secs] 7707448K->7301730K(11361088K), 0.0801260 secs] [Times: user=0.69 sys=0.01, real=0.08 secs] 
24249.172: [GC 24249.172: [ParNew: 458083K->26691K(471872K), 0.1031330 secs] 7721186K->7316292K(11361088K), 0.1034640 secs] [Times: user=0.59 sys=0.03, real=0.11 secs] 
24251.637: [GC 24251.637: [ParNew: 445991K->48306K(471872K), 0.0594080 secs] 7735592K->7337907K(11361088K), 0.0596620 secs] [Times: user=0.68 sys=0.00, real=0.06 secs] 
24253.853: [GC 24253.853: [ParNew: 467762K->51710K(471872K), 0.1196810 secs] 7757363K->7353475K(11361088K), 0.1199570 secs] [Times: user=0.71 sys=0.01, real=0.12 secs] 
24256.871: [GC 24256.872: [ParNew: 471166K->45119K(471872K), 0.1730360 secs] 7772931K->7370047K(11361088K), 0.1733310 secs] [Times: user=0.67 sys=0.03, real=0.18 secs] 
24260.545: [GC 24260.545: [ParNew: 464575K->19343K(471872K), 0.0941390 secs] 7789503K->7356988K(11361088K), 0.0944520 secs] [Times: user=0.57 sys=0.02, real=0.09 secs] 
24265.975: [GC 24265.975: [ParNew: 438644K->52416K(471872K), 0.1060920 secs] 7776288K->7400182K(11361088K), 0.1063700 secs] [Times: user=0.82 sys=0.02, real=0.10 secs] 
24269.295: [GC 24269.295: [ParNew: 471872K->48241K(471872K), 0.1483310 secs] 7819638K->7444145K(11361088K), 0.1486370 secs] [Times: user=0.87 sys=0.05, real=0.14 secs] 
24271.738: [GC 24271.738: [ParNew: 467697K->52416K(471872K), 0.2079340 secs] 7863601K->7475421K(11361088K), 0.2082660 secs] [Times: user=0.76 sys=0.03, real=0.21 secs] 
24274.888: [GC 24274.888: [ParNew: 471872K->34241K(471872K), 0.1109740 secs] 7894877K->7481747K(11361088K), 0.1112790 secs] [Times: user=0.62 sys=0.03, real=0.11 secs] 
24276.316: [GC 24276.317: [ParNew: 453697K->32616K(471872K), 0.1543810 secs] 7901203K->7480122K(11361088K), 0.1546830 secs] [Times: user=1.74 sys=0.01, real=0.15 secs] 
24281.435: [GC 24281.436: [ParNew: 452072K->34126K(471872K), 0.1018560 secs] 7899578K->7481632K(11361088K), 0.1021660 secs] [Times: user=0.66 sys=0.00, real=0.11 secs] 
24285.375: [GC 24285.375: [ParNew: 453582K->35024K(471872K), 0.1074170 secs] 7901088K->7482530K(11361088K), 0.1077120 secs] [Times: user=0.66 sys=0.00, real=0.11 secs] 
24291.800: [GC 24291.800: [ParNew: 454480K->29561K(471872K), 0.0684970 secs] 7901986K->7480416K(11361088K), 0.0687700 secs] [Times: user=0.67 sys=0.00, real=0.07 secs] 
24298.187: [GC 24298.187: [ParNew: 449017K->38180K(471872K), 0.0818460 secs] 7899872K->7491252K(11361088K), 0.0821460 secs] [Times: user=0.62 sys=0.01, real=0.08 secs] 
24305.837: [GC 24305.837: [ParNew: 457636K->52415K(471872K), 0.1803340 secs] 7910708K->7512778K(11361088K), 0.1806240 secs] [Times: user=0.74 sys=0.01, real=0.18 secs] 
24309.714: [GC 24309.715: [ParNew: 471871K->40044K(471872K), 0.1702520 secs] 7932234K->7522808K(11361088K), 0.1705720 secs] [Times: user=0.61 sys=0.02, real=0.17 secs] 
24313.040: [GC 24313.040: [ParNew: 459500K->46671K(471872K), 0.0863260 secs] 7942264K->7529435K(11361088K), 0.0866390 secs] [Times: user=0.65 sys=0.00, real=0.08 secs] 
24315.570: [GC 24315.570: [ParNew: 466127K->52416K(471872K), 0.1452350 secs] 7948891K->7566154K(11361088K), 0.1455230 secs] [Times: user=0.81 sys=0.02, real=0.14 secs] 
24317.682: [GC 24317.683: [ParNew: 471872K->37288K(471872K), 0.1234200 secs] 7985610K->7579650K(11361088K), 0.1237150 secs] [Times: user=0.60 sys=0.02, real=0.12 secs] 
24321.804: [GC 24321.804: [ParNew: 456744K->41890K(471872K), 0.0735360 secs] 7999106K->7584252K(11361088K), 0.0738360 secs] [Times: user=0.69 sys=0.00, real=0.07 secs] 
24325.036: [GC 24325.036: [ParNew: 461325K->34673K(471872K), 0.1302760 secs] 8003687K->7607926K(11361088K), 0.1305890 secs] [Times: user=0.66 sys=0.03, real=0.13 secs] 
24328.778: [GC 24328.778: [ParNew: 454129K->34100K(471872K), 0.1266790 secs] 8027382K->7607354K(11361088K), 0.1269730 secs] [Times: user=0.68 sys=0.01, real=0.13 secs] 
24331.997: [GC 24331.997: [ParNew: 453556K->37269K(471872K), 0.1083020 secs] 8026810K->7614155K(11361088K), 0.1085910 secs] [Times: user=0.65 sys=0.00, real=0.11 secs] 
24333.752: [GC 24333.752: [ParNew: 456725K->51324K(471872K), 0.0702340 secs] 8033611K->7635142K(11361088K), 0.0705470 secs] [Times: user=0.64 sys=0.00, real=0.07 secs] 
24336.828: [GC 24336.828: [ParNew: 470780K->41785K(471872K), 0.1469330 secs] 8054598K->7661448K(11361088K), 0.1472380 secs] [Times: user=0.66 sys=0.04, real=0.15 secs] 
24338.371: [GC 24338.372: [ParNew: 461241K->32542K(471872K), 0.1159810 secs] 8080904K->7652205K(11361088K), 0.1162920 secs] [Times: user=0.66 sys=0.00, real=0.12 secs] 
24342.634: [GC 24342.634: [ParNew: 451998K->24251K(471872K), 0.0716180 secs] 8071661K->7648957K(11361088K), 0.0718880 secs] [Times: user=0.65 sys=0.00, real=0.07 secs] 
24347.127: [GC 24347.127: [ParNew: 443707K->28780K(471872K), 0.0810600 secs] 8068413K->7653485K(11361088K), 0.0813670 secs] [Times: user=0.65 sys=0.00, real=0.08 secs] 
24350.182: [GC 24350.183: [ParNew: 448236K->52416K(471872K), 0.1856090 secs] 8072941K->7686529K(11361088K), 0.1859160 secs] [Times: user=0.81 sys=0.00, real=0.18 secs] 
24357.238: [GC 24357.238: [ParNew: 471872K->52416K(471872K), 0.1592630 secs] 8105985K->7730106K(11361088K), 0.1595790 secs] [Times: user=0.95 sys=0.04, real=0.16 secs] 
24359.074: [GC 24359.074: [ParNew: 471871K->47225K(471872K), 0.1507600 secs] 8149561K->7765135K(11361088K), 0.1510640 secs] [Times: user=0.80 sys=0.04, real=0.15 secs] 
24362.858: [GC 24362.858: [ParNew: 466681K->40586K(471872K), 0.0821800 secs] 8184591K->7758496K(11361088K), 0.0825150 secs] [Times: user=0.72 sys=0.00, real=0.08 secs] 
24365.475: [GC 24365.475: [ParNew: 460042K->52416K(471872K), 0.1074300 secs] 8177952K->7788262K(11361088K), 0.1077280 secs] [Times: user=0.78 sys=0.02, real=0.10 secs] 
24369.280: [GC 24369.281: [ParNew (promotion failed): 471872K->470862K(471872K), 2.3803910 secs]24371.661: [CMS: 7746570K->5209405K(10889216K), 22.6181740 secs] 8207718K->5209405K(11361088K), [CMS Perm : 395774K->394856K(524288K)], 24.9990090 secs] [Times: user=25.12 sys=1.53, real=25.00 secs] 
24395.445: [GC 24395.445: [ParNew: 419271K->20205K(471872K), 0.0668760 secs] 5628676K->5229610K(11361088K), 0.0671930 secs] [Times: user=0.58 sys=0.00, real=0.07 secs] 
24399.344: [GC 24399.345: [ParNew: 439661K->46861K(471872K), 0.0839850 secs] 5649066K->5256266K(11361088K), 0.0842970 secs] [Times: user=0.68 sys=0.01, real=0.09 secs] 
24402.664: [GC 24402.664: [ParNew: 466317K->40131K(471872K), 0.1150910 secs] 5675722K->5288180K(11361088K), 0.1153900 secs] [Times: user=0.68 sys=0.06, real=0.12 secs] 
24405.622: [GC 24405.622: [ParNew: 459587K->30229K(471872K), 0.0943760 secs] 5707636K->5302884K(11361088K), 0.0947090 secs] [Times: user=0.47 sys=0.03, real=0.09 secs] 
24409.106: [GC 24409.106: [ParNew: 449685K->24884K(471872K), 0.0596900 secs] 5722340K->5297540K(11361088K), 0.0599450 secs] [Times: user=0.55 sys=0.00, real=0.06 secs] 
24411.960: [GC 24411.960: [ParNew: 444340K->50860K(471872K), 0.0675470 secs] 5716996K->5323515K(11361088K), 0.0678580 secs] [Times: user=0.59 sys=0.00, real=0.06 secs] 
24416.347: [GC 24416.347: [ParNew: 470316K->52415K(471872K), 0.1232450 secs] 5742971K->5363062K(11361088K), 0.1235120 secs] [Times: user=0.69 sys=0.05, real=0.13 secs] 
24419.832: [GC 24419.833: [ParNew: 471871K->35231K(471872K), 0.1086750 secs] 5782518K->5376355K(11361088K), 0.1089950 secs] [Times: user=0.55 sys=0.04, real=0.11 secs] 
24424.114: [GC 24424.114: [ParNew: 454687K->16909K(471872K), 0.0498580 secs] 5795811K->5358034K(11361088K), 0.0501450 secs] [Times: user=0.51 sys=0.00, real=0.05 secs] 
24430.013: [GC 24430.014: [ParNew: 436365K->22758K(471872K), 0.0617080 secs] 5777490K->5363882K(11361088K), 0.0620180 secs] [Times: user=0.55 sys=0.01, real=0.06 secs] 
24432.797: [GC 24432.797: [ParNew: 442214K->49259K(471872K), 0.0616940 secs] 5783338K->5390383K(11361088K), 0.0619980 secs] [Times: user=0.66 sys=0.00, real=0.06 secs] 
24434.376: [GC 24434.376: [ParNew: 468715K->50358K(471872K), 0.1569340 secs] 5809839K->5430055K(11361088K), 0.1572380 secs] [Times: user=0.58 sys=0.04, real=0.16 secs] 
24438.005: [GC 24438.005: [ParNew: 469814K->31966K(471872K), 0.1301490 secs] 5849511K->5436539K(11361088K), 0.1304500 secs] [Times: user=0.52 sys=0.03, real=0.13 secs] 
24440.922: [GC 24440.922: [ParNew: 451422K->47795K(471872K), 0.0826830 secs] 5855995K->5452368K(11361088K), 0.0830190 secs] [Times: user=0.63 sys=0.00, real=0.08 secs] 
24442.989: [GC 24442.990: [ParNew: 467251K->52416K(471872K), 0.0828770 secs] 5871824K->5473189K(11361088K), 0.0831810 secs] [Times: user=0.78 sys=0.03, real=0.09 secs] 
24446.642: [GC 24446.642: [ParNew: 471872K->52416K(471872K), 0.2896000 secs] 5892645K->5530809K(11361088K), 0.2899800 secs] [Times: user=0.82 sys=0.04, real=0.29 secs] 
24449.118: [GC 24449.119: [ParNew: 471872K->52416K(471872K), 0.2359290 secs] 5950265K->5564685K(11361088K), 0.2362290 secs] [Times: user=0.72 sys=0.02, real=0.24 secs] 
24453.197: [GC 24453.197: [ParNew: 471872K->52416K(471872K), 0.1630260 secs] 5984141K->5577557K(11361088K), 0.1633190 secs] [Times: user=0.99 sys=0.00, real=0.16 secs] 
24454.779: [GC 24454.779: [ParNew: 471872K->43939K(471872K), 0.1231600 secs] 5997013K->5598380K(11361088K), 0.1234710 secs] [Times: user=0.70 sys=0.03, real=0.13 secs] 
24456.498: [GC 24456.498: [ParNew: 463395K->47071K(471872K), 0.4760740 secs] 6017836K->5621158K(11361088K), 0.4764000 secs] [Times: user=5.51 sys=0.02, real=0.48 secs] 
24459.510: [GC 24459.510: [ParNew: 466458K->51982K(471872K), 0.3728920 secs] 6040545K->5656043K(11361088K), 0.3732190 secs] [Times: user=3.78 sys=0.04, real=0.38 secs] 
24462.718: [GC 24462.718: [ParNew: 471438K->38772K(471872K), 0.1433630 secs] 6075499K->5671677K(11361088K), 0.1436600 secs] [Times: user=0.56 sys=0.04, real=0.14 secs] 
24465.480: [GC 24465.480: [ParNew: 458228K->30511K(471872K), 0.0935840 secs] 6091133K->5663416K(11361088K), 0.0938840 secs] [Times: user=0.57 sys=0.00, real=0.10 secs] 
24470.791: [GC 24470.791: [ParNew: 449967K->27815K(471872K), 0.0734300 secs] 6082872K->5660719K(11361088K), 0.0737220 secs] [Times: user=0.57 sys=0.00, real=0.07 secs] 
24472.321: [GC 24472.321: [ParNew: 447271K->26641K(471872K), 0.0591630 secs] 6080175K->5659545K(11361088K), 0.0594310 secs] [Times: user=0.63 sys=0.00, real=0.06 secs] 
24476.511: [GC 24476.511: [ParNew: 446097K->52416K(471872K), 0.1445770 secs] 6079001K->5694877K(11361088K), 0.1448820 secs] [Times: user=0.82 sys=0.00, real=0.15 secs] 
24478.354: [GC 24478.354: [ParNew: 471683K->45755K(471872K), 0.1877910 secs] 6114144K->5727308K(11361088K), 0.1880650 secs] [Times: user=0.99 sys=0.02, real=0.19 secs] 
24480.904: [GC 24480.904: [ParNew: 465211K->37057K(471872K), 0.2399670 secs] 6146764K->5727857K(11361088K), 0.2402320 secs] [Times: user=2.53 sys=0.03, real=0.24 secs] 
24484.805: [GC 24484.806: [ParNew: 456513K->27307K(471872K), 0.3562190 secs] 6147313K->5733530K(11361088K), 0.3565150 secs] [Times: user=4.27 sys=0.02, real=0.36 secs] 
24489.672: [GC 24489.672: [ParNew: 446763K->28046K(471872K), 0.0591040 secs] 6152986K->5734269K(11361088K), 0.0594240 secs] [Times: user=0.56 sys=0.00, real=0.06 secs] 
24492.387: [GC 24492.387: [ParNew: 447502K->26714K(471872K), 0.0716050 secs] 6153725K->5732938K(11361088K), 0.0719070 secs] [Times: user=0.56 sys=0.00, real=0.07 secs] 
24494.594: [GC 24494.594: [ParNew: 446170K->52415K(471872K), 0.1441670 secs] 6152394K->5763913K(11361088K), 0.1444910 secs] [Times: user=0.73 sys=0.00, real=0.15 secs] 
24496.400: [GC 24496.400: [ParNew: 471871K->48464K(471872K), 0.0772230 secs] 6183369K->5777962K(11361088K), 0.0775230 secs] [Times: user=0.59 sys=0.02, real=0.08 secs] 
24499.438: [GC 24499.438: [ParNew: 467920K->52416K(471872K), 0.1130620 secs] 6197418K->5814393K(11361088K), 0.1133850 secs] [Times: user=0.75 sys=0.04, real=0.11 secs] 
24502.808: [GC 24502.808: [ParNew: 471872K->43738K(471872K), 0.1519430 secs] 6233849K->5845209K(11361088K), 0.1522440 secs] [Times: user=0.64 sys=0.05, real=0.15 secs] 
24505.291: [GC 24505.291: [ParNew: 463194K->52416K(471872K), 0.2210620 secs] 6264665K->5866011K(11361088K), 0.2213660 secs] [Times: user=0.84 sys=0.01, real=0.22 secs] 
24507.123: [GC 24507.123: [ParNew: 471872K->50313K(471872K), 0.1474770 secs] 6285467K->5911011K(11361088K), 0.1477900 secs] [Times: user=0.83 sys=0.03, real=0.15 secs] 
24511.287: [GC 24511.288: [ParNew: 469769K->52416K(471872K), 0.1458340 secs] 6330467K->5944981K(11361088K), 0.1461310 secs] [Times: user=0.71 sys=0.04, real=0.15 secs] 
24514.152: [GC 24514.152: [ParNew: 471872K->41905K(471872K), 0.1521580 secs] 6364437K->5960535K(11361088K), 0.1524230 secs] [Times: user=0.52 sys=0.02, real=0.15 secs] 
24515.571: [GC 24515.571: [ParNew: 461361K->48932K(471872K), 0.1785670 secs] 6379991K->5967562K(11361088K), 0.1788810 secs] [Times: user=0.65 sys=0.01, real=0.18 secs] 
24520.423: [GC 24520.423: [ParNew: 468388K->47616K(471872K), 0.1018460 secs] 6387018K->5978550K(11361088K), 0.1022130 secs] [Times: user=0.52 sys=0.01, real=0.10 secs] 
24522.129: [GC 24522.129: [ParNew: 467072K->52416K(471872K), 0.2697770 secs] 6398006K->6033869K(11361088K), 0.2700950 secs] [Times: user=0.95 sys=0.05, real=0.27 secs] 
24523.353: [GC 24523.353: [ParNew: 471872K->52415K(471872K), 0.2682000 secs] 6453325K->6086082K(11361088K), 0.2684580 secs] [Times: user=0.66 sys=0.02, real=0.27 secs] 
24525.687: [GC 24525.688: [ParNew: 471871K->44617K(471872K), 0.1227170 secs] 6505538K->6078283K(11361088K), 0.1230380 secs] [Times: user=0.69 sys=0.00, real=0.13 secs] 
24527.061: [GC 24527.061: [ParNew: 464073K->52416K(471872K), 0.2530650 secs] 6497739K->6109048K(11361088K), 0.2533400 secs] [Times: user=0.69 sys=0.01, real=0.25 secs] 
24528.120: [GC 24528.120: [ParNew: 471872K->52416K(471872K), 0.3768030 secs] 6528504K->6172361K(11361088K), 0.3771040 secs] [Times: user=1.17 sys=0.06, real=0.37 secs] 
24530.122: [GC 24530.122: [ParNew: 471872K->52416K(471872K), 0.2327820 secs] 6591817K->6224918K(11361088K), 0.2330900 secs] [Times: user=1.08 sys=0.04, real=0.23 secs] 
24531.695: [GC 24531.695: [ParNew: 471872K->49082K(471872K), 0.1573080 secs] 6644374K->6258841K(11361088K), 0.1576170 secs] [Times: user=0.70 sys=0.04, real=0.16 secs] 
24531.854: [GC 24531.854: [ParNew: 49832K->22160K(471872K), 0.0644050 secs] 6259591K->6231919K(11361088K), 0.0646550 secs] [Times: user=0.74 sys=0.00, real=0.06 secs] 
24534.526: [GC 24534.527: [ParNew: 441616K->34598K(471872K), 0.1962030 secs] 6651375K->6244357K(11361088K), 0.1965270 secs] [Times: user=2.17 sys=0.01, real=0.20 secs] 
24537.908: [GC 24537.908: [ParNew: 454054K->41552K(471872K), 0.2545660 secs] 6663813K->6254847K(11361088K), 0.2549010 secs] [Times: user=2.51 sys=0.00, real=0.26 secs] 
24541.756: [GC 24541.756: [ParNew: 461008K->36881K(471872K), 0.1297630 secs] 6674303K->6262948K(11361088K), 0.1300750 secs] [Times: user=0.68 sys=0.01, real=0.13 secs] 
24545.354: [GC 24545.354: [ParNew: 456337K->52416K(471872K), 0.2514200 secs] 6682404K->6286163K(11361088K), 0.2516890 secs] [Times: user=1.99 sys=0.00, real=0.25 secs] 
24546.634: [GC 24546.634: [ParNew: 471872K->38168K(471872K), 0.1105640 secs] 6705619K->6304330K(11361088K), 0.1108350 secs] [Times: user=0.64 sys=0.03, real=0.11 secs] 
24549.305: [GC 24549.305: [ParNew: 457624K->45853K(471872K), 0.0717470 secs] 6723786K->6312015K(11361088K), 0.0720470 secs] [Times: user=0.65 sys=0.01, real=0.07 secs] 
24551.583: [GC 24551.583: [ParNew: 465309K->30069K(471872K), 0.1258720 secs] 6731471K->6328986K(11361088K), 0.1261960 secs] [Times: user=0.57 sys=0.04, real=0.12 secs] 
24556.036: [GC 24556.036: [ParNew: 449525K->39999K(471872K), 0.0730730 secs] 6748442K->6338916K(11361088K), 0.0734150 secs] [Times: user=0.65 sys=0.00, real=0.07 secs] 
24559.324: [GC 24559.324: [ParNew: 459455K->31338K(471872K), 0.1213590 secs] 6758372K->6358843K(11361088K), 0.1217000 secs] [Times: user=0.59 sys=0.03, real=0.12 secs] 
24561.963: [GC 24561.963: [ParNew: 450794K->18156K(471872K), 0.0664230 secs] 6778299K->6345662K(11361088K), 0.0667450 secs] [Times: user=0.58 sys=0.00, real=0.07 secs] 
24563.178: [GC 24563.178: [ParNew: 437612K->52416K(471872K), 0.0868330 secs] 6765118K->6387094K(11361088K), 0.0871270 secs] [Times: user=0.77 sys=0.01, real=0.09 secs] 
24564.964: [GC 24564.964: [ParNew: 471872K->52416K(471872K), 0.1986080 secs] 6806550K->6438752K(11361088K), 0.1989280 secs] [Times: user=0.91 sys=0.05, real=0.19 secs] 
24567.341: [GC 24567.341: [ParNew: 471872K->29215K(471872K), 0.1481710 secs] 6858208K->6442236K(11361088K), 0.1484760 secs] [Times: user=0.60 sys=0.02, real=0.15 secs] 
24574.808: [GC 24574.809: [ParNew: 448671K->26414K(471872K), 0.0757160 secs] 6861692K->6439434K(11361088K), 0.0760260 secs] [Times: user=0.60 sys=0.00, real=0.07 secs] 
24577.513: [GC 24577.513: [ParNew: 445870K->42049K(471872K), 0.1320950 secs] 6858890K->6455069K(11361088K), 0.1324270 secs] [Times: user=0.68 sys=0.01, real=0.14 secs] 
24582.165: [GC 24582.165: [ParNew: 461505K->29701K(471872K), 0.1215630 secs] 6874525K->6456670K(11361088K), 0.1218970 secs] [Times: user=0.66 sys=0.02, real=0.13 secs] 
24584.729: [GC 24584.729: [ParNew: 449157K->52416K(471872K), 0.1477400 secs] 6876126K->6506969K(11361088K), 0.1481600 secs] [Times: user=1.10 sys=0.04, real=0.15 secs] 
24586.339: [GC 24586.340: [ParNew: 471872K->45021K(471872K), 0.1641010 secs] 6926425K->6547209K(11361088K), 0.1643940 secs] [Times: user=0.74 sys=0.05, real=0.16 secs] 
24588.771: [GC 24588.772: [ParNew: 464477K->43294K(471872K), 0.0786810 secs] 6966665K->6545482K(11361088K), 0.0789760 secs] [Times: user=0.66 sys=0.00, real=0.08 secs] 
24590.732: [GC 24590.732: [ParNew: 462750K->52416K(471872K), 0.1635730 secs] 6964938K->6601744K(11361088K), 0.1638850 secs] [Times: user=1.11 sys=0.05, real=0.16 secs] 
24592.295: [GC 24592.295: [ParNew: 471872K->52416K(471872K), 0.2561910 secs] 7021200K->6659930K(11361088K), 0.2564510 secs] [Times: user=0.90 sys=0.06, real=0.26 secs] 
24594.581: [GC 24594.581: [ParNew: 471872K->47469K(471872K), 0.1630210 secs] 7079388K->6685034K(11361088K), 0.1633800 secs] [Times: user=0.72 sys=0.04, real=0.16 secs] 
24595.782: [GC 24595.782: [ParNew: 466925K->31056K(471872K), 0.1064140 secs] 7104490K->6668621K(11361088K), 0.1067020 secs] [Times: user=0.62 sys=0.00, real=0.11 secs] 
24598.075: [GC 24598.075: [ParNew: 450512K->22638K(471872K), 0.0705910 secs] 7088077K->6664916K(11361088K), 0.0708600 secs] [Times: user=0.53 sys=0.02, real=0.07 secs] 
24601.306: [GC 24601.307: [ParNew: 442094K->19434K(471872K), 0.0582590 secs] 7084372K->6661712K(11361088K), 0.0585760 secs] [Times: user=0.60 sys=0.00, real=0.06 secs] 
24604.463: [GC 24604.463: [ParNew: 438635K->36633K(471872K), 0.1017450 secs] 7080913K->6678911K(11361088K), 0.1020400 secs] [Times: user=0.63 sys=0.00, real=0.10 secs] 
24609.493: [GC 24609.493: [ParNew: 456089K->31132K(471872K), 0.0813510 secs] 7098367K->6677606K(11361088K), 0.0816840 secs] [Times: user=0.62 sys=0.00, real=0.08 secs] 
24613.947: [GC 24613.947: [ParNew: 450588K->35708K(471872K), 0.0766710 secs] 7097062K->6682181K(11361088K), 0.0769830 secs] [Times: user=0.59 sys=0.01, real=0.08 secs] 
24622.857: [GC 24622.857: [ParNew: 455164K->33122K(471872K), 0.0687750 secs] 7101637K->6684161K(11361088K), 0.0690310 secs] [Times: user=0.63 sys=0.00, real=0.07 secs] 
24625.434: [GC 24625.435: [ParNew: 452578K->52416K(471872K), 0.3556720 secs] 7103617K->6729595K(11361088K), 0.3559530 secs] [Times: user=1.01 sys=0.00, real=0.36 secs] 
24625.794: [GC 24625.794: [ParNew: 53645K->12650K(471872K), 0.1366890 secs] 6730824K->6740352K(11361088K), 0.1369450 secs] [Times: user=0.78 sys=0.07, real=0.14 secs] 
24628.682: [GC 24628.682: [ParNew: 432106K->40263K(471872K), 0.0659430 secs] 7159808K->6767965K(11361088K), 0.0662700 secs] [Times: user=0.71 sys=0.00, real=0.06 secs] 
24631.785: [GC 24631.785: [ParNew: 459719K->32918K(471872K), 0.1154200 secs] 7187421K->6790825K(11361088K), 0.1156850 secs] [Times: user=0.56 sys=0.03, real=0.12 secs] 
24636.136: [GC 24636.136: [ParNew: 452374K->52416K(471872K), 0.1270750 secs] 7210281K->6821665K(11361088K), 0.1274050 secs] [Times: user=0.84 sys=0.01, real=0.13 secs] 
24637.757: [GC 24637.757: [ParNew: 471872K->52415K(471872K), 0.2115440 secs] 7241121K->6871548K(11361088K), 0.2118420 secs] [Times: user=0.80 sys=0.07, real=0.21 secs] 
24641.657: [GC 24641.657: [ParNew: 471871K->23929K(471872K), 0.0815220 secs] 7291004K->6843062K(11361088K), 0.0818270 secs] [Times: user=0.62 sys=0.00, real=0.08 secs] 
24649.127: [GC 24649.127: [ParNew: 443385K->28575K(471872K), 0.0843120 secs] 7262518K->6847708K(11361088K), 0.0846110 secs] [Times: user=0.67 sys=0.01, real=0.08 secs] 
24651.392: [GC 24651.392: [ParNew: 448032K->52416K(471872K), 0.1256200 secs] 7267164K->6890748K(11361088K), 0.1258940 secs] [Times: user=0.86 sys=0.03, real=0.13 secs] 
24653.634: [GC 24653.635: [ParNew: 471872K->52416K(471872K), 0.2190840 secs] 7310204K->6941686K(11361088K), 0.2193830 secs] [Times: user=1.39 sys=0.05, real=0.22 secs] 
24655.342: [GC 24655.343: [ParNew: 471872K->51212K(471872K), 0.2828200 secs] 7361142K->6974290K(11361088K), 0.2831310 secs] [Times: user=2.21 sys=0.03, real=0.29 secs] 
24659.840: [GC 24659.841: [ParNew: 470668K->15788K(471872K), 0.0761320 secs] 7393746K->6938866K(11361088K), 0.0764270 secs] [Times: user=0.68 sys=0.01, real=0.08 secs] 
24663.805: [GC 24663.805: [ParNew: 435244K->24462K(471872K), 0.0823260 secs] 7358322K->6947540K(11361088K), 0.0825870 secs] [Times: user=0.66 sys=0.00, real=0.08 secs] 
24667.699: [GC 24667.699: [ParNew: 443918K->28670K(471872K), 0.0749060 secs] 7366996K->6951747K(11361088K), 0.0752990 secs] [Times: user=0.61 sys=0.00, real=0.07 secs] 
24671.448: [GC 24671.448: [ParNew: 448126K->29333K(471872K), 0.0515280 secs] 7371203K->6954370K(11361088K), 0.0518290 secs] [Times: user=0.54 sys=0.01, real=0.05 secs] 
24673.242: [GC 24673.242: [ParNew: 448692K->52416K(471872K), 0.1368560 secs] 7373728K->6984540K(11361088K), 0.1371580 secs] [Times: user=0.82 sys=0.00, real=0.14 secs] 
24675.280: [GC 24675.280: [ParNew: 471872K->35493K(471872K), 0.1070310 secs] 7403996K->7003685K(11361088K), 0.1073200 secs] [Times: user=0.60 sys=0.05, real=0.11 secs] 
24677.408: [GC 24677.408: [ParNew: 454949K->20065K(471872K), 0.0601280 secs] 7423141K->6988257K(11361088K), 0.0604430 secs] [Times: user=0.61 sys=0.00, real=0.06 secs] 
24679.433: [GC 24679.433: [ParNew: 439521K->52416K(471872K), 0.1356330 secs] 7407713K->7026126K(11361088K), 0.1359450 secs] [Times: user=0.79 sys=0.00, real=0.14 secs] 
24680.932: [GC 24680.932: [ParNew: 471872K->52416K(471872K), 0.2689510 secs] 7445582K->7073967K(11361088K), 0.2692610 secs] [Times: user=0.90 sys=0.05, real=0.27 secs] 
24682.458: [GC 24682.458: [ParNew: 471872K->52416K(471872K), 0.4301850 secs] 7493423K->7121582K(11361088K), 0.4304950 secs] [Times: user=1.15 sys=0.02, real=0.43 secs] 
24684.552: [GC 24684.552: [ParNew: 471808K->52416K(471872K), 0.4087480 secs] 7540975K->7192143K(11361088K), 0.4090520 secs] [Times: user=1.37 sys=0.05, real=0.41 secs] 
24688.392: [GC 24688.392: [ParNew: 471872K->52416K(471872K), 0.2002370 secs] 7611599K->7236281K(11361088K), 0.2005600 secs] [Times: user=0.87 sys=0.06, real=0.20 secs] 
24691.902: [GC 24691.902: [ParNew: 471872K->28980K(471872K), 0.0736810 secs] 7655737K->7212845K(11361088K), 0.0739460 secs] [Times: user=0.62 sys=0.01, real=0.08 secs] 
24695.192: [GC 24695.193: [ParNew: 448436K->52416K(471872K), 0.1220750 secs] 7632301K->7252000K(11361088K), 0.1223810 secs] [Times: user=0.91 sys=0.02, real=0.12 secs] 
24699.968: [GC 24699.968: [ParNew: 471872K->52416K(471872K), 0.2792590 secs] 7671456K->7303639K(11361088K), 0.2795710 secs] [Times: user=0.85 sys=0.04, real=0.28 secs] 
24701.853: [GC 24701.853: [ParNew: 471872K->52416K(471872K), 0.0781670 secs] 7723095K->7305195K(11361088K), 0.0784740 secs] [Times: user=0.77 sys=0.00, real=0.08 secs] 
24704.562: [GC 24704.562: [ParNew: 471872K->50802K(471872K), 0.1693480 secs] 7724651K->7353818K(11361088K), 0.1696560 secs] [Times: user=0.90 sys=0.05, real=0.17 secs] 
24710.043: [GC 24710.043: [ParNew: 470258K->27298K(471872K), 0.1438180 secs] 7773274K->7355799K(11361088K), 0.1441430 secs] [Times: user=0.61 sys=0.03, real=0.14 secs] 
24711.072: [GC 24711.072: [ParNew: 446754K->34024K(471872K), 0.0667720 secs] 7775255K->7362525K(11361088K), 0.0670800 secs] [Times: user=0.63 sys=0.00, real=0.07 secs] 
24711.910: [GC 24711.911: [ParNew: 453480K->43771K(471872K), 0.0694170 secs] 7781981K->7381262K(11361088K), 0.0697460 secs] [Times: user=0.70 sys=0.00, real=0.07 secs] 
24712.806: [GC 24712.806: [ParNew: 463227K->42875K(471872K), 0.0794470 secs] 7800718K->7396998K(11361088K), 0.0797430 secs] [Times: user=0.68 sys=0.02, real=0.08 secs] 
24713.701: [GC 24713.701: [ParNew: 462331K->51128K(471872K), 0.0792300 secs] 7816454K->7421899K(11361088K), 0.0795320 secs] [Times: user=0.67 sys=0.03, real=0.08 secs] 
24714.610: [GC 24714.610: [ParNew: 470584K->51697K(471872K), 0.0901270 secs] 7841355K->7438474K(11361088K), 0.0904450 secs] [Times: user=0.76 sys=0.03, real=0.09 secs] 
24716.008: [GC 24716.009: [ParNew (promotion failed): 471153K->471872K(471872K), 0.5753870 secs]24716.584: [CMS: 7423631K->5451035K(10889216K), 24.5843370 secs] 7857930K->5451035K(11361088K), [CMS Perm : 396865K->396276K(524288K)], 25.1601830 secs] [Times: user=25.81 sys=0.03, real=25.16 secs] 
24741.739: [GC 24741.739: [ParNew: 419456K->52415K(471872K), 0.1190690 secs] 5870491K->5505977K(11361088K), 0.1193480 secs] [Times: user=0.58 sys=0.00, real=0.12 secs] 
24742.467: [GC 24742.467: [ParNew: 471871K->33710K(471872K), 0.0690930 secs] 5925433K->5487271K(11361088K), 0.0693570 secs] [Times: user=0.52 sys=0.00, real=0.07 secs] 
24745.607: [GC 24745.607: [ParNew: 453166K->48190K(471872K), 0.0763100 secs] 5906727K->5513516K(11361088K), 0.0766150 secs] [Times: user=0.59 sys=0.02, real=0.08 secs] 
24749.642: [GC 24749.642: [ParNew: 467646K->41247K(471872K), 0.1345950 secs] 5932972K->5542495K(11361088K), 0.1348810 secs] [Times: user=0.61 sys=0.05, real=0.13 secs] 
24754.752: [GC 24754.752: [ParNew: 460703K->19611K(471872K), 0.0616680 secs] 5961951K->5520859K(11361088K), 0.0619820 secs] [Times: user=0.57 sys=0.00, real=0.07 secs] 
24758.658: [GC 24758.658: [ParNew: 439067K->25967K(471872K), 0.0724790 secs] 5940315K->5527215K(11361088K), 0.0728250 secs] [Times: user=0.58 sys=0.00, real=0.07 secs] 
24762.839: [GC 24762.839: [ParNew: 445076K->35501K(471872K), 0.0880200 secs] 5946324K->5536749K(11361088K), 0.0883290 secs] [Times: user=0.62 sys=0.01, real=0.09 secs] 
24771.128: [GC 24771.128: [ParNew: 454957K->52415K(471872K), 0.2917350 secs] 5956205K->5573340K(11361088K), 0.2920550 secs] [Times: user=0.86 sys=0.01, real=0.29 secs] 
24775.586: [GC 24775.587: [ParNew: 471871K->42585K(471872K), 0.1556610 secs] 5992796K->5599841K(11361088K), 0.1560100 secs] [Times: user=0.68 sys=0.06, real=0.15 secs] 
24788.251: [GC 24788.252: [ParNew: 462041K->23266K(471872K), 0.0818530 secs] 6019297K->5580522K(11361088K), 0.0821780 secs] [Times: user=0.59 sys=0.01, real=0.08 secs] 
24794.930: [GC 24794.930: [ParNew: 442722K->31686K(471872K), 0.1049660 secs] 5999978K->5588942K(11361088K), 0.1053040 secs] [Times: user=0.70 sys=0.01, real=0.10 secs] 
24802.916: [GC 24802.916: [ParNew: 451142K->50928K(471872K), 0.0634240 secs] 6008398K->5610474K(11361088K), 0.0637490 secs] [Times: user=0.67 sys=0.01, real=0.07 secs] 
24806.728: [GC 24806.728: [ParNew: 470384K->49257K(471872K), 0.1323950 secs] 6029930K->5647245K(11361088K), 0.1326990 secs] [Times: user=0.74 sys=0.04, real=0.14 secs] 
24812.934: [GC 24812.934: [ParNew: 468713K->42940K(471872K), 0.0962590 secs] 6066701K->5667471K(11361088K), 0.0965710 secs] [Times: user=0.58 sys=0.03, real=0.10 secs] 
24818.784: [GC 24818.785: [ParNew: 462396K->52415K(471872K), 0.1900830 secs] 6086927K->5707565K(11361088K), 0.1904000 secs] [Times: user=0.73 sys=0.03, real=0.19 secs] 
24821.032: [GC 24821.032: [ParNew: 471871K->50305K(471872K), 0.2098310 secs] 6127021K->5733618K(11361088K), 0.2101710 secs] [Times: user=0.67 sys=0.02, real=0.21 secs] 
24822.036: [GC 24822.037: [ParNew: 469761K->22649K(471872K), 0.0691870 secs] 6153074K->5721830K(11361088K), 0.0695030 secs] [Times: user=0.42 sys=0.02, real=0.07 secs] 
24823.157: [GC 24823.157: [ParNew: 442105K->47449K(471872K), 0.0654470 secs] 6141286K->5746630K(11361088K), 0.0657800 secs] [Times: user=0.68 sys=0.00, real=0.07 secs] 
24824.054: [GC 24824.054: [ParNew: 466905K->52416K(471872K), 0.1280720 secs] 6166086K->5769223K(11361088K), 0.1283890 secs] [Times: user=0.63 sys=0.01, real=0.13 secs] 
24825.223: [GC 24825.223: [ParNew: 471872K->52416K(471872K), 0.1924940 secs] 6188679K->5800821K(11361088K), 0.1928510 secs] [Times: user=0.74 sys=0.02, real=0.19 secs] 
24826.254: [GC 24826.254: [ParNew: 471872K->49682K(471872K), 0.1448830 secs] 6220277K->5844627K(11361088K), 0.1451750 secs] [Times: user=0.75 sys=0.06, real=0.14 secs] 
24828.207: [GC 24828.208: [ParNew: 469138K->52416K(471872K), 0.2339760 secs] 6264083K->5870776K(11361088K), 0.2342850 secs] [Times: user=0.98 sys=0.02, real=0.24 secs] 
24833.138: [GC 24833.138: [ParNew: 471872K->52146K(471872K), 0.3226990 secs] 6290232K->5920970K(11361088K), 0.3230210 secs] [Times: user=2.28 sys=0.07, real=0.33 secs] 
24836.778: [GC 24836.779: [ParNew: 471602K->52415K(471872K), 0.0844660 secs] 6340426K->5934769K(11361088K), 0.0847680 secs] [Times: user=0.70 sys=0.02, real=0.09 secs] 
24838.980: [GC 24838.980: [ParNew: 471871K->42337K(471872K), 0.1534220 secs] 6354225K->5961439K(11361088K), 0.1537580 secs] [Times: user=1.10 sys=0.06, real=0.16 secs] 
24841.310: [GC 24841.310: [ParNew: 461793K->38036K(471872K), 0.1075120 secs] 6380895K->5957138K(11361088K), 0.1078200 secs] [Times: user=0.95 sys=0.01, real=0.11 secs] 
24850.497: [GC 24850.497: [ParNew: 457492K->25122K(471872K), 0.0739320 secs] 6376594K->5951335K(11361088K), 0.0742380 secs] [Times: user=0.60 sys=0.01, real=0.07 secs] 
24855.225: [GC 24855.225: [ParNew: 444370K->33692K(471872K), 0.1203560 secs] 6370583K->5959905K(11361088K), 0.1206730 secs] [Times: user=1.14 sys=0.00, real=0.12 secs] 
24861.569: [GC 24861.569: [ParNew: 453148K->26309K(471872K), 0.0625330 secs] 6379361K->5955602K(11361088K), 0.0628640 secs] [Times: user=0.58 sys=0.00, real=0.06 secs] 
24865.367: [GC 24865.368: [ParNew: 445765K->52416K(471872K), 0.1022420 secs] 6375058K->5984976K(11361088K), 0.1025730 secs] [Times: user=0.71 sys=0.01, real=0.10 secs] 
24872.901: [GC 24872.901: [ParNew: 471872K->42191K(471872K), 0.1412050 secs] 6404432K->6018522K(11361088K), 0.1415120 secs] [Times: user=0.67 sys=0.06, real=0.14 secs] 
24879.297: [GC 24879.298: [ParNew: 461647K->21709K(471872K), 0.0707850 secs] 6437978K->5998040K(11361088K), 0.0710840 secs] [Times: user=0.57 sys=0.00, real=0.07 secs] 
24879.370: [GC 24879.370: [ParNew: 22183K->17681K(471872K), 0.0475770 secs] 5998514K->5994012K(11361088K), 0.0478390 secs] [Times: user=0.54 sys=0.00, real=0.05 secs] 
24884.800: [GC 24884.800: [ParNew: 437137K->48083K(471872K), 0.0731280 secs] 6413468K->6024414K(11361088K), 0.0734240 secs] [Times: user=0.64 sys=0.01, real=0.07 secs] 
24889.604: [GC 24889.604: [ParNew: 467539K->36998K(471872K), 0.0804740 secs] 6443870K->6041029K(11361088K), 0.0807880 secs] [Times: user=0.51 sys=0.01, real=0.08 secs] 
24892.801: [GC 24892.801: [ParNew: 456454K->43045K(471872K), 0.0900540 secs] 6460485K->6073663K(11361088K), 0.0903880 secs] [Times: user=0.58 sys=0.03, real=0.09 secs] 
24893.894: [GC 24893.894: [ParNew: 462376K->52416K(471872K), 0.1272200 secs] 6492994K->6113321K(11361088K), 0.1275040 secs] [Times: user=0.79 sys=0.03, real=0.13 secs] 
24895.316: [GC 24895.317: [ParNew: 471643K->52416K(471872K), 0.1929710 secs] 6532549K->6163775K(11361088K), 0.1932880 secs] [Times: user=0.74 sys=0.05, real=0.20 secs] 
24897.318: [GC 24897.318: [ParNew: 471872K->35155K(471872K), 0.1243110 secs] 6583231K->6169996K(11361088K), 0.1246010 secs] [Times: user=0.54 sys=0.02, real=0.12 secs] 
24903.187: [GC 24903.188: [ParNew: 454611K->50156K(471872K), 0.0676730 secs] 6589452K->6184997K(11361088K), 0.0679390 secs] [Times: user=0.58 sys=0.00, real=0.06 secs] 
24907.333: [GC 24907.333: [ParNew: 469612K->28112K(471872K), 0.1147960 secs] 6604453K->6201491K(11361088K), 0.1151250 secs] [Times: user=0.54 sys=0.03, real=0.12 secs] 
24910.726: [GC 24910.726: [ParNew: 447568K->25580K(471872K), 0.0982870 secs] 6620947K->6198959K(11361088K), 0.0985840 secs] [Times: user=0.92 sys=0.00, real=0.10 secs] 
24912.273: [GC 24912.273: [ParNew: 445036K->25051K(471872K), 0.0651200 secs] 6618415K->6198430K(11361088K), 0.0654420 secs] [Times: user=0.57 sys=0.00, real=0.07 secs] 
24914.826: [GC 24914.826: [ParNew: 444507K->52416K(471872K), 0.0674130 secs] 6617886K->6226018K(11361088K), 0.0677140 secs] [Times: user=0.72 sys=0.00, real=0.07 secs] 
24917.589: [GC 24917.589: [ParNew: 471872K->42358K(471872K), 0.1395360 secs] 6645474K->6259749K(11361088K), 0.1398230 secs] [Times: user=0.62 sys=0.04, real=0.14 secs] 
24919.872: [GC 24919.872: [ParNew: 461814K->39013K(471872K), 0.0706040 secs] 6679205K->6256404K(11361088K), 0.0709150 secs] [Times: user=0.61 sys=0.00, real=0.07 secs] 
24923.379: [GC 24923.379: [ParNew: 458469K->28781K(471872K), 0.0836740 secs] 6675860K->6272697K(11361088K), 0.0839890 secs] [Times: user=0.54 sys=0.03, real=0.09 secs] 
24925.303: [GC 24925.303: [ParNew: 448237K->21184K(471872K), 0.0576850 secs] 6692153K->6265100K(11361088K), 0.0580220 secs] [Times: user=0.56 sys=0.00, real=0.06 secs] 
24929.652: [GC 24929.652: [ParNew: 440640K->26080K(471872K), 0.0585120 secs] 6684556K->6269997K(11361088K), 0.0588480 secs] [Times: user=0.60 sys=0.00, real=0.06 secs] 
24931.349: [GC 24931.349: [ParNew: 445536K->35053K(471872K), 0.0731570 secs] 6689453K->6278969K(11361088K), 0.0734540 secs] [Times: user=0.63 sys=0.00, real=0.08 secs] 
24932.817: [GC 24932.817: [ParNew: 454509K->51524K(471872K), 0.0660670 secs] 6698425K->6303871K(11361088K), 0.0664000 secs] [Times: user=0.62 sys=0.01, real=0.07 secs] 
24936.055: [GC 24936.055: [ParNew: 470980K->52416K(471872K), 0.1774680 secs] 6723327K->6346192K(11361088K), 0.1777550 secs] [Times: user=0.83 sys=0.04, real=0.18 secs] 
24940.347: [GC 24940.347: [ParNew: 471872K->45306K(471872K), 0.1538160 secs] 6765648K->6383752K(11361088K), 0.1541280 secs] [Times: user=0.65 sys=0.06, real=0.16 secs] 
24947.280: [GC 24947.280: [ParNew: 464762K->20061K(471872K), 0.0663260 secs] 6803208K->6358507K(11361088K), 0.0666230 secs] [Times: user=0.60 sys=0.00, real=0.07 secs] 
24951.117: [GC 24951.117: [ParNew: 439517K->23846K(471872K), 0.0691300 secs] 6777963K->6362292K(11361088K), 0.0694240 secs] [Times: user=0.65 sys=0.01, real=0.07 secs] 
24956.320: [GC 24956.320: [ParNew: 443302K->35221K(471872K), 0.0837050 secs] 6781748K->6373667K(11361088K), 0.0840270 secs] [Times: user=0.55 sys=0.01, real=0.09 secs] 
24958.864: [GC 24958.864: [ParNew: 454677K->52416K(471872K), 0.2901330 secs] 6793123K->6397209K(11361088K), 0.2904550 secs] [Times: user=2.62 sys=0.01, real=0.29 secs] 
24960.380: [GC 24960.380: [ParNew: 471872K->52416K(471872K), 0.2970950 secs] 6816665K->6439617K(11361088K), 0.2973780 secs] [Times: user=2.59 sys=0.03, real=0.30 secs] 
24964.053: [GC 24964.054: [ParNew: 471872K->52416K(471872K), 0.1829620 secs] 6859073K->6489866K(11361088K), 0.1832640 secs] [Times: user=0.81 sys=0.04, real=0.19 secs] 
24969.025: [GC 24969.025: [ParNew: 471872K->27575K(471872K), 0.1347480 secs] 6909322K->6490209K(11361088K), 0.1351300 secs] [Times: user=0.51 sys=0.02, real=0.13 secs] 
24974.205: [GC 24974.205: [ParNew: 447031K->20642K(471872K), 0.0614930 secs] 6909665K->6483276K(11361088K), 0.0618020 secs] [Times: user=0.52 sys=0.01, real=0.06 secs] 
24981.626: [GC 24981.627: [ParNew: 440098K->42230K(471872K), 0.0797440 secs] 6902732K->6504864K(11361088K), 0.0800220 secs] [Times: user=0.72 sys=0.00, real=0.08 secs] 
24986.045: [GC 24986.045: [ParNew: 461686K->27700K(471872K), 0.0880090 secs] 6924320K->6520054K(11361088K), 0.0883180 secs] [Times: user=0.50 sys=0.03, real=0.09 secs] 
24988.395: [GC 24988.395: [ParNew: 447156K->21298K(471872K), 0.0887350 secs] 6939510K->6513652K(11361088K), 0.0890710 secs] [Times: user=0.50 sys=0.01, real=0.09 secs] 
24994.452: [GC 24994.452: [ParNew: 440754K->47838K(471872K), 0.0895280 secs] 6933108K->6540192K(11361088K), 0.0898290 secs] [Times: user=0.64 sys=0.00, real=0.09 secs] 
24998.571: [GC 24998.571: [ParNew: 467294K->46035K(471872K), 0.1422150 secs] 6959648K->6571972K(11361088K), 0.1425310 secs] [Times: user=0.77 sys=0.04, real=0.14 secs] 
25002.571: [GC 25002.571: [ParNew: 465491K->37689K(471872K), 0.1283240 secs] 6991428K->6593576K(11361088K), 0.1286240 secs] [Times: user=0.53 sys=0.03, real=0.13 secs] 
25008.729: [GC 25008.729: [ParNew: 457145K->37370K(471872K), 0.0575360 secs] 7013032K->6593257K(11361088K), 0.0578150 secs] [Times: user=0.63 sys=0.00, real=0.05 secs] 
25015.068: [GC 25015.068: [ParNew: 456826K->43306K(471872K), 0.0682190 secs] 7012713K->6608441K(11361088K), 0.0685960 secs] [Times: user=0.62 sys=0.01, real=0.06 secs] 
25021.159: [GC 25021.159: [ParNew: 462710K->47418K(471872K), 0.1133390 secs] 7027845K->6640641K(11361088K), 0.1137120 secs] [Times: user=0.70 sys=0.04, real=0.11 secs] 
25030.210: [GC 25030.210: [ParNew: 466874K->49867K(471872K), 0.1140860 secs] 7060097K->6670878K(11361088K), 0.1144030 secs] [Times: user=0.64 sys=0.04, real=0.12 secs] 
25035.363: [GC 25035.363: [ParNew: 469323K->36717K(471872K), 0.1427650 secs] 7090334K->6685129K(11361088K), 0.1431260 secs] [Times: user=0.64 sys=0.02, real=0.14 secs] 
25038.244: [GC 25038.245: [ParNew: 456173K->52416K(471872K), 0.1503980 secs] 7104585K->6716042K(11361088K), 0.1506730 secs] [Times: user=0.76 sys=0.01, real=0.15 secs] 
25044.200: [GC 25044.200: [ParNew: 471872K->52416K(471872K), 0.1954880 secs] 7135498K->6771734K(11361088K), 0.1958410 secs] [Times: user=0.96 sys=0.06, real=0.20 secs] 
25047.683: [GC 25047.683: [ParNew: 471872K->52416K(471872K), 0.2948800 secs] 7191190K->6837885K(11361088K), 0.2951870 secs] [Times: user=1.29 sys=0.08, real=0.29 secs] 
25052.631: [GC 25052.631: [ParNew: 471872K->52416K(471872K), 0.3069560 secs] 7257341K->6894979K(11361088K), 0.3072770 secs] [Times: user=0.90 sys=0.03, real=0.31 secs] 
25055.388: [GC 25055.388: [ParNew: 471872K->32588K(471872K), 0.1137070 secs] 7314435K->6875151K(11361088K), 0.1140350 secs] [Times: user=0.64 sys=0.01, real=0.11 secs] 
25061.146: [GC 25061.147: [ParNew: 452044K->31934K(471872K), 0.0720500 secs] 7294607K->6874497K(11361088K), 0.0723660 secs] [Times: user=0.60 sys=0.00, real=0.07 secs] 
25062.040: [GC 25062.040: [ParNew: 451390K->45138K(471872K), 0.0606750 secs] 7293953K->6891305K(11361088K), 0.0609400 secs] [Times: user=0.66 sys=0.01, real=0.06 secs] 
25062.951: [GC 25062.951: [ParNew: 464594K->52415K(471872K), 0.1033980 secs] 7310761K->6920498K(11361088K), 0.1037050 secs] [Times: user=0.69 sys=0.03, real=0.11 secs] 
25063.837: [GC 25063.837: [ParNew: 471871K->52416K(471872K), 0.0954500 secs] 7339954K->6936011K(11361088K), 0.0957440 secs] [Times: user=0.64 sys=0.02, real=0.09 secs] 
25064.655: [GC 25064.656: [ParNew: 471872K->52416K(471872K), 0.1165040 secs] 7355467K->6957651K(11361088K), 0.1168160 secs] [Times: user=0.74 sys=0.03, real=0.11 secs] 
25065.472: [GC 25065.472: [ParNew: 471872K->52416K(471872K), 0.1310050 secs] 7377107K->6978832K(11361088K), 0.1312760 secs] [Times: user=0.72 sys=0.03, real=0.14 secs] 
25068.223: [GC 25068.224: [ParNew: 471872K->52416K(471872K), 0.3175710 secs] 7398288K->7011674K(11361088K), 0.3178630 secs] [Times: user=0.93 sys=0.01, real=0.32 secs] 
25072.416: [GC 25072.416: [ParNew: 471872K->52416K(471872K), 0.1473850 secs] 7431130K->7030348K(11361088K), 0.1476850 secs] [Times: user=0.85 sys=0.01, real=0.14 secs] 
25076.220: [GC 25076.220: [ParNew: 471872K->50415K(471872K), 0.2060750 secs] 7449804K->7052947K(11361088K), 0.2063780 secs] [Times: user=1.27 sys=0.06, real=0.21 secs] 
25080.858: [GC 25080.858: [ParNew: 469871K->44306K(471872K), 0.1318380 secs] 7472403K->7046839K(11361088K), 0.1321100 secs] [Times: user=0.65 sys=0.00, real=0.13 secs] 
25088.006: [GC 25088.006: [ParNew: 463762K->37266K(471872K), 0.1519540 secs] 7466295K->7057167K(11361088K), 0.1522800 secs] [Times: user=0.67 sys=0.02, real=0.16 secs] 
25091.177: [GC 25091.177: [ParNew: 456722K->52416K(471872K), 0.1922420 secs] 7476623K->7087092K(11361088K), 0.1925490 secs] [Times: user=0.89 sys=0.01, real=0.19 secs] 
25096.068: [GC 25096.068: [ParNew: 471872K->42282K(471872K), 0.1473170 secs] 7506548K->7124978K(11361088K), 0.1476300 secs] [Times: user=0.80 sys=0.06, real=0.14 secs] 
25099.759: [GC 25099.759: [ParNew: 461738K->41298K(471872K), 0.0717770 secs] 7544434K->7123994K(11361088K), 0.0720880 secs] [Times: user=0.67 sys=0.00, real=0.07 secs] 
25101.343: [GC 25101.343: [ParNew: 460754K->37664K(471872K), 0.1171130 secs] 7543450K->7151255K(11361088K), 0.1174350 secs] [Times: user=0.70 sys=0.05, real=0.12 secs] 
25104.011: [GC 25104.011: [ParNew: 457120K->52416K(471872K), 0.0583620 secs] 7570711K->7170298K(11361088K), 0.0586690 secs] [Times: user=0.68 sys=0.01, real=0.06 secs] 
25106.517: [GC 25106.517: [ParNew: 471872K->50145K(471872K), 0.2106570 secs] 7589754K->7216001K(11361088K), 0.2109650 secs] [Times: user=0.70 sys=0.05, real=0.22 secs] 
25109.496: [GC 25109.497: [ParNew: 469601K->26128K(471872K), 0.1023930 secs] 7635457K->7191983K(11361088K), 0.1027150 secs] [Times: user=0.58 sys=0.00, real=0.11 secs] 
25117.482: [GC 25117.482: [ParNew: 445584K->20115K(471872K), 0.0789840 secs] 7611439K->7185971K(11361088K), 0.0793520 secs] [Times: user=0.62 sys=0.00, real=0.08 secs] 
25120.488: [GC 25120.488: [ParNew: 439571K->52416K(471872K), 0.1223400 secs] 7605427K->7220596K(11361088K), 0.1226560 secs] [Times: user=1.21 sys=0.00, real=0.13 secs] 
25122.725: [GC 25122.726: [ParNew: 471872K->41841K(471872K), 0.1346990 secs] 7640052K->7246531K(11361088K), 0.1350540 secs] [Times: user=0.69 sys=0.05, real=0.14 secs] 
25127.529: [GC 25127.529: [ParNew: 461297K->19616K(471872K), 0.0559320 secs] 7665987K->7224306K(11361088K), 0.0562530 secs] [Times: user=0.53 sys=0.01, real=0.06 secs] 
25129.528: [GC 25129.528: [ParNew: 439072K->52416K(471872K), 0.1433540 secs] 7643762K->7284572K(11361088K), 0.1437150 secs] [Times: user=1.10 sys=0.05, real=0.15 secs] 
25132.288: [GC 25132.288: [ParNew: 471872K->44071K(471872K), 0.1847620 secs] 7704028K->7324952K(11361088K), 0.1850700 secs] [Times: user=0.81 sys=0.05, real=0.19 secs] 
25136.432: [GC 25136.432: [ParNew: 463527K->26841K(471872K), 0.0683630 secs] 7744408K->7307722K(11361088K), 0.0686640 secs] [Times: user=0.71 sys=0.00, real=0.07 secs] 
25141.743: [GC 25141.743: [ParNew: 446297K->52416K(471872K), 0.1297760 secs] 7727178K->7359575K(11361088K), 0.1301390 secs] [Times: user=0.98 sys=0.03, real=0.13 secs] 
25143.663: [GC 25143.664: [ParNew: 471843K->52416K(471872K), 0.2224330 secs] 7779003K->7415874K(11361088K), 0.2227780 secs] [Times: user=1.13 sys=0.08, real=0.22 secs] 
25147.191: [GC 25147.192: [ParNew: 471737K->52415K(471872K), 0.3393180 secs] 7835196K->7466908K(11361088K), 0.3396000 secs] [Times: user=0.92 sys=0.06, real=0.34 secs] 
25150.126: [GC 25150.126: [ParNew: 471871K->52416K(471872K), 0.1776160 secs] 7886364K->7473988K(11361088K), 0.1779510 secs] [Times: user=0.82 sys=0.00, real=0.18 secs] 
25152.034: [GC 25152.035: [ParNew: 471872K->52416K(471872K), 0.2292290 secs] 7893444K->7523828K(11361088K), 0.2295510 secs] [Times: user=0.83 sys=0.02, real=0.23 secs] 
25158.490: [GC 25158.490: [ParNew: 471872K->33514K(471872K), 0.1606720 secs] 7943284K->7534253K(11361088K), 0.1610070 secs] [Times: user=0.69 sys=0.04, real=0.16 secs] 
25160.864: [GC 25160.864: [ParNew: 452970K->25212K(471872K), 0.0893460 secs] 7953709K->7525952K(11361088K), 0.0896540 secs] [Times: user=0.63 sys=0.00, real=0.09 secs] 
25167.549: [GC 25167.550: [ParNew: 444668K->26482K(471872K), 0.0764010 secs] 7945408K->7527222K(11361088K), 0.0767530 secs] [Times: user=0.64 sys=0.00, real=0.08 secs] 
25174.279: [GC 25174.279: [ParNew: 445938K->36432K(471872K), 0.1180590 secs] 7946678K->7537172K(11361088K), 0.1183760 secs] [Times: user=0.69 sys=0.00, real=0.12 secs] 
25179.253: [GC 25179.253: [ParNew: 455888K->48979K(471872K), 0.0717240 secs] 7956628K->7556194K(11361088K), 0.0720390 secs] [Times: user=0.71 sys=0.00, real=0.08 secs] 
25183.586: [GC 25183.586: [ParNew: 468435K->42374K(471872K), 0.1546080 secs] 7975650K->7584778K(11361088K), 0.1549170 secs] [Times: user=0.73 sys=0.06, real=0.15 secs] 
25187.389: [GC 25187.390: [ParNew: 461830K->25455K(471872K), 0.0707320 secs] 8004234K->7567859K(11361088K), 0.0710870 secs] [Times: user=0.63 sys=0.01, real=0.07 secs] 
25196.962: [GC 25196.962: [ParNew: 444911K->29646K(471872K), 0.0672390 secs] 7987315K->7572050K(11361088K), 0.0676120 secs] [Times: user=0.64 sys=0.00, real=0.07 secs] 
25201.011: [GC 25201.011: [ParNew: 449102K->37260K(471872K), 0.0871420 secs] 7991506K->7579664K(11361088K), 0.0874590 secs] [Times: user=0.55 sys=0.00, real=0.09 secs] 
25203.488: [GC 25203.488: [ParNew: 456716K->52416K(471872K), 0.1597170 secs] 7999120K->7608403K(11361088K), 0.1601220 secs] [Times: user=0.76 sys=0.01, real=0.16 secs] 
25204.243: [GC 25204.243: [ParNew: 471872K->52416K(471872K), 0.2712430 secs] 8027859K->7663674K(11361088K), 0.2715520 secs] [Times: user=1.03 sys=0.04, real=0.27 secs] 
25206.069: [GC 25206.069: [ParNew: 471872K->52416K(471872K), 0.4296180 secs] 8083130K->7714437K(11361088K), 0.4299020 secs] [Times: user=1.02 sys=0.03, real=0.43 secs] 
25207.532: [GC 25207.532: [ParNew: 471872K->43283K(471872K), 0.1784160 secs] 8133893K->7736457K(11361088K), 0.1787180 secs] [Times: user=0.62 sys=0.01, real=0.18 secs] 
25208.465: [GC 25208.465: [ParNew: 462739K->50456K(471872K), 0.0969070 secs] 8155913K->7743630K(11361088K), 0.0971830 secs] [Times: user=0.72 sys=0.01, real=0.10 secs] 
25209.126: [GC 25209.126: [ParNew: 469912K->35038K(471872K), 0.1607260 secs] 8163086K->7760875K(11361088K), 0.1610390 secs] [Times: user=0.77 sys=0.04, real=0.16 secs] 
25210.285: [GC 25210.285: [ParNew: 454494K->39294K(471872K), 0.0675360 secs] 8180331K->7765132K(11361088K), 0.0678470 secs] [Times: user=0.74 sys=0.01, real=0.07 secs] 
25211.185: [GC 25211.185: [ParNew: 458750K->52416K(471872K), 0.1189400 secs] 8184588K->7793154K(11361088K), 0.1192800 secs] [Times: user=0.60 sys=0.02, real=0.12 secs] 
25212.212: [GC 25212.212: [ParNew: 471872K->52416K(471872K), 0.2450050 secs] 8212610K->7847445K(11361088K), 0.2453140 secs] [Times: user=1.34 sys=0.05, real=0.24 secs] 
25215.598: [GC 25215.598: [ParNew: 471669K->52416K(471872K), 0.3683560 secs] 8266699K->7918951K(11361088K), 0.3686600 secs] [Times: user=1.27 sys=0.07, real=0.37 secs] 
25217.245: [GC 25217.245: [ParNew (promotion failed): 471872K->471871K(471872K), 2.7947060 secs]25220.040: [CMS: 7872655K->5356034K(10889216K), 23.9440920 secs] 8338407K->5356034K(11361088K), [CMS Perm : 398087K->397277K(524288K)], 26.7392550 secs] [Times: user=26.92 sys=1.56, real=26.74 secs] 
25245.022: [GC 25245.023: [ParNew: 419391K->36826K(471872K), 0.1068550 secs] 5775425K->5392860K(11361088K), 0.1072630 secs] [Times: user=0.62 sys=0.00, real=0.10 secs] 
25245.735: [GC 25245.735: [ParNew: 456282K->36742K(471872K), 0.1643880 secs] 5812316K->5409047K(11361088K), 0.1646850 secs] [Times: user=0.40 sys=0.02, real=0.16 secs] 
25247.244: [GC 25247.244: [ParNew: 456198K->25632K(471872K), 0.0836350 secs] 5828503K->5397938K(11361088K), 0.0839720 secs] [Times: user=0.59 sys=0.00, real=0.08 secs] 
25249.502: [GC 25249.502: [ParNew: 445088K->35470K(471872K), 0.0866780 secs] 5817394K->5407776K(11361088K), 0.0869630 secs] [Times: user=0.75 sys=0.02, real=0.08 secs] 
25251.154: [GC 25251.154: [ParNew: 454926K->52416K(471872K), 0.1224380 secs] 5827232K->5446991K(11361088K), 0.1227590 secs] [Times: user=0.86 sys=0.01, real=0.12 secs] 
25255.531: [GC 25255.532: [ParNew: 471872K->52416K(471872K), 0.1490070 secs] 5866447K->5498546K(11361088K), 0.1493170 secs] [Times: user=0.80 sys=0.07, real=0.15 secs] 
25257.906: [GC 25257.906: [ParNew: 471872K->52416K(471872K), 0.1770090 secs] 5918002K->5525677K(11361088K), 0.1773180 secs] [Times: user=1.01 sys=0.04, real=0.18 secs] 
25261.683: [GC 25261.684: [ParNew: 471872K->51997K(471872K), 0.1699520 secs] 5945133K->5574613K(11361088K), 0.1702520 secs] [Times: user=0.83 sys=0.06, real=0.17 secs] 
25268.080: [GC 25268.081: [ParNew: 471453K->52416K(471872K), 0.1083210 secs] 5994069K->5579119K(11361088K), 0.1086590 secs] [Times: user=0.70 sys=0.01, real=0.11 secs] 
25269.893: [GC 25269.893: [ParNew: 471872K->52141K(471872K), 0.1201670 secs] 5998575K->5607448K(11361088K), 0.1204530 secs] [Times: user=0.64 sys=0.04, real=0.12 secs] 
25272.848: [GC 25272.848: [ParNew: 471597K->50743K(471872K), 0.0648940 secs] 6026904K->5610246K(11361088K), 0.0651530 secs] [Times: user=0.60 sys=0.01, real=0.06 secs] 
25278.916: [GC 25278.916: [ParNew: 470199K->33359K(471872K), 0.0973190 secs] 6029702K->5619982K(11361088K), 0.0976520 secs] [Times: user=0.49 sys=0.03, real=0.09 secs] 
25280.257: [GC 25280.257: [ParNew: 452815K->29835K(471872K), 0.1719270 secs] 6039438K->5616458K(11361088K), 0.1722920 secs] [Times: user=2.03 sys=0.00, real=0.17 secs] 
25286.942: [GC 25286.942: [ParNew: 449291K->20755K(471872K), 0.0520880 secs] 6035914K->5607378K(11361088K), 0.0524440 secs] [Times: user=0.56 sys=0.01, real=0.05 secs] 
25293.480: [GC 25293.480: [ParNew: 440211K->43638K(471872K), 0.1087220 secs] 6026834K->5630261K(11361088K), 0.1090570 secs] [Times: user=0.98 sys=0.00, real=0.11 secs] 
25296.719: [GC 25296.719: [ParNew: 463094K->52368K(471872K), 0.0982650 secs] 6049717K->5659246K(11361088K), 0.0985920 secs] [Times: user=0.53 sys=0.02, real=0.10 secs] 
25297.529: [GC 25297.529: [ParNew: 471824K->34133K(471872K), 0.0906170 secs] 6078702K->5671280K(11361088K), 0.0909670 secs] [Times: user=0.64 sys=0.04, real=0.09 secs] 
25298.622: [GC 25298.622: [ParNew: 453589K->52416K(471872K), 0.0609180 secs] 6090736K->5689708K(11361088K), 0.0613790 secs] [Times: user=0.71 sys=0.00, real=0.06 secs] 
25299.535: [GC 25299.536: [ParNew: 471872K->52416K(471872K), 0.1422300 secs] 6109164K->5713188K(11361088K), 0.1425650 secs] [Times: user=0.65 sys=0.02, real=0.15 secs] 
25300.965: [GC 25300.965: [ParNew: 471872K->52416K(471872K), 0.2467350 secs] 6132644K->5743671K(11361088K), 0.2470380 secs] [Times: user=0.88 sys=0.04, real=0.25 secs] 
25303.168: [GC 25303.169: [ParNew: 471872K->52416K(471872K), 0.3516100 secs] 6163127K->5800935K(11361088K), 0.3519240 secs] [Times: user=0.92 sys=0.07, real=0.35 secs] 
25304.507: [GC 25304.508: [ParNew: 471872K->38918K(471872K), 0.0705320 secs] 6220391K->5787438K(11361088K), 0.0709350 secs] [Times: user=0.54 sys=0.02, real=0.07 secs] 
25305.364: [GC 25305.365: [ParNew: 458374K->50740K(471872K), 0.0706140 secs] 6206894K->5810790K(11361088K), 0.0709310 secs] [Times: user=0.57 sys=0.02, real=0.07 secs] 
25306.288: [GC 25306.289: [ParNew: 470196K->52416K(471872K), 0.0973920 secs] 6230246K->5829058K(11361088K), 0.0977420 secs] [Times: user=0.64 sys=0.03, real=0.09 secs] 
25307.241: [GC 25307.242: [ParNew: 471872K->52416K(471872K), 0.0833910 secs] 6248514K->5847181K(11361088K), 0.0837310 secs] [Times: user=0.63 sys=0.04, real=0.08 secs] 
25309.296: [GC 25309.296: [ParNew: 471872K->52416K(471872K), 0.2759410 secs] 6266637K->5881851K(11361088K), 0.2762650 secs] [Times: user=1.01 sys=0.03, real=0.28 secs] 
25315.262: [GC 25315.263: [ParNew: 471872K->48127K(471872K), 0.2012770 secs] 6301307K->5923302K(11361088K), 0.2015960 secs] [Times: user=0.90 sys=0.08, real=0.20 secs] 
25320.040: [GC 25320.040: [ParNew: 467583K->42771K(471872K), 0.0728290 secs] 6342758K->5917946K(11361088K), 0.0731450 secs] [Times: user=0.60 sys=0.00, real=0.07 secs] 
25328.280: [GC 25328.280: [ParNew: 462227K->49092K(471872K), 0.1777420 secs] 6337402K->5955265K(11361088K), 0.1780570 secs] [Times: user=0.71 sys=0.02, real=0.17 secs] 
25330.522: [GC 25330.522: [ParNew: 468548K->38096K(471872K), 0.1641190 secs] 6374721K->5955601K(11361088K), 0.1644560 secs] [Times: user=0.84 sys=0.01, real=0.16 secs] 
25334.836: [GC 25334.837: [ParNew: 457552K->16088K(471872K), 0.0560250 secs] 6375057K->5937583K(11361088K), 0.0565200 secs] [Times: user=0.54 sys=0.00, real=0.06 secs] 
25340.096: [GC 25340.096: [ParNew: 435544K->39648K(471872K), 0.0583060 secs] 6357039K->5961143K(11361088K), 0.0586210 secs] [Times: user=0.63 sys=0.00, real=0.06 secs] 
25349.146: [GC 25349.146: [ParNew: 459104K->34040K(471872K), 0.1321090 secs] 6380599K->5988138K(11361088K), 0.1324780 secs] [Times: user=0.58 sys=0.04, real=0.13 secs] 
25351.806: [GC 25351.806: [ParNew: 453496K->37588K(471872K), 0.0609090 secs] 6407594K->5991686K(11361088K), 0.0612720 secs] [Times: user=0.65 sys=0.00, real=0.06 secs] 
25353.545: [GC 25353.545: [ParNew: 457044K->52415K(471872K), 0.1898800 secs] 6411142K->6037795K(11361088K), 0.1901630 secs] [Times: user=0.65 sys=0.02, real=0.19 secs] 
25358.224: [GC 25358.224: [ParNew: 471871K->52416K(471872K), 0.1119060 secs] 6457251K->6066369K(11361088K), 0.1122140 secs] [Times: user=0.76 sys=0.03, real=0.11 secs] 
25362.564: [GC 25362.564: [ParNew: 471872K->51657K(471872K), 0.1867000 secs] 6485825K->6111953K(11361088K), 0.1870140 secs] [Times: user=0.66 sys=0.05, real=0.18 secs] 
25366.211: [GC 25366.211: [ParNew: 471113K->52416K(471872K), 0.1156440 secs] 6531409K->6117396K(11361088K), 0.1159580 secs] [Times: user=0.69 sys=0.00, real=0.12 secs] 
25369.347: [GC 25369.347: [ParNew: 471872K->45032K(471872K), 0.1558720 secs] 6536852K->6158086K(11361088K), 0.1561860 secs] [Times: user=0.65 sys=0.05, real=0.15 secs] 
25372.919: [GC 25372.919: [ParNew: 464488K->31519K(471872K), 0.1681540 secs] 6577542K->6144573K(11361088K), 0.1684410 secs] [Times: user=1.93 sys=0.00, real=0.17 secs] 
25376.301: [GC 25376.301: [ParNew: 450975K->31541K(471872K), 0.0701530 secs] 6564029K->6149474K(11361088K), 0.0705040 secs] [Times: user=0.55 sys=0.01, real=0.07 secs] 
25380.502: [GC 25380.502: [ParNew: 450997K->50394K(471872K), 0.0842360 secs] 6568930K->6168327K(11361088K), 0.0845350 secs] [Times: user=0.67 sys=0.00, real=0.09 secs] 
25383.154: [GC 25383.154: [ParNew: 469850K->40654K(471872K), 0.1297490 secs] 6587783K->6192618K(11361088K), 0.1300870 secs] [Times: user=0.77 sys=0.03, real=0.13 secs] 
25387.870: [GC 25387.870: [ParNew: 460110K->26109K(471872K), 0.0892280 secs] 6612074K->6178072K(11361088K), 0.0895380 secs] [Times: user=0.57 sys=0.00, real=0.09 secs] 
25390.163: [GC 25390.163: [ParNew: 445344K->23797K(471872K), 0.0700310 secs] 6597308K->6175761K(11361088K), 0.0703690 secs] [Times: user=0.61 sys=0.00, real=0.07 secs] 
25393.132: [GC 25393.132: [ParNew: 443253K->28894K(471872K), 0.0627710 secs] 6595217K->6180858K(11361088K), 0.0630880 secs] [Times: user=0.55 sys=0.00, real=0.06 secs] 
25396.029: [GC 25396.029: [ParNew: 448350K->48542K(471872K), 0.1306220 secs] 6600314K->6202807K(11361088K), 0.1309390 secs] [Times: user=0.67 sys=0.01, real=0.13 secs] 
25398.892: [GC 25398.892: [ParNew: 467998K->52416K(471872K), 0.1191580 secs] 6622263K->6243917K(11361088K), 0.1194730 secs] [Times: user=0.98 sys=0.03, real=0.12 secs] 
25403.352: [GC 25403.352: [ParNew: 471872K->46272K(471872K), 0.1438630 secs] 6663373K->6286755K(11361088K), 0.1441730 secs] [Times: user=0.72 sys=0.05, real=0.14 secs] 
25406.441: [GC 25406.441: [ParNew: 465728K->23432K(471872K), 0.0940110 secs] 6706211K->6263915K(11361088K), 0.0943260 secs] [Times: user=0.68 sys=0.01, real=0.09 secs] 
25409.601: [GC 25409.601: [ParNew: 442888K->41478K(471872K), 0.1241450 secs] 6683371K->6281961K(11361088K), 0.1244790 secs] [Times: user=0.64 sys=0.01, real=0.12 secs] 
25411.598: [GC 25411.598: [ParNew: 460934K->35592K(471872K), 0.0710390 secs] 6701417K->6291982K(11361088K), 0.0713650 secs] [Times: user=0.55 sys=0.02, real=0.08 secs] 
25416.566: [GC 25416.566: [ParNew: 455048K->42822K(471872K), 0.1568760 secs] 6711438K->6321995K(11361088K), 0.1571980 secs] [Times: user=0.60 sys=0.02, real=0.16 secs] 
25423.924: [GC 25423.924: [ParNew: 462278K->16274K(471872K), 0.0783480 secs] 6741451K->6303956K(11361088K), 0.0786670 secs] [Times: user=0.60 sys=0.01, real=0.08 secs] 
25428.601: [GC 25428.601: [ParNew: 435730K->31140K(471872K), 0.1945470 secs] 6723412K->6318822K(11361088K), 0.1948740 secs] [Times: user=2.42 sys=0.01, real=0.19 secs] 
25430.415: [GC 25430.415: [ParNew: 450596K->21554K(471872K), 0.0571080 secs] 6738278K->6315054K(11361088K), 0.0574060 secs] [Times: user=0.56 sys=0.01, real=0.06 secs] 
25433.519: [GC 25433.519: [ParNew: 441010K->24578K(471872K), 0.0620500 secs] 6734510K->6318077K(11361088K), 0.0623420 secs] [Times: user=0.53 sys=0.01, real=0.07 secs] 
25436.911: [GC 25436.912: [ParNew: 444034K->40439K(471872K), 0.1162640 secs] 6737533K->6333938K(11361088K), 0.1165950 secs] [Times: user=0.93 sys=0.00, real=0.11 secs] 
25439.209: [GC 25439.210: [ParNew: 459895K->52416K(471872K), 0.0878420 secs] 6753394K->6359517K(11361088K), 0.0881910 secs] [Times: user=0.75 sys=0.02, real=0.09 secs] 
25442.173: [GC 25442.174: [ParNew: 471872K->49142K(471872K), 0.1555370 secs] 6778973K->6393076K(11361088K), 0.1558620 secs] [Times: user=1.02 sys=0.05, real=0.15 secs] 
25445.684: [GC 25445.684: [ParNew: 468598K->43368K(471872K), 0.0601380 secs] 6812532K->6387302K(11361088K), 0.0604320 secs] [Times: user=0.62 sys=0.00, real=0.06 secs] 
25450.727: [GC 25450.727: [ParNew: 462824K->32728K(471872K), 0.1025780 secs] 6806758K->6407908K(11361088K), 0.1029050 secs] [Times: user=0.59 sys=0.04, real=0.10 secs] 
25453.881: [GC 25453.881: [ParNew: 451966K->52416K(471872K), 0.0686460 secs] 6827146K->6430663K(11361088K), 0.0689390 secs] [Times: user=0.69 sys=0.01, real=0.07 secs] 
25456.266: [GC 25456.267: [ParNew: 471872K->52416K(471872K), 0.1570310 secs] 6850119K->6482139K(11361088K), 0.1573290 secs] [Times: user=0.78 sys=0.07, real=0.16 secs] 
25458.407: [GC 25458.408: [ParNew: 471872K->36927K(471872K), 0.1007910 secs] 6901595K->6491922K(11361088K), 0.1011100 secs] [Times: user=0.64 sys=0.03, real=0.10 secs] 
25462.513: [GC 25462.513: [ParNew: 456383K->30778K(471872K), 0.0687810 secs] 6911378K->6485773K(11361088K), 0.0690940 secs] [Times: user=0.55 sys=0.00, real=0.06 secs] 
25464.534: [GC 25464.534: [ParNew: 450234K->51732K(471872K), 0.1129230 secs] 6905229K->6506727K(11361088K), 0.1132870 secs] [Times: user=0.72 sys=0.00, real=0.11 secs] 
25465.319: [GC 25465.319: [ParNew: 470414K->45682K(471872K), 0.0861780 secs] 6925409K->6517587K(11361088K), 0.0864970 secs] [Times: user=0.74 sys=0.03, real=0.09 secs] 
25465.934: [GC 25465.934: [ParNew: 465138K->40758K(471872K), 0.0706290 secs] 6937043K->6526938K(11361088K), 0.0709420 secs] [Times: user=0.58 sys=0.02, real=0.07 secs] 
25466.813: [GC 25466.813: [ParNew: 460214K->52416K(471872K), 0.0947440 secs] 6946394K->6541654K(11361088K), 0.0950510 secs] [Times: user=0.69 sys=0.00, real=0.10 secs] 
25467.595: [GC 25467.596: [ParNew: 471872K->52416K(471872K), 0.0928670 secs] 6961110K->6566344K(11361088K), 0.0931790 secs] [Times: user=0.67 sys=0.03, real=0.09 secs] 
25468.319: [GC 25468.320: [ParNew: 471872K->50632K(471872K), 0.0904920 secs] 6985800K->6579436K(11361088K), 0.0907750 secs] [Times: user=0.50 sys=0.01, real=0.09 secs] 
25469.232: [GC 25469.232: [ParNew: 470088K->52416K(471872K), 0.0956540 secs] 6998892K->6598440K(11361088K), 0.0959820 secs] [Times: user=0.69 sys=0.03, real=0.10 secs] 
25472.519: [GC 25472.519: [ParNew: 471872K->52415K(471872K), 0.3072350 secs] 7017896K->6643794K(11361088K), 0.3075490 secs] [Times: user=0.90 sys=0.07, real=0.31 secs] 
25475.627: [GC 25475.627: [ParNew: 471871K->52416K(471872K), 0.0638190 secs] 7063250K->6643904K(11361088K), 0.0641670 secs] [Times: user=0.76 sys=0.00, real=0.06 secs] 
25482.199: [GC 25482.199: [ParNew: 471872K->52415K(471872K), 0.1027110 secs] 7063360K->6664097K(11361088K), 0.1030430 secs] [Times: user=0.61 sys=0.04, real=0.10 secs] 
25484.909: [GC 25484.910: [ParNew: 471871K->30566K(471872K), 0.1197160 secs] 7083553K->6661269K(11361088K), 0.1200940 secs] [Times: user=0.50 sys=0.01, real=0.12 secs] 
25488.001: [GC 25488.002: [ParNew: 449909K->24956K(471872K), 0.0779410 secs] 7080612K->6655659K(11361088K), 0.0782590 secs] [Times: user=0.67 sys=0.00, real=0.08 secs] 
25489.712: [GC 25489.712: [ParNew: 444329K->52415K(471872K), 0.1760060 secs] 7075032K->6690991K(11361088K), 0.1763250 secs] [Times: user=0.83 sys=0.01, real=0.18 secs] 
25493.494: [GC 25493.494: [ParNew: 471871K->37416K(471872K), 0.1406180 secs] 7110447K->6716002K(11361088K), 0.1409250 secs] [Times: user=0.61 sys=0.04, real=0.14 secs] 
25497.513: [GC 25497.514: [ParNew: 456872K->23197K(471872K), 0.0652400 secs] 7135458K->6701782K(11361088K), 0.0655770 secs] [Times: user=0.58 sys=0.00, real=0.07 secs] 
25504.824: [GC 25504.824: [ParNew: 442439K->27002K(471872K), 0.0520820 secs] 7121024K->6705587K(11361088K), 0.0524080 secs] [Times: user=0.54 sys=0.00, real=0.05 secs] 
25509.394: [GC 25509.394: [ParNew: 446458K->50078K(471872K), 0.2119670 secs] 7125043K->6728663K(11361088K), 0.2122880 secs] [Times: user=2.56 sys=0.00, real=0.21 secs] 
25512.019: [GC 25512.019: [ParNew: 469534K->45231K(471872K), 0.1224940 secs] 7148119K->6739052K(11361088K), 0.1228020 secs] [Times: user=0.44 sys=0.01, real=0.12 secs] 
25514.925: [GC 25514.926: [ParNew: 464687K->31077K(471872K), 0.0719460 secs] 7158508K->6724899K(11361088K), 0.0723530 secs] [Times: user=0.57 sys=0.00, real=0.08 secs] 
25516.420: [GC 25516.420: [ParNew: 450533K->52416K(471872K), 0.1028370 secs] 7144355K->6749922K(11361088K), 0.1031620 secs] [Times: user=0.72 sys=0.00, real=0.10 secs] 
25520.408: [GC 25520.408: [ParNew: 471872K->40349K(471872K), 0.1681010 secs] 7169378K->6779174K(11361088K), 0.1684080 secs] [Times: user=0.57 sys=0.02, real=0.17 secs] 
25522.519: [GC 25522.519: [ParNew: 459805K->19563K(471872K), 0.0629660 secs] 7198630K->6758387K(11361088K), 0.0632720 secs] [Times: user=0.58 sys=0.00, real=0.07 secs] 
25525.656: [GC 25525.657: [ParNew: 438854K->29153K(471872K), 0.0758600 secs] 7177679K->6767977K(11361088K), 0.0761920 secs] [Times: user=0.55 sys=0.01, real=0.08 secs] 
25528.052: [GC 25528.053: [ParNew: 448609K->35516K(471872K), 0.2154130 secs] 7187433K->6774340K(11361088K), 0.2157610 secs] [Times: user=2.55 sys=0.00, real=0.21 secs] 
25530.773: [GC 25530.773: [ParNew: 454972K->38228K(471872K), 0.0772350 secs] 7193796K->6782938K(11361088K), 0.0775030 secs] [Times: user=0.62 sys=0.01, real=0.08 secs] 
25533.071: [GC 25533.071: [ParNew: 457684K->49492K(471872K), 0.0586940 secs] 7202394K->6794202K(11361088K), 0.0590390 secs] [Times: user=0.63 sys=0.01, real=0.05 secs] 
25534.362: [GC 25534.362: [ParNew: 468948K->32131K(471872K), 0.1682780 secs] 7213658K->6817271K(11361088K), 0.1685830 secs] [Times: user=0.56 sys=0.02, real=0.17 secs] 
25536.358: [GC 25536.358: [ParNew: 451587K->22104K(471872K), 0.0751090 secs] 7236727K->6807243K(11361088K), 0.0754550 secs] [Times: user=0.60 sys=0.01, real=0.08 secs] 
25538.711: [GC 25538.711: [ParNew: 441560K->38555K(471872K), 0.1271440 secs] 7226699K->6823694K(11361088K), 0.1274410 secs] [Times: user=0.66 sys=0.01, real=0.12 secs] 
25538.841: [GC 25538.841: [ParNew: 40573K->27125K(471872K), 0.0599750 secs] 6825713K->6821590K(11361088K), 0.0602640 secs] [Times: user=0.64 sys=0.02, real=0.06 secs] 
25540.445: [GC 25540.445: [ParNew: 446581K->25638K(471872K), 0.0663130 secs] 7241046K->6820103K(11361088K), 0.0666380 secs] [Times: user=0.55 sys=0.01, real=0.07 secs] 
25541.634: [GC 25541.634: [ParNew: 445094K->33101K(471872K), 0.0941450 secs] 7239559K->6827566K(11361088K), 0.0944710 secs] [Times: user=0.99 sys=0.01, real=0.09 secs] 
25545.275: [GC 25545.275: [ParNew: 452557K->26390K(471872K), 0.0648050 secs] 7247022K->6825795K(11361088K), 0.0651140 secs] [Times: user=0.64 sys=0.00, real=0.06 secs] 
25549.394: [GC 25549.395: [ParNew: 445846K->24022K(471872K), 0.0583000 secs] 7245251K->6823427K(11361088K), 0.0586620 secs] [Times: user=0.60 sys=0.00, real=0.06 secs] 
25552.327: [GC 25552.328: [ParNew: 443478K->29802K(471872K), 0.0663770 secs] 7242883K->6830338K(11361088K), 0.0667560 secs] [Times: user=0.61 sys=0.00, real=0.07 secs] 
25557.279: [GC 25557.279: [ParNew: 449258K->43884K(471872K), 0.0870050 secs] 7249794K->6846609K(11361088K), 0.0873410 secs] [Times: user=0.67 sys=0.01, real=0.09 secs] 
25559.210: [GC 25559.210: [ParNew: 463340K->49328K(471872K), 0.1493750 secs] 7266065K->6862849K(11361088K), 0.1497190 secs] [Times: user=1.47 sys=0.01, real=0.15 secs] 
25561.968: [GC 25561.968: [ParNew: 468784K->43344K(471872K), 0.1969300 secs] 7282305K->6871891K(11361088K), 0.1972480 secs] [Times: user=2.06 sys=0.01, real=0.20 secs] 
25563.128: [GC 25563.129: [ParNew: 462544K->34980K(471872K), 0.2697160 secs] 7291091K->6884898K(11361088K), 0.2700430 secs] [Times: user=3.00 sys=0.02, real=0.27 secs] 
25564.780: [GC 25564.780: [ParNew: 454436K->31194K(471872K), 0.0797160 secs] 7304354K->6893887K(11361088K), 0.0800450 secs] [Times: user=0.62 sys=0.01, real=0.08 secs] 
25565.901: [GC 25565.901: [ParNew: 450650K->41997K(471872K), 0.0807530 secs] 7313343K->6904690K(11361088K), 0.0811750 secs] [Times: user=0.62 sys=0.00, real=0.08 secs] 
25570.332: [GC 25570.332: [ParNew: 461209K->52416K(471872K), 0.1166410 secs] 7323903K->6934503K(11361088K), 0.1169580 secs] [Times: user=0.57 sys=0.01, real=0.12 secs] 
25571.067: [GC 25571.067: [ParNew: 471872K->40484K(471872K), 0.1395960 secs] 7353959K->6964234K(11361088K), 0.1399030 secs] [Times: user=0.52 sys=0.03, real=0.14 secs] 
25574.913: [GC 25574.913: [ParNew: 459940K->15981K(471872K), 0.0536440 secs] 7383690K->6939731K(11361088K), 0.0539520 secs] [Times: user=0.59 sys=0.00, real=0.06 secs] 
25577.936: [GC 25577.936: [ParNew: 435437K->28142K(471872K), 0.0673560 secs] 7359187K->6951891K(11361088K), 0.0676680 secs] [Times: user=0.57 sys=0.01, real=0.06 secs] 
25581.490: [GC 25581.491: [ParNew: 447598K->42178K(471872K), 0.0807120 secs] 7371347K->6965928K(11361088K), 0.0810450 secs] [Times: user=0.68 sys=0.00, real=0.08 secs] 
25584.560: [GC 25584.560: [ParNew: 461634K->52415K(471872K), 0.1502900 secs] 7385384K->6999771K(11361088K), 0.1506240 secs] [Times: user=0.78 sys=0.03, real=0.15 secs] 
25587.087: [GC 25587.087: [ParNew: 471654K->48941K(471872K), 0.1264370 secs] 7419009K->7038456K(11361088K), 0.1267690 secs] [Times: user=0.67 sys=0.04, real=0.12 secs] 
25590.587: [GC 25590.588: [ParNew: 468178K->28650K(471872K), 0.0653310 secs] 7457693K->7018165K(11361088K), 0.0656420 secs] [Times: user=0.59 sys=0.00, real=0.06 secs] 
25595.026: [GC 25595.026: [ParNew: 448028K->20414K(471872K), 0.0675150 secs] 7437543K->7009929K(11361088K), 0.0678630 secs] [Times: user=0.59 sys=0.00, real=0.07 secs] 
25598.405: [GC 25598.405: [ParNew: 439870K->52416K(471872K), 0.0763930 secs] 7429385K->7042399K(11361088K), 0.0766940 secs] [Times: user=0.66 sys=0.00, real=0.08 secs] 
25601.771: [GC 25601.772: [ParNew: 471872K->36455K(471872K), 0.2295220 secs] 7461855K->7063170K(11361088K), 0.2299090 secs] [Times: user=0.68 sys=0.02, real=0.23 secs] 
25606.484: [GC 25606.484: [ParNew: 455911K->20900K(471872K), 0.0745630 secs] 7482626K->7047614K(11361088K), 0.0749080 secs] [Times: user=0.60 sys=0.01, real=0.08 secs] 
25608.072: [GC 25608.072: [ParNew: 440356K->46344K(471872K), 0.0646500 secs] 7467070K->7073059K(11361088K), 0.0649800 secs] [Times: user=0.70 sys=0.01, real=0.06 secs] 
25612.426: [GC 25612.426: [ParNew: 465800K->33330K(471872K), 0.1234430 secs] 7492515K->7094809K(11361088K), 0.1237450 secs] [Times: user=0.61 sys=0.04, real=0.13 secs] 
25614.061: [GC 25614.062: [ParNew: 452786K->50433K(471872K), 0.1087300 secs] 7514265K->7111911K(11361088K), 0.1090910 secs] [Times: user=0.98 sys=0.01, real=0.11 secs] 
25615.012: [GC 25615.012: [ParNew: 469889K->39171K(471872K), 0.0706510 secs] 7531367K->7109057K(11361088K), 0.0709840 secs] [Times: user=0.65 sys=0.01, real=0.07 secs] 
25619.078: [GC 25619.078: [ParNew: 458627K->35912K(471872K), 0.0964910 secs] 7528513K->7132053K(11361088K), 0.0968110 secs] [Times: user=0.54 sys=0.04, real=0.10 secs] 
25620.703: [GC 25620.704: [ParNew: 455368K->44010K(471872K), 0.0829480 secs] 7551509K->7140151K(11361088K), 0.0833460 secs] [Times: user=0.68 sys=0.01, real=0.08 secs] 
25623.659: [GC 25623.659: [ParNew: 463466K->28961K(471872K), 0.1224910 secs] 7559607K->7155522K(11361088K), 0.1228610 secs] [Times: user=0.60 sys=0.04, real=0.13 secs] 
25625.918: [GC 25625.918: [ParNew: 448417K->39986K(471872K), 0.1042290 secs] 7574978K->7166546K(11361088K), 0.1046180 secs] [Times: user=0.67 sys=0.00, real=0.11 secs] 
25627.301: [GC 25627.301: [ParNew: 459442K->37630K(471872K), 0.1237740 secs] 7586002K->7186934K(11361088K), 0.1241860 secs] [Times: user=0.71 sys=0.03, real=0.12 secs] 
25628.369: [GC 25628.369: [ParNew: 457086K->52416K(471872K), 0.1289430 secs] 7606390K->7217762K(11361088K), 0.1293050 secs] [Times: user=1.06 sys=0.03, real=0.13 secs] 
25631.675: [GC 25631.676: [ParNew: 471872K->36513K(471872K), 0.1116030 secs] 7637218K->7231754K(11361088K), 0.1119310 secs] [Times: user=0.60 sys=0.03, real=0.11 secs] 
25636.637: [GC 25636.637: [ParNew: 455969K->45744K(471872K), 0.0854710 secs] 7651210K->7240984K(11361088K), 0.0857980 secs] [Times: user=0.72 sys=0.00, real=0.09 secs] 
25638.698: [GC 25638.698: [ParNew: 465200K->41455K(471872K), 0.0813380 secs] 7660440K->7248218K(11361088K), 0.0816440 secs] [Times: user=0.69 sys=0.01, real=0.08 secs] 
25641.800: [GC 25641.801: [ParNew: 460911K->32593K(471872K), 0.1652960 secs] 7667674K->7266455K(11361088K), 0.1656590 secs] [Times: user=0.66 sys=0.02, real=0.17 secs] 
25646.074: [GC 25646.074: [ParNew: 452049K->25303K(471872K), 0.0837490 secs] 7685911K->7259166K(11361088K), 0.0840740 secs] [Times: user=0.61 sys=0.01, real=0.08 secs] 
25649.306: [GC 25649.307: [ParNew: 444759K->52416K(471872K), 0.1288940 secs] 7678622K->7291298K(11361088K), 0.1292070 secs] [Times: user=0.79 sys=0.00, real=0.13 secs] 
25650.175: [GC 25650.175: [ParNew: 471872K->40331K(471872K), 0.1423980 secs] 7710754K->7323756K(11361088K), 0.1427020 secs] [Times: user=0.80 sys=0.05, real=0.14 secs] 
25651.072: [GC 25651.072: [ParNew: 459787K->52416K(471872K), 0.0720220 secs] 7743212K->7336551K(11361088K), 0.0723670 secs] [Times: user=0.85 sys=0.00, real=0.08 secs] 
25651.905: [GC 25651.905: [ParNew: 471872K->45242K(471872K), 0.1712780 secs] 7756007K->7378449K(11361088K), 0.1716130 secs] [Times: user=0.86 sys=0.06, real=0.17 secs] 
25652.824: [GC 25652.824: [ParNew: 464698K->42423K(471872K), 0.0659600 secs] 7797905K->7375630K(11361088K), 0.0662250 secs] [Times: user=0.72 sys=0.00, real=0.06 secs] 
25653.487: [GC 25653.487: [ParNew: 461879K->45097K(471872K), 0.0944520 secs] 7795086K->7394647K(11361088K), 0.0947210 secs] [Times: user=0.55 sys=0.01, real=0.09 secs] 
25654.780: [GC 25654.781: [ParNew: 464553K->52416K(471872K), 0.2010840 secs] 7814103K->7429311K(11361088K), 0.2014150 secs] [Times: user=0.89 sys=0.02, real=0.20 secs] 
25658.831: [GC 25658.831: [ParNew: 471872K->52416K(471872K), 0.2639860 secs] 7848767K->7478451K(11361088K), 0.2642530 secs] [Times: user=0.95 sys=0.07, real=0.27 secs] 
25664.963: [GC 25664.964: [ParNew: 471664K->22955K(471872K), 0.1030220 secs] 7897700K->7475773K(11361088K), 0.1033870 secs] [Times: user=0.60 sys=0.03, real=0.10 secs] 
25668.266: [GC 25668.267: [ParNew: 442411K->18000K(471872K), 0.0620360 secs] 7895229K->7470818K(11361088K), 0.0623130 secs] [Times: user=0.59 sys=0.00, real=0.06 secs] 
25670.759: [GC 25670.759: [ParNew: 437391K->52416K(471872K), 0.1375710 secs] 7890209K->7521949K(11361088K), 0.1378850 secs] [Times: user=0.96 sys=0.01, real=0.14 secs] 
25672.977: [GC 25672.977: [ParNew: 471872K->52416K(471872K), 0.1905570 secs] 7941405K->7569846K(11361088K), 0.1908540 secs] [Times: user=0.89 sys=0.08, real=0.19 secs] 
25675.222: [GC 25675.222: [ParNew: 471872K->35204K(471872K), 0.1703630 secs] 7989302K->7577956K(11361088K), 0.1707400 secs] [Times: user=0.65 sys=0.03, real=0.17 secs] 
25676.482: [GC 25676.482: [ParNew: 454660K->36562K(471872K), 0.2431730 secs] 7997412K->7579315K(11361088K), 0.2434610 secs] [Times: user=2.42 sys=0.00, real=0.25 secs] 
25678.494: [GC 25678.494: [ParNew: 455793K->52416K(471872K), 0.1404210 secs] 7998546K->7616145K(11361088K), 0.1407480 secs] [Times: user=1.33 sys=0.02, real=0.15 secs] 
25680.711: [GC 25680.711: [ParNew: 471872K->43075K(471872K), 0.1554910 secs] 8035601K->7655025K(11361088K), 0.1557880 secs] [Times: user=0.75 sys=0.09, real=0.16 secs] 
25682.650: [GC 25682.650: [ParNew: 462531K->52415K(471872K), 0.0688100 secs] 8074481K->7664647K(11361088K), 0.0691150 secs] [Times: user=0.69 sys=0.00, real=0.07 secs] 
25683.849: [GC 25683.849: [ParNew: 471871K->52416K(471872K), 0.1817770 secs] 8084103K->7707187K(11361088K), 0.1821230 secs] [Times: user=0.84 sys=0.03, real=0.18 secs] 
25688.099: [GC 25688.099: [ParNew: 471740K->47397K(471872K), 0.1228650 secs] 8126511K->7736613K(11361088K), 0.1231870 secs] [Times: user=0.79 sys=0.05, real=0.12 secs] 
25690.856: [GC 25690.856: [ParNew: 466715K->52415K(471872K), 0.3280730 secs] 8155932K->7775075K(11361088K), 0.3283760 secs] [Times: user=0.77 sys=0.03, real=0.32 secs] 
25692.080: [GC 25692.080: [ParNew: 471871K->41645K(471872K), 0.1241600 secs] 8194531K->7773975K(11361088K), 0.1245010 secs] [Times: user=0.68 sys=0.01, real=0.12 secs] 
25693.018: [GC 25693.018: [ParNew: 461101K->46187K(471872K), 0.1249250 secs] 8193431K->7803380K(11361088K), 0.1252590 secs] [Times: user=0.71 sys=0.04, real=0.12 secs] 
25697.440: [GC 25697.441: [ParNew: 465643K->52416K(471872K), 0.1432410 secs] 8222836K->7839693K(11361088K), 0.1435270 secs] [Times: user=0.76 sys=0.02, real=0.14 secs] 
25699.644: [GC 25699.644: [ParNew: 471872K->52416K(471872K), 0.1912970 secs] 8259149K->7896101K(11361088K), 0.1916200 secs] [Times: user=0.87 sys=0.04, real=0.19 secs] 
25703.472: [GC 25703.473: [ParNew: 471872K->42509K(471872K), 0.1271810 secs] 8315557K->7923809K(11361088K), 0.1274840 secs] [Times: user=0.69 sys=0.06, real=0.13 secs] 
25704.260: [GC 25704.260: [ParNew: 461965K->25512K(471872K), 0.1104980 secs] 8343265K->7906812K(11361088K), 0.1109660 secs] [Times: user=0.46 sys=0.00, real=0.11 secs] 
25709.672: [GC 25709.672: [ParNew: 444968K->20066K(471872K), 0.0966440 secs] 8326268K->7901366K(11361088K), 0.0969570 secs] [Times: user=0.61 sys=0.00, real=0.10 secs] 
25712.595: [GC 25712.595: [ParNew: 439522K->41322K(471872K), 0.0747050 secs] 8320822K->7922622K(11361088K), 0.0750160 secs] [Times: user=0.65 sys=0.00, real=0.08 secs] 
25716.921: [GC 25716.921: [ParNew: 460778K->27641K(471872K), 0.1039170 secs] 8342078K->7941709K(11361088K), 0.1042390 secs] [Times: user=0.61 sys=0.04, real=0.10 secs] 
25720.276: [GC 25720.276: [ParNew: 447097K->26854K(471872K), 0.0918090 secs] 8361165K->7940922K(11361088K), 0.0921820 secs] [Times: user=0.63 sys=0.00, real=0.09 secs] 
25726.021: [GC 25726.021: [ParNew: 446310K->27617K(471872K), 0.0668810 secs] 8360378K->7941684K(11361088K), 0.0672020 secs] [Times: user=0.61 sys=0.01, real=0.06 secs] 
25727.497: [GC 25727.497: [ParNew: 447073K->31596K(471872K), 0.0627860 secs] 8361140K->7945664K(11361088K), 0.0631030 secs] [Times: user=0.56 sys=0.00, real=0.07 secs] 
25728.277: [GC 25728.277: [ParNew: 451052K->29070K(471872K), 0.0763550 secs] 8365120K->7948461K(11361088K), 0.0766710 secs] [Times: user=0.56 sys=0.01, real=0.08 secs] 
25730.841: [GC 25730.842: [ParNew: 448526K->47193K(471872K), 0.2310510 secs] 8367917K->7972023K(11361088K), 0.2314010 secs] [Times: user=2.72 sys=0.00, real=0.23 secs] 
25732.213: [GC 25732.213: [ParNew: 466649K->32603K(471872K), 0.2396540 secs] 8391479K->7986087K(11361088K), 0.2399580 secs] [Times: user=2.55 sys=0.02, real=0.24 secs] 
25733.270: [GC 25733.270: [ParNew: 452059K->43071K(471872K), 0.0554630 secs] 8405543K->7996555K(11361088K), 0.0557730 secs] [Times: user=0.63 sys=0.00, real=0.06 secs] 
25734.068: [GC 25734.068: [ParNew: 462527K->51323K(471872K), 0.0804070 secs] 8416011K->8021155K(11361088K), 0.0807130 secs] [Times: user=0.70 sys=0.02, real=0.08 secs] 
25735.037: [GC 25735.037: [ParNew: 470631K->52416K(471872K), 0.1073980 secs] 8440463K->8047283K(11361088K), 0.1077350 secs] [Times: user=0.91 sys=0.04, real=0.11 secs] 
25735.612: [GC 25735.613: [ParNew: 471872K->50127K(471872K), 0.1753890 secs] 8466739K->8094741K(11361088K), 0.1757150 secs] [Times: user=0.87 sys=0.09, real=0.17 secs] 
25736.678: [GC 25736.679: [ParNew: 469583K->52416K(471872K), 0.0888310 secs] 8514197K->8103359K(11361088K), 0.0891920 secs] [Times: user=0.84 sys=0.01, real=0.09 secs] 
25738.244: [GC 25738.244: [ParNew: 471872K->52416K(471872K), 0.3367120 secs] 8522815K->8149391K(11361088K), 0.3370290 secs] [Times: user=1.09 sys=0.05, real=0.34 secs] 
25740.488: [GC 25740.488: [ParNew: 471872K->39653K(471872K), 0.1622880 secs] 8568847K->8169158K(11361088K), 0.1625520 secs] [Times: user=0.71 sys=0.02, real=0.16 secs] 
25743.764: [GC 25743.764: [ParNew: 459109K->40809K(471872K), 0.0631260 secs] 8588614K->8170314K(11361088K), 0.0634540 secs] [Times: user=0.68 sys=0.00, real=0.06 secs] 
25746.855: [GC 25746.855: [ParNew: 460265K->45162K(471872K), 0.0767280 secs] 8589770K->8187514K(11361088K), 0.0770460 secs] [Times: user=0.67 sys=0.01, real=0.08 secs] 
25748.570: [GC 25748.570: [ParNew: 464618K->43666K(471872K), 0.0938110 secs] 8606970K->8191035K(11361088K), 0.0941250 secs] [Times: user=0.75 sys=0.00, real=0.10 secs] 
25751.234: [GC 25751.234: [ParNew: 462866K->47510K(471872K), 0.1093790 secs] 8610235K->8222792K(11361088K), 0.1096860 secs] [Times: user=0.76 sys=0.03, real=0.11 secs] 
25752.559: [GC 25752.559: [ParNew: 466966K->28515K(471872K), 0.0872480 secs] 8642248K->8234310K(11361088K), 0.0875510 secs] [Times: user=0.55 sys=0.03, real=0.09 secs] 
25754.125: [GC 25754.125: [ParNew: 447971K->18128K(471872K), 0.0750690 secs] 8653766K->8223923K(11361088K), 0.0754240 secs] [Times: user=0.61 sys=0.00, real=0.07 secs] 
25759.213: [GC 25759.214: [ParNew: 437584K->21719K(471872K), 0.0669500 secs] 8643379K->8227514K(11361088K), 0.0672670 secs] [Times: user=0.64 sys=0.01, real=0.06 secs] 
25765.036: [GC 25765.036: [ParNew: 441175K->47633K(471872K), 0.0637250 secs] 8646970K->8253428K(11361088K), 0.0640230 secs] [Times: user=0.69 sys=0.00, real=0.06 secs] 
25767.994: [GC 25767.994: [ParNew: 467089K->32283K(471872K), 0.1139420 secs] 8672884K->8277190K(11361088K), 0.1142450 secs] [Times: user=0.64 sys=0.04, real=0.11 secs] 
25770.961: [GC 25770.961: [ParNew: 451739K->28172K(471872K), 0.1380890 secs] 8696646K->8273078K(11361088K), 0.1384020 secs] [Times: user=1.40 sys=0.01, real=0.14 secs] 
25773.117: [GC 25773.117: [ParNew: 447628K->43722K(471872K), 0.1820520 secs] 8692534K->8288628K(11361088K), 0.1823640 secs] [Times: user=2.00 sys=0.01, real=0.18 secs] 
25775.365: [GC 25775.366: [ParNew: 463178K->38981K(471872K), 0.0759270 secs] 8708084K->8288486K(11361088K), 0.0762430 secs] [Times: user=0.65 sys=0.01, real=0.07 secs] 
25775.912: [GC 25775.913: [ParNew: 458437K->37391K(471872K), 0.0702790 secs] 8707942K->8286897K(11361088K), 0.0706060 secs] [Times: user=0.61 sys=0.01, real=0.07 secs] 
25776.468: [GC 25776.468: [ParNew: 456847K->47440K(471872K), 0.0760510 secs] 8706353K->8307341K(11361088K), 0.0763600 secs] [Times: user=0.61 sys=0.00, real=0.07 secs] 
25777.302: [GC 25777.302: [ParNew: 466896K->52416K(471872K), 0.0858620 secs] 8726797K->8322978K(11361088K), 0.0861780 secs] [Times: user=0.74 sys=0.01, real=0.09 secs] 
25778.156: [GC 25778.156: [ParNew: 471872K->51437K(471872K), 0.1685260 secs] 8742434K->8371110K(11361088K), 0.1688080 secs] [Times: user=0.88 sys=0.06, real=0.17 secs] 
25778.861: [GC 25778.861: [ParNew: 470893K->52416K(471872K), 0.1144430 secs] 8790566K->8372182K(11361088K), 0.1147460 secs] [Times: user=1.45 sys=0.00, real=0.12 secs] 
25779.808: [GC 25779.808: [ParNew: 471872K->36300K(471872K), 0.1763630 secs] 8791638K->8395156K(11361088K), 0.1766830 secs] [Times: user=1.55 sys=0.06, real=0.17 secs] 
25781.416: [GC 25781.416: [ParNew: 455756K->52416K(471872K), 0.2159800 secs] 8814612K->8427762K(11361088K), 0.2162970 secs] [Times: user=0.91 sys=0.01, real=0.21 secs] 
25784.006: [GC 25784.006: [ParNew: 471872K->52416K(471872K), 0.3097640 secs] 8847218K->8477687K(11361088K), 0.3101040 secs] [Times: user=1.03 sys=0.07, real=0.31 secs] 
25786.474: [GC 25786.474: [ParNew: 471872K->31720K(471872K), 0.1108420 secs] 8897143K->8456991K(11361088K), 0.1111550 secs] [Times: user=0.70 sys=0.00, real=0.11 secs] 
25789.237: [GC 25789.237: [ParNew: 451176K->35877K(471872K), 0.1195240 secs] 8876447K->8461148K(11361088K), 0.1198380 secs] [Times: user=0.64 sys=0.00, real=0.12 secs] 
25791.131: [GC 25791.132: [ParNew (promotion failed): 455333K->453311K(471872K), 0.7695390 secs]25791.901: [CMS: 8426423K->5489410K(10889216K), 23.8282530 secs] 8880604K->5489410K(11361088K), [CMS Perm : 398735K->398575K(524288K)], 24.5982530 secs] [Times: user=25.06 sys=0.29, real=24.60 secs] 
25816.240: [GC 25816.240: [ParNew: 419456K->32535K(471872K), 0.0828160 secs] 5908866K->5521946K(11361088K), 0.0831580 secs] [Times: user=0.63 sys=0.00, real=0.08 secs] 
25816.836: [GC 25816.837: [ParNew: 451991K->52416K(471872K), 0.1259890 secs] 5941402K->5544511K(11361088K), 0.1263080 secs] [Times: user=0.71 sys=0.01, real=0.13 secs] 
25817.477: [GC 25817.477: [ParNew: 471872K->52416K(471872K), 0.1417890 secs] 5963967K->5567843K(11361088K), 0.1421250 secs] [Times: user=0.76 sys=0.02, real=0.15 secs] 
25818.540: [GC 25818.540: [ParNew: 471872K->52416K(471872K), 0.3439170 secs] 5987299K->5615622K(11361088K), 0.3442210 secs] [Times: user=0.89 sys=0.05, real=0.34 secs] 
25820.810: [GC 25820.810: [ParNew: 471872K->32518K(471872K), 0.1438930 secs] 6035078K->5611204K(11361088K), 0.1442220 secs] [Times: user=0.68 sys=0.02, real=0.14 secs] 
25829.322: [GC 25829.323: [ParNew: 451974K->28081K(471872K), 0.0773700 secs] 6030660K->5606767K(11361088K), 0.0777020 secs] [Times: user=0.59 sys=0.00, real=0.08 secs] 
25832.593: [GC 25832.593: [ParNew: 447537K->52416K(471872K), 0.0724250 secs] 6026223K->5632713K(11361088K), 0.0727970 secs] [Times: user=0.73 sys=0.01, real=0.07 secs] 
25834.812: [GC 25834.812: [ParNew: 471872K->40055K(471872K), 0.1759920 secs] 6052169K->5668813K(11361088K), 0.1763180 secs] [Times: user=0.57 sys=0.03, real=0.17 secs] 
25838.427: [GC 25838.427: [ParNew: 459511K->23485K(471872K), 0.0604430 secs] 6088269K->5652244K(11361088K), 0.0607810 secs] [Times: user=0.55 sys=0.00, real=0.06 secs] 
25839.908: [GC 25839.908: [ParNew: 442941K->27390K(471872K), 0.0592540 secs] 6071700K->5656148K(11361088K), 0.0595650 secs] [Times: user=0.61 sys=0.00, real=0.06 secs] 
25843.191: [GC 25843.191: [ParNew: 446710K->52416K(471872K), 0.1058990 secs] 6075468K->5684796K(11361088K), 0.1062640 secs] [Times: user=0.74 sys=0.00, real=0.11 secs] 
25845.687: [GC 25845.687: [ParNew: 471872K->37885K(471872K), 0.1031290 secs] 6104252K->5714182K(11361088K), 0.1034350 secs] [Times: user=0.60 sys=0.04, real=0.10 secs] 
25848.422: [GC 25848.422: [ParNew: 457341K->30497K(471872K), 0.0709390 secs] 6133638K->5706794K(11361088K), 0.0712590 secs] [Times: user=0.63 sys=0.00, real=0.07 secs] 
25851.636: [GC 25851.636: [ParNew: 449953K->43732K(471872K), 0.1018870 secs] 6126250K->5720029K(11361088K), 0.1022110 secs] [Times: user=0.64 sys=0.00, real=0.10 secs] 
25854.349: [GC 25854.349: [ParNew: 463188K->52416K(471872K), 0.3346070 secs] 6139485K->5756141K(11361088K), 0.3349210 secs] [Times: user=0.90 sys=0.02, real=0.34 secs] 
25856.601: [GC 25856.601: [ParNew: 471731K->52416K(471872K), 0.1024400 secs] 6175457K->5781079K(11361088K), 0.1027150 secs] [Times: user=0.84 sys=0.02, real=0.11 secs] 
25858.503: [GC 25858.503: [ParNew: 471872K->52416K(471872K), 0.2037760 secs] 6200535K->5835354K(11361088K), 0.2041350 secs] [Times: user=0.84 sys=0.06, real=0.21 secs] 
25861.785: [GC 25861.785: [ParNew: 471745K->48930K(471872K), 0.1119350 secs] 6254684K->5856059K(11361088K), 0.1122590 secs] [Times: user=0.57 sys=0.04, real=0.11 secs] 
25866.192: [GC 25866.192: [ParNew: 468386K->16512K(471872K), 0.0721890 secs] 6275515K->5846009K(11361088K), 0.0725200 secs] [Times: user=0.53 sys=0.01, real=0.08 secs] 
25869.666: [GC 25869.666: [ParNew: 435968K->37988K(471872K), 0.0738230 secs] 6265465K->5867484K(11361088K), 0.0741450 secs] [Times: user=0.63 sys=0.00, real=0.07 secs] 
25870.796: [GC 25870.797: [ParNew: 457444K->24980K(471872K), 0.0778670 secs] 6286940K->5882169K(11361088K), 0.0781450 secs] [Times: user=0.51 sys=0.04, real=0.08 secs] 
25872.429: [GC 25872.429: [ParNew: 444436K->44498K(471872K), 0.0811620 secs] 6301625K->5901688K(11361088K), 0.0815030 secs] [Times: user=0.72 sys=0.00, real=0.08 secs] 
25873.920: [GC 25873.920: [ParNew: 463671K->52416K(471872K), 0.1538890 secs] 6320860K->5949794K(11361088K), 0.1541720 secs] [Times: user=1.07 sys=0.05, real=0.16 secs] 
25876.394: [GC 25876.394: [ParNew: 471872K->52416K(471872K), 0.3137630 secs] 6369250K->6012288K(11361088K), 0.3141100 secs] [Times: user=0.98 sys=0.08, real=0.32 secs] 
25879.653: [GC 25879.653: [ParNew: 471872K->52416K(471872K), 0.1908210 secs] 6431744K->6045511K(11361088K), 0.1911390 secs] [Times: user=0.88 sys=0.02, real=0.19 secs] 
25882.275: [GC 25882.275: [ParNew: 471872K->52416K(471872K), 0.1612570 secs] 6464967K->6096688K(11361088K), 0.1615880 secs] [Times: user=0.98 sys=0.05, real=0.16 secs] 
25886.138: [GC 25886.139: [ParNew: 471872K->52416K(471872K), 0.1605240 secs] 6516144K->6140172K(11361088K), 0.1608470 secs] [Times: user=0.92 sys=0.06, real=0.16 secs] 
25888.128: [GC 25888.128: [ParNew: 471872K->40797K(471872K), 0.1661720 secs] 6559628K->6168419K(11361088K), 0.1665310 secs] [Times: user=0.59 sys=0.04, real=0.16 secs] 
25889.610: [GC 25889.610: [ParNew: 460253K->14865K(471872K), 0.0645430 secs] 6587875K->6142487K(11361088K), 0.0648710 secs] [Times: user=0.57 sys=0.00, real=0.06 secs] 
25891.494: [GC 25891.494: [ParNew: 434321K->17276K(471872K), 0.0796900 secs] 6561943K->6144898K(11361088K), 0.0800520 secs] [Times: user=0.40 sys=0.01, real=0.08 secs] 
25894.657: [GC 25894.657: [ParNew: 436732K->32159K(471872K), 0.0951820 secs] 6564354K->6159782K(11361088K), 0.0955320 secs] [Times: user=0.64 sys=0.01, real=0.09 secs] 
25895.735: [GC 25895.736: [ParNew: 451615K->40149K(471872K), 0.0706810 secs] 6579238K->6171192K(11361088K), 0.0710220 secs] [Times: user=0.67 sys=0.01, real=0.08 secs] 
25896.361: [GC 25896.362: [ParNew: 459605K->49299K(471872K), 0.0778250 secs] 6590648K->6194454K(11361088K), 0.0781530 secs] [Times: user=0.61 sys=0.01, real=0.08 secs] 
25897.281: [GC 25897.281: [ParNew: 468755K->52415K(471872K), 0.1148720 secs] 6613910K->6213482K(11361088K), 0.1152000 secs] [Times: user=0.61 sys=0.01, real=0.11 secs] 
25898.206: [GC 25898.207: [ParNew: 471871K->52416K(471872K), 0.2067840 secs] 6632938K->6236941K(11361088K), 0.2071660 secs] [Times: user=0.72 sys=0.02, real=0.21 secs] 
25899.533: [GC 25899.533: [ParNew: 471872K->52416K(471872K), 0.0874730 secs] 6656397K->6253125K(11361088K), 0.0877940 secs] [Times: user=0.58 sys=0.03, real=0.09 secs] 
25901.081: [GC 25901.081: [ParNew: 471872K->52416K(471872K), 0.2466980 secs] 6672581K->6282845K(11361088K), 0.2470710 secs] [Times: user=0.96 sys=0.04, real=0.25 secs] 
25904.381: [GC 25904.381: [ParNew: 471872K->52099K(471872K), 0.2388880 secs] 6702301K->6329355K(11361088K), 0.2392810 secs] [Times: user=1.13 sys=0.09, real=0.24 secs] 
25905.576: [GC 25905.576: [ParNew: 471555K->52416K(471872K), 0.2602770 secs] 6748811K->6351272K(11361088K), 0.2606590 secs] [Times: user=0.89 sys=0.03, real=0.26 secs] 
25907.356: [GC 25907.356: [ParNew: 471872K->48356K(471872K), 0.1699210 secs] 6770728K->6394159K(11361088K), 0.1702030 secs] [Times: user=0.75 sys=0.07, real=0.17 secs] 
25909.632: [GC 25909.632: [ParNew: 467812K->37397K(471872K), 0.0768940 secs] 6813615K->6383201K(11361088K), 0.0772220 secs] [Times: user=0.63 sys=0.00, real=0.08 secs] 
25910.475: [GC 25910.475: [ParNew: 456853K->26497K(471872K), 0.0938510 secs] 6802657K->6400311K(11361088K), 0.0941700 secs] [Times: user=0.57 sys=0.03, real=0.10 secs] 
25911.401: [GC 25911.401: [ParNew: 445897K->45238K(471872K), 0.0702930 secs] 6819711K->6419052K(11361088K), 0.0705920 secs] [Times: user=0.65 sys=0.00, real=0.07 secs] 
25912.684: [GC 25912.685: [ParNew: 464694K->50635K(471872K), 0.1326240 secs] 6838508K->6458141K(11361088K), 0.1329390 secs] [Times: user=0.79 sys=0.04, real=0.13 secs] 
25915.123: [GC 25915.123: [ParNew: 470091K->48403K(471872K), 0.0996830 secs] 6877597K->6486116K(11361088K), 0.1000100 secs] [Times: user=0.66 sys=0.04, real=0.10 secs] 
25917.379: [GC 25917.379: [ParNew: 467859K->37502K(471872K), 0.1186460 secs] 6905572K->6506425K(11361088K), 0.1189760 secs] [Times: user=0.59 sys=0.02, real=0.12 secs] 
25920.557: [GC 25920.557: [ParNew: 456958K->44185K(471872K), 0.0606580 secs] 6925881K->6513108K(11361088K), 0.0610820 secs] [Times: user=0.66 sys=0.00, real=0.06 secs] 
25921.841: [GC 25921.841: [ParNew: 463641K->33141K(471872K), 0.1023020 secs] 6932564K->6534398K(11361088K), 0.1025830 secs] [Times: user=0.59 sys=0.04, real=0.10 secs] 
25924.628: [GC 25924.628: [ParNew: 452597K->32697K(471872K), 0.1117710 secs] 6953854K->6533954K(11361088K), 0.1120870 secs] [Times: user=0.73 sys=0.01, real=0.12 secs] 
25930.349: [GC 25930.349: [ParNew: 452153K->31678K(471872K), 0.0849610 secs] 6953410K->6538405K(11361088K), 0.0852960 secs] [Times: user=0.64 sys=0.00, real=0.09 secs] 
25933.852: [GC 25933.852: [ParNew: 451134K->45055K(471872K), 0.0818250 secs] 6957861K->6551782K(11361088K), 0.0821070 secs] [Times: user=0.61 sys=0.00, real=0.08 secs] 
25935.173: [GC 25935.173: [ParNew: 464511K->34850K(471872K), 0.0984060 secs] 6971238K->6556129K(11361088K), 0.0987950 secs] [Times: user=0.45 sys=0.00, real=0.10 secs] 
25936.054: [GC 25936.054: [ParNew: 454306K->50661K(471872K), 0.0730990 secs] 6975585K->6571940K(11361088K), 0.0734700 secs] [Times: user=0.72 sys=0.00, real=0.07 secs] 
25939.506: [GC 25939.506: [ParNew: 470117K->43087K(471872K), 0.2284840 secs] 6991396K->6603923K(11361088K), 0.2288250 secs] [Times: user=0.60 sys=0.02, real=0.23 secs] 
25941.968: [GC 25941.968: [ParNew: 462543K->19426K(471872K), 0.0696710 secs] 7023379K->6580262K(11361088K), 0.0700090 secs] [Times: user=0.58 sys=0.00, real=0.07 secs] 
25943.919: [GC 25943.919: [ParNew: 438882K->30839K(471872K), 0.0829910 secs] 6999718K->6591675K(11361088K), 0.0833040 secs] [Times: user=0.66 sys=0.00, real=0.09 secs] 
25946.136: [GC 25946.137: [ParNew: 450295K->43323K(471872K), 0.0781410 secs] 7011131K->6604158K(11361088K), 0.0784930 secs] [Times: user=0.74 sys=0.01, real=0.08 secs] 
25947.884: [GC 25947.884: [ParNew: 462779K->52416K(471872K), 0.2973670 secs] 7023614K->6626244K(11361088K), 0.2976840 secs] [Times: user=3.17 sys=0.02, real=0.30 secs] 
25949.727: [GC 25949.727: [ParNew: 471872K->50485K(471872K), 0.2969310 secs] 7045700K->6663703K(11361088K), 0.2972510 secs] [Times: user=2.25 sys=0.03, real=0.30 secs] 
25951.763: [GC 25951.764: [ParNew: 469941K->50790K(471872K), 0.0599810 secs] 7083159K->6664009K(11361088K), 0.0603110 secs] [Times: user=0.63 sys=0.01, real=0.06 secs] 
25953.662: [GC 25953.662: [ParNew: 470246K->35858K(471872K), 0.1138270 secs] 7083465K->6685201K(11361088K), 0.1141520 secs] [Times: user=0.57 sys=0.04, real=0.12 secs] 
25956.185: [GC 25956.185: [ParNew: 455314K->35832K(471872K), 0.1017680 secs] 7104657K->6685175K(11361088K), 0.1021040 secs] [Times: user=0.78 sys=0.01, real=0.10 secs] 
25957.739: [GC 25957.739: [ParNew: 455288K->26869K(471872K), 0.0876580 secs] 7104631K->6701906K(11361088K), 0.0879810 secs] [Times: user=0.57 sys=0.02, real=0.09 secs] 
25958.547: [GC 25958.547: [ParNew: 446325K->24118K(471872K), 0.0568610 secs] 7121362K->6699155K(11361088K), 0.0571600 secs] [Times: user=0.63 sys=0.01, real=0.06 secs] 
25959.780: [GC 25959.780: [ParNew: 443574K->28921K(471872K), 0.0806390 secs] 7118611K->6703958K(11361088K), 0.0810380 secs] [Times: user=0.73 sys=0.00, real=0.08 secs] 
25962.230: [GC 25962.230: [ParNew: 448377K->52416K(471872K), 0.0946710 secs] 7123414K->6733636K(11361088K), 0.0949980 secs] [Times: user=0.74 sys=0.01, real=0.10 secs] 
25963.991: [GC 25963.992: [ParNew: 471872K->52416K(471872K), 0.2531670 secs] 7153092K->6782940K(11361088K), 0.2534930 secs] [Times: user=0.69 sys=0.03, real=0.26 secs] 
25968.024: [GC 25968.024: [ParNew: 471872K->23816K(471872K), 0.0787250 secs] 7202396K->6754340K(11361088K), 0.0790580 secs] [Times: user=0.51 sys=0.00, real=0.07 secs] 
25970.257: [GC 25970.257: [ParNew: 443272K->31480K(471872K), 0.0766420 secs] 7173796K->6762005K(11361088K), 0.0769930 secs] [Times: user=0.61 sys=0.00, real=0.08 secs] 
25972.985: [GC 25972.985: [ParNew: 450936K->52415K(471872K), 0.1716490 secs] 7181461K->6787236K(11361088K), 0.1719750 secs] [Times: user=0.78 sys=0.01, real=0.17 secs] 
25974.485: [GC 25974.485: [ParNew: 471871K->52416K(471872K), 0.3004400 secs] 7206692K->6818947K(11361088K), 0.3008070 secs] [Times: user=0.90 sys=0.02, real=0.30 secs] 
25976.672: [GC 25976.672: [ParNew: 471872K->41253K(471872K), 0.1438110 secs] 7238403K->6843881K(11361088K), 0.1441800 secs] [Times: user=0.68 sys=0.04, real=0.15 secs] 
25979.178: [GC 25979.178: [ParNew: 460709K->52416K(471872K), 0.2031640 secs] 7263337K->6861733K(11361088K), 0.2034990 secs] [Times: user=0.83 sys=0.01, real=0.20 secs] 
25982.255: [GC 25982.256: [ParNew: 471872K->44731K(471872K), 0.0860590 secs] 7281189K->6865234K(11361088K), 0.0863960 secs] [Times: user=0.67 sys=0.01, real=0.08 secs] 
25984.747: [GC 25984.747: [ParNew: 464187K->48795K(471872K), 0.0619990 secs] 7284690K->6873921K(11361088K), 0.0623180 secs] [Times: user=0.72 sys=0.01, real=0.06 secs] 
25985.744: [GC 25985.745: [ParNew: 468251K->44754K(471872K), 0.1748060 secs] 7293377K->6908032K(11361088K), 0.1751140 secs] [Times: user=0.64 sys=0.03, real=0.18 secs] 
25989.974: [GC 25989.974: [ParNew: 464210K->50225K(471872K), 0.1195650 secs] 7327488K->6913503K(11361088K), 0.1198830 secs] [Times: user=0.69 sys=0.00, real=0.12 secs] 
25990.827: [GC 25990.827: [ParNew: 469681K->52416K(471872K), 0.1933170 secs] 7332959K->6943353K(11361088K), 0.1936600 secs] [Times: user=0.85 sys=0.01, real=0.19 secs] 
25992.058: [GC 25992.058: [ParNew: 471872K->52416K(471872K), 0.3313310 secs] 7362809K->7002530K(11361088K), 0.3316600 secs] [Times: user=0.91 sys=0.05, real=0.33 secs] 
25994.922: [GC 25994.922: [ParNew: 471872K->52331K(471872K), 0.1792430 secs] 7421986K->7002445K(11361088K), 0.1795280 secs] [Times: user=2.00 sys=0.00, real=0.18 secs] 
25997.180: [GC 25997.180: [ParNew: 471787K->33016K(471872K), 0.0902800 secs] 7421901K->7005977K(11361088K), 0.0905770 secs] [Times: user=0.54 sys=0.02, real=0.09 secs] 
25998.104: [GC 25998.104: [ParNew: 452472K->47746K(471872K), 0.0600000 secs] 7425433K->7020707K(11361088K), 0.0603010 secs] [Times: user=0.71 sys=0.00, real=0.06 secs] 
25998.921: [GC 25998.921: [ParNew: 467202K->52416K(471872K), 0.0856940 secs] 7440163K->7041664K(11361088K), 0.0859950 secs] [Times: user=0.77 sys=0.02, real=0.09 secs] 
25999.848: [GC 25999.848: [ParNew: 471872K->52416K(471872K), 0.1076150 secs] 7461120K->7066658K(11361088K), 0.1079730 secs] [Times: user=0.69 sys=0.04, real=0.10 secs] 
26000.647: [GC 26000.647: [ParNew: 471872K->52416K(471872K), 0.0843760 secs] 7486114K->7086107K(11361088K), 0.0846610 secs] [Times: user=0.75 sys=0.03, real=0.08 secs] 
26001.532: [GC 26001.533: [ParNew: 471872K->52416K(471872K), 0.1946440 secs] 7505563K->7139033K(11361088K), 0.1949260 secs] [Times: user=0.91 sys=0.07, real=0.20 secs] 
26002.536: [GC 26002.536: [ParNew: 471872K->52416K(471872K), 0.1824170 secs] 7558489K->7148664K(11361088K), 0.1827460 secs] [Times: user=1.02 sys=0.01, real=0.19 secs] 
26003.567: [GC 26003.568: [ParNew: 471872K->52416K(471872K), 0.6559340 secs] 7568120K->7223327K(11361088K), 0.6562380 secs] [Times: user=2.00 sys=0.07, real=0.65 secs] 
26006.036: [GC 26006.036: [ParNew: 471872K->52415K(471872K), 0.1620240 secs] 7642783K->7249804K(11361088K), 0.1623380 secs] [Times: user=0.98 sys=0.03, real=0.17 secs] 
26011.610: [GC 26011.610: [ParNew: 471871K->39714K(471872K), 0.1388900 secs] 7669260K->7272921K(11361088K), 0.1392100 secs] [Times: user=0.70 sys=0.05, real=0.14 secs] 
26013.763: [GC 26013.763: [ParNew: 459170K->52416K(471872K), 0.1591860 secs] 7692377K->7296492K(11361088K), 0.1595940 secs] [Times: user=0.95 sys=0.00, real=0.16 secs] 
26014.690: [GC 26014.690: [ParNew: 471872K->43860K(471872K), 0.1306840 secs] 7715948K->7337612K(11361088K), 0.1309680 secs] [Times: user=0.86 sys=0.04, real=0.13 secs] 
26015.454: [GC 26015.454: [ParNew: 463316K->48597K(471872K), 0.0730340 secs] 7757068K->7342350K(11361088K), 0.0733120 secs] [Times: user=0.64 sys=0.00, real=0.07 secs] 
26016.109: [GC 26016.109: [ParNew: 468053K->52416K(471872K), 0.1790420 secs] 7761806K->7370357K(11361088K), 0.1793680 secs] [Times: user=0.93 sys=0.03, real=0.17 secs] 
26017.015: [GC 26017.015: [ParNew: 471872K->52392K(471872K), 0.1797240 secs] 7789813K->7418648K(11361088K), 0.1800390 secs] [Times: user=0.95 sys=0.06, real=0.18 secs] 
26017.858: [GC 26017.858: [ParNew: 471848K->43648K(471872K), 0.0606510 secs] 7838104K->7409904K(11361088K), 0.0609740 secs] [Times: user=0.70 sys=0.00, real=0.07 secs] 
26018.601: [GC 26018.601: [ParNew: 463104K->52416K(471872K), 0.1213490 secs] 7829360K->7436949K(11361088K), 0.1217160 secs] [Times: user=0.78 sys=0.01, real=0.12 secs] 
26019.498: [GC 26019.498: [ParNew: 471872K->52415K(471872K), 0.1660430 secs] 7856405K->7486817K(11361088K), 0.1663700 secs] [Times: user=0.95 sys=0.06, real=0.17 secs] 
26021.079: [GC 26021.079: [ParNew: 471871K->52416K(471872K), 0.2331420 secs] 7906273K->7513444K(11361088K), 0.2334150 secs] [Times: user=0.89 sys=0.04, real=0.23 secs] 
26022.815: [GC 26022.815: [ParNew (promotion failed): 471872K->470193K(471872K), 2.5195970 secs]26025.335: [CMS: 7462026K->5621923K(10889216K), 24.2742970 secs] 7932900K->5621923K(11361088K), [CMS Perm : 399445K->398793K(524288K)], 26.7943290 secs] [Times: user=28.69 sys=1.50, real=26.79 secs] 
26049.620: [GC [1 CMS-initial-mark: 5621923K(10889216K)] 5623008K(11361088K), 0.0097700 secs] [Times: user=0.01 sys=0.01, real=0.01 secs] 
26049.630: [CMS-concurrent-mark-start]
26053.740: [GC 26053.740: [ParNew: 419456K->52128K(471872K), 0.2344030 secs] 6041379K->5674052K(11361088K), 0.2347530 secs] [Times: user=2.11 sys=0.01, real=0.24 secs] 
26054.852: [GC 26054.853: [ParNew: 471584K->28205K(471872K), 0.0687610 secs] 6093508K->5669752K(11361088K), 0.0690750 secs] [Times: user=0.55 sys=0.03, real=0.06 secs] 
26055.371: [CMS-concurrent-mark: 3.919/5.741 secs] [Times: user=30.19 sys=0.73, real=5.74 secs] 
26055.371: [CMS-concurrent-preclean-start]
26055.454: [CMS-concurrent-preclean: 0.080/0.083 secs] [Times: user=0.24 sys=0.01, real=0.09 secs] 
26055.454: [CMS-concurrent-abortable-preclean-start]
26056.415: [GC 26056.416: [ParNew: 447661K->52416K(471872K), 0.7049550 secs] 6089208K->5738487K(11361088K), 0.7052740 secs] [Times: user=8.61 sys=0.04, real=0.70 secs] 
26058.074: [CMS-concurrent-abortable-preclean: 1.778/2.620 secs] [Times: user=14.79 sys=0.29, real=2.62 secs] 
26058.076: [GC[YG occupancy: 267715 K (471872 K)]26058.076: [Rescan (parallel) , 0.0524020 secs]26058.129: [weak refs processing, 0.0006980 secs]26058.129: [class unloading, 0.0943240 secs]26058.224: [scrub symbol & string tables, 0.1137520 secs] [1 CMS-remark: 5686071K(10889216K)] 5953787K(11361088K), 0.2810290 secs] [Times: user=0.86 sys=0.00, real=0.28 secs] 
26058.359: [CMS-concurrent-sweep-start]
26059.515: [GC 26059.515: [ParNew: 471872K->44023K(471872K), 0.5547530 secs] 6157302K->5783591K(11361088K), 0.5550700 secs] [Times: user=4.94 sys=0.04, real=0.55 secs] 
26060.934: [GC 26060.934: [ParNew: 463479K->51727K(471872K), 0.0856520 secs] 6202886K->5806116K(11361088K), 0.0859450 secs] [Times: user=0.67 sys=0.02, real=0.08 secs] 
26062.529: [GC 26062.529: [ParNew: 470846K->35933K(471872K), 0.1012880 secs] 6224741K->5819035K(11361088K), 0.1015820 secs] [Times: user=0.59 sys=0.04, real=0.10 secs] 
26063.753: [CMS-concurrent-sweep: 4.585/5.394 secs] [Times: user=25.75 sys=1.13, real=5.39 secs] 
26063.753: [CMS-concurrent-reset-start]
26063.857: [CMS-concurrent-reset: 0.104/0.104 secs] [Times: user=0.23 sys=0.00, real=0.11 secs] 
26065.217: [GC 26065.217: [ParNew: 455389K->18966K(471872K), 0.0576220 secs] 6211196K->5774772K(11361088K), 0.0579680 secs] [Times: user=0.63 sys=0.00, real=0.06 secs] 
26065.891: [GC 26065.892: [ParNew: 438422K->35214K(471872K), 0.0724550 secs] 6194228K->5791021K(11361088K), 0.0727810 secs] [Times: user=0.72 sys=0.00, real=0.08 secs] 
26068.268: [GC 26068.269: [ParNew: 454670K->52416K(471872K), 0.1140270 secs] 6210477K->5819598K(11361088K), 0.1143850 secs] [Times: user=0.87 sys=0.01, real=0.11 secs] 
26073.538: [GC 26073.538: [ParNew: 471872K->52416K(471872K), 0.2942900 secs] 6239054K->5874476K(11361088K), 0.2946240 secs] [Times: user=0.96 sys=0.03, real=0.29 secs] 
26075.690: [GC 26075.690: [ParNew: 471872K->52416K(471872K), 0.2328170 secs] 6293932K->5911237K(11361088K), 0.2331070 secs] [Times: user=1.37 sys=0.04, real=0.23 secs] 
26079.383: [GC 26079.384: [ParNew: 471872K->42824K(471872K), 0.3624720 secs] 6330693K->5940837K(11361088K), 0.3628100 secs] [Times: user=3.91 sys=0.05, real=0.37 secs] 
26081.476: [GC 26081.476: [ParNew: 462280K->52416K(471872K), 0.1400620 secs] 6360293K->5954699K(11361088K), 0.1404250 secs] [Times: user=0.77 sys=0.01, real=0.14 secs] 
26084.131: [GC 26084.131: [ParNew: 471872K->48358K(471872K), 0.1644920 secs] 6374155K->5988979K(11361088K), 0.1648240 secs] [Times: user=0.67 sys=0.06, real=0.17 secs] 
26088.188: [GC 26088.188: [ParNew: 467814K->50910K(471872K), 0.0734080 secs] 6408435K->5991531K(11361088K), 0.0738510 secs] [Times: user=0.64 sys=0.00, real=0.07 secs] 
26091.845: [GC 26091.846: [ParNew: 470366K->52416K(471872K), 0.1963790 secs] 6410987K->6050258K(11361088K), 0.1967210 secs] [Times: user=1.13 sys=0.06, real=0.19 secs] 
26095.545: [GC 26095.545: [ParNew: 471872K->52416K(471872K), 0.2172610 secs] 6469714K->6102569K(11361088K), 0.2175880 secs] [Times: user=0.74 sys=0.04, real=0.22 secs] 
26099.635: [GC 26099.635: [ParNew: 471872K->52416K(471872K), 0.2128810 secs] 6522025K->6110426K(11361088K), 0.2132290 secs] [Times: user=1.34 sys=0.00, real=0.22 secs] 
26100.753: [GC 26100.753: [ParNew: 471872K->52416K(471872K), 0.2853860 secs] 6529882K->6192262K(11361088K), 0.2857040 secs] [Times: user=1.51 sys=0.12, real=0.29 secs] 
26102.119: [GC 26102.119: [ParNew: 471872K->52416K(471872K), 0.3410320 secs] 6611718K->6255309K(11361088K), 0.3413670 secs] [Times: user=1.16 sys=0.08, real=0.34 secs] 
26104.201: [GC 26104.201: [ParNew: 471872K->52416K(471872K), 0.3972450 secs] 6674765K->6298427K(11361088K), 0.3976610 secs] [Times: user=0.97 sys=0.01, real=0.40 secs] 
26106.782: [GC 26106.782: [ParNew: 471872K->52416K(471872K), 0.2684420 secs] 6717883K->6350594K(11361088K), 0.2688040 secs] [Times: user=0.87 sys=0.05, real=0.27 secs] 
26108.202: [GC 26108.202: [ParNew: 471872K->52416K(471872K), 0.0872860 secs] 6770050K->6353116K(11361088K), 0.0876020 secs] [Times: user=0.80 sys=0.00, real=0.09 secs] 
26110.402: [GC 26110.402: [ParNew: 471634K->52416K(471872K), 0.6061540 secs] 6772590K->6405452K(11361088K), 0.6065210 secs] [Times: user=0.98 sys=0.01, real=0.61 secs] 
26113.312: [GC 26113.312: [ParNew: 471872K->30213K(471872K), 0.1479920 secs] 6824908K->6410811K(11361088K), 0.1483540 secs] [Times: user=0.64 sys=0.03, real=0.15 secs] 
26115.744: [GC 26115.745: [ParNew: 449669K->21756K(471872K), 0.0571500 secs] 6830267K->6402353K(11361088K), 0.0574850 secs] [Times: user=0.60 sys=0.01, real=0.06 secs] 
26118.220: [GC 26118.220: [ParNew: 441212K->42109K(471872K), 0.1078680 secs] 6821809K->6422706K(11361088K), 0.1081550 secs] [Times: user=0.63 sys=0.00, real=0.11 secs] 
26122.370: [GC 26122.371: [ParNew: 461565K->35540K(471872K), 0.0973920 secs] 6842162K->6430176K(11361088K), 0.0977500 secs] [Times: user=0.67 sys=0.02, real=0.09 secs] 
26123.320: [GC 26123.320: [ParNew: 454996K->52416K(471872K), 0.0984960 secs] 6849632K->6460502K(11361088K), 0.0988060 secs] [Times: user=0.80 sys=0.03, real=0.09 secs] 
26125.348: [GC 26125.348: [ParNew: 471835K->52416K(471872K), 0.2414350 secs] 6879921K->6514037K(11361088K), 0.2418250 secs] [Times: user=0.95 sys=0.06, real=0.25 secs] 
26127.389: [GC 26127.389: [ParNew: 471872K->42481K(471872K), 0.1079580 secs] 6933493K->6533131K(11361088K), 0.1082800 secs] [Times: user=0.66 sys=0.03, real=0.11 secs] 
26130.179: [GC 26130.179: [ParNew: 461937K->46847K(471872K), 0.2540380 secs] 6952587K->6564947K(11361088K), 0.2544640 secs] [Times: user=0.62 sys=0.01, real=0.26 secs] 
26131.479: [GC 26131.479: [ParNew: 466303K->15028K(471872K), 0.0782070 secs] 6984403K->6539133K(11361088K), 0.0785480 secs] [Times: user=0.59 sys=0.01, real=0.08 secs] 
26134.766: [GC 26134.767: [ParNew: 433743K->23763K(471872K), 0.0871400 secs] 6957848K->6547868K(11361088K), 0.0875290 secs] [Times: user=0.66 sys=0.01, real=0.09 secs] 
26136.745: [GC 26136.746: [ParNew: 443219K->51815K(471872K), 0.0739070 secs] 6967324K->6575920K(11361088K), 0.0742300 secs] [Times: user=0.70 sys=0.00, real=0.08 secs] 
26138.550: [GC 26138.550: [ParNew: 471271K->45368K(471872K), 0.1880460 secs] 6995376K->6611412K(11361088K), 0.1884370 secs] [Times: user=1.20 sys=0.05, real=0.19 secs] 
26140.496: [GC 26140.496: [ParNew: 464636K->41579K(471872K), 0.0996130 secs] 7030681K->6607623K(11361088K), 0.0999760 secs] [Times: user=0.71 sys=0.00, real=0.10 secs] 
26142.390: [GC 26142.390: [ParNew: 461035K->44970K(471872K), 0.1006520 secs] 7027079K->6619517K(11361088K), 0.1009880 secs] [Times: user=0.64 sys=0.01, real=0.11 secs] 
26144.010: [GC 26144.011: [ParNew: 464426K->44776K(471872K), 0.0702970 secs] 7038973K->6633855K(11361088K), 0.0706150 secs] [Times: user=0.68 sys=0.02, real=0.08 secs] 
26146.399: [GC 26146.399: [ParNew: 464232K->32206K(471872K), 0.1232360 secs] 7053311K->6651515K(11361088K), 0.1236160 secs] [Times: user=0.55 sys=0.02, real=0.13 secs] 
26148.180: [GC 26148.180: [ParNew: 451662K->45314K(471872K), 0.1029740 secs] 7070971K->6664623K(11361088K), 0.1033200 secs] [Times: user=0.79 sys=0.00, real=0.11 secs] 
26149.194: [GC 26149.194: [ParNew: 464770K->44692K(471872K), 0.1105730 secs] 7084079K->6695352K(11361088K), 0.1109240 secs] [Times: user=0.72 sys=0.03, real=0.11 secs] 
26150.893: [GC 26150.893: [ParNew: 464148K->52416K(471872K), 0.1622140 secs] 7114808K->6734742K(11361088K), 0.1625330 secs] [Times: user=0.74 sys=0.03, real=0.16 secs] 
26152.601: [GC 26152.601: [ParNew: 471872K->37319K(471872K), 0.1324270 secs] 7154198K->6751225K(11361088K), 0.1328830 secs] [Times: user=0.63 sys=0.04, real=0.13 secs] 
26153.324: [GC 26153.325: [ParNew: 456775K->35073K(471872K), 0.0567080 secs] 7170681K->6748979K(11361088K), 0.0570460 secs] [Times: user=0.62 sys=0.00, real=0.06 secs] 
26154.074: [GC 26154.075: [ParNew: 454529K->45484K(471872K), 0.0801510 secs] 7168435K->6771941K(11361088K), 0.0805050 secs] [Times: user=0.64 sys=0.02, real=0.08 secs] 
26154.726: [GC 26154.726: [ParNew: 464940K->48582K(471872K), 0.0781870 secs] 7191397K->6787939K(11361088K), 0.0785230 secs] [Times: user=0.66 sys=0.01, real=0.08 secs] 
26155.424: [GC 26155.424: [ParNew: 468038K->52415K(471872K), 0.0985660 secs] 7207395K->6809674K(11361088K), 0.0989380 secs] [Times: user=0.58 sys=0.04, real=0.10 secs] 
26156.169: [GC 26156.169: [ParNew: 471607K->52416K(471872K), 0.0977040 secs] 7228865K->6826302K(11361088K), 0.0980600 secs] [Times: user=0.63 sys=0.02, real=0.10 secs] 
26157.771: [GC 26157.771: [ParNew: 471872K->52416K(471872K), 0.2637300 secs] 7245758K->6856103K(11361088K), 0.2640820 secs] [Times: user=0.88 sys=0.03, real=0.27 secs] 
26161.321: [GC 26161.322: [ParNew: 471872K->52415K(471872K), 0.1518730 secs] 7275559K->6873150K(11361088K), 0.1522350 secs] [Times: user=0.78 sys=0.01, real=0.16 secs] 
26163.557: [GC 26163.557: [ParNew: 471871K->26056K(471872K), 0.1355310 secs] 7292606K->6869432K(11361088K), 0.1358520 secs] [Times: user=0.85 sys=0.06, real=0.14 secs] 
26164.815: [GC 26164.816: [ParNew: 445492K->45151K(471872K), 0.0779150 secs] 7288868K->6888526K(11361088K), 0.0782710 secs] [Times: user=0.71 sys=0.00, real=0.08 secs] 
26167.258: [GC 26167.259: [ParNew: 464607K->31391K(471872K), 0.1505580 secs] 7307982K->6906766K(11361088K), 0.1509620 secs] [Times: user=0.58 sys=0.02, real=0.15 secs] 
26169.079: [GC 26169.079: [ParNew: 450847K->35204K(471872K), 0.0587430 secs] 7326222K->6910579K(11361088K), 0.0590780 secs] [Times: user=0.63 sys=0.01, real=0.06 secs] 
26175.213: [GC 26175.213: [ParNew: 454660K->27704K(471872K), 0.1030420 secs] 7330035K->6932782K(11361088K), 0.1033930 secs] [Times: user=0.59 sys=0.04, real=0.11 secs] 
26176.452: [GC 26176.452: [ParNew: 447160K->34040K(471872K), 0.0972980 secs] 7352238K->6939118K(11361088K), 0.0976280 secs] [Times: user=0.60 sys=0.00, real=0.10 secs] 
26179.046: [GC 26179.046: [ParNew: 453496K->49450K(471872K), 0.0927790 secs] 7358574K->6964679K(11361088K), 0.0931130 secs] [Times: user=0.74 sys=0.02, real=0.09 secs] 
26184.735: [GC 26184.735: [ParNew: 468906K->47776K(471872K), 0.0919330 secs] 7384135K->6976212K(11361088K), 0.0922680 secs] [Times: user=0.65 sys=0.02, real=0.09 secs] 
26188.821: [GC 26188.822: [ParNew: 467232K->52416K(471872K), 0.1801720 secs] 7395668K->7013868K(11361088K), 0.1805170 secs] [Times: user=0.85 sys=0.03, real=0.18 secs] 
26190.189: [GC 26190.189: [ParNew: 471872K->52416K(471872K), 0.2087680 secs] 7433324K->7065924K(11361088K), 0.2091130 secs] [Times: user=1.00 sys=0.04, real=0.21 secs] 
26192.835: [GC 26192.836: [ParNew: 471872K->52416K(471872K), 0.1320030 secs] 7485380K->7096961K(11361088K), 0.1323540 secs] [Times: user=0.86 sys=0.05, real=0.13 secs] 
26193.894: [GC 26193.894: [ParNew: 471872K->22400K(471872K), 0.0939370 secs] 7516417K->7096607K(11361088K), 0.0943010 secs] [Times: user=0.56 sys=0.03, real=0.10 secs] 
26196.821: [GC 26196.821: [ParNew: 441856K->21213K(471872K), 0.0865700 secs] 7516063K->7095419K(11361088K), 0.0869210 secs] [Times: user=0.64 sys=0.01, real=0.09 secs] 
26199.706: [GC 26199.706: [ParNew: 440669K->30349K(471872K), 0.0708580 secs] 7514875K->7104555K(11361088K), 0.0711740 secs] [Times: user=0.63 sys=0.01, real=0.08 secs] 
26201.786: [GC 26201.786: [ParNew: 449805K->40517K(471872K), 0.0765110 secs] 7524011K->7114724K(11361088K), 0.0768580 secs] [Times: user=0.62 sys=0.00, real=0.08 secs] 
26203.747: [GC 26203.748: [ParNew: 459973K->48317K(471872K), 0.0820150 secs] 7534180K->7129724K(11361088K), 0.0823490 secs] [Times: user=0.64 sys=0.00, real=0.08 secs] 
26204.811: [GC 26204.811: [ParNew: 467773K->52416K(471872K), 0.1267780 secs] 7549180K->7145157K(11361088K), 0.1271030 secs] [Times: user=0.80 sys=0.00, real=0.13 secs] 
26206.805: [GC 26206.805: [ParNew: 471872K->52416K(471872K), 0.1501180 secs] 7564613K->7159919K(11361088K), 0.1504600 secs] [Times: user=0.79 sys=0.01, real=0.15 secs] 
26209.063: [GC 26209.063: [ParNew: 471872K->52416K(471872K), 0.1360240 secs] 7579375K->7184865K(11361088K), 0.1363940 secs] [Times: user=0.71 sys=0.02, real=0.14 secs] 
26211.773: [GC 26211.773: [ParNew: 471872K->52416K(471872K), 0.1318270 secs] 7604321K->7218007K(11361088K), 0.1321780 secs] [Times: user=0.76 sys=0.03, real=0.13 secs] 
26214.378: [GC 26214.378: [ParNew: 471872K->47026K(471872K), 0.1119590 secs] 7637463K->7245214K(11361088K), 0.1123030 secs] [Times: user=0.71 sys=0.05, real=0.11 secs] 
26216.584: [GC 26216.584: [ParNew: 466482K->52416K(471872K), 0.1045590 secs] 7664670K->7260182K(11361088K), 0.1050170 secs] [Times: user=0.66 sys=0.00, real=0.11 secs] 
26218.894: [GC 26218.894: [ParNew: 471826K->52416K(471872K), 0.2219100 secs] 7679593K->7320239K(11361088K), 0.2222420 secs] [Times: user=1.09 sys=0.06, real=0.22 secs] 
26219.957: [GC 26219.957: [ParNew: 471872K->52416K(471872K), 0.1611280 secs] 7739695K->7373177K(11361088K), 0.1614540 secs] [Times: user=1.02 sys=0.06, real=0.16 secs] 
26222.450: [GC 26222.450: [ParNew: 471872K->52416K(471872K), 0.1763440 secs] 7792633K->7411603K(11361088K), 0.1766650 secs] [Times: user=0.83 sys=0.04, real=0.17 secs] 
26225.959: [GC 26225.960: [ParNew: 471688K->51349K(471872K), 0.1026810 secs] 7830875K->7443087K(11361088K), 0.1030010 secs] [Times: user=0.73 sys=0.04, real=0.10 secs] 
26232.316: [GC 26232.316: [ParNew: 470805K->52416K(471872K), 0.1510490 secs] 7862543K->7475810K(11361088K), 0.1514500 secs] [Times: user=0.87 sys=0.02, real=0.15 secs] 
26233.288: [GC 26233.288: [ParNew: 471872K->52416K(471872K), 0.3130270 secs] 7895266K->7534743K(11361088K), 0.3133600 secs] [Times: user=0.96 sys=0.04, real=0.32 secs] 
26235.592: [GC 26235.592: [ParNew: 471872K->51503K(471872K), 0.1526970 secs] 7954199K->7556701K(11361088K), 0.1530450 secs] [Times: user=0.76 sys=0.03, real=0.15 secs] 
26239.753: [GC 26239.753: [ParNew: 470959K->26227K(471872K), 0.1062180 secs] 7976157K->7557425K(11361088K), 0.1065830 secs] [Times: user=0.56 sys=0.03, real=0.10 secs] 
26242.835: [GC 26242.836: [ParNew: 445683K->20392K(471872K), 0.0806920 secs] 7976881K->7551590K(11361088K), 0.0810420 secs] [Times: user=0.65 sys=0.01, real=0.08 secs] 
26243.978: [GC 26243.978: [ParNew: 439799K->50056K(471872K), 0.0781950 secs] 7970997K->7581254K(11361088K), 0.0784980 secs] [Times: user=0.71 sys=0.00, real=0.08 secs] 
26246.965: [GC 26246.965: [ParNew: 469512K->30210K(471872K), 0.1220010 secs] 8000710K->7597294K(11361088K), 0.1223440 secs] [Times: user=0.65 sys=0.04, real=0.12 secs] 
26249.367: [GC 26249.367: [ParNew: 449666K->27719K(471872K), 0.1045480 secs] 8016750K->7594803K(11361088K), 0.1048530 secs] [Times: user=0.66 sys=0.00, real=0.11 secs] 
26251.573: [GC 26251.573: [ParNew: 447175K->52416K(471872K), 0.0949120 secs] 8014259K->7620075K(11361088K), 0.0953000 secs] [Times: user=0.73 sys=0.00, real=0.09 secs] 
26252.550: [GC 26252.550: [ParNew: 471872K->31119K(471872K), 0.1342900 secs] 8039531K->7637482K(11361088K), 0.1346160 secs] [Times: user=0.72 sys=0.04, real=0.14 secs] 
26253.512: [GC 26253.513: [ParNew: 450575K->48296K(471872K), 0.0936480 secs] 8056938K->7654659K(11361088K), 0.0939690 secs] [Times: user=0.74 sys=0.01, real=0.09 secs] 
26254.408: [GC 26254.408: [ParNew: 467752K->37772K(471872K), 0.1442550 secs] 8074115K->7677551K(11361088K), 0.1445950 secs] [Times: user=0.78 sys=0.03, real=0.15 secs] 
26255.326: [GC 26255.327: [ParNew: 457228K->43275K(471872K), 0.1092030 secs] 8097007K->7683054K(11361088K), 0.1096120 secs] [Times: user=0.66 sys=0.00, real=0.11 secs] 
26256.122: [GC 26256.122: [ParNew: 462731K->52416K(471872K), 0.1167770 secs] 8102510K->7711965K(11361088K), 0.1171330 secs] [Times: user=0.88 sys=0.03, real=0.11 secs] 
26257.077: [GC 26257.077: [ParNew: 471872K->52416K(471872K), 0.2143860 secs] 8131421K->7767475K(11361088K), 0.2147590 secs] [Times: user=1.05 sys=0.08, real=0.22 secs] 
26258.834: [GC 26258.834: [ParNew: 471872K->52416K(471872K), 0.2294210 secs] 8186933K->7797267K(11361088K), 0.2297550 secs] [Times: user=0.91 sys=0.04, real=0.23 secs] 
26259.067: [GC 26259.067: [ParNew: 52983K->9877K(471872K), 0.1092680 secs] 7797834K->7780744K(11361088K), 0.1095860 secs] [Times: user=0.79 sys=0.05, real=0.11 secs] 
26259.899: [GC 26259.899: [ParNew: 429333K->47015K(471872K), 0.1139640 secs] 8200200K->7817882K(11361088K), 0.1143270 secs] [Times: user=0.71 sys=0.01, real=0.12 secs] 
26262.122: [GC 26262.123: [ParNew: 466471K->49269K(471872K), 0.1344060 secs] 8237338K->7850199K(11361088K), 0.1347520 secs] [Times: user=0.78 sys=0.04, real=0.13 secs] 
26264.477: [GC 26264.477: [ParNew: 468725K->39283K(471872K), 0.1428370 secs] 8269655K->7869121K(11361088K), 0.1433250 secs] [Times: user=0.68 sys=0.03, real=0.14 secs] 
26266.805: [GC 26266.805: [ParNew: 458739K->34555K(471872K), 0.0959920 secs] 8288577K->7864393K(11361088K), 0.0963120 secs] [Times: user=0.65 sys=0.00, real=0.09 secs] 
26269.713: [GC 26269.713: [ParNew: 454011K->30790K(471872K), 0.1118850 secs] 8283849K->7869514K(11361088K), 0.1122320 secs] [Times: user=0.73 sys=0.02, real=0.11 secs] 
26272.228: [GC 26272.228: [ParNew: 450246K->45533K(471872K), 0.1217760 secs] 8288970K->7884257K(11361088K), 0.1220630 secs] [Times: user=0.70 sys=0.01, real=0.12 secs] 
26274.581: [GC 26274.581: [ParNew: 464989K->49851K(471872K), 0.1276050 secs] 8303713K->7900906K(11361088K), 0.1279440 secs] [Times: user=0.63 sys=0.01, real=0.13 secs] 
26277.314: [GC 26277.314: [ParNew: 469307K->32266K(471872K), 0.1126940 secs] 8320362K->7914908K(11361088K), 0.1130310 secs] [Times: user=0.60 sys=0.04, real=0.11 secs] 
26280.547: [GC 26280.547: [ParNew: 451722K->23221K(471872K), 0.0748700 secs] 8334364K->7905863K(11361088K), 0.0752020 secs] [Times: user=0.58 sys=0.00, real=0.07 secs] 
26282.584: [GC 26282.585: [ParNew: 442677K->50345K(471872K), 0.0829170 secs] 8325319K->7932987K(11361088K), 0.0832640 secs] [Times: user=0.65 sys=0.00, real=0.08 secs] 
26284.813: [GC 26284.813: [ParNew: 469801K->52416K(471872K), 0.1380630 secs] 8352443K->7958509K(11361088K), 0.1383650 secs] [Times: user=0.89 sys=0.02, real=0.14 secs] 
26287.782: [GC 26287.783: [ParNew: 471872K->51072K(471872K), 0.1637470 secs] 8377965K->8005259K(11361088K), 0.1640890 secs] [Times: user=0.82 sys=0.06, real=0.17 secs] 
26288.980: [GC 26288.980: [ParNew: 470528K->30014K(471872K), 0.0807450 secs] 8424715K->7984200K(11361088K), 0.0810470 secs] [Times: user=0.64 sys=0.01, real=0.08 secs] 
26290.719: [GC 26290.720: [ParNew: 449470K->52416K(471872K), 0.0942320 secs] 8403656K->8009764K(11361088K), 0.0945630 secs] [Times: user=0.75 sys=0.00, real=0.09 secs] 
26294.025: [GC 26294.025: [ParNew: 471872K->36782K(471872K), 0.1157590 secs] 8429220K->8034241K(11361088K), 0.1161000 secs] [Times: user=0.68 sys=0.05, real=0.12 secs] 
26297.922: [GC 26297.922: [ParNew: 456238K->29081K(471872K), 0.0751550 secs] 8453697K->8026540K(11361088K), 0.0755060 secs] [Times: user=0.71 sys=0.00, real=0.08 secs] 
26300.759: [GC 26300.760: [ParNew: 448537K->38338K(471872K), 0.0945890 secs] 8445996K->8035797K(11361088K), 0.0949300 secs] [Times: user=0.68 sys=0.00, real=0.09 secs] 
26302.714: [GC 26302.715: [ParNew: 457794K->35446K(471872K), 0.1026680 secs] 8455253K->8046447K(11361088K), 0.1030190 secs] [Times: user=0.78 sys=0.02, real=0.11 secs] 
26304.726: [GC 26304.727: [ParNew: 454902K->52416K(471872K), 0.2071920 secs] 8465903K->8119820K(11361088K), 0.2075550 secs] [Times: user=1.55 sys=0.05, real=0.20 secs] 
26307.800: [GC 26307.800: [ParNew: 471872K->52416K(471872K), 0.2221810 secs] 8539276K->8171167K(11361088K), 0.2225410 secs] [Times: user=1.10 sys=0.06, real=0.22 secs] 
26310.306: [GC 26310.306: [ParNew (promotion failed): 471872K->471872K(471872K), 0.9442770 secs]26311.250: [CMS: 8168285K->5784267K(10889216K), 25.5546340 secs] 8590623K->5784267K(11361088K), [CMS Perm : 400209K->399504K(524288K)], 26.4993470 secs] [Times: user=26.99 sys=0.29, real=26.50 secs] 
26337.377: [GC 26337.378: [ParNew: 419456K->52415K(471872K), 0.1951720 secs] 6203723K->5845841K(11361088K), 0.1955520 secs] [Times: user=0.82 sys=0.00, real=0.20 secs] 
26338.457: [GC 26338.457: [ParNew: 471871K->43294K(471872K), 0.2445600 secs] 6265297K->5873813K(11361088K), 0.2449510 secs] [Times: user=0.73 sys=0.01, real=0.25 secs] 
26339.374: [GC 26339.374: [ParNew: 462750K->52415K(471872K), 0.1454800 secs] 6293269K->5888971K(11361088K), 0.1458080 secs] [Times: user=0.71 sys=0.00, real=0.15 secs] 
26340.804: [GC 26340.804: [ParNew: 471871K->39709K(471872K), 0.1288580 secs] 6308427K->5910292K(11361088K), 0.1292010 secs] [Times: user=0.58 sys=0.03, real=0.13 secs] 
26344.110: [GC 26344.110: [ParNew: 459165K->52415K(471872K), 0.2624210 secs] 6329748K->5935081K(11361088K), 0.2627820 secs] [Times: user=0.88 sys=0.00, real=0.26 secs] 
26346.363: [GC 26346.363: [ParNew: 471871K->37917K(471872K), 0.1292230 secs] 6354537K->5958518K(11361088K), 0.1295410 secs] [Times: user=0.63 sys=0.03, real=0.13 secs] 
26349.231: [GC 26349.231: [ParNew: 457373K->44805K(471872K), 0.0613630 secs] 6377974K->5965407K(11361088K), 0.0616630 secs] [Times: user=0.57 sys=0.01, real=0.06 secs] 
26350.550: [GC 26350.550: [ParNew: 464261K->33888K(471872K), 0.1583550 secs] 6384863K->5988533K(11361088K), 0.1586490 secs] [Times: user=0.55 sys=0.02, real=0.16 secs] 
26352.706: [GC 26352.706: [ParNew: 453344K->28526K(471872K), 0.0821240 secs] 6407989K->5983171K(11361088K), 0.0824480 secs] [Times: user=0.56 sys=0.00, real=0.08 secs] 
26355.145: [GC 26355.145: [ParNew: 447982K->52416K(471872K), 0.0995980 secs] 6402627K->6010417K(11361088K), 0.0999430 secs] [Times: user=0.69 sys=0.00, real=0.10 secs] 
26356.504: [GC 26356.504: [ParNew: 471872K->52416K(471872K), 0.3168390 secs] 6429873K->6068230K(11361088K), 0.3171650 secs] [Times: user=0.88 sys=0.06, real=0.32 secs] 
26358.304: [GC 26358.304: [ParNew: 471872K->26442K(471872K), 0.1219350 secs] 6487686K->6069658K(11361088K), 0.1222810 secs] [Times: user=0.60 sys=0.03, real=0.12 secs] 
26360.843: [GC 26360.843: [ParNew: 445898K->35242K(471872K), 0.0808440 secs] 6489114K->6078458K(11361088K), 0.0811970 secs] [Times: user=0.64 sys=0.00, real=0.08 secs] 
26361.573: [GC 26361.573: [ParNew: 454698K->46256K(471872K), 0.0653730 secs] 6497914K->6096311K(11361088K), 0.0656560 secs] [Times: user=0.66 sys=0.00, real=0.06 secs] 
26362.165: [GC 26362.165: [ParNew: 465712K->51779K(471872K), 0.0886510 secs] 6515767K->6121086K(11361088K), 0.0889770 secs] [Times: user=0.62 sys=0.03, real=0.09 secs] 
26362.924: [GC 26362.924: [ParNew: 471235K->51033K(471872K), 0.0848130 secs] 6540542K->6134752K(11361088K), 0.0851690 secs] [Times: user=0.54 sys=0.02, real=0.08 secs] 
26363.707: [GC 26363.707: [ParNew: 470489K->52416K(471872K), 0.1187670 secs] 6554208K->6154065K(11361088K), 0.1190920 secs] [Times: user=0.63 sys=0.02, real=0.12 secs] 
26364.336: [GC 26364.336: [ParNew: 471872K->52416K(471872K), 0.1503090 secs] 6573521K->6172675K(11361088K), 0.1506580 secs] [Times: user=1.16 sys=0.02, real=0.15 secs] 
26365.087: [GC 26365.087: [ParNew: 471872K->52416K(471872K), 0.1243080 secs] 6592131K->6193549K(11361088K), 0.1246160 secs] [Times: user=0.64 sys=0.02, real=0.12 secs] 
26366.507: [GC 26366.508: [ParNew: 471872K->52416K(471872K), 0.3473460 secs] 6613005K->6223642K(11361088K), 0.3476840 secs] [Times: user=2.26 sys=0.01, real=0.35 secs] 
26368.321: [GC 26368.321: [ParNew: 471872K->52416K(471872K), 0.3385420 secs] 6643098K->6278139K(11361088K), 0.3389040 secs] [Times: user=1.14 sys=0.08, real=0.34 secs] 
26370.129: [GC 26370.129: [ParNew: 471872K->42360K(471872K), 0.1262650 secs] 6697595K->6297860K(11361088K), 0.1266010 secs] [Times: user=0.63 sys=0.04, real=0.13 secs] 
26371.502: [GC 26371.502: [ParNew: 461816K->17869K(471872K), 0.0686180 secs] 6717316K->6273370K(11361088K), 0.0689480 secs] [Times: user=0.58 sys=0.00, real=0.07 secs] 
26377.099: [GC 26377.099: [ParNew: 437325K->46746K(471872K), 0.0622250 secs] 6692826K->6302247K(11361088K), 0.0626060 secs] [Times: user=0.61 sys=0.01, real=0.06 secs] 
26380.282: [GC 26380.282: [ParNew: 466202K->38922K(471872K), 0.2092040 secs] 6721703K->6334187K(11361088K), 0.2095520 secs] [Times: user=0.62 sys=0.02, real=0.21 secs] 
26381.723: [GC 26381.723: [ParNew: 458378K->52416K(471872K), 0.1878320 secs] 6753643K->6357248K(11361088K), 0.1881730 secs] [Times: user=0.79 sys=0.00, real=0.19 secs] 
26383.864: [GC 26383.864: [ParNew: 471872K->46165K(471872K), 0.0713440 secs] 6776704K->6361565K(11361088K), 0.0716850 secs] [Times: user=0.66 sys=0.01, real=0.08 secs] 
26386.026: [GC 26386.026: [ParNew: 465621K->30733K(471872K), 0.0946310 secs] 6781021K->6372450K(11361088K), 0.0949440 secs] [Times: user=0.50 sys=0.03, real=0.09 secs] 
26388.289: [GC 26388.289: [ParNew: 450189K->39022K(471872K), 0.0676090 secs] 6791906K->6380739K(11361088K), 0.0679600 secs] [Times: user=0.61 sys=0.01, real=0.07 secs] 
26389.904: [GC 26389.904: [ParNew: 458478K->31059K(471872K), 0.0969930 secs] 6800195K->6400274K(11361088K), 0.0973530 secs] [Times: user=0.52 sys=0.03, real=0.10 secs] 
26391.014: [GC 26391.014: [ParNew: 450515K->28985K(471872K), 0.0737570 secs] 6819730K->6398200K(11361088K), 0.0740960 secs] [Times: user=0.62 sys=0.00, real=0.08 secs] 
26391.757: [GC 26391.758: [ParNew: 448441K->42164K(471872K), 0.0626900 secs] 6817656K->6411379K(11361088K), 0.0630190 secs] [Times: user=0.69 sys=0.01, real=0.06 secs] 
26392.476: [GC 26392.476: [ParNew: 461620K->52326K(471872K), 0.0827820 secs] 6830835K->6440887K(11361088K), 0.0830830 secs] [Times: user=0.68 sys=0.03, real=0.08 secs] 
26393.193: [GC 26393.193: [ParNew: 471782K->52416K(471872K), 0.1509970 secs] 6860343K->6459287K(11361088K), 0.1514340 secs] [Times: user=0.63 sys=0.01, real=0.15 secs] 
26393.919: [GC 26393.919: [ParNew: 471872K->52416K(471872K), 0.1939680 secs] 6878743K->6490380K(11361088K), 0.1942740 secs] [Times: user=0.82 sys=0.04, real=0.19 secs] 
26394.566: [GC 26394.566: [ParNew: 471872K->48593K(471872K), 0.1684560 secs] 6909836K->6532863K(11361088K), 0.1687380 secs] [Times: user=0.77 sys=0.05, real=0.16 secs] 
26395.148: [GC 26395.148: [ParNew: 468049K->32630K(471872K), 0.0610040 secs] 6952319K->6516900K(11361088K), 0.0613570 secs] [Times: user=0.55 sys=0.00, real=0.06 secs] 
26396.983: [GC 26396.983: [ParNew: 452086K->52415K(471872K), 0.2042480 secs] 6936356K->6555126K(11361088K), 0.2045940 secs] [Times: user=0.85 sys=0.03, real=0.21 secs] 
26398.367: [GC 26398.367: [ParNew: 471871K->36309K(471872K), 0.1571610 secs] 6974582K->6572942K(11361088K), 0.1575070 secs] [Times: user=0.75 sys=0.06, real=0.15 secs] 
26401.769: [GC 26401.769: [ParNew: 455765K->14456K(471872K), 0.0598590 secs] 6992398K->6551089K(11361088K), 0.0602040 secs] [Times: user=0.56 sys=0.01, real=0.06 secs] 
26403.854: [GC 26403.854: [ParNew: 433912K->42568K(471872K), 0.0717650 secs] 6970545K->6579201K(11361088K), 0.0720780 secs] [Times: user=0.58 sys=0.00, real=0.08 secs] 
26406.853: [GC 26406.853: [ParNew: 462024K->52415K(471872K), 0.1059190 secs] 6998657K->6602299K(11361088K), 0.1062380 secs] [Times: user=0.74 sys=0.01, real=0.11 secs] 
26409.735: [GC 26409.735: [ParNew: 471871K->33949K(471872K), 0.1032290 secs] 7021755K->6615756K(11361088K), 0.1035190 secs] [Times: user=0.58 sys=0.03, real=0.11 secs] 
26411.908: [GC 26411.908: [ParNew: 453405K->31749K(471872K), 0.0953510 secs] 7035212K->6613556K(11361088K), 0.0957020 secs] [Times: user=0.73 sys=0.01, real=0.09 secs] 
26414.606: [GC 26414.606: [ParNew: 451205K->31039K(471872K), 0.0759540 secs] 7033012K->6617870K(11361088K), 0.0763570 secs] [Times: user=0.59 sys=0.01, real=0.08 secs] 
26415.883: [GC 26415.883: [ParNew: 450495K->41280K(471872K), 0.0675770 secs] 7037326K->6628111K(11361088K), 0.0679270 secs] [Times: user=0.59 sys=0.01, real=0.07 secs] 
26418.676: [GC 26418.677: [ParNew: 460736K->40809K(471872K), 0.0735750 secs] 7047567K->6639157K(11361088K), 0.0739100 secs] [Times: user=0.64 sys=0.01, real=0.08 secs] 
26421.168: [GC 26421.169: [ParNew: 460265K->52416K(471872K), 0.1585110 secs] 7058613K->6663323K(11361088K), 0.1588440 secs] [Times: user=0.76 sys=0.01, real=0.16 secs] 
26422.698: [GC 26422.698: [ParNew: 471872K->51342K(471872K), 0.1069050 secs] 7082779K->6700668K(11361088K), 0.1072040 secs] [Times: user=0.72 sys=0.05, real=0.10 secs] 
26425.333: [GC 26425.333: [ParNew: 470798K->32212K(471872K), 0.1377130 secs] 7120124K->6708375K(11361088K), 0.1380560 secs] [Times: user=0.59 sys=0.03, real=0.14 secs] 
26426.915: [GC 26426.915: [ParNew: 451668K->25754K(471872K), 0.0869130 secs] 7127831K->6701916K(11361088K), 0.0872610 secs] [Times: user=0.62 sys=0.00, real=0.09 secs] 
26428.550: [GC 26428.550: [ParNew: 445210K->48859K(471872K), 0.0758030 secs] 7121372K->6725021K(11361088K), 0.0761730 secs] [Times: user=0.69 sys=0.00, real=0.07 secs] 
26431.426: [GC 26431.426: [ParNew: 468315K->45658K(471872K), 0.0879060 secs] 7144477K->6737761K(11361088K), 0.0882330 secs] [Times: user=0.69 sys=0.02, real=0.09 secs] 
26433.067: [GC 26433.067: [ParNew: 465114K->34947K(471872K), 0.1110600 secs] 7157217K->6755293K(11361088K), 0.1114150 secs] [Times: user=0.57 sys=0.04, real=0.11 secs] 
26435.123: [GC 26435.123: [ParNew: 454403K->42769K(471872K), 0.0808910 secs] 7174749K->6763116K(11361088K), 0.0812200 secs] [Times: user=0.68 sys=0.00, real=0.08 secs] 
26436.199: [GC 26436.199: [ParNew: 462207K->24317K(471872K), 0.0906690 secs] 7182554K->6776403K(11361088K), 0.0909950 secs] [Times: user=0.53 sys=0.04, real=0.09 secs] 
26438.760: [GC 26438.760: [ParNew: 443773K->28341K(471872K), 0.1049650 secs] 7195859K->6780428K(11361088K), 0.1053790 secs] [Times: user=0.64 sys=0.01, real=0.10 secs] 
26440.806: [GC 26440.807: [ParNew: 447797K->52416K(471872K), 0.1983850 secs] 7199884K->6850963K(11361088K), 0.1987280 secs] [Times: user=1.47 sys=0.06, real=0.20 secs] 
26442.004: [GC 26442.004: [ParNew: 471872K->52416K(471872K), 0.3176540 secs] 7270419K->6909660K(11361088K), 0.3180360 secs] [Times: user=1.00 sys=0.04, real=0.32 secs] 
26443.680: [GC 26443.681: [ParNew: 471872K->52416K(471872K), 0.2567840 secs] 7329116K->6949379K(11361088K), 0.2571440 secs] [Times: user=0.80 sys=0.03, real=0.25 secs] 
26447.785: [GC 26447.786: [ParNew: 471872K->22861K(471872K), 0.0992460 secs] 7368835K->6945196K(11361088K), 0.0996210 secs] [Times: user=0.57 sys=0.02, real=0.10 secs] 
26448.818: [GC 26448.818: [ParNew: 442317K->40316K(471872K), 0.0677920 secs] 7364652K->6962651K(11361088K), 0.0681370 secs] [Times: user=0.67 sys=0.00, real=0.07 secs] 
26451.224: [GC 26451.224: [ParNew: 459772K->52416K(471872K), 0.2423770 secs] 7382107K->7019065K(11361088K), 0.2426670 secs] [Times: user=0.89 sys=0.05, real=0.24 secs] 
26452.779: [GC 26452.779: [ParNew: 471872K->52416K(471872K), 0.1540960 secs] 7438521K->7052582K(11361088K), 0.1544250 secs] [Times: user=0.85 sys=0.03, real=0.16 secs] 
26453.457: [GC 26453.457: [ParNew: 471872K->52416K(471872K), 0.1133410 secs] 7472038K->7081436K(11361088K), 0.1136350 secs] [Times: user=0.62 sys=0.02, real=0.12 secs] 
26454.970: [GC 26454.970: [ParNew: 471872K->52416K(471872K), 0.1666550 secs] 7500892K->7120586K(11361088K), 0.1670130 secs] [Times: user=0.93 sys=0.05, real=0.17 secs] 
26457.132: [GC 26457.132: [ParNew: 471872K->51242K(471872K), 0.1586810 secs] 7540042K->7168019K(11361088K), 0.1590140 secs] [Times: user=0.75 sys=0.07, real=0.15 secs] 
26458.538: [GC 26458.539: [ParNew: 470698K->34147K(471872K), 0.0661340 secs] 7587475K->7150923K(11361088K), 0.0664820 secs] [Times: user=0.66 sys=0.00, real=0.07 secs] 
26459.238: [GC 26459.238: [ParNew: 453603K->39468K(471872K), 0.0693660 secs] 7570379K->7164345K(11361088K), 0.0697420 secs] [Times: user=0.69 sys=0.01, real=0.07 secs] 
26459.916: [GC 26459.916: [ParNew: 458924K->52416K(471872K), 0.0834830 secs] 7583801K->7193526K(11361088K), 0.0838280 secs] [Times: user=0.73 sys=0.03, real=0.08 secs] 
26460.852: [GC 26460.852: [ParNew: 471872K->47309K(471872K), 0.1497800 secs] 7612982K->7237030K(11361088K), 0.1501250 secs] [Times: user=0.83 sys=0.08, real=0.15 secs] 
26461.820: [GC 26461.820: [ParNew: 466765K->43763K(471872K), 0.0719980 secs] 7656486K->7233484K(11361088K), 0.0723370 secs] [Times: user=0.65 sys=0.01, real=0.08 secs] 
26462.550: [GC 26462.550: [ParNew: 463219K->52416K(471872K), 0.1451990 secs] 7652940K->7262708K(11361088K), 0.1455760 secs] [Times: user=0.82 sys=0.02, real=0.15 secs] 
26463.043: [GC 26463.043: [ParNew: 471872K->49732K(471872K), 0.1807220 secs] 7682164K->7306373K(11361088K), 0.1810330 secs] [Times: user=0.63 sys=0.02, real=0.18 secs] 
26464.546: [GC 26464.546: [ParNew: 469188K->52416K(471872K), 0.1916230 secs] 7725829K->7314188K(11361088K), 0.1919450 secs] [Times: user=1.02 sys=0.00, real=0.19 secs] 
26467.197: [GC 26467.198: [ParNew: 471872K->37535K(471872K), 0.2121830 secs] 7733644K->7332759K(11361088K), 0.2125240 secs] [Times: user=0.86 sys=0.05, real=0.21 secs] 
26468.911: [GC 26468.911: [ParNew: 456991K->38689K(471872K), 0.0548600 secs] 7752215K->7333913K(11361088K), 0.0551650 secs] [Times: user=0.63 sys=0.00, real=0.06 secs] 
26471.357: [GC 26471.357: [ParNew: 458145K->26587K(471872K), 0.0984340 secs] 7753369K->7352815K(11361088K), 0.0987830 secs] [Times: user=0.59 sys=0.04, real=0.10 secs] 
26473.923: [GC 26473.923: [ParNew: 446043K->41303K(471872K), 0.0692450 secs] 7772271K->7367531K(11361088K), 0.0695910 secs] [Times: user=0.66 sys=0.01, real=0.07 secs] 
26475.293: [GC 26475.293: [ParNew: 460759K->39493K(471872K), 0.1406530 secs] 7786987K->7396905K(11361088K), 0.1410100 secs] [Times: user=0.71 sys=0.02, real=0.14 secs] 
26476.995: [GC 26476.995: [ParNew: 458949K->52416K(471872K), 0.1709550 secs] 7816361K->7416029K(11361088K), 0.1713410 secs] [Times: user=1.34 sys=0.00, real=0.17 secs] 
26478.074: [GC 26478.074: [ParNew: 471872K->46392K(471872K), 0.1014860 secs] 7835485K->7425306K(11361088K), 0.1018150 secs] [Times: user=0.71 sys=0.01, real=0.10 secs] 
26479.010: [GC 26479.010: [ParNew: 465848K->47412K(471872K), 0.0678070 secs] 7844762K->7439729K(11361088K), 0.0681470 secs] [Times: user=0.64 sys=0.03, real=0.07 secs] 
26479.692: [GC 26479.692: [ParNew: 466868K->35459K(471872K), 0.1888760 secs] 7859185K->7465507K(11361088K), 0.1892270 secs] [Times: user=0.71 sys=0.03, real=0.19 secs] 
26480.424: [GC 26480.424: [ParNew: 454915K->40999K(471872K), 0.0692720 secs] 7884963K->7471048K(11361088K), 0.0695870 secs] [Times: user=0.65 sys=0.01, real=0.07 secs] 
26481.121: [GC 26481.122: [ParNew: 460455K->46258K(471872K), 0.0846620 secs] 7890504K->7491904K(11361088K), 0.0849650 secs] [Times: user=0.60 sys=0.02, real=0.09 secs] 
26482.151: [GC 26482.151: [ParNew: 465714K->46748K(471872K), 0.0760610 secs] 7911360K->7504572K(11361088K), 0.0764250 secs] [Times: user=0.67 sys=0.01, real=0.08 secs] 
26482.913: [GC 26482.913: [ParNew: 466204K->52416K(471872K), 0.1764310 secs] 7924028K->7552694K(11361088K), 0.1767850 secs] [Times: user=1.22 sys=0.05, real=0.18 secs] 
26484.825: [GC 26484.826: [ParNew: 471872K->52416K(471872K), 0.4715880 secs] 7972150K->7605445K(11361088K), 0.4719270 secs] [Times: user=1.13 sys=0.03, real=0.47 secs] 
26486.293: [GC 26486.293: [ParNew: 471872K->52416K(471872K), 0.1957720 secs] 8024901K->7643371K(11361088K), 0.1961070 secs] [Times: user=1.09 sys=0.07, real=0.20 secs] 
26488.777: [GC 26488.777: [ParNew: 471872K->49086K(471872K), 0.0809710 secs] 8062827K->7640042K(11361088K), 0.0813160 secs] [Times: user=0.69 sys=0.01, real=0.08 secs] 
26490.295: [GC 26490.295: [ParNew: 468542K->52415K(471872K), 0.2244680 secs] 8059498K->7676273K(11361088K), 0.2248100 secs] [Times: user=0.73 sys=0.02, real=0.22 secs] 
26492.013: [GC 26492.014: [ParNew: 471871K->22434K(471872K), 0.1081060 secs] 8095729K->7657472K(11361088K), 0.1084450 secs] [Times: user=0.59 sys=0.02, real=0.11 secs] 
26493.048: [GC 26493.048: [ParNew: 441890K->52416K(471872K), 0.2807590 secs] 8076928K->7713611K(11361088K), 0.2811120 secs] [Times: user=1.03 sys=0.02, real=0.28 secs] 
26494.550: [GC 26494.550: [ParNew: 471872K->52415K(471872K), 0.2125180 secs] 8133067K->7762804K(11361088K), 0.2128570 secs] [Times: user=0.99 sys=0.06, real=0.21 secs] 
26497.768: [GC 26497.768: [ParNew: 471871K->37843K(471872K), 0.1539120 secs] 8182260K->7774047K(11361088K), 0.1542430 secs] [Times: user=0.68 sys=0.02, real=0.15 secs] 
26500.209: [GC 26500.209: [ParNew: 457299K->29554K(471872K), 0.1465400 secs] 8193503K->7778097K(11361088K), 0.1468870 secs] [Times: user=0.66 sys=0.01, real=0.15 secs] 
26502.890: [GC 26502.890: [ParNew: 449010K->29462K(471872K), 0.1314970 secs] 8197553K->7778005K(11361088K), 0.1319170 secs] [Times: user=0.66 sys=0.01, real=0.13 secs] 
26505.794: [GC 26505.794: [ParNew: 448918K->28810K(471872K), 0.0920740 secs] 8197461K->7781251K(11361088K), 0.0924700 secs] [Times: user=0.64 sys=0.00, real=0.10 secs] 
26508.318: [GC 26508.318: [ParNew: 448266K->27718K(471872K), 0.0748360 secs] 8200707K->7780159K(11361088K), 0.0751930 secs] [Times: user=0.62 sys=0.00, real=0.07 secs] 
26509.324: [GC 26509.324: [ParNew: 447174K->52416K(471872K), 0.1231990 secs] 8199615K->7811348K(11361088K), 0.1235680 secs] [Times: user=0.91 sys=0.01, real=0.13 secs] 
26510.809: [GC 26510.809: [ParNew (promotion failed): 471872K->471872K(471872K), 4.5055100 secs]26515.314: [CMS: 7761893K->5833452K(10889216K), 26.0405450 secs] 8230804K->5833452K(11361088K), [CMS Perm : 400018K->399914K(524288K)], 30.5465610 secs] [Times: user=30.68 sys=2.95, real=30.54 secs] 
26541.766: [GC 26541.766: [ParNew: 419456K->52416K(471872K), 0.1274690 secs] 6252908K->5900897K(11361088K), 0.1278290 secs] [Times: user=0.85 sys=0.01, real=0.13 secs] 
26542.401: [GC 26542.401: [ParNew: 471872K->50968K(471872K), 0.2198810 secs] 6320353K->5947193K(11361088K), 0.2202030 secs] [Times: user=0.60 sys=0.04, real=0.22 secs] 
26543.057: [GC 26543.057: [ParNew: 470424K->52416K(471872K), 0.1307100 secs] 6366649K->5954418K(11361088K), 0.1310110 secs] [Times: user=0.73 sys=0.00, real=0.13 secs] 
26543.646: [GC 26543.646: [ParNew: 471823K->52415K(471872K), 0.2590650 secs] 6373825K->6002614K(11361088K), 0.2594110 secs] [Times: user=0.74 sys=0.02, real=0.26 secs] 
26544.553: [GC 26544.553: [ParNew: 471871K->31629K(471872K), 0.2234120 secs] 6422070K->6008628K(11361088K), 0.2237190 secs] [Times: user=1.15 sys=0.02, real=0.22 secs] 
26545.721: [GC 26545.721: [ParNew: 451085K->52416K(471872K), 0.2966470 secs] 6428084K->6058114K(11361088K), 0.2970550 secs] [Times: user=1.28 sys=0.03, real=0.29 secs] 
26547.653: [GC 26547.653: [ParNew: 471872K->45187K(471872K), 0.1627580 secs] 6477570K->6098413K(11361088K), 0.1630600 secs] [Times: user=0.76 sys=0.06, real=0.16 secs] 
26548.879: [GC 26548.880: [ParNew: 464643K->31479K(471872K), 0.0965120 secs] 6517869K->6084705K(11361088K), 0.0968250 secs] [Times: user=0.55 sys=0.01, real=0.10 secs] 
26548.979: [GC 26548.979: [ParNew: 32317K->27295K(471872K), 0.0537570 secs] 6085544K->6080521K(11361088K), 0.0540050 secs] [Times: user=0.58 sys=0.00, real=0.06 secs] 
26550.679: [GC 26550.679: [ParNew: 446664K->50637K(471872K), 0.0693160 secs] 6499890K->6103863K(11361088K), 0.0696970 secs] [Times: user=0.69 sys=0.01, real=0.07 secs] 
26555.320: [GC 26555.321: [ParNew: 470093K->52416K(471872K), 0.1635100 secs] 6523319K->6148115K(11361088K), 0.1639000 secs] [Times: user=0.79 sys=0.04, real=0.17 secs] 
26559.260: [GC 26559.260: [ParNew: 471872K->36819K(471872K), 0.1301640 secs] 6567571K->6163500K(11361088K), 0.1305740 secs] [Times: user=0.56 sys=0.04, real=0.13 secs] 
26561.866: [GC 26561.866: [ParNew: 456275K->28397K(471872K), 0.0862330 secs] 6582956K->6155078K(11361088K), 0.0866010 secs] [Times: user=0.68 sys=0.00, real=0.09 secs] 
26563.153: [GC 26563.154: [ParNew: 447610K->51339K(471872K), 0.0754640 secs] 6574292K->6178020K(11361088K), 0.0757990 secs] [Times: user=0.75 sys=0.01, real=0.07 secs] 
26570.567: [GC 26570.568: [ParNew: 470701K->52416K(471872K), 0.1399320 secs] 6597382K->6218053K(11361088K), 0.1402570 secs] [Times: user=0.73 sys=0.03, real=0.14 secs] 
26573.195: [GC 26573.196: [ParNew: 471872K->52416K(471872K), 0.1167090 secs] 6637509K->6248060K(11361088K), 0.1170750 secs] [Times: user=0.71 sys=0.05, real=0.12 secs] 
26576.903: [GC 26576.903: [ParNew: 471872K->47102K(471872K), 0.1672460 secs] 6667516K->6274032K(11361088K), 0.1675940 secs] [Times: user=0.65 sys=0.04, real=0.16 secs] 
26578.289: [GC 26578.289: [ParNew: 466558K->38349K(471872K), 0.2014810 secs] 6693488K->6265279K(11361088K), 0.2017780 secs] [Times: user=2.12 sys=0.00, real=0.20 secs] 
26580.118: [GC 26580.118: [ParNew: 457805K->30049K(471872K), 0.2338800 secs] 6684735K->6275148K(11361088K), 0.2343790 secs] [Times: user=2.45 sys=0.01, real=0.23 secs] 
26582.471: [GC 26582.471: [ParNew: 449505K->44058K(471872K), 0.0874470 secs] 6694604K->6289157K(11361088K), 0.0877850 secs] [Times: user=0.65 sys=0.00, real=0.09 secs] 
26584.769: [GC 26584.769: [ParNew: 463514K->52415K(471872K), 0.0859140 secs] 6708613K->6303914K(11361088K), 0.0862910 secs] [Times: user=0.71 sys=0.01, real=0.09 secs] 
26587.845: [GC 26587.846: [ParNew: 471871K->52416K(471872K), 0.1048530 secs] 6723370K->6321228K(11361088K), 0.1051870 secs] [Times: user=0.70 sys=0.01, real=0.10 secs] 
26591.662: [GC 26591.662: [ParNew: 471872K->52416K(471872K), 0.1332050 secs] 6740684K->6341472K(11361088K), 0.1335730 secs] [Times: user=0.69 sys=0.03, real=0.14 secs] 
26592.905: [GC 26592.905: [ParNew: 471872K->46399K(471872K), 0.1481890 secs] 6760928K->6377121K(11361088K), 0.1485740 secs] [Times: user=0.69 sys=0.04, real=0.14 secs] 
26594.204: [GC 26594.204: [ParNew: 465855K->50109K(471872K), 0.0816340 secs] 6796577K->6380831K(11361088K), 0.0819800 secs] [Times: user=0.76 sys=0.01, real=0.08 secs] 
26594.972: [GC 26594.972: [ParNew: 469565K->33815K(471872K), 0.1499840 secs] 6800287K->6405055K(11361088K), 0.1503430 secs] [Times: user=0.79 sys=0.07, real=0.15 secs] 
26595.802: [GC 26595.802: [ParNew: 453271K->38668K(471872K), 0.0600070 secs] 6824511K->6409907K(11361088K), 0.0603520 secs] [Times: user=0.63 sys=0.00, real=0.06 secs] 
26596.309: [GC 26596.309: [ParNew: 458124K->52416K(471872K), 0.1204050 secs] 6829363K->6441704K(11361088K), 0.1207510 secs] [Times: user=0.61 sys=0.03, real=0.12 secs] 
26596.828: [GC 26596.828: [ParNew: 471872K->52416K(471872K), 0.2019810 secs] 6861160K->6467823K(11361088K), 0.2023160 secs] [Times: user=0.78 sys=0.02, real=0.20 secs] 
26597.539: [GC 26597.539: [ParNew: 471872K->52416K(471872K), 0.2965470 secs] 6887279K->6501894K(11361088K), 0.2968830 secs] [Times: user=1.36 sys=0.00, real=0.30 secs] 
26598.392: [GC 26598.392: [ParNew: 471872K->52415K(471872K), 0.3539860 secs] 6921350K->6540305K(11361088K), 0.3543470 secs] [Times: user=2.46 sys=0.05, real=0.36 secs] 
26599.368: [GC 26599.369: [ParNew: 471871K->40137K(471872K), 0.1367600 secs] 6959761K->6552683K(11361088K), 0.1371070 secs] [Times: user=0.75 sys=0.06, real=0.14 secs] 
26600.043: [GC 26600.044: [ParNew: 459593K->52416K(471872K), 0.1101940 secs] 6972139K->6587425K(11361088K), 0.1105410 secs] [Times: user=0.82 sys=0.04, real=0.11 secs] 
26601.077: [GC 26601.077: [ParNew: 471872K->52416K(471872K), 0.1872560 secs] 7006881K->6638840K(11361088K), 0.1875700 secs] [Times: user=0.80 sys=0.05, real=0.18 secs] 
26601.925: [GC 26601.925: [ParNew: 471872K->52416K(471872K), 0.1030910 secs] 7058296K->6659233K(11361088K), 0.1034470 secs] [Times: user=0.92 sys=0.04, real=0.11 secs] 
26602.983: [GC 26602.983: [ParNew: 471872K->52416K(471872K), 0.3251160 secs] 7078689K->6738977K(11361088K), 0.3254410 secs] [Times: user=1.69 sys=0.10, real=0.33 secs] 
26605.353: [GC 26605.353: [ParNew: 471872K->52416K(471872K), 0.3746030 secs] 7158433K->6795519K(11361088K), 0.3749360 secs] [Times: user=0.97 sys=0.05, real=0.38 secs] 
26608.721: [GC 26608.721: [ParNew: 471872K->51730K(471872K), 0.0703400 secs] 7214975K->6794833K(11361088K), 0.0706840 secs] [Times: user=0.72 sys=0.01, real=0.07 secs] 
26611.405: [GC 26611.405: [ParNew: 471186K->43605K(471872K), 0.0920930 secs] 7214289K->6806897K(11361088K), 0.0924300 secs] [Times: user=0.58 sys=0.01, real=0.10 secs] 
26612.848: [GC 26612.848: [ParNew: 463061K->52416K(471872K), 0.2897570 secs] 7226353K->6844772K(11361088K), 0.2900900 secs] [Times: user=1.18 sys=0.02, real=0.29 secs] 
26615.330: [GC 26615.330: [ParNew: 471872K->48538K(471872K), 0.2580290 secs] 7264228K->6881703K(11361088K), 0.2583980 secs] [Times: user=1.93 sys=0.04, real=0.26 secs] 
26616.530: [GC 26616.531: [ParNew: 467994K->23442K(471872K), 0.0613150 secs] 7301159K->6856607K(11361088K), 0.0616660 secs] [Times: user=0.56 sys=0.01, real=0.06 secs] 
26620.275: [GC 26620.275: [ParNew: 442898K->31291K(471872K), 0.0780710 secs] 7276063K->6864455K(11361088K), 0.0784150 secs] [Times: user=0.61 sys=0.00, real=0.08 secs] 
26620.834: [GC 26620.834: [ParNew: 450747K->29588K(471872K), 0.0548990 secs] 7283911K->6862753K(11361088K), 0.0552350 secs] [Times: user=0.53 sys=0.01, real=0.06 secs] 
26623.007: [GC 26623.007: [ParNew: 449044K->49411K(471872K), 0.0673610 secs] 7282209K->6888811K(11361088K), 0.0677100 secs] [Times: user=0.70 sys=0.01, real=0.07 secs] 
26624.023: [GC 26624.023: [ParNew: 468867K->45372K(471872K), 0.1478910 secs] 7308267K->6920617K(11361088K), 0.1482350 secs] [Times: user=0.78 sys=0.03, real=0.15 secs] 
26625.295: [GC 26625.295: [ParNew: 464828K->52416K(471872K), 0.1079050 secs] 7340073K->6955454K(11361088K), 0.1082450 secs] [Times: user=0.80 sys=0.03, real=0.11 secs] 
26628.834: [GC 26628.834: [ParNew: 471872K->51194K(471872K), 0.1833130 secs] 7374910K->7000677K(11361088K), 0.1836570 secs] [Times: user=0.76 sys=0.06, real=0.18 secs] 
26629.802: [GC 26629.802: [ParNew: 470481K->52415K(471872K), 0.1504040 secs] 7419964K->7006822K(11361088K), 0.1507340 secs] [Times: user=0.77 sys=0.01, real=0.15 secs] 
26632.221: [GC 26632.221: [ParNew: 471871K->42739K(471872K), 0.1412670 secs] 7426278K->7035262K(11361088K), 0.1416340 secs] [Times: user=0.65 sys=0.04, real=0.14 secs] 
26634.105: [GC 26634.105: [ParNew: 462195K->52395K(471872K), 0.0757290 secs] 7454718K->7044918K(11361088K), 0.0760340 secs] [Times: user=0.70 sys=0.00, real=0.08 secs] 
26635.579: [GC 26635.579: [ParNew: 471851K->52416K(471872K), 0.2171600 secs] 7464374K->7105859K(11361088K), 0.2174970 secs] [Times: user=1.26 sys=0.07, real=0.21 secs] 
26636.735: [GC 26636.735: [ParNew: 471872K->52416K(471872K), 0.3070250 secs] 7525315K->7163563K(11361088K), 0.3073760 secs] [Times: user=0.82 sys=0.06, real=0.31 secs] 
26638.915: [GC 26638.915: [ParNew: 471872K->44985K(471872K), 0.1021930 secs] 7583019K->7156132K(11361088K), 0.1024790 secs] [Times: user=0.61 sys=0.00, real=0.10 secs] 
26642.102: [GC 26642.102: [ParNew: 464441K->27896K(471872K), 0.0827950 secs] 7575588K->7156437K(11361088K), 0.0831290 secs] [Times: user=0.63 sys=0.03, real=0.08 secs] 
26643.396: [GC 26643.397: [ParNew: 447352K->52416K(471872K), 0.2095240 secs] 7575893K->7198187K(11361088K), 0.2099020 secs] [Times: user=0.91 sys=0.01, real=0.21 secs] 
26644.843: [GC 26644.843: [ParNew: 471872K->52416K(471872K), 0.2367010 secs] 7617643K->7252444K(11361088K), 0.2371040 secs] [Times: user=0.87 sys=0.04, real=0.24 secs] 
26646.038: [GC 26646.039: [ParNew: 471872K->37983K(471872K), 0.0969270 secs] 7671900K->7265745K(11361088K), 0.0973140 secs] [Times: user=0.68 sys=0.04, real=0.10 secs] 
26646.719: [GC 26646.719: [ParNew: 457439K->25911K(471872K), 0.1031610 secs] 7685201K->7278927K(11361088K), 0.1035190 secs] [Times: user=0.49 sys=0.02, real=0.11 secs] 
26648.692: [GC 26648.692: [ParNew: 445367K->42200K(471872K), 0.0671440 secs] 7698383K->7295216K(11361088K), 0.0674630 secs] [Times: user=0.63 sys=0.00, real=0.06 secs] 
26650.972: [GC 26650.973: [ParNew: 461656K->47421K(471872K), 0.1134040 secs] 7714672K->7332636K(11361088K), 0.1137890 secs] [Times: user=0.75 sys=0.03, real=0.11 secs] 
26653.033: [GC 26653.034: [ParNew: 466877K->33763K(471872K), 0.1467220 secs] 7752092K->7348456K(11361088K), 0.1470910 secs] [Times: user=0.58 sys=0.02, real=0.15 secs] 
26655.897: [GC 26655.897: [ParNew: 452951K->39241K(471872K), 0.0567120 secs] 7767643K->7353934K(11361088K), 0.0570560 secs] [Times: user=0.64 sys=0.00, real=0.06 secs] 
26657.712: [GC 26657.712: [ParNew: 458697K->42287K(471872K), 0.1300320 secs] 7773390K->7389430K(11361088K), 0.1304260 secs] [Times: user=0.73 sys=0.02, real=0.13 secs] 
26659.440: [GC 26659.441: [ParNew: 461743K->32224K(471872K), 0.1017930 secs] 7808886K->7403833K(11361088K), 0.1021260 secs] [Times: user=0.55 sys=0.02, real=0.10 secs] 
26662.718: [GC 26662.718: [ParNew: 451680K->26154K(471872K), 0.0998660 secs] 7823289K->7397763K(11361088K), 0.1002000 secs] [Times: user=0.65 sys=0.01, real=0.10 secs] 
26664.437: [GC 26664.437: [ParNew: 445611K->27767K(471872K), 0.0763740 secs] 7817220K->7399376K(11361088K), 0.0767090 secs] [Times: user=0.62 sys=0.01, real=0.08 secs] 
26664.516: [GC 26664.516: [ParNew: 27926K->30070K(471872K), 0.0552760 secs] 7399535K->7401679K(11361088K), 0.0555900 secs] [Times: user=0.64 sys=0.01, real=0.06 secs] 
26665.907: [GC 26665.907: [ParNew: 449526K->52416K(471872K), 0.0805850 secs] 7821135K->7428812K(11361088K), 0.0808750 secs] [Times: user=0.85 sys=0.01, real=0.08 secs] 
26668.722: [GC 26668.722: [ParNew: 471872K->42489K(471872K), 0.1289720 secs] 7848268K->7455448K(11361088K), 0.1292750 secs] [Times: user=0.66 sys=0.06, real=0.13 secs] 
26670.540: [GC 26670.540: [ParNew: 461945K->42572K(471872K), 0.0563000 secs] 7874904K->7455532K(11361088K), 0.0566320 secs] [Times: user=0.64 sys=0.00, real=0.06 secs] 
26670.963: [GC 26670.963: [ParNew: 462028K->28107K(471872K), 0.0999200 secs] 7874988K->7474386K(11361088K), 0.1002100 secs] [Times: user=0.58 sys=0.03, real=0.10 secs] 
26671.590: [GC 26671.590: [ParNew: 447563K->13751K(471872K), 0.0604760 secs] 7893842K->7460029K(11361088K), 0.0608260 secs] [Times: user=0.58 sys=0.00, real=0.06 secs] 
26674.916: [GC 26674.916: [ParNew: 433207K->41383K(471872K), 0.0712310 secs] 7879485K->7487661K(11361088K), 0.0715860 secs] [Times: user=0.65 sys=0.01, real=0.07 secs] 
26677.131: [GC 26677.131: [ParNew: 460839K->42846K(471872K), 0.0886080 secs] 7907117K->7500648K(11361088K), 0.0889540 secs] [Times: user=0.70 sys=0.01, real=0.09 secs] 
26680.028: [GC 26680.029: [ParNew: 462302K->26067K(471872K), 0.0871120 secs] 7920104K->7508277K(11361088K), 0.0874630 secs] [Times: user=0.55 sys=0.02, real=0.09 secs] 
26682.109: [GC 26682.109: [ParNew: 445523K->22052K(471872K), 0.0669180 secs] 7927733K->7504262K(11361088K), 0.0672720 secs] [Times: user=0.67 sys=0.00, real=0.07 secs] 
26683.856: [GC 26683.856: [ParNew: 441293K->52416K(471872K), 0.0999420 secs] 7923503K->7538744K(11361088K), 0.1002820 secs] [Times: user=0.80 sys=0.00, real=0.10 secs] 
26685.910: [GC 26685.910: [ParNew: 471872K->36804K(471872K), 0.1818410 secs] 7958200K->7567132K(11361088K), 0.1821520 secs] [Times: user=0.84 sys=0.05, real=0.18 secs] 
26689.551: [GC 26689.551: [ParNew: 456260K->38511K(471872K), 0.0615630 secs] 7986588K->7568840K(11361088K), 0.0618590 secs] [Times: user=0.66 sys=0.00, real=0.06 secs] 
26693.859: [GC 26693.859: [ParNew: 457967K->31247K(471872K), 0.1172400 secs] 7988296K->7592078K(11361088K), 0.1175690 secs] [Times: user=0.61 sys=0.04, real=0.12 secs] 
26694.824: [GC 26694.824: [ParNew: 450703K->19354K(471872K), 0.0653920 secs] 8011534K->7580185K(11361088K), 0.0657820 secs] [Times: user=0.59 sys=0.00, real=0.07 secs] 
26695.305: [GC 26695.305: [ParNew: 438810K->42989K(471872K), 0.0627760 secs] 7999641K->7603820K(11361088K), 0.0630950 secs] [Times: user=0.68 sys=0.00, real=0.06 secs] 
26696.703: [GC 26696.703: [ParNew: 462445K->41872K(471872K), 0.1301610 secs] 8023276K->7633172K(11361088K), 0.1304970 secs] [Times: user=0.66 sys=0.03, real=0.13 secs] 
26698.888: [GC 26698.889: [ParNew: 461328K->52416K(471872K), 0.1766400 secs] 8052628K->7673855K(11361088K), 0.1769820 secs] [Times: user=1.10 sys=0.04, real=0.18 secs] 
26701.225: [GC 26701.225: [ParNew: 471872K->49765K(471872K), 0.1709000 secs] 8093311K->7721356K(11361088K), 0.1712530 secs] [Times: user=0.77 sys=0.05, real=0.17 secs] 
26702.936: [GC 26702.936: [ParNew: 469221K->46758K(471872K), 0.0697280 secs] 8140812K->7718349K(11361088K), 0.0700740 secs] [Times: user=0.68 sys=0.01, real=0.07 secs] 
26704.501: [GC 26704.501: [ParNew: 466214K->52416K(471872K), 0.1211650 secs] 8137805K->7743932K(11361088K), 0.1215250 secs] [Times: user=0.82 sys=0.01, real=0.12 secs] 
26706.247: [GC 26706.247: [ParNew: 471872K->49420K(471872K), 0.1562430 secs] 8163388K->7790221K(11361088K), 0.1565940 secs] [Times: user=0.76 sys=0.06, real=0.15 secs] 
26707.769: [GC 26707.770: [ParNew: 468876K->52415K(471872K), 0.1391530 secs] 8209677K->7796113K(11361088K), 0.1395050 secs] [Times: user=0.72 sys=0.01, real=0.14 secs] 
26709.432: [GC 26709.433: [ParNew: 471871K->41902K(471872K), 0.1491380 secs] 8215569K->7820844K(11361088K), 0.1494430 secs] [Times: user=0.68 sys=0.06, real=0.15 secs] 
26710.637: [GC 26710.637: [ParNew: 461358K->51612K(471872K), 0.1608060 secs] 8240300K->7830555K(11361088K), 0.1611740 secs] [Times: user=0.66 sys=0.01, real=0.16 secs] 
26713.861: [GC 26713.861: [ParNew: 471068K->23913K(471872K), 0.0795710 secs] 8250011K->7815418K(11361088K), 0.0798780 secs] [Times: user=0.61 sys=0.01, real=0.08 secs] 
26716.906: [GC 26716.906: [ParNew: 443369K->40580K(471872K), 0.0554650 secs] 8234874K->7832085K(11361088K), 0.0558080 secs] [Times: user=0.62 sys=0.00, real=0.06 secs] 
26718.416: [GC 26718.416: [ParNew: 460036K->52416K(471872K), 0.1866930 secs] 8251541K->7881753K(11361088K), 0.1870230 secs] [Times: user=0.85 sys=0.02, real=0.18 secs] 
26720.288: [GC 26720.288: [ParNew: 471872K->48691K(471872K), 0.2833960 secs] 8301209K->7924163K(11361088K), 0.2837610 secs] [Times: user=0.70 sys=0.02, real=0.28 secs] 
26722.554: [GC 26722.554: [ParNew: 468147K->52416K(471872K), 0.1325250 secs] 8343619K->7935019K(11361088K), 0.1329220 secs] [Times: user=0.75 sys=0.01, real=0.14 secs] 
26724.095: [GC 26724.096: [ParNew: 471872K->49307K(471872K), 0.2269040 secs] 8354475K->7981425K(11361088K), 0.2272250 secs] [Times: user=0.67 sys=0.02, real=0.23 secs] 
26726.077: [GC 26726.077: [ParNew: 468763K->52416K(471872K), 0.0746020 secs] 8400881K->7988688K(11361088K), 0.0749390 secs] [Times: user=0.71 sys=0.01, real=0.08 secs] 
26728.118: [GC 26728.118: [ParNew: 471872K->52416K(471872K), 0.2071330 secs] 8408144K->8039295K(11361088K), 0.2074810 secs] [Times: user=0.88 sys=0.04, real=0.20 secs] 
26729.117: [GC 26729.117: [ParNew: 471872K->52416K(471872K), 0.2159880 secs] 8458751K->8079062K(11361088K), 0.2162880 secs] [Times: user=0.80 sys=0.05, real=0.22 secs] 
26730.974: [GC 26730.974: [ParNew: 471872K->42872K(471872K), 0.1258020 secs] 8498518K->8097560K(11361088K), 0.1261440 secs] [Times: user=0.79 sys=0.01, real=0.13 secs] 
26732.572: [GC 26732.572: [ParNew: 462122K->30369K(471872K), 0.0977460 secs] 8516810K->8113215K(11361088K), 0.0980970 secs] [Times: user=0.56 sys=0.03, real=0.10 secs] 
26733.604: [GC 26733.604: [ParNew: 449825K->52416K(471872K), 0.2108270 secs] 8532671K->8155878K(11361088K), 0.2111650 secs] [Times: user=1.66 sys=0.02, real=0.21 secs] 
26735.387: [GC 26735.387: [ParNew: 471872K->52415K(471872K), 0.3026760 secs] 8575334K->8202843K(11361088K), 0.3030140 secs] [Times: user=1.92 sys=0.04, real=0.31 secs] 
26736.752: [GC 26736.752: [ParNew: 471871K->48183K(471872K), 0.0697780 secs] 8622299K->8198610K(11361088K), 0.0701100 secs] [Times: user=0.67 sys=0.01, real=0.07 secs] 
26737.611: [GC 26737.611: [ParNew: 467639K->43941K(471872K), 0.1413550 secs] 8618066K->8229839K(11361088K), 0.1416690 secs] [Times: user=0.70 sys=0.02, real=0.14 secs] 
26739.575: [GC 26739.575: [ParNew: 463397K->38463K(471872K), 0.1143110 secs] 8649295K->8251867K(11361088K), 0.1146520 secs] [Times: user=0.60 sys=0.04, real=0.12 secs] 
26740.271: [GC 26740.271: [ParNew: 457919K->43771K(471872K), 0.0689050 secs] 8671323K->8257175K(11361088K), 0.0692590 secs] [Times: user=0.70 sys=0.00, real=0.07 secs] 
26741.483: [GC 26741.483: [ParNew: 463227K->48067K(471872K), 0.0944470 secs] 8676631K->8281028K(11361088K), 0.0947930 secs] [Times: user=0.62 sys=0.00, real=0.09 secs] 
26743.279: [GC 26743.279: [ParNew: 467523K->52416K(471872K), 0.2068930 secs] 8700484K->8310632K(11361088K), 0.2072270 secs] [Times: user=0.92 sys=0.02, real=0.20 secs] 
26744.516: [GC 26744.516: [ParNew (promotion failed): 471872K->471872K(471872K), 3.3211840 secs]26747.838: [CMS: 8268495K->5893934K(10889216K), 25.6121120 secs] 8730088K->5893934K(11361088K), [CMS Perm : 401259K->400435K(524288K)], 28.9338000 secs] [Times: user=28.94 sys=1.61, real=28.93 secs] 
26774.027: [GC 26774.027: [ParNew: 419456K->30987K(471872K), 0.0649050 secs] 6313390K->5924922K(11361088K), 0.0652700 secs] [Times: user=0.55 sys=0.00, real=0.07 secs] 
26774.979: [GC 26774.979: [ParNew: 450443K->37729K(471872K), 0.0971610 secs] 6344378K->5931663K(11361088K), 0.0975000 secs] [Times: user=0.57 sys=0.01, real=0.10 secs] 
26775.709: [GC 26775.709: [ParNew: 457185K->50955K(471872K), 0.0900010 secs] 6351119K->5958963K(11361088K), 0.0903100 secs] [Times: user=0.61 sys=0.03, real=0.09 secs] 
26776.658: [GC 26776.658: [ParNew: 470411K->39262K(471872K), 0.1891350 secs] 6378419K->5985802K(11361088K), 0.1895110 secs] [Times: user=0.57 sys=0.03, real=0.19 secs] 
26778.115: [GC 26778.115: [ParNew: 458718K->41762K(471872K), 0.1319820 secs] 6405258K->5988302K(11361088K), 0.1323230 secs] [Times: user=0.67 sys=0.00, real=0.13 secs] 
26780.948: [GC 26780.948: [ParNew: 461218K->21472K(471872K), 0.0718090 secs] 6407758K->5979762K(11361088K), 0.0721590 secs] [Times: user=0.55 sys=0.01, real=0.07 secs] 
26782.520: [GC 26782.521: [ParNew: 440928K->52416K(471872K), 0.0810590 secs] 6399218K->6014673K(11361088K), 0.0814330 secs] [Times: user=0.76 sys=0.01, real=0.08 secs] 
26784.272: [GC 26784.272: [ParNew: 471872K->45448K(471872K), 0.1820590 secs] 6434129K->6057752K(11361088K), 0.1825190 secs] [Times: user=0.69 sys=0.05, real=0.19 secs] 
26786.525: [GC 26786.525: [ParNew: 464904K->44602K(471872K), 0.0601920 secs] 6477208K->6056906K(11361088K), 0.0605380 secs] [Times: user=0.60 sys=0.01, real=0.06 secs] 
26789.163: [GC 26789.163: [ParNew: 464058K->52416K(471872K), 0.1618790 secs] 6476362K->6091689K(11361088K), 0.1622230 secs] [Times: user=0.71 sys=0.03, real=0.17 secs] 
26791.430: [GC 26791.430: [ParNew: 471635K->52416K(471872K), 0.1058610 secs] 6510908K->6112053K(11361088K), 0.1061510 secs] [Times: user=0.68 sys=0.02, real=0.11 secs] 
26792.185: [GC 26792.185: [ParNew: 471872K->52416K(471872K), 0.1534320 secs] 6531509K->6159197K(11361088K), 0.1537570 secs] [Times: user=0.71 sys=0.08, real=0.15 secs] 
26792.787: [GC 26792.788: [ParNew: 471872K->52416K(471872K), 0.0661770 secs] 6578653K->6159742K(11361088K), 0.0665180 secs] [Times: user=0.68 sys=0.00, real=0.06 secs] 
26796.710: [GC 26796.710: [ParNew: 471872K->52416K(471872K), 0.1386970 secs] 6579198K->6185935K(11361088K), 0.1390500 secs] [Times: user=0.60 sys=0.03, real=0.14 secs] 
26798.972: [GC 26798.972: [ParNew: 471872K->52416K(471872K), 0.2132500 secs] 6605391K->6217224K(11361088K), 0.2136270 secs] [Times: user=0.73 sys=0.01, real=0.22 secs] 
26800.256: [GC 26800.256: [ParNew: 471872K->52416K(471872K), 0.3682310 secs] 6636680K->6278524K(11361088K), 0.3685740 secs] [Times: user=0.91 sys=0.04, real=0.36 secs] 
26802.473: [GC 26802.474: [ParNew: 471872K->52416K(471872K), 0.2756990 secs] 6697980K->6331082K(11361088K), 0.2760430 secs] [Times: user=0.77 sys=0.05, real=0.28 secs] 
26804.150: [GC 26804.150: [ParNew: 471872K->52416K(471872K), 0.1270220 secs] 6750538K->6333816K(11361088K), 0.1273750 secs] [Times: user=0.68 sys=0.00, real=0.13 secs] 
26805.223: [GC 26805.223: [ParNew: 471638K->50754K(471872K), 0.1711950 secs] 6753039K->6365658K(11361088K), 0.1715370 secs] [Times: user=0.84 sys=0.04, real=0.17 secs] 
26808.710: [GC 26808.710: [ParNew: 470210K->31500K(471872K), 0.0730220 secs] 6785114K->6350259K(11361088K), 0.0733670 secs] [Times: user=0.64 sys=0.01, real=0.07 secs] 
26810.437: [GC 26810.437: [ParNew: 450834K->52416K(471872K), 0.1476680 secs] 6769593K->6391391K(11361088K), 0.1479920 secs] [Times: user=0.79 sys=0.00, real=0.14 secs] 
26811.897: [GC 26811.897: [ParNew: 471872K->52416K(471872K), 0.3175640 secs] 6810847K->6458400K(11361088K), 0.3179200 secs] [Times: user=1.11 sys=0.07, real=0.31 secs] 
26813.255: [GC 26813.255: [ParNew: 471872K->49191K(471872K), 0.1457310 secs] 6877856K->6496626K(11361088K), 0.1460290 secs] [Times: user=0.87 sys=0.05, real=0.15 secs] 
26814.781: [GC 26814.781: [ParNew: 468647K->52415K(471872K), 0.2940930 secs] 6916082K->6515240K(11361088K), 0.2944800 secs] [Times: user=0.90 sys=0.00, real=0.29 secs] 
26816.590: [GC 26816.591: [ParNew: 471871K->38043K(471872K), 0.1542460 secs] 6934696K->6542654K(11361088K), 0.1546100 secs] [Times: user=0.67 sys=0.05, real=0.15 secs] 
26820.675: [GC 26820.675: [ParNew: 457499K->21794K(471872K), 0.0568820 secs] 6962110K->6526406K(11361088K), 0.0572250 secs] [Times: user=0.58 sys=0.01, real=0.06 secs] 
26822.562: [GC 26822.562: [ParNew: 441250K->36348K(471872K), 0.0739040 secs] 6945862K->6540960K(11361088K), 0.0742040 secs] [Times: user=0.55 sys=0.00, real=0.07 secs] 
26823.742: [GC 26823.742: [ParNew: 455579K->52416K(471872K), 0.1041890 secs] 6960190K->6565531K(11361088K), 0.1044880 secs] [Times: user=0.74 sys=0.01, real=0.10 secs] 
26825.781: [GC 26825.782: [ParNew: 471872K->52415K(471872K), 0.1824180 secs] 6984987K->6610364K(11361088K), 0.1827980 secs] [Times: user=0.70 sys=0.06, real=0.18 secs] 
26829.733: [GC 26829.733: [ParNew: 471871K->34131K(471872K), 0.1080570 secs] 7029820K->6592079K(11361088K), 0.1083950 secs] [Times: user=0.65 sys=0.00, real=0.11 secs] 
26832.237: [GC 26832.237: [ParNew: 453587K->52416K(471872K), 0.1374930 secs] 7011535K->6620908K(11361088K), 0.1378330 secs] [Times: user=0.71 sys=0.02, real=0.14 secs] 
26834.022: [GC 26834.022: [ParNew: 471872K->52416K(471872K), 0.2238570 secs] 7040364K->6669390K(11361088K), 0.2242200 secs] [Times: user=0.95 sys=0.04, real=0.22 secs] 
26835.323: [GC 26835.323: [ParNew: 471872K->52416K(471872K), 0.1957430 secs] 7088846K->6718445K(11361088K), 0.1961030 secs] [Times: user=0.81 sys=0.06, real=0.20 secs] 
26836.504: [GC 26836.504: [ParNew: 471872K->42628K(471872K), 0.0679470 secs] 7137901K->6708658K(11361088K), 0.0682960 secs] [Times: user=0.72 sys=0.00, real=0.07 secs] 
26837.327: [GC 26837.328: [ParNew: 462084K->52416K(471872K), 0.1003420 secs] 7128114K->6734817K(11361088K), 0.1007260 secs] [Times: user=0.62 sys=0.01, real=0.11 secs] 
26838.054: [GC 26838.054: [ParNew: 471872K->52416K(471872K), 0.0913790 secs] 7154273K->6754889K(11361088K), 0.0916920 secs] [Times: user=0.60 sys=0.02, real=0.09 secs] 
26838.838: [GC 26838.839: [ParNew: 471872K->46661K(471872K), 0.0786930 secs] 7174345K->6765276K(11361088K), 0.0789980 secs] [Times: user=0.63 sys=0.02, real=0.08 secs] 
26839.780: [GC 26839.780: [ParNew: 466118K->52416K(471872K), 0.1549300 secs] 7184733K->6804310K(11361088K), 0.1552050 secs] [Times: user=1.03 sys=0.05, real=0.15 secs] 
26839.937: [GC 26839.937: [ParNew: 53065K->5962K(471872K), 0.1513350 secs] 6804959K->6810291K(11361088K), 0.1516350 secs] [Times: user=0.63 sys=0.06, real=0.16 secs] 
26841.650: [GC 26841.650: [ParNew: 425418K->40773K(471872K), 0.1327050 secs] 7229747K->6845101K(11361088K), 0.1330600 secs] [Times: user=0.79 sys=0.01, real=0.13 secs] 
26843.655: [GC 26843.656: [ParNew: 460229K->33384K(471872K), 0.1347510 secs] 7264557K->6858056K(11361088K), 0.1351110 secs] [Times: user=0.51 sys=0.03, real=0.14 secs] 
26846.135: [GC 26846.135: [ParNew: 452840K->52416K(471872K), 0.1437370 secs] 7277512K->6881397K(11361088K), 0.1440880 secs] [Times: user=0.74 sys=0.00, real=0.14 secs] 
26847.035: [GC 26847.035: [ParNew: 471872K->52416K(471872K), 0.1711640 secs] 7300853K->6924772K(11361088K), 0.1715230 secs] [Times: user=0.85 sys=0.06, real=0.17 secs] 
26847.986: [GC 26847.986: [ParNew: 471872K->52416K(471872K), 0.3263670 secs] 7344228K->6974396K(11361088K), 0.3267340 secs] [Times: user=1.00 sys=0.06, real=0.33 secs] 
26850.382: [GC 26850.382: [ParNew: 471872K->52416K(471872K), 0.1315380 secs] 7393852K->7012962K(11361088K), 0.1318640 secs] [Times: user=0.83 sys=0.04, real=0.13 secs] 
26853.702: [GC 26853.702: [ParNew: 471872K->52416K(471872K), 0.2195340 secs] 7432418K->7055729K(11361088K), 0.2199760 secs] [Times: user=0.85 sys=0.05, real=0.22 secs] 
26855.608: [GC 26855.609: [ParNew: 471872K->35505K(471872K), 0.1742540 secs] 7475185K->7066458K(11361088K), 0.1746500 secs] [Times: user=0.70 sys=0.03, real=0.18 secs] 
26857.707: [GC 26857.707: [ParNew: 454961K->41935K(471872K), 0.1283680 secs] 7485914K->7084233K(11361088K), 0.1286810 secs] [Times: user=1.02 sys=0.02, real=0.13 secs] 
26859.834: [GC 26859.835: [ParNew: 461391K->36213K(471872K), 0.1326670 secs] 7503689K->7105096K(11361088K), 0.1331250 secs] [Times: user=0.64 sys=0.01, real=0.13 secs] 
26861.873: [GC 26861.873: [ParNew: 455669K->42472K(471872K), 0.1412050 secs] 7524552K->7111355K(11361088K), 0.1415770 secs] [Times: user=1.03 sys=0.00, real=0.14 secs] 
26864.685: [GC 26864.685: [ParNew: 461928K->27349K(471872K), 0.0770070 secs] 7530811K->7101869K(11361088K), 0.0773610 secs] [Times: user=0.66 sys=0.01, real=0.08 secs] 
26867.494: [GC 26867.494: [ParNew: 446805K->39579K(471872K), 0.1430720 secs] 7521325K->7114099K(11361088K), 0.1434710 secs] [Times: user=0.70 sys=0.01, real=0.14 secs] 
26870.764: [GC 26870.764: [ParNew: 459035K->43772K(471872K), 0.0715940 secs] 7533555K->7129033K(11361088K), 0.0719400 secs] [Times: user=0.70 sys=0.01, real=0.07 secs] 
26872.188: [GC 26872.188: [ParNew: 463228K->30497K(471872K), 0.1266280 secs] 7548489K->7146920K(11361088K), 0.1269180 secs] [Times: user=0.53 sys=0.02, real=0.13 secs] 
26874.046: [GC 26874.047: [ParNew: 449953K->40115K(471872K), 0.0665920 secs] 7566376K->7156538K(11361088K), 0.0669550 secs] [Times: user=0.71 sys=0.00, real=0.07 secs] 
26875.478: [GC 26875.478: [ParNew: 459571K->27868K(471872K), 0.1776720 secs] 7575994K->7176373K(11361088K), 0.1780240 secs] [Times: user=0.60 sys=0.01, real=0.18 secs] 
26877.403: [GC 26877.404: [ParNew: 447324K->45738K(471872K), 0.0817450 secs] 7595829K->7194243K(11361088K), 0.0821620 secs] [Times: user=0.68 sys=0.00, real=0.08 secs] 
26879.782: [GC 26879.782: [ParNew: 465194K->33740K(471872K), 0.1198350 secs] 7613699K->7216484K(11361088K), 0.1201680 secs] [Times: user=0.61 sys=0.04, real=0.12 secs] 
26882.559: [GC 26882.559: [ParNew: 453053K->23485K(471872K), 0.0541760 secs] 7635797K->7206229K(11361088K), 0.0544600 secs] [Times: user=0.55 sys=0.00, real=0.06 secs] 
26884.406: [GC 26884.406: [ParNew: 442941K->52416K(471872K), 0.1411240 secs] 7625685K->7241184K(11361088K), 0.1414960 secs] [Times: user=0.79 sys=0.00, real=0.14 secs] 
26886.180: [GC 26886.180: [ParNew: 471872K->41657K(471872K), 0.1323860 secs] 7660640K->7270130K(11361088K), 0.1327300 secs] [Times: user=0.64 sys=0.04, real=0.13 secs] 
26889.698: [GC 26889.699: [ParNew: 461113K->51173K(471872K), 0.0775460 secs] 7689586K->7279646K(11361088K), 0.0778940 secs] [Times: user=0.73 sys=0.00, real=0.08 secs] 
26891.912: [GC 26891.913: [ParNew: 470629K->52416K(471872K), 0.1722950 secs] 7699102K->7318429K(11361088K), 0.1726350 secs] [Times: user=1.10 sys=0.04, real=0.18 secs] 
26894.436: [GC 26894.437: [ParNew: 471659K->52416K(471872K), 0.1414760 secs] 7737673K->7352278K(11361088K), 0.1418370 secs] [Times: user=0.78 sys=0.02, real=0.14 secs] 
26896.203: [GC 26896.204: [ParNew: 471872K->48231K(471872K), 0.1779550 secs] 7771828K->7380560K(11361088K), 0.1783000 secs] [Times: user=0.77 sys=0.01, real=0.18 secs] 
26896.385: [GC 26896.385: [ParNew: 49701K->7209K(471872K), 0.1252430 secs] 7382030K->7367544K(11361088K), 0.1255760 secs] [Times: user=0.46 sys=0.02, real=0.12 secs] 
26899.266: [GC 26899.266: [ParNew: 426665K->12883K(471872K), 0.0603320 secs] 7787000K->7373218K(11361088K), 0.0606630 secs] [Times: user=0.62 sys=0.00, real=0.06 secs] 
26902.636: [GC 26902.636: [ParNew: 432339K->43271K(471872K), 0.0592460 secs] 7792674K->7403606K(11361088K), 0.0595850 secs] [Times: user=0.66 sys=0.00, real=0.06 secs] 
26905.251: [GC 26905.251: [ParNew: 462727K->41301K(471872K), 0.1382410 secs] 7823062K->7436344K(11361088K), 0.1385900 secs] [Times: user=0.75 sys=0.03, real=0.14 secs] 
26907.547: [GC 26907.547: [ParNew: 460757K->49821K(471872K), 0.0933680 secs] 7855800K->7444864K(11361088K), 0.0936640 secs] [Times: user=0.99 sys=0.00, real=0.09 secs] 
26909.859: [GC 26909.860: [ParNew: 469277K->42505K(471872K), 0.0703260 secs] 7864320K->7448057K(11361088K), 0.0707740 secs] [Times: user=0.66 sys=0.01, real=0.07 secs] 
26911.579: [GC 26911.580: [ParNew: 461961K->30899K(471872K), 0.1147020 secs] 7867513K->7461589K(11361088K), 0.1150510 secs] [Times: user=0.55 sys=0.03, real=0.11 secs] 
26912.354: [GC 26912.354: [ParNew: 450355K->17242K(471872K), 0.0583800 secs] 7881045K->7447933K(11361088K), 0.0586740 secs] [Times: user=0.54 sys=0.00, real=0.06 secs] 
26914.496: [GC 26914.496: [ParNew: 436698K->43312K(471872K), 0.0761240 secs] 7867389K->7474003K(11361088K), 0.0764620 secs] [Times: user=0.78 sys=0.01, real=0.07 secs] 
26917.035: [GC 26917.035: [ParNew: 462768K->35314K(471872K), 0.1366230 secs] 7893459K->7499678K(11361088K), 0.1370070 secs] [Times: user=0.67 sys=0.04, real=0.14 secs] 
26918.658: [GC 26918.658: [ParNew: 454770K->25821K(471872K), 0.1621790 secs] 7919134K->7490184K(11361088K), 0.1626070 secs] [Times: user=1.98 sys=0.01, real=0.16 secs] 
26919.783: [GC 26919.783: [ParNew: 445277K->52415K(471872K), 0.1384390 secs] 7909640K->7522011K(11361088K), 0.1387820 secs] [Times: user=0.77 sys=0.00, real=0.14 secs] 
26922.973: [GC 26922.973: [ParNew: 471871K->34079K(471872K), 0.1331990 secs] 7941467K->7540647K(11361088K), 0.1335490 secs] [Times: user=0.68 sys=0.03, real=0.14 secs] 
26924.748: [GC 26924.748: [ParNew: 453490K->52416K(471872K), 0.1151800 secs] 7960059K->7568273K(11361088K), 0.1155440 secs] [Times: user=0.90 sys=0.01, real=0.11 secs] 
26926.421: [GC 26926.421: [ParNew: 471827K->45534K(471872K), 0.1631260 secs] 7987684K->7610435K(11361088K), 0.1634680 secs] [Times: user=0.80 sys=0.06, real=0.16 secs] 
26927.620: [GC 26927.621: [ParNew: 464990K->52416K(471872K), 0.0958040 secs] 8029891K->7627527K(11361088K), 0.0962150 secs] [Times: user=0.83 sys=0.01, real=0.09 secs] 
26931.162: [GC 26931.162: [ParNew: 471872K->52415K(471872K), 0.3370230 secs] 8046983K->7679032K(11361088K), 0.3374600 secs] [Times: user=0.98 sys=0.06, real=0.34 secs] 
26934.816: [GC 26934.816: [ParNew: 471871K->30215K(471872K), 0.0745260 secs] 8098488K->7656831K(11361088K), 0.0749690 secs] [Times: user=0.55 sys=0.00, real=0.08 secs] 
26937.306: [GC 26937.306: [ParNew: 449671K->36808K(471872K), 0.0700600 secs] 8076287K->7663425K(11361088K), 0.0704180 secs] [Times: user=0.69 sys=0.01, real=0.07 secs] 
26939.522: [GC 26939.522: [ParNew: 456264K->38437K(471872K), 0.1328350 secs] 8082881K->7677456K(11361088K), 0.1332020 secs] [Times: user=0.54 sys=0.01, real=0.13 secs] 
26941.207: [GC 26941.208: [ParNew: 457893K->52416K(471872K), 0.2425920 secs] 8096912K->7700161K(11361088K), 0.2429390 secs] [Times: user=0.81 sys=0.01, real=0.25 secs] 
26942.622: [GC 26942.622: [ParNew: 471872K->52416K(471872K), 0.1255930 secs] 8119617K->7734144K(11361088K), 0.1259550 secs] [Times: user=0.92 sys=0.03, real=0.12 secs] 
26944.149: [GC 26944.149: [ParNew: 471872K->52416K(471872K), 0.3015030 secs] 8153600K->7787915K(11361088K), 0.3018710 secs] [Times: user=0.98 sys=0.02, real=0.31 secs] 
26944.820: [GC 26944.820: [ParNew: 471872K->52416K(471872K), 0.2073330 secs] 8207371K->7842350K(11361088K), 0.2076650 secs] [Times: user=1.08 sys=0.04, real=0.20 secs] 
26945.534: [GC 26945.534: [ParNew: 471872K->45079K(471872K), 0.1526050 secs] 8261806K->7878439K(11361088K), 0.1529330 secs] [Times: user=0.82 sys=0.05, real=0.15 secs] 
26947.949: [GC 26947.949: [ParNew: 464535K->52416K(471872K), 0.1059440 secs] 8297895K->7900671K(11361088K), 0.1062770 secs] [Times: user=0.89 sys=0.02, real=0.10 secs] 
26950.039: [GC 26950.039: [ParNew: 471872K->52416K(471872K), 0.3038660 secs] 8320127K->7957759K(11361088K), 0.3042460 secs] [Times: user=0.89 sys=0.03, real=0.31 secs] 
26952.488: [GC 26952.488: [ParNew: 471872K->52416K(471872K), 0.1028620 secs] 8377215K->7965122K(11361088K), 0.1032220 secs] [Times: user=0.83 sys=0.01, real=0.11 secs] 
26955.701: [GC 26955.701: [ParNew: 471872K->52415K(471872K), 0.2704600 secs] 8384578K->8016319K(11361088K), 0.2708130 secs] [Times: user=0.90 sys=0.04, real=0.27 secs] 
26957.022: [GC 26957.022: [ParNew: 471871K->42067K(471872K), 0.0654410 secs] 8435775K->8005971K(11361088K), 0.0657890 secs] [Times: user=0.72 sys=0.00, real=0.06 secs] 
26961.421: [GC 26961.421: [ParNew: 461523K->49511K(471872K), 0.2203590 secs] 8425427K->8046501K(11361088K), 0.2207340 secs] [Times: user=0.67 sys=0.03, real=0.22 secs] 
26964.095: [GC 26964.096: [ParNew: 468868K->52416K(471872K), 0.0768510 secs] 8465858K->8053978K(11361088K), 0.0771960 secs] [Times: user=0.77 sys=0.01, real=0.08 secs] 
26965.796: [GC 26965.797: [ParNew: 471872K->50369K(471872K), 0.1505770 secs] 8473434K->8100205K(11361088K), 0.1509190 secs] [Times: user=0.89 sys=0.05, real=0.15 secs] 
26967.645: [GC 26967.645: [ParNew: 469825K->43501K(471872K), 0.1127180 secs] 8519661K->8116648K(11361088K), 0.1130600 secs] [Times: user=0.68 sys=0.04, real=0.11 secs] 
26970.148: [GC 26970.148: [ParNew: 462957K->49442K(471872K), 0.1309650 secs] 8536104K->8148406K(11361088K), 0.1313610 secs] [Times: user=0.71 sys=0.02, real=0.13 secs] 
26971.321: [GC 26971.322: [ParNew (promotion failed): 468898K->471872K(471872K), 0.6476420 secs]26971.969: [CMS: 8141509K->5993261K(10889216K), 27.2343950 secs] 8567862K->5993261K(11361088K), [CMS Perm : 401060K->400934K(524288K)], 27.8825360 secs] [Times: user=28.31 sys=0.03, real=27.89 secs] 
26999.686: [GC 26999.686: [ParNew: 419456K->47161K(471872K), 0.0715100 secs] 6412717K->6040422K(11361088K), 0.0718190 secs] [Times: user=0.55 sys=0.00, real=0.07 secs] 
27000.245: [GC 27000.245: [ParNew: 466617K->30280K(471872K), 0.0957430 secs] 6459878K->6047305K(11361088K), 0.0960760 secs] [Times: user=0.52 sys=0.05, real=0.09 secs] 
27000.777: [GC 27000.777: [ParNew: 449736K->52416K(471872K), 0.0697850 secs] 6466761K->6070371K(11361088K), 0.0700830 secs] [Times: user=0.69 sys=0.00, real=0.07 secs] 
27001.230: [GC 27001.230: [ParNew: 471872K->43937K(471872K), 0.2404400 secs] 6489827K->6107465K(11361088K), 0.2408250 secs] [Times: user=0.60 sys=0.02, real=0.24 secs] 
27001.858: [GC 27001.858: [ParNew: 463393K->52416K(471872K), 0.0933740 secs] 6526921K->6130505K(11361088K), 0.0937150 secs] [Times: user=0.86 sys=0.03, real=0.09 secs] 
27002.991: [GC 27002.991: [ParNew: 471872K->52415K(471872K), 0.1658020 secs] 6549961K->6184315K(11361088K), 0.1661420 secs] [Times: user=0.82 sys=0.06, real=0.17 secs] 
27003.905: [GC 27003.905: [ParNew: 471871K->49345K(471872K), 0.0690390 secs] 6603771K->6181244K(11361088K), 0.0693920 secs] [Times: user=0.70 sys=0.00, real=0.06 secs] 
27004.911: [GC 27004.911: [ParNew: 468801K->52416K(471872K), 0.1959870 secs] 6600700K->6212340K(11361088K), 0.1963180 secs] [Times: user=0.84 sys=0.03, real=0.20 secs] 
27006.030: [GC 27006.030: [ParNew: 471872K->51140K(471872K), 0.2201820 secs] 6631796K->6256028K(11361088K), 0.2205280 secs] [Times: user=0.87 sys=0.09, real=0.22 secs] 
27007.061: [GC 27007.061: [ParNew: 470553K->43453K(471872K), 0.0705180 secs] 6675442K->6248342K(11361088K), 0.0708360 secs] [Times: user=0.65 sys=0.01, real=0.07 secs] 
27008.633: [GC 27008.634: [ParNew: 462909K->52416K(471872K), 0.2430680 secs] 6667798K->6304413K(11361088K), 0.2434440 secs] [Times: user=1.18 sys=0.05, real=0.25 secs] 
27010.296: [GC 27010.297: [ParNew: 471786K->52416K(471872K), 0.2535730 secs] 6723783K->6353985K(11361088K), 0.2539560 secs] [Times: user=0.92 sys=0.04, real=0.25 secs] 
27013.105: [GC 27013.106: [ParNew: 471872K->38753K(471872K), 0.1130320 secs] 6773441K->6373318K(11361088K), 0.1134060 secs] [Times: user=0.65 sys=0.05, real=0.11 secs] 
27014.603: [GC 27014.603: [ParNew: 458209K->45826K(471872K), 0.0742140 secs] 6792774K->6380391K(11361088K), 0.0745250 secs] [Times: user=0.66 sys=0.01, real=0.08 secs] 
27016.118: [GC 27016.118: [ParNew: 465282K->40273K(471872K), 0.1548280 secs] 6799847K->6406493K(11361088K), 0.1552220 secs] [Times: user=0.70 sys=0.03, real=0.15 secs] 
27017.705: [GC 27017.705: [ParNew: 459729K->40800K(471872K), 0.0994900 secs] 6825949K->6418236K(11361088K), 0.0998180 secs] [Times: user=0.68 sys=0.02, real=0.10 secs] 
27021.813: [GC 27021.813: [ParNew: 460256K->34744K(471872K), 0.0889840 secs] 6837692K->6438280K(11361088K), 0.0893180 secs] [Times: user=0.48 sys=0.03, real=0.09 secs] 
27025.012: [GC 27025.012: [ParNew: 454200K->32619K(471872K), 0.1026540 secs] 6857736K->6436156K(11361088K), 0.1030060 secs] [Times: user=0.61 sys=0.01, real=0.10 secs] 
27027.107: [GC 27027.107: [ParNew: 452039K->36490K(471872K), 0.0565840 secs] 6855576K->6452698K(11361088K), 0.0569150 secs] [Times: user=0.58 sys=0.01, real=0.05 secs] 
27029.253: [GC 27029.253: [ParNew: 455946K->43843K(471872K), 0.0657530 secs] 6872154K->6467479K(11361088K), 0.0661080 secs] [Times: user=0.65 sys=0.01, real=0.07 secs] 
27030.690: [GC 27030.690: [ParNew: 463299K->42240K(471872K), 0.1598850 secs] 6886935K->6495110K(11361088K), 0.1602330 secs] [Times: user=0.60 sys=0.03, real=0.16 secs] 
27031.716: [GC 27031.716: [ParNew: 461696K->12783K(471872K), 0.0691500 secs] 6914566K->6477539K(11361088K), 0.0695800 secs] [Times: user=0.50 sys=0.01, real=0.07 secs] 
27033.132: [GC 27033.132: [ParNew: 432239K->23134K(471872K), 0.0747330 secs] 6896995K->6487890K(11361088K), 0.0750680 secs] [Times: user=0.59 sys=0.01, real=0.08 secs] 
27034.182: [GC 27034.182: [ParNew: 442590K->40881K(471872K), 0.0518980 secs] 6907346K->6505637K(11361088K), 0.0522280 secs] [Times: user=0.60 sys=0.00, real=0.05 secs] 
27035.029: [GC 27035.029: [ParNew: 460337K->52416K(471872K), 0.0965020 secs] 6925093K->6534691K(11361088K), 0.0968390 secs] [Times: user=0.71 sys=0.02, real=0.09 secs] 
27036.092: [GC 27036.092: [ParNew: 471872K->52416K(471872K), 0.0842820 secs] 6954147K->6554465K(11361088K), 0.0846300 secs] [Times: user=0.65 sys=0.04, real=0.08 secs] 
27036.907: [GC 27036.907: [ParNew: 471872K->46851K(471872K), 0.0859740 secs] 6973921K->6566602K(11361088K), 0.0863180 secs] [Times: user=0.59 sys=0.03, real=0.09 secs] 
27038.057: [GC 27038.057: [ParNew: 466307K->52416K(471872K), 0.1757790 secs] 6986058K->6597141K(11361088K), 0.1761160 secs] [Times: user=0.79 sys=0.02, real=0.18 secs] 
27041.520: [GC 27041.521: [ParNew: 471872K->47699K(471872K), 0.1969240 secs] 7016597K->6634614K(11361088K), 0.1972690 secs] [Times: user=0.84 sys=0.06, real=0.19 secs] 
27044.651: [GC 27044.651: [ParNew: 467155K->20710K(471872K), 0.0755920 secs] 7054070K->6607625K(11361088K), 0.0759320 secs] [Times: user=0.60 sys=0.01, real=0.07 secs] 
27046.819: [GC 27046.819: [ParNew: 440166K->24128K(471872K), 0.0781530 secs] 7027081K->6611043K(11361088K), 0.0785020 secs] [Times: user=0.59 sys=0.01, real=0.07 secs] 
27049.778: [GC 27049.779: [ParNew: 443584K->30667K(471872K), 0.0759730 secs] 7030499K->6617583K(11361088K), 0.0763170 secs] [Times: user=0.62 sys=0.01, real=0.08 secs] 
27056.919: [GC 27056.919: [ParNew: 450123K->32734K(471872K), 0.0811720 secs] 7037039K->6623242K(11361088K), 0.0815270 secs] [Times: user=0.60 sys=0.00, real=0.09 secs] 
27061.819: [GC 27061.819: [ParNew: 452190K->32680K(471872K), 0.0729740 secs] 7042698K->6625387K(11361088K), 0.0733330 secs] [Times: user=0.61 sys=0.00, real=0.08 secs] 
27062.978: [GC 27062.978: [ParNew: 452136K->31646K(471872K), 0.0507360 secs] 7044843K->6627109K(11361088K), 0.0510450 secs] [Times: user=0.56 sys=0.01, real=0.05 secs] 
27068.511: [GC 27068.511: [ParNew: 451000K->37927K(471872K), 0.0701300 secs] 7046463K->6636365K(11361088K), 0.0704890 secs] [Times: user=0.63 sys=0.01, real=0.08 secs] 
27071.078: [GC 27071.079: [ParNew: 457383K->52416K(471872K), 0.0996740 secs] 7055821K->6659147K(11361088K), 0.0999930 secs] [Times: user=0.73 sys=0.00, real=0.10 secs] 
27074.387: [GC 27074.387: [ParNew: 471872K->47842K(471872K), 0.1270850 secs] 7078603K->6697397K(11361088K), 0.1274400 secs] [Times: user=0.75 sys=0.06, real=0.13 secs] 
27080.806: [GC 27080.806: [ParNew: 467298K->31431K(471872K), 0.0924020 secs] 7116853K->6707394K(11361088K), 0.0927560 secs] [Times: user=0.51 sys=0.03, real=0.09 secs] 
27090.080: [GC 27090.080: [ParNew: 450887K->52415K(471872K), 0.1240360 secs] 7126850K->6732014K(11361088K), 0.1244000 secs] [Times: user=0.65 sys=0.01, real=0.13 secs] 
27105.971: [GC 27105.971: [ParNew: 471871K->52416K(471872K), 0.2954400 secs] 7151470K->6780853K(11361088K), 0.2958070 secs] [Times: user=0.91 sys=0.04, real=0.30 secs] 
27107.558: [GC 27107.558: [ParNew: 471872K->23667K(471872K), 0.0708450 secs] 7200309K->6771283K(11361088K), 0.0712100 secs] [Times: user=0.59 sys=0.02, real=0.07 secs] 
27108.544: [GC 27108.544: [ParNew: 443123K->46539K(471872K), 0.0620980 secs] 7190739K->6794155K(11361088K), 0.0624320 secs] [Times: user=0.72 sys=0.01, real=0.07 secs] 
27109.469: [GC 27109.469: [ParNew: 465995K->52416K(471872K), 0.0803410 secs] 7213611K->6816284K(11361088K), 0.0807030 secs] [Times: user=0.59 sys=0.03, real=0.08 secs] 
27110.385: [GC 27110.386: [ParNew: 471872K->48938K(471872K), 0.0841490 secs] 7235740K->6833120K(11361088K), 0.0844810 secs] [Times: user=0.65 sys=0.03, real=0.08 secs] 
27111.386: [GC 27111.387: [ParNew: 468394K->52416K(471872K), 0.1875800 secs] 7252576K->6868532K(11361088K), 0.1879070 secs] [Times: user=0.96 sys=0.05, real=0.18 secs] 
27114.995: [GC 27114.995: [ParNew: 471870K->52415K(471872K), 0.2632680 secs] 7287986K->6928068K(11361088K), 0.2636220 secs] [Times: user=0.96 sys=0.07, real=0.27 secs] 
27127.774: [GC 27127.774: [ParNew: 471871K->52416K(471872K), 0.1932800 secs] 7347524K->6955122K(11361088K), 0.1936390 secs] [Times: user=0.80 sys=0.03, real=0.20 secs] 
27144.963: [GC 27144.963: [ParNew: 471872K->51740K(471872K), 0.1867090 secs] 7374578K->6994558K(11361088K), 0.1870750 secs] [Times: user=0.85 sys=0.03, real=0.19 secs] 
27155.537: [GC 27155.538: [ParNew: 471196K->52416K(471872K), 0.0938340 secs] 7414014K->7016264K(11361088K), 0.0942000 secs] [Times: user=0.81 sys=0.02, real=0.10 secs] 
27175.856: [GC 27175.857: [ParNew: 471872K->52416K(471872K), 0.4570920 secs] 7435720K->7087884K(11361088K), 0.4574650 secs] [Times: user=1.20 sys=0.06, real=0.46 secs] 
27208.068: [GC 27208.069: [ParNew: 471872K->52415K(471872K), 0.2973230 secs] 7507340K->7122265K(11361088K), 0.2977680 secs] [Times: user=0.90 sys=0.04, real=0.30 secs] 
27230.104: [GC 27230.105: [ParNew: 471871K->44737K(471872K), 0.2265360 secs] 7541721K->7123612K(11361088K), 0.2269380 secs] [Times: user=0.82 sys=0.01, real=0.23 secs] 
27250.272: [GC 27250.272: [ParNew: 464193K->46051K(471872K), 0.2266250 secs] 7543068K->7131894K(11361088K), 0.2270170 secs] [Times: user=0.79 sys=0.01, real=0.23 secs] 
27258.424: [GC 27258.424: [ParNew: 465507K->22059K(471872K), 0.1139560 secs] 7551350K->7115099K(11361088K), 0.1143280 secs] [Times: user=0.71 sys=0.01, real=0.11 secs] 
27278.719: [GC 27278.720: [ParNew: 441515K->52415K(471872K), 0.2956310 secs] 7534555K->7151043K(11361088K), 0.2960280 secs] [Times: user=0.86 sys=0.01, real=0.30 secs] 
27299.867: [GC 27299.867: [ParNew: 471871K->51490K(471872K), 0.2571390 secs] 7570499K->7164549K(11361088K), 0.2575490 secs] [Times: user=0.84 sys=0.02, real=0.26 secs] 
27323.676: [GC 27323.676: [ParNew: 470946K->49917K(471872K), 0.2620960 secs] 7584005K->7167768K(11361088K), 0.2625140 secs] [Times: user=0.84 sys=0.00, real=0.27 secs] 
27335.224: [GC 27335.224: [ParNew: 469373K->38914K(471872K), 0.1974180 secs] 7587224K->7161951K(11361088K), 0.1978220 secs] [Times: user=0.78 sys=0.01, real=0.20 secs] 
27352.502: [GC 27352.502: [ParNew: 458370K->51877K(471872K), 0.2746610 secs] 7581407K->7182133K(11361088K), 0.2750540 secs] [Times: user=0.85 sys=0.02, real=0.27 secs] 
27367.904: [GC 27367.905: [ParNew: 471333K->52416K(471872K), 0.3011070 secs] 7601589K->7190537K(11361088K), 0.3015110 secs] [Times: user=0.85 sys=0.01, real=0.30 secs] 
27384.375: [GC 27384.375: [ParNew: 471872K->52415K(471872K), 0.2906000 secs] 7609993K->7196410K(11361088K), 0.2910180 secs] [Times: user=0.86 sys=0.01, real=0.29 secs] 
27400.136: [GC 27400.137: [ParNew: 471871K->52416K(471872K), 0.3434230 secs] 7615866K->7208172K(11361088K), 0.3438300 secs] [Times: user=0.95 sys=0.01, real=0.34 secs] 
27416.658: [GC 27416.659: [ParNew: 471872K->52415K(471872K), 0.3164940 secs] 7627628K->7220295K(11361088K), 0.3169030 secs] [Times: user=0.90 sys=0.01, real=0.31 secs] 
27430.663: [GC 27430.663: [ParNew: 471871K->52415K(471872K), 0.3463100 secs] 7639751K->7233489K(11361088K), 0.3467110 secs] [Times: user=0.93 sys=0.01, real=0.35 secs] 
27443.425: [GC 27443.426: [ParNew: 471871K->52416K(471872K), 0.3205130 secs] 7652945K->7240909K(11361088K), 0.3217740 secs] [Times: user=0.92 sys=0.01, real=0.32 secs] 
27450.750: [GC 27450.750: [ParNew: 471872K->52416K(471872K), 0.3731260 secs] 7660365K->7253700K(11361088K), 0.3735480 secs] [Times: user=0.94 sys=0.01, real=0.37 secs] 
27467.273: [GC 27467.273: [ParNew: 471872K->52416K(471872K), 0.3153790 secs] 7673156K->7260194K(11361088K), 0.3158310 secs] [Times: user=0.88 sys=0.00, real=0.31 secs] 
27479.338: [GC 27479.338: [ParNew: 471872K->52416K(471872K), 0.3514180 secs] 7679650K->7273071K(11361088K), 0.3518730 secs] [Times: user=0.96 sys=0.02, real=0.35 secs] 
27481.137: [GC 27481.137: [ParNew: 471872K->52416K(471872K), 0.5423080 secs] 7692527K->7296772K(11361088K), 0.5427150 secs] [Times: user=1.14 sys=0.01, real=0.54 secs] 
27482.629: [GC 27482.629: [ParNew: 471872K->52416K(471872K), 0.6327950 secs] 7716228K->7322330K(11361088K), 0.6332080 secs] [Times: user=1.14 sys=0.01, real=0.64 secs] 
27485.225: [GC 27485.225: [ParNew: 471872K->52415K(471872K), 0.2835120 secs] 7741786K->7326297K(11361088K), 0.2839110 secs] [Times: user=0.92 sys=0.01, real=0.28 secs] 
27486.963: [GC 27486.964: [ParNew: 471871K->52416K(471872K), 0.3772760 secs] 7745753K->7337838K(11361088K), 0.3777090 secs] [Times: user=0.98 sys=0.00, real=0.37 secs] 
27488.842: [GC 27488.842: [ParNew: 471872K->52415K(471872K), 0.3726310 secs] 7757294K->7351506K(11361088K), 0.3730580 secs] [Times: user=0.92 sys=0.01, real=0.37 secs] 
27491.138: [GC 27491.138: [ParNew: 471871K->50394K(471872K), 0.3024190 secs] 7770962K->7354492K(11361088K), 0.3028680 secs] [Times: user=0.83 sys=0.01, real=0.30 secs] 
27492.711: [GC 27492.711: [ParNew: 469850K->52416K(471872K), 0.4220950 secs] 7773948K->7368267K(11361088K), 0.4225700 secs] [Times: user=1.10 sys=0.00, real=0.43 secs] 
27495.515: [GC 27495.515: [ParNew: 471872K->52416K(471872K), 0.3199540 secs] 7787723K->7385499K(11361088K), 0.3204230 secs] [Times: user=0.77 sys=0.02, real=0.32 secs] 
27496.665: [GC 27496.665: [ParNew: 471872K->52416K(471872K), 0.4895360 secs] 7804955K->7402184K(11361088K), 0.4899610 secs] [Times: user=0.94 sys=0.01, real=0.49 secs] 
27499.238: [GC 27499.239: [ParNew (promotion failed): 471872K->467454K(471872K), 0.6012080 secs]27499.840: [CMS: 7351135K->5933716K(10889216K), 25.4699040 secs] 7821640K->5933716K(11361088K), [CMS Perm : 402233K->401781K(524288K)], 26.0716580 secs] [Times: user=26.38 sys=0.02, real=26.07 secs] 
27530.427: [GC 27530.428: [ParNew: 419456K->36388K(471872K), 0.1847140 secs] 6353172K->5970105K(11361088K), 0.1852070 secs] [Times: user=0.68 sys=0.00, real=0.18 secs] 
27556.218: [GC 27556.218: [ParNew: 455813K->52416K(471872K), 0.3868690 secs] 6389530K->6004232K(11361088K), 0.3872960 secs] [Times: user=0.98 sys=0.02, real=0.39 secs] 
27558.193: [GC 27558.193: [ParNew: 471872K->52416K(471872K), 0.3919000 secs] 6423688K->6020081K(11361088K), 0.3923320 secs] [Times: user=0.95 sys=0.01, real=0.39 secs] 
27586.047: [GC 27586.048: [ParNew: 471872K->43728K(471872K), 0.2346000 secs] 6439537K->6014532K(11361088K), 0.2350730 secs] [Times: user=0.82 sys=0.01, real=0.24 secs] 
27588.916: [GC 27588.917: [ParNew: 463184K->52416K(471872K), 0.3310970 secs] 6433988K->6034113K(11361088K), 0.3315130 secs] [Times: user=0.87 sys=0.01, real=0.33 secs] 
27593.041: [GC 27593.041: [ParNew: 471872K->52416K(471872K), 0.3253720 secs] 6453569K->6041527K(11361088K), 0.3258000 secs] [Times: user=0.87 sys=0.01, real=0.33 secs] 
27616.742: [GC 27616.742: [ParNew: 471872K->52416K(471872K), 0.3275290 secs] 6460983K->6053489K(11361088K), 0.3279890 secs] [Times: user=0.85 sys=0.01, real=0.33 secs] 
27619.296: [GC 27619.296: [ParNew: 471872K->52416K(471872K), 0.3657190 secs] 6472945K->6069556K(11361088K), 0.3661520 secs] [Times: user=0.91 sys=0.02, real=0.36 secs] 
27624.292: [GC 27624.292: [ParNew: 471872K->52415K(471872K), 0.2863170 secs] 6489012K->6073107K(11361088K), 0.2867240 secs] [Times: user=0.81 sys=0.01, real=0.29 secs] 
27644.921: [GC 27644.922: [ParNew: 471871K->52416K(471872K), 0.3867270 secs] 6492563K->6084635K(11361088K), 0.3871810 secs] [Times: user=0.96 sys=0.01, real=0.39 secs] 
27647.145: [GC 27647.145: [ParNew: 471872K->52415K(471872K), 0.3960320 secs] 6504091K->6101604K(11361088K), 0.3964500 secs] [Times: user=0.93 sys=0.02, real=0.40 secs] 
27649.812: [GC 27649.813: [ParNew: 471871K->50335K(471872K), 0.2739260 secs] 6521060K->6104163K(11361088K), 0.2743790 secs] [Times: user=0.83 sys=0.01, real=0.27 secs] 
27667.766: [GC 27667.766: [ParNew: 469791K->52416K(471872K), 0.2612170 secs] 6523619K->6111303K(11361088K), 0.2616490 secs] [Times: user=0.83 sys=0.02, real=0.26 secs] 
27677.793: [GC 27677.793: [ParNew: 471872K->52416K(471872K), 0.4134560 secs] 6530759K->6133352K(11361088K), 0.4138840 secs] [Times: user=1.00 sys=0.02, real=0.41 secs] 
27679.712: [GC 27679.712: [ParNew: 471872K->52416K(471872K), 0.4768440 secs] 6552808K->6153332K(11361088K), 0.4772720 secs] [Times: user=1.03 sys=0.02, real=0.47 secs] 
27690.840: [GC 27690.841: [ParNew: 471872K->45337K(471872K), 0.2586260 secs] 6572788K->6149352K(11361088K), 0.2591100 secs] [Times: user=0.86 sys=0.01, real=0.26 secs] 
27692.801: [GC 27692.801: [ParNew: 464793K->52415K(471872K), 0.6919360 secs] 6568808K->6194999K(11361088K), 0.6923970 secs] [Times: user=1.11 sys=0.01, real=0.70 secs] 
27694.443: [GC 27694.443: [ParNew: 471871K->52415K(471872K), 0.8239870 secs] 6614455K->6257120K(11361088K), 0.8245300 secs] [Times: user=1.42 sys=0.03, real=0.82 secs] 
27698.092: [GC 27698.092: [ParNew: 471871K->31340K(471872K), 0.1967080 secs] 6676576K->6246455K(11361088K), 0.1972410 secs] [Times: user=0.88 sys=0.02, real=0.20 secs] 
27699.984: [GC 27699.984: [ParNew: 450796K->52415K(471872K), 0.7294490 secs] 6665911K->6283096K(11361088K), 0.7303560 secs] [Times: user=1.37 sys=0.25, real=0.73 secs] 
27702.120: [GC 27702.121: [ParNew: 471871K->52416K(471872K), 0.5532720 secs] 6702552K->6304253K(11361088K), 0.5537250 secs] [Times: user=1.03 sys=0.17, real=0.56 secs] 
27705.334: [GC 27705.334: [ParNew: 471872K->28960K(471872K), 0.1807740 secs] 6723709K->6283137K(11361088K), 0.1812700 secs] [Times: user=0.81 sys=0.03, real=0.18 secs] 
27705.921: [GC 27705.921: [ParNew: 448416K->52415K(471872K), 0.7380690 secs] 6702593K->6338822K(11361088K), 0.7385100 secs] [Times: user=1.31 sys=0.16, real=0.74 secs] 
27708.866: [GC 27708.867: [ParNew: 471871K->52416K(471872K), 0.5623020 secs] 6758278K->6364326K(11361088K), 0.5627420 secs] [Times: user=1.11 sys=0.17, real=0.56 secs] 
27710.887: [GC 27710.888: [ParNew: 471872K->52416K(471872K), 0.3540160 secs] 6783782K->6372869K(11361088K), 0.3544930 secs] [Times: user=0.96 sys=0.07, real=0.35 secs] 
27711.925: [GC 27711.925: [ParNew: 471872K->52416K(471872K), 0.5770000 secs] 6792325K->6389947K(11361088K), 0.5774330 secs] [Times: user=1.10 sys=0.10, real=0.57 secs] 
27715.981: [GC 27715.981: [ParNew: 471872K->19764K(471872K), 0.1324770 secs] 6809403K->6360667K(11361088K), 0.1329550 secs] [Times: user=0.80 sys=0.03, real=0.13 secs] 
27744.885: [GC 27744.885: [ParNew: 439220K->43052K(471872K), 0.2105260 secs] 6780123K->6383955K(11361088K), 0.2110250 secs] [Times: user=0.84 sys=0.01, real=0.21 secs] 
27745.931: [GC 27745.931: [ParNew (promotion failed): 462508K->471872K(471872K), 1.0215100 secs]27746.952: [CMS: 6383705K->5920605K(10889216K), 26.9793290 secs] 6803411K->5920605K(11361088K), [CMS Perm : 401987K->401822K(524288K)], 28.0013990 secs] [Times: user=26.90 sys=1.80, real=28.00 secs] 
27775.153: [GC 27775.153: [ParNew: 419456K->52416K(471872K), 0.5870190 secs] 6340061K->5993054K(11361088K), 0.5875160 secs] [Times: user=1.02 sys=0.09, real=0.59 secs] 
27778.829: [GC 27778.829: [ParNew: 471872K->26001K(471872K), 0.1543190 secs] 6412510K->5976059K(11361088K), 0.1547860 secs] [Times: user=0.75 sys=0.06, real=0.16 secs] 
27806.522: [GC 27806.522: [ParNew: 445457K->52415K(471872K), 0.3662730 secs] 6395515K->6009002K(11361088K), 0.3667140 secs] [Times: user=1.19 sys=0.05, real=0.37 secs] 
27808.237: [GC 27808.237: [ParNew: 471871K->52416K(471872K), 0.8011120 secs] 6428458K->6043210K(11361088K), 0.8015020 secs] [Times: user=5.60 sys=0.14, real=0.80 secs] 
27809.322: [GC 27809.322: [ParNew: 471872K->52416K(471872K), 0.9104300 secs] 6462666K->6101584K(11361088K), 0.9108190 secs] [Times: user=1.24 sys=0.20, real=0.91 secs] 
27813.564: [GC 27813.565: [ParNew: 471872K->33978K(471872K), 0.1965380 secs] 6521040K->6096174K(11361088K), 0.1970060 secs] [Times: user=0.81 sys=0.07, real=0.19 secs] 
27828.847: [GC 27828.847: [ParNew: 453434K->52416K(471872K), 0.4397740 secs] 6515630K->6124024K(11361088K), 0.4402220 secs] [Times: user=0.93 sys=0.07, real=0.44 secs] 
27833.347: [GC 27833.348: [ParNew: 471872K->52415K(471872K), 0.5842340 secs] 6543480K->6150928K(11361088K), 0.5846540 secs] [Times: user=0.96 sys=0.14, real=0.58 secs] 
27841.138: [GC 27841.139: [ParNew: 471845K->47689K(471872K), 0.2511970 secs] 6570358K->6154211K(11361088K), 0.2516800 secs] [Times: user=0.89 sys=0.01, real=0.25 secs] 
27855.392: [GC 27855.392: [ParNew: 467145K->52416K(471872K), 0.3451340 secs] 6573667K->6166678K(11361088K), 0.3455900 secs] [Times: user=1.25 sys=0.01, real=0.34 secs] 
27863.247: [GC 27863.247: [ParNew: 471872K->52416K(471872K), 0.3975620 secs] 6586134K->6178315K(11361088K), 0.3979860 secs] [Times: user=0.95 sys=0.03, real=0.40 secs] 
27865.828: [GC 27865.829: [ParNew: 471872K->52415K(471872K), 0.2995130 secs] 6597771K->6185754K(11361088K), 0.2999180 secs] [Times: user=0.89 sys=0.02, real=0.30 secs] 
27870.351: [GC 27870.352: [ParNew: 471871K->41055K(471872K), 0.2140540 secs] 6605210K->6181183K(11361088K), 0.2145390 secs] [Times: user=0.85 sys=0.03, real=0.21 secs] 
27874.682: [GC 27874.682: [ParNew: 460511K->52415K(471872K), 0.4178680 secs] 6600639K->6207698K(11361088K), 0.4183070 secs] [Times: user=1.28 sys=0.08, real=0.42 secs] 
27888.963: [GC 27888.963: [ParNew: 471871K->52415K(471872K), 0.3969300 secs] 6627154K->6222428K(11361088K), 0.3975210 secs] [Times: user=1.99 sys=0.07, real=0.39 secs] 
27895.214: [GC 27895.214: [ParNew: 471871K->52416K(471872K), 0.4800710 secs] 6641884K->6244408K(11361088K), 0.4805200 secs] [Times: user=0.92 sys=0.10, real=0.48 secs] 
27897.749: [GC 27897.749: [ParNew: 471872K->52415K(471872K), 0.5245340 secs] 6663864K->6259691K(11361088K), 0.5249500 secs] [Times: user=3.93 sys=0.01, real=0.53 secs] 
27904.594: [GC 27904.594: [ParNew: 471871K->52416K(471872K), 0.4718490 secs] 6679147K->6281456K(11361088K), 0.4723050 secs] [Times: user=1.02 sys=0.01, real=0.47 secs] 
27915.841: [GC 27915.842: [ParNew: 471872K->52415K(471872K), 0.3206120 secs] 6700912K->6288777K(11361088K), 0.3210420 secs] [Times: user=0.96 sys=0.00, real=0.32 secs] 
27926.276: [GC 27926.277: [ParNew: 471871K->52416K(471872K), 0.3244160 secs] 6708233K->6294330K(11361088K), 0.3248720 secs] [Times: user=0.88 sys=0.01, real=0.32 secs] 
27933.025: [GC 27933.025: [ParNew: 471872K->52416K(471872K), 0.3049900 secs] 6713786K->6299023K(11361088K), 0.3054380 secs] [Times: user=0.90 sys=0.01, real=0.31 secs] 
27944.658: [GC 27944.658: [ParNew: 471872K->46484K(471872K), 0.2409950 secs] 6718479K->6300038K(11361088K), 0.2414640 secs] [Times: user=0.86 sys=0.02, real=0.24 secs] 
27948.319: [GC 27948.319: [ParNew: 465940K->52415K(471872K), 0.5883100 secs] 6719494K->6325701K(11361088K), 0.5887270 secs] [Times: user=3.75 sys=0.02, real=0.59 secs] 
27949.614: [GC 27949.614: [ParNew: 471871K->52416K(471872K), 0.7481290 secs] 6745157K->6372206K(11361088K), 0.7486060 secs] [Times: user=1.38 sys=0.02, real=0.75 secs] 
27952.262: [GC 27952.263: [ParNew: 471872K->52416K(471872K), 0.4351890 secs] 6791662K->6390836K(11361088K), 0.4356900 secs] [Times: user=1.03 sys=0.01, real=0.44 secs] 
27954.945: [GC 27954.946: [ParNew (promotion failed): 471872K->446224K(471872K), 0.4663910 secs]27955.412: [CMS: 6339283K->5812088K(10889216K), 23.2640790 secs] 6810292K->5812088K(11361088K), [CMS Perm : 402582K->401136K(524288K)], 23.7311240 secs] [Times: user=24.07 sys=0.08, real=23.73 secs] 
27983.084: [GC 27983.085: [ParNew: 419456K->52415K(471872K), 0.4152610 secs] 6231544K->5874305K(11361088K), 0.4157860 secs] [Times: user=1.03 sys=0.00, real=0.41 secs] 
27984.944: [GC 27984.945: [ParNew: 471871K->52415K(471872K), 0.6144780 secs] 6293761K->5903066K(11361088K), 0.6149290 secs] [Times: user=1.16 sys=0.02, real=0.61 secs] 
27988.276: [GC 27988.276: [ParNew: 471871K->36084K(471872K), 0.2063850 secs] 6322522K->5895885K(11361088K), 0.2068440 secs] [Times: user=0.83 sys=0.02, real=0.21 secs] 
28008.864: [GC 28008.864: [ParNew: 455540K->52416K(471872K), 0.3632110 secs] 6315341K->5923992K(11361088K), 0.3636980 secs] [Times: user=0.95 sys=0.00, real=0.36 secs] 
28016.393: [GC 28016.393: [ParNew: 471872K->52416K(471872K), 0.3111200 secs] 6343448K->5930572K(11361088K), 0.3115770 secs] [Times: user=0.85 sys=0.01, real=0.32 secs] 
28018.187: [GC 28018.187: [ParNew: 471872K->52415K(471872K), 0.4519150 secs] 6350028K->5946442K(11361088K), 0.4523210 secs] [Times: user=0.99 sys=0.02, real=0.45 secs] 
28029.413: [GC 28029.413: [ParNew: 471871K->45986K(471872K), 0.2539260 secs] 6365898K->5942341K(11361088K), 0.2544030 secs] [Times: user=0.83 sys=0.00, real=0.26 secs] 
28046.313: [GC 28046.313: [ParNew: 465442K->52415K(471872K), 0.3517850 secs] 6361797K->5958156K(11361088K), 0.3522750 secs] [Times: user=0.92 sys=0.01, real=0.35 secs] 
28048.934: [GC 28048.934: [ParNew: 471871K->52416K(471872K), 0.3403710 secs] 6377612K->5967087K(11361088K), 0.3407850 secs] [Times: user=0.85 sys=0.01, real=0.34 secs] 
28050.575: [GC 28050.576: [ParNew: 471872K->52415K(471872K), 0.3915030 secs] 6386543K->5978644K(11361088K), 0.3919340 secs] [Times: user=0.95 sys=0.01, real=0.39 secs] 
28069.607: [GC 28069.607: [ParNew: 471871K->49751K(471872K), 0.2725130 secs] 6398100K->5981975K(11361088K), 0.2729680 secs] [Times: user=0.84 sys=0.01, real=0.28 secs] 
28071.766: [GC 28071.766: [ParNew: 469207K->52416K(471872K), 0.5423300 secs] 6401431K->6005293K(11361088K), 0.5427380 secs] [Times: user=1.14 sys=0.01, real=0.54 secs] 
28072.794: [GC 28072.794: [ParNew: 471872K->52416K(471872K), 0.8041660 secs] 6424749K->6047039K(11361088K), 0.8045830 secs] [Times: user=1.23 sys=0.00, real=0.80 secs] 
28076.679: [GC 28076.679: [ParNew: 471872K->41679K(471872K), 0.2225390 secs] 6466495K->6049033K(11361088K), 0.2230150 secs] [Times: user=0.79 sys=0.02, real=0.23 secs] 
28081.865: [GC 28081.865: [ParNew: 461135K->38636K(471872K), 0.2280060 secs] 6468489K->6049954K(11361088K), 0.2284930 secs] [Times: user=0.70 sys=0.01, real=0.23 secs] 
28104.443: [GC 28104.443: [ParNew: 458092K->52069K(471872K), 0.2912520 secs] 6469410K->6068163K(11361088K), 0.2917220 secs] [Times: user=0.92 sys=0.01, real=0.29 secs] 
28108.015: [GC 28108.015: [ParNew: 471525K->52415K(471872K), 0.5104220 secs] 6487619K->6089699K(11361088K), 0.5108180 secs] [Times: user=1.07 sys=0.02, real=0.51 secs] 
28110.876: [GC 28110.877: [ParNew: 471871K->45310K(471872K), 0.2553430 secs] 6509155K->6088277K(11361088K), 0.2558000 secs] [Times: user=0.86 sys=0.01, real=0.25 secs] 
28120.037: [GC 28120.037: [ParNew: 464766K->52415K(471872K), 0.3106120 secs] 6507733K->6101097K(11361088K), 0.3110940 secs] [Times: user=0.91 sys=0.01, real=0.31 secs] 
28137.936: [GC 28137.937: [ParNew: 471871K->52415K(471872K), 0.3369350 secs] 6520553K->6108422K(11361088K), 0.3373670 secs] [Times: user=0.92 sys=0.01, real=0.33 secs] 
28141.200: [GC 28141.201: [ParNew: 471871K->52415K(471872K), 0.3981400 secs] 6527878K->6119713K(11361088K), 0.3985780 secs] [Times: user=0.94 sys=0.01, real=0.40 secs] 
28147.962: [GC 28147.962: [ParNew: 471871K->51494K(471872K), 0.2828970 secs] 6539169K->6123703K(11361088K), 0.2833340 secs] [Times: user=0.86 sys=0.01, real=0.28 secs] 
28167.873: [GC 28167.873: [ParNew: 470950K->52415K(471872K), 0.3658750 secs] 6543159K->6131898K(11361088K), 0.3663400 secs] [Times: user=0.90 sys=0.02, real=0.37 secs] 
28171.616: [GC 28171.616: [ParNew: 471871K->52416K(471872K), 0.3530460 secs] 6551354K->6139735K(11361088K), 0.3535060 secs] [Times: user=0.92 sys=0.01, real=0.36 secs] 
28178.275: [GC 28178.275: [ParNew: 471854K->49991K(471872K), 0.2871900 secs] 6559174K->6140096K(11361088K), 0.2876380 secs] [Times: user=0.85 sys=0.01, real=0.29 secs] 
28198.622: [GC 28198.622: [ParNew: 469447K->52416K(471872K), 0.3386760 secs] 6559552K->6148865K(11361088K), 0.3391540 secs] [Times: user=0.92 sys=0.01, real=0.33 secs] 
28201.516: [GC 28201.517: [ParNew: 471861K->52416K(471872K), 0.3984460 secs] 6568310K->6163639K(11361088K), 0.3988350 secs] [Times: user=1.23 sys=0.01, real=0.40 secs] 
28203.245: [GC 28203.245: [ParNew: 471872K->52416K(471872K), 0.6185610 secs] 6583095K->6182799K(11361088K), 0.6189470 secs] [Times: user=4.58 sys=0.03, real=0.62 secs] 
28216.572: [GC 28216.572: [ParNew: 471872K->52416K(471872K), 0.4035140 secs] 6602255K->6199945K(11361088K), 0.4039650 secs] [Times: user=0.99 sys=0.01, real=0.41 secs] 
28217.994: [GC 28217.994: [ParNew: 471872K->52415K(471872K), 0.5552920 secs] 6619401K->6226143K(11361088K), 0.5557010 secs] [Times: user=1.17 sys=0.01, real=0.55 secs] 
28227.536: [GC 28227.537: [ParNew: 471871K->39585K(471872K), 0.2149220 secs] 6645599K->6216276K(11361088K), 0.2153970 secs] [Times: user=0.86 sys=0.02, real=0.21 secs] 
28242.556: [GC 28242.556: [ParNew: 459041K->52416K(471872K), 0.3071880 secs] 6635732K->6237382K(11361088K), 0.3076560 secs] [Times: user=0.97 sys=0.02, real=0.31 secs] 
28249.383: [GC 28249.383: [ParNew: 471872K->52416K(471872K), 0.4099520 secs] 6656838K->6254742K(11361088K), 0.4103960 secs] [Times: user=1.03 sys=0.01, real=0.41 secs] 
28251.485: [GC 28251.485: [ParNew: 471872K->52416K(471872K), 0.3173580 secs] 6674198K->6267833K(11361088K), 0.3177720 secs] [Times: user=0.89 sys=0.01, real=0.32 secs] 
28271.714: [GC 28271.715: [ParNew: 471872K->52415K(471872K), 0.2987910 secs] 6687289K->6276975K(11361088K), 0.2992530 secs] [Times: user=0.85 sys=0.02, real=0.30 secs] 
28279.395: [GC 28279.396: [ParNew: 471871K->52416K(471872K), 0.4018940 secs] 6696431K->6289697K(11361088K), 0.4023910 secs] [Times: user=1.00 sys=0.00, real=0.40 secs] 
28282.160: [GC 28282.160: [ParNew: 471872K->52415K(471872K), 0.3278310 secs] 6709153K->6303031K(11361088K), 0.3282710 secs] [Times: user=0.95 sys=0.02, real=0.33 secs] 
28301.683: [GC 28301.683: [ParNew (promotion failed): 471818K->471818K(471872K), 0.7793640 secs]28302.463: [CMS: 6259659K->5679944K(10889216K), 23.0993480 secs] 6722434K->5679944K(11361088K), [CMS Perm : 401251K->401161K(524288K)], 23.8793000 secs] [Times: user=24.17 sys=0.20, real=23.87 secs] 
28325.874: [GC 28325.875: [ParNew: 419456K->52415K(471872K), 0.7344520 secs] 6099400K->5771512K(11361088K), 0.7350060 secs] [Times: user=1.30 sys=0.01, real=0.74 secs] 
28328.528: [GC 28328.528: [ParNew: 471871K->52415K(471872K), 0.4588690 secs] 6190968K->5799464K(11361088K), 0.4592980 secs] [Times: user=1.00 sys=0.03, real=0.46 secs] 
28334.288: [GC 28334.288: [ParNew: 471863K->24614K(471872K), 0.1061680 secs] 6218911K->5777300K(11361088K), 0.1065620 secs] [Times: user=0.72 sys=0.01, real=0.10 secs] 
28360.329: [GC 28360.329: [ParNew: 444070K->52416K(471872K), 0.4053290 secs] 6196756K->5818590K(11361088K), 0.4057980 secs] [Times: user=1.00 sys=0.00, real=0.40 secs] 
28361.939: [GC 28361.939: [ParNew: 471872K->52415K(471872K), 0.5417900 secs] 6238046K->5859572K(11361088K), 0.5422100 secs] [Times: user=1.13 sys=0.02, real=0.54 secs] 
28364.189: [GC 28364.190: [ParNew: 471871K->52415K(471872K), 0.3834830 secs] 6279028K->5872820K(11361088K), 0.3839350 secs] [Times: user=0.95 sys=0.02, real=0.38 secs] 
28383.305: [GC 28383.305: [ParNew: 471871K->37917K(471872K), 0.1717770 secs] 6292276K->5861658K(11361088K), 0.1722650 secs] [Times: user=0.76 sys=0.01, real=0.17 secs] 
28394.009: [GC 28394.009: [ParNew: 457373K->52416K(471872K), 0.3568320 secs] 6281114K->5894706K(11361088K), 0.3572920 secs] [Times: user=0.94 sys=0.01, real=0.36 secs] 
28421.362: [GC 28421.362: [ParNew: 471872K->51415K(471872K), 0.2862950 secs] 6314162K->5897708K(11361088K), 0.2867770 secs] [Times: user=0.86 sys=0.00, real=0.29 secs] 
28441.416: [GC 28441.416: [ParNew: 470871K->52416K(471872K), 0.3289940 secs] 6317164K->5906546K(11361088K), 0.3294640 secs] [Times: user=0.90 sys=0.01, real=0.33 secs] 
28455.236: [GC 28455.236: [ParNew: 471872K->52415K(471872K), 0.3478420 secs] 6326002K->5916491K(11361088K), 0.3483030 secs] [Times: user=0.92 sys=0.02, real=0.35 secs] 
28483.827: [GC 28483.827: [ParNew: 471871K->52416K(471872K), 0.3295950 secs] 6335947K->5926629K(11361088K), 0.3300740 secs] [Times: user=0.91 sys=0.01, real=0.33 secs] 
28492.010: [GC 28492.010: [ParNew: 471872K->45502K(471872K), 0.2357900 secs] 6346085K->5926048K(11361088K), 0.2362610 secs] [Times: user=1.54 sys=0.00, real=0.24 secs] 
28534.503: [GC 28534.504: [ParNew: 464958K->52415K(471872K), 0.3914340 secs] 6345504K->5952035K(11361088K), 0.3919110 secs] [Times: user=0.97 sys=0.03, real=0.40 secs] 
28572.687: [GC 28572.688: [ParNew: 471871K->52415K(471872K), 0.2959150 secs] 6371491K->5956414K(11361088K), 0.2963990 secs] [Times: user=0.87 sys=0.00, real=0.30 secs] 
28616.860: [GC 28616.860: [ParNew: 471871K->50052K(471872K), 0.2769660 secs] 6375870K->5956493K(11361088K), 0.2774240 secs] [Times: user=0.79 sys=0.01, real=0.28 secs] 
28683.604: [GC 28683.605: [ParNew: 469508K->45361K(471872K), 0.2489150 secs] 6375949K->5955257K(11361088K), 0.2493750 secs] [Times: user=0.78 sys=0.01, real=0.25 secs] 
28859.351: [GC 28859.351: [ParNew: 464817K->30896K(471872K), 0.1635700 secs] 6374713K->5944457K(11361088K), 0.1640270 secs] [Times: user=0.71 sys=0.01, real=0.16 secs] 
28910.380: [GC 28910.381: [ParNew: 450352K->11868K(471872K), 0.0831170 secs] 6363913K->5931893K(11361088K), 0.0835660 secs] [Times: user=0.63 sys=0.01, real=0.09 secs] 
28911.013: [GC 28911.014: [ParNew: 431324K->6184K(471872K), 0.0535250 secs] 6351349K->5926209K(11361088K), 0.0539130 secs] [Times: user=0.60 sys=0.00, real=0.05 secs] 
28911.494: [GC 28911.494: [ParNew: 425640K->8852K(471872K), 0.0516280 secs] 6345665K->5928877K(11361088K), 0.0519880 secs] [Times: user=0.58 sys=0.01, real=0.05 secs] 
28911.981: [GC 28911.981: [ParNew: 428308K->13025K(471872K), 0.0530920 secs] 6348333K->5933050K(11361088K), 0.0534680 secs] [Times: user=0.60 sys=0.00, real=0.06 secs] 
28912.476: [GC 28912.476: [ParNew: 432481K->11850K(471872K), 0.0571280 secs] 6352506K->5934447K(11361088K), 0.0575060 secs] [Times: user=0.61 sys=0.00, real=0.06 secs] 
28912.959: [GC 28912.960: [ParNew: 431306K->14338K(471872K), 0.0570290 secs] 6353903K->5939102K(11361088K), 0.0574110 secs] [Times: user=0.63 sys=0.01, real=0.06 secs] 
28913.534: [GC 28913.534: [ParNew: 433794K->22157K(471872K), 0.0573480 secs] 6358558K->5949299K(11361088K), 0.0577410 secs] [Times: user=0.64 sys=0.02, real=0.06 secs] 
28914.094: [GC 28914.094: [ParNew: 441613K->45538K(471872K), 0.0602620 secs] 6368755K->5975531K(11361088K), 0.0606420 secs] [Times: user=0.68 sys=0.01, real=0.06 secs] 
28914.600: [GC 28914.600: [ParNew: 464994K->52416K(471872K), 0.0722030 secs] 6394987K->5998500K(11361088K), 0.0726120 secs] [Times: user=0.74 sys=0.02, real=0.08 secs] 
28915.106: [GC 28915.106: [ParNew: 471872K->52416K(471872K), 0.0741370 secs] 6417956K->6019837K(11361088K), 0.0745320 secs] [Times: user=0.69 sys=0.02, real=0.07 secs] 
28915.603: [GC 28915.603: [ParNew: 471872K->52416K(471872K), 0.0764910 secs] 6439293K->6040628K(11361088K), 0.0768870 secs] [Times: user=0.70 sys=0.02, real=0.07 secs] 
28916.102: [GC 28916.102: [ParNew: 471872K->50982K(471872K), 0.0658520 secs] 6460084K->6059131K(11361088K), 0.0662540 secs] [Times: user=0.62 sys=0.01, real=0.06 secs] 
28916.584: [GC 28916.584: [ParNew: 470438K->48782K(471872K), 0.0666090 secs] 6478587K->6075465K(11361088K), 0.0669950 secs] [Times: user=0.67 sys=0.01, real=0.06 secs] 
28917.058: [GC 28917.058: [ParNew: 468238K->48949K(471872K), 0.0713920 secs] 6494921K->6093322K(11361088K), 0.0717870 secs] [Times: user=0.71 sys=0.02, real=0.07 secs] 
28917.521: [GC 28917.521: [ParNew: 468405K->42639K(471872K), 0.0691830 secs] 6512778K->6104156K(11361088K), 0.0695820 secs] [Times: user=0.67 sys=0.02, real=0.07 secs] 
28917.975: [GC 28917.975: [ParNew: 462095K->36679K(471872K), 0.0690270 secs] 6523612K->6113256K(11361088K), 0.0694160 secs] [Times: user=0.74 sys=0.01, real=0.07 secs] 
28918.429: [GC 28918.429: [ParNew: 456135K->33599K(471872K), 0.0611250 secs] 6532712K->6123978K(11361088K), 0.0615080 secs] [Times: user=0.66 sys=0.02, real=0.06 secs] 
28918.875: [GC 28918.875: [ParNew: 453055K->51464K(471872K), 0.0627430 secs] 6543434K->6141843K(11361088K), 0.0631260 secs] [Times: user=0.70 sys=0.00, real=0.06 secs] 
28919.319: [GC 28919.319: [ParNew: 470920K->50846K(471872K), 0.0586730 secs] 6561299K->6153827K(11361088K), 0.0590540 secs] [Times: user=0.67 sys=0.00, real=0.06 secs] 
28919.790: [GC 28919.790: [ParNew: 470302K->52416K(471872K), 0.0694630 secs] 6573283K->6168359K(11361088K), 0.0698660 secs] [Times: user=0.80 sys=0.00, real=0.07 secs] 
28920.313: [GC 28920.313: [ParNew: 471872K->52054K(471872K), 0.0672180 secs] 6587815K->6193272K(11361088K), 0.0676170 secs] [Times: user=0.66 sys=0.01, real=0.06 secs] 
28920.862: [GC 28920.862: [ParNew: 471510K->52416K(471872K), 0.1030840 secs] 6612728K->6213199K(11361088K), 0.1034920 secs] [Times: user=0.74 sys=0.01, real=0.10 secs] 
28921.366: [GC 28921.366: [ParNew: 471872K->46772K(471872K), 0.0614600 secs] 6632655K->6225484K(11361088K), 0.0618500 secs] [Times: user=0.63 sys=0.01, real=0.06 secs] 
28921.823: [GC 28921.823: [ParNew: 466228K->40740K(471872K), 0.0689740 secs] 6644940K->6235662K(11361088K), 0.0693600 secs] [Times: user=0.75 sys=0.02, real=0.07 secs] 
28922.299: [GC 28922.300: [ParNew: 460196K->41871K(471872K), 0.0674470 secs] 6655118K->6250206K(11361088K), 0.0678350 secs] [Times: user=0.79 sys=0.02, real=0.07 secs] 
28922.772: [GC 28922.773: [ParNew: 461327K->45415K(471872K), 0.0679270 secs] 6669662K->6268089K(11361088K), 0.0683090 secs] [Times: user=0.78 sys=0.01, real=0.06 secs] 
28923.238: [GC 28923.239: [ParNew: 464871K->39799K(471872K), 0.0654810 secs] 6687545K->6277915K(11361088K), 0.0658650 secs] [Times: user=0.75 sys=0.01, real=0.07 secs] 
28923.693: [GC 28923.693: [ParNew: 459255K->43891K(471872K), 0.0609840 secs] 6697371K->6297288K(11361088K), 0.0613680 secs] [Times: user=0.68 sys=0.01, real=0.06 secs] 
28924.134: [GC 28924.134: [ParNew: 463347K->38186K(471872K), 0.0646480 secs] 6716744K->6306196K(11361088K), 0.0650370 secs] [Times: user=0.71 sys=0.01, real=0.06 secs] 
28924.589: [GC 28924.589: [ParNew: 457642K->33168K(471872K), 0.0592510 secs] 6725652K->6315475K(11361088K), 0.0596340 secs] [Times: user=0.66 sys=0.01, real=0.06 secs] 
28925.036: [GC 28925.037: [ParNew: 452624K->51914K(471872K), 0.0565390 secs] 6734931K->6334221K(11361088K), 0.0569060 secs] [Times: user=0.65 sys=0.00, real=0.06 secs] 
28925.471: [GC 28925.472: [ParNew: 471370K->43318K(471872K), 0.0595890 secs] 6753677K->6351190K(11361088K), 0.0599810 secs] [Times: user=0.67 sys=0.02, real=0.06 secs] 
28925.908: [GC 28925.908: [ParNew: 462774K->44514K(471872K), 0.0551040 secs] 6770646K->6352386K(11361088K), 0.0555080 secs] [Times: user=0.63 sys=0.00, real=0.06 secs] 
28926.419: [GC 28926.420: [ParNew: 463970K->52416K(471872K), 0.0688770 secs] 6771842K->6374396K(11361088K), 0.0692810 secs] [Times: user=0.79 sys=0.00, real=0.07 secs] 
28926.870: [GC 28926.871: [ParNew: 471872K->49984K(471872K), 0.0633640 secs] 6793852K->6395728K(11361088K), 0.0637440 secs] [Times: user=0.72 sys=0.01, real=0.07 secs] 
28927.338: [GC 28927.338: [ParNew: 469440K->42917K(471872K), 0.0665710 secs] 6815184K->6412022K(11361088K), 0.0669600 secs] [Times: user=0.60 sys=0.01, real=0.07 secs] 
28927.787: [GC 28927.787: [ParNew: 462373K->38675K(471872K), 0.0627390 secs] 6831478K->6419516K(11361088K), 0.0631130 secs] [Times: user=0.71 sys=0.01, real=0.06 secs] 
28928.370: [GC 28928.370: [ParNew: 458131K->34442K(471872K), 0.0597510 secs] 6838972K->6430580K(11361088K), 0.0601200 secs] [Times: user=0.67 sys=0.01, real=0.06 secs] 
28928.830: [GC 28928.830: [ParNew: 453898K->48635K(471872K), 0.0629090 secs] 6850036K->6444773K(11361088K), 0.0633080 secs] [Times: user=0.74 sys=0.00, real=0.07 secs] 
28929.279: [GC 28929.279: [ParNew: 468091K->41224K(471872K), 0.0685370 secs] 6864229K->6461723K(11361088K), 0.0689110 secs] [Times: user=0.76 sys=0.02, real=0.07 secs] 
28929.747: [GC 28929.747: [ParNew: 460680K->34410K(471872K), 0.0603950 secs] 6881179K->6469724K(11361088K), 0.0607970 secs] [Times: user=0.66 sys=0.02, real=0.06 secs] 
28930.188: [GC 28930.188: [ParNew: 453866K->38958K(471872K), 0.0597030 secs] 6889180K->6487309K(11361088K), 0.0600750 secs] [Times: user=0.68 sys=0.00, real=0.06 secs] 
28930.702: [GC 28930.702: [ParNew: 458414K->33401K(471872K), 0.0584370 secs] 6906765K->6496273K(11361088K), 0.0588390 secs] [Times: user=0.66 sys=0.01, real=0.06 secs] 
28931.144: [GC 28931.144: [ParNew: 452857K->52416K(471872K), 0.0604210 secs] 6915729K->6515408K(11361088K), 0.0608110 secs] [Times: user=0.69 sys=0.01, real=0.06 secs] 
28931.585: [GC 28931.585: [ParNew: 471872K->44784K(471872K), 0.0625560 secs] 6934864K->6520059K(11361088K), 0.0629520 secs] [Times: user=0.69 sys=0.01, real=0.06 secs] 
28932.035: [GC 28932.035: [ParNew: 464240K->52416K(471872K), 0.0645060 secs] 6939515K->6540194K(11361088K), 0.0648840 secs] [Times: user=0.73 sys=0.01, real=0.06 secs] 
28932.484: [GC 28932.484: [ParNew: 471872K->45876K(471872K), 0.0649780 secs] 6959650K->6546057K(11361088K), 0.0653760 secs] [Times: user=0.72 sys=0.00, real=0.06 secs] 
28932.931: [GC 28932.931: [ParNew: 465332K->51583K(471872K), 0.0584680 secs] 6965513K->6563449K(11361088K), 0.0588620 secs] [Times: user=0.69 sys=0.00, real=0.06 secs] 
28933.371: [GC 28933.372: [ParNew: 471039K->46766K(471872K), 0.0644710 secs] 6982905K->6572171K(11361088K), 0.0648670 secs] [Times: user=0.73 sys=0.02, real=0.07 secs] 
28933.814: [GC 28933.814: [ParNew: 466222K->51305K(471872K), 0.0613920 secs] 6991627K->6588673K(11361088K), 0.0617810 secs] [Times: user=0.71 sys=0.01, real=0.06 secs] 
28934.257: [GC 28934.257: [ParNew: 470761K->48091K(471872K), 0.0651900 secs] 7008129K->6598141K(11361088K), 0.0655880 secs] [Times: user=0.71 sys=0.01, real=0.06 secs] 
28934.699: [GC 28934.699: [ParNew: 467547K->44478K(471872K), 0.0567610 secs] 7017597K->6606566K(11361088K), 0.0571510 secs] [Times: user=0.64 sys=0.01, real=0.06 secs] 
28935.134: [GC 28935.135: [ParNew: 463934K->44105K(471872K), 0.0589470 secs] 7026022K->6618155K(11361088K), 0.0593260 secs] [Times: user=0.67 sys=0.01, real=0.06 secs] 
28935.654: [GC 28935.655: [ParNew: 463561K->46714K(471872K), 0.0615840 secs] 7037611K->6632628K(11361088K), 0.0619870 secs] [Times: user=0.69 sys=0.01, real=0.06 secs] 
28936.097: [GC 28936.097: [ParNew: 466170K->46940K(471872K), 0.0610940 secs] 7052084K->6644701K(11361088K), 0.0614800 secs] [Times: user=0.69 sys=0.00, real=0.06 secs] 
28936.540: [GC 28936.540: [ParNew: 466396K->50369K(471872K), 0.0600390 secs] 7064157K->6660088K(11361088K), 0.0604380 secs] [Times: user=0.65 sys=0.00, real=0.06 secs] 
28936.982: [GC 28936.982: [ParNew: 469825K->44963K(471872K), 0.0643310 secs] 7079544K->6666801K(11361088K), 0.0647270 secs] [Times: user=0.72 sys=0.00, real=0.07 secs] 
28937.426: [GC 28937.427: [ParNew: 464419K->48140K(471872K), 0.0587890 secs] 7086257K->6682409K(11361088K), 0.0591880 secs] [Times: user=0.66 sys=0.01, real=0.06 secs] 
28937.865: [GC 28937.865: [ParNew: 467596K->45046K(471872K), 0.0623250 secs] 7101865K->6691288K(11361088K), 0.0627150 secs] [Times: user=0.69 sys=0.02, real=0.06 secs] 
28938.309: [GC 28938.309: [ParNew: 464502K->45111K(471872K), 0.0614510 secs] 7110744K->6703853K(11361088K), 0.0618530 secs] [Times: user=0.66 sys=0.01, real=0.06 secs] 
28938.753: [GC 28938.753: [ParNew: 464567K->47338K(471872K), 0.0654230 secs] 7123309K->6718128K(11361088K), 0.0658130 secs] [Times: user=0.73 sys=0.02, real=0.07 secs] 
28939.202: [GC 28939.202: [ParNew: 466794K->47630K(471872K), 0.0616240 secs] 7137584K->6730526K(11361088K), 0.0620070 secs] [Times: user=0.71 sys=0.01, real=0.06 secs] 
28939.649: [GC 28939.649: [ParNew: 467086K->50314K(471872K), 0.0664280 secs] 7149982K->6745049K(11361088K), 0.0668090 secs] [Times: user=0.74 sys=0.02, real=0.07 secs] 
28940.099: [GC 28940.099: [ParNew: 469770K->45857K(471872K), 0.0633300 secs] 7164505K->6753135K(11361088K), 0.0637170 secs] [Times: user=0.72 sys=0.01, real=0.06 secs] 
28940.545: [GC 28940.545: [ParNew: 465313K->48659K(471872K), 0.0563740 secs] 7172591K->6767835K(11361088K), 0.0567500 secs] [Times: user=0.67 sys=0.00, real=0.05 secs] 
28940.980: [GC 28940.980: [ParNew: 468115K->52149K(471872K), 0.0657960 secs] 7187291K->6784421K(11361088K), 0.0661940 secs] [Times: user=0.73 sys=0.01, real=0.07 secs] 
28941.423: [GC 28941.424: [ParNew: 471605K->51379K(471872K), 0.0624380 secs] 7203877K->6795848K(11361088K), 0.0628240 secs] [Times: user=0.71 sys=0.01, real=0.07 secs] 
28941.867: [GC 28941.868: [ParNew: 470835K->47955K(471872K), 0.0618750 secs] 7215304K->6804888K(11361088K), 0.0622630 secs] [Times: user=0.70 sys=0.00, real=0.06 secs] 
28942.310: [GC 28942.310: [ParNew: 467411K->44722K(471872K), 0.0560130 secs] 7224344K->6813856K(11361088K), 0.0563890 secs] [Times: user=0.64 sys=0.01, real=0.06 secs] 
28942.751: [GC 28942.752: [ParNew: 464178K->49996K(471872K), 0.0633340 secs] 7233312K->6830983K(11361088K), 0.0637250 secs] [Times: user=0.73 sys=0.01, real=0.07 secs] 
28943.193: [GC 28943.194: [ParNew: 469452K->45082K(471872K), 0.0634810 secs] 7250439K->6838231K(11361088K), 0.0638570 secs] [Times: user=0.72 sys=0.01, real=0.07 secs] 
28943.635: [GC 28943.636: [ParNew: 464538K->45036K(471872K), 0.0633310 secs] 7257687K->6850201K(11361088K), 0.0637200 secs] [Times: user=0.73 sys=0.01, real=0.06 secs] 
28944.098: [GC 28944.098: [ParNew: 464492K->48594K(471872K), 0.0631810 secs] 7269657K->6866382K(11361088K), 0.0635540 secs] [Times: user=0.72 sys=0.01, real=0.06 secs] 
28944.606: [GC 28944.607: [ParNew: 468050K->37390K(471872K), 0.0575060 secs] 7285838K->6878734K(11361088K), 0.0578950 secs] [Times: user=0.63 sys=0.01, real=0.05 secs] 
28945.095: [GC 28945.095: [ParNew: 456846K->27562K(471872K), 0.0528430 secs] 7298190K->6868906K(11361088K), 0.0532210 secs] [Times: user=0.60 sys=0.01, real=0.06 secs] 
28945.568: [GC 28945.568: [ParNew: 447018K->31481K(471872K), 0.0554440 secs] 7288362K->6872825K(11361088K), 0.0558240 secs] [Times: user=0.63 sys=0.01, real=0.05 secs] 
28946.069: [GC 28946.070: [ParNew: 450937K->20935K(471872K), 0.0558830 secs] 7292281K->6878863K(11361088K), 0.0563700 secs] [Times: user=0.62 sys=0.01, real=0.06 secs] 
28946.560: [GC 28946.560: [ParNew: 440391K->14517K(471872K), 0.0543390 secs] 7298319K->6874083K(11361088K), 0.0547200 secs] [Times: user=0.61 sys=0.00, real=0.06 secs] 
28947.040: [GC 28947.040: [ParNew: 433973K->14213K(471872K), 0.0567420 secs] 7293539K->6876214K(11361088K), 0.0571350 secs] [Times: user=0.63 sys=0.01, real=0.06 secs] 
28947.518: [GC 28947.518: [ParNew: 433669K->25443K(471872K), 0.0559750 secs] 7295670K->6890717K(11361088K), 0.0563310 secs] [Times: user=0.62 sys=0.01, real=0.05 secs] 
28948.023: [GC 28948.023: [ParNew: 444899K->51766K(471872K), 0.0633660 secs] 7310173K->6918875K(11361088K), 0.0637570 secs] [Times: user=0.72 sys=0.01, real=0.07 secs] 
28948.535: [GC 28948.535: [ParNew: 471222K->52416K(471872K), 0.0724420 secs] 7338331K->6939849K(11361088K), 0.0728390 secs] [Times: user=0.71 sys=0.02, real=0.07 secs] 
28949.041: [GC 28949.041: [ParNew: 471872K->52416K(471872K), 0.0731890 secs] 7359305K->6962455K(11361088K), 0.0736010 secs] [Times: user=0.69 sys=0.01, real=0.08 secs] 
28949.545: [GC 28949.545: [ParNew: 471872K->49429K(471872K), 0.0717920 secs] 7381911K->6980041K(11361088K), 0.0721860 secs] [Times: user=0.67 sys=0.01, real=0.08 secs] 
28950.036: [GC 28950.037: [ParNew: 468885K->52416K(471872K), 0.0668070 secs] 7399497K->7001867K(11361088K), 0.0671920 secs] [Times: user=0.62 sys=0.01, real=0.06 secs] 
28950.509: [GC 28950.509: [ParNew: 471872K->45811K(471872K), 0.0631600 secs] 7421323K->7013673K(11361088K), 0.0635570 secs] [Times: user=0.60 sys=0.02, real=0.06 secs] 
28950.977: [GC 28950.978: [ParNew: 465267K->44774K(471872K), 0.0681320 secs] 7433129K->7031040K(11361088K), 0.0685200 secs] [Times: user=0.68 sys=0.02, real=0.07 secs] 
28951.437: [GC 28951.437: [ParNew: 464230K->46859K(471872K), 0.0662220 secs] 7450496K->7048544K(11361088K), 0.0666310 secs] [Times: user=0.75 sys=0.00, real=0.06 secs] 
28951.885: [GC 28951.886: [ParNew: 466315K->38977K(471872K), 0.0634060 secs] 7468000K->7056575K(11361088K), 0.0637980 secs] [Times: user=0.70 sys=0.01, real=0.06 secs] 
28952.333: [GC 28952.334: [ParNew: 458433K->48666K(471872K), 0.0602810 secs] 7476031K->7066263K(11361088K), 0.0606710 secs] [Times: user=0.69 sys=0.00, real=0.06 secs] 
28952.776: [GC 28952.776: [ParNew: 468122K->45597K(471872K), 0.0584040 secs] 7485719K->7076305K(11361088K), 0.0587830 secs] [Times: user=0.67 sys=0.01, real=0.05 secs] 
28953.231: [GC 28953.231: [ParNew: 465053K->50709K(471872K), 0.0669630 secs] 7495761K->7093489K(11361088K), 0.0673560 secs] [Times: user=0.74 sys=0.01, real=0.07 secs] 
28953.705: [GC 28953.705: [ParNew: 470165K->44759K(471872K), 0.0700950 secs] 7512945K->7112671K(11361088K), 0.0704780 secs] [Times: user=0.81 sys=0.01, real=0.08 secs] 
28954.179: [GC 28954.180: [ParNew: 464215K->43490K(471872K), 0.0565820 secs] 7532127K->7125783K(11361088K), 0.0569750 secs] [Times: user=0.64 sys=0.01, real=0.06 secs] 
28954.649: [GC 28954.649: [ParNew: 462946K->42790K(471872K), 0.0582810 secs] 7545239K->7141409K(11361088K), 0.0586560 secs] [Times: user=0.61 sys=0.01, real=0.06 secs] 
28955.111: [GC 28955.111: [ParNew: 462246K->42358K(471872K), 0.0696580 secs] 7560865K->7157328K(11361088K), 0.0700510 secs] [Times: user=0.72 sys=0.01, real=0.07 secs] 
28955.581: [GC 28955.581: [ParNew: 461814K->44008K(471872K), 0.0703410 secs] 7576784K->7175770K(11361088K), 0.0707380 secs] [Times: user=0.80 sys=0.03, real=0.07 secs] 
28956.088: [GC 28956.089: [ParNew: 463464K->42211K(471872K), 0.0631030 secs] 7595226K->7188760K(11361088K), 0.0635160 secs] [Times: user=0.71 sys=0.01, real=0.06 secs] 
28956.568: [GC 28956.568: [ParNew: 461667K->40164K(471872K), 0.0700830 secs] 7608216K->7201959K(11361088K), 0.0704290 secs] [Times: user=0.79 sys=0.01, real=0.07 secs] 
28957.028: [GC 28957.028: [ParNew: 459620K->38381K(471872K), 0.0672670 secs] 7621415K->7213437K(11361088K), 0.0676220 secs] [Times: user=0.78 sys=0.01, real=0.06 secs] 
28957.479: [GC 28957.479: [ParNew: 457837K->36659K(471872K), 0.0690200 secs] 7632893K->7227945K(11361088K), 0.0693700 secs] [Times: user=0.74 sys=0.01, real=0.07 secs] 
28957.932: [GC 28957.932: [ParNew: 456115K->33628K(471872K), 0.0628480 secs] 7647401K->7237827K(11361088K), 0.0632030 secs] [Times: user=0.73 sys=0.02, real=0.06 secs] 
28958.402: [GC 28958.402: [ParNew: 453084K->33347K(471872K), 0.0664430 secs] 7657283K->7251328K(11361088K), 0.0667940 secs] [Times: user=0.74 sys=0.01, real=0.07 secs] 
28958.820: [GC 28958.820: [ParNew: 452803K->52416K(471872K), 0.0673310 secs] 7670784K->7271154K(11361088K), 0.0676900 secs] [Times: user=0.72 sys=0.00, real=0.07 secs] 
28959.364: [GC 28959.364: [ParNew: 471872K->51203K(471872K), 0.0639440 secs] 7690610K->7283145K(11361088K), 0.0643600 secs] [Times: user=0.68 sys=0.01, real=0.07 secs] 
28959.805: [GC 28959.805: [ParNew: 470659K->48963K(471872K), 0.0629400 secs] 7702601K->7293214K(11361088K), 0.0633410 secs] [Times: user=0.71 sys=0.01, real=0.07 secs] 
28960.320: [GC 28960.320: [ParNew: 468419K->52416K(471872K), 0.0699450 secs] 7712670K->7311618K(11361088K), 0.0703400 secs] [Times: user=0.68 sys=0.01, real=0.07 secs] 
28960.770: [GC 28960.770: [ParNew: 471872K->47306K(471872K), 0.0673180 secs] 7731074K->7330022K(11361088K), 0.0677090 secs] [Times: user=0.77 sys=0.00, real=0.07 secs] 
28961.241: [GC 28961.241: [ParNew: 466762K->40873K(471872K), 0.0731790 secs] 7749478K->7345569K(11361088K), 0.0735920 secs] [Times: user=0.62 sys=0.01, real=0.07 secs] 
28961.687: [GC 28961.688: [ParNew: 460329K->40428K(471872K), 0.0590610 secs] 7765025K->7357056K(11361088K), 0.0594530 secs] [Times: user=0.68 sys=0.01, real=0.06 secs] 
28962.109: [GC 28962.110: [ParNew: 459884K->36976K(471872K), 0.0695370 secs] 7776512K->7368872K(11361088K), 0.0699410 secs] [Times: user=0.72 sys=0.01, real=0.07 secs] 
28962.564: [GC 28962.565: [ParNew: 456432K->48224K(471872K), 0.0624520 secs] 7788328K->7380120K(11361088K), 0.0628510 secs] [Times: user=0.70 sys=0.00, real=0.07 secs] 
28963.002: [GC 28963.002: [ParNew: 467680K->44052K(471872K), 0.0669900 secs] 7799576K->7399480K(11361088K), 0.0674200 secs] [Times: user=0.72 sys=0.00, real=0.07 secs] 
28963.439: [GC 28963.439: [ParNew: 463508K->43237K(471872K), 0.0689630 secs] 7818936K->7413086K(11361088K), 0.0693640 secs] [Times: user=0.74 sys=0.01, real=0.07 secs] 
28963.894: [GC 28963.894: [ParNew: 462693K->36841K(471872K), 0.0590050 secs] 7832542K->7418707K(11361088K), 0.0593880 secs] [Times: user=0.70 sys=0.01, real=0.06 secs] 
28964.342: [GC 28964.342: [ParNew: 456297K->50417K(471872K), 0.0596990 secs] 7838163K->7432283K(11361088K), 0.0601030 secs] [Times: user=0.69 sys=0.00, real=0.06 secs] 
28964.786: [GC 28964.786: [ParNew: 469873K->46771K(471872K), 0.0661740 secs] 7851739K->7442346K(11361088K), 0.0665770 secs] [Times: user=0.74 sys=0.01, real=0.07 secs] 
28965.216: [GC 28965.216: [ParNew: 466227K->51609K(471872K), 0.0620290 secs] 7861802K->7459529K(11361088K), 0.0624220 secs] [Times: user=0.69 sys=0.00, real=0.07 secs] 
28965.668: [GC 28965.668: [ParNew: 471065K->52416K(471872K), 0.0665740 secs] 7878985K->7473174K(11361088K), 0.0669700 secs] [Times: user=0.74 sys=0.00, real=0.06 secs] 
28966.083: [GC 28966.084: [ParNew: 471872K->48858K(471872K), 0.0633290 secs] 7892630K->7482188K(11361088K), 0.0637350 secs] [Times: user=0.71 sys=0.01, real=0.07 secs] 
28966.515: [GC 28966.515: [ParNew: 468314K->52416K(471872K), 0.0728350 secs] 7901644K->7497822K(11361088K), 0.0732280 secs] [Times: user=0.73 sys=0.01, real=0.08 secs] 
28966.940: [GC 28966.941: [ParNew: 471872K->45359K(471872K), 0.0663050 secs] 7917278K->7504243K(11361088K), 0.0667030 secs] [Times: user=0.73 sys=0.01, real=0.07 secs] 
28967.370: [GC 28967.371: [ParNew: 464815K->45977K(471872K), 0.0569180 secs] 7923699K->7516056K(11361088K), 0.0573040 secs] [Times: user=0.66 sys=0.00, real=0.06 secs] 
28967.809: [GC 28967.809: [ParNew: 465433K->45779K(471872K), 0.0563230 secs] 7935512K->7527915K(11361088K), 0.0567050 secs] [Times: user=0.65 sys=0.01, real=0.05 secs] 
28968.228: [GC 28968.228: [ParNew: 465235K->52416K(471872K), 0.0619380 secs] 7947371K->7545774K(11361088K), 0.0623260 secs] [Times: user=0.70 sys=0.01, real=0.06 secs] 
28968.663: [GC 28968.664: [ParNew: 471872K->46069K(471872K), 0.0640830 secs] 7965230K->7550978K(11361088K), 0.0644740 secs] [Times: user=0.72 sys=0.01, real=0.07 secs] 
28969.104: [GC 28969.104: [ParNew: 465525K->51403K(471872K), 0.0667380 secs] 7970434K->7568400K(11361088K), 0.0671290 secs] [Times: user=0.74 sys=0.00, real=0.07 secs] 
28969.661: [GC 28969.662: [ParNew: 470859K->46243K(471872K), 0.0665330 secs] 7987856K->7574515K(11361088K), 0.0669350 secs] [Times: user=0.76 sys=0.01, real=0.07 secs] 
28970.094: [GC 28970.094: [ParNew: 465699K->52416K(471872K), 0.0616840 secs] 7993971K->7592378K(11361088K), 0.0620740 secs] [Times: user=0.70 sys=0.01, real=0.06 secs] 
28970.522: [GC 28970.522: [ParNew: 471872K->52416K(471872K), 0.0549910 secs] 8011834K->7604694K(11361088K), 0.0553730 secs] [Times: user=0.65 sys=0.00, real=0.06 secs] 
28970.958: [GC 28970.959: [ParNew: 471872K->51204K(471872K), 0.0651660 secs] 8024150K->7615033K(11361088K), 0.0655660 secs] [Times: user=0.72 sys=0.01, real=0.06 secs] 
28971.404: [GC 28971.404: [ParNew: 470660K->49071K(471872K), 0.0634250 secs] 8034489K->7624619K(11361088K), 0.0638300 secs] [Times: user=0.71 sys=0.01, real=0.07 secs] 
28971.847: [GC 28971.848: [ParNew: 468527K->52416K(471872K), 0.0592890 secs] 8044075K->7639412K(11361088K), 0.0596550 secs] [Times: user=0.66 sys=0.01, real=0.06 secs] 
28972.404: [GC 28972.404: [ParNew: 471872K->50378K(471872K), 0.0503460 secs] 8058868K->7649719K(11361088K), 0.0507400 secs] [Times: user=0.60 sys=0.00, real=0.05 secs] 
28972.839: [GC 28972.840: [ParNew: 469834K->52416K(471872K), 0.0570810 secs] 8069175K->7664029K(11361088K), 0.0574670 secs] [Times: user=0.67 sys=0.00, real=0.05 secs] 
28973.333: [GC 28973.333: [ParNew: 471872K->52416K(471872K), 0.0651100 secs] 8083485K->7675940K(11361088K), 0.0655200 secs] [Times: user=0.75 sys=0.00, real=0.07 secs] 
28973.794: [GC 28973.794: [ParNew: 471872K->50512K(471872K), 0.0606930 secs] 8095396K->7685798K(11361088K), 0.0610750 secs] [Times: user=0.69 sys=0.00, real=0.06 secs] 
28974.245: [GC 28974.245: [ParNew: 469968K->52416K(471872K), 0.0656320 secs] 8105254K->7700347K(11361088K), 0.0660340 secs] [Times: user=0.74 sys=0.01, real=0.07 secs] 
28974.689: [GC 28974.689: [ParNew: 471872K->52010K(471872K), 0.0558630 secs] 8119803K->7712232K(11361088K), 0.0562410 secs] [Times: user=0.66 sys=0.00, real=0.05 secs] 
28975.123: [GC 28975.123: [ParNew: 471466K->48618K(471872K), 0.0643230 secs] 8131688K->7721455K(11361088K), 0.0647260 secs] [Times: user=0.73 sys=0.00, real=0.07 secs] 
28975.563: [GC 28975.564: [ParNew: 468074K->50978K(471872K), 0.0675080 secs] 8140911K->7736585K(11361088K), 0.0678860 secs] [Times: user=0.74 sys=0.01, real=0.07 secs] 
28976.013: [GC 28976.014: [ParNew: 470434K->52416K(471872K), 0.0624370 secs] 8156041K->7750750K(11361088K), 0.0628290 secs] [Times: user=0.71 sys=0.00, real=0.06 secs] 
28976.458: [GC 28976.458: [ParNew: 471872K->51891K(471872K), 0.0630790 secs] 8170206K->7762519K(11361088K), 0.0634650 secs] [Times: user=0.71 sys=0.01, real=0.06 secs] 
28976.907: [GC 28976.907: [ParNew: 471347K->52416K(471872K), 0.0617830 secs] 8181975K->7775241K(11361088K), 0.0621810 secs] [Times: user=0.71 sys=0.01, real=0.07 secs] 
28977.345: [GC 28977.345: [ParNew: 471872K->52416K(471872K), 0.0679960 secs] 8194697K->7786237K(11361088K), 0.0683780 secs] [Times: user=0.75 sys=0.01, real=0.07 secs] 
28977.785: [GC 28977.785: [ParNew: 471872K->47293K(471872K), 0.0572580 secs] 8205693K->7793466K(11361088K), 0.0576360 secs] [Times: user=0.66 sys=0.00, real=0.06 secs] 
28978.219: [GC 28978.219: [ParNew: 466749K->49228K(471872K), 0.0632850 secs] 8212922K->7807556K(11361088K), 0.0636720 secs] [Times: user=0.72 sys=0.00, real=0.06 secs] 
28978.663: [GC 28978.663: [ParNew: 468684K->47722K(471872K), 0.0617900 secs] 8227012K->7817904K(11361088K), 0.0621850 secs] [Times: user=0.72 sys=0.00, real=0.06 secs] 
28979.095: [GC 28979.096: [ParNew: 467178K->52243K(471872K), 0.0626900 secs] 8237360K->7833694K(11361088K), 0.0630860 secs] [Times: user=0.69 sys=0.01, real=0.07 secs] 
28979.538: [GC 28979.538: [ParNew: 471699K->45667K(471872K), 0.0609560 secs] 8253150K->7838078K(11361088K), 0.0613500 secs] [Times: user=0.70 sys=0.01, real=0.07 secs] 
28980.087: [GC 28980.087: [ParNew: 465123K->40304K(471872K), 0.0591200 secs] 8257534K->7843606K(11361088K), 0.0595200 secs] [Times: user=0.67 sys=0.00, real=0.06 secs] 
28980.893: [GC 28980.893: [ParNew: 459760K->44974K(471872K), 0.0590860 secs] 8263062K->7848276K(11361088K), 0.0594910 secs] [Times: user=0.68 sys=0.01, real=0.06 secs] 
28981.560: [GC 28981.561: [ParNew: 464430K->52416K(471872K), 0.0793940 secs] 8267732K->7867954K(11361088K), 0.0798120 secs] [Times: user=0.76 sys=0.01, real=0.08 secs] 
28982.344: [GC 28982.344: [ParNew: 471872K->52416K(471872K), 0.0673300 secs] 8287410K->7884625K(11361088K), 0.0677260 secs] [Times: user=0.78 sys=0.01, real=0.07 secs] 
28982.955: [GC 28982.956: [ParNew: 471872K->52416K(471872K), 0.0853470 secs] 8304081K->7908976K(11361088K), 0.0857570 secs] [Times: user=0.71 sys=0.03, real=0.09 secs] 
28983.585: [GC 28983.585: [ParNew: 471872K->52416K(471872K), 0.0857780 secs] 8328432K->7930735K(11361088K), 0.0861780 secs] [Times: user=0.73 sys=0.03, real=0.09 secs] 
28984.189: [GC 28984.190: [ParNew: 471872K->45995K(471872K), 0.0784860 secs] 8350191K->7946744K(11361088K), 0.0788880 secs] [Times: user=0.64 sys=0.03, real=0.07 secs] 
28984.797: [GC 28984.797: [ParNew: 465451K->52416K(471872K), 0.0819840 secs] 8366200K->7973986K(11361088K), 0.0823900 secs] [Times: user=0.78 sys=0.03, real=0.09 secs] 
28985.410: [GC 28985.410: [ParNew: 471872K->52416K(471872K), 0.0702360 secs] 8393442K->7990194K(11361088K), 0.0706400 secs] [Times: user=0.65 sys=0.01, real=0.07 secs] 
28986.003: [GC 28986.003: [ParNew: 471872K->52416K(471872K), 0.0880340 secs] 8409650K->8011939K(11361088K), 0.0884840 secs] [Times: user=0.77 sys=0.02, real=0.09 secs] 
28986.664: [GC 28986.664: [ParNew: 471872K->52416K(471872K), 0.0803770 secs] 8431395K->8032026K(11361088K), 0.0807790 secs] [Times: user=0.66 sys=0.04, real=0.08 secs] 
29012.771: [GC 29012.771: [ParNew: 471872K->45067K(471872K), 0.0852820 secs] 8451482K->8046572K(11361088K), 0.0857460 secs] [Times: user=0.64 sys=0.02, real=0.09 secs] 
29055.633: [GC 29055.634: [ParNew: 464523K->36009K(471872K), 0.0718200 secs] 8466028K->8037514K(11361088K), 0.0722840 secs] [Times: user=0.67 sys=0.00, real=0.08 secs] 
29142.720: [GC 29142.721: [ParNew: 455465K->32965K(471872K), 0.1206740 secs] 8456970K->8048429K(11361088K), 0.1211580 secs] [Times: user=0.78 sys=0.01, real=0.12 secs] 
29172.712: [GC 29172.712: [ParNew: 452421K->14676K(471872K), 0.0653830 secs] 8467885K->8030141K(11361088K), 0.0658280 secs] [Times: user=0.62 sys=0.00, real=0.07 secs] 
29221.767: [GC 29221.767: [ParNew: 434132K->8101K(471872K), 0.0702790 secs] 8449597K->8030203K(11361088K), 0.0707470 secs] [Times: user=0.67 sys=0.00, real=0.07 secs] 
29238.357: [GC 29238.357: [ParNew: 427557K->6645K(471872K), 0.0601500 secs] 8449659K->8028944K(11361088K), 0.0606050 secs] [Times: user=0.65 sys=0.01, real=0.06 secs] 
29279.235: [GC 29279.236: [ParNew: 426101K->8109K(471872K), 0.0639130 secs] 8448400K->8031160K(11361088K), 0.0643680 secs] [Times: user=0.65 sys=0.01, real=0.07 secs] 
29283.642: [GC 29283.642: [ParNew: 427565K->8243K(471872K), 0.0589630 secs] 8450616K->8031613K(11361088K), 0.0593780 secs] [Times: user=0.65 sys=0.00, real=0.06 secs] 
29288.324: [GC 29288.324: [ParNew: 427699K->13538K(471872K), 0.0758850 secs] 8451069K->8038383K(11361088K), 0.0763370 secs] [Times: user=0.65 sys=0.01, real=0.08 secs] 
29327.415: [GC 29327.415: [ParNew: 432994K->10624K(471872K), 0.0703370 secs] 8457839K->8035742K(11361088K), 0.0708200 secs] [Times: user=0.62 sys=0.00, real=0.07 secs] 
29332.442: [GC 29332.442: [ParNew: 430080K->7754K(471872K), 0.0574530 secs] 8455198K->8033281K(11361088K), 0.0578630 secs] [Times: user=0.64 sys=0.01, real=0.06 secs] 
29344.714: [GC 29344.714: [ParNew: 427210K->9916K(471872K), 0.0644430 secs] 8452737K->8036356K(11361088K), 0.0648490 secs] [Times: user=0.64 sys=0.01, real=0.06 secs] 
29590.038: [GC 29590.038: [ParNew: 429372K->16670K(471872K), 0.1029790 secs] 8455812K->8043192K(11361088K), 0.1034780 secs] [Times: user=0.73 sys=0.00, real=0.11 secs] 
29682.812: [GC 29682.812: [ParNew: 436126K->11560K(471872K), 0.0885580 secs] 8462648K->8038583K(11361088K), 0.0891060 secs] [Times: user=0.66 sys=0.01, real=0.09 secs] 
29815.105: [GC 29815.105: [ParNew: 431016K->15913K(471872K), 0.0935530 secs] 8458039K->8043602K(11361088K), 0.0940150 secs] [Times: user=0.70 sys=0.00, real=0.09 secs] 
30141.433: [GC 30141.433: [ParNew: 435369K->19556K(471872K), 0.1059160 secs] 8463058K->8048992K(11361088K), 0.1063840 secs] [Times: user=0.70 sys=0.01, real=0.10 secs] 
30255.487: [GC 30255.488: [ParNew: 439012K->45400K(471872K), 0.2483760 secs] 8468448K->8075215K(11361088K), 0.2488210 secs] [Times: user=0.82 sys=0.01, real=0.25 secs] 
30349.200: [GC 30349.201: [ParNew: 464856K->43080K(471872K), 0.2522120 secs] 8494671K->8076803K(11361088K), 0.2526650 secs] [Times: user=0.83 sys=0.01, real=0.26 secs] 
30430.221: [GC 30430.221: [ParNew: 462536K->41392K(471872K), 0.2559270 secs] 8496259K->8076947K(11361088K), 0.2563990 secs] [Times: user=0.81 sys=0.01, real=0.25 secs] 
30546.354: [GC 30546.355: [ParNew: 460848K->34726K(471872K), 0.2145400 secs] 8496403K->8071125K(11361088K), 0.2150190 secs] [Times: user=0.79 sys=0.00, real=0.21 secs] 
30591.453: [GC 30591.453: [ParNew: 454182K->42989K(471872K), 0.2548400 secs] 8490581K->8080211K(11361088K), 0.2553060 secs] [Times: user=0.83 sys=0.01, real=0.26 secs] 
30636.912: [GC 30636.912: [ParNew: 462402K->46195K(471872K), 0.2610500 secs] 8499624K->8085832K(11361088K), 0.2614950 secs] [Times: user=0.85 sys=0.01, real=0.26 secs] 
30679.860: [GC 30679.860: [ParNew: 465651K->47298K(471872K), 0.2703600 secs] 8505288K->8091640K(11361088K), 0.2707990 secs] [Times: user=0.84 sys=0.00, real=0.27 secs] 
30733.391: [GC 30733.392: [ParNew: 466754K->47796K(471872K), 0.2874120 secs] 8511096K->8094449K(11361088K), 0.2878530 secs] [Times: user=0.85 sys=0.01, real=0.28 secs] 
30790.355: [GC 30790.355: [ParNew: 467252K->47649K(471872K), 0.2807820 secs] 8513905K->8094860K(11361088K), 0.2812330 secs] [Times: user=0.84 sys=0.00, real=0.29 secs] 
30844.288: [GC 30844.288: [ParNew: 467105K->44191K(471872K), 0.2636910 secs] 8514316K->8092898K(11361088K), 0.2641510 secs] [Times: user=0.84 sys=0.01, real=0.27 secs] 
30878.686: [GC 30878.686: [ParNew: 463647K->47294K(471872K), 0.2875660 secs] 8512354K->8097598K(11361088K), 0.2880190 secs] [Times: user=0.85 sys=0.00, real=0.28 secs] 
30904.737: [GC 30904.738: [ParNew: 466750K->43379K(471872K), 0.2488690 secs] 8517054K->8094177K(11361088K), 0.2493080 secs] [Times: user=0.82 sys=0.01, real=0.25 secs] 
30932.903: [GC 30932.903: [ParNew: 462835K->47384K(471872K), 0.2793870 secs] 8513633K->8101677K(11361088K), 0.2798530 secs] [Times: user=0.85 sys=0.00, real=0.28 secs] 
30957.566: [GC 30957.566: [ParNew: 466840K->45723K(471872K), 0.2777940 secs] 8521133K->8100862K(11361088K), 0.2782570 secs] [Times: user=0.84 sys=0.01, real=0.28 secs] 
30975.069: [GC 30975.069: [ParNew: 465179K->50586K(471872K), 0.2964280 secs] 8520318K->8106301K(11361088K), 0.2968870 secs] [Times: user=0.86 sys=0.01, real=0.30 secs] 
30996.438: [GC 30996.438: [ParNew: 470042K->48333K(471872K), 0.2907920 secs] 8525757K->8105723K(11361088K), 0.2912640 secs] [Times: user=0.87 sys=0.01, real=0.29 secs] 
31018.252: [GC 31018.252: [ParNew: 467789K->49848K(471872K), 0.2931680 secs] 8525179K->8108780K(11361088K), 0.2936080 secs] [Times: user=0.87 sys=0.01, real=0.29 secs] 
31034.960: [GC 31034.961: [ParNew: 469304K->46014K(471872K), 0.2737830 secs] 8528236K->8106952K(11361088K), 0.2742380 secs] [Times: user=0.87 sys=0.00, real=0.28 secs] 
31051.907: [GC 31051.907: [ParNew: 465470K->49534K(471872K), 0.2891200 secs] 8526408K->8112526K(11361088K), 0.2895650 secs] [Times: user=0.86 sys=0.00, real=0.29 secs] 
31064.663: [GC 31064.663: [ParNew: 468990K->49639K(471872K), 0.2882860 secs] 8531982K->8114979K(11361088K), 0.2887200 secs] [Times: user=0.88 sys=0.00, real=0.29 secs] 
31079.090: [GC 31079.091: [ParNew: 469095K->48363K(471872K), 0.2826280 secs] 8534435K->8117061K(11361088K), 0.2830570 secs] [Times: user=0.88 sys=0.00, real=0.28 secs] 
31083.024: [GC 31083.025: [ParNew: 467819K->11155K(471872K), 0.0783430 secs] 8536517K->8082675K(11361088K), 0.0787650 secs] [Times: user=0.68 sys=0.01, real=0.08 secs] 
31086.107: [GC 31086.107: [ParNew: 430611K->15491K(471872K), 0.0619530 secs] 8502131K->8087011K(11361088K), 0.0623540 secs] [Times: user=0.69 sys=0.01, real=0.06 secs] 
31090.331: [GC 31090.331: [ParNew: 434947K->26238K(471872K), 0.0628380 secs] 8506467K->8097758K(11361088K), 0.0632730 secs] [Times: user=0.61 sys=0.00, real=0.06 secs] 
31092.903: [GC 31092.903: [ParNew: 445694K->48980K(471872K), 0.1265550 secs] 8517214K->8120500K(11361088K), 0.1269550 secs] [Times: user=0.74 sys=0.00, real=0.13 secs] 
31094.949: [GC 31094.949: [ParNew: 468436K->37927K(471872K), 0.1387760 secs] 8539956K->8127155K(11361088K), 0.1392040 secs] [Times: user=0.75 sys=0.02, real=0.14 secs] 
31098.204: [GC 31098.204: [ParNew: 457383K->16363K(471872K), 0.0647600 secs] 8546611K->8112517K(11361088K), 0.0651790 secs] [Times: user=0.57 sys=0.01, real=0.07 secs] 
31106.660: [GC 31106.660: [ParNew: 435819K->52416K(471872K), 0.2468070 secs] 8531973K->8157029K(11361088K), 0.2472330 secs] [Times: user=0.95 sys=0.00, real=0.25 secs] 
31110.398: [GC 31110.399: [ParNew: 471872K->52416K(471872K), 0.5033720 secs] 8576485K->8217894K(11361088K), 0.5037410 secs] [Times: user=1.06 sys=0.06, real=0.50 secs] 
31112.972: [GC 31112.972: [ParNew: 471872K->52416K(471872K), 0.3007830 secs] 8637350K->8219533K(11361088K), 0.3011890 secs] [Times: user=0.94 sys=0.01, real=0.30 secs] 
31115.100: [GC 31115.101: [ParNew (promotion failed): 471872K->471872K(471872K), 0.9082000 secs]31116.009: [CMS: 8170765K->4750018K(10889216K), 19.8423910 secs] 8638989K->4750018K(11361088K), [CMS Perm : 403025K->400540K(524288K)], 20.7511110 secs] [Times: user=21.16 sys=0.22, real=20.75 secs] 
31137.044: [GC 31137.044: [ParNew: 419456K->52416K(471872K), 0.4091560 secs] 5169474K->4826523K(11361088K), 0.4095340 secs] [Times: user=1.06 sys=0.00, real=0.41 secs] 
31140.159: [GC 31140.159: [ParNew: 471872K->52416K(471872K), 0.6706750 secs] 5245979K->4918013K(11361088K), 0.6710260 secs] [Times: user=1.30 sys=0.07, real=0.67 secs] 
31176.544: [GC 31176.545: [ParNew: 471872K->29570K(471872K), 0.1244000 secs] 5337469K->4895168K(11361088K), 0.1248180 secs] [Times: user=0.75 sys=0.00, real=0.12 secs] 
31182.159: [GC 31182.159: [ParNew: 449026K->52416K(471872K), 0.2888970 secs] 5314624K->4921327K(11361088K), 0.2893000 secs] [Times: user=0.83 sys=0.01, real=0.29 secs] 
31185.436: [GC 31185.436: [ParNew: 471872K->52416K(471872K), 0.3363760 secs] 5340783K->4934099K(11361088K), 0.3367800 secs] [Times: user=0.80 sys=0.02, real=0.33 secs] 
31189.106: [GC 31189.106: [ParNew: 471831K->48581K(471872K), 0.2826150 secs] 5353514K->4930345K(11361088K), 0.2830120 secs] [Times: user=0.77 sys=0.01, real=0.28 secs] 
31362.078: [GC 31362.078: [ParNew: 468037K->11068K(471872K), 0.0804490 secs] 5349801K->4893702K(11361088K), 0.0808630 secs] [Times: user=0.60 sys=0.00, real=0.08 secs] 
31990.560: [GC 31990.560: [ParNew: 430524K->15484K(471872K), 0.0869660 secs] 5313158K->4898118K(11361088K), 0.0873700 secs] [Times: user=0.58 sys=0.00, real=0.09 secs] 
32664.889: [GC 32664.889: [ParNew: 434940K->12672K(471872K), 0.0700890 secs] 5317574K->4895307K(11361088K), 0.0705040 secs] [Times: user=0.55 sys=0.00, real=0.07 secs] 
33333.199: [GC 33333.199: [ParNew: 432128K->13262K(471872K), 0.0700110 secs] 5314763K->4895897K(11361088K), 0.0704170 secs] [Times: user=0.57 sys=0.00, real=0.07 secs] 
34016.316: [GC 34016.316: [ParNew: 432718K->10363K(471872K), 0.0728050 secs] 5315353K->4896467K(11361088K), 0.0732290 secs] [Times: user=0.58 sys=0.00, real=0.08 secs] 
34700.030: [GC 34700.030: [ParNew: 429819K->7911K(471872K), 0.0699220 secs] 5315923K->4894226K(11361088K), 0.0703360 secs] [Times: user=0.56 sys=0.01, real=0.07 secs] 
35388.788: [GC 35388.788: [ParNew: 427367K->8008K(471872K), 0.0694780 secs] 5313682K->4894383K(11361088K), 0.0698880 secs] [Times: user=0.56 sys=0.01, real=0.07 secs] 
36072.562: [GC 36072.562: [ParNew: 427464K->7889K(471872K), 0.0699880 secs] 5313839K->4894383K(11361088K), 0.0704030 secs] [Times: user=0.59 sys=0.00, real=0.08 secs] 
36758.096: [GC 36758.096: [ParNew: 427345K->8314K(471872K), 0.0705570 secs] 5313839K->4894879K(11361088K), 0.0709740 secs] [Times: user=0.59 sys=0.00, real=0.07 secs] 
37389.632: [GC 37389.633: [ParNew: 427770K->13552K(471872K), 0.0908350 secs] 5314335K->4900165K(11361088K), 0.0912460 secs] [Times: user=0.58 sys=0.01, real=0.09 secs] 
37565.038: [GC 37565.038: [ParNew: 433008K->16684K(471872K), 0.0615350 secs] 5319621K->4903460K(11361088K), 0.0619260 secs] [Times: user=0.57 sys=0.01, real=0.06 secs] 
37581.736: [GC 37581.736: [ParNew: 436140K->35524K(471872K), 0.1316330 secs] 5322916K->4922338K(11361088K), 0.1320280 secs] [Times: user=0.88 sys=0.00, real=0.14 secs] 
37590.923: [GC 37590.923: [ParNew: 454963K->22575K(471872K), 0.0749400 secs] 5341777K->4915746K(11361088K), 0.0753490 secs] [Times: user=0.60 sys=0.00, real=0.08 secs] 
37597.639: [GC 37597.639: [ParNew: 442031K->27839K(471872K), 0.0877860 secs] 5335202K->4921010K(11361088K), 0.0881970 secs] [Times: user=0.59 sys=0.01, real=0.09 secs] 
37621.209: [GC 37621.209: [ParNew: 447295K->52415K(471872K), 0.1677750 secs] 5340466K->4952131K(11361088K), 0.1681960 secs] [Times: user=0.82 sys=0.01, real=0.17 secs] 
37625.924: [GC 37625.924: [ParNew: 471871K->44450K(471872K), 0.1171420 secs] 5371587K->4983628K(11361088K), 0.1175420 secs] [Times: user=0.71 sys=0.07, real=0.12 secs] 
37647.694: [GC 37647.694: [ParNew: 463906K->22092K(471872K), 0.0948880 secs] 5403084K->4985067K(11361088K), 0.0953070 secs] [Times: user=0.48 sys=0.03, real=0.09 secs] 
37653.473: [GC 37653.473: [ParNew: 441548K->25057K(471872K), 0.0832750 secs] 5404523K->4988032K(11361088K), 0.0836770 secs] [Times: user=0.59 sys=0.01, real=0.09 secs] 
37657.741: [GC 37657.741: [ParNew: 444513K->30096K(471872K), 0.0913310 secs] 5407488K->4993071K(11361088K), 0.0917460 secs] [Times: user=0.62 sys=0.00, real=0.09 secs] 
37662.002: [GC 37662.002: [ParNew: 449552K->52416K(471872K), 0.5460250 secs] 5412527K->5024725K(11361088K), 0.5464370 secs] [Times: user=6.60 sys=0.00, real=0.55 secs] 
37668.969: [GC 37668.969: [ParNew: 471872K->50522K(471872K), 0.0964100 secs] 5444181K->5040668K(11361088K), 0.0968280 secs] [Times: user=0.57 sys=0.03, real=0.10 secs] 
37683.223: [GC 37683.224: [ParNew: 469978K->50596K(471872K), 0.1001100 secs] 5460124K->5040742K(11361088K), 0.1005090 secs] [Times: user=0.70 sys=0.01, real=0.10 secs] 
37692.415: [GC 37692.415: [ParNew: 470052K->37705K(471872K), 0.1291850 secs] 5460198K->5058471K(11361088K), 0.1295750 secs] [Times: user=0.53 sys=0.03, real=0.13 secs] 
37703.421: [GC 37703.421: [ParNew: 457111K->31895K(471872K), 0.1349110 secs] 5477877K->5052661K(11361088K), 0.1353280 secs] [Times: user=0.66 sys=0.00, real=0.13 secs] 
37708.627: [GC 37708.627: [ParNew: 451351K->35700K(471872K), 0.2182560 secs] 5472117K->5060178K(11361088K), 0.2186040 secs] [Times: user=2.32 sys=0.01, real=0.22 secs] 
37715.124: [GC 37715.124: [ParNew: 455156K->32360K(471872K), 0.1947060 secs] 5479634K->5062281K(11361088K), 0.1950970 secs] [Times: user=2.22 sys=0.00, real=0.19 secs] 
37719.615: [GC 37719.615: [ParNew: 451816K->52415K(471872K), 0.2252370 secs] 5481737K->5092709K(11361088K), 0.2256270 secs] [Times: user=1.08 sys=0.00, real=0.23 secs] 
37724.959: [GC 37724.959: [ParNew: 471871K->41595K(471872K), 0.1363800 secs] 5512165K->5114264K(11361088K), 0.1367890 secs] [Times: user=0.61 sys=0.04, real=0.14 secs] 
37729.810: [GC 37729.810: [ParNew: 461051K->27149K(471872K), 0.0929250 secs] 5533720K->5099818K(11361088K), 0.0933480 secs] [Times: user=0.54 sys=0.00, real=0.10 secs] 
37735.942: [GC 37735.943: [ParNew: 446605K->24528K(471872K), 0.0768870 secs] 5519274K->5097197K(11361088K), 0.0773000 secs] [Times: user=0.76 sys=0.01, real=0.07 secs] 
37748.255: [GC 37748.255: [ParNew: 443984K->27245K(471872K), 0.0767810 secs] 5516653K->5099914K(11361088K), 0.0772430 secs] [Times: user=0.60 sys=0.01, real=0.07 secs] 
37751.722: [GC 37751.722: [ParNew: 446701K->29465K(471872K), 0.0816320 secs] 5519370K->5105989K(11361088K), 0.0820950 secs] [Times: user=0.60 sys=0.00, real=0.09 secs] 
37760.968: [GC 37760.968: [ParNew: 448921K->24911K(471872K), 0.0684000 secs] 5525445K->5104128K(11361088K), 0.0688050 secs] [Times: user=0.60 sys=0.01, real=0.07 secs] 
37768.008: [GC 37768.008: [ParNew: 444367K->46785K(471872K), 0.0750840 secs] 5523584K->5127364K(11361088K), 0.0754820 secs] [Times: user=0.64 sys=0.00, real=0.07 secs] 
37771.513: [GC 37771.513: [ParNew: 466241K->37490K(471872K), 0.1522260 secs] 5546820K->5151901K(11361088K), 0.1526530 secs] [Times: user=0.57 sys=0.04, real=0.16 secs] 
37777.555: [GC 37777.555: [ParNew: 456946K->24316K(471872K), 0.1056410 secs] 5571357K->5138727K(11361088K), 0.1060490 secs] [Times: user=0.56 sys=0.00, real=0.11 secs] 
37781.731: [GC 37781.731: [ParNew: 443772K->31598K(471872K), 0.1008000 secs] 5558183K->5146009K(11361088K), 0.1011660 secs] [Times: user=0.79 sys=0.00, real=0.10 secs] 
37786.115: [GC 37786.115: [ParNew: 451054K->19631K(471872K), 0.0592830 secs] 5565465K->5136582K(11361088K), 0.0597450 secs] [Times: user=0.59 sys=0.01, real=0.06 secs] 
37787.996: [GC 37787.996: [ParNew: 439020K->26471K(471872K), 0.0966120 secs] 5555971K->5143422K(11361088K), 0.0970250 secs] [Times: user=0.62 sys=0.00, real=0.10 secs] 
37791.747: [GC 37791.747: [ParNew: 445927K->43369K(471872K), 0.2796670 secs] 5562878K->5162979K(11361088K), 0.2801050 secs] [Times: user=3.24 sys=0.01, real=0.28 secs] 
37795.061: [GC 37795.061: [ParNew: 462825K->35387K(471872K), 0.1086360 secs] 5582435K->5166051K(11361088K), 0.1090380 secs] [Times: user=0.63 sys=0.00, real=0.11 secs] 
37800.092: [GC 37800.093: [ParNew: 454843K->41431K(471872K), 0.2077830 secs] 5585507K->5172095K(11361088K), 0.2081920 secs] [Times: user=1.97 sys=0.00, real=0.21 secs] 
37806.323: [GC 37806.323: [ParNew: 460887K->27419K(471872K), 0.0929530 secs] 5591551K->5167282K(11361088K), 0.0933540 secs] [Times: user=0.61 sys=0.01, real=0.09 secs] 
37810.991: [GC 37810.991: [ParNew: 446875K->37490K(471872K), 0.1419680 secs] 5586738K->5177353K(11361088K), 0.1423760 secs] [Times: user=1.42 sys=0.00, real=0.14 secs] 
37815.222: [GC 37815.222: [ParNew: 456933K->26871K(471872K), 0.0910370 secs] 5596796K->5179413K(11361088K), 0.0914450 secs] [Times: user=0.63 sys=0.02, real=0.09 secs] 
37819.231: [GC 37819.231: [ParNew: 446327K->24987K(471872K), 0.0742690 secs] 5598869K->5177529K(11361088K), 0.0746750 secs] [Times: user=0.53 sys=0.00, real=0.07 secs] 
37824.131: [GC 37824.131: [ParNew: 444443K->33843K(471872K), 0.1653650 secs] 5596985K->5186385K(11361088K), 0.1657820 secs] [Times: user=1.97 sys=0.00, real=0.17 secs] 
37829.042: [GC 37829.042: [ParNew: 453299K->41364K(471872K), 0.1366250 secs] 5605841K->5199199K(11361088K), 0.1370390 secs] [Times: user=0.70 sys=0.01, real=0.13 secs] 
37831.441: [GC 37831.441: [ParNew: 460751K->52416K(471872K), 0.1367500 secs] 5618586K->5227329K(11361088K), 0.1371110 secs] [Times: user=0.85 sys=0.01, real=0.14 secs] 
37833.498: [GC 37833.498: [ParNew: 471872K->51547K(471872K), 0.1847190 secs] 5646785K->5274226K(11361088K), 0.1851410 secs] [Times: user=0.71 sys=0.04, real=0.19 secs] 
37835.328: [GC 37835.328: [ParNew: 471003K->52416K(471872K), 0.1729350 secs] 5693682K->5283393K(11361088K), 0.1733500 secs] [Times: user=0.76 sys=0.00, real=0.18 secs] 
37839.471: [GC 37839.472: [ParNew: 471872K->45391K(471872K), 0.1764780 secs] 5702849K->5325617K(11361088K), 0.1769340 secs] [Times: user=0.79 sys=0.07, real=0.18 secs] 
37841.367: [GC 37841.367: [ParNew: 464847K->46310K(471872K), 0.3103990 secs] 5745073K->5326536K(11361088K), 0.3107840 secs] [Times: user=3.72 sys=0.00, real=0.31 secs] 
37842.575: [GC 37842.576: [ParNew: 465574K->52416K(471872K), 0.3145310 secs] 5745800K->5368653K(11361088K), 0.3149890 secs] [Times: user=3.51 sys=0.02, real=0.31 secs] 
37845.434: [GC 37845.434: [ParNew: 471872K->52415K(471872K), 0.1800580 secs] 5788109K->5416572K(11361088K), 0.1804660 secs] [Times: user=0.73 sys=0.05, real=0.18 secs] 
37848.063: [GC 37848.063: [ParNew: 471871K->40460K(471872K), 0.1323770 secs] 5836028K->5404617K(11361088K), 0.1328350 secs] [Times: user=1.54 sys=0.00, real=0.13 secs] 
37849.923: [GC 37849.923: [ParNew: 459916K->52416K(471872K), 0.1319810 secs] 5824073K->5434057K(11361088K), 0.1323870 secs] [Times: user=0.79 sys=0.02, real=0.13 secs] 
37852.461: [GC 37852.461: [ParNew: 471872K->52416K(471872K), 0.1642960 secs] 5853513K->5484398K(11361088K), 0.1647030 secs] [Times: user=0.87 sys=0.05, real=0.17 secs] 
37856.569: [GC 37856.569: [ParNew: 471872K->33052K(471872K), 0.1319540 secs] 5903854K->5491901K(11361088K), 0.1323640 secs] [Times: user=0.59 sys=0.01, real=0.13 secs] 
37859.637: [GC 37859.638: [ParNew: 452508K->43529K(471872K), 0.0779210 secs] 5911357K->5502378K(11361088K), 0.0783630 secs] [Times: user=0.65 sys=0.00, real=0.08 secs] 
37864.306: [GC 37864.306: [ParNew: 462841K->46617K(471872K), 0.1271320 secs] 5921690K->5537678K(11361088K), 0.1275860 secs] [Times: user=0.78 sys=0.04, real=0.12 secs] 
37868.863: [GC 37868.863: [ParNew: 466073K->17391K(471872K), 0.0672440 secs] 5957134K->5520989K(11361088K), 0.0676750 secs] [Times: user=0.58 sys=0.01, real=0.07 secs] 
37872.890: [GC 37872.890: [ParNew: 436847K->21349K(471872K), 0.0854090 secs] 5940445K->5524948K(11361088K), 0.0858140 secs] [Times: user=0.75 sys=0.00, real=0.09 secs] 
37875.676: [GC 37875.676: [ParNew: 440805K->44073K(471872K), 0.0766700 secs] 5944404K->5547672K(11361088K), 0.0770790 secs] [Times: user=0.72 sys=0.01, real=0.07 secs] 
37877.156: [GC 37877.157: [ParNew: 463529K->35772K(471872K), 0.1231790 secs] 5967128K->5570940K(11361088K), 0.1236050 secs] [Times: user=0.94 sys=0.04, real=0.12 secs] 
37879.525: [GC 37879.525: [ParNew: 455228K->20374K(471872K), 0.0666470 secs] 5990396K->5555542K(11361088K), 0.0670760 secs] [Times: user=0.58 sys=0.01, real=0.07 secs] 
37881.480: [GC 37881.480: [ParNew: 439830K->44638K(471872K), 0.0691200 secs] 5974998K->5579806K(11361088K), 0.0695130 secs] [Times: user=0.65 sys=0.01, real=0.07 secs] 
37883.636: [GC 37883.636: [ParNew: 464084K->37876K(471872K), 0.1084580 secs] 5999253K->5605296K(11361088K), 0.1088740 secs] [Times: user=0.63 sys=0.05, real=0.11 secs] 
37888.442: [GC 37888.442: [ParNew: 457332K->28497K(471872K), 0.0714400 secs] 6024752K->5595917K(11361088K), 0.0718460 secs] [Times: user=0.69 sys=0.00, real=0.07 secs] 
37890.832: [GC 37890.832: [ParNew: 447953K->52416K(471872K), 0.1921130 secs] 6015373K->5637953K(11361088K), 0.1925410 secs] [Times: user=0.86 sys=0.00, real=0.19 secs] 
37896.923: [GC 37896.924: [ParNew: 471872K->46497K(471872K), 0.1904130 secs] 6057409K->5681735K(11361088K), 0.1908160 secs] [Times: user=0.70 sys=0.04, real=0.19 secs] 
37899.720: [GC 37899.721: [ParNew: 465953K->52416K(471872K), 0.1184170 secs] 6101191K->5696165K(11361088K), 0.1188480 secs] [Times: user=0.82 sys=0.01, real=0.12 secs] 
37905.003: [GC 37905.003: [ParNew: 471872K->52416K(471872K), 0.1729480 secs] 6115621K->5743697K(11361088K), 0.1734250 secs] [Times: user=0.84 sys=0.05, real=0.17 secs] 
37909.534: [GC 37909.534: [ParNew: 471872K->29610K(471872K), 0.1054220 secs] 6163153K->5748758K(11361088K), 0.1058290 secs] [Times: user=0.58 sys=0.04, real=0.11 secs] 
37912.523: [GC 37912.523: [ParNew: 449066K->52416K(471872K), 0.2225450 secs] 6168214K->5778653K(11361088K), 0.2229470 secs] [Times: user=1.65 sys=0.00, real=0.22 secs] 
37916.399: [GC 37916.399: [ParNew: 471872K->42932K(471872K), 0.1195820 secs] 6198109K->5801731K(11361088K), 0.1199760 secs] [Times: user=0.62 sys=0.04, real=0.12 secs] 
37920.874: [GC 37920.874: [ParNew: 462388K->44988K(471872K), 0.0640160 secs] 6221187K->5803788K(11361088K), 0.0644190 secs] [Times: user=0.63 sys=0.00, real=0.06 secs] 
37922.374: [GC 37922.374: [ParNew: 464444K->33984K(471872K), 0.1134910 secs] 6223244K->5826360K(11361088K), 0.1138900 secs] [Times: user=0.60 sys=0.05, real=0.11 secs] 
37924.922: [GC 37924.923: [ParNew: 453440K->23750K(471872K), 0.0936760 secs] 6245816K->5816126K(11361088K), 0.0940990 secs] [Times: user=0.59 sys=0.00, real=0.09 secs] 
37926.632: [GC 37926.632: [ParNew: 443206K->38048K(471872K), 0.0591510 secs] 6235582K->5830424K(11361088K), 0.0595830 secs] [Times: user=0.62 sys=0.00, real=0.06 secs] 
37929.211: [GC 37929.211: [ParNew: 457268K->50791K(471872K), 0.0680570 secs] 6249644K->5849754K(11361088K), 0.0684690 secs] [Times: user=0.67 sys=0.01, real=0.06 secs] 
37930.772: [GC 37930.772: [ParNew: 470247K->47265K(471872K), 0.0898960 secs] 6269210K->5868339K(11361088K), 0.0903040 secs] [Times: user=0.54 sys=0.02, real=0.09 secs] 
37933.785: [GC 37933.786: [ParNew: 466721K->52416K(471872K), 0.1047730 secs] 6287795K->5887568K(11361088K), 0.1051900 secs] [Times: user=0.88 sys=0.02, real=0.10 secs] 
37936.588: [GC 37936.589: [ParNew: 471872K->45933K(471872K), 0.1452230 secs] 6307024K->5929324K(11361088K), 0.1456310 secs] [Times: user=0.70 sys=0.07, real=0.15 secs] 
37939.628: [GC 37939.628: [ParNew: 465389K->52416K(471872K), 0.0746700 secs] 6348780K->5940480K(11361088K), 0.0750960 secs] [Times: user=0.76 sys=0.01, real=0.08 secs] 
37942.214: [GC 37942.214: [ParNew: 471872K->52416K(471872K), 0.3147850 secs] 6359936K->6000739K(11361088K), 0.3152330 secs] [Times: user=0.95 sys=0.03, real=0.31 secs] 
37943.452: [GC 37943.452: [ParNew: 471872K->46004K(471872K), 0.1137170 secs] 6420195K->6018904K(11361088K), 0.1141450 secs] [Times: user=0.74 sys=0.03, real=0.12 secs] 
37945.983: [GC 37945.983: [ParNew: 465460K->52342K(471872K), 0.1206330 secs] 6438360K->6055812K(11361088K), 0.1210800 secs] [Times: user=0.73 sys=0.04, real=0.12 secs] 
37948.172: [GC 37948.172: [ParNew: 471798K->52415K(471872K), 0.1909450 secs] 6475268K->6086032K(11361088K), 0.1913610 secs] [Times: user=0.74 sys=0.02, real=0.20 secs] 
37952.397: [GC 37952.397: [ParNew: 471650K->28224K(471872K), 0.1029050 secs] 6505266K->6068128K(11361088K), 0.1033270 secs] [Times: user=0.64 sys=0.01, real=0.10 secs] 
37957.814: [GC 37957.814: [ParNew: 447680K->39797K(471872K), 0.0697210 secs] 6487584K->6079702K(11361088K), 0.0701220 secs] [Times: user=0.70 sys=0.00, real=0.07 secs] 
37959.773: [GC 37959.774: [ParNew: 459253K->48906K(471872K), 0.0913350 secs] 6499158K->6117620K(11361088K), 0.0917650 secs] [Times: user=0.65 sys=0.03, real=0.10 secs] 
37962.376: [GC 37962.376: [ParNew: 468362K->43635K(471872K), 0.0586660 secs] 6537076K->6117895K(11361088K), 0.0590840 secs] [Times: user=0.62 sys=0.01, real=0.06 secs] 
37965.266: [GC 37965.267: [ParNew: 463091K->36027K(471872K), 0.1192880 secs] 6537351K->6136155K(11361088K), 0.1197600 secs] [Times: user=0.57 sys=0.03, real=0.12 secs] 
37968.629: [GC 37968.629: [ParNew: 455483K->19920K(471872K), 0.0613420 secs] 6555611K->6120048K(11361088K), 0.0617760 secs] [Times: user=0.62 sys=0.00, real=0.06 secs] 
37972.180: [GC 37972.180: [ParNew: 439376K->52416K(471872K), 0.1359300 secs] 6539504K->6163835K(11361088K), 0.1363570 secs] [Times: user=0.89 sys=0.02, real=0.14 secs] 
37975.351: [GC 37975.352: [ParNew: 471872K->52416K(471872K), 0.2537440 secs] 6583291K->6236091K(11361088K), 0.2541830 secs] [Times: user=1.19 sys=0.09, real=0.25 secs] 
37977.212: [GC 37977.212: [ParNew: 471872K->52416K(471872K), 0.2034590 secs] 6655547K->6290214K(11361088K), 0.2038790 secs] [Times: user=0.87 sys=0.07, real=0.20 secs] 
37982.048: [GC 37982.049: [ParNew: 471872K->29856K(471872K), 0.0715650 secs] 6709670K->6267654K(11361088K), 0.0719800 secs] [Times: user=0.63 sys=0.00, real=0.07 secs] 
37986.015: [GC 37986.015: [ParNew: 449312K->52012K(471872K), 0.0967460 secs] 6687110K->6289810K(11361088K), 0.0971740 secs] [Times: user=0.72 sys=0.00, real=0.10 secs] 
37987.459: [GC 37987.459: [ParNew: 471468K->45669K(471872K), 0.0904310 secs] 6709266K->6302234K(11361088K), 0.0908440 secs] [Times: user=0.48 sys=0.01, real=0.09 secs] 
37990.272: [GC 37990.273: [ParNew: 465125K->52416K(471872K), 0.1520030 secs] 6721690K->6338502K(11361088K), 0.1524310 secs] [Times: user=0.78 sys=0.03, real=0.15 secs] 
37992.984: [GC 37992.985: [ParNew: 471872K->52416K(471872K), 0.3966660 secs] 6757958K->6407223K(11361088K), 0.3970750 secs] [Times: user=1.30 sys=0.07, real=0.40 secs] 
37996.719: [GC 37996.720: [ParNew: 471872K->52416K(471872K), 0.2523760 secs] 6826679K->6466477K(11361088K), 0.2527990 secs] [Times: user=1.04 sys=0.05, real=0.25 secs] 
37997.751: [GC 37997.751: [ParNew: 471872K->52416K(471872K), 0.1124310 secs] 6885933K->6503387K(11361088K), 0.1128450 secs] [Times: user=0.80 sys=0.06, real=0.11 secs] 
38002.391: [GC 38002.391: [ParNew: 471872K->52416K(471872K), 0.1539940 secs] 6922843K->6527916K(11361088K), 0.1544300 secs] [Times: user=0.94 sys=0.03, real=0.15 secs] 
38006.172: [GC 38006.172: [ParNew: 471872K->52416K(471872K), 0.2238280 secs] 6947372K->6585230K(11361088K), 0.2242910 secs] [Times: user=1.01 sys=0.07, real=0.22 secs] 
38010.111: [GC 38010.111: [ParNew: 471872K->52416K(471872K), 0.2000630 secs] 7004686K->6620166K(11361088K), 0.2004780 secs] [Times: user=0.74 sys=0.06, real=0.20 secs] 
38013.524: [GC 38013.525: [ParNew: 471872K->49479K(471872K), 0.0955200 secs] 7039622K->6617229K(11361088K), 0.0959430 secs] [Times: user=0.68 sys=0.00, real=0.10 secs] 
38019.676: [GC 38019.676: [ParNew: 468935K->36484K(471872K), 0.1357470 secs] 7036685K->6635293K(11361088K), 0.1361850 secs] [Times: user=0.64 sys=0.03, real=0.14 secs] 
38022.366: [GC 38022.366: [ParNew: 455940K->52415K(471872K), 0.1581840 secs] 7054749K->6653470K(11361088K), 0.1586160 secs] [Times: user=0.81 sys=0.00, real=0.16 secs] 
38023.930: [GC 38023.930: [ParNew: 471649K->41441K(471872K), 0.1457490 secs] 7072704K->6675534K(11361088K), 0.1461720 secs] [Times: user=0.68 sys=0.02, real=0.15 secs] 
38026.630: [GC 38026.630: [ParNew: 460897K->52416K(471872K), 0.1554140 secs] 7094990K->6717493K(11361088K), 0.1558200 secs] [Times: user=0.80 sys=0.04, real=0.16 secs] 
38030.476: [GC 38030.476: [ParNew: 471872K->44169K(471872K), 0.1390320 secs] 7136949K->6756092K(11361088K), 0.1394450 secs] [Times: user=0.71 sys=0.05, real=0.14 secs] 
38032.998: [GC 38032.999: [ParNew: 463625K->21536K(471872K), 0.0624820 secs] 7175548K->6733459K(11361088K), 0.0629110 secs] [Times: user=0.61 sys=0.01, real=0.07 secs] 
38035.547: [GC 38035.547: [ParNew: 440992K->27319K(471872K), 0.0663020 secs] 7152915K->6739242K(11361088K), 0.0667060 secs] [Times: user=0.63 sys=0.00, real=0.07 secs] 
38038.426: [GC 38038.426: [ParNew: 446775K->32226K(471872K), 0.0744950 secs] 7158698K->6744149K(11361088K), 0.0749120 secs] [Times: user=0.65 sys=0.00, real=0.07 secs] 
38040.606: [GC 38040.606: [ParNew: 451682K->45358K(471872K), 0.0860290 secs] 7163605K->6759776K(11361088K), 0.0864180 secs] [Times: user=0.68 sys=0.00, real=0.09 secs] 
38042.558: [GC 38042.559: [ParNew: 464814K->52416K(471872K), 0.1412810 secs] 7179232K->6779511K(11361088K), 0.1417220 secs] [Times: user=0.73 sys=0.00, real=0.14 secs] 
38043.571: [GC 38043.571: [ParNew: 471872K->52416K(471872K), 0.1872170 secs] 7198967K->6802561K(11361088K), 0.1876170 secs] [Times: user=0.87 sys=0.02, real=0.19 secs] 
38045.466: [GC 38045.466: [ParNew: 471704K->52416K(471872K), 0.2175950 secs] 7221850K->6844522K(11361088K), 0.2180060 secs] [Times: user=0.97 sys=0.05, real=0.22 secs] 
38046.542: [GC 38046.542: [ParNew: 471872K->52416K(471872K), 0.2389890 secs] 7263978K->6895018K(11361088K), 0.2393260 secs] [Times: user=1.05 sys=0.05, real=0.24 secs] 
38047.979: [GC 38047.979: [ParNew: 471872K->51859K(471872K), 0.2906620 secs] 7314474K->6930101K(11361088K), 0.2910830 secs] [Times: user=2.04 sys=0.05, real=0.29 secs] 
38052.557: [GC 38052.558: [ParNew: 471315K->52416K(471872K), 0.1204800 secs] 7349557K->6940167K(11361088K), 0.1209060 secs] [Times: user=0.78 sys=0.02, real=0.12 secs] 
38053.362: [GC 38053.362: [ParNew: 471872K->52416K(471872K), 0.1305560 secs] 7359623K->6990553K(11361088K), 0.1308930 secs] [Times: user=0.90 sys=0.05, real=0.13 secs] 
38058.270: [GC 38058.270: [ParNew: 471872K->52416K(471872K), 0.1191860 secs] 7410009K->6998794K(11361088K), 0.1196100 secs] [Times: user=0.81 sys=0.01, real=0.12 secs] 
38060.716: [GC 38060.716: [ParNew: 471872K->49719K(471872K), 0.1770090 secs] 7418250K->7042398K(11361088K), 0.1773600 secs] [Times: user=0.79 sys=0.05, real=0.17 secs] 
38063.931: [GC 38063.931: [ParNew: 469175K->52416K(471872K), 0.0791510 secs] 7461854K->7046802K(11361088K), 0.0795770 secs] [Times: user=0.72 sys=0.00, real=0.08 secs] 
38066.352: [GC 38066.352: [ParNew: 471872K->37609K(471872K), 0.1334150 secs] 7466258K->7075698K(11361088K), 0.1338020 secs] [Times: user=0.65 sys=0.06, real=0.14 secs] 
38067.769: [GC 38067.770: [ParNew: 457065K->40662K(471872K), 0.0735300 secs] 7495154K->7078751K(11361088K), 0.0739390 secs] [Times: user=0.63 sys=0.01, real=0.07 secs] 
38068.909: [GC 38068.909: [ParNew: 460118K->43215K(471872K), 0.1045040 secs] 7498207K->7109645K(11361088K), 0.1049180 secs] [Times: user=0.71 sys=0.03, real=0.10 secs] 
38071.118: [GC 38071.118: [ParNew: 462671K->32200K(471872K), 0.1046970 secs] 7529101K->7130015K(11361088K), 0.1051110 secs] [Times: user=0.61 sys=0.04, real=0.10 secs] 
38074.097: [GC 38074.097: [ParNew: 451656K->26680K(471872K), 0.0813100 secs] 7549471K->7124495K(11361088K), 0.0817240 secs] [Times: user=0.66 sys=0.00, real=0.08 secs] 
38076.831: [GC 38076.831: [ParNew: 446136K->50128K(471872K), 0.0706120 secs] 7543951K->7147944K(11361088K), 0.0710020 secs] [Times: user=0.75 sys=0.01, real=0.07 secs] 
38079.690: [GC 38079.690: [ParNew: 469584K->48956K(471872K), 0.1250030 secs] 7567400K->7186810K(11361088K), 0.1254320 secs] [Times: user=0.76 sys=0.05, real=0.12 secs] 
38082.521: [GC 38082.521: [ParNew: 468412K->22393K(471872K), 0.1028770 secs] 7606266K->7186763K(11361088K), 0.1033070 secs] [Times: user=0.58 sys=0.03, real=0.10 secs] 
38085.105: [GC 38085.106: [ParNew: 441849K->30173K(471872K), 0.0825940 secs] 7606219K->7194543K(11361088K), 0.0830570 secs] [Times: user=0.65 sys=0.01, real=0.09 secs] 
38086.009: [GC 38086.009: [ParNew: 449629K->38512K(471872K), 0.0774280 secs] 7613999K->7209265K(11361088K), 0.0778270 secs] [Times: user=0.71 sys=0.01, real=0.07 secs] 
38086.623: [GC 38086.623: [ParNew: 457968K->37491K(471872K), 0.0820780 secs] 7628721K->7220595K(11361088K), 0.0825360 secs] [Times: user=0.58 sys=0.02, real=0.08 secs] 
38087.655: [GC 38087.655: [ParNew: 456947K->46146K(471872K), 0.0880870 secs] 7640051K->7241730K(11361088K), 0.0885130 secs] [Times: user=0.62 sys=0.00, real=0.09 secs] 
38088.475: [GC 38088.475: [ParNew: 465602K->48183K(471872K), 0.0781060 secs] 7661186K->7255871K(11361088K), 0.0785120 secs] [Times: user=0.74 sys=0.02, real=0.08 secs] 
38089.221: [GC 38089.221: [ParNew: 467639K->52145K(471872K), 0.0939210 secs] 7675327K->7278570K(11361088K), 0.0943340 secs] [Times: user=0.66 sys=0.04, real=0.09 secs] 
38089.889: [GC 38089.889: [ParNew: 471601K->52415K(471872K), 0.1826020 secs] 7698026K->7301197K(11361088K), 0.1829730 secs] [Times: user=0.64 sys=0.01, real=0.18 secs] 
38090.954: [GC 38090.954: [ParNew: 471871K->52416K(471872K), 0.2800990 secs] 7720653K->7328366K(11361088K), 0.2805220 secs] [Times: user=0.91 sys=0.01, real=0.28 secs] 
38093.702: [GC 38093.703: [ParNew (promotion failed): 471872K->465762K(471872K), 4.4922380 secs]38098.195: [CMS: 7278372K->4923865K(10889216K), 21.5344780 secs] 7747822K->4923865K(11361088K), [CMS Perm : 401870K->396936K(524288K)], 26.0272200 secs] [Times: user=25.67 sys=3.22, real=26.02 secs] 
38120.438: [GC 38120.438: [ParNew: 419434K->20887K(471872K), 0.0738010 secs] 5343299K->4944752K(11361088K), 0.0742900 secs] [Times: user=0.62 sys=0.00, real=0.08 secs] 
38120.974: [GC 38120.974: [ParNew: 440343K->32080K(471872K), 0.0811660 secs] 5364208K->4955945K(11361088K), 0.0815320 secs] [Times: user=0.53 sys=0.00, real=0.08 secs] 
38121.636: [GC 38121.636: [ParNew: 451536K->35856K(471872K), 0.0770860 secs] 5375401K->4959721K(11361088K), 0.0775170 secs] [Times: user=0.52 sys=0.00, real=0.08 secs] 
38122.559: [GC 38122.560: [ParNew: 455312K->48264K(471872K), 0.1427160 secs] 5379177K->4980318K(11361088K), 0.1431320 secs] [Times: user=0.71 sys=0.02, real=0.15 secs] 
38123.760: [GC 38123.760: [ParNew: 467720K->52416K(471872K), 0.3506170 secs] 5399774K->5017855K(11361088K), 0.3510230 secs] [Times: user=2.53 sys=0.02, real=0.35 secs] 
38126.443: [GC 38126.443: [ParNew: 471872K->33498K(471872K), 0.1076250 secs] 5437311K->5016522K(11361088K), 0.1080810 secs] [Times: user=0.50 sys=0.01, real=0.11 secs] 
38128.067: [GC 38128.067: [ParNew: 452776K->25262K(471872K), 0.0914360 secs] 5435800K->5008286K(11361088K), 0.0918160 secs] [Times: user=0.74 sys=0.00, real=0.09 secs] 
38129.101: [GC 38129.101: [ParNew: 444718K->39910K(471872K), 0.2408720 secs] 5427742K->5022934K(11361088K), 0.2412680 secs] [Times: user=3.04 sys=0.00, real=0.25 secs] 
38132.584: [GC 38132.584: [ParNew: 459366K->34353K(471872K), 0.0732500 secs] 5442390K->5026161K(11361088K), 0.0736770 secs] [Times: user=0.41 sys=0.01, real=0.07 secs] 
38134.624: [GC 38134.624: [ParNew: 453809K->31728K(471872K), 0.0884500 secs] 5445617K->5023536K(11361088K), 0.0888580 secs] [Times: user=0.65 sys=0.00, real=0.09 secs] 
38137.279: [GC 38137.279: [ParNew: 451184K->52416K(471872K), 0.1050690 secs] 5442992K->5047463K(11361088K), 0.1054990 secs] [Times: user=0.71 sys=0.00, real=0.11 secs] 
38139.642: [GC 38139.642: [ParNew: 471872K->38871K(471872K), 0.1329500 secs] 5466919K->5076749K(11361088K), 0.1333710 secs] [Times: user=0.59 sys=0.05, real=0.14 secs] 
38142.525: [GC 38142.525: [ParNew: 458327K->46042K(471872K), 0.0763610 secs] 5496205K->5083921K(11361088K), 0.0767750 secs] [Times: user=0.67 sys=0.00, real=0.07 secs] 
38146.948: [GC 38146.948: [ParNew: 465498K->52415K(471872K), 0.1452220 secs] 5503377K->5125077K(11361088K), 0.1456410 secs] [Times: user=0.63 sys=0.03, real=0.14 secs] 
38149.733: [GC 38149.733: [ParNew: 471871K->36691K(471872K), 0.1173980 secs] 5544533K->5137387K(11361088K), 0.1178490 secs] [Times: user=0.52 sys=0.04, real=0.12 secs] 
38152.987: [GC 38152.987: [ParNew: 456147K->23376K(471872K), 0.0836060 secs] 5556843K->5124073K(11361088K), 0.0841120 secs] [Times: user=0.52 sys=0.00, real=0.08 secs] 
38155.518: [GC 38155.519: [ParNew: 442832K->44918K(471872K), 0.0734140 secs] 5543529K->5145615K(11361088K), 0.0739200 secs] [Times: user=0.70 sys=0.01, real=0.07 secs] 
38157.569: [GC 38157.570: [ParNew: 464374K->52416K(471872K), 0.2046960 secs] 5565071K->5198591K(11361088K), 0.2051120 secs] [Times: user=1.42 sys=0.05, real=0.21 secs] 
38160.075: [GC 38160.075: [ParNew: 471747K->52416K(471872K), 0.2048780 secs] 5617923K->5244471K(11361088K), 0.2052900 secs] [Times: user=0.68 sys=0.04, real=0.21 secs] 
38164.043: [GC 38164.043: [ParNew: 471872K->26656K(471872K), 0.0694510 secs] 5663927K->5218712K(11361088K), 0.0698800 secs] [Times: user=0.56 sys=0.00, real=0.07 secs] 
38165.990: [GC 38165.990: [ParNew: 446112K->52416K(471872K), 0.2740380 secs] 5638168K->5266652K(11361088K), 0.2744430 secs] [Times: user=1.07 sys=0.01, real=0.27 secs] 
38166.999: [GC 38166.999: [ParNew: 471872K->52415K(471872K), 0.4477890 secs] 5686108K->5320039K(11361088K), 0.4481870 secs] [Times: user=2.26 sys=0.02, real=0.45 secs] 
38169.752: [GC 38169.752: [ParNew: 471871K->52416K(471872K), 0.2174230 secs] 5739495K->5345466K(11361088K), 0.2178360 secs] [Times: user=1.41 sys=0.04, real=0.22 secs] 
38169.973: [GC 38169.973: [ParNew: 53023K->10697K(471872K), 0.1958750 secs] 5346074K->5345630K(11361088K), 0.1962710 secs] [Times: user=1.77 sys=0.04, real=0.20 secs] 
38172.807: [GC 38172.807: [ParNew: 430153K->12591K(471872K), 0.0577120 secs] 5765086K->5347524K(11361088K), 0.0580800 secs] [Times: user=0.54 sys=0.01, real=0.05 secs] 
38174.996: [GC 38174.996: [ParNew: 432047K->52416K(471872K), 0.0983210 secs] 5766980K->5395798K(11361088K), 0.0986690 secs] [Times: user=0.82 sys=0.01, real=0.10 secs] 
38176.217: [GC 38176.217: [ParNew: 471872K->47997K(471872K), 0.1938850 secs] 5815254K->5439332K(11361088K), 0.1943490 secs] [Times: user=0.74 sys=0.05, real=0.19 secs] 
38178.539: [GC 38178.539: [ParNew: 467453K->28455K(471872K), 0.0970170 secs] 5858788K->5419790K(11361088K), 0.0974370 secs] [Times: user=0.62 sys=0.01, real=0.10 secs] 
38181.153: [GC 38181.154: [ParNew: 447911K->28048K(471872K), 0.0658930 secs] 5839246K->5419384K(11361088K), 0.0663180 secs] [Times: user=0.61 sys=0.00, real=0.07 secs] 
38183.280: [GC 38183.281: [ParNew: 447504K->52416K(471872K), 0.1032340 secs] 5838840K->5447910K(11361088K), 0.1036550 secs] [Times: user=0.68 sys=0.01, real=0.10 secs] 
38185.314: [GC 38185.314: [ParNew: 471872K->52416K(471872K), 0.1249780 secs] 5867366K->5492996K(11361088K), 0.1253700 secs] [Times: user=0.89 sys=0.06, real=0.13 secs] 
38187.163: [GC 38187.164: [ParNew: 471872K->45442K(471872K), 0.1335420 secs] 5912452K->5528409K(11361088K), 0.1339650 secs] [Times: user=0.65 sys=0.05, real=0.13 secs] 
38189.955: [GC 38189.955: [ParNew: 464898K->27788K(471872K), 0.0800380 secs] 5947865K->5510755K(11361088K), 0.0804450 secs] [Times: user=0.62 sys=0.01, real=0.08 secs] 
38191.927: [GC 38191.927: [ParNew: 447244K->51041K(471872K), 0.1529100 secs] 5930211K->5534007K(11361088K), 0.1533190 secs] [Times: user=0.66 sys=0.01, real=0.16 secs] 
38192.649: [GC 38192.649: [ParNew: 470497K->36308K(471872K), 0.0814310 secs] 5953463K->5538835K(11361088K), 0.0818520 secs] [Times: user=0.48 sys=0.01, real=0.08 secs] 
38195.208: [GC 38195.209: [ParNew: 455586K->28579K(471872K), 0.0991040 secs] 5958112K->5555320K(11361088K), 0.0995220 secs] [Times: user=0.50 sys=0.03, real=0.10 secs] 
38198.575: [GC 38198.575: [ParNew: 448035K->23846K(471872K), 0.0660880 secs] 5974776K->5550588K(11361088K), 0.0664510 secs] [Times: user=0.54 sys=0.00, real=0.07 secs] 
38199.920: [GC 38199.920: [ParNew: 443302K->32936K(471872K), 0.1035280 secs] 5970044K->5559678K(11361088K), 0.1039400 secs] [Times: user=0.67 sys=0.01, real=0.10 secs] 
38201.482: [GC 38201.482: [ParNew: 452392K->45071K(471872K), 0.1593870 secs] 5979134K->5577825K(11361088K), 0.1598020 secs] [Times: user=1.69 sys=0.01, real=0.16 secs] 
38204.620: [GC 38204.621: [ParNew: 464527K->31377K(471872K), 0.4370370 secs] 5997281K->5591008K(11361088K), 0.4374400 secs] [Times: user=5.11 sys=0.02, real=0.43 secs] 
38206.700: [GC 38206.701: [ParNew: 450833K->52416K(471872K), 0.0706280 secs] 6010464K->5612096K(11361088K), 0.0722320 secs] [Times: user=0.62 sys=0.01, real=0.07 secs] 
38208.545: [GC 38208.545: [ParNew: 471872K->52416K(471872K), 0.1513230 secs] 6031552K->5649838K(11361088K), 0.1517340 secs] [Times: user=0.69 sys=0.03, real=0.15 secs] 
38209.489: [GC 38209.489: [ParNew: 471872K->47572K(471872K), 0.1549800 secs] 6069294K->5676569K(11361088K), 0.1553650 secs] [Times: user=0.58 sys=0.04, real=0.16 secs] 
38212.514: [GC 38212.514: [ParNew: 467028K->43122K(471872K), 0.0832500 secs] 6096025K->5672120K(11361088K), 0.0836690 secs] [Times: user=0.64 sys=0.01, real=0.08 secs] 
38215.271: [GC 38215.271: [ParNew: 462578K->27673K(471872K), 0.1007500 secs] 6091576K->5686462K(11361088K), 0.1011580 secs] [Times: user=0.51 sys=0.03, real=0.10 secs] 
38217.091: [GC 38217.091: [ParNew: 447129K->19757K(471872K), 0.0842100 secs] 6105918K->5678546K(11361088K), 0.0846330 secs] [Times: user=0.55 sys=0.00, real=0.08 secs] 
38219.610: [GC 38219.611: [ParNew: 439213K->23098K(471872K), 0.0792780 secs] 6098002K->5681887K(11361088K), 0.0796930 secs] [Times: user=0.57 sys=0.00, real=0.08 secs] 
38221.448: [GC 38221.448: [ParNew: 442554K->33377K(471872K), 0.2035510 secs] 6101343K->5692166K(11361088K), 0.2039780 secs] [Times: user=2.43 sys=0.01, real=0.21 secs] 
38222.656: [GC 38222.657: [ParNew: 452833K->34657K(471872K), 0.0771380 secs] 6111622K->5699473K(11361088K), 0.0775530 secs] [Times: user=0.86 sys=0.01, real=0.08 secs] 
38225.027: [GC 38225.027: [ParNew: 454113K->52415K(471872K), 0.3263350 secs] 6118929K->5717759K(11361088K), 0.3267150 secs] [Times: user=4.06 sys=0.00, real=0.33 secs] 
38226.411: [GC 38226.412: [ParNew: 471871K->52416K(471872K), 0.1665600 secs] 6137215K->5748503K(11361088K), 0.1669690 secs] [Times: user=1.00 sys=0.03, real=0.17 secs] 
38227.619: [GC 38227.619: [ParNew: 471872K->52415K(471872K), 0.2590060 secs] 6167959K->5801256K(11361088K), 0.2594150 secs] [Times: user=0.86 sys=0.07, real=0.26 secs] 
38228.712: [GC 38228.713: [ParNew: 471871K->36570K(471872K), 0.0602690 secs] 6220712K->5785411K(11361088K), 0.0606610 secs] [Times: user=0.69 sys=0.00, real=0.06 secs] 
38229.407: [GC 38229.407: [ParNew: 456026K->48974K(471872K), 0.0705860 secs] 6204867K->5808255K(11361088K), 0.0710090 secs] [Times: user=0.68 sys=0.01, real=0.07 secs] 
38230.248: [GC 38230.249: [ParNew: 468430K->52416K(471872K), 0.1336210 secs] 6227711K->5833040K(11361088K), 0.1340860 secs] [Times: user=0.67 sys=0.02, real=0.14 secs] 
38231.055: [GC 38231.055: [ParNew: 471872K->52416K(471872K), 0.0841950 secs] 6252496K->5851236K(11361088K), 0.0846720 secs] [Times: user=0.66 sys=0.03, real=0.08 secs] 
38231.673: [GC 38231.673: [ParNew: 471872K->52416K(471872K), 0.1606490 secs] 6270692K->5891392K(11361088K), 0.1610010 secs] [Times: user=1.03 sys=0.04, real=0.16 secs] 
38232.838: [GC 38232.838: [ParNew: 471872K->52416K(471872K), 0.3443620 secs] 6310848K->5968301K(11361088K), 0.3447920 secs] [Times: user=1.45 sys=0.08, real=0.35 secs] 
38234.047: [GC 38234.047: [ParNew: 471872K->52416K(471872K), 0.4227320 secs] 6387757K->6015502K(11361088K), 0.4231380 secs] [Times: user=1.23 sys=0.05, real=0.42 secs] 
38235.632: [GC 38235.633: [ParNew: 471862K->52416K(471872K), 0.1448550 secs] 6434949K->6041931K(11361088K), 0.1453440 secs] [Times: user=0.82 sys=0.05, real=0.15 secs] 
38236.709: [GC 38236.709: [ParNew: 471872K->52416K(471872K), 0.0901000 secs] 6461387K->6059735K(11361088K), 0.0905370 secs] [Times: user=0.74 sys=0.03, real=0.09 secs] 
38239.840: [GC 38239.840: [ParNew: 471872K->52416K(471872K), 0.2584570 secs] 6479191K->6119591K(11361088K), 0.2588650 secs] [Times: user=0.97 sys=0.05, real=0.26 secs] 
38243.973: [GC 38243.973: [ParNew: 471872K->52416K(471872K), 0.1659840 secs] 6539047K->6156968K(11361088K), 0.1664150 secs] [Times: user=0.99 sys=0.05, real=0.17 secs] 
38245.685: [GC 38245.685: [ParNew: 471872K->52416K(471872K), 0.1942670 secs] 6576424K->6210881K(11361088K), 0.1946370 secs] [Times: user=0.79 sys=0.09, real=0.19 secs] 
38246.820: [GC 38246.820: [ParNew: 471631K->52416K(471872K), 0.1048800 secs] 6630097K->6238189K(11361088K), 0.1052520 secs] [Times: user=0.85 sys=0.04, real=0.11 secs] 
38248.028: [GC 38248.028: [ParNew: 471872K->52101K(471872K), 0.1620520 secs] 6657645K->6287317K(11361088K), 0.1624830 secs] [Times: user=0.74 sys=0.06, real=0.16 secs] 
38249.848: [GC 38249.848: [ParNew: 471557K->42284K(471872K), 0.0651330 secs] 6706773K->6277500K(11361088K), 0.0655230 secs] [Times: user=0.65 sys=0.01, real=0.07 secs] 
38252.991: [GC 38252.991: [ParNew: 461740K->34267K(471872K), 0.1588450 secs] 6696956K->6302277K(11361088K), 0.1592580 secs] [Times: user=0.61 sys=0.01, real=0.16 secs] 
38255.937: [GC 38255.937: [ParNew: 453723K->28889K(471872K), 0.0705870 secs] 6721733K->6296899K(11361088K), 0.0710070 secs] [Times: user=0.63 sys=0.02, real=0.07 secs] 
38258.597: [GC 38258.597: [ParNew: 448345K->47733K(471872K), 0.1081960 secs] 6716355K->6315743K(11361088K), 0.1086120 secs] [Times: user=1.11 sys=0.01, real=0.11 secs] 
38259.764: [GC 38259.765: [ParNew: 467189K->52416K(471872K), 0.1313130 secs] 6735199K->6341142K(11361088K), 0.1317490 secs] [Times: user=1.28 sys=0.02, real=0.14 secs] 
38262.733: [GC 38262.733: [ParNew: 471872K->52416K(471872K), 0.1566270 secs] 6760598K->6386156K(11361088K), 0.1570000 secs] [Times: user=0.80 sys=0.02, real=0.16 secs] 
38264.156: [GC 38264.156: [ParNew: 471872K->43118K(471872K), 0.1395920 secs] 6805612K->6402573K(11361088K), 0.1399830 secs] [Times: user=1.21 sys=0.04, real=0.14 secs] 
38271.910: [GC 38271.910: [ParNew: 462574K->28043K(471872K), 0.0686000 secs] 6822029K->6404315K(11361088K), 0.0690200 secs] [Times: user=0.54 sys=0.02, real=0.07 secs] 
38273.671: [GC 38273.672: [ParNew: 447499K->31131K(471872K), 0.1048210 secs] 6823771K->6407403K(11361088K), 0.1053180 secs] [Times: user=0.57 sys=0.00, real=0.11 secs] 
38275.690: [GC 38275.690: [ParNew: 450587K->35299K(471872K), 0.0687170 secs] 6826859K->6411571K(11361088K), 0.0691280 secs] [Times: user=0.66 sys=0.00, real=0.07 secs] 
38278.013: [GC 38278.014: [ParNew: 454755K->47407K(471872K), 0.1043540 secs] 6831027K->6429154K(11361088K), 0.1047860 secs] [Times: user=0.87 sys=0.00, real=0.11 secs] 
38281.100: [GC 38281.100: [ParNew: 466863K->47355K(471872K), 0.0832610 secs] 6848610K->6440781K(11361088K), 0.0836760 secs] [Times: user=0.68 sys=0.01, real=0.08 secs] 
38283.096: [GC 38283.096: [ParNew: 466811K->52416K(471872K), 0.0973660 secs] 6860237K->6459353K(11361088K), 0.0977750 secs] [Times: user=0.69 sys=0.02, real=0.10 secs] 
38285.719: [GC 38285.719: [ParNew: 471872K->52416K(471872K), 0.3730180 secs] 6878809K->6489067K(11361088K), 0.3734740 secs] [Times: user=0.86 sys=0.01, real=0.37 secs] 
38286.691: [GC 38286.691: [ParNew: 471872K->52416K(471872K), 0.1506450 secs] 6908523K->6507217K(11361088K), 0.1510890 secs] [Times: user=1.14 sys=0.02, real=0.15 secs] 
38291.980: [GC 38291.981: [ParNew: 471872K->48400K(471872K), 0.1292030 secs] 6926673K->6536883K(11361088K), 0.1296140 secs] [Times: user=0.69 sys=0.05, real=0.13 secs] 
38294.247: [GC 38294.247: [ParNew: 467856K->26092K(471872K), 0.0758890 secs] 6956339K->6514575K(11361088K), 0.0763080 secs] [Times: user=0.50 sys=0.00, real=0.08 secs] 
38297.743: [GC 38297.743: [ParNew: 445548K->26172K(471872K), 0.0600370 secs] 6934031K->6514655K(11361088K), 0.0604730 secs] [Times: user=0.55 sys=0.00, real=0.06 secs] 
38300.035: [GC 38300.036: [ParNew: 445628K->52416K(471872K), 0.1005950 secs] 6934111K->6544443K(11361088K), 0.1010150 secs] [Times: user=0.75 sys=0.00, real=0.10 secs] 
38304.373: [GC 38304.373: [ParNew: 471872K->41517K(471872K), 0.1348310 secs] 6963899K->6576102K(11361088K), 0.1352560 secs] [Times: user=0.65 sys=0.02, real=0.13 secs] 
38307.822: [GC 38307.822: [ParNew: 460973K->19663K(471872K), 0.0728240 secs] 6995558K->6554248K(11361088K), 0.0732330 secs] [Times: user=0.62 sys=0.00, real=0.07 secs] 
38309.166: [GC 38309.166: [ParNew: 439119K->17299K(471872K), 0.0607640 secs] 6973704K->6551884K(11361088K), 0.0611870 secs] [Times: user=0.57 sys=0.01, real=0.06 secs] 
38311.680: [GC 38311.680: [ParNew: 436755K->20701K(471872K), 0.0583470 secs] 6971340K->6555286K(11361088K), 0.0588110 secs] [Times: user=0.61 sys=0.00, real=0.06 secs] 
38314.194: [GC 38314.194: [ParNew: 439733K->29644K(471872K), 0.0840350 secs] 6974318K->6567843K(11361088K), 0.0843900 secs] [Times: user=0.82 sys=0.00, real=0.08 secs] 
38317.342: [GC 38317.342: [ParNew: 449100K->49857K(471872K), 0.0745250 secs] 6987299K->6590459K(11361088K), 0.0749450 secs] [Times: user=0.65 sys=0.01, real=0.07 secs] 
38319.710: [GC 38319.710: [ParNew: 469313K->52415K(471872K), 0.1026880 secs] 7009915K->6615348K(11361088K), 0.1031290 secs] [Times: user=0.79 sys=0.01, real=0.11 secs] 
38322.104: [GC 38322.104: [ParNew: 471871K->47078K(471872K), 0.1503180 secs] 7034804K->6649284K(11361088K), 0.1507450 secs] [Times: user=0.79 sys=0.05, real=0.15 secs] 
38323.206: [GC 38323.206: [ParNew: 466534K->44714K(471872K), 0.0599070 secs] 7068740K->6646920K(11361088K), 0.0603000 secs] [Times: user=0.70 sys=0.01, real=0.06 secs] 
38324.129: [GC 38324.129: [ParNew: 464170K->52416K(471872K), 0.0787620 secs] 7066376K->6672954K(11361088K), 0.0791780 secs] [Times: user=0.72 sys=0.03, real=0.08 secs] 
38324.784: [GC 38324.784: [ParNew: 471872K->52416K(471872K), 0.0997790 secs] 7092410K->6692213K(11361088K), 0.1002150 secs] [Times: user=0.65 sys=0.02, real=0.10 secs] 
38325.650: [GC 38325.650: [ParNew: 471872K->39196K(471872K), 0.0780440 secs] 7111669K->6699415K(11361088K), 0.0783980 secs] [Times: user=0.62 sys=0.04, real=0.08 secs] 
38326.479: [GC 38326.479: [ParNew: 458652K->49449K(471872K), 0.0724970 secs] 7118871K->6721756K(11361088K), 0.0728650 secs] [Times: user=0.56 sys=0.02, real=0.07 secs] 
38327.590: [GC 38327.590: [ParNew: 468905K->52416K(471872K), 0.2760780 secs] 7141212K->6772198K(11361088K), 0.2764950 secs] [Times: user=1.45 sys=0.04, real=0.28 secs] 
38329.263: [GC 38329.264: [ParNew: 471872K->52416K(471872K), 0.2638210 secs] 7191654K->6806215K(11361088K), 0.2642360 secs] [Times: user=0.84 sys=0.04, real=0.26 secs] 
38331.259: [GC 38331.260: [ParNew: 471872K->28162K(471872K), 0.1225670 secs] 7225671K->6807942K(11361088K), 0.1229860 secs] [Times: user=0.59 sys=0.04, real=0.12 secs] 
38333.757: [GC 38333.757: [ParNew: 447618K->22990K(471872K), 0.1110650 secs] 7227398K->6802769K(11361088K), 0.1114960 secs] [Times: user=0.83 sys=0.07, real=0.11 secs] 
38335.700: [GC 38335.700: [ParNew: 442446K->52416K(471872K), 0.1825020 secs] 7222225K->6840412K(11361088K), 0.1830450 secs] [Times: user=1.12 sys=0.25, real=0.19 secs] 
38338.131: [GC 38338.131: [ParNew: 471872K->52416K(471872K), 0.4201980 secs] 7259868K->6899613K(11361088K), 0.4206940 secs] [Times: user=1.49 sys=0.40, real=0.42 secs] 
38340.108: [GC 38340.108: [ParNew: 471872K->52416K(471872K), 0.2998030 secs] 7319069K->6946788K(11361088K), 0.3003660 secs] [Times: user=0.98 sys=0.19, real=0.30 secs] 
38345.027: [GC 38345.027: [ParNew: 471872K->52166K(471872K), 0.0917800 secs] 7366244K->6946538K(11361088K), 0.0922400 secs] [Times: user=0.81 sys=0.01, real=0.09 secs] 
38345.723: [GC 38345.724: [ParNew: 471622K->36210K(471872K), 0.1991050 secs] 7365994K->6965594K(11361088K), 0.1994860 secs] [Times: user=0.77 sys=0.20, real=0.20 secs] 
38346.805: [GC 38346.805: [ParNew: 455666K->37309K(471872K), 0.1414690 secs] 7385050K->6966694K(11361088K), 0.1420000 secs] [Times: user=0.68 sys=0.00, real=0.14 secs] 
38348.912: [GC 38348.912: [ParNew: 456765K->52416K(471872K), 0.2294070 secs] 7386150K->7015473K(11361088K), 0.2299350 secs] [Times: user=1.23 sys=0.18, real=0.23 secs] 
38350.885: [GC 38350.885: [ParNew: 471872K->52416K(471872K), 0.3123230 secs] 7434929K->7065703K(11361088K), 0.3128730 secs] [Times: user=1.03 sys=0.24, real=0.31 secs] 
38354.126: [GC 38354.126: [ParNew: 471872K->45227K(471872K), 0.0809800 secs] 7485159K->7058515K(11361088K), 0.0815000 secs] [Times: user=0.64 sys=0.00, real=0.08 secs] 
38357.416: [GC 38357.416: [ParNew: 464683K->35723K(471872K), 0.3061750 secs] 7477971K->7079780K(11361088K), 0.3068650 secs] [Times: user=0.69 sys=0.04, real=0.30 secs] 
38360.057: [GC 38360.057: [ParNew: 455179K->42658K(471872K), 0.0805460 secs] 7499236K->7086715K(11361088K), 0.0809690 secs] [Times: user=0.65 sys=0.00, real=0.08 secs] 
38361.703: [GC 38361.704: [ParNew: 462114K->30620K(471872K), 0.1969280 secs] 7506171K->7104694K(11361088K), 0.1974070 secs] [Times: user=0.66 sys=0.09, real=0.20 secs] 
38363.649: [GC 38363.649: [ParNew: 449822K->18419K(471872K), 0.0587570 secs] 7523897K->7092493K(11361088K), 0.0591660 secs] [Times: user=0.60 sys=0.01, real=0.06 secs] 
38366.856: [GC 38366.856: [ParNew: 437875K->51181K(471872K), 0.0788760 secs] 7511949K->7125256K(11361088K), 0.0792800 secs] [Times: user=0.73 sys=0.01, real=0.07 secs] 
38367.706: [GC 38367.706: [ParNew: 470637K->43454K(471872K), 0.1893430 secs] 7544712K->7156159K(11361088K), 0.1897230 secs] [Times: user=0.80 sys=0.19, real=0.19 secs] 
38369.759: [GC 38369.759: [ParNew: 462910K->31393K(471872K), 0.1101750 secs] 7575615K->7144098K(11361088K), 0.1105970 secs] [Times: user=1.07 sys=0.00, real=0.11 secs] 
38371.548: [GC 38371.548: [ParNew: 450849K->29003K(471872K), 0.0904860 secs] 7563554K->7146104K(11361088K), 0.0908480 secs] [Times: user=0.61 sys=0.03, real=0.09 secs] 
38373.540: [GC 38373.540: [ParNew: 448459K->36379K(471872K), 0.0971670 secs] 7565560K->7153480K(11361088K), 0.0975480 secs] [Times: user=1.11 sys=0.00, real=0.10 secs] 
38374.784: [GC 38374.784: [ParNew: 455691K->52416K(471872K), 0.1879470 secs] 7572792K->7173394K(11361088K), 0.1883050 secs] [Times: user=2.21 sys=0.02, real=0.19 secs] 
38375.517: [GC 38375.517: [ParNew: 471872K->52416K(471872K), 0.4693670 secs] 7592850K->7205197K(11361088K), 0.4697890 secs] [Times: user=2.02 sys=0.20, real=0.47 secs] 
38377.677: [GC 38377.678: [ParNew: 471872K->44146K(471872K), 0.2112630 secs] 7624653K->7231203K(11361088K), 0.2116820 secs] [Times: user=0.82 sys=0.15, real=0.22 secs] 
38380.686: [GC 38380.686: [ParNew: 463432K->20768K(471872K), 0.0592420 secs] 7650489K->7207825K(11361088K), 0.0596730 secs] [Times: user=0.61 sys=0.01, real=0.06 secs] 
38382.816: [GC 38382.816: [ParNew: 440224K->48334K(471872K), 0.0675620 secs] 7627281K->7235391K(11361088K), 0.0680060 secs] [Times: user=0.68 sys=0.00, real=0.07 secs] 
38384.278: [GC 38384.278: [ParNew: 467790K->32624K(471872K), 0.1940050 secs] 7654847K->7256785K(11361088K), 0.1943640 secs] [Times: user=0.67 sys=0.14, real=0.20 secs] 
38388.600: [GC 38388.601: [ParNew: 452080K->20216K(471872K), 0.0673060 secs] 7676241K->7244377K(11361088K), 0.0679060 secs] [Times: user=0.60 sys=0.01, real=0.07 secs] 
38392.723: [GC 38392.723: [ParNew: 439672K->30850K(471872K), 0.1150350 secs] 7663833K->7255011K(11361088K), 0.1155780 secs] [Times: user=0.69 sys=0.00, real=0.12 secs] 
38396.103: [GC 38396.104: [ParNew: 450306K->40877K(471872K), 0.0870380 secs] 7674467K->7265038K(11361088K), 0.0874480 secs] [Times: user=0.68 sys=0.01, real=0.09 secs] 
38397.253: [GC 38397.254: [ParNew: 460333K->44455K(471872K), 0.0908570 secs] 7684494K->7282540K(11361088K), 0.0912600 secs] [Times: user=0.66 sys=0.07, real=0.09 secs] 
38398.235: [GC 38398.235: [ParNew: 463911K->52416K(471872K), 0.1021120 secs] 7701996K->7305847K(11361088K), 0.1024830 secs] [Times: user=0.80 sys=0.08, real=0.10 secs] 
38398.930: [GC 38398.930: [ParNew: 471872K->52416K(471872K), 0.1857580 secs] 7725303K->7326146K(11361088K), 0.1861490 secs] [Times: user=0.82 sys=0.08, real=0.18 secs] 
38399.730: [GC 38399.730: [ParNew: 471872K->52416K(471872K), 0.1879950 secs] 7745602K->7349852K(11361088K), 0.1884060 secs] [Times: user=0.72 sys=0.10, real=0.18 secs] 
38400.713: [GC 38400.713: [ParNew: 471872K->40134K(471872K), 0.1082650 secs] 7769308K->7351477K(11361088K), 0.1086910 secs] [Times: user=0.65 sys=0.06, real=0.11 secs] 
38401.298: [GC 38401.298: [ParNew: 459590K->45321K(471872K), 0.0937700 secs] 7770933K->7368036K(11361088K), 0.0941810 secs] [Times: user=0.61 sys=0.05, real=0.10 secs] 
38402.238: [GC 38402.239: [ParNew: 464777K->52416K(471872K), 0.3517490 secs] 7787492K->7400865K(11361088K), 0.3521530 secs] [Times: user=0.98 sys=0.13, real=0.36 secs] 
38404.244: [GC 38404.244: [ParNew: 471872K->52416K(471872K), 0.4722680 secs] 7820321K->7446698K(11361088K), 0.4726870 secs] [Times: user=1.37 sys=0.19, real=0.47 secs] 
38405.850: [GC 38405.850: [ParNew: 471872K->38616K(471872K), 0.1867780 secs] 7866154K->7459439K(11361088K), 0.1871940 secs] [Times: user=0.84 sys=0.13, real=0.19 secs] 
38408.638: [GC 38408.638: [ParNew: 458072K->30935K(471872K), 0.0852030 secs] 7878895K->7451758K(11361088K), 0.0856200 secs] [Times: user=0.70 sys=0.01, real=0.09 secs] 
38411.387: [GC 38411.387: [ParNew: 450320K->40998K(471872K), 0.0650930 secs] 7871143K->7461821K(11361088K), 0.0655410 secs] [Times: user=0.68 sys=0.00, real=0.07 secs] 
38413.706: [GC 38413.706: [ParNew: 460454K->50075K(471872K), 0.1522520 secs] 7881277K->7484654K(11361088K), 0.1526730 secs] [Times: user=0.75 sys=0.07, real=0.15 secs] 
38418.910: [GC 38418.910: [ParNew: 469531K->36731K(471872K), 0.1070040 secs] 7904110K->7479130K(11361088K), 0.1074170 secs] [Times: user=0.61 sys=0.04, real=0.11 secs] 
38423.123: [GC 38423.123: [ParNew: 456187K->27469K(471872K), 0.0710760 secs] 7898586K->7469869K(11361088K), 0.0714380 secs] [Times: user=0.62 sys=0.00, real=0.07 secs] 
38425.839: [GC 38425.839: [ParNew: 446925K->38209K(471872K), 0.1094470 secs] 7889325K->7480609K(11361088K), 0.1098820 secs] [Times: user=0.66 sys=0.01, real=0.11 secs] 
38427.424: [GC 38427.424: [ParNew: 457665K->36251K(471872K), 0.1123670 secs] 7900065K->7487854K(11361088K), 0.1127650 secs] [Times: user=0.73 sys=0.05, real=0.11 secs] 
38430.374: [GC 38430.374: [ParNew: 455707K->52416K(471872K), 0.2565430 secs] 7907310K->7515141K(11361088K), 0.2569400 secs] [Times: user=1.90 sys=0.06, real=0.25 secs] 
38431.772: [GC 38431.772: [ParNew: 464574K->52416K(471872K), 0.4231490 secs] 7927300K->7568497K(11361088K), 0.4235680 secs] [Times: user=1.02 sys=0.20, real=0.43 secs] 
38432.853: [GC 38432.854: [ParNew: 471792K->35617K(471872K), 0.0667250 secs] 7987874K->7551699K(11361088K), 0.0670920 secs] [Times: user=0.64 sys=0.00, real=0.06 secs] 
38433.592: [GC 38433.593: [ParNew: 455073K->52416K(471872K), 0.0873110 secs] 7971155K->7578637K(11361088K), 0.0876960 secs] [Times: user=0.63 sys=0.05, real=0.09 secs] 
38434.342: [GC 38434.343: [ParNew: 471872K->41561K(471872K), 0.1918120 secs] 7998093K->7609483K(11361088K), 0.1922300 secs] [Times: user=0.91 sys=0.16, real=0.20 secs] 
38435.016: [GC 38435.016: [ParNew: 460879K->52416K(471872K), 0.0884890 secs] 8028801K->7627229K(11361088K), 0.0888490 secs] [Times: user=0.76 sys=0.02, real=0.09 secs] 
38435.609: [GC 38435.609: [ParNew (promotion failed): 471872K->470510K(471872K), 2.1301890 secs]38437.739: [CMS: 7598751K->5296319K(10889216K), 25.0285960 secs] 8046685K->5296319K(11361088K), [CMS Perm : 398427K->398270K(524288K)], 27.1593340 secs] [Times: user=25.92 sys=2.36, real=27.16 secs] 
38463.268: [GC 38463.268: [ParNew: 419456K->34973K(471872K), 0.0783870 secs] 5715775K->5331293K(11361088K), 0.0788340 secs] [Times: user=0.53 sys=0.00, real=0.08 secs] 
38463.665: [GC 38463.666: [ParNew: 454429K->29953K(471872K), 0.1378720 secs] 5750749K->5345537K(11361088K), 0.1382870 secs] [Times: user=0.39 sys=0.04, real=0.14 secs] 
38464.153: [GC 38464.153: [ParNew: 449409K->34140K(471872K), 0.0759790 secs] 5764993K->5349724K(11361088K), 0.0763410 secs] [Times: user=0.53 sys=0.00, real=0.08 secs] 
38464.550: [GC 38464.551: [ParNew: 453608K->45378K(471872K), 0.0799680 secs] 5769192K->5370248K(11361088K), 0.0803440 secs] [Times: user=0.60 sys=0.04, real=0.08 secs] 
38464.998: [GC 38464.998: [ParNew: 464834K->47655K(471872K), 0.0913880 secs] 5789704K->5386318K(11361088K), 0.0918140 secs] [Times: user=0.45 sys=0.04, real=0.09 secs] 
38465.549: [GC 38465.549: [ParNew: 467111K->52416K(471872K), 0.1682530 secs] 5805774K->5408979K(11361088K), 0.1686430 secs] [Times: user=0.64 sys=0.05, real=0.17 secs] 
38466.425: [GC 38466.425: [ParNew: 471872K->52416K(471872K), 0.3216880 secs] 5828435K->5453898K(11361088K), 0.3220270 secs] [Times: user=0.84 sys=0.13, real=0.33 secs] 
38469.022: [GC 38469.023: [ParNew: 471872K->49469K(471872K), 0.2565080 secs] 5873354K->5476995K(11361088K), 0.2569310 secs] [Times: user=0.91 sys=0.08, real=0.26 secs] 
38469.283: [GC 38469.283: [ParNew: 51893K->24437K(471872K), 0.0545300 secs] 5479420K->5451963K(11361088K), 0.0549510 secs] [Times: user=0.53 sys=0.00, real=0.06 secs] 
38471.540: [GC 38471.540: [ParNew: 443893K->52416K(471872K), 0.1376230 secs] 5871419K->5492267K(11361088K), 0.1380280 secs] [Times: user=0.69 sys=0.03, real=0.14 secs] 
38472.701: [GC 38472.702: [ParNew: 471872K->52416K(471872K), 0.2897390 secs] 5911723K->5547537K(11361088K), 0.2901110 secs] [Times: user=0.76 sys=0.17, real=0.29 secs] 
38474.592: [GC 38474.592: [ParNew: 471872K->51135K(471872K), 0.1826590 secs] 5966993K->5572271K(11361088K), 0.1831100 secs] [Times: user=0.60 sys=0.02, real=0.18 secs] 
38476.587: [GC 38476.587: [ParNew: 470591K->52416K(471872K), 0.0886580 secs] 5991727K->5583861K(11361088K), 0.0891350 secs] [Times: user=0.59 sys=0.03, real=0.09 secs] 
38478.030: [GC 38478.030: [ParNew: 471817K->52416K(471872K), 0.2754350 secs] 6003262K->5638288K(11361088K), 0.2758480 secs] [Times: user=0.85 sys=0.18, real=0.27 secs] 
38480.190: [GC 38480.190: [ParNew: 471872K->30323K(471872K), 0.1768920 secs] 6057744K->5640608K(11361088K), 0.1773790 secs] [Times: user=0.52 sys=0.07, real=0.18 secs] 
38482.256: [GC 38482.256: [ParNew: 449779K->24318K(471872K), 0.0683940 secs] 6060064K->5634603K(11361088K), 0.0687970 secs] [Times: user=0.55 sys=0.01, real=0.07 secs] 
38484.373: [GC 38484.373: [ParNew: 443774K->49672K(471872K), 0.0744570 secs] 6054059K->5659957K(11361088K), 0.0748900 secs] [Times: user=0.61 sys=0.00, real=0.08 secs] 
38485.684: [GC 38485.685: [ParNew: 469128K->52416K(471872K), 0.2816230 secs] 6079413K->5703863K(11361088K), 0.2820330 secs] [Times: user=0.73 sys=0.08, real=0.28 secs] 
38487.081: [GC 38487.081: [ParNew: 471872K->52416K(471872K), 0.3760300 secs] 6123319K->5752184K(11361088K), 0.3764460 secs] [Times: user=0.92 sys=0.13, real=0.37 secs] 
38488.120: [GC 38488.120: [ParNew: 471872K->52416K(471872K), 0.2727980 secs] 6171640K->5794965K(11361088K), 0.2731770 secs] [Times: user=0.96 sys=0.08, real=0.27 secs] 
38490.174: [GC 38490.175: [ParNew: 471872K->43506K(471872K), 0.2086060 secs] 6214421K->5822659K(11361088K), 0.2090320 secs] [Times: user=0.59 sys=0.04, real=0.21 secs] 
38492.487: [GC 38492.488: [ParNew: 462962K->43768K(471872K), 0.0785350 secs] 6242115K->5822920K(11361088K), 0.0789470 secs] [Times: user=0.66 sys=0.00, real=0.08 secs] 
38494.705: [GC 38494.706: [ParNew: 463224K->35630K(471872K), 0.0947830 secs] 6242376K->5827177K(11361088K), 0.0952020 secs] [Times: user=0.56 sys=0.03, real=0.10 secs] 
38496.006: [GC 38496.006: [ParNew: 455086K->52416K(471872K), 0.3910940 secs] 6246633K->5879476K(11361088K), 0.3914690 secs] [Times: user=1.66 sys=0.10, real=0.39 secs] 
38499.026: [GC 38499.026: [ParNew: 471872K->48517K(471872K), 0.2433370 secs] 6298932K->5917743K(11361088K), 0.2437830 secs] [Times: user=0.83 sys=0.14, real=0.25 secs] 
38499.930: [GC 38499.930: [ParNew: 467973K->50765K(471872K), 0.0758040 secs] 6337199K->5919992K(11361088K), 0.0762280 secs] [Times: user=0.65 sys=0.00, real=0.07 secs] 
38500.649: [GC 38500.649: [ParNew: 470221K->36883K(471872K), 0.1764470 secs] 6339448K->5944869K(11361088K), 0.1768310 secs] [Times: user=0.64 sys=0.13, real=0.18 secs] 
38501.535: [GC 38501.536: [ParNew: 456339K->37209K(471872K), 0.0582700 secs] 6364325K->5945195K(11361088K), 0.0587260 secs] [Times: user=0.65 sys=0.00, real=0.06 secs] 
38502.411: [GC 38502.411: [ParNew: 456665K->52416K(471872K), 0.1054620 secs] 6364651K->5975518K(11361088K), 0.1058820 secs] [Times: user=0.73 sys=0.06, real=0.10 secs] 
38503.193: [GC 38503.193: [ParNew: 471872K->52416K(471872K), 0.2657890 secs] 6394974K->6026054K(11361088K), 0.2662000 secs] [Times: user=0.89 sys=0.14, real=0.26 secs] 
38504.156: [GC 38504.156: [ParNew: 471872K->52416K(471872K), 0.2780360 secs] 6445510K->6035086K(11361088K), 0.2786400 secs] [Times: user=0.85 sys=0.05, real=0.28 secs] 
38504.865: [GC 38504.866: [ParNew: 471872K->52416K(471872K), 0.3969720 secs] 6454542K->6075709K(11361088K), 0.3973380 secs] [Times: user=1.20 sys=0.11, real=0.40 secs] 
38506.254: [GC 38506.254: [ParNew: 471872K->52416K(471872K), 0.4076090 secs] 6495165K->6119001K(11361088K), 0.4080680 secs] [Times: user=0.98 sys=0.17, real=0.41 secs] 
38507.748: [GC 38507.748: [ParNew: 471872K->28435K(471872K), 0.1744120 secs] 6538457K->6113208K(11361088K), 0.1748000 secs] [Times: user=0.78 sys=0.07, real=0.18 secs] 
38508.901: [GC 38508.901: [ParNew: 447891K->49373K(471872K), 0.0612260 secs] 6532664K->6134147K(11361088K), 0.0616370 secs] [Times: user=0.74 sys=0.00, real=0.06 secs] 
38509.706: [GC 38509.706: [ParNew: 468829K->38332K(471872K), 0.2116350 secs] 6553603K->6167733K(11361088K), 0.2120460 secs] [Times: user=0.84 sys=0.15, real=0.21 secs] 
38510.724: [GC 38510.724: [ParNew: 457788K->52416K(471872K), 0.0717250 secs] 6587189K->6185824K(11361088K), 0.0721930 secs] [Times: user=0.76 sys=0.01, real=0.07 secs] 
38511.451: [GC 38511.451: [ParNew: 471872K->52416K(471872K), 0.2783310 secs] 6605280K->6237941K(11361088K), 0.2788470 secs] [Times: user=0.90 sys=0.13, real=0.27 secs] 
38512.446: [GC 38512.447: [ParNew: 471872K->39288K(471872K), 0.0632240 secs] 6657397K->6224813K(11361088K), 0.0636470 secs] [Times: user=0.62 sys=0.01, real=0.06 secs] 
38513.797: [GC 38513.798: [ParNew: 458744K->52416K(471872K), 0.3390480 secs] 6644269K->6279341K(11361088K), 0.3394360 secs] [Times: user=1.19 sys=0.10, real=0.34 secs] 
38516.986: [GC 38516.987: [ParNew: 471872K->52228K(471872K), 0.3245500 secs] 6698797K->6330000K(11361088K), 0.3250490 secs] [Times: user=0.94 sys=0.13, real=0.33 secs] 
38519.341: [GC 38519.342: [ParNew: 471684K->48074K(471872K), 0.0865430 secs] 6749456K->6325846K(11361088K), 0.0869770 secs] [Times: user=0.65 sys=0.00, real=0.08 secs] 
38521.933: [GC 38521.934: [ParNew: 467530K->32118K(471872K), 0.2095360 secs] 6745302K->6343533K(11361088K), 0.2099510 secs] [Times: user=0.61 sys=0.10, real=0.21 secs] 
38523.891: [GC 38523.891: [ParNew: 451574K->22117K(471872K), 0.0795140 secs] 6762989K->6333532K(11361088K), 0.0799530 secs] [Times: user=0.58 sys=0.00, real=0.08 secs] 
38524.967: [GC 38524.968: [ParNew: 441573K->40670K(471872K), 0.2049730 secs] 6752988K->6352085K(11361088K), 0.2053940 secs] [Times: user=2.30 sys=0.01, real=0.21 secs] 
38528.779: [GC 38528.779: [ParNew: 460126K->33325K(471872K), 0.0939400 secs] 6771541K->6354403K(11361088K), 0.0943660 secs] [Times: user=0.67 sys=0.04, real=0.10 secs] 
38532.412: [GC 38532.413: [ParNew: 452781K->46367K(471872K), 0.0726180 secs] 6773859K->6367444K(11361088K), 0.0730450 secs] [Times: user=0.71 sys=0.01, real=0.08 secs] 
38534.101: [GC 38534.101: [ParNew: 465624K->49963K(471872K), 0.2096500 secs] 6786701K->6407633K(11361088K), 0.2100640 secs] [Times: user=0.81 sys=0.08, real=0.21 secs] 
38536.470: [GC 38536.470: [ParNew: 469419K->30658K(471872K), 0.1424480 secs] 6827089K->6414513K(11361088K), 0.1428690 secs] [Times: user=0.56 sys=0.08, real=0.14 secs] 
38538.432: [GC 38538.433: [ParNew: 450114K->43680K(471872K), 0.0615610 secs] 6833969K->6427536K(11361088K), 0.0619810 secs] [Times: user=0.63 sys=0.01, real=0.07 secs] 
38540.514: [GC 38540.514: [ParNew: 463136K->34815K(471872K), 0.1682590 secs] 6846992K->6449884K(11361088K), 0.1686840 secs] [Times: user=0.67 sys=0.11, real=0.16 secs] 
38543.025: [GC 38543.026: [ParNew: 454271K->32340K(471872K), 0.1637610 secs] 6869340K->6447408K(11361088K), 0.1641830 secs] [Times: user=1.86 sys=0.00, real=0.16 secs] 
38546.374: [GC 38546.374: [ParNew: 451796K->52415K(471872K), 0.1685900 secs] 6866864K->6476449K(11361088K), 0.1690100 secs] [Times: user=0.76 sys=0.03, real=0.16 secs] 
38548.147: [GC 38548.147: [ParNew: 471871K->52416K(471872K), 0.1477640 secs] 6895905K->6491849K(11361088K), 0.1481980 secs] [Times: user=1.58 sys=0.03, real=0.15 secs] 
38550.446: [GC 38550.446: [ParNew: 471872K->52416K(471872K), 0.1369870 secs] 6911305K->6503287K(11361088K), 0.1374000 secs] [Times: user=0.76 sys=0.05, real=0.13 secs] 
38553.309: [GC 38553.309: [ParNew: 471872K->52416K(471872K), 0.2243590 secs] 6922743K->6554570K(11361088K), 0.2247670 secs] [Times: user=0.95 sys=0.11, real=0.22 secs] 
38554.299: [GC 38554.300: [ParNew: 471872K->52415K(471872K), 0.2646760 secs] 6974026K->6587166K(11361088K), 0.2651080 secs] [Times: user=0.77 sys=0.09, real=0.26 secs] 
38555.677: [GC 38555.677: [ParNew: 471871K->52416K(471872K), 0.3376450 secs] 7006622K->6625851K(11361088K), 0.3380970 secs] [Times: user=0.77 sys=0.07, real=0.34 secs] 
38556.928: [GC 38556.928: [ParNew: 471872K->49354K(471872K), 0.2262990 secs] 7045307K->6654426K(11361088K), 0.2267400 secs] [Times: user=0.77 sys=0.11, real=0.22 secs] 
38558.191: [GC 38558.191: [ParNew: 468810K->28834K(471872K), 0.1090160 secs] 7073882K->6648484K(11361088K), 0.1094110 secs] [Times: user=0.58 sys=0.05, real=0.11 secs] 
38559.351: [GC 38559.351: [ParNew: 448290K->51192K(471872K), 0.1456490 secs] 7067940K->6670842K(11361088K), 0.1462460 secs] [Times: user=0.53 sys=0.00, real=0.15 secs] 
38560.039: [GC 38560.039: [ParNew: 470648K->52416K(471872K), 0.2580730 secs] 7090298K->6695127K(11361088K), 0.2585200 secs] [Times: user=0.74 sys=0.07, real=0.26 secs] 
38560.867: [GC 38560.868: [ParNew: 471872K->52416K(471872K), 0.3184630 secs] 7114583K->6719296K(11361088K), 0.3188990 secs] [Times: user=0.78 sys=0.08, real=0.32 secs] 
38561.652: [GC 38561.652: [ParNew: 471872K->52416K(471872K), 0.2984170 secs] 7138752K->6740950K(11361088K), 0.2988140 secs] [Times: user=0.79 sys=0.09, real=0.30 secs] 
38562.425: [GC 38562.425: [ParNew: 471872K->44704K(471872K), 0.2246100 secs] 7160406K->6765177K(11361088K), 0.2250400 secs] [Times: user=1.14 sys=0.11, real=0.23 secs] 
38563.101: [GC 38563.101: [ParNew: 464160K->41456K(471872K), 0.0591790 secs] 7184633K->6761929K(11361088K), 0.0595270 secs] [Times: user=0.67 sys=0.00, real=0.06 secs] 
38563.804: [GC 38563.804: [ParNew: 460912K->52416K(471872K), 0.3211360 secs] 7181385K->6819575K(11361088K), 0.3215570 secs] [Times: user=1.43 sys=0.18, real=0.32 secs] 
38564.741: [GC 38564.742: [ParNew: 471872K->52416K(471872K), 0.4202500 secs] 7239031K->6878436K(11361088K), 0.4206750 secs] [Times: user=1.14 sys=0.24, real=0.42 secs] 
38566.025: [GC 38566.025: [ParNew: 471872K->46078K(471872K), 0.0766330 secs] 7297892K->6872098K(11361088K), 0.0770770 secs] [Times: user=0.68 sys=0.01, real=0.08 secs] 
38566.797: [GC 38566.797: [ParNew: 465534K->50141K(471872K), 0.1252300 secs] 7291554K->6893024K(11361088K), 0.1256650 secs] [Times: user=0.67 sys=0.06, real=0.12 secs] 
38567.522: [GC 38567.522: [ParNew: 469597K->49497K(471872K), 0.1207030 secs] 7312480K->6907179K(11361088K), 0.1211110 secs] [Times: user=0.58 sys=0.04, real=0.12 secs] 
38568.740: [GC 38568.740: [ParNew: 468953K->52416K(471872K), 0.1964250 secs] 7326635K->6934098K(11361088K), 0.1968420 secs] [Times: user=0.89 sys=0.03, real=0.20 secs] 
38570.017: [GC 38570.018: [ParNew: 471872K->52415K(471872K), 0.3027010 secs] 7353554K->6987668K(11361088K), 0.3031370 secs] [Times: user=1.07 sys=0.08, real=0.30 secs] 
38571.061: [GC 38571.061: [ParNew: 471871K->51413K(471872K), 0.0966950 secs] 7407124K->6986666K(11361088K), 0.0971160 secs] [Times: user=0.73 sys=0.01, real=0.10 secs] 
38571.749: [GC 38571.749: [ParNew: 470869K->30272K(471872K), 0.0966870 secs] 7406122K->6992482K(11361088K), 0.0971180 secs] [Times: user=0.63 sys=0.05, real=0.09 secs] 
38572.245: [GC 38572.245: [ParNew: 449728K->46848K(471872K), 0.0669300 secs] 7411938K->7009057K(11361088K), 0.0673350 secs] [Times: user=0.68 sys=0.00, real=0.07 secs] 
38572.775: [GC 38572.775: [ParNew: 466304K->52415K(471872K), 0.0812090 secs] 7428513K->7031335K(11361088K), 0.0816270 secs] [Times: user=0.68 sys=0.03, real=0.09 secs] 
38573.436: [GC 38573.436: [ParNew: 471871K->52416K(471872K), 0.2108150 secs] 7450791K->7059922K(11361088K), 0.2112470 secs] [Times: user=0.82 sys=0.02, real=0.22 secs] 
38574.212: [GC 38574.212: [ParNew: 471872K->52416K(471872K), 0.1615090 secs] 7479378K->7085491K(11361088K), 0.1618690 secs] [Times: user=0.79 sys=0.04, real=0.16 secs] 
38574.898: [GC 38574.898: [ParNew: 471823K->52416K(471872K), 0.1343900 secs] 7504899K->7105326K(11361088K), 0.1348520 secs] [Times: user=1.22 sys=0.04, real=0.13 secs] 
38575.807: [GC 38575.808: [ParNew: 471872K->52416K(471872K), 0.1033560 secs] 7524782K->7118310K(11361088K), 0.1037460 secs] [Times: user=0.95 sys=0.03, real=0.11 secs] 
38577.507: [GC 38577.507: [ParNew: 471872K->52416K(471872K), 0.5027710 secs] 7537766K->7167003K(11361088K), 0.5032050 secs] [Times: user=2.42 sys=0.02, real=0.51 secs] 
38579.616: [GC 38579.616: [ParNew: 471872K->52416K(471872K), 0.3321870 secs] 7586459K->7218059K(11361088K), 0.3326670 secs] [Times: user=1.12 sys=0.05, real=0.34 secs] 
38581.730: [GC 38581.730: [ParNew: 471872K->30163K(471872K), 0.0815920 secs] 7637515K->7195806K(11361088K), 0.0820000 secs] [Times: user=0.67 sys=0.00, real=0.08 secs] 
38583.729: [GC 38583.729: [ParNew: 449418K->52416K(471872K), 0.2724960 secs] 7615062K->7232028K(11361088K), 0.2729140 secs] [Times: user=0.90 sys=0.00, real=0.27 secs] 
38585.710: [GC 38585.711: [ParNew: 471872K->38193K(471872K), 0.1277890 secs] 7651484K->7258925K(11361088K), 0.1282440 secs] [Times: user=0.78 sys=0.05, real=0.13 secs] 
38587.926: [GC 38587.926: [ParNew: 457649K->40749K(471872K), 0.0562630 secs] 7678381K->7261481K(11361088K), 0.0566980 secs] [Times: user=0.63 sys=0.01, real=0.06 secs] 
38591.358: [GC 38591.358: [ParNew: 460205K->43514K(471872K), 0.1067470 secs] 7680937K->7297458K(11361088K), 0.1071500 secs] [Times: user=0.73 sys=0.04, real=0.11 secs] 
38593.465: [GC 38593.465: [ParNew: 462970K->40142K(471872K), 0.1340010 secs] 7716914K->7321535K(11361088K), 0.1344260 secs] [Times: user=0.94 sys=0.02, real=0.14 secs] 
38595.291: [GC 38595.292: [ParNew: 459598K->26176K(471872K), 0.0748200 secs] 7740991K->7307569K(11361088K), 0.0752850 secs] [Times: user=0.63 sys=0.01, real=0.07 secs] 
38596.875: [GC 38596.875: [ParNew: 445632K->39124K(471872K), 0.0652910 secs] 7727025K->7320517K(11361088K), 0.0657250 secs] [Times: user=0.66 sys=0.01, real=0.07 secs] 
38597.683: [GC 38597.683: [ParNew: 458580K->52416K(471872K), 0.0703320 secs] 7739973K->7341835K(11361088K), 0.0707490 secs] [Times: user=0.78 sys=0.01, real=0.07 secs] 
38598.380: [GC 38598.380: [ParNew: 471872K->52416K(471872K), 0.2341020 secs] 7761291K->7372652K(11361088K), 0.2345700 secs] [Times: user=0.86 sys=0.02, real=0.23 secs] 
38599.285: [GC 38599.285: [ParNew: 471872K->52416K(471872K), 0.1378310 secs] 7792108K->7391995K(11361088K), 0.1382400 secs] [Times: user=1.32 sys=0.03, real=0.14 secs] 
38600.106: [GC 38600.106: [ParNew: 471872K->52416K(471872K), 0.1322710 secs] 7811451K->7410064K(11361088K), 0.1327060 secs] [Times: user=0.77 sys=0.03, real=0.13 secs] 
38600.795: [GC 38600.795: [ParNew: 471872K->52416K(471872K), 0.2441560 secs] 7829520K->7431733K(11361088K), 0.2445680 secs] [Times: user=2.33 sys=0.03, real=0.24 secs] 
38601.586: [GC 38601.586: [ParNew: 471872K->52416K(471872K), 0.1383900 secs] 7851189K->7447868K(11361088K), 0.1388030 secs] [Times: user=1.31 sys=0.02, real=0.14 secs] 
38602.682: [GC 38602.682: [ParNew (promotion failed): 471872K->471872K(471872K), 1.8737130 secs]38604.556: [CMS: 7410336K->5522138K(10889216K), 23.6330710 secs] 7867324K->5522138K(11361088K), [CMS Perm : 398848K->398750K(524288K)], 25.5073160 secs] [Times: user=25.95 sys=0.62, real=25.50 secs] 
38628.650: [GC 38628.650: [ParNew: 419457K->52416K(471872K), 0.1342970 secs] 5941596K->5581827K(11361088K), 0.1347220 secs] [Times: user=0.77 sys=0.00, real=0.14 secs] 
38629.392: [GC 38629.392: [ParNew: 471872K->50740K(471872K), 0.1969990 secs] 6001283K->5618894K(11361088K), 0.1973490 secs] [Times: user=0.55 sys=0.01, real=0.20 secs] 
38630.106: [GC 38630.106: [ParNew: 470196K->52416K(471872K), 0.0970690 secs] 6038350K->5623561K(11361088K), 0.0975570 secs] [Times: user=0.65 sys=0.00, real=0.10 secs] 
38630.504: [GC 38630.504: [ParNew: 471872K->52416K(471872K), 0.1830950 secs] 6043017K->5672210K(11361088K), 0.1834650 secs] [Times: user=1.35 sys=0.05, real=0.18 secs] 
38631.086: [GC 38631.087: [ParNew: 471872K->51224K(471872K), 0.1580890 secs] 6091666K->5708856K(11361088K), 0.1584790 secs] [Times: user=1.09 sys=0.05, real=0.16 secs] 
38631.929: [GC 38631.929: [ParNew: 470680K->52416K(471872K), 0.0979290 secs] 6128312K->5714308K(11361088K), 0.0983610 secs] [Times: user=0.92 sys=0.00, real=0.10 secs] 
38632.551: [GC 38632.551: [ParNew: 471872K->46978K(471872K), 0.2124730 secs] 6133764K->5757043K(11361088K), 0.2128830 secs] [Times: user=1.21 sys=0.06, real=0.22 secs] 
38633.267: [GC 38633.267: [ParNew: 466434K->51707K(471872K), 0.1149130 secs] 6176499K->5761771K(11361088K), 0.1152730 secs] [Times: user=0.76 sys=0.00, real=0.11 secs] 
38633.845: [GC 38633.845: [ParNew: 471163K->52416K(471872K), 0.1270360 secs] 6181227K->5791807K(11361088K), 0.1274100 secs] [Times: user=0.66 sys=0.04, real=0.12 secs] 
38634.334: [GC 38634.334: [ParNew: 471872K->39662K(471872K), 0.0964470 secs] 6211263K->5802129K(11361088K), 0.0968540 secs] [Times: user=0.62 sys=0.02, real=0.09 secs] 
38634.762: [GC 38634.762: [ParNew: 459118K->31721K(471872K), 0.0998190 secs] 6221585K->5821443K(11361088K), 0.1002240 secs] [Times: user=0.62 sys=0.04, real=0.10 secs] 
38635.257: [GC 38635.257: [ParNew: 451177K->42932K(471872K), 0.0586920 secs] 6240899K->5832653K(11361088K), 0.0590900 secs] [Times: user=0.62 sys=0.00, real=0.06 secs] 
38635.669: [GC 38635.669: [ParNew: 462388K->51351K(471872K), 0.0767110 secs] 6252109K->5856796K(11361088K), 0.0771380 secs] [Times: user=0.65 sys=0.02, real=0.08 secs] 
38636.142: [GC 38636.143: [ParNew: 470807K->52416K(471872K), 0.1535870 secs] 6276252K->5899922K(11361088K), 0.1539790 secs] [Times: user=0.85 sys=0.06, real=0.16 secs] 
38636.749: [GC 38636.749: [ParNew: 471872K->52415K(471872K), 0.2454840 secs] 6319378K->5943571K(11361088K), 0.2458750 secs] [Times: user=1.08 sys=0.06, real=0.25 secs] 
38637.400: [GC 38637.400: [ParNew: 471508K->52416K(471872K), 0.1233900 secs] 6362663K->5947701K(11361088K), 0.1238100 secs] [Times: user=0.77 sys=0.00, real=0.13 secs] 
38637.994: [GC 38637.994: [ParNew: 471872K->52416K(471872K), 0.2164400 secs] 6367157K->6000734K(11361088K), 0.2168570 secs] [Times: user=0.81 sys=0.06, real=0.21 secs] 
38638.999: [GC 38638.999: [ParNew: 471872K->45346K(471872K), 0.1042850 secs] 6420190K->6027691K(11361088K), 0.1046440 secs] [Times: user=0.62 sys=0.05, real=0.11 secs] 
38639.784: [GC 38639.784: [ParNew: 464802K->52416K(471872K), 0.0658680 secs] 6447147K->6037433K(11361088K), 0.0662500 secs] [Times: user=0.73 sys=0.01, real=0.07 secs] 
38640.743: [GC 38640.743: [ParNew: 471872K->52416K(471872K), 0.2809690 secs] 6456889K->6092916K(11361088K), 0.2814140 secs] [Times: user=1.02 sys=0.05, real=0.29 secs] 
38641.872: [GC 38641.872: [ParNew: 471872K->52416K(471872K), 0.3620510 secs] 6512372K->6150020K(11361088K), 0.3625630 secs] [Times: user=1.46 sys=0.06, real=0.37 secs] 
38644.386: [GC 38644.386: [ParNew: 471872K->52416K(471872K), 0.1894190 secs] 6569476K->6202925K(11361088K), 0.1898290 secs] [Times: user=0.94 sys=0.09, real=0.19 secs] 
38647.389: [GC 38647.389: [ParNew: 471872K->38065K(471872K), 0.1271370 secs] 6622381K->6194324K(11361088K), 0.1275540 secs] [Times: user=0.60 sys=0.00, real=0.13 secs] 
38648.311: [GC 38648.311: [ParNew: 457521K->42787K(471872K), 0.0512350 secs] 6613780K->6199046K(11361088K), 0.0515550 secs] [Times: user=0.59 sys=0.00, real=0.05 secs] 
38650.092: [GC 38650.092: [ParNew: 462243K->52415K(471872K), 0.1569730 secs] 6618502K->6240053K(11361088K), 0.1573630 secs] [Times: user=0.63 sys=0.00, real=0.16 secs] 
38652.543: [GC 38652.543: [ParNew: 471871K->19136K(471872K), 0.0936450 secs] 6659509K->6234322K(11361088K), 0.0940620 secs] [Times: user=0.51 sys=0.03, real=0.10 secs] 
38654.798: [GC 38654.798: [ParNew: 438592K->20699K(471872K), 0.0797740 secs] 6653778K->6235884K(11361088K), 0.0801980 secs] [Times: user=0.62 sys=0.00, real=0.08 secs] 
38657.345: [GC 38657.345: [ParNew: 440155K->25943K(471872K), 0.0638820 secs] 6655340K->6241129K(11361088K), 0.0642940 secs] [Times: user=0.55 sys=0.00, real=0.06 secs] 
38660.359: [GC 38660.359: [ParNew: 445399K->52416K(471872K), 0.1128060 secs] 6660585K->6271660K(11361088K), 0.1132600 secs] [Times: user=0.72 sys=0.00, real=0.11 secs] 
38661.412: [GC 38661.412: [ParNew: 471872K->52415K(471872K), 0.2130620 secs] 6691116K->6317048K(11361088K), 0.2134940 secs] [Times: user=0.66 sys=0.01, real=0.21 secs] 
38664.549: [GC 38664.549: [ParNew: 471871K->21290K(471872K), 0.1015220 secs] 6736504K->6311977K(11361088K), 0.1019430 secs] [Times: user=0.52 sys=0.02, real=0.10 secs] 
38665.511: [GC 38665.511: [ParNew: 440746K->23039K(471872K), 0.0767190 secs] 6731433K->6313726K(11361088K), 0.0771680 secs] [Times: user=0.61 sys=0.01, real=0.08 secs] 
38667.882: [GC 38667.882: [ParNew: 442495K->39018K(471872K), 0.1317980 secs] 6733182K->6329706K(11361088K), 0.1322710 secs] [Times: user=0.67 sys=0.00, real=0.13 secs] 
38669.107: [GC 38669.107: [ParNew: 458474K->52416K(471872K), 0.1206560 secs] 6749162K->6355401K(11361088K), 0.1210850 secs] [Times: user=0.91 sys=0.01, real=0.12 secs] 
38671.814: [GC 38671.814: [ParNew: 471872K->52416K(471872K), 0.2074540 secs] 6774857K->6398607K(11361088K), 0.2078880 secs] [Times: user=1.36 sys=0.03, real=0.21 secs] 
38673.824: [GC 38673.824: [ParNew: 471872K->36228K(471872K), 0.1067470 secs] 6818063K->6408506K(11361088K), 0.1072060 secs] [Times: user=0.55 sys=0.02, real=0.11 secs] 
38675.968: [GC 38675.968: [ParNew: 455684K->52416K(471872K), 0.0724170 secs] 6827962K->6429610K(11361088K), 0.0728390 secs] [Times: user=0.79 sys=0.00, real=0.07 secs] 
38679.088: [GC 38679.088: [ParNew: 471872K->52416K(471872K), 0.1941210 secs] 6849066K->6478354K(11361088K), 0.1945690 secs] [Times: user=0.81 sys=0.04, real=0.19 secs] 
38681.680: [GC 38681.680: [ParNew: 471872K->34371K(471872K), 0.1364610 secs] 6897810K->6486147K(11361088K), 0.1369020 secs] [Times: user=0.58 sys=0.01, real=0.13 secs] 
38682.758: [GC 38682.758: [ParNew: 453827K->31822K(471872K), 0.1136260 secs] 6905603K->6483598K(11361088K), 0.1140850 secs] [Times: user=1.25 sys=0.01, real=0.11 secs] 
38683.589: [GC 38683.589: [ParNew: 451278K->48217K(471872K), 0.0914110 secs] 6903054K->6509773K(11361088K), 0.0918330 secs] [Times: user=0.72 sys=0.01, real=0.09 secs] 
38684.981: [GC 38684.981: [ParNew: 467673K->33842K(471872K), 0.1625080 secs] 6929229K->6524046K(11361088K), 0.1630570 secs] [Times: user=0.62 sys=0.01, real=0.16 secs] 
38685.909: [GC 38685.909: [ParNew: 453298K->40703K(471872K), 0.0610540 secs] 6943502K->6530907K(11361088K), 0.0614400 secs] [Times: user=0.66 sys=0.01, real=0.06 secs] 
38686.665: [GC 38686.665: [ParNew: 460159K->52416K(471872K), 0.1593830 secs] 6950363K->6563278K(11361088K), 0.1598670 secs] [Times: user=0.63 sys=0.01, real=0.16 secs] 
38687.339: [GC 38687.340: [ParNew: 471872K->52416K(471872K), 0.1698580 secs] 6982734K->6586746K(11361088K), 0.1702430 secs] [Times: user=0.63 sys=0.01, real=0.17 secs] 
38687.892: [GC 38687.892: [ParNew: 471872K->52416K(471872K), 0.2357120 secs] 7006202K->6612435K(11361088K), 0.2361350 secs] [Times: user=0.78 sys=0.01, real=0.23 secs] 
38688.781: [GC 38688.781: [ParNew: 471872K->52416K(471872K), 0.1415140 secs] 7031891K->6631235K(11361088K), 0.1419780 secs] [Times: user=0.58 sys=0.01, real=0.14 secs] 
38689.477: [GC 38689.478: [ParNew: 471872K->43301K(471872K), 0.0989570 secs] 7050691K->6632895K(11361088K), 0.0993930 secs] [Times: user=0.85 sys=0.02, real=0.10 secs] 
38690.322: [GC 38690.323: [ParNew: 462757K->52416K(471872K), 0.2282090 secs] 7052351K->6680820K(11361088K), 0.2285680 secs] [Times: user=1.31 sys=0.05, real=0.23 secs] 
38691.591: [GC 38691.591: [ParNew: 471872K->52416K(471872K), 0.3464430 secs] 7100276K->6746516K(11361088K), 0.3468650 secs] [Times: user=1.04 sys=0.09, real=0.34 secs] 
38693.448: [GC 38693.449: [ParNew: 471872K->37314K(471872K), 0.1062670 secs] 7165972K->6762591K(11361088K), 0.1066990 secs] [Times: user=0.63 sys=0.03, real=0.11 secs] 
38696.698: [GC 38696.699: [ParNew: 456770K->52415K(471872K), 0.0956160 secs] 7182047K->6778678K(11361088K), 0.0960400 secs] [Times: user=0.86 sys=0.01, real=0.10 secs] 
38698.692: [GC 38698.692: [ParNew: 471871K->44249K(471872K), 0.1413570 secs] 7198134K->6803950K(11361088K), 0.1418030 secs] [Times: user=0.60 sys=0.04, real=0.14 secs] 
38704.482: [GC 38704.483: [ParNew: 463705K->28020K(471872K), 0.0765920 secs] 7223406K->6787721K(11361088K), 0.0770280 secs] [Times: user=0.61 sys=0.00, real=0.07 secs] 
38705.551: [GC 38705.551: [ParNew: 447476K->52416K(471872K), 0.2167670 secs] 7207177K->6830222K(11361088K), 0.2171920 secs] [Times: user=1.78 sys=0.03, real=0.21 secs] 
38708.070: [GC 38708.070: [ParNew: 471781K->52415K(471872K), 0.2543630 secs] 7249587K->6882419K(11361088K), 0.2548070 secs] [Times: user=0.78 sys=0.02, real=0.26 secs] 
38709.321: [GC 38709.322: [ParNew: 471871K->50181K(471872K), 0.2541340 secs] 7301875K->6899502K(11361088K), 0.2545790 secs] [Times: user=1.37 sys=0.01, real=0.25 secs] 
38710.934: [GC 38710.934: [ParNew: 469637K->52415K(471872K), 0.4133440 secs] 7318958K->6923610K(11361088K), 0.4137420 secs] [Times: user=3.87 sys=0.01, real=0.41 secs] 
38713.268: [GC 38713.268: [ParNew: 471871K->46744K(471872K), 0.2059560 secs] 7343066K->6957114K(11361088K), 0.2063930 secs] [Times: user=1.39 sys=0.04, real=0.21 secs] 
38716.123: [GC 38716.124: [ParNew: 466200K->39303K(471872K), 0.1186240 secs] 7376570K->6963066K(11361088K), 0.1190480 secs] [Times: user=0.76 sys=0.02, real=0.12 secs] 
38718.759: [GC 38718.759: [ParNew: 458759K->27692K(471872K), 0.0844680 secs] 7382522K->6973503K(11361088K), 0.0849000 secs] [Times: user=0.53 sys=0.01, real=0.09 secs] 
38721.705: [GC 38721.705: [ParNew: 447148K->37139K(471872K), 0.1005180 secs] 7392959K->6982950K(11361088K), 0.1009570 secs] [Times: user=0.60 sys=0.00, real=0.10 secs] 
38723.812: [GC 38723.812: [ParNew: 456595K->33246K(471872K), 0.0937090 secs] 7402406K->6990308K(11361088K), 0.0941450 secs] [Times: user=0.66 sys=0.01, real=0.09 secs] 
38726.036: [GC 38726.037: [ParNew: 452702K->29024K(471872K), 0.0624640 secs] 7409764K->6986086K(11361088K), 0.0628730 secs] [Times: user=0.58 sys=0.01, real=0.06 secs] 
38727.532: [GC 38727.532: [ParNew: 448480K->52416K(471872K), 0.2419080 secs] 7405542K->7021667K(11361088K), 0.2423710 secs] [Times: user=1.35 sys=0.00, real=0.25 secs] 
38730.483: [GC 38730.484: [ParNew: 471872K->50449K(471872K), 0.1216470 secs] 7441123K->7060750K(11361088K), 0.1220980 secs] [Times: user=0.78 sys=0.07, real=0.12 secs] 
38733.616: [GC 38733.616: [ParNew: 469905K->39004K(471872K), 0.1168240 secs] 7480206K->7078715K(11361088K), 0.1195340 secs] [Times: user=0.56 sys=0.02, real=0.12 secs] 
38735.036: [GC 38735.036: [ParNew: 458460K->47972K(471872K), 0.0860330 secs] 7498172K->7087683K(11361088K), 0.0864460 secs] [Times: user=0.66 sys=0.00, real=0.08 secs] 
38736.254: [GC 38736.254: [ParNew: 467428K->46031K(471872K), 0.1307510 secs] 7507139K->7118883K(11361088K), 0.1311080 secs] [Times: user=0.65 sys=0.04, real=0.13 secs] 
38738.159: [GC 38738.159: [ParNew: 465487K->42678K(471872K), 0.2966420 secs] 7538339K->7115529K(11361088K), 0.2970560 secs] [Times: user=3.67 sys=0.00, real=0.30 secs] 
38740.683: [GC 38740.683: [ParNew: 462134K->32710K(471872K), 0.0939110 secs] 7534985K->7115954K(11361088K), 0.0943900 secs] [Times: user=0.65 sys=0.01, real=0.10 secs] 
38742.692: [GC 38742.692: [ParNew: 452166K->48107K(471872K), 0.2277610 secs] 7535410K->7131351K(11361088K), 0.2281740 secs] [Times: user=2.60 sys=0.00, real=0.23 secs] 
38747.411: [GC 38747.411: [ParNew: 467563K->48141K(471872K), 0.0885680 secs] 7550807K->7146049K(11361088K), 0.0890110 secs] [Times: user=0.76 sys=0.01, real=0.09 secs] 
38748.814: [GC 38748.814: [ParNew: 467597K->46025K(471872K), 0.1025080 secs] 7565505K->7173239K(11361088K), 0.1028980 secs] [Times: user=0.68 sys=0.04, real=0.11 secs] 
38750.831: [GC 38750.831: [ParNew: 465481K->34114K(471872K), 0.1141800 secs] 7592695K->7188479K(11361088K), 0.1146210 secs] [Times: user=0.55 sys=0.02, real=0.12 secs] 
38753.056: [GC 38753.056: [ParNew: 453570K->52416K(471872K), 0.1153410 secs] 7607935K->7221979K(11361088K), 0.1157820 secs] [Times: user=0.84 sys=0.02, real=0.11 secs] 
38753.176: [GC 38753.176: [ParNew: 53837K->6322K(471872K), 0.1517250 secs] 7223401K->7228301K(11361088K), 0.1521850 secs] [Times: user=0.76 sys=0.04, real=0.15 secs] 
38754.401: [GC 38754.401: [ParNew: 425778K->26653K(471872K), 0.1138630 secs] 7647757K->7248632K(11361088K), 0.1142430 secs] [Times: user=0.61 sys=0.00, real=0.12 secs] 
38755.741: [GC 38755.742: [ParNew: 446109K->19566K(471872K), 0.0897670 secs] 7668088K->7241545K(11361088K), 0.0902310 secs] [Times: user=0.60 sys=0.00, real=0.09 secs] 
38758.848: [GC 38758.848: [ParNew: 439022K->17780K(471872K), 0.0524860 secs] 7661001K->7239759K(11361088K), 0.0528610 secs] [Times: user=0.53 sys=0.00, real=0.05 secs] 
38760.447: [GC 38760.447: [ParNew: 437137K->45065K(471872K), 0.0642440 secs] 7659116K->7267045K(11361088K), 0.0646060 secs] [Times: user=0.71 sys=0.01, real=0.06 secs] 
38763.471: [GC 38763.471: [ParNew: 464521K->32354K(471872K), 0.1412410 secs] 7686501K->7289984K(11361088K), 0.1417610 secs] [Times: user=0.63 sys=0.02, real=0.14 secs] 
38765.255: [GC 38765.255: [ParNew: 451810K->39783K(471872K), 0.0656800 secs] 7709440K->7297413K(11361088K), 0.0660920 secs] [Times: user=0.61 sys=0.00, real=0.07 secs] 
38767.566: [GC 38767.566: [ParNew: 459239K->52416K(471872K), 0.1251030 secs] 7716869K->7343797K(11361088K), 0.1255240 secs] [Times: user=0.94 sys=0.04, real=0.13 secs] 
38769.259: [GC 38769.259: [ParNew: 471872K->50849K(471872K), 0.1734210 secs] 7763253K->7393334K(11361088K), 0.1738520 secs] [Times: user=0.81 sys=0.07, real=0.17 secs] 
38771.105: [GC 38771.105: [ParNew: 470305K->20507K(471872K), 0.0669500 secs] 7812790K->7362993K(11361088K), 0.0673640 secs] [Times: user=0.59 sys=0.00, real=0.07 secs] 
38774.740: [GC 38774.740: [ParNew: 439963K->52416K(471872K), 0.0977510 secs] 7782449K->7406171K(11361088K), 0.0981810 secs] [Times: user=0.84 sys=0.01, real=0.10 secs] 
38778.191: [GC 38778.191: [ParNew: 471872K->48991K(471872K), 0.1500120 secs] 7825627K->7451946K(11361088K), 0.1504290 secs] [Times: user=0.87 sys=0.07, real=0.15 secs] 
38780.630: [GC 38780.630: [ParNew: 468447K->48656K(471872K), 0.0899460 secs] 7871402K->7451611K(11361088K), 0.0903700 secs] [Times: user=0.73 sys=0.01, real=0.09 secs] 
38784.005: [GC 38784.005: [ParNew: 468112K->35448K(471872K), 0.1318110 secs] 7871067K->7472990K(11361088K), 0.1321680 secs] [Times: user=0.62 sys=0.04, real=0.13 secs] 
38787.243: [GC 38787.243: [ParNew: 454904K->32491K(471872K), 0.0777860 secs] 7892446K->7470032K(11361088K), 0.0782080 secs] [Times: user=0.61 sys=0.00, real=0.08 secs] 
38787.993: [GC 38787.993: [ParNew: 451947K->43002K(471872K), 0.0720750 secs] 7889488K->7487551K(11361088K), 0.0724800 secs] [Times: user=0.71 sys=0.01, real=0.07 secs] 
38788.680: [GC 38788.680: [ParNew: 462458K->50025K(471872K), 0.1172680 secs] 7907007K->7508816K(11361088K), 0.1176570 secs] [Times: user=0.60 sys=0.01, real=0.11 secs] 
38789.703: [GC 38789.703: [ParNew: 469481K->52416K(471872K), 0.1775410 secs] 7928272K->7532254K(11361088K), 0.1779780 secs] [Times: user=0.81 sys=0.02, real=0.18 secs] 
38792.239: [GC 38792.239: [ParNew: 471872K->42049K(471872K), 0.1575180 secs] 7951710K->7562476K(11361088K), 0.1579890 secs] [Times: user=0.75 sys=0.06, real=0.16 secs] 
38796.265: [GC 38796.266: [ParNew: 461473K->29091K(471872K), 0.0781250 secs] 7981900K->7549518K(11361088K), 0.0786410 secs] [Times: user=0.62 sys=0.00, real=0.08 secs] 
38797.312: [GC 38797.312: [ParNew: 448547K->46880K(471872K), 0.0845730 secs] 7968974K->7567307K(11361088K), 0.0849980 secs] [Times: user=0.69 sys=0.00, real=0.08 secs] 
38798.013: [GC 38798.013: [ParNew: 466336K->43572K(471872K), 0.0791300 secs] 7986763K->7578924K(11361088K), 0.0795570 secs] [Times: user=0.71 sys=0.02, real=0.08 secs] 
38798.787: [GC 38798.787: [ParNew: 463028K->52416K(471872K), 0.1008040 secs] 7998380K->7602433K(11361088K), 0.1012580 secs] [Times: user=0.78 sys=0.02, real=0.10 secs] 
38800.044: [GC 38800.044: [ParNew: 471872K->52416K(471872K), 0.3825500 secs] 8021889K->7648556K(11361088K), 0.3830530 secs] [Times: user=1.13 sys=0.06, real=0.38 secs] 
38801.055: [GC 38801.055: [ParNew: 471872K->52416K(471872K), 0.1880160 secs] 8068012K->7687725K(11361088K), 0.1883990 secs] [Times: user=0.99 sys=0.06, real=0.19 secs] 
38803.084: [GC 38803.084: [ParNew: 471872K->49527K(471872K), 0.1675190 secs] 8107181K->7716001K(11361088K), 0.1679540 secs] [Times: user=0.78 sys=0.05, real=0.17 secs] 
38805.003: [GC 38805.004: [ParNew: 468983K->52416K(471872K), 0.2625550 secs] 8135457K->7741622K(11361088K), 0.2630030 secs] [Times: user=0.92 sys=0.00, real=0.26 secs] 
38806.946: [GC 38806.946: [ParNew: 471850K->52416K(471872K), 0.1755740 secs] 8161057K->7792186K(11361088K), 0.1759980 secs] [Times: user=1.03 sys=0.07, real=0.18 secs] 
38807.861: [GC 38807.861: [ParNew: 471872K->52416K(471872K), 0.1342970 secs] 8211642K->7825667K(11361088K), 0.1346570 secs] [Times: user=0.81 sys=0.03, real=0.14 secs] 
38810.320: [GC 38810.320: [ParNew: 471872K->52416K(471872K), 0.2768530 secs] 8245123K->7878768K(11361088K), 0.2772980 secs] [Times: user=1.01 sys=0.04, real=0.28 secs] 
38811.405: [GC 38811.405: [ParNew: 471811K->52416K(471872K), 0.3206380 secs] 8298163K->7929306K(11361088K), 0.3210970 secs] [Times: user=0.82 sys=0.01, real=0.32 secs] 
38812.520: [GC 38812.520: [ParNew: 471872K->52416K(471872K), 0.2692760 secs] 8348762K->7982599K(11361088K), 0.2696910 secs] [Times: user=1.67 sys=0.07, real=0.27 secs] 
38814.043: [GC 38814.043: [ParNew (promotion failed): 471872K->468575K(471872K), 2.4283080 secs]38816.472: [CMS: 7931703K->5636322K(10889216K), 24.4098770 secs] 8402055K->5636322K(11361088K), [CMS Perm : 399833K->399676K(524288K)], 26.8388240 secs] [Times: user=26.98 sys=0.88, real=26.83 secs] 
38841.550: [GC 38841.550: [ParNew: 419456K->33870K(471872K), 0.0962590 secs] 6055778K->5670193K(11361088K), 0.0966750 secs] [Times: user=0.62 sys=0.00, real=0.10 secs] 
38842.163: [GC 38842.163: [ParNew: 453326K->37526K(471872K), 0.1114740 secs] 6089649K->5673849K(11361088K), 0.1118990 secs] [Times: user=0.75 sys=0.01, real=0.12 secs] 
38842.853: [GC 38842.853: [ParNew: 456982K->37208K(471872K), 0.0901000 secs] 6093305K->5685906K(11361088K), 0.0904920 secs] [Times: user=0.49 sys=0.03, real=0.09 secs] 
38843.989: [GC 38843.990: [ParNew: 456664K->52416K(471872K), 0.1059380 secs] 6105362K->5703799K(11361088K), 0.1063420 secs] [Times: user=0.69 sys=0.01, real=0.11 secs] 
38844.730: [GC 38844.730: [ParNew: 471872K->52416K(471872K), 0.1464840 secs] 6123255K->5750096K(11361088K), 0.1469170 secs] [Times: user=0.88 sys=0.05, real=0.15 secs] 
38845.362: [GC 38845.363: [ParNew: 471872K->52416K(471872K), 0.1850170 secs] 6169552K->5799227K(11361088K), 0.1854410 secs] [Times: user=0.68 sys=0.05, real=0.19 secs] 
38846.392: [GC 38846.393: [ParNew: 471872K->52416K(471872K), 0.2287050 secs] 6218683K->5818967K(11361088K), 0.2291250 secs] [Times: user=0.90 sys=0.01, real=0.23 secs] 
38849.968: [GC 38849.968: [ParNew: 471872K->52416K(471872K), 0.2645060 secs] 6238423K->5871477K(11361088K), 0.2649510 secs] [Times: user=0.96 sys=0.07, real=0.26 secs] 
38853.100: [GC 38853.100: [ParNew: 471872K->52415K(471872K), 0.1721840 secs] 6290933K->5877733K(11361088K), 0.1726310 secs] [Times: user=0.82 sys=0.01, real=0.17 secs] 
38856.529: [GC 38856.529: [ParNew: 471871K->44820K(471872K), 0.1740420 secs] 6297189K->5909466K(11361088K), 0.1744460 secs] [Times: user=0.66 sys=0.03, real=0.17 secs] 
38857.806: [GC 38857.807: [ParNew: 464276K->35119K(471872K), 0.1090920 secs] 6328922K->5899765K(11361088K), 0.1095280 secs] [Times: user=0.61 sys=0.00, real=0.10 secs] 
38860.873: [GC 38860.873: [ParNew: 454575K->35676K(471872K), 0.0981240 secs] 6319221K->5908090K(11361088K), 0.0985570 secs] [Times: user=0.60 sys=0.01, real=0.10 secs] 
38861.659: [GC 38861.659: [ParNew: 455132K->28725K(471872K), 0.0622340 secs] 6327546K->5907049K(11361088K), 0.0626390 secs] [Times: user=0.59 sys=0.00, real=0.06 secs] 
38862.736: [GC 38862.736: [ParNew: 448181K->29044K(471872K), 0.0710810 secs] 6326505K->5907368K(11361088K), 0.0715020 secs] [Times: user=0.50 sys=0.01, real=0.07 secs] 
38864.227: [GC 38864.227: [ParNew: 448347K->52416K(471872K), 0.1547230 secs] 6326671K->5952524K(11361088K), 0.1552410 secs] [Times: user=0.88 sys=0.01, real=0.16 secs] 
38865.331: [GC 38865.331: [ParNew: 471872K->52416K(471872K), 0.2406460 secs] 6371980K->6006401K(11361088K), 0.2410920 secs] [Times: user=0.70 sys=0.02, real=0.24 secs] 
38867.059: [GC 38867.060: [ParNew: 471872K->25866K(471872K), 0.1283960 secs] 6425857K->6006513K(11361088K), 0.1288390 secs] [Times: user=0.49 sys=0.02, real=0.13 secs] 
38869.017: [GC 38869.017: [ParNew: 445322K->43467K(471872K), 0.0648840 secs] 6425969K->6024115K(11361088K), 0.0654420 secs] [Times: user=0.62 sys=0.00, real=0.06 secs] 
38871.841: [GC 38871.841: [ParNew: 462862K->32165K(471872K), 0.1175220 secs] 6443509K->6048847K(11361088K), 0.1179620 secs] [Times: user=0.58 sys=0.04, real=0.12 secs] 
38873.387: [GC 38873.387: [ParNew: 451621K->23420K(471872K), 0.0718270 secs] 6468303K->6040103K(11361088K), 0.0722550 secs] [Times: user=0.57 sys=0.00, real=0.08 secs] 
38875.955: [GC 38875.955: [ParNew: 442876K->49892K(471872K), 0.0903300 secs] 6459559K->6066574K(11361088K), 0.0907560 secs] [Times: user=0.73 sys=0.01, real=0.09 secs] 
38878.373: [GC 38878.373: [ParNew: 469348K->45867K(471872K), 0.0720630 secs] 6486030K->6073808K(11361088K), 0.0724940 secs] [Times: user=0.43 sys=0.01, real=0.07 secs] 
38880.430: [GC 38880.431: [ParNew: 465323K->31536K(471872K), 0.1618250 secs] 6493264K->6086366K(11361088K), 0.1622910 secs] [Times: user=0.54 sys=0.01, real=0.16 secs] 
38882.272: [GC 38882.273: [ParNew: 450992K->21068K(471872K), 0.0870560 secs] 6505822K->6075898K(11361088K), 0.0875920 secs] [Times: user=0.59 sys=0.00, real=0.09 secs] 
38883.836: [GC 38883.836: [ParNew: 440201K->28639K(471872K), 0.1111360 secs] 6495032K->6083470K(11361088K), 0.1115770 secs] [Times: user=0.63 sys=0.01, real=0.11 secs] 
38884.796: [GC 38884.796: [ParNew: 448095K->35644K(471872K), 0.0768780 secs] 6502926K->6090475K(11361088K), 0.0772780 secs] [Times: user=0.54 sys=0.01, real=0.08 secs] 
38885.692: [GC 38885.693: [ParNew: 455100K->46282K(471872K), 0.0776560 secs] 6509931K->6108761K(11361088K), 0.0780950 secs] [Times: user=0.75 sys=0.01, real=0.08 secs] 
38888.496: [GC 38888.496: [ParNew: 465738K->44855K(471872K), 0.1432130 secs] 6528217K->6116363K(11361088K), 0.1437420 secs] [Times: user=0.53 sys=0.00, real=0.15 secs] 
38890.491: [GC 38890.491: [ParNew: 464311K->45759K(471872K), 0.0596060 secs] 6535819K->6117267K(11361088K), 0.0600870 secs] [Times: user=0.62 sys=0.00, real=0.06 secs] 
38893.603: [GC 38893.604: [ParNew: 465215K->42543K(471872K), 0.1564900 secs] 6536723K->6149805K(11361088K), 0.1569280 secs] [Times: user=0.68 sys=0.02, real=0.16 secs] 
38895.667: [GC 38895.668: [ParNew: 461999K->30298K(471872K), 0.1407420 secs] 6569261K->6162484K(11361088K), 0.1412910 secs] [Times: user=0.47 sys=0.01, real=0.14 secs] 
38900.507: [GC 38900.507: [ParNew: 449754K->29252K(471872K), 0.1181000 secs] 6581940K->6161437K(11361088K), 0.1185800 secs] [Times: user=0.69 sys=0.01, real=0.12 secs] 
38901.934: [GC 38901.934: [ParNew: 448708K->52416K(471872K), 0.2047240 secs] 6580893K->6219532K(11361088K), 0.2052610 secs] [Times: user=1.32 sys=0.04, real=0.20 secs] 
38905.781: [GC 38905.782: [ParNew: 471872K->52416K(471872K), 0.2666590 secs] 6638988K->6276061K(11361088K), 0.2671270 secs] [Times: user=0.97 sys=0.06, real=0.26 secs] 
38908.707: [GC 38908.707: [ParNew: 471872K->42379K(471872K), 0.1591310 secs] 6695517K->6294014K(11361088K), 0.1595150 secs] [Times: user=0.51 sys=0.01, real=0.16 secs] 
38910.683: [GC 38910.684: [ParNew: 461835K->52416K(471872K), 0.2497100 secs] 6713470K->6316526K(11361088K), 0.2501500 secs] [Times: user=0.79 sys=0.01, real=0.25 secs] 
38912.454: [GC 38912.454: [ParNew: 471872K->52416K(471872K), 0.2356410 secs] 6735982K->6366444K(11361088K), 0.2360290 secs] [Times: user=0.87 sys=0.04, real=0.23 secs] 
38913.680: [GC 38913.680: [ParNew: 471872K->52416K(471872K), 0.2479110 secs] 6785900K->6415932K(11361088K), 0.2483530 secs] [Times: user=0.74 sys=0.03, real=0.25 secs] 
38915.405: [GC 38915.405: [ParNew: 471872K->52416K(471872K), 0.1336840 secs] 6835388K->6448443K(11361088K), 0.1340700 secs] [Times: user=0.88 sys=0.03, real=0.13 secs] 
38918.762: [GC 38918.763: [ParNew: 471872K->52416K(471872K), 0.3047500 secs] 6867899K->6501434K(11361088K), 0.3052700 secs] [Times: user=0.84 sys=0.02, real=0.30 secs] 
38921.840: [GC 38921.840: [ParNew: 471872K->26013K(471872K), 0.0953340 secs] 6920890K->6501458K(11361088K), 0.0957370 secs] [Times: user=0.52 sys=0.03, real=0.10 secs] 
38925.721: [GC 38925.721: [ParNew: 445469K->21490K(471872K), 0.0557210 secs] 6920914K->6496935K(11361088K), 0.0561570 secs] [Times: user=0.56 sys=0.00, real=0.06 secs] 
38927.798: [GC 38927.798: [ParNew: 440860K->27027K(471872K), 0.0643710 secs] 6916305K->6502472K(11361088K), 0.0648450 secs] [Times: user=0.54 sys=0.00, real=0.07 secs] 
38932.440: [GC 38932.440: [ParNew: 446483K->48408K(471872K), 0.1023150 secs] 6921928K->6523853K(11361088K), 0.1027970 secs] [Times: user=0.63 sys=0.01, real=0.10 secs] 
38933.871: [GC 38933.871: [ParNew: 467864K->36458K(471872K), 0.0859040 secs] 6943309K->6527838K(11361088K), 0.0862950 secs] [Times: user=0.44 sys=0.01, real=0.09 secs] 
38934.729: [GC 38934.729: [ParNew: 455914K->44141K(471872K), 0.0743320 secs] 6947294K->6535521K(11361088K), 0.0747980 secs] [Times: user=0.64 sys=0.00, real=0.08 secs] 
38935.474: [GC 38935.474: [ParNew: 463597K->52416K(471872K), 0.1387070 secs] 6954977K->6564973K(11361088K), 0.1391180 secs] [Times: user=1.47 sys=0.03, real=0.13 secs] 
38936.346: [GC 38936.347: [ParNew: 471872K->48388K(471872K), 0.1871540 secs] 6984429K->6604560K(11361088K), 0.1875820 secs] [Times: user=1.38 sys=0.07, real=0.18 secs] 
38937.127: [GC 38937.127: [ParNew: 467844K->38341K(471872K), 0.0616270 secs] 7024016K->6594513K(11361088K), 0.0620820 secs] [Times: user=0.62 sys=0.00, real=0.06 secs] 
38937.963: [GC 38937.963: [ParNew: 457797K->46738K(471872K), 0.1180650 secs] 7013969K->6619177K(11361088K), 0.1185370 secs] [Times: user=0.55 sys=0.00, real=0.12 secs] 
38938.586: [GC 38938.586: [ParNew: 466194K->52416K(471872K), 0.1306020 secs] 7038633K->6648742K(11361088K), 0.1309770 secs] [Times: user=0.83 sys=0.03, real=0.13 secs] 
38939.329: [GC 38939.329: [ParNew: 471872K->50147K(471872K), 0.1410080 secs] 7068198K->6697225K(11361088K), 0.1414430 secs] [Times: user=0.82 sys=0.07, real=0.14 secs] 
38940.871: [GC 38940.871: [ParNew: 469603K->52416K(471872K), 0.1218080 secs] 7116681K->6702818K(11361088K), 0.1222420 secs] [Times: user=1.03 sys=0.00, real=0.12 secs] 
38942.271: [GC 38942.272: [ParNew: 471872K->52416K(471872K), 0.3029840 secs] 7122274K->6756374K(11361088K), 0.3034210 secs] [Times: user=1.51 sys=0.09, real=0.31 secs] 
38944.044: [GC 38944.045: [ParNew: 471872K->52416K(471872K), 0.3970880 secs] 7175830K->6798204K(11361088K), 0.3975270 secs] [Times: user=2.13 sys=0.03, real=0.40 secs] 
38946.868: [GC 38946.868: [ParNew: 471872K->50804K(471872K), 0.0898150 secs] 7217660K->6805742K(11361088K), 0.0902800 secs] [Times: user=0.71 sys=0.01, real=0.09 secs] 
38948.182: [GC 38948.182: [ParNew: 470260K->52416K(471872K), 0.2985870 secs] 7225198K->6860490K(11361088K), 0.2990060 secs] [Times: user=1.61 sys=0.04, real=0.30 secs] 
38949.294: [GC 38949.295: [ParNew: 471872K->52416K(471872K), 0.3808010 secs] 7279946K->6914102K(11361088K), 0.3812870 secs] [Times: user=2.64 sys=0.09, real=0.39 secs] 
38952.210: [GC 38952.210: [ParNew: 471872K->30002K(471872K), 0.1302920 secs] 7333558K->6918470K(11361088K), 0.1307580 secs] [Times: user=0.58 sys=0.03, real=0.13 secs] 
38955.808: [GC 38955.808: [ParNew: 449458K->41782K(471872K), 0.0597760 secs] 7337926K->6930249K(11361088K), 0.0601680 secs] [Times: user=0.64 sys=0.00, real=0.06 secs] 
38959.122: [GC 38959.123: [ParNew: 461238K->48992K(471872K), 0.0685530 secs] 7349705K->6951310K(11361088K), 0.0689820 secs] [Times: user=0.59 sys=0.01, real=0.07 secs] 
38961.691: [GC 38961.692: [ParNew: 468448K->52415K(471872K), 0.2371980 secs] 7370766K->6992925K(11361088K), 0.2376390 secs] [Times: user=0.87 sys=0.02, real=0.24 secs] 
38963.828: [GC 38963.829: [ParNew: 471871K->49570K(471872K), 0.1320610 secs] 7412381K->7020239K(11361088K), 0.1324980 secs] [Times: user=0.76 sys=0.04, real=0.13 secs] 
38965.700: [GC 38965.700: [ParNew: 469026K->52416K(471872K), 0.1742160 secs] 7439695K->7054713K(11361088K), 0.1746490 secs] [Times: user=1.14 sys=0.03, real=0.17 secs] 
38968.287: [GC 38968.287: [ParNew: 471872K->48614K(471872K), 0.1516590 secs] 7474169K->7081706K(11361088K), 0.1520720 secs] [Times: user=0.58 sys=0.02, real=0.15 secs] 
38970.627: [GC 38970.628: [ParNew: 468070K->44344K(471872K), 0.0914130 secs] 7501162K->7077437K(11361088K), 0.0917800 secs] [Times: user=0.65 sys=0.00, real=0.10 secs] 
38974.034: [GC 38974.034: [ParNew: 463800K->28157K(471872K), 0.1314570 secs] 7496893K->7088571K(11361088K), 0.1319000 secs] [Times: user=0.58 sys=0.01, real=0.13 secs] 
38977.766: [GC 38977.766: [ParNew: 447613K->33249K(471872K), 0.0948900 secs] 7508027K->7093663K(11361088K), 0.0953490 secs] [Times: user=0.71 sys=0.01, real=0.10 secs] 
38979.109: [GC 38979.109: [ParNew: 452705K->43950K(471872K), 0.1567200 secs] 7513119K->7113752K(11361088K), 0.1571490 secs] [Times: user=0.75 sys=0.03, real=0.15 secs] 
38982.265: [GC 38982.266: [ParNew: 463406K->38685K(471872K), 0.1288490 secs] 7533208K->7115298K(11361088K), 0.1292780 secs] [Times: user=0.72 sys=0.01, real=0.13 secs] 
38983.586: [GC 38983.586: [ParNew: 458141K->52416K(471872K), 0.0949370 secs] 7534754K->7144021K(11361088K), 0.0953310 secs] [Times: user=0.74 sys=0.02, real=0.10 secs] 
38984.747: [GC 38984.747: [ParNew: 471872K->52416K(471872K), 0.2714500 secs] 7563477K->7193028K(11361088K), 0.2718410 secs] [Times: user=1.02 sys=0.03, real=0.28 secs] 
38985.939: [GC 38985.940: [ParNew: 471755K->52416K(471872K), 0.1894120 secs] 7612368K->7242202K(11361088K), 0.1897840 secs] [Times: user=0.71 sys=0.03, real=0.19 secs] 
38987.025: [GC 38987.025: [ParNew: 471872K->52416K(471872K), 0.0827960 secs] 7661658K->7249269K(11361088K), 0.0832590 secs] [Times: user=0.76 sys=0.02, real=0.08 secs] 
38987.705: [GC 38987.705: [ParNew: 471872K->52416K(471872K), 0.3347280 secs] 7668725K->7313392K(11361088K), 0.3351240 secs] [Times: user=1.01 sys=0.04, real=0.34 secs] 
38988.503: [GC 38988.503: [ParNew: 471872K->52416K(471872K), 0.1570000 secs] 7732848K->7343619K(11361088K), 0.1574170 secs] [Times: user=0.80 sys=0.02, real=0.16 secs] 
38989.153: [GC 38989.153: [ParNew: 471872K->44948K(471872K), 0.2869560 secs] 7763075K->7380043K(11361088K), 0.2873950 secs] [Times: user=1.31 sys=0.01, real=0.29 secs] 
38990.043: [GC 38990.043: [ParNew: 464404K->38638K(471872K), 0.0588710 secs] 7799499K->7373733K(11361088K), 0.0594230 secs] [Times: user=0.65 sys=0.00, real=0.06 secs] 
38991.967: [GC 38991.967: [ParNew: 458094K->52416K(471872K), 0.2503400 secs] 7793189K->7430579K(11361088K), 0.2507410 secs] [Times: user=0.97 sys=0.01, real=0.25 secs] 
38993.636: [GC 38993.637: [ParNew: 471872K->49561K(471872K), 0.2615640 secs] 7850035K->7462386K(11361088K), 0.2619940 secs] [Times: user=0.84 sys=0.02, real=0.26 secs] 
38995.570: [GC 38995.570: [ParNew: 469017K->34830K(471872K), 0.0997340 secs] 7881842K->7447655K(11361088K), 0.1001790 secs] [Times: user=0.69 sys=0.01, real=0.10 secs] 
38997.914: [GC 38997.915: [ParNew: 454286K->35510K(471872K), 0.2254360 secs] 7867111K->7458115K(11361088K), 0.2258970 secs] [Times: user=2.40 sys=0.03, real=0.23 secs] 
39001.171: [GC 39001.172: [ParNew: 454966K->43611K(471872K), 0.0910600 secs] 7877571K->7471099K(11361088K), 0.0915080 secs] [Times: user=0.92 sys=0.01, real=0.09 secs] 
39004.499: [GC 39004.499: [ParNew: 463067K->36127K(471872K), 0.0873150 secs] 7890555K->7468587K(11361088K), 0.0877470 secs] [Times: user=0.69 sys=0.00, real=0.09 secs] 
39007.010: [GC 39007.011: [ParNew: 455583K->31567K(471872K), 0.0649340 secs] 7888043K->7464026K(11361088K), 0.0653670 secs] [Times: user=0.62 sys=0.00, real=0.07 secs] 
39009.601: [GC 39009.601: [ParNew: 451023K->52416K(471872K), 0.1300540 secs] 7883482K->7491090K(11361088K), 0.1305330 secs] [Times: user=0.74 sys=0.01, real=0.13 secs] 
39011.870: [GC 39011.871: [ParNew: 471872K->52416K(471872K), 0.1849520 secs] 7910546K->7538520K(11361088K), 0.1854240 secs] [Times: user=0.90 sys=0.04, real=0.19 secs] 
39015.371: [GC 39015.371: [ParNew: 471872K->48006K(471872K), 0.1321810 secs] 7957976K->7574102K(11361088K), 0.1326240 secs] [Times: user=0.77 sys=0.04, real=0.14 secs] 
39017.373: [GC 39017.374: [ParNew: 467462K->52416K(471872K), 0.0913260 secs] 7993558K->7578624K(11361088K), 0.0917540 secs] [Times: user=0.83 sys=0.01, real=0.09 secs] 
39020.816: [GC 39020.817: [ParNew: 471872K->38573K(471872K), 0.1985300 secs] 7998080K->7605313K(11361088K), 0.1989740 secs] [Times: user=0.66 sys=0.02, real=0.20 secs] 
39024.224: [GC 39024.224: [ParNew: 458029K->50922K(471872K), 0.1001060 secs] 8024769K->7617662K(11361088K), 0.1005790 secs] [Times: user=0.72 sys=0.00, real=0.10 secs] 
39026.457: [GC 39026.457: [ParNew: 470378K->52416K(471872K), 0.1382700 secs] 8037118K->7658513K(11361088K), 0.1386310 secs] [Times: user=0.89 sys=0.03, real=0.14 secs] 
39028.627: [GC 39028.627: [ParNew: 471872K->52416K(471872K), 0.2725980 secs] 8077969K->7713071K(11361088K), 0.2730280 secs] [Times: user=0.99 sys=0.04, real=0.27 secs] 
39029.748: [GC 39029.748: [ParNew: 471872K->52416K(471872K), 0.1648320 secs] 8132527K->7759624K(11361088K), 0.1651930 secs] [Times: user=1.02 sys=0.07, real=0.17 secs] 
39030.936: [GC 39030.937: [ParNew: 471872K->49338K(471872K), 0.1807200 secs] 8179080K->7805090K(11361088K), 0.1811830 secs] [Times: user=0.84 sys=0.04, real=0.18 secs] 
39031.775: [GC 39031.775: [ParNew: 468794K->52416K(471872K), 0.1390150 secs] 8224546K->7836227K(11361088K), 0.1394270 secs] [Times: user=1.17 sys=0.04, real=0.14 secs] 
39032.374: [GC 39032.375: [ParNew: 471872K->52416K(471872K), 0.1682030 secs] 8255683K->7885659K(11361088K), 0.1685710 secs] [Times: user=0.96 sys=0.10, real=0.16 secs] 
39032.964: [GC 39032.964: [ParNew: 471872K->49178K(471872K), 0.0906290 secs] 8305115K->7882421K(11361088K), 0.0910120 secs] [Times: user=1.13 sys=0.00, real=0.09 secs] 
39033.687: [GC 39033.687: [ParNew: 468634K->50567K(471872K), 0.1695100 secs] 8301877K->7902317K(11361088K), 0.1699390 secs] [Times: user=1.91 sys=0.01, real=0.17 secs] 
39034.281: [GC 39034.282: [ParNew: 470023K->52416K(471872K), 0.0874230 secs] 8321773K->7921846K(11361088K), 0.0877930 secs] [Times: user=0.70 sys=0.01, real=0.09 secs] 
39034.814: [GC 39034.814: [ParNew: 471872K->44352K(471872K), 0.1395010 secs] 8341302K->7960731K(11361088K), 0.1399300 secs] [Times: user=0.82 sys=0.06, real=0.15 secs] 
39035.679: [GC 39035.680: [ParNew: 463808K->39500K(471872K), 0.0620240 secs] 8380187K->7955879K(11361088K), 0.0624580 secs] [Times: user=0.67 sys=0.01, real=0.06 secs] 
39036.351: [GC 39036.351: [ParNew: 458956K->50821K(471872K), 0.1032750 secs] 8375335K->7980505K(11361088K), 0.1038050 secs] [Times: user=0.59 sys=0.01, real=0.11 secs] 
39037.991: [GC 39037.991: [ParNew: 470277K->52416K(471872K), 0.1519720 secs] 8399961K->8005680K(11361088K), 0.1525030 secs] [Times: user=0.82 sys=0.02, real=0.15 secs] 
39039.188: [GC 39039.188: [ParNew: 471872K->52416K(471872K), 0.2864150 secs] 8425136K->8055895K(11361088K), 0.2869080 secs] [Times: user=1.02 sys=0.09, real=0.29 secs] 
39041.023: [GC 39041.023: [ParNew: 471872K->25755K(471872K), 0.1241390 secs] 8475351K->8059889K(11361088K), 0.1245740 secs] [Times: user=0.62 sys=0.03, real=0.13 secs] 
39042.884: [GC 39042.884: [ParNew: 445211K->20194K(471872K), 0.0615970 secs] 8479345K->8054329K(11361088K), 0.0620350 secs] [Times: user=0.62 sys=0.00, real=0.07 secs] 
39043.612: [GC 39043.612: [ParNew: 439650K->52416K(471872K), 0.0824560 secs] 8473785K->8099215K(11361088K), 0.0828550 secs] [Times: user=0.81 sys=0.03, real=0.08 secs] 
39045.080: [GC 39045.081: [ParNew: 471872K->52416K(471872K), 0.2029700 secs] 8518671K->8148926K(11361088K), 0.2034480 secs] [Times: user=0.87 sys=0.05, real=0.20 secs] 
39045.953: [GC 39045.953: [ParNew: 471872K->52416K(471872K), 0.1875540 secs] 8568382K->8158289K(11361088K), 0.1879280 secs] [Times: user=0.84 sys=0.00, real=0.19 secs] 
39047.869: [GC 39047.870: [ParNew (promotion failed): 471872K->471872K(471872K), 1.2946550 secs]39049.164: [CMS: 8118046K->5804929K(10889216K), 23.6663260 secs] 8577745K->5804929K(11361088K), [CMS Perm : 401092K->400979K(524288K)], 24.9615200 secs] [Times: user=25.41 sys=0.36, real=24.96 secs] 
39073.463: [GC 39073.463: [ParNew: 419456K->52416K(471872K), 0.2081390 secs] 6224385K->5867193K(11361088K), 0.2085950 secs] [Times: user=0.72 sys=0.00, real=0.21 secs] 
39074.146: [GC 39074.146: [ParNew: 471872K->37875K(471872K), 0.1744730 secs] 6286649K->5870740K(11361088K), 0.1748400 secs] [Times: user=0.45 sys=0.01, real=0.18 secs] 
39074.971: [GC 39074.971: [ParNew: 457331K->28358K(471872K), 0.0889160 secs] 6290196K->5861222K(11361088K), 0.0892890 secs] [Times: user=0.53 sys=0.00, real=0.09 secs] 
39075.657: [GC 39075.658: [ParNew: 447814K->29671K(471872K), 0.0758090 secs] 6280678K->5862536K(11361088K), 0.0762380 secs] [Times: user=0.55 sys=0.00, real=0.08 secs] 
39076.300: [GC 39076.301: [ParNew: 449127K->52416K(471872K), 0.2251050 secs] 6281992K->5923376K(11361088K), 0.2256370 secs] [Times: user=0.85 sys=0.01, real=0.22 secs] 
39077.901: [GC 39077.901: [ParNew: 471774K->52416K(471872K), 0.2332610 secs] 6342734K->5983500K(11361088K), 0.2337080 secs] [Times: user=1.05 sys=0.07, real=0.23 secs] 
39078.806: [GC 39078.806: [ParNew: 471872K->52416K(471872K), 0.2297730 secs] 6402956K->6038539K(11361088K), 0.2301990 secs] [Times: user=0.79 sys=0.04, real=0.23 secs] 
39080.778: [GC 39080.779: [ParNew: 471872K->52416K(471872K), 0.1864890 secs] 6457995K->6071352K(11361088K), 0.1870630 secs] [Times: user=0.72 sys=0.03, real=0.19 secs] 
39082.185: [GC 39082.186: [ParNew: 471872K->52416K(471872K), 0.2379800 secs] 6490808K->6119475K(11361088K), 0.2384170 secs] [Times: user=0.88 sys=0.02, real=0.24 secs] 
39083.513: [GC 39083.514: [ParNew: 471778K->52416K(471872K), 0.2380290 secs] 6538837K->6170384K(11361088K), 0.2385970 secs] [Times: user=0.88 sys=0.04, real=0.24 secs] 
39084.611: [GC 39084.612: [ParNew: 471872K->52416K(471872K), 0.2409770 secs] 6589840K->6213398K(11361088K), 0.2414610 secs] [Times: user=1.05 sys=0.02, real=0.24 secs] 
39085.933: [GC 39085.934: [ParNew: 471872K->52416K(471872K), 0.1445930 secs] 6632854K->6219088K(11361088K), 0.1450120 secs] [Times: user=0.90 sys=0.00, real=0.15 secs] 
39087.302: [GC 39087.302: [ParNew: 471872K->48648K(471872K), 0.2311740 secs] 6638544K->6261138K(11361088K), 0.2315940 secs] [Times: user=1.43 sys=0.08, real=0.23 secs] 
39089.783: [GC 39089.783: [ParNew: 468104K->26860K(471872K), 0.1219110 secs] 6680594K->6239351K(11361088K), 0.1223470 secs] [Times: user=0.64 sys=0.00, real=0.12 secs] 
39092.632: [GC 39092.632: [ParNew: 446316K->29355K(471872K), 0.0848740 secs] 6658807K->6241845K(11361088K), 0.0852870 secs] [Times: user=0.60 sys=0.01, real=0.08 secs] 
39093.910: [GC 39093.910: [ParNew: 448811K->43014K(471872K), 0.0677580 secs] 6661301K->6258192K(11361088K), 0.0681440 secs] [Times: user=0.65 sys=0.01, real=0.07 secs] 
39095.108: [GC 39095.108: [ParNew: 462470K->52416K(471872K), 0.2191500 secs] 6677648K->6309984K(11361088K), 0.2195890 secs] [Times: user=0.85 sys=0.04, real=0.22 secs] 
39096.916: [GC 39096.916: [ParNew: 471872K->51636K(471872K), 0.1346840 secs] 6729440K->6345559K(11361088K), 0.1351070 secs] [Times: user=0.73 sys=0.04, real=0.14 secs] 
39097.898: [GC 39097.898: [ParNew: 471092K->50645K(471872K), 0.1612510 secs] 6765015K->6344568K(11361088K), 0.1617240 secs] [Times: user=1.65 sys=0.00, real=0.17 secs] 
39099.488: [GC 39099.488: [ParNew: 470101K->52415K(471872K), 0.1694690 secs] 6764024K->6370500K(11361088K), 0.1698850 secs] [Times: user=0.64 sys=0.01, real=0.17 secs] 
39101.978: [GC 39101.978: [ParNew: 471871K->52416K(471872K), 0.1770030 secs] 6789956K->6402147K(11361088K), 0.1774730 secs] [Times: user=0.82 sys=0.03, real=0.18 secs] 
39103.736: [GC 39103.736: [ParNew: 471872K->52415K(471872K), 0.1091210 secs] 6821603K->6413951K(11361088K), 0.1095560 secs] [Times: user=0.73 sys=0.02, real=0.11 secs] 
39104.372: [GC 39104.373: [ParNew: 471871K->35165K(471872K), 0.1161650 secs] 6833407K->6431874K(11361088K), 0.1166390 secs] [Times: user=0.66 sys=0.04, real=0.11 secs] 
39104.930: [GC 39104.931: [ParNew: 454621K->33403K(471872K), 0.0707490 secs] 6851330K->6430112K(11361088K), 0.0711690 secs] [Times: user=0.61 sys=0.00, real=0.08 secs] 
39105.435: [GC 39105.435: [ParNew: 452859K->43405K(471872K), 0.0753110 secs] 6849568K->6451816K(11361088K), 0.0757130 secs] [Times: user=0.50 sys=0.01, real=0.07 secs] 
39106.041: [GC 39106.042: [ParNew: 462861K->52416K(471872K), 0.0866720 secs] 6871272K->6475058K(11361088K), 0.0871560 secs] [Times: user=0.73 sys=0.02, real=0.08 secs] 
39106.637: [GC 39106.638: [ParNew: 471872K->52416K(471872K), 0.1625410 secs] 6894514K->6525667K(11361088K), 0.1629730 secs] [Times: user=0.83 sys=0.06, real=0.16 secs] 
39107.253: [GC 39107.253: [ParNew: 471872K->45418K(471872K), 0.0572750 secs] 6945123K->6518669K(11361088K), 0.0577200 secs] [Times: user=0.67 sys=0.00, real=0.05 secs] 
39107.695: [GC 39107.696: [ParNew: 464874K->52416K(471872K), 0.1055670 secs] 6938125K->6544932K(11361088K), 0.1059420 secs] [Times: user=0.58 sys=0.02, real=0.10 secs] 
39107.808: [GC 39107.808: [ParNew: 59710K->38895K(471872K), 0.0879750 secs] 6552226K->6550776K(11361088K), 0.0883670 secs] [Times: user=0.52 sys=0.03, real=0.09 secs] 
39108.262: [GC 39108.262: [ParNew: 458351K->44839K(471872K), 0.0708580 secs] 6970232K->6556720K(11361088K), 0.0713430 secs] [Times: user=0.54 sys=0.00, real=0.07 secs] 
39108.715: [GC 39108.715: [ParNew: 464295K->48863K(471872K), 0.1156110 secs] 6976176K->6577747K(11361088K), 0.1160560 secs] [Times: user=0.51 sys=0.02, real=0.11 secs] 
39109.233: [GC 39109.233: [ParNew: 468319K->51496K(471872K), 0.0923640 secs] 6997203K->6594194K(11361088K), 0.0927810 secs] [Times: user=0.53 sys=0.02, real=0.09 secs] 
39109.899: [GC 39109.900: [ParNew: 470952K->52415K(471872K), 0.1164420 secs] 7013650K->6611942K(11361088K), 0.1168170 secs] [Times: user=0.57 sys=0.02, real=0.12 secs] 
39111.127: [GC 39111.127: [ParNew: 471871K->52416K(471872K), 0.1024180 secs] 7031398K->6632613K(11361088K), 0.1028400 secs] [Times: user=0.83 sys=0.03, real=0.10 secs] 
39112.750: [GC 39112.750: [ParNew: 471872K->52416K(471872K), 0.3078760 secs] 7052069K->6685210K(11361088K), 0.3083330 secs] [Times: user=0.69 sys=0.01, real=0.31 secs] 
39113.933: [GC 39113.933: [ParNew: 471872K->52416K(471872K), 0.2226170 secs] 7104666K->6717441K(11361088K), 0.2230160 secs] [Times: user=1.54 sys=0.01, real=0.22 secs] 
39114.627: [GC 39114.627: [ParNew: 471665K->52416K(471872K), 0.4286670 secs] 7136691K->6830157K(11361088K), 0.4290750 secs] [Times: user=1.50 sys=0.09, real=0.43 secs] 
39116.014: [GC 39116.014: [ParNew: 471089K->49978K(471872K), 0.2011140 secs] 7248831K->6876433K(11361088K), 0.2016180 secs] [Times: user=0.89 sys=0.06, real=0.20 secs] 
39117.561: [GC 39117.562: [ParNew: 469434K->52416K(471872K), 0.1781880 secs] 7295889K->6893686K(11361088K), 0.1786750 secs] [Times: user=0.89 sys=0.01, real=0.18 secs] 
39118.902: [GC 39118.902: [ParNew: 471872K->52416K(471872K), 0.3897000 secs] 7313142K->6952383K(11361088K), 0.3901290 secs] [Times: user=1.06 sys=0.07, real=0.39 secs] 
39120.196: [GC 39120.196: [ParNew: 471872K->43013K(471872K), 0.1794590 secs] 7371839K->6973839K(11361088K), 0.1799640 secs] [Times: user=0.73 sys=0.03, real=0.18 secs] 
39121.062: [GC 39121.062: [ParNew: 461727K->30837K(471872K), 0.1281140 secs] 7392553K->6971030K(11361088K), 0.1285870 secs] [Times: user=0.64 sys=0.02, real=0.13 secs] 
39122.623: [GC 39122.623: [ParNew: 450293K->45575K(471872K), 0.0816830 secs] 7390486K->6985768K(11361088K), 0.0820670 secs] [Times: user=0.71 sys=0.00, real=0.08 secs] 
39123.937: [GC 39123.937: [ParNew: 465031K->52416K(471872K), 0.1824010 secs] 7405224K->7042805K(11361088K), 0.1828480 secs] [Times: user=1.02 sys=0.05, real=0.18 secs] 
39128.053: [GC 39128.053: [ParNew: 471832K->52416K(471872K), 0.2420170 secs] 7462222K->7096288K(11361088K), 0.2424960 secs] [Times: user=0.85 sys=0.07, real=0.25 secs] 
39130.180: [GC 39130.180: [ParNew: 471872K->23372K(471872K), 0.0567410 secs] 7515744K->7067245K(11361088K), 0.0571840 secs] [Times: user=0.59 sys=0.00, real=0.06 secs] 
39131.804: [GC 39131.804: [ParNew: 442828K->38532K(471872K), 0.1441610 secs] 7486701K->7082405K(11361088K), 0.1446130 secs] [Times: user=1.63 sys=0.00, real=0.14 secs] 
39134.196: [GC 39134.196: [ParNew: 457988K->27407K(471872K), 0.0833220 secs] 7501861K->7079120K(11361088K), 0.0838290 secs] [Times: user=0.69 sys=0.01, real=0.08 secs] 
39136.640: [GC 39136.640: [ParNew: 446784K->52415K(471872K), 0.0951860 secs] 7498498K->7106830K(11361088K), 0.0955620 secs] [Times: user=0.72 sys=0.01, real=0.10 secs] 
39138.451: [GC 39138.451: [ParNew: 471871K->42706K(471872K), 0.1658180 secs] 7526286K->7137574K(11361088K), 0.1662580 secs] [Times: user=0.69 sys=0.04, real=0.17 secs] 
39140.981: [GC 39140.982: [ParNew: 462162K->37790K(471872K), 0.1873140 secs] 7557030K->7132657K(11361088K), 0.1880910 secs] [Times: user=0.63 sys=0.01, real=0.19 secs] 
39143.685: [GC 39143.686: [ParNew: 457246K->25516K(471872K), 0.0780460 secs] 7552113K->7126807K(11361088K), 0.0785140 secs] [Times: user=0.38 sys=0.00, real=0.07 secs] 
39147.046: [GC 39147.046: [ParNew: 444972K->34825K(471872K), 0.0906890 secs] 7546263K->7136115K(11361088K), 0.0911020 secs] [Times: user=0.66 sys=0.01, real=0.10 secs] 
39149.864: [GC 39149.864: [ParNew: 454281K->52416K(471872K), 0.1110050 secs] 7555571K->7169686K(11361088K), 0.1114430 secs] [Times: user=0.81 sys=0.02, real=0.12 secs] 
39152.969: [GC 39152.970: [ParNew: 471872K->46504K(471872K), 0.1706660 secs] 7589142K->7213460K(11361088K), 0.1711840 secs] [Times: user=0.77 sys=0.06, real=0.17 secs] 
39156.065: [GC 39156.065: [ParNew: 465960K->52416K(471872K), 0.1521020 secs] 7632916K->7224305K(11361088K), 0.1525770 secs] [Times: user=0.79 sys=0.00, real=0.16 secs] 
39157.462: [GC 39157.463: [ParNew: 471872K->52416K(471872K), 0.2488340 secs] 7643761K->7280779K(11361088K), 0.2492940 secs] [Times: user=1.06 sys=0.07, real=0.25 secs] 
39161.181: [GC 39161.182: [ParNew: 471872K->47474K(471872K), 0.4084300 secs] 7700235K->7308737K(11361088K), 0.4089010 secs] [Times: user=1.98 sys=0.44, real=0.41 secs] 
39163.429: [GC 39163.429: [ParNew: 466930K->46988K(471872K), 0.1520530 secs] 7728193K->7308251K(11361088K), 0.1524950 secs] [Times: user=0.74 sys=0.01, real=0.15 secs] 
39165.637: [GC 39165.637: [ParNew: 466444K->31282K(471872K), 0.1587500 secs] 7727707K->7308163K(11361088K), 0.1592040 secs] [Times: user=0.72 sys=0.11, real=0.15 secs] 
39166.716: [GC 39166.716: [ParNew: 450738K->52416K(471872K), 0.1443560 secs] 7727619K->7329750K(11361088K), 0.1447950 secs] [Times: user=1.70 sys=0.03, real=0.15 secs] 
39168.747: [GC 39168.748: [ParNew: 471872K->52416K(471872K), 0.1206260 secs] 7749206K->7342412K(11361088K), 0.1211250 secs] [Times: user=0.75 sys=0.07, real=0.13 secs] 
39173.172: [GC 39173.172: [ParNew: 471872K->52415K(471872K), 0.2941580 secs] 7761868K->7389652K(11361088K), 0.2945740 secs] [Times: user=0.77 sys=0.15, real=0.29 secs] 
39175.319: [GC 39175.319: [ParNew: 471871K->33043K(471872K), 0.1166100 secs] 7809108K->7370280K(11361088K), 0.1170410 secs] [Times: user=0.71 sys=0.02, real=0.11 secs] 
39177.578: [GC 39177.578: [ParNew: 452499K->26283K(471872K), 0.1222140 secs] 7789736K->7370761K(11361088K), 0.1226420 secs] [Times: user=0.65 sys=0.03, real=0.13 secs] 
39180.730: [GC 39180.730: [ParNew: 445739K->26179K(471872K), 0.0828360 secs] 7790217K->7370657K(11361088K), 0.0833080 secs] [Times: user=0.60 sys=0.01, real=0.08 secs] 
39182.447: [GC 39182.447: [ParNew: 445635K->52416K(471872K), 0.1034590 secs] 7790113K->7409208K(11361088K), 0.1039130 secs] [Times: user=0.81 sys=0.05, real=0.11 secs] 
39184.817: [GC 39184.817: [ParNew: 471872K->52416K(471872K), 0.6250510 secs] 7828664K->7474871K(11361088K), 0.6254890 secs] [Times: user=1.17 sys=0.22, real=0.63 secs] 
39187.124: [GC 39187.124: [ParNew: 471872K->50742K(471872K), 0.1809410 secs] 7894327K->7502130K(11361088K), 0.1813080 secs] [Times: user=0.83 sys=0.13, real=0.18 secs] 
39189.358: [GC 39189.358: [ParNew: 470198K->36883K(471872K), 0.0851160 secs] 7921586K->7488271K(11361088K), 0.0855050 secs] [Times: user=0.70 sys=0.00, real=0.09 secs] 
39191.001: [GC 39191.001: [ParNew: 456339K->43142K(471872K), 0.1193150 secs] 7907727K->7500397K(11361088K), 0.1197430 secs] [Times: user=1.01 sys=0.03, real=0.12 secs] 
39191.944: [GC 39191.944: [ParNew: 462598K->52416K(471872K), 0.1819800 secs] 7919853K->7530639K(11361088K), 0.1823990 secs] [Times: user=0.97 sys=0.08, real=0.18 secs] 
39192.561: [GC 39192.561: [ParNew: 471872K->47002K(471872K), 0.3328820 secs] 7950095K->7575551K(11361088K), 0.3332820 secs] [Times: user=1.98 sys=0.15, real=0.33 secs] 
39193.636: [GC 39193.637: [ParNew: 466458K->47064K(471872K), 0.0898040 secs] 7995007K->7575614K(11361088K), 0.0902820 secs] [Times: user=0.92 sys=0.01, real=0.09 secs] 
39194.357: [GC 39194.357: [ParNew: 466520K->45786K(471872K), 0.1464490 secs] 7995070K->7591151K(11361088K), 0.1469180 secs] [Times: user=0.64 sys=0.06, real=0.15 secs] 
39195.311: [GC 39195.311: [ParNew: 465242K->37049K(471872K), 0.1113770 secs] 8010607K->7596778K(11361088K), 0.1118010 secs] [Times: user=0.65 sys=0.07, real=0.11 secs] 
39196.523: [GC 39196.524: [ParNew: 456505K->50197K(471872K), 0.0896990 secs] 8016234K->7621328K(11361088K), 0.0901370 secs] [Times: user=0.67 sys=0.07, real=0.09 secs] 
39197.867: [GC 39197.868: [ParNew: 469653K->52416K(471872K), 0.1391140 secs] 8040784K->7640874K(11361088K), 0.1395340 secs] [Times: user=0.76 sys=0.06, real=0.14 secs] 
39199.637: [GC 39199.638: [ParNew: 471872K->52416K(471872K), 0.4315080 secs] 8060330K->7690492K(11361088K), 0.4320530 secs] [Times: user=1.01 sys=0.11, real=0.43 secs] 
39201.680: [GC 39201.680: [ParNew: 471872K->43632K(471872K), 0.2179480 secs] 8109948K->7716417K(11361088K), 0.2183800 secs] [Times: user=0.83 sys=0.13, real=0.22 secs] 
39204.167: [GC 39204.167: [ParNew: 463088K->39411K(471872K), 0.0992210 secs] 8135873K->7712196K(11361088K), 0.0996730 secs] [Times: user=0.69 sys=0.01, real=0.10 secs] 
39205.101: [GC 39205.101: [ParNew: 458867K->47172K(471872K), 0.1961080 secs] 8131652K->7732566K(11361088K), 0.1965710 secs] [Times: user=0.65 sys=0.03, real=0.19 secs] 
39206.138: [GC 39206.138: [ParNew: 466628K->49984K(471872K), 0.0849020 secs] 8152022K->7745690K(11361088K), 0.0853120 secs] [Times: user=0.62 sys=0.06, real=0.09 secs] 
39209.608: [GC 39209.609: [ParNew: 469440K->48176K(471872K), 0.2404260 secs] 8165146K->7776031K(11361088K), 0.2408590 secs] [Times: user=0.77 sys=0.11, real=0.24 secs] 
39212.732: [GC 39212.732: [ParNew: 467632K->19258K(471872K), 0.0639560 secs] 8195487K->7747112K(11361088K), 0.0643860 secs] [Times: user=0.62 sys=0.01, real=0.07 secs] 
39214.769: [GC 39214.770: [ParNew: 438714K->27031K(471872K), 0.0829120 secs] 8166568K->7754885K(11361088K), 0.0833170 secs] [Times: user=0.59 sys=0.01, real=0.09 secs] 
39216.322: [GC 39216.322: [ParNew: 446361K->25501K(471872K), 0.0616760 secs] 8174215K->7753356K(11361088K), 0.0620760 secs] [Times: user=0.61 sys=0.00, real=0.07 secs] 
39217.818: [GC 39217.818: [ParNew: 444957K->33241K(471872K), 0.1075880 secs] 8172812K->7764688K(11361088K), 0.1080230 secs] [Times: user=0.72 sys=0.02, real=0.11 secs] 
39219.099: [GC 39219.100: [ParNew: 452697K->43272K(471872K), 0.1348410 secs] 8184144K->7778421K(11361088K), 0.1353050 secs] [Times: user=1.38 sys=0.01, real=0.14 secs] 
39221.755: [GC 39221.755: [ParNew: 462728K->52416K(471872K), 0.2347130 secs] 8197877K->7802004K(11361088K), 0.2353020 secs] [Times: user=1.35 sys=0.07, real=0.23 secs] 
39223.461: [GC 39223.462: [ParNew: 471872K->45872K(471872K), 0.3925450 secs] 8221460K->7839572K(11361088K), 0.3930990 secs] [Times: user=2.02 sys=0.09, real=0.40 secs] 
39225.390: [GC 39225.390: [ParNew: 465328K->49183K(471872K), 0.0860320 secs] 8259028K->7842882K(11361088K), 0.0865050 secs] [Times: user=0.70 sys=0.00, real=0.09 secs] 
39226.193: [GC 39226.193: [ParNew: 468639K->33539K(471872K), 0.2029490 secs] 8262338K->7863070K(11361088K), 0.2033970 secs] [Times: user=0.77 sys=0.15, real=0.21 secs] 
39228.042: [GC 39228.043: [ParNew: 452995K->20547K(471872K), 0.0955930 secs] 8282526K->7850077K(11361088K), 0.0959870 secs] [Times: user=0.60 sys=0.00, real=0.10 secs] 
39230.443: [GC 39230.443: [ParNew: 440003K->41788K(471872K), 0.1027930 secs] 8269533K->7871319K(11361088K), 0.1033530 secs] [Times: user=0.70 sys=0.00, real=0.11 secs] 
39232.397: [GC 39232.397: [ParNew: 461244K->52416K(471872K), 0.2552180 secs] 8290775K->7914843K(11361088K), 0.2555990 secs] [Times: user=0.80 sys=0.08, real=0.25 secs] 
39234.960: [GC 39234.960: [ParNew: 471872K->33693K(471872K), 0.1706690 secs] 8334299K->7928686K(11361088K), 0.1711110 secs] [Times: user=0.76 sys=0.12, real=0.17 secs] 
39236.183: [GC 39236.183: [ParNew: 453149K->44593K(471872K), 0.0845760 secs] 8348142K->7939586K(11361088K), 0.0850100 secs] [Times: user=0.71 sys=0.00, real=0.09 secs] 
39238.227: [GC 39238.228: [ParNew: 464049K->39550K(471872K), 0.1683920 secs] 8359042K->7965534K(11361088K), 0.1688350 secs] [Times: user=0.79 sys=0.13, real=0.17 secs] 
39239.921: [GC 39239.921: [ParNew: 459006K->52416K(471872K), 0.1367240 secs] 8384990K->7989118K(11361088K), 0.1371470 secs] [Times: user=0.73 sys=0.04, real=0.14 secs] 
39242.731: [GC 39242.731: [ParNew: 471872K->52416K(471872K), 0.3548710 secs] 8408574K->8044018K(11361088K), 0.3553010 secs] [Times: user=0.99 sys=0.16, real=0.36 secs] 
39245.023: [GC 39245.024: [ParNew: 471825K->52416K(471872K), 0.2748480 secs] 8463428K->8075572K(11361088K), 0.2752640 secs] [Times: user=0.98 sys=0.15, real=0.28 secs] 
39247.037: [GC 39247.038: [ParNew: 471872K->44769K(471872K), 0.2423220 secs] 8495028K->8114409K(11361088K), 0.2427530 secs] [Times: user=0.87 sys=0.16, real=0.24 secs] 
39249.468: [GC 39249.469: [ParNew: 464225K->52416K(471872K), 0.1603340 secs] 8533865K->8127549K(11361088K), 0.1607270 secs] [Times: user=0.79 sys=0.01, real=0.16 secs] 
39250.779: [GC 39250.779: [ParNew: 471872K->52416K(471872K), 0.3238340 secs] 8547005K->8184236K(11361088K), 0.3242880 secs] [Times: user=1.13 sys=0.17, real=0.32 secs] 
39251.973: [GC 39251.973: [ParNew: 471872K->52416K(471872K), 0.3450990 secs] 8603692K->8233602K(11361088K), 0.3455440 secs] [Times: user=0.91 sys=0.20, real=0.35 secs] 
39253.419: [GC 39253.419: [ParNew: 471872K->36122K(471872K), 0.2188530 secs] 8653058K->8246182K(11361088K), 0.2192950 secs] [Times: user=0.70 sys=0.08, real=0.22 secs] 
39256.023: [GC 39256.023: [ParNew: 455578K->24982K(471872K), 0.0792260 secs] 8665638K->8235041K(11361088K), 0.0796120 secs] [Times: user=0.56 sys=0.00, real=0.08 secs] 
39257.381: [GC 39257.381: [ParNew: 444438K->52416K(471872K), 0.2855540 secs] 8654497K->8277742K(11361088K), 0.2860380 secs] [Times: user=0.81 sys=0.08, real=0.29 secs] 
39258.684: [GC 39258.684: [ParNew: 471872K->52416K(471872K), 0.3697360 secs] 8697198K->8336990K(11361088K), 0.3701280 secs] [Times: user=1.23 sys=0.17, real=0.37 secs] 
39260.070: [GC 39260.070: [ParNew (promotion failed): 471872K->471872K(471872K), 2.2012460 secs]39262.271: [CMS: 8312856K->5983169K(10889216K), 26.7060990 secs] 8756446K->5983169K(11361088K), [CMS Perm : 401416K->401315K(524288K)], 28.9078720 secs] [Times: user=28.12 sys=2.65, real=28.90 secs] 
39290.748: [GC 39290.748: [ParNew: 419433K->52416K(471872K), 0.2193920 secs] 6402602K->6042165K(11361088K), 0.2201850 secs] [Times: user=1.18 sys=0.37, real=0.22 secs] 
39291.633: [GC 39291.634: [ParNew: 471872K->47946K(471872K), 0.2758600 secs] 6461621K->6081330K(11361088K), 0.2762640 secs] [Times: user=0.79 sys=0.15, real=0.27 secs] 
39292.404: [GC 39292.404: [ParNew: 467402K->43205K(471872K), 0.0670170 secs] 6500786K->6076589K(11361088K), 0.0673940 secs] [Times: user=0.65 sys=0.02, real=0.07 secs] 
39292.995: [GC 39292.995: [ParNew: 462914K->45159K(471872K), 0.1525740 secs] 6496298K->6095802K(11361088K), 0.1529510 secs] [Times: user=0.68 sys=0.13, real=0.15 secs] 
39293.732: [GC 39293.732: [ParNew: 464615K->43580K(471872K), 0.1027190 secs] 6515258K->6105198K(11361088K), 0.1030880 secs] [Times: user=0.52 sys=0.05, real=0.10 secs] 
39294.704: [GC 39294.704: [ParNew: 463036K->39470K(471872K), 0.0851200 secs] 6524654K->6111351K(11361088K), 0.0855620 secs] [Times: user=0.63 sys=0.06, real=0.08 secs] 
39295.749: [GC 39295.749: [ParNew: 458926K->52416K(471872K), 0.0798630 secs] 6530807K->6136308K(11361088K), 0.0803060 secs] [Times: user=0.57 sys=0.04, real=0.08 secs] 
39296.653: [GC 39296.653: [ParNew: 471872K->52416K(471872K), 0.1340210 secs] 6555764K->6152267K(11361088K), 0.1344550 secs] [Times: user=0.58 sys=0.03, real=0.13 secs] 
39297.673: [GC 39297.673: [ParNew: 471872K->51100K(471872K), 0.1347460 secs] 6571723K->6170251K(11361088K), 0.1351390 secs] [Times: user=0.63 sys=0.07, real=0.13 secs] 
39300.399: [GC 39300.399: [ParNew: 470556K->52416K(471872K), 0.4215580 secs] 6589707K->6214045K(11361088K), 0.4219760 secs] [Times: user=1.57 sys=0.16, real=0.43 secs] 
39302.140: [GC 39302.140: [ParNew: 471858K->52416K(471872K), 0.5621330 secs] 6633487K->6256186K(11361088K), 0.5624990 secs] [Times: user=1.23 sys=0.21, real=0.57 secs] 
39303.679: [GC 39303.680: [ParNew: 471872K->52416K(471872K), 0.2464200 secs] 6675642K->6260645K(11361088K), 0.2468700 secs] [Times: user=0.83 sys=0.05, real=0.25 secs] 
39304.709: [GC 39304.710: [ParNew: 471872K->44253K(471872K), 0.2128600 secs] 6680101K->6283047K(11361088K), 0.2132400 secs] [Times: user=0.72 sys=0.11, real=0.22 secs] 
39305.692: [GC 39305.693: [ParNew: 463709K->39417K(471872K), 0.0514790 secs] 6702503K->6278212K(11361088K), 0.0519090 secs] [Times: user=0.54 sys=0.01, real=0.05 secs] 
39306.496: [GC 39306.496: [ParNew: 458777K->52416K(471872K), 0.1265990 secs] 6697572K->6311098K(11361088K), 0.1270250 secs] [Times: user=0.71 sys=0.08, real=0.13 secs] 
39307.252: [GC 39307.253: [ParNew: 471872K->46708K(471872K), 0.3181620 secs] 6730554K->6355867K(11361088K), 0.3186320 secs] [Times: user=0.71 sys=0.07, real=0.31 secs] 
39308.251: [GC 39308.251: [ParNew: 466164K->52416K(471872K), 0.0890970 secs] 6775323K->6365791K(11361088K), 0.0895070 secs] [Times: user=0.70 sys=0.02, real=0.09 secs] 
39309.408: [GC 39309.408: [ParNew: 471872K->52416K(471872K), 0.3691170 secs] 6785247K->6418270K(11361088K), 0.3695870 secs] [Times: user=0.92 sys=0.09, real=0.37 secs] 
39311.318: [GC 39311.318: [ParNew: 471872K->52415K(471872K), 0.3696180 secs] 6837726K->6438538K(11361088K), 0.3701090 secs] [Times: user=1.34 sys=0.09, real=0.37 secs] 
39313.419: [GC 39313.419: [ParNew: 471871K->46465K(471872K), 0.2889050 secs] 6857994K->6470515K(11361088K), 0.2893740 secs] [Times: user=0.75 sys=0.09, real=0.29 secs] 
39316.817: [GC 39316.818: [ParNew: 465921K->25524K(471872K), 0.0920880 secs] 6889971K->6449574K(11361088K), 0.0924880 secs] [Times: user=0.56 sys=0.00, real=0.09 secs] 
39321.373: [GC 39321.373: [ParNew: 444980K->32669K(471872K), 0.0982910 secs] 6869030K->6456719K(11361088K), 0.0988080 secs] [Times: user=0.68 sys=0.00, real=0.09 secs] 
39323.950: [GC 39323.951: [ParNew: 452125K->52416K(471872K), 0.0993990 secs] 6876175K->6481398K(11361088K), 0.0997660 secs] [Times: user=0.66 sys=0.02, real=0.10 secs] 
39326.851: [GC 39326.851: [ParNew: 471872K->45661K(471872K), 0.2195310 secs] 6900854K->6515243K(11361088K), 0.2199130 secs] [Times: user=0.74 sys=0.16, real=0.22 secs] 
39328.013: [GC 39328.013: [ParNew: 465117K->52416K(471872K), 0.2136680 secs] 6934699K->6532447K(11361088K), 0.2140960 secs] [Times: user=0.72 sys=0.04, real=0.22 secs] 
39329.676: [GC 39329.676: [ParNew: 471872K->52416K(471872K), 0.3171360 secs] 6951903K->6588942K(11361088K), 0.3175830 secs] [Times: user=1.02 sys=0.21, real=0.32 secs] 
39331.150: [GC 39331.150: [ParNew: 471872K->52416K(471872K), 0.3320620 secs] 7008398K->6628381K(11361088K), 0.3324980 secs] [Times: user=0.89 sys=0.20, real=0.33 secs] 
39332.311: [GC 39332.311: [ParNew: 471872K->35355K(471872K), 0.2069280 secs] 7047837K->6636678K(11361088K), 0.2073210 secs] [Times: user=0.63 sys=0.04, real=0.21 secs] 
39333.359: [GC 39333.359: [ParNew: 454811K->26342K(471872K), 0.0772540 secs] 7056134K->6627665K(11361088K), 0.0776880 secs] [Times: user=0.64 sys=0.01, real=0.08 secs] 
39334.022: [GC 39334.022: [ParNew: 445798K->48570K(471872K), 0.0901530 secs] 7047121K->6649892K(11361088K), 0.0905960 secs] [Times: user=0.63 sys=0.00, real=0.09 secs] 
39335.179: [GC 39335.179: [ParNew: 468026K->52416K(471872K), 0.2936720 secs] 7069348K->6680036K(11361088K), 0.2940890 secs] [Times: user=0.95 sys=0.11, real=0.29 secs] 
39336.334: [GC 39336.335: [ParNew: 471872K->46908K(471872K), 0.2276990 secs] 7099492K->6702424K(11361088K), 0.2281110 secs] [Times: user=0.62 sys=0.08, real=0.22 secs] 
39339.199: [GC 39339.199: [ParNew: 466364K->26921K(471872K), 0.0714830 secs] 7121880K->6682437K(11361088K), 0.0719190 secs] [Times: user=0.66 sys=0.00, real=0.07 secs] 
39340.049: [GC 39340.049: [ParNew: 446377K->41055K(471872K), 0.0754410 secs] 7101893K->6696571K(11361088K), 0.0758210 secs] [Times: user=0.62 sys=0.00, real=0.08 secs] 
39340.749: [GC 39340.749: [ParNew: 460511K->42329K(471872K), 0.1034740 secs] 7116027K->6712866K(11361088K), 0.1039510 secs] [Times: user=0.64 sys=0.07, real=0.10 secs] 
39341.426: [GC 39341.427: [ParNew: 461785K->50603K(471872K), 0.0847310 secs] 7132322K->6731562K(11361088K), 0.0851480 secs] [Times: user=0.57 sys=0.04, real=0.08 secs] 
39342.244: [GC 39342.244: [ParNew: 470059K->51297K(471872K), 0.1117620 secs] 7151018K->6746392K(11361088K), 0.1122700 secs] [Times: user=0.65 sys=0.05, real=0.12 secs] 
39343.041: [GC 39343.042: [ParNew: 470753K->52416K(471872K), 0.1480360 secs] 7165848K->6766687K(11361088K), 0.1484420 secs] [Times: user=0.70 sys=0.04, real=0.15 secs] 
39343.774: [GC 39343.774: [ParNew: 471872K->52416K(471872K), 0.2846720 secs] 7186143K->6820227K(11361088K), 0.2850490 secs] [Times: user=0.89 sys=0.19, real=0.29 secs] 
39344.587: [GC 39344.587: [ParNew: 471872K->29473K(471872K), 0.1395680 secs] 7239683K->6824226K(11361088K), 0.1399630 secs] [Times: user=0.60 sys=0.13, real=0.14 secs] 
39345.307: [GC 39345.307: [ParNew: 448929K->37708K(471872K), 0.0691960 secs] 7243682K->6832461K(11361088K), 0.0696300 secs] [Times: user=0.68 sys=0.00, real=0.07 secs] 
39346.478: [GC 39346.478: [ParNew: 457164K->52416K(471872K), 0.1335680 secs] 7251917K->6863055K(11361088K), 0.1339510 secs] [Times: user=0.62 sys=0.06, real=0.13 secs] 
39347.849: [GC 39347.850: [ParNew: 471872K->52416K(471872K), 0.2526410 secs] 7282511K->6910696K(11361088K), 0.2530790 secs] [Times: user=0.88 sys=0.13, real=0.25 secs] 
39349.584: [GC 39349.584: [ParNew: 471872K->52416K(471872K), 0.4897120 secs] 7330152K->6963005K(11361088K), 0.4902150 secs] [Times: user=0.85 sys=0.15, real=0.49 secs] 
39351.315: [GC 39351.315: [ParNew: 471872K->52416K(471872K), 0.2313400 secs] 7382461K->6998046K(11361088K), 0.2317330 secs] [Times: user=0.70 sys=0.12, real=0.24 secs] 
39353.630: [GC 39353.630: [ParNew: 471872K->32959K(471872K), 0.1970630 secs] 7417502K->7006422K(11361088K), 0.1974910 secs] [Times: user=0.57 sys=0.05, real=0.20 secs] 
39355.978: [GC 39355.978: [ParNew: 452415K->49289K(471872K), 0.0764830 secs] 7425878K->7022752K(11361088K), 0.0769450 secs] [Times: user=0.65 sys=0.00, real=0.07 secs] 
39357.873: [GC 39357.873: [ParNew: 468745K->30791K(471872K), 0.2135620 secs] 7442208K->7041073K(11361088K), 0.2139720 secs] [Times: user=0.69 sys=0.10, real=0.22 secs] 
39360.153: [GC 39360.153: [ParNew: 450247K->18954K(471872K), 0.0659660 secs] 7460529K->7029236K(11361088K), 0.0663570 secs] [Times: user=0.54 sys=0.00, real=0.07 secs] 
39361.586: [GC 39361.586: [ParNew: 438410K->29802K(471872K), 0.0746800 secs] 7448692K->7040084K(11361088K), 0.0750460 secs] [Times: user=0.60 sys=0.00, real=0.08 secs] 
39365.042: [GC 39365.042: [ParNew: 449076K->31771K(471872K), 0.0640360 secs] 7459358K->7042053K(11361088K), 0.0644800 secs] [Times: user=0.64 sys=0.01, real=0.06 secs] 
39366.309: [GC 39366.309: [ParNew: 451227K->52416K(471872K), 0.1484320 secs] 7461509K->7082602K(11361088K), 0.1488630 secs] [Times: user=0.84 sys=0.05, real=0.15 secs] 
39368.282: [GC 39368.283: [ParNew: 471872K->46953K(471872K), 0.2528700 secs] 7502058K->7126792K(11361088K), 0.2532740 secs] [Times: user=0.68 sys=0.12, real=0.25 secs] 
39369.943: [GC 39369.943: [ParNew: 466409K->52416K(471872K), 0.1283110 secs] 7546248K->7145829K(11361088K), 0.1286850 secs] [Times: user=0.75 sys=0.05, real=0.13 secs] 
39371.561: [GC 39371.561: [ParNew: 471872K->52416K(471872K), 0.3622830 secs] 7565285K->7198595K(11361088K), 0.3627180 secs] [Times: user=0.96 sys=0.15, real=0.36 secs] 
39372.609: [GC 39372.609: [ParNew: 471872K->29907K(471872K), 0.1635740 secs] 7618051K->7203733K(11361088K), 0.1640330 secs] [Times: user=0.66 sys=0.11, real=0.16 secs] 
39374.173: [GC 39374.174: [ParNew: 449363K->51827K(471872K), 0.0833910 secs] 7623189K->7225652K(11361088K), 0.0837800 secs] [Times: user=0.76 sys=0.00, real=0.08 secs] 
39382.557: [GC 39382.557: [ParNew: 471283K->52416K(471872K), 0.2286160 secs] 7645108K->7261722K(11361088K), 0.2290600 secs] [Times: user=0.92 sys=0.11, real=0.23 secs] 
39392.222: [GC 39392.223: [ParNew: 471872K->52416K(471872K), 0.2540670 secs] 7681178K->7285711K(11361088K), 0.2545360 secs] [Times: user=0.80 sys=0.08, real=0.25 secs] 
39394.768: [GC 39394.769: [ParNew: 471872K->41179K(471872K), 0.1586960 secs] 7705167K->7298414K(11361088K), 0.1591380 secs] [Times: user=0.69 sys=0.11, real=0.16 secs] 
39396.605: [GC 39396.606: [ParNew: 460586K->47500K(471872K), 0.0903000 secs] 7717821K->7304734K(11361088K), 0.0906750 secs] [Times: user=0.81 sys=0.00, real=0.09 secs] 
39397.506: [GC 39397.506: [ParNew: 466956K->52415K(471872K), 0.1545170 secs] 7724190K->7326648K(11361088K), 0.1548860 secs] [Times: user=0.58 sys=0.06, real=0.16 secs] 
39398.302: [GC 39398.302: [ParNew: 471871K->52416K(471872K), 0.2610240 secs] 7746104K->7350609K(11361088K), 0.2614230 secs] [Times: user=1.18 sys=0.09, real=0.26 secs] 
39398.990: [GC 39398.991: [ParNew: 471872K->52416K(471872K), 0.6579540 secs] 7770065K->7383668K(11361088K), 0.6583200 secs] [Times: user=5.57 sys=0.12, real=0.66 secs] 
39400.065: [GC 39400.065: [ParNew: 471872K->52416K(471872K), 0.3013990 secs] 7803124K->7411562K(11361088K), 0.3018550 secs] [Times: user=1.05 sys=0.15, real=0.30 secs] 
39401.763: [GC 39401.763: [ParNew: 471872K->52416K(471872K), 0.4990060 secs] 7831018K->7470025K(11361088K), 0.4994270 secs] [Times: user=1.23 sys=0.23, real=0.50 secs] 
39402.919: [GC 39402.919: [ParNew: 471872K->52416K(471872K), 0.1734240 secs] 7889481K->7490400K(11361088K), 0.1738840 secs] [Times: user=0.85 sys=0.06, real=0.18 secs] 
39404.477: [GC 39404.477: [ParNew: 471872K->52416K(471872K), 0.4154990 secs] 7909856K->7544809K(11361088K), 0.4159790 secs] [Times: user=1.07 sys=0.11, real=0.42 secs] 
39405.640: [GC 39405.640: [ParNew: 471872K->44723K(471872K), 0.1768180 secs] 7964265K->7567868K(11361088K), 0.1772590 secs] [Times: user=0.76 sys=0.12, real=0.18 secs] 
39406.514: [GC 39406.515: [ParNew: 464179K->52077K(471872K), 0.0861930 secs] 7987324K->7575222K(11361088K), 0.0865750 secs] [Times: user=0.85 sys=0.01, real=0.08 secs] 
39407.323: [GC 39407.323: [ParNew: 471533K->52416K(471872K), 0.4023920 secs] 7994678K->7605804K(11361088K), 0.4029380 secs] [Times: user=0.87 sys=0.06, real=0.40 secs] 
39408.140: [GC 39408.140: [ParNew: 471872K->52416K(471872K), 0.1617350 secs] 8025260K->7631373K(11361088K), 0.1621040 secs] [Times: user=0.75 sys=0.08, real=0.17 secs] 
39408.983: [GC 39408.984: [ParNew: 471632K->52416K(471872K), 0.2218590 secs] 8050589K->7668698K(11361088K), 0.2222600 secs] [Times: user=1.07 sys=0.15, real=0.22 secs] 
39409.951: [GC 39409.951: [ParNew: 471872K->52416K(471872K), 0.2756340 secs] 8088154K->7719042K(11361088K), 0.2760310 secs] [Times: user=0.81 sys=0.19, real=0.28 secs] 
39411.485: [GC 39411.485: [ParNew: 471872K->52416K(471872K), 0.1424480 secs] 8138498K->7727477K(11361088K), 0.1429440 secs] [Times: user=0.67 sys=0.03, real=0.14 secs] 
39412.262: [GC 39412.262: [ParNew: 471872K->52416K(471872K), 0.4298610 secs] 8146933K->7793516K(11361088K), 0.4303330 secs] [Times: user=1.69 sys=0.24, real=0.43 secs] 
39414.270: [GC 39414.270: [ParNew: 471871K->52416K(471872K), 0.5284270 secs] 8212972K->7852466K(11361088K), 0.5288740 secs] [Times: user=1.15 sys=0.27, real=0.53 secs] 
39416.324: [GC 39416.324: [ParNew: 471754K->52416K(471872K), 0.3426680 secs] 8271804K->7881794K(11361088K), 0.3430850 secs] [Times: user=1.16 sys=0.10, real=0.34 secs] 
39417.394: [GC 39417.394: [ParNew: 471872K->52416K(471872K), 0.2789540 secs] 8301250K->7935180K(11361088K), 0.2793860 secs] [Times: user=1.28 sys=0.23, real=0.28 secs] 
39418.458: [GC 39418.458: [ParNew: 471872K->52416K(471872K), 0.2146100 secs] 8354636K->7972500K(11361088K), 0.2150620 secs] [Times: user=0.97 sys=0.14, real=0.22 secs] 
39419.306: [GC 39419.306: [ParNew: 471872K->52416K(471872K), 0.2770080 secs] 8391956K->8009137K(11361088K), 0.2774340 secs] [Times: user=0.81 sys=0.10, real=0.28 secs] 
39420.123: [GC 39420.123: [ParNew: 471872K->39059K(471872K), 0.1740360 secs] 8428593K->8013445K(11361088K), 0.1744350 secs] [Times: user=0.58 sys=0.04, real=0.17 secs] 
39420.753: [GC 39420.753: [ParNew: 458515K->43715K(471872K), 0.1732470 secs] 8432901K->8033072K(11361088K), 0.1736990 secs] [Times: user=0.66 sys=0.05, real=0.17 secs] 
39421.421: [GC 39421.422: [ParNew: 463171K->26890K(471872K), 0.1286250 secs] 8452528K->8028534K(11361088K), 0.1290530 secs] [Times: user=0.57 sys=0.05, real=0.13 secs] 
39422.169: [GC 39422.170: [ParNew: 446346K->35506K(471872K), 0.0593870 secs] 8447990K->8037150K(11361088K), 0.0598220 secs] [Times: user=0.66 sys=0.00, real=0.06 secs] 
39422.789: [GC 39422.789: [ParNew: 454962K->43326K(471872K), 0.1108170 secs] 8456606K->8056042K(11361088K), 0.1112110 secs] [Times: user=0.58 sys=0.04, real=0.11 secs] 
39424.486: [GC 39424.486: [ParNew: 462659K->52416K(471872K), 0.2855650 secs] 8475375K->8110147K(11361088K), 0.2859650 secs] [Times: user=1.08 sys=0.11, real=0.28 secs] 
39427.511: [GC 39427.511: [ParNew (promotion failed): 471872K->471872K(471872K), 3.2842420 secs]39430.796: [CMS: 8069853K->6157258K(10889216K), 27.4053050 secs] 8529603K->6157258K(11361088K), [CMS Perm : 402513K->402352K(524288K)], 30.6901280 secs] [Times: user=29.88 sys=3.46, real=30.69 secs] 
39458.744: [GC 39458.744: [ParNew: 419456K->52415K(471872K), 0.1370530 secs] 6576714K->6215110K(11361088K), 0.1375030 secs] [Times: user=0.73 sys=0.00, real=0.14 secs] 
39459.516: [GC 39459.516: [ParNew: 471871K->25115K(471872K), 0.1016310 secs] 6634566K->6209352K(11361088K), 0.1020400 secs] [Times: user=0.39 sys=0.01, real=0.11 secs] 
39460.237: [GC 39460.237: [ParNew: 444571K->26293K(471872K), 0.0720880 secs] 6628808K->6210529K(11361088K), 0.0724910 secs] [Times: user=0.54 sys=0.01, real=0.07 secs] 
39460.816: [GC 39460.816: [ParNew: 445749K->52416K(471872K), 0.1587120 secs] 6629985K->6244858K(11361088K), 0.1591770 secs] [Times: user=0.79 sys=0.00, real=0.16 secs] 
39461.789: [GC 39461.790: [ParNew: 471872K->40636K(471872K), 0.1566070 secs] 6664314K->6275349K(11361088K), 0.1570430 secs] [Times: user=0.64 sys=0.04, real=0.16 secs] 
39461.950: [GC 39461.950: [ParNew: 41697K->22232K(471872K), 0.0497190 secs] 6276409K->6256944K(11361088K), 0.0501320 secs] [Times: user=0.54 sys=0.00, real=0.05 secs] 
39462.608: [GC 39462.609: [ParNew: 441475K->52416K(471872K), 0.1474530 secs] 6676188K->6302792K(11361088K), 0.1479430 secs] [Times: user=0.79 sys=0.01, real=0.14 secs] 
39463.434: [GC 39463.434: [ParNew: 471872K->52416K(471872K), 0.2215700 secs] 6722248K->6362510K(11361088K), 0.2219960 secs] [Times: user=0.83 sys=0.04, real=0.22 secs] 
39465.227: [GC 39465.228: [ParNew: 471872K->52416K(471872K), 0.3365170 secs] 6781966K->6434327K(11361088K), 0.3369610 secs] [Times: user=1.08 sys=0.05, real=0.33 secs] 
39466.532: [GC 39466.532: [ParNew: 471872K->52415K(471872K), 0.3492580 secs] 6853783K->6497724K(11361088K), 0.3496620 secs] [Times: user=0.78 sys=0.04, real=0.35 secs] 
39470.238: [GC 39470.238: [ParNew: 471871K->37815K(471872K), 0.0796770 secs] 6917180K->6483124K(11361088K), 0.0801110 secs] [Times: user=0.58 sys=0.00, real=0.08 secs] 
39471.598: [GC 39471.598: [ParNew: 457271K->44003K(471872K), 0.1101900 secs] 6902580K->6500700K(11361088K), 0.1105580 secs] [Times: user=0.81 sys=0.01, real=0.11 secs] 
39472.254: [GC 39472.254: [ParNew: 463459K->52416K(471872K), 0.1968490 secs] 6920156K->6532145K(11361088K), 0.1972320 secs] [Times: user=1.26 sys=0.01, real=0.20 secs] 
39474.182: [GC 39474.182: [ParNew: 471872K->47995K(471872K), 0.2212930 secs] 6951601K->6561015K(11361088K), 0.2218610 secs] [Times: user=0.64 sys=0.02, real=0.22 secs] 
39476.972: [GC 39476.972: [ParNew: 467451K->48584K(471872K), 0.0637440 secs] 6980471K->6561604K(11361088K), 0.0641690 secs] [Times: user=0.65 sys=0.01, real=0.06 secs] 
39478.161: [GC 39478.161: [ParNew: 468040K->52416K(471872K), 0.1387780 secs] 6981060K->6594974K(11361088K), 0.1391730 secs] [Times: user=0.69 sys=0.01, real=0.14 secs] 
39479.689: [GC 39479.689: [ParNew: 471872K->52003K(471872K), 0.1875880 secs] 7014430K->6646164K(11361088K), 0.1880700 secs] [Times: user=0.80 sys=0.05, real=0.18 secs] 
39481.286: [GC 39481.286: [ParNew: 471459K->52415K(471872K), 0.1479570 secs] 7065620K->6652237K(11361088K), 0.1484050 secs] [Times: user=0.77 sys=0.00, real=0.15 secs] 
39482.436: [GC 39482.436: [ParNew: 471871K->50834K(471872K), 0.0812190 secs] 7071693K->6668055K(11361088K), 0.0816580 secs] [Times: user=0.70 sys=0.02, real=0.08 secs] 
39485.191: [GC 39485.192: [ParNew: 470290K->45008K(471872K), 0.1494610 secs] 7087511K->6691088K(11361088K), 0.1499120 secs] [Times: user=0.58 sys=0.04, real=0.15 secs] 
39487.229: [GC 39487.229: [ParNew: 464464K->23626K(471872K), 0.0813620 secs] 7110544K->6669706K(11361088K), 0.0817840 secs] [Times: user=0.60 sys=0.00, real=0.09 secs] 
39489.973: [GC 39489.974: [ParNew: 443082K->46193K(471872K), 0.1312880 secs] 7089162K->6692272K(11361088K), 0.1317330 secs] [Times: user=0.64 sys=0.01, real=0.13 secs] 
39492.822: [GC 39492.822: [ParNew: 465649K->37263K(471872K), 0.1225980 secs] 7111728K->6701790K(11361088K), 0.1229880 secs] [Times: user=0.46 sys=0.00, real=0.12 secs] 
39495.155: [GC 39495.155: [ParNew: 456719K->11810K(471872K), 0.0750740 secs] 7121246K->6690235K(11361088K), 0.0755950 secs] [Times: user=0.47 sys=0.02, real=0.08 secs] 
39496.906: [GC 39496.906: [ParNew: 431266K->19643K(471872K), 0.0740210 secs] 7109691K->6698067K(11361088K), 0.0744540 secs] [Times: user=0.60 sys=0.01, real=0.08 secs] 
39500.414: [GC 39500.414: [ParNew: 439099K->24441K(471872K), 0.0857730 secs] 7117523K->6702865K(11361088K), 0.0862010 secs] [Times: user=0.62 sys=0.01, real=0.09 secs] 
39503.755: [GC 39503.755: [ParNew: 443897K->34273K(471872K), 0.0955050 secs] 7122321K->6712697K(11361088K), 0.0959590 secs] [Times: user=0.62 sys=0.01, real=0.09 secs] 
39505.530: [GC 39505.531: [ParNew: 453729K->52416K(471872K), 0.2800320 secs] 7132153K->6756991K(11361088K), 0.2804970 secs] [Times: user=1.57 sys=0.01, real=0.29 secs] 
39512.885: [GC 39512.885: [ParNew: 471872K->51706K(471872K), 0.1619990 secs] 7176447K->6798985K(11361088K), 0.1624340 secs] [Times: user=0.77 sys=0.04, real=0.16 secs] 
39515.005: [GC 39515.006: [ParNew: 471162K->39757K(471872K), 0.1579010 secs] 7218441K->6787035K(11361088K), 0.1583870 secs] [Times: user=0.66 sys=0.01, real=0.16 secs] 
39516.757: [GC 39516.757: [ParNew: 459213K->44415K(471872K), 0.0961940 secs] 7206491K->6801510K(11361088K), 0.0967150 secs] [Times: user=0.70 sys=0.01, real=0.10 secs] 
39517.845: [GC 39517.845: [ParNew: 463871K->52416K(471872K), 0.1710190 secs] 7220966K->6842562K(11361088K), 0.1714570 secs] [Times: user=1.07 sys=0.04, real=0.17 secs] 
39519.328: [GC 39519.329: [ParNew: 471872K->41032K(471872K), 0.1330160 secs] 7262018K->6858344K(11361088K), 0.1334110 secs] [Times: user=0.58 sys=0.03, real=0.13 secs] 
39521.448: [GC 39521.449: [ParNew: 460488K->47003K(471872K), 0.0678070 secs] 7277800K->6864316K(11361088K), 0.0682860 secs] [Times: user=0.60 sys=0.00, real=0.07 secs] 
39525.398: [GC 39525.399: [ParNew: 466459K->31535K(471872K), 0.1195850 secs] 7283772K->6882137K(11361088K), 0.1199790 secs] [Times: user=0.53 sys=0.03, real=0.12 secs] 
39527.707: [GC 39527.708: [ParNew: 450991K->30256K(471872K), 0.0999100 secs] 7301593K->6880858K(11361088K), 0.1003460 secs] [Times: user=0.64 sys=0.00, real=0.10 secs] 
39530.603: [GC 39530.604: [ParNew: 449712K->52416K(471872K), 0.1498730 secs] 7300314K->6909190K(11361088K), 0.1503140 secs] [Times: user=0.78 sys=0.01, real=0.16 secs] 
39532.352: [GC 39532.353: [ParNew: 471872K->52416K(471872K), 0.1997960 secs] 7328646K->6949982K(11361088K), 0.2002430 secs] [Times: user=0.90 sys=0.05, real=0.20 secs] 
39534.482: [GC 39534.483: [ParNew: 471872K->52415K(471872K), 0.1622490 secs] 7369438K->6980307K(11361088K), 0.1627190 secs] [Times: user=0.73 sys=0.04, real=0.17 secs] 
39536.135: [GC 39536.135: [ParNew: 471861K->52416K(471872K), 0.2513650 secs] 7399752K->7000729K(11361088K), 0.2518390 secs] [Times: user=0.89 sys=0.01, real=0.25 secs] 
39537.403: [GC 39537.404: [ParNew: 471872K->52416K(471872K), 0.3938890 secs] 7420185K->7060052K(11361088K), 0.3942980 secs] [Times: user=1.60 sys=0.04, real=0.40 secs] 
39539.911: [GC 39539.911: [ParNew: 471872K->30312K(471872K), 0.1041900 secs] 7479508K->7054674K(11361088K), 0.1046250 secs] [Times: user=0.91 sys=0.03, real=0.11 secs] 
39540.976: [GC 39540.976: [ParNew: 449768K->44926K(471872K), 0.3069560 secs] 7474130K->7069289K(11361088K), 0.3073720 secs] [Times: user=3.84 sys=0.00, real=0.30 secs] 
39543.218: [GC 39543.218: [ParNew: 464274K->45095K(471872K), 0.4026360 secs] 7488637K->7082240K(11361088K), 0.4030910 secs] [Times: user=4.79 sys=0.02, real=0.40 secs] 
39544.387: [GC 39544.388: [ParNew: 464551K->49821K(471872K), 0.0730760 secs] 7501696K->7092801K(11361088K), 0.0735110 secs] [Times: user=0.59 sys=0.01, real=0.07 secs] 
39545.919: [GC 39545.920: [ParNew: 469277K->37383K(471872K), 0.1426940 secs] 7512257K->7109990K(11361088K), 0.1431800 secs] [Times: user=0.55 sys=0.02, real=0.14 secs] 
39548.202: [GC 39548.202: [ParNew: 456839K->18904K(471872K), 0.0605600 secs] 7529446K->7091511K(11361088K), 0.0610010 secs] [Times: user=0.60 sys=0.01, real=0.06 secs] 
39550.275: [GC 39550.275: [ParNew: 438360K->33308K(471872K), 0.0997700 secs] 7510967K->7105914K(11361088K), 0.1002010 secs] [Times: user=1.03 sys=0.01, real=0.10 secs] 
39552.136: [GC 39552.136: [ParNew: 452687K->52416K(471872K), 0.1749300 secs] 7525294K->7151188K(11361088K), 0.1753520 secs] [Times: user=1.54 sys=0.02, real=0.17 secs] 
39553.468: [GC 39553.468: [ParNew: 471872K->50256K(471872K), 0.2397990 secs] 7570644K->7199195K(11361088K), 0.2402340 secs] [Times: user=1.86 sys=0.06, real=0.24 secs] 
39554.393: [GC 39554.393: [ParNew: 469712K->49603K(471872K), 0.0824880 secs] 7618651K->7198541K(11361088K), 0.0828530 secs] [Times: user=0.76 sys=0.00, real=0.08 secs] 
39555.951: [GC 39555.952: [ParNew: 469023K->34111K(471872K), 0.1261060 secs] 7617962K->7216506K(11361088K), 0.1265660 secs] [Times: user=0.88 sys=0.03, real=0.13 secs] 
39558.137: [GC 39558.138: [ParNew: 453567K->52416K(471872K), 0.1811240 secs] 7635962K->7241291K(11361088K), 0.1815410 secs] [Times: user=1.63 sys=0.00, real=0.18 secs] 
39560.046: [GC 39560.046: [ParNew: 471872K->43973K(471872K), 0.1266390 secs] 7660747K->7272191K(11361088K), 0.1270390 secs] [Times: user=0.71 sys=0.06, real=0.12 secs] 
39563.095: [GC 39563.095: [ParNew: 463429K->38165K(471872K), 0.1316610 secs] 7691647K->7266383K(11361088K), 0.1320960 secs] [Times: user=0.67 sys=0.00, real=0.14 secs] 
39565.603: [GC 39565.604: [ParNew: 457621K->44383K(471872K), 0.0977890 secs] 7685839K->7279155K(11361088K), 0.0982370 secs] [Times: user=0.64 sys=0.01, real=0.10 secs] 
39567.492: [GC 39567.492: [ParNew: 463839K->46410K(471872K), 0.1573790 secs] 7698611K->7308597K(11361088K), 0.1578160 secs] [Times: user=1.27 sys=0.04, real=0.16 secs] 
39569.811: [GC 39569.812: [ParNew: 465866K->31733K(471872K), 0.1483990 secs] 7728053K->7306865K(11361088K), 0.1488070 secs] [Times: user=0.84 sys=0.27, real=0.15 secs] 
39570.671: [GC 39570.672: [ParNew: 451052K->49403K(471872K), 0.0953610 secs] 7726184K->7324535K(11361088K), 0.0957530 secs] [Times: user=0.87 sys=0.09, real=0.09 secs] 
39571.916: [GC 39571.916: [ParNew: 468859K->49081K(471872K), 0.2101170 secs] 7743991K->7354825K(11361088K), 0.2106110 secs] [Times: user=0.76 sys=0.16, real=0.21 secs] 
39574.096: [GC 39574.097: [ParNew: 468537K->32761K(471872K), 0.1319490 secs] 7774281K->7359579K(11361088K), 0.1323820 secs] [Times: user=0.64 sys=0.08, real=0.14 secs] 
39575.631: [GC 39575.631: [ParNew: 452217K->52416K(471872K), 0.2849280 secs] 7779035K->7403891K(11361088K), 0.2853230 secs] [Times: user=1.07 sys=0.13, real=0.28 secs] 
39578.057: [GC 39578.057: [ParNew: 471872K->52416K(471872K), 0.6156540 secs] 7823347K->7464621K(11361088K), 0.6161210 secs] [Times: user=1.03 sys=0.21, real=0.62 secs] 
39579.311: [GC 39579.312: [ParNew: 471872K->52416K(471872K), 0.2829820 secs] 7884078K->7488652K(11361088K), 0.2834010 secs] [Times: user=1.09 sys=0.06, real=0.28 secs] 
39579.599: [GC 39579.599: [ParNew: 54190K->32666K(471872K), 0.4366810 secs] 7490426K->7521446K(11361088K), 0.4371210 secs] [Times: user=2.09 sys=0.12, real=0.43 secs] 
39581.598: [GC 39581.598: [ParNew: 452122K->36061K(471872K), 0.1353940 secs] 7940902K->7524841K(11361088K), 0.1357760 secs] [Times: user=0.61 sys=0.00, real=0.14 secs] 
39582.804: [GC 39582.804: [ParNew: 455517K->52416K(471872K), 0.2239460 secs] 7944297K->7579849K(11361088K), 0.2243350 secs] [Times: user=1.27 sys=0.20, real=0.22 secs] 
39585.048: [GC 39585.048: [ParNew: 471872K->52416K(471872K), 0.3954900 secs] 7999305K->7634554K(11361088K), 0.3959650 secs] [Times: user=1.05 sys=0.20, real=0.40 secs] 
39586.112: [GC 39586.112: [ParNew: 471872K->31944K(471872K), 0.1600520 secs] 8054010K->7641876K(11361088K), 0.1604910 secs] [Times: user=0.72 sys=0.13, real=0.16 secs] 
39587.040: [GC 39587.041: [ParNew: 451400K->36146K(471872K), 0.0621000 secs] 8061332K->7646078K(11361088K), 0.0625340 secs] [Times: user=0.67 sys=0.00, real=0.06 secs] 
39587.743: [GC 39587.743: [ParNew: 455602K->52416K(471872K), 0.1108150 secs] 8065534K->7678414K(11361088K), 0.1112680 secs] [Times: user=0.84 sys=0.06, real=0.11 secs] 
39588.517: [GC 39588.517: [ParNew: 471872K->51681K(471872K), 0.2707860 secs] 8097870K->7728327K(11361088K), 0.2712270 secs] [Times: user=0.91 sys=0.17, real=0.27 secs] 
39589.476: [GC 39589.476: [ParNew: 471137K->42132K(471872K), 0.0898140 secs] 8147783K->7718778K(11361088K), 0.0902050 secs] [Times: user=0.70 sys=0.00, real=0.09 secs] 
39590.233: [GC 39590.234: [ParNew: 461363K->48668K(471872K), 0.1175370 secs] 8138010K->7739156K(11361088K), 0.1179050 secs] [Times: user=0.61 sys=0.05, real=0.12 secs] 
39590.966: [GC 39590.966: [ParNew: 468124K->44066K(471872K), 0.0908260 secs] 8158612K->7745162K(11361088K), 0.0912810 secs] [Times: user=0.58 sys=0.04, real=0.09 secs] 
39592.723: [GC 39592.723: [ParNew: 463522K->52416K(471872K), 0.1848710 secs] 8164618K->7775158K(11361088K), 0.1852620 secs] [Times: user=0.93 sys=0.07, real=0.18 secs] 
39594.067: [GC 39594.067: [ParNew: 471872K->52416K(471872K), 0.4979770 secs] 8194614K->7811694K(11361088K), 0.4984220 secs] [Times: user=1.29 sys=0.17, real=0.50 secs] 
39597.420: [GC 39597.421: [ParNew: 471872K->32165K(471872K), 0.1971880 secs] 8231150K->7810743K(11361088K), 0.1976310 secs] [Times: user=0.67 sys=0.08, real=0.19 secs] 
39599.309: [GC 39599.309: [ParNew: 451621K->37774K(471872K), 0.0738820 secs] 8230199K->7816352K(11361088K), 0.0743280 secs] [Times: user=0.64 sys=0.01, real=0.08 secs] 
39600.568: [GC 39600.568: [ParNew: 457230K->50543K(471872K), 0.0772140 secs] 8235808K->7837009K(11361088K), 0.0777300 secs] [Times: user=0.78 sys=0.06, real=0.08 secs] 
39602.672: [GC 39602.672: [ParNew: 469999K->52416K(471872K), 0.1573380 secs] 8256465K->7861548K(11361088K), 0.1577130 secs] [Times: user=0.75 sys=0.08, real=0.15 secs] 
39604.437: [GC 39604.437: [ParNew: 471872K->52415K(471872K), 0.4698370 secs] 8281004K->7912592K(11361088K), 0.4702940 secs] [Times: user=0.97 sys=0.17, real=0.47 secs] 
39606.125: [GC 39606.126: [ParNew: 471871K->25561K(471872K), 0.2306790 secs] 8332048K->7901319K(11361088K), 0.2311140 secs] [Times: user=2.18 sys=0.07, real=0.23 secs] 
39608.360: [GC 39608.360: [ParNew: 445017K->27709K(471872K), 0.0837600 secs] 8320775K->7903468K(11361088K), 0.0841480 secs] [Times: user=0.62 sys=0.01, real=0.09 secs] 
39609.884: [GC 39609.885: [ParNew: 447165K->47588K(471872K), 0.0652470 secs] 8322924K->7923346K(11361088K), 0.0656340 secs] [Times: user=0.71 sys=0.01, real=0.06 secs] 
39613.255: [GC 39613.255: [ParNew: 467044K->42708K(471872K), 0.2240480 secs] 8342802K->7955599K(11361088K), 0.2245080 secs] [Times: user=0.81 sys=0.16, real=0.22 secs] 
39614.448: [GC 39614.448: [ParNew: 462164K->49794K(471872K), 0.0828720 secs] 8375055K->7962686K(11361088K), 0.0833210 secs] [Times: user=0.77 sys=0.00, real=0.08 secs] 
39615.876: [GC 39615.876: [ParNew: 469250K->52416K(471872K), 0.2798350 secs] 8382142K->8006344K(11361088K), 0.2802700 secs] [Times: user=1.09 sys=0.23, real=0.28 secs] 
39617.146: [GC 39617.147: [ParNew: 471872K->44983K(471872K), 0.3164310 secs] 8425800K->8037242K(11361088K), 0.3170180 secs] [Times: user=0.80 sys=0.05, real=0.32 secs] 
39618.256: [GC 39618.256: [ParNew: 464439K->41377K(471872K), 0.0705630 secs] 8456698K->8033635K(11361088K), 0.0711050 secs] [Times: user=0.67 sys=0.00, real=0.07 secs] 
39619.080: [GC 39619.080: [ParNew: 460833K->50360K(471872K), 0.2043420 secs] 8453091K->8057607K(11361088K), 0.2047830 secs] [Times: user=0.72 sys=0.02, real=0.21 secs] 
39619.860: [GC 39619.862: [ParNew: 469816K->50122K(471872K), 0.1820050 secs] 8477063K->8074211K(11361088K), 0.1825170 secs] [Times: user=0.68 sys=0.04, real=0.19 secs] 
39620.525: [GC 39620.526: [ParNew: 469578K->51632K(471872K), 0.1490710 secs] 8493667K->8089951K(11361088K), 0.1495150 secs] [Times: user=0.65 sys=0.03, real=0.15 secs] 
39621.123: [GC 39621.123: [ParNew: 471088K->40933K(471872K), 0.2451900 secs] 8509407K->8117657K(11361088K), 0.2455980 secs] [Times: user=0.85 sys=0.08, real=0.24 secs] 
39622.651: [GC 39622.651: [ParNew: 460389K->52416K(471872K), 0.1482470 secs] 8537113K->8133754K(11361088K), 0.1486970 secs] [Times: user=0.94 sys=0.03, real=0.15 secs] 
39624.576: [GC 39624.576: [ParNew (promotion failed): 471872K->471872K(471872K), 3.6351310 secs]39628.212: [CMS: 8088996K->6524351K(10889216K), 27.9087790 secs] 8553210K->6524351K(11361088K), [CMS Perm : 402811K->402685K(524288K)], 31.5445020 secs] [Times: user=30.10 sys=3.75, real=31.54 secs] 
39656.985: [GC 39656.986: [ParNew: 419456K->52416K(471872K), 0.1622050 secs] 6943807K->6579468K(11361088K), 0.1627040 secs] [Times: user=0.63 sys=0.02, real=0.17 secs] 
39658.095: [GC 39658.095: [ParNew: 471829K->41642K(471872K), 0.1738320 secs] 6998882K->6581862K(11361088K), 0.1742070 secs] [Times: user=0.50 sys=0.06, real=0.18 secs] 
39659.236: [GC 39659.237: [ParNew: 461098K->44661K(471872K), 0.1967020 secs] 7001318K->6593368K(11361088K), 0.1970980 secs] [Times: user=0.57 sys=0.03, real=0.19 secs] 
39660.786: [GC 39660.786: [ParNew: 464117K->52416K(471872K), 0.2620020 secs] 7012824K->6614682K(11361088K), 0.2624340 secs] [Times: user=0.90 sys=0.08, real=0.27 secs] 
39663.160: [GC 39663.160: [ParNew: 471872K->43224K(471872K), 0.1142500 secs] 7034138K->6626356K(11361088K), 0.1147030 secs] [Times: user=0.71 sys=0.08, real=0.11 secs] 
39664.269: [GC 39664.269: [ParNew: 462680K->48165K(471872K), 0.2026660 secs] 7045812K->6656515K(11361088K), 0.2031360 secs] [Times: user=0.69 sys=0.12, real=0.20 secs] 
39665.084: [GC 39665.084: [ParNew: 467621K->28222K(471872K), 0.1157960 secs] 7075971K->6650173K(11361088K), 0.1162330 secs] [Times: user=0.46 sys=0.05, real=0.12 secs] 
39665.915: [GC 39665.916: [ParNew: 447678K->35394K(471872K), 0.0745910 secs] 7069629K->6657344K(11361088K), 0.0750300 secs] [Times: user=0.64 sys=0.00, real=0.08 secs] 
39666.742: [GC 39666.743: [ParNew: 454850K->52416K(471872K), 0.1527930 secs] 7076800K->6690301K(11361088K), 0.1533080 secs] [Times: user=0.77 sys=0.08, real=0.15 secs] 
39667.461: [GC 39667.462: [ParNew: 471872K->52416K(471872K), 0.3583750 secs] 7109757K->6748584K(11361088K), 0.3588190 secs] [Times: user=0.94 sys=0.16, real=0.36 secs] 
39668.292: [GC 39668.292: [ParNew: 471872K->52416K(471872K), 0.1947350 secs] 7168040K->6781177K(11361088K), 0.1951320 secs] [Times: user=0.69 sys=0.08, real=0.19 secs] 
39669.070: [GC 39669.070: [ParNew: 471872K->52416K(471872K), 0.2156580 secs] 7200633K->6818512K(11361088K), 0.2161060 secs] [Times: user=0.80 sys=0.11, real=0.21 secs] 
39669.889: [GC 39669.889: [ParNew: 471872K->39099K(471872K), 0.1692850 secs] 7237968K->6837126K(11361088K), 0.1696820 secs] [Times: user=0.62 sys=0.11, real=0.17 secs] 
39670.489: [GC 39670.490: [ParNew: 458555K->52416K(471872K), 0.0688420 secs] 7256582K->6851659K(11361088K), 0.0692230 secs] [Times: user=0.67 sys=0.01, real=0.07 secs] 
39671.372: [GC 39671.372: [ParNew: 471872K->52416K(471872K), 0.2683140 secs] 7271115K->6904366K(11361088K), 0.2687360 secs] [Times: user=0.93 sys=0.20, real=0.27 secs] 
39672.148: [GC 39672.148: [ParNew: 471872K->36857K(471872K), 0.1395390 secs] 7323822K->6915987K(11361088K), 0.1399540 secs] [Times: user=0.46 sys=0.07, real=0.14 secs] 
39673.969: [GC 39673.969: [ParNew: 456313K->52416K(471872K), 0.3402130 secs] 7335443K->6980577K(11361088K), 0.3406640 secs] [Times: user=1.05 sys=0.14, real=0.34 secs] 
39676.097: [GC 39676.097: [ParNew: 471872K->52415K(471872K), 0.3472170 secs] 7400033K->7032265K(11361088K), 0.3476550 secs] [Times: user=0.90 sys=0.10, real=0.35 secs] 
39677.475: [GC 39677.476: [ParNew: 471871K->36825K(471872K), 0.0691200 secs] 7451721K->7024717K(11361088K), 0.0696410 secs] [Times: user=0.61 sys=0.03, real=0.07 secs] 
39679.501: [GC 39679.501: [ParNew: 456281K->52416K(471872K), 0.2835050 secs] 7444173K->7104268K(11361088K), 0.2839190 secs] [Times: user=1.33 sys=0.18, real=0.28 secs] 
39682.067: [GC 39682.068: [ParNew: 471872K->52416K(471872K), 0.3582540 secs] 7523724K->7159797K(11361088K), 0.3587230 secs] [Times: user=0.94 sys=0.08, real=0.36 secs] 
39683.540: [GC 39683.540: [ParNew: 471872K->31527K(471872K), 0.2108320 secs] 7579253K->7167568K(11361088K), 0.2112530 secs] [Times: user=0.54 sys=0.03, real=0.21 secs] 
39685.254: [GC 39685.254: [ParNew: 450983K->52416K(471872K), 0.1614660 secs] 7587024K->7198947K(11361088K), 0.1619590 secs] [Times: user=0.70 sys=0.04, real=0.16 secs] 
39686.866: [GC 39686.866: [ParNew: 471867K->51136K(471872K), 0.3054930 secs] 7618398K->7246323K(11361088K), 0.3059410 secs] [Times: user=0.83 sys=0.11, real=0.31 secs] 
39688.853: [GC 39688.853: [ParNew: 470592K->52416K(471872K), 0.1329450 secs] 7665779K->7254973K(11361088K), 0.1333670 secs] [Times: user=0.70 sys=0.01, real=0.13 secs] 
39690.584: [GC 39690.584: [ParNew: 471872K->52416K(471872K), 0.3370320 secs] 7674429K->7313473K(11361088K), 0.3374550 secs] [Times: user=0.90 sys=0.06, real=0.34 secs] 
39691.781: [GC 39691.781: [ParNew: 471872K->52416K(471872K), 0.4562750 secs] 7732929K->7382128K(11361088K), 0.4566560 secs] [Times: user=1.22 sys=0.25, real=0.45 secs] 
39694.624: [GC 39694.624: [ParNew: 471843K->52415K(471872K), 0.2460990 secs] 7801556K->7429211K(11361088K), 0.2465540 secs] [Times: user=0.83 sys=0.13, real=0.25 secs] 
39696.073: [GC 39696.073: [ParNew: 471871K->52416K(471872K), 0.2379070 secs] 7848667K->7462111K(11361088K), 0.2383440 secs] [Times: user=1.09 sys=0.14, real=0.24 secs] 
39697.709: [GC 39697.709: [ParNew: 471608K->52416K(471872K), 0.2365870 secs] 7881303K->7515251K(11361088K), 0.2370240 secs] [Times: user=1.06 sys=0.18, real=0.24 secs] 
39699.760: [GC 39699.760: [ParNew: 471872K->52416K(471872K), 0.2570770 secs] 7934707K->7559125K(11361088K), 0.2575170 secs] [Times: user=0.88 sys=0.12, real=0.26 secs] 
39701.614: [GC 39701.614: [ParNew: 471659K->52416K(471872K), 0.4061430 secs] 7978369K->7605379K(11361088K), 0.4065390 secs] [Times: user=1.06 sys=0.14, real=0.40 secs] 
39702.895: [GC 39702.895: [ParNew: 471872K->50656K(471872K), 0.2222560 secs] 8024835K->7631431K(11361088K), 0.2226840 secs] [Times: user=0.82 sys=0.09, real=0.22 secs] 
39704.203: [GC 39704.204: [ParNew: 470112K->29880K(471872K), 0.0711370 secs] 8050887K->7610655K(11361088K), 0.0715410 secs] [Times: user=0.56 sys=0.00, real=0.07 secs] 
39706.563: [GC 39706.563: [ParNew: 449336K->35289K(471872K), 0.0659200 secs] 8030111K->7616063K(11361088K), 0.0663110 secs] [Times: user=0.67 sys=0.01, real=0.06 secs] 
39707.553: [GC 39707.553: [ParNew: 454745K->42668K(471872K), 0.0729360 secs] 8035519K->7628270K(11361088K), 0.0733890 secs] [Times: user=0.57 sys=0.01, real=0.07 secs] 
39710.677: [GC 39710.677: [ParNew: 462124K->47274K(471872K), 0.0819400 secs] 8047726K->7640532K(11361088K), 0.0823640 secs] [Times: user=0.89 sys=0.03, real=0.08 secs] 
39712.112: [GC 39712.112: [ParNew: 466728K->52416K(471872K), 0.1373670 secs] 8059986K->7656157K(11361088K), 0.1378020 secs] [Times: user=0.80 sys=0.05, real=0.14 secs] 
39713.425: [GC 39713.426: [ParNew: 471872K->52416K(471872K), 0.2067450 secs] 8075613K->7701744K(11361088K), 0.2071220 secs] [Times: user=0.82 sys=0.14, real=0.21 secs] 
39715.786: [GC 39715.787: [ParNew: 471872K->42400K(471872K), 0.1662100 secs] 8121200K->7717649K(11361088K), 0.1666390 secs] [Times: user=0.75 sys=0.09, real=0.17 secs] 
39718.701: [GC 39718.701: [ParNew: 461856K->52415K(471872K), 0.1793680 secs] 8137105K->7755024K(11361088K), 0.1798180 secs] [Times: user=0.72 sys=0.10, real=0.18 secs] 
39719.830: [GC 39719.831: [ParNew: 471871K->52416K(471872K), 0.4201340 secs] 8174480K->7812051K(11361088K), 0.4205310 secs] [Times: user=1.08 sys=0.05, real=0.42 secs] 
39720.613: [GC 39720.614: [ParNew: 471872K->52416K(471872K), 0.2146210 secs] 8231507K->7870250K(11361088K), 0.2150210 secs] [Times: user=1.11 sys=0.07, real=0.21 secs] 
39721.976: [GC 39721.976: [ParNew: 471872K->52415K(471872K), 0.2525160 secs] 8289706K->7922604K(11361088K), 0.2529320 secs] [Times: user=0.84 sys=0.06, real=0.25 secs] 
39723.482: [GC 39723.482: [ParNew: 471871K->32053K(471872K), 0.0857820 secs] 8342060K->7902241K(11361088K), 0.0862190 secs] [Times: user=0.71 sys=0.00, real=0.09 secs] 
39724.418: [GC 39724.418: [ParNew: 451509K->39885K(471872K), 0.1044560 secs] 8321697K->7917319K(11361088K), 0.1048910 secs] [Times: user=0.72 sys=0.00, real=0.11 secs] 
39725.278: [GC 39725.278: [ParNew: 459341K->52415K(471872K), 0.1306960 secs] 8336775K->7945036K(11361088K), 0.1311310 secs] [Times: user=0.82 sys=0.00, real=0.13 secs] 
39725.988: [GC 39725.988: [ParNew: 471871K->48654K(471872K), 0.1652220 secs] 8364492K->7982870K(11361088K), 0.1656920 secs] [Times: user=0.82 sys=0.05, real=0.17 secs] 
39726.647: [GC 39726.647: [ParNew: 468110K->28514K(471872K), 0.0870160 secs] 8402326K->7977190K(11361088K), 0.0874590 secs] [Times: user=0.53 sys=0.02, real=0.09 secs] 
39727.330: [GC 39727.330: [ParNew: 447970K->40584K(471872K), 0.0628800 secs] 8396646K->7989261K(11361088K), 0.0632950 secs] [Times: user=0.69 sys=0.00, real=0.06 secs] 
39728.130: [GC 39728.130: [ParNew: 460040K->52416K(471872K), 0.0919820 secs] 8408717K->8016537K(11361088K), 0.0924270 secs] [Times: user=0.64 sys=0.01, real=0.09 secs] 
39728.832: [GC 39728.832: [ParNew: 471872K->49934K(471872K), 0.1015500 secs] 8435993K->8029903K(11361088K), 0.1019350 secs] [Times: user=0.63 sys=0.02, real=0.11 secs] 
39729.591: [GC 39729.591: [ParNew: 469390K->52053K(471872K), 0.0958260 secs] 8449359K->8048183K(11361088K), 0.0962760 secs] [Times: user=0.61 sys=0.01, real=0.10 secs] 
39731.126: [GC 39731.126: [ParNew: 471509K->52416K(471872K), 0.1640420 secs] 8467639K->8071821K(11361088K), 0.1644620 secs] [Times: user=0.81 sys=0.03, real=0.16 secs] 
39733.087: [GC 39733.087: [ParNew: 471872K->52416K(471872K), 0.3419900 secs] 8491277K->8125777K(11361088K), 0.3424190 secs] [Times: user=1.42 sys=0.08, real=0.34 secs] 
39734.287: [GC 39734.287: [ParNew: 471872K->43308K(471872K), 0.1874300 secs] 8545233K->8158762K(11361088K), 0.1878250 secs] [Times: user=0.93 sys=0.04, real=0.19 secs] 
39735.449: [GC 39735.449: [ParNew: 462764K->34545K(471872K), 0.0651400 secs] 8578218K->8149998K(11361088K), 0.0655850 secs] [Times: user=0.68 sys=0.00, real=0.07 secs] 
39736.398: [GC 39736.398: [ParNew: 454001K->49933K(471872K), 0.0854020 secs] 8569454K->8174975K(11361088K), 0.0858650 secs] [Times: user=0.58 sys=0.00, real=0.09 secs] 
39737.272: [GC 39737.272: [ParNew: 469389K->48947K(471872K), 0.0876870 secs] 8594431K->8188183K(11361088K), 0.0881880 secs] [Times: user=0.58 sys=0.01, real=0.09 secs] 
39737.907: [GC 39737.908: [ParNew: 468378K->52416K(471872K), 0.0980140 secs] 8607614K->8211106K(11361088K), 0.0984080 secs] [Times: user=0.76 sys=0.03, real=0.10 secs] 
39738.666: [GC 39738.666: [ParNew: 471872K->47523K(471872K), 0.1637190 secs] 8630562K->8251735K(11361088K), 0.1641520 secs] [Times: user=0.82 sys=0.05, real=0.16 secs] 
39739.400: [GC 39739.400: [ParNew: 466979K->43583K(471872K), 0.0770990 secs] 8671191K->8247795K(11361088K), 0.0775250 secs] [Times: user=0.70 sys=0.00, real=0.08 secs] 
39740.291: [GC 39740.291: [ParNew: 463039K->52416K(471872K), 0.1519670 secs] 8667251K->8279066K(11361088K), 0.1523590 secs] [Times: user=0.72 sys=0.02, real=0.15 secs] 
39741.410: [GC 39741.410: [ParNew: 471872K->52416K(471872K), 0.1645400 secs] 8698522K->8328953K(11361088K), 0.1649830 secs] [Times: user=1.02 sys=0.06, real=0.17 secs] 
39742.574: [GC 39742.574: [ParNew: 471872K->52415K(471872K), 0.2093140 secs] 8748409K->8382691K(11361088K), 0.2097790 secs] [Times: user=0.80 sys=0.08, real=0.21 secs] 
39743.585: [GC 39743.585: [ParNew: 471871K->52416K(471872K), 0.3126450 secs] 8802147K->8401678K(11361088K), 0.3130550 secs] [Times: user=0.98 sys=0.02, real=0.31 secs] 
39745.777: [GC 39745.778: [ParNew: 471872K->48577K(471872K), 0.1778610 secs] 8821134K->8442749K(11361088K), 0.1783230 secs] [Times: user=0.84 sys=0.07, real=0.18 secs] 
39747.777: [GC 39747.777: [ParNew: 468033K->26235K(471872K), 0.0710940 secs] 8862205K->8420407K(11361088K), 0.0715450 secs] [Times: user=0.73 sys=0.00, real=0.07 secs] 
39749.512: [GC 39749.512: [ParNew: 445691K->41361K(471872K), 0.0622970 secs] 8839863K->8435534K(11361088K), 0.0627620 secs] [Times: user=0.65 sys=0.01, real=0.06 secs] 
39750.586: [GC 39750.586: [ParNew: 460817K->52416K(471872K), 0.1197610 secs] 8854990K->8459048K(11361088K), 0.1202100 secs] [Times: user=0.75 sys=0.01, real=0.12 secs] 
39751.727: [GC 39751.728: [ParNew: 471872K->40322K(471872K), 0.1097950 secs] 8878504K->8483206K(11361088K), 0.1102390 secs] [Times: user=0.68 sys=0.04, real=0.11 secs] 
39753.437: [GC 39753.437: [ParNew: 459778K->52415K(471872K), 0.1819950 secs] 8902662K->8503742K(11361088K), 0.1824290 secs] [Times: user=0.83 sys=0.00, real=0.18 secs] 
39754.810: [GC 39754.810: [ParNew (promotion failed): 471871K->471872K(471872K), 3.0218370 secs]39757.832: [CMS: 8457325K->6573002K(10889216K), 26.5587950 secs] 8923198K->6573002K(11361088K), [CMS Perm : 402977K->402878K(524288K)], 29.5812050 secs] [Times: user=29.68 sys=1.79, real=29.58 secs] 
39785.160: [GC 39785.161: [ParNew: 419456K->42184K(471872K), 0.1203750 secs] 6992458K->6615187K(11361088K), 0.1207830 secs] [Times: user=0.64 sys=0.00, real=0.12 secs] 
39785.287: [GC 39785.287: [ParNew: 44194K->14504K(471872K), 0.1353790 secs] 6617197K->6622831K(11361088K), 0.1358050 secs] [Times: user=0.55 sys=0.05, real=0.14 secs] 
39786.114: [GC 39786.114: [ParNew: 433960K->29142K(471872K), 0.1041410 secs] 7042287K->6637469K(11361088K), 0.1045660 secs] [Times: user=0.51 sys=0.00, real=0.10 secs] 
39786.227: [GC 39786.228: [ParNew: 32938K->10910K(471872K), 0.0699130 secs] 6641265K->6637174K(11361088K), 0.0703480 secs] [Times: user=0.44 sys=0.02, real=0.07 secs] 
39787.095: [GC 39787.095: [ParNew: 430366K->32069K(471872K), 0.1251790 secs] 7056630K->6658333K(11361088K), 0.1255920 secs] [Times: user=0.54 sys=0.01, real=0.13 secs] 
39788.097: [GC 39788.097: [ParNew: 451525K->42092K(471872K), 0.0999640 secs] 7077789K->6680790K(11361088K), 0.1003280 secs] [Times: user=0.64 sys=0.02, real=0.10 secs] 
39789.208: [GC 39789.209: [ParNew: 461548K->52416K(471872K), 0.2449570 secs] 7100246K->6710330K(11361088K), 0.2454680 secs] [Times: user=0.90 sys=0.01, real=0.25 secs] 
39790.102: [GC 39790.103: [ParNew: 471872K->52416K(471872K), 0.3302940 secs] 7129786K->6779633K(11361088K), 0.3307730 secs] [Times: user=0.96 sys=0.05, real=0.33 secs] 
39791.082: [GC 39791.082: [ParNew: 471872K->52416K(471872K), 0.1889460 secs] 7199089K->6818401K(11361088K), 0.1893850 secs] [Times: user=0.84 sys=0.05, real=0.19 secs] 
39792.027: [GC 39792.028: [ParNew: 471872K->52416K(471872K), 0.1898150 secs] 7237857K->6863776K(11361088K), 0.1902500 secs] [Times: user=0.83 sys=0.05, real=0.19 secs] 
39793.728: [GC 39793.729: [ParNew: 471872K->44415K(471872K), 0.1252790 secs] 7283232K->6893584K(11361088K), 0.1257160 secs] [Times: user=0.64 sys=0.05, real=0.13 secs] 
39797.829: [GC 39797.829: [ParNew: 463871K->46742K(471872K), 0.1074120 secs] 7313040K->6895911K(11361088K), 0.1078760 secs] [Times: user=0.60 sys=0.00, real=0.11 secs] 
39799.396: [GC 39799.396: [ParNew: 466198K->52416K(471872K), 0.1938780 secs] 7315367K->6930209K(11361088K), 0.1943220 secs] [Times: user=0.91 sys=0.01, real=0.19 secs] 
39800.304: [GC 39800.304: [ParNew: 471872K->52416K(471872K), 0.2592610 secs] 7349665K->6985933K(11361088K), 0.2596800 secs] [Times: user=0.93 sys=0.03, real=0.26 secs] 
39801.581: [GC 39801.581: [ParNew: 471872K->52416K(471872K), 0.2376850 secs] 7405389K->7022406K(11361088K), 0.2381010 secs] [Times: user=1.40 sys=0.06, real=0.23 secs] 
39802.866: [GC 39802.866: [ParNew: 471872K->52415K(471872K), 0.4236880 secs] 7441862K->7077076K(11361088K), 0.4241340 secs] [Times: user=1.59 sys=0.06, real=0.42 secs] 
39805.026: [GC 39805.026: [ParNew: 471871K->41250K(471872K), 0.1116540 secs] 7496532K->7065910K(11361088K), 0.1121370 secs] [Times: user=0.65 sys=0.00, real=0.11 secs] 
39806.083: [GC 39806.083: [ParNew: 460706K->40222K(471872K), 0.1983960 secs] 7485366K->7073866K(11361088K), 0.1988370 secs] [Times: user=2.41 sys=0.02, real=0.20 secs] 
39806.841: [GC 39806.841: [ParNew: 459678K->52416K(471872K), 0.3055650 secs] 7493322K->7117263K(11361088K), 0.3059750 secs] [Times: user=3.19 sys=0.02, real=0.31 secs] 
39809.353: [GC 39809.353: [ParNew: 471872K->52415K(471872K), 0.4608430 secs] 7536719K->7167729K(11361088K), 0.4612680 secs] [Times: user=4.26 sys=0.06, real=0.46 secs] 
39811.125: [GC 39811.126: [ParNew: 471871K->28655K(471872K), 0.0658240 secs] 7587185K->7143969K(11361088K), 0.0663140 secs] [Times: user=0.72 sys=0.00, real=0.06 secs] 
39813.873: [GC 39813.873: [ParNew: 448111K->39403K(471872K), 0.0841970 secs] 7563425K->7154717K(11361088K), 0.0846300 secs] [Times: user=0.85 sys=0.00, real=0.08 secs] 
39814.929: [GC 39814.930: [ParNew: 458859K->50144K(471872K), 0.1250120 secs] 7574173K->7172014K(11361088K), 0.1254720 secs] [Times: user=1.06 sys=0.00, real=0.13 secs] 
39816.097: [GC 39816.097: [ParNew: 469600K->52416K(471872K), 0.1645160 secs] 7591470K->7209270K(11361088K), 0.1649240 secs] [Times: user=0.84 sys=0.03, real=0.17 secs] 
39817.531: [GC 39817.531: [ParNew: 471872K->49998K(471872K), 0.1719010 secs] 7628726K->7256997K(11361088K), 0.1722710 secs] [Times: user=0.68 sys=0.05, real=0.18 secs] 
39821.045: [GC 39821.045: [ParNew: 469454K->40540K(471872K), 0.0724880 secs] 7676453K->7247539K(11361088K), 0.0729500 secs] [Times: user=0.67 sys=0.00, real=0.07 secs] 
39822.837: [GC 39822.837: [ParNew: 459996K->45853K(471872K), 0.0951560 secs] 7666995K->7281269K(11361088K), 0.0956210 secs] [Times: user=0.66 sys=0.03, real=0.10 secs] 
39823.722: [GC 39823.723: [ParNew: 465309K->51691K(471872K), 0.2364770 secs] 7700725K->7317791K(11361088K), 0.2368930 secs] [Times: user=0.69 sys=0.01, real=0.23 secs] 
39824.711: [GC 39824.712: [ParNew: 471147K->52416K(471872K), 0.3400650 secs] 7737247K->7373034K(11361088K), 0.3405370 secs] [Times: user=0.94 sys=0.01, real=0.34 secs] 
39826.974: [GC 39826.974: [ParNew: 471872K->52416K(471872K), 0.4482150 secs] 7792490K->7440287K(11361088K), 0.4486600 secs] [Times: user=1.02 sys=0.04, real=0.44 secs] 
39828.448: [GC 39828.448: [ParNew: 471872K->52416K(471872K), 0.1143090 secs] 7859743K->7457563K(11361088K), 0.1147570 secs] [Times: user=0.78 sys=0.01, real=0.12 secs] 
39830.379: [GC 39830.379: [ParNew: 471872K->45908K(471872K), 0.1775420 secs] 7877019K->7500958K(11361088K), 0.1780440 secs] [Times: user=0.66 sys=0.05, real=0.18 secs] 
39832.749: [GC 39832.749: [ParNew: 465364K->52416K(471872K), 0.1215690 secs] 7920414K->7518502K(11361088K), 0.1219830 secs] [Times: user=0.71 sys=0.01, real=0.12 secs] 
39835.065: [GC 39835.065: [ParNew: 471872K->45495K(471872K), 0.2312240 secs] 7937958K->7561795K(11361088K), 0.2316910 secs] [Times: user=0.68 sys=0.02, real=0.23 secs] 
39836.190: [GC 39836.191: [ParNew: 464951K->26811K(471872K), 0.0940320 secs] 7981251K->7543111K(11361088K), 0.0945260 secs] [Times: user=0.66 sys=0.00, real=0.10 secs] 
39837.434: [GC 39837.434: [ParNew: 446267K->52415K(471872K), 0.1200210 secs] 7962567K->7570109K(11361088K), 0.1204830 secs] [Times: user=0.74 sys=0.00, real=0.12 secs] 
39841.565: [GC 39841.566: [ParNew: 471871K->38125K(471872K), 0.1647100 secs] 7989565K->7591345K(11361088K), 0.1651560 secs] [Times: user=0.66 sys=0.03, real=0.16 secs] 
39843.621: [GC 39843.621: [ParNew: 457581K->24841K(471872K), 0.0833830 secs] 8010801K->7578061K(11361088K), 0.0838640 secs] [Times: user=0.60 sys=0.00, real=0.08 secs] 
39844.899: [GC 39844.899: [ParNew: 444297K->47868K(471872K), 0.2055530 secs] 7997517K->7601088K(11361088K), 0.2061240 secs] [Times: user=0.54 sys=0.00, real=0.20 secs] 
39846.488: [GC 39846.488: [ParNew: 467324K->27093K(471872K), 0.1014520 secs] 8020544K->7595788K(11361088K), 0.1018940 secs] [Times: user=0.42 sys=0.00, real=0.10 secs] 
39848.680: [GC 39848.680: [ParNew: 446549K->52416K(471872K), 0.2731840 secs] 8015244K->7630734K(11361088K), 0.2736190 secs] [Times: user=0.93 sys=0.00, real=0.27 secs] 
39849.650: [GC 39849.650: [ParNew: 471872K->52416K(471872K), 0.2297350 secs] 8050190K->7685382K(11361088K), 0.2301650 secs] [Times: user=1.00 sys=0.06, real=0.23 secs] 
39850.826: [GC 39850.826: [ParNew: 471872K->52416K(471872K), 0.2283160 secs] 8104838K->7743540K(11361088K), 0.2287460 secs] [Times: user=1.06 sys=0.06, real=0.23 secs] 
39851.834: [GC 39851.835: [ParNew: 471872K->52416K(471872K), 0.1742670 secs] 8162996K->7784576K(11361088K), 0.1746340 secs] [Times: user=0.87 sys=0.05, real=0.18 secs] 
39854.143: [GC 39854.143: [ParNew: 471872K->45453K(471872K), 0.1897480 secs] 8204032K->7815002K(11361088K), 0.1901270 secs] [Times: user=1.43 sys=0.05, real=0.19 secs] 
39855.870: [GC 39855.870: [ParNew: 464909K->49933K(471872K), 0.0779680 secs] 8234458K->7819482K(11361088K), 0.0784070 secs] [Times: user=0.70 sys=0.01, real=0.08 secs] 
39858.347: [GC 39858.347: [ParNew: 469389K->52415K(471872K), 0.1360400 secs] 8238938K->7857425K(11361088K), 0.1364520 secs] [Times: user=0.85 sys=0.04, real=0.13 secs] 
39858.929: [GC 39858.929: [ParNew: 471871K->51496K(471872K), 0.1136000 secs] 8276881K->7889951K(11361088K), 0.1140180 secs] [Times: user=0.72 sys=0.05, real=0.11 secs] 
39859.541: [GC 39859.541: [ParNew: 470952K->34110K(471872K), 0.1148060 secs] 8309407K->7903806K(11361088K), 0.1151780 secs] [Times: user=0.64 sys=0.04, real=0.11 secs] 
39860.269: [GC 39860.269: [ParNew: 453566K->38410K(471872K), 0.0602870 secs] 8323262K->7908105K(11361088K), 0.0606420 secs] [Times: user=0.68 sys=0.01, real=0.06 secs] 
39860.869: [GC 39860.870: [ParNew: 457866K->52416K(471872K), 0.1155500 secs] 8327561K->7936651K(11361088K), 0.1159880 secs] [Times: user=0.70 sys=0.02, real=0.11 secs] 
39861.503: [GC 39861.504: [ParNew: 471872K->43421K(471872K), 0.0938820 secs] 8356107K->7945381K(11361088K), 0.0942910 secs] [Times: user=0.60 sys=0.02, real=0.10 secs] 
39861.601: [GC 39861.601: [ParNew: 43973K->31794K(471872K), 0.0661350 secs] 7945933K->7946376K(11361088K), 0.0665530 secs] [Times: user=0.50 sys=0.01, real=0.07 secs] 
39862.280: [GC 39862.281: [ParNew: 451250K->36896K(471872K), 0.0656170 secs] 8365832K->7951479K(11361088K), 0.0660330 secs] [Times: user=0.65 sys=0.01, real=0.07 secs] 
39862.792: [GC 39862.793: [ParNew: 456352K->43038K(471872K), 0.0992690 secs] 8370935K->7970256K(11361088K), 0.0996940 secs] [Times: user=0.56 sys=0.00, real=0.10 secs] 
39864.640: [GC 39864.641: [ParNew: 462494K->52416K(471872K), 0.1942130 secs] 8389712K->8012972K(11361088K), 0.1945880 secs] [Times: user=0.85 sys=0.03, real=0.19 secs] 
39866.165: [GC 39866.165: [ParNew: 471872K->52416K(471872K), 0.2834980 secs] 8432428K->8063436K(11361088K), 0.2839440 secs] [Times: user=0.86 sys=0.04, real=0.29 secs] 
39867.145: [GC 39867.146: [ParNew: 471872K->24756K(471872K), 0.0902530 secs] 8482892K->8050025K(11361088K), 0.0906720 secs] [Times: user=0.59 sys=0.03, real=0.09 secs] 
39867.963: [GC 39867.963: [ParNew: 444212K->52415K(471872K), 0.2197530 secs] 8469481K->8083334K(11361088K), 0.2202050 secs] [Times: user=0.82 sys=0.00, real=0.22 secs] 
39868.993: [GC 39868.994: [ParNew: 471626K->36811K(471872K), 0.1153860 secs] 8502544K->8099824K(11361088K), 0.1158290 secs] [Times: user=0.71 sys=0.04, real=0.12 secs] 
39871.988: [GC 39871.988: [ParNew: 456267K->32303K(471872K), 0.0722830 secs] 8519280K->8095316K(11361088K), 0.0727420 secs] [Times: user=0.65 sys=0.00, real=0.07 secs] 
39874.387: [GC 39874.388: [ParNew: 451759K->45301K(471872K), 0.0878000 secs] 8514772K->8108314K(11361088K), 0.0882380 secs] [Times: user=0.68 sys=0.01, real=0.09 secs] 
39875.493: [GC 39875.493: [ParNew: 464757K->34779K(471872K), 0.1096570 secs] 8527770K->8116985K(11361088K), 0.1100970 secs] [Times: user=0.51 sys=0.02, real=0.11 secs] 
39876.525: [GC 39876.525: [ParNew: 454144K->33863K(471872K), 0.0817190 secs] 8536349K->8116068K(11361088K), 0.0821460 secs] [Times: user=0.73 sys=0.00, real=0.08 secs] 
39880.081: [GC 39880.082: [ParNew: 453319K->40948K(471872K), 0.0777140 secs] 8535524K->8123153K(11361088K), 0.0781330 secs] [Times: user=0.76 sys=0.00, real=0.08 secs] 
39881.484: [GC 39881.484: [ParNew: 460227K->44918K(471872K), 0.1265200 secs] 8542433K->8132791K(11361088K), 0.1269680 secs] [Times: user=0.76 sys=0.00, real=0.13 secs] 
39882.751: [GC 39882.752: [ParNew: 464374K->31027K(471872K), 0.0996060 secs] 8552247K->8127425K(11361088K), 0.1000130 secs] [Times: user=0.66 sys=0.00, real=0.10 secs] 
39883.867: [GC 39883.868: [ParNew: 450483K->52416K(471872K), 0.0870770 secs] 8546881K->8149768K(11361088K), 0.0875220 secs] [Times: user=0.75 sys=0.00, real=0.09 secs] 
39885.218: [GC 39885.219: [ParNew: 471872K->49055K(471872K), 0.1615020 secs] 8569224K->8188101K(11361088K), 0.1619740 secs] [Times: user=0.70 sys=0.03, real=0.17 secs] 
39887.803: [GC 39887.803: [ParNew: 468511K->44008K(471872K), 0.0634380 secs] 8607557K->8183054K(11361088K), 0.0638770 secs] [Times: user=0.70 sys=0.00, real=0.06 secs] 
39889.281: [GC 39889.281: [ParNew: 463464K->34307K(471872K), 0.0930510 secs] 8602510K->8193442K(11361088K), 0.0935380 secs] [Times: user=0.68 sys=0.01, real=0.09 secs] 
39890.732: [GC 39890.732: [ParNew: 453763K->38464K(471872K), 0.1027530 secs] 8612898K->8197599K(11361088K), 0.1032620 secs] [Times: user=1.05 sys=0.00, real=0.10 secs] 
39893.399: [GC 39893.399: [ParNew: 457920K->52416K(471872K), 0.2089420 secs] 8617055K->8229148K(11361088K), 0.2093690 secs] [Times: user=1.00 sys=0.02, real=0.21 secs] 
39894.609: [GC 39894.609: [ParNew: 471872K->52416K(471872K), 0.3121990 secs] 8648604K->8282658K(11361088K), 0.3126650 secs] [Times: user=1.37 sys=0.03, real=0.32 secs] 
39895.608: [GC 39895.608: [ParNew: 471872K->52416K(471872K), 0.2138530 secs] 8702114K->8320201K(11361088K), 0.2143050 secs] [Times: user=0.84 sys=0.04, real=0.22 secs] 
39897.188: [GC 39897.189: [ParNew: 471872K->23550K(471872K), 0.1260840 secs] 8739657K->8317112K(11361088K), 0.1265100 secs] [Times: user=0.62 sys=0.03, real=0.13 secs] 
39899.381: [GC 39899.381: [ParNew: 443006K->52415K(471872K), 0.0848970 secs] 8736568K->8346496K(11361088K), 0.0852850 secs] [Times: user=0.65 sys=0.01, real=0.08 secs] 
39900.869: [GC 39900.870: [ParNew: 471871K->38825K(471872K), 0.1322340 secs] 8765952K->8365744K(11361088K), 0.1326420 secs] [Times: user=0.67 sys=0.04, real=0.14 secs] 
39903.489: [GC 39903.489: [ParNew: 458281K->27634K(471872K), 0.0763270 secs] 8785200K->8354553K(11361088K), 0.0767720 secs] [Times: user=0.62 sys=0.01, real=0.08 secs] 
39905.927: [GC 39905.927: [ParNew: 447090K->30931K(471872K), 0.0597110 secs] 8774009K->8357850K(11361088K), 0.0601860 secs] [Times: user=0.56 sys=0.01, real=0.06 secs] 
39908.594: [GC 39908.594: [ParNew: 450387K->41206K(471872K), 0.0619380 secs] 8777306K->8368126K(11361088K), 0.0623830 secs] [Times: user=0.69 sys=0.00, real=0.06 secs] 
39911.434: [GC 39911.434: [ParNew: 460662K->35286K(471872K), 0.0918900 secs] 8787582K->8377506K(11361088K), 0.0923320 secs] [Times: user=0.68 sys=0.02, real=0.09 secs] 
39913.978: [GC 39913.978: [ParNew: 454742K->50707K(471872K), 0.0929150 secs] 8796962K->8392927K(11361088K), 0.0932840 secs] [Times: user=0.66 sys=0.01, real=0.09 secs] 
39915.025: [GC 39915.025: [ParNew: 470163K->52415K(471872K), 0.2643380 secs] 8812383K->8413226K(11361088K), 0.2647800 secs] [Times: user=1.87 sys=0.02, real=0.26 secs] 
39918.117: [GC 39918.117: [ParNew (promotion failed): 471871K->456005K(471872K), 0.7830940 secs]39918.900: [CMS: 8362687K->6649607K(10889216K), 28.2504360 secs] 8832682K->6649607K(11361088K), [CMS Perm : 403776K->403661K(524288K)], 29.0341050 secs] [Times: user=29.18 sys=0.28, real=29.03 secs] 
39947.871: [GC 39947.871: [ParNew: 419456K->37902K(471872K), 0.1169710 secs] 7069063K->6687509K(11361088K), 0.1174060 secs] [Times: user=0.63 sys=0.00, real=0.12 secs] 
39948.690: [GC 39948.690: [ParNew: 457358K->30092K(471872K), 0.1218510 secs] 7106965K->6698742K(11361088K), 0.1222550 secs] [Times: user=0.40 sys=0.01, real=0.12 secs] 
39949.271: [GC 39949.271: [ParNew: 449548K->29038K(471872K), 0.0658660 secs] 7118198K->6697689K(11361088K), 0.0662890 secs] [Times: user=0.56 sys=0.00, real=0.07 secs] 
39949.754: [GC 39949.754: [ParNew: 448494K->48564K(471872K), 0.0984630 secs] 7117145K->6717214K(11361088K), 0.0989440 secs] [Times: user=0.62 sys=0.01, real=0.10 secs] 
39950.268: [GC 39950.269: [ParNew: 468020K->48023K(471872K), 0.0895460 secs] 7136670K->6735911K(11361088K), 0.0899860 secs] [Times: user=0.57 sys=0.03, real=0.09 secs] 
39950.863: [GC 39950.863: [ParNew: 467479K->52416K(471872K), 0.2300930 secs] 7155367K->6763566K(11361088K), 0.2304700 secs] [Times: user=0.76 sys=0.01, real=0.23 secs] 
39951.489: [GC 39951.489: [ParNew: 471872K->52416K(471872K), 0.1542010 secs] 7183022K->6791720K(11361088K), 0.1546360 secs] [Times: user=0.75 sys=0.01, real=0.15 secs] 
39952.097: [GC 39952.097: [ParNew: 471872K->52416K(471872K), 0.3091360 secs] 7211176K->6848391K(11361088K), 0.3095360 secs] [Times: user=0.77 sys=0.03, real=0.31 secs] 
39952.845: [GC 39952.845: [ParNew: 471872K->42583K(471872K), 0.0610810 secs] 7267847K->6838559K(11361088K), 0.0614930 secs] [Times: user=0.57 sys=0.00, real=0.07 secs] 
39953.437: [GC 39953.437: [ParNew: 462039K->52416K(471872K), 0.1631720 secs] 7258015K->6865142K(11361088K), 0.1636570 secs] [Times: user=0.59 sys=0.00, real=0.16 secs] 
39954.042: [GC 39954.043: [ParNew: 471872K->52416K(471872K), 0.1556510 secs] 7284598K->6889560K(11361088K), 0.1562970 secs] [Times: user=0.65 sys=0.01, real=0.16 secs] 
39954.627: [GC 39954.628: [ParNew: 471872K->52416K(471872K), 0.2539550 secs] 7309016K->6944367K(11361088K), 0.2544600 secs] [Times: user=0.67 sys=0.02, real=0.25 secs] 
39955.574: [GC 39955.574: [ParNew: 471872K->52272K(471872K), 0.0728370 secs] 7363823K->6944223K(11361088K), 0.0732400 secs] [Times: user=0.66 sys=0.00, real=0.08 secs] 
39956.278: [GC 39956.279: [ParNew: 471728K->52416K(471872K), 0.2072050 secs] 7363679K->6982572K(11361088K), 0.2077120 secs] [Times: user=0.67 sys=0.04, real=0.20 secs] 
39957.062: [GC 39957.062: [ParNew: 471627K->52416K(471872K), 0.1588210 secs] 7401784K->7012911K(11361088K), 0.1593300 secs] [Times: user=0.97 sys=0.04, real=0.16 secs] 
39957.823: [GC 39957.824: [ParNew: 471715K->49444K(471872K), 0.2067100 secs] 7432210K->7057513K(11361088K), 0.2071380 secs] [Times: user=0.63 sys=0.02, real=0.21 secs] 
39958.930: [GC 39958.931: [ParNew: 468900K->44986K(471872K), 0.1638190 secs] 7476969K->7076714K(11361088K), 0.1642640 secs] [Times: user=0.62 sys=0.03, real=0.16 secs] 
39960.477: [GC 39960.477: [ParNew: 464442K->44760K(471872K), 0.1148300 secs] 7496170K->7096340K(11361088K), 0.1152020 secs] [Times: user=0.47 sys=0.02, real=0.11 secs] 
39962.326: [GC 39962.327: [ParNew: 464216K->52415K(471872K), 0.1821280 secs] 7515796K->7138600K(11361088K), 0.1824990 secs] [Times: user=0.77 sys=0.06, real=0.19 secs] 
39964.200: [GC 39964.200: [ParNew: 471871K->35469K(471872K), 0.1045640 secs] 7558056K->7141412K(11361088K), 0.1049650 secs] [Times: user=0.54 sys=0.01, real=0.10 secs] 
39966.145: [GC 39966.145: [ParNew: 454925K->31405K(471872K), 0.1134440 secs] 7560868K->7137348K(11361088K), 0.1138970 secs] [Times: user=1.35 sys=0.00, real=0.12 secs] 
39966.955: [GC 39966.955: [ParNew: 450861K->52416K(471872K), 0.3575140 secs] 7556804K->7178096K(11361088K), 0.3579980 secs] [Times: user=2.46 sys=0.01, real=0.36 secs] 
39969.036: [GC 39969.037: [ParNew: 471872K->43530K(471872K), 0.1280670 secs] 7597552K->7204347K(11361088K), 0.1285680 secs] [Times: user=0.71 sys=0.04, real=0.13 secs] 
39971.633: [GC 39971.633: [ParNew: 462986K->52416K(471872K), 0.0996350 secs] 7623803K->7215265K(11361088K), 0.1000710 secs] [Times: user=0.72 sys=0.00, real=0.10 secs] 
39973.929: [GC 39973.929: [ParNew: 471872K->37674K(471872K), 0.1264260 secs] 7634721K->7238362K(11361088K), 0.1268690 secs] [Times: user=0.68 sys=0.05, real=0.12 secs] 
39975.634: [GC 39975.634: [ParNew: 457130K->25758K(471872K), 0.0941070 secs] 7657818K->7226446K(11361088K), 0.0945410 secs] [Times: user=0.72 sys=0.01, real=0.10 secs] 
39977.630: [GC 39977.630: [ParNew: 445214K->29325K(471872K), 0.0706570 secs] 7645902K->7230014K(11361088K), 0.0710460 secs] [Times: user=0.56 sys=0.01, real=0.07 secs] 
39978.704: [GC 39978.704: [ParNew: 448781K->39367K(471872K), 0.0861190 secs] 7649470K->7240056K(11361088K), 0.0865050 secs] [Times: user=1.00 sys=0.01, real=0.09 secs] 
39979.909: [GC 39979.910: [ParNew: 458823K->42966K(471872K), 0.0922300 secs] 7659512K->7252297K(11361088K), 0.0926770 secs] [Times: user=0.85 sys=0.00, real=0.09 secs] 
39984.407: [GC 39984.408: [ParNew: 462422K->22158K(471872K), 0.0794930 secs] 7671753K->7237304K(11361088K), 0.0799730 secs] [Times: user=0.72 sys=0.01, real=0.08 secs] 
39985.797: [GC 39985.797: [ParNew: 441614K->41603K(471872K), 0.2095070 secs] 7656760K->7256750K(11361088K), 0.2099370 secs] [Times: user=2.44 sys=0.01, real=0.21 secs] 
39986.700: [GC 39986.700: [ParNew: 461059K->45117K(471872K), 0.1364840 secs] 7676206K->7271485K(11361088K), 0.1368730 secs] [Times: user=1.24 sys=0.01, real=0.13 secs] 
39989.031: [GC 39989.031: [ParNew: 464353K->49071K(471872K), 0.0777640 secs] 7690722K->7279422K(11361088K), 0.0781820 secs] [Times: user=0.71 sys=0.00, real=0.07 secs] 
39990.345: [GC 39990.345: [ParNew: 468527K->34159K(471872K), 0.1204890 secs] 7698878K->7298712K(11361088K), 0.1209340 secs] [Times: user=0.60 sys=0.07, real=0.12 secs] 
39992.518: [GC 39992.518: [ParNew: 453563K->43918K(471872K), 0.0941180 secs] 7718116K->7308471K(11361088K), 0.0945590 secs] [Times: user=0.75 sys=0.00, real=0.10 secs] 
39995.796: [GC 39995.796: [ParNew: 463374K->32289K(471872K), 0.2108320 secs] 7727927K->7327083K(11361088K), 0.2112690 secs] [Times: user=0.70 sys=0.01, real=0.21 secs] 
39997.178: [GC 39997.178: [ParNew: 451745K->52416K(471872K), 0.2071530 secs] 7746539K->7359158K(11361088K), 0.2076490 secs] [Times: user=0.81 sys=0.00, real=0.21 secs] 
39998.047: [GC 39998.047: [ParNew: 471872K->52416K(471872K), 0.2565410 secs] 7778614K->7399733K(11361088K), 0.2570430 secs] [Times: user=0.76 sys=0.01, real=0.26 secs] 
39999.658: [GC 39999.659: [ParNew: 471872K->50841K(471872K), 0.1989580 secs] 7819189K->7398158K(11361088K), 0.1995220 secs] [Times: user=1.12 sys=0.00, real=0.20 secs] 
40002.479: [GC 40002.480: [ParNew: 470297K->52416K(471872K), 0.3908800 secs] 7817614K->7417436K(11361088K), 0.3918150 secs] [Times: user=1.78 sys=0.03, real=0.40 secs] 
40004.485: [GC 40004.485: [ParNew: 471872K->52416K(471872K), 0.2953050 secs] 7836892K->7465778K(11361088K), 0.2957080 secs] [Times: user=0.88 sys=0.01, real=0.30 secs] 
40006.528: [GC 40006.529: [ParNew: 471872K->52416K(471872K), 0.2485390 secs] 7885234K->7520144K(11361088K), 0.2489480 secs] [Times: user=0.85 sys=0.04, real=0.25 secs] 
40007.705: [GC 40007.705: [ParNew: 471872K->52416K(471872K), 0.2847780 secs] 7939600K->7575526K(11361088K), 0.2852400 secs] [Times: user=0.93 sys=0.02, real=0.28 secs] 
40008.766: [GC 40008.766: [ParNew: 471872K->52416K(471872K), 0.3793450 secs] 7994982K->7632813K(11361088K), 0.3798070 secs] [Times: user=0.86 sys=0.03, real=0.38 secs] 
40010.200: [GC 40010.200: [ParNew: 471872K->31573K(471872K), 0.1238100 secs] 8052269K->7634985K(11361088K), 0.1242510 secs] [Times: user=0.63 sys=0.02, real=0.13 secs] 
40011.869: [GC 40011.869: [ParNew: 451029K->30255K(471872K), 0.0820610 secs] 8054441K->7633666K(11361088K), 0.0825470 secs] [Times: user=0.61 sys=0.00, real=0.09 secs] 
40012.971: [GC 40012.972: [ParNew: 449545K->52416K(471872K), 0.1774470 secs] 8052957K->7683134K(11361088K), 0.1779090 secs] [Times: user=1.61 sys=0.03, real=0.18 secs] 
40015.411: [GC 40015.411: [ParNew: 471872K->52416K(471872K), 0.2322770 secs] 8102590K->7733692K(11361088K), 0.2327130 secs] [Times: user=0.88 sys=0.03, real=0.24 secs] 
40016.945: [GC 40016.945: [ParNew: 471872K->36573K(471872K), 0.1931090 secs] 8153148K->7744904K(11361088K), 0.1935530 secs] [Times: user=0.59 sys=0.02, real=0.19 secs] 
40018.025: [GC 40018.025: [ParNew: 456029K->52415K(471872K), 0.1395250 secs] 8164360K->7763357K(11361088K), 0.1399320 secs] [Times: user=0.70 sys=0.01, real=0.14 secs] 
40018.685: [GC 40018.685: [ParNew: 471871K->52415K(471872K), 0.2681640 secs] 8182813K->7809013K(11361088K), 0.2685700 secs] [Times: user=0.84 sys=0.05, real=0.27 secs] 
40019.543: [GC 40019.543: [ParNew: 471871K->39804K(471872K), 0.1045620 secs] 8228469K->7818920K(11361088K), 0.1050420 secs] [Times: user=0.70 sys=0.03, real=0.10 secs] 
40020.771: [GC 40020.771: [ParNew: 459260K->38128K(471872K), 0.0827680 secs] 8238376K->7830399K(11361088K), 0.0831730 secs] [Times: user=0.66 sys=0.03, real=0.09 secs] 
40022.093: [GC 40022.093: [ParNew: 457584K->28474K(471872K), 0.1008260 secs] 8249855K->7843919K(11361088K), 0.1012150 secs] [Times: user=0.53 sys=0.02, real=0.10 secs] 
40025.696: [GC 40025.696: [ParNew: 447930K->26921K(471872K), 0.0743450 secs] 8263375K->7842366K(11361088K), 0.0747360 secs] [Times: user=0.60 sys=0.00, real=0.07 secs] 
40028.273: [GC 40028.274: [ParNew: 446377K->33454K(471872K), 0.0986350 secs] 8261822K->7848900K(11361088K), 0.0990890 secs] [Times: user=0.74 sys=0.01, real=0.10 secs] 
40031.488: [GC 40031.488: [ParNew: 452910K->23464K(471872K), 0.0841810 secs] 8268356K->7848707K(11361088K), 0.0847390 secs] [Times: user=0.46 sys=0.00, real=0.08 secs] 
40033.670: [GC 40033.670: [ParNew: 442920K->32656K(471872K), 0.0786260 secs] 8268163K->7857900K(11361088K), 0.0791220 secs] [Times: user=0.63 sys=0.01, real=0.08 secs] 
40035.983: [GC 40035.983: [ParNew: 452112K->38507K(471872K), 0.0867520 secs] 8277356K->7867189K(11361088K), 0.0871280 secs] [Times: user=0.64 sys=0.00, real=0.09 secs] 
40037.665: [GC 40037.666: [ParNew: 457963K->37861K(471872K), 0.0765520 secs] 8286645K->7874130K(11361088K), 0.0770270 secs] [Times: user=0.59 sys=0.00, real=0.07 secs] 
40040.042: [GC 40040.042: [ParNew: 457317K->52416K(471872K), 0.0934250 secs] 8293586K->7899764K(11361088K), 0.0938940 secs] [Times: user=0.72 sys=0.01, real=0.10 secs] 
40042.807: [GC 40042.807: [ParNew: 471872K->44113K(471872K), 0.1680300 secs] 8319220K->7934111K(11361088K), 0.1684000 secs] [Times: user=0.67 sys=0.03, real=0.17 secs] 
40043.818: [GC 40043.818: [ParNew: 463569K->20754K(471872K), 0.0696230 secs] 8353567K->7910752K(11361088K), 0.0700510 secs] [Times: user=0.60 sys=0.00, real=0.07 secs] 
40046.251: [GC 40046.252: [ParNew: 440210K->51436K(471872K), 0.0856290 secs] 8330208K->7941434K(11361088K), 0.0860540 secs] [Times: user=0.69 sys=0.01, real=0.09 secs] 
40048.001: [GC 40048.002: [ParNew: 470892K->46505K(471872K), 0.1986520 secs] 8360890K->7972276K(11361088K), 0.1991540 secs] [Times: user=0.71 sys=0.02, real=0.20 secs] 
40050.387: [GC 40050.387: [ParNew: 465961K->19818K(471872K), 0.0677570 secs] 8391732K->7952503K(11361088K), 0.0681290 secs] [Times: user=0.59 sys=0.01, real=0.06 secs] 
40051.413: [GC 40051.413: [ParNew: 439274K->29991K(471872K), 0.0845450 secs] 8371959K->7962675K(11361088K), 0.0849310 secs] [Times: user=0.62 sys=0.00, real=0.09 secs] 
40055.460: [GC 40055.460: [ParNew: 449447K->49345K(471872K), 0.1989120 secs] 8382131K->7988032K(11361088K), 0.1994270 secs] [Times: user=0.79 sys=0.01, real=0.20 secs] 
40058.028: [GC 40058.028: [ParNew: 468801K->20285K(471872K), 0.0738580 secs] 8407488K->7973783K(11361088K), 0.0742280 secs] [Times: user=0.57 sys=0.02, real=0.07 secs] 
40061.001: [GC 40061.001: [ParNew: 439669K->21765K(471872K), 0.0919320 secs] 8393167K->7975263K(11361088K), 0.0923730 secs] [Times: user=0.61 sys=0.00, real=0.09 secs] 
40062.774: [GC 40062.775: [ParNew: 441222K->46129K(471872K), 0.1512000 secs] 8394720K->7999627K(11361088K), 0.1516600 secs] [Times: user=1.04 sys=0.02, real=0.15 secs] 
40064.349: [GC 40064.350: [ParNew: 465585K->30529K(471872K), 0.0973900 secs] 8419083K->7995904K(11361088K), 0.0978720 secs] [Times: user=0.58 sys=0.01, real=0.10 secs] 
40067.019: [GC 40067.019: [ParNew: 449985K->23628K(471872K), 0.0601800 secs] 8415360K->7989003K(11361088K), 0.0606180 secs] [Times: user=0.54 sys=0.00, real=0.06 secs] 
40069.111: [GC 40069.112: [ParNew: 443084K->44290K(471872K), 0.1360170 secs] 8408459K->8009665K(11361088K), 0.1364360 secs] [Times: user=0.67 sys=0.01, real=0.14 secs] 
40071.588: [GC 40071.588: [ParNew: 463746K->52416K(471872K), 0.2086220 secs] 8429121K->8041642K(11361088K), 0.2091050 secs] [Times: user=0.86 sys=0.01, real=0.20 secs] 
40072.678: [GC 40072.679: [ParNew: 471872K->52416K(471872K), 0.3540420 secs] 8461098K->8108871K(11361088K), 0.3545290 secs] [Times: user=1.01 sys=0.04, real=0.35 secs] 
40073.938: [GC 40073.938: [ParNew: 471872K->52416K(471872K), 0.1725560 secs] 8528327K->8146964K(11361088K), 0.1729370 secs] [Times: user=0.79 sys=0.02, real=0.18 secs] 
40075.812: [GC 40075.812: [ParNew: 471872K->52416K(471872K), 0.1429300 secs] 8566420K->8150021K(11361088K), 0.1433720 secs] [Times: user=0.78 sys=0.00, real=0.14 secs] 
40076.663: [GC 40076.663: [ParNew: 471872K->52416K(471872K), 0.1343910 secs] 8569477K->8170726K(11361088K), 0.1347970 secs] [Times: user=0.94 sys=0.03, real=0.13 secs] 
40077.325: [GC 40077.325: [ParNew: 471872K->52416K(471872K), 0.1650740 secs] 8590182K->8217917K(11361088K), 0.1654640 secs] [Times: user=0.80 sys=0.04, real=0.17 secs] 
40078.148: [GC 40078.148: [ParNew: 471872K->39935K(471872K), 0.1072120 secs] 8637373K->8235691K(11361088K), 0.1076450 secs] [Times: user=0.66 sys=0.04, real=0.10 secs] 
40078.962: [GC 40078.962: [ParNew: 459391K->40482K(471872K), 0.0643260 secs] 8655147K->8236239K(11361088K), 0.0648010 secs] [Times: user=0.68 sys=0.00, real=0.06 secs] 
40080.043: [GC 40080.043: [ParNew: 459938K->51201K(471872K), 0.1214870 secs] 8655695K->8264349K(11361088K), 0.1219380 secs] [Times: user=0.66 sys=0.01, real=0.12 secs] 
40080.790: [GC 40080.790: [ParNew: 470657K->52416K(471872K), 0.1658940 secs] 8683805K->8289258K(11361088K), 0.1663590 secs] [Times: user=0.80 sys=0.01, real=0.16 secs] 
40081.664: [GC 40081.664: [ParNew: 471872K->52416K(471872K), 0.2738310 secs] 8708714K->8347821K(11361088K), 0.2741980 secs] [Times: user=0.85 sys=0.04, real=0.27 secs] 
40083.554: [GC 40083.554: [ParNew: 471872K->52416K(471872K), 0.3313220 secs] 8767277K->8371708K(11361088K), 0.3318250 secs] [Times: user=0.95 sys=0.00, real=0.33 secs] 
40084.720: [GC 40084.720: [ParNew: 471872K->46166K(471872K), 0.1934240 secs] 8791164K->8413693K(11361088K), 0.1938380 secs] [Times: user=0.89 sys=0.09, real=0.19 secs] 
40085.814: [GC 40085.814: [ParNew: 465622K->43506K(471872K), 0.1362390 secs] 8833149K->8427316K(11361088K), 0.1366970 secs] [Times: user=0.61 sys=0.02, real=0.14 secs] 
40087.566: [GC 40087.566: [ParNew: 462141K->36235K(471872K), 0.2696660 secs] 8845951K->8441983K(11361088K), 0.2701070 secs] [Times: user=2.62 sys=0.02, real=0.27 secs] 
40088.465: [GC 40088.465: [ParNew: 455691K->52416K(471872K), 0.2475060 secs] 8861439K->8498615K(11361088K), 0.2479880 secs] [Times: user=1.30 sys=0.05, real=0.25 secs] 
40089.122: [GC 40089.122: [ParNew (promotion failed): 471872K->468654K(471872K), 0.7805560 secs]40089.903: [CMS: 8490264K->6867798K(10889216K), 28.6450790 secs] 8918071K->6867798K(11361088K), [CMS Perm : 406402K->406236K(524288K)], 29.4261330 secs] [Times: user=29.91 sys=0.40, real=29.42 secs] 
40119.033: [GC 40119.033: [ParNew: 419456K->52416K(471872K), 0.1998360 secs] 7287254K->6933672K(11361088K), 0.2002570 secs] [Times: user=0.81 sys=0.01, real=0.20 secs] 
40119.925: [GC 40119.925: [ParNew: 471872K->47470K(471872K), 0.2134850 secs] 7353128K->6975307K(11361088K), 0.2138730 secs] [Times: user=0.71 sys=0.06, real=0.21 secs] 
40120.771: [GC 40120.771: [ParNew: 466926K->44340K(471872K), 0.0695740 secs] 7394763K->6972177K(11361088K), 0.0700630 secs] [Times: user=0.72 sys=0.01, real=0.07 secs] 
40121.519: [GC 40121.519: [ParNew: 463796K->46762K(471872K), 0.1761180 secs] 7391633K->7009342K(11361088K), 0.1765640 secs] [Times: user=0.66 sys=0.04, real=0.18 secs] 
40122.503: [GC 40122.503: [ParNew: 466218K->50519K(471872K), 0.0656410 secs] 7428798K->7013099K(11361088K), 0.0661090 secs] [Times: user=0.68 sys=0.02, real=0.06 secs] 
40125.813: [GC 40125.813: [ParNew: 469975K->41551K(471872K), 0.1527350 secs] 7432555K->7041897K(11361088K), 0.1531590 secs] [Times: user=0.62 sys=0.03, real=0.15 secs] 
40128.105: [GC 40128.105: [ParNew: 461007K->52415K(471872K), 0.0695500 secs] 7461353K->7053226K(11361088K), 0.0699930 secs] [Times: user=0.71 sys=0.00, real=0.07 secs] 
40129.439: [GC 40129.439: [ParNew: 471871K->43250K(471872K), 0.1480060 secs] 7472682K->7083880K(11361088K), 0.1483990 secs] [Times: user=0.56 sys=0.02, real=0.15 secs] 
40130.514: [GC 40130.514: [ParNew: 462706K->47021K(471872K), 0.0846120 secs] 7503336K->7087650K(11361088K), 0.0850320 secs] [Times: user=0.65 sys=0.00, real=0.08 secs] 
40133.269: [GC 40133.269: [ParNew: 466264K->52416K(471872K), 0.0785630 secs] 7506893K->7106621K(11361088K), 0.0789490 secs] [Times: user=0.82 sys=0.01, real=0.08 secs] 
40136.579: [GC 40136.579: [ParNew: 471666K->52416K(471872K), 0.2772000 secs] 7525872K->7161942K(11361088K), 0.2776510 secs] [Times: user=0.84 sys=0.01, real=0.28 secs] 
40138.067: [GC 40138.067: [ParNew: 471872K->48093K(471872K), 0.1519030 secs] 7581398K->7190545K(11361088K), 0.1523600 secs] [Times: user=0.64 sys=0.05, real=0.15 secs] 
40140.244: [GC 40140.244: [ParNew: 467549K->46731K(471872K), 0.0875160 secs] 7610001K->7189183K(11361088K), 0.0878960 secs] [Times: user=0.67 sys=0.01, real=0.09 secs] 
40141.897: [GC 40141.898: [ParNew: 466187K->28540K(471872K), 0.0968550 secs] 7608639K->7202592K(11361088K), 0.0972940 secs] [Times: user=0.62 sys=0.04, real=0.10 secs] 
40142.860: [GC 40142.860: [ParNew: 447996K->52416K(471872K), 0.1120160 secs] 7622048K->7230049K(11361088K), 0.1123730 secs] [Times: user=0.70 sys=0.00, real=0.11 secs] 
40143.872: [GC 40143.872: [ParNew: 471872K->52415K(471872K), 0.3237850 secs] 7649505K->7273291K(11361088K), 0.3242460 secs] [Times: user=0.81 sys=0.03, real=0.33 secs] 
40145.933: [GC 40145.933: [ParNew: 471871K->25789K(471872K), 0.1816500 secs] 7692747K->7264762K(11361088K), 0.1820650 secs] [Times: user=1.99 sys=0.02, real=0.19 secs] 
40147.158: [GC 40147.158: [ParNew: 445245K->32059K(471872K), 0.0602890 secs] 7684218K->7271031K(11361088K), 0.0606580 secs] [Times: user=0.65 sys=0.01, real=0.06 secs] 
40148.109: [GC 40148.109: [ParNew: 451515K->50877K(471872K), 0.0614570 secs] 7690487K->7289850K(11361088K), 0.0618870 secs] [Times: user=0.71 sys=0.01, real=0.06 secs] 
40148.946: [GC 40148.946: [ParNew: 470333K->52416K(471872K), 0.1770630 secs] 7709306K->7316933K(11361088K), 0.1775240 secs] [Times: user=0.74 sys=0.02, real=0.17 secs] 
40149.881: [GC 40149.881: [ParNew: 471872K->52416K(471872K), 0.2097820 secs] 7736389K->7342835K(11361088K), 0.2102620 secs] [Times: user=0.70 sys=0.02, real=0.21 secs] 
40150.641: [GC 40150.641: [ParNew: 471872K->52416K(471872K), 0.1260920 secs] 7762291K->7364669K(11361088K), 0.1266620 secs] [Times: user=0.78 sys=0.03, real=0.13 secs] 
40151.378: [GC 40151.378: [ParNew: 471872K->51768K(471872K), 0.3373650 secs] 7784125K->7411868K(11361088K), 0.3378500 secs] [Times: user=1.73 sys=0.02, real=0.34 secs] 
40152.957: [GC 40152.957: [ParNew: 471224K->52416K(471872K), 0.2038850 secs] 7831324K->7424651K(11361088K), 0.2043130 secs] [Times: user=0.82 sys=0.00, real=0.20 secs] 
40154.243: [GC 40154.244: [ParNew: 471872K->52416K(471872K), 0.3817850 secs] 7844107K->7477206K(11361088K), 0.3822550 secs] [Times: user=1.34 sys=0.03, real=0.38 secs] 
40155.831: [GC 40155.831: [ParNew: 471872K->52416K(471872K), 0.2555920 secs] 7896662K->7526392K(11361088K), 0.2559760 secs] [Times: user=0.71 sys=0.04, real=0.26 secs] 
40157.585: [GC 40157.585: [ParNew: 471872K->52416K(471872K), 0.3039000 secs] 7945848K->7575303K(11361088K), 0.3043490 secs] [Times: user=1.01 sys=0.01, real=0.31 secs] 
40158.589: [GC 40158.590: [ParNew: 471872K->52416K(471872K), 0.2618060 secs] 7994759K->7621765K(11361088K), 0.2621870 secs] [Times: user=0.74 sys=0.02, real=0.26 secs] 
40159.834: [GC 40159.834: [ParNew: 471872K->38595K(471872K), 0.0645170 secs] 8041221K->7607944K(11361088K), 0.0649580 secs] [Times: user=0.71 sys=0.00, real=0.07 secs] 
40161.612: [GC 40161.612: [ParNew: 458051K->49615K(471872K), 0.1255500 secs] 8027400K->7635181K(11361088K), 0.1259280 secs] [Times: user=0.78 sys=0.03, real=0.13 secs] 
40162.851: [GC 40162.851: [ParNew: 469071K->45062K(471872K), 0.2079060 secs] 8054637K->7662843K(11361088K), 0.2083370 secs] [Times: user=1.85 sys=0.02, real=0.21 secs] 
40164.479: [GC 40164.479: [ParNew: 464518K->52416K(471872K), 0.1042420 secs] 8082299K->7682656K(11361088K), 0.1046850 secs] [Times: user=0.54 sys=0.00, real=0.10 secs] 
40165.437: [GC 40165.437: [ParNew: 471872K->49339K(471872K), 0.0762730 secs] 8102112K->7686980K(11361088K), 0.0766550 secs] [Times: user=0.82 sys=0.01, real=0.07 secs] 
40166.563: [GC 40166.564: [ParNew: 468795K->47788K(471872K), 0.2075190 secs] 8106436K->7714564K(11361088K), 0.2080090 secs] [Times: user=1.32 sys=0.05, real=0.21 secs] 
40168.690: [GC 40168.691: [ParNew: 467244K->41526K(471872K), 0.1215620 secs] 8134020K->7722583K(11361088K), 0.1220620 secs] [Times: user=1.02 sys=0.01, real=0.12 secs] 
40169.710: [GC 40169.710: [ParNew: 460982K->52416K(471872K), 0.1399550 secs] 8142039K->7765731K(11361088K), 0.1403990 secs] [Times: user=0.82 sys=0.04, real=0.14 secs] 
40170.508: [GC 40170.508: [ParNew: 471872K->52416K(471872K), 0.5549520 secs] 8185187K->7816840K(11361088K), 0.5553490 secs] [Times: user=4.60 sys=0.05, real=0.55 secs] 
40172.094: [GC 40172.095: [ParNew: 471872K->50844K(471872K), 0.2681890 secs] 8236296K->7854533K(11361088K), 0.2687500 secs] [Times: user=0.80 sys=0.03, real=0.27 secs] 
40173.973: [GC 40173.974: [ParNew: 470300K->39700K(471872K), 0.0878380 secs] 8273989K->7843389K(11361088K), 0.0882950 secs] [Times: user=0.64 sys=0.01, real=0.09 secs] 
40175.782: [GC 40175.782: [ParNew: 459156K->33070K(471872K), 0.0826450 secs] 8262845K->7845059K(11361088K), 0.0830600 secs] [Times: user=0.49 sys=0.00, real=0.08 secs] 
40178.323: [GC 40178.323: [ParNew: 452526K->52416K(471872K), 0.0843200 secs] 8264515K->7879071K(11361088K), 0.0847100 secs] [Times: user=0.83 sys=0.02, real=0.09 secs] 
40180.295: [GC 40180.295: [ParNew: 471872K->36353K(471872K), 0.1640350 secs] 8298527K->7910094K(11361088K), 0.1644970 secs] [Times: user=0.69 sys=0.03, real=0.17 secs] 
40182.202: [GC 40182.202: [ParNew: 455809K->19278K(471872K), 0.0502000 secs] 8329550K->7893019K(11361088K), 0.0505650 secs] [Times: user=0.53 sys=0.01, real=0.05 secs] 
40183.992: [GC 40183.993: [ParNew: 438734K->52416K(471872K), 0.1206540 secs] 8312475K->7930301K(11361088K), 0.1212000 secs] [Times: user=0.68 sys=0.00, real=0.12 secs] 
40185.874: [GC 40185.874: [ParNew: 471872K->52416K(471872K), 0.1197760 secs] 8349757K->7956739K(11361088K), 0.1202150 secs] [Times: user=0.74 sys=0.04, real=0.12 secs] 
40186.833: [GC 40186.833: [ParNew: 471872K->38057K(471872K), 0.0999360 secs] 8376195K->7973828K(11361088K), 0.1003080 secs] [Times: user=0.63 sys=0.04, real=0.10 secs] 
40188.000: [GC 40188.001: [ParNew: 457513K->52416K(471872K), 0.0935730 secs] 8393284K->7991058K(11361088K), 0.0939540 secs] [Times: user=0.80 sys=0.00, real=0.09 secs] 
40189.654: [GC 40189.654: [ParNew: 471751K->52416K(471872K), 0.4356980 secs] 8410393K->8054507K(11361088K), 0.4362660 secs] [Times: user=1.12 sys=0.02, real=0.44 secs] 
40192.057: [GC 40192.058: [ParNew: 471872K->39986K(471872K), 0.1689660 secs] 8473963K->8072446K(11361088K), 0.1693580 secs] [Times: user=0.64 sys=0.02, real=0.17 secs] 
40193.452: [GC 40193.453: [ParNew: 459442K->52416K(471872K), 0.1222700 secs] 8491902K->8087415K(11361088K), 0.1227140 secs] [Times: user=1.15 sys=0.01, real=0.12 secs] 
40195.799: [GC 40195.800: [ParNew: 471872K->52416K(471872K), 0.1452410 secs] 8506871K->8125390K(11361088K), 0.1456860 secs] [Times: user=0.85 sys=0.04, real=0.15 secs] 
40196.605: [GC 40196.605: [ParNew: 471872K->40802K(471872K), 0.1103050 secs] 8544846K->8149730K(11361088K), 0.1107300 secs] [Times: user=0.71 sys=0.05, real=0.11 secs] 
40197.700: [GC 40197.700: [ParNew: 460258K->44312K(471872K), 0.0706930 secs] 8569186K->8153239K(11361088K), 0.0711410 secs] [Times: user=0.75 sys=0.00, real=0.07 secs] 
40198.484: [GC 40198.484: [ParNew: 463768K->52416K(471872K), 0.0867740 secs] 8572695K->8175876K(11361088K), 0.0872060 secs] [Times: user=0.68 sys=0.02, real=0.09 secs] 
40199.092: [GC 40199.093: [ParNew: 471733K->52416K(471872K), 0.1447850 secs] 8595194K->8207615K(11361088K), 0.1451680 secs] [Times: user=0.95 sys=0.06, real=0.14 secs] 
40199.891: [GC 40199.891: [ParNew: 471872K->52415K(471872K), 0.1703240 secs] 8627071K->8256722K(11361088K), 0.1707760 secs] [Times: user=0.76 sys=0.06, real=0.17 secs] 
40201.679: [GC 40201.679: [ParNew: 471871K->52416K(471872K), 0.1927470 secs] 8676178K->8266401K(11361088K), 0.1932060 secs] [Times: user=0.84 sys=0.01, real=0.20 secs] 
40203.792: [GC 40203.793: [ParNew: 471872K->52416K(471872K), 0.2922720 secs] 8685857K->8314542K(11361088K), 0.2928090 secs] [Times: user=1.39 sys=0.07, real=0.29 secs] 
40206.110: [GC 40206.110: [ParNew: 471828K->46086K(471872K), 0.2242180 secs] 8733954K->8350137K(11361088K), 0.2246330 secs] [Times: user=0.74 sys=0.02, real=0.23 secs] 
40208.837: [GC 40208.837: [ParNew: 465542K->48669K(471872K), 0.0660790 secs] 8769593K->8352721K(11361088K), 0.0665280 secs] [Times: user=0.65 sys=0.00, real=0.07 secs] 
40210.929: [GC 40210.929: [ParNew: 468125K->52415K(471872K), 0.1506370 secs] 8772177K->8376616K(11361088K), 0.1510830 secs] [Times: user=0.65 sys=0.01, real=0.15 secs] 
40211.964: [GC 40211.964: [ParNew: 471871K->52416K(471872K), 0.2242410 secs] 8796072K->8413792K(11361088K), 0.2246630 secs] [Times: user=1.16 sys=0.01, real=0.22 secs] 
40213.989: [GC 40213.989: [ParNew: 471872K->52416K(471872K), 0.3205430 secs] 8833248K->8496684K(11361088K), 0.3211160 secs] [Times: user=1.80 sys=0.08, real=0.32 secs] 
40214.784: [GC 40214.784: [ParNew: 471872K->52416K(471872K), 0.2483200 secs] 8916140K->8569496K(11361088K), 0.2486910 secs] [Times: user=1.44 sys=0.08, real=0.25 secs] 
40217.188: [GC 40217.189: [ParNew: 471872K->52416K(471872K), 0.2407130 secs] 8988952K->8625692K(11361088K), 0.2411520 secs] [Times: user=1.00 sys=0.08, real=0.24 secs] 
40219.996: [GC 40219.996: [ParNew: 471872K->52415K(471872K), 0.1632860 secs] 9045148K->8655358K(11361088K), 0.1636970 secs] [Times: user=0.74 sys=0.04, real=0.16 secs] 
40220.790: [GC 40220.791: [ParNew (promotion failed): 471871K->443879K(471872K), 0.4664590 secs]40221.257: [CMS: 8611768K->6924739K(10889216K), 28.2020760 secs] 9074814K->6924739K(11361088K), [CMS Perm : 408084K->407963K(524288K)], 28.6690850 secs] [Times: user=28.95 sys=0.12, real=28.67 secs] 
40250.258: [GC 40250.258: [ParNew: 419456K->35874K(471872K), 0.0801960 secs] 7344195K->6960613K(11361088K), 0.0806740 secs] [Times: user=0.67 sys=0.01, real=0.08 secs] 
40251.246: [GC 40251.246: [ParNew: 455330K->32133K(471872K), 0.0962610 secs] 7380069K->6980027K(11361088K), 0.0966630 secs] [Times: user=0.55 sys=0.05, real=0.09 secs] 
40252.155: [GC 40252.156: [ParNew: 451589K->44079K(471872K), 0.0740870 secs] 7399483K->6991973K(11361088K), 0.0744810 secs] [Times: user=0.62 sys=0.01, real=0.08 secs] 
40252.884: [GC 40252.884: [ParNew: 463535K->45443K(471872K), 0.0937430 secs] 7411429K->7008834K(11361088K), 0.0941890 secs] [Times: user=0.57 sys=0.02, real=0.10 secs] 
40253.548: [GC 40253.549: [ParNew: 464875K->52416K(471872K), 0.1342790 secs] 7428267K->7034025K(11361088K), 0.1347770 secs] [Times: user=0.78 sys=0.02, real=0.13 secs] 
40254.136: [GC 40254.136: [ParNew: 471872K->52416K(471872K), 0.2305300 secs] 7453481K->7086786K(11361088K), 0.2311450 secs] [Times: user=0.88 sys=0.04, real=0.23 secs] 
40254.777: [GC 40254.778: [ParNew: 471872K->52416K(471872K), 0.1950140 secs] 7506242K->7134519K(11361088K), 0.1954400 secs] [Times: user=0.88 sys=0.07, real=0.19 secs] 
40255.599: [GC 40255.600: [ParNew: 471872K->45874K(471872K), 0.1463510 secs] 7553975K->7168277K(11361088K), 0.1467630 secs] [Times: user=0.71 sys=0.07, real=0.15 secs] 
40256.425: [GC 40256.425: [ParNew: 465330K->52416K(471872K), 0.1720890 secs] 7587733K->7205451K(11361088K), 0.1725720 secs] [Times: user=1.14 sys=0.03, real=0.18 secs] 
40257.297: [GC 40257.297: [ParNew: 471872K->52125K(471872K), 0.1921200 secs] 7624907K->7260120K(11361088K), 0.1925930 secs] [Times: user=0.91 sys=0.09, real=0.19 secs] 
40258.108: [GC 40258.109: [ParNew: 471581K->52416K(471872K), 0.1565070 secs] 7679576K->7292774K(11361088K), 0.1570410 secs] [Times: user=0.95 sys=0.08, real=0.15 secs] 
40259.021: [GC 40259.021: [ParNew: 471872K->52416K(471872K), 0.1459880 secs] 7712230K->7343383K(11361088K), 0.1464350 secs] [Times: user=0.89 sys=0.06, real=0.15 secs] 
40259.887: [GC 40259.888: [ParNew: 471872K->44728K(471872K), 0.1512170 secs] 7762839K->7367863K(11361088K), 0.1516690 secs] [Times: user=0.76 sys=0.06, real=0.15 secs] 
40260.691: [GC 40260.692: [ParNew: 464184K->48228K(471872K), 0.0766300 secs] 7787319K->7371363K(11361088K), 0.0770130 secs] [Times: user=0.67 sys=0.00, real=0.08 secs] 
40261.450: [GC 40261.450: [ParNew: 467684K->52416K(471872K), 0.3298870 secs] 7790819K->7401928K(11361088K), 0.3304790 secs] [Times: user=0.90 sys=0.00, real=0.33 secs] 
40264.476: [GC 40264.476: [ParNew: 471872K->51442K(471872K), 0.3577440 secs] 7821384K->7442189K(11361088K), 0.3582460 secs] [Times: user=1.02 sys=0.01, real=0.36 secs] 
40266.252: [GC 40266.252: [ParNew: 470898K->35821K(471872K), 0.2063110 secs] 7861645K->7450959K(11361088K), 0.2066890 secs] [Times: user=0.86 sys=0.06, real=0.21 secs] 
40267.803: [GC 40267.803: [ParNew: 455277K->23813K(471872K), 0.0792800 secs] 7870415K->7438951K(11361088K), 0.0796680 secs] [Times: user=0.56 sys=0.00, real=0.08 secs] 
40269.435: [GC 40269.436: [ParNew: 443269K->36457K(471872K), 0.1018790 secs] 7858408K->7451596K(11361088K), 0.1022960 secs] [Times: user=0.77 sys=0.00, real=0.11 secs] 
40269.544: [GC 40269.544: [ParNew: 37951K->33954K(471872K), 0.0697330 secs] 7453090K->7452067K(11361088K), 0.0702290 secs] [Times: user=0.59 sys=0.00, real=0.07 secs] 
40270.535: [GC 40270.535: [ParNew: 453410K->52416K(471872K), 0.1658270 secs] 7871523K->7497488K(11361088K), 0.1661940 secs] [Times: user=1.30 sys=0.02, real=0.17 secs] 
40272.441: [GC 40272.441: [ParNew: 471872K->52416K(471872K), 0.5127680 secs] 7916944K->7554847K(11361088K), 0.5133070 secs] [Times: user=3.22 sys=0.03, real=0.51 secs] 
40273.952: [GC 40273.952: [ParNew: 471872K->52416K(471872K), 0.3369910 secs] 7974303K->7602980K(11361088K), 0.3375890 secs] [Times: user=0.89 sys=0.02, real=0.34 secs] 
40275.825: [GC 40275.825: [ParNew: 471872K->52415K(471872K), 0.4071970 secs] 8022436K->7648526K(11361088K), 0.4076480 secs] [Times: user=0.88 sys=0.01, real=0.41 secs] 
40276.711: [GC 40276.711: [ParNew: 471871K->52416K(471872K), 0.2020650 secs] 8067982K->7677789K(11361088K), 0.2024600 secs] [Times: user=1.72 sys=0.03, real=0.20 secs] 
40277.633: [GC 40277.633: [ParNew: 471872K->52416K(471872K), 0.2042920 secs] 8097245K->7729450K(11361088K), 0.2046930 secs] [Times: user=1.34 sys=0.09, real=0.20 secs] 
40278.758: [GC 40278.758: [ParNew: 471872K->51264K(471872K), 0.0637070 secs] 8148906K->7728299K(11361088K), 0.0640830 secs] [Times: user=0.75 sys=0.00, real=0.07 secs] 
40279.514: [GC 40279.515: [ParNew: 470720K->52416K(471872K), 0.1428280 secs] 8147755K->7752090K(11361088K), 0.1432170 secs] [Times: user=1.37 sys=0.02, real=0.14 secs] 
40280.309: [GC 40280.309: [ParNew: 471872K->52416K(471872K), 0.0869890 secs] 8171546K->7769627K(11361088K), 0.0874390 secs] [Times: user=0.78 sys=0.02, real=0.08 secs] 
40280.947: [GC 40280.947: [ParNew: 471872K->52416K(471872K), 0.2141850 secs] 8189083K->7809062K(11361088K), 0.2146280 secs] [Times: user=0.89 sys=0.01, real=0.22 secs] 
40281.809: [GC 40281.809: [ParNew: 471872K->52415K(471872K), 0.2034590 secs] 8228518K->7860762K(11361088K), 0.2039310 secs] [Times: user=0.82 sys=0.07, real=0.20 secs] 
40282.690: [GC 40282.690: [ParNew: 471871K->44367K(471872K), 0.0758350 secs] 8280218K->7852713K(11361088K), 0.0763300 secs] [Times: user=0.59 sys=0.01, real=0.07 secs] 
40283.468: [GC 40283.468: [ParNew: 463823K->52416K(471872K), 0.1578570 secs] 8272169K->7888021K(11361088K), 0.1582700 secs] [Times: user=0.94 sys=0.04, real=0.16 secs] 
40285.099: [GC 40285.099: [ParNew: 471872K->52416K(471872K), 0.2717600 secs] 8307477K->7944394K(11361088K), 0.2722020 secs] [Times: user=1.07 sys=0.03, real=0.28 secs] 
40286.542: [GC 40286.542: [ParNew: 471872K->52416K(471872K), 0.3018280 secs] 8363850K->7997209K(11361088K), 0.3022180 secs] [Times: user=1.48 sys=0.06, real=0.30 secs] 
40288.028: [GC 40288.028: [ParNew: 471339K->52415K(471872K), 0.2607320 secs] 8416133K->8038591K(11361088K), 0.2612160 secs] [Times: user=0.75 sys=0.02, real=0.27 secs] 
40289.100: [GC 40289.100: [ParNew: 471871K->52416K(471872K), 0.1700750 secs] 8458047K->8055398K(11361088K), 0.1705040 secs] [Times: user=0.92 sys=0.01, real=0.17 secs] 
40290.221: [GC 40290.221: [ParNew: 471872K->52416K(471872K), 0.2234730 secs] 8474854K->8111227K(11361088K), 0.2238970 secs] [Times: user=1.06 sys=0.07, real=0.22 secs] 
40292.106: [GC 40292.106: [ParNew: 471872K->52416K(471872K), 0.2281320 secs] 8530683K->8150870K(11361088K), 0.2285580 secs] [Times: user=1.13 sys=0.04, real=0.23 secs] 
40293.972: [GC 40293.973: [ParNew: 471872K->41780K(471872K), 0.1332920 secs] 8570326K->8165456K(11361088K), 0.1337390 secs] [Times: user=0.68 sys=0.03, real=0.13 secs] 
40294.983: [GC 40294.983: [ParNew: 461236K->47932K(471872K), 0.0590520 secs] 8584912K->8171608K(11361088K), 0.0594350 secs] [Times: user=0.58 sys=0.00, real=0.06 secs] 
40295.619: [GC 40295.619: [ParNew: 467388K->52416K(471872K), 0.1458980 secs] 8591064K->8212979K(11361088K), 0.1463260 secs] [Times: user=1.10 sys=0.05, real=0.15 secs] 
40296.334: [GC 40296.334: [ParNew: 471872K->52416K(471872K), 0.2152420 secs] 8632435K->8265073K(11361088K), 0.2156870 secs] [Times: user=0.86 sys=0.05, real=0.22 secs] 
40297.351: [GC 40297.351: [ParNew: 471872K->48081K(471872K), 0.0813620 secs] 8684529K->8260739K(11361088K), 0.0817710 secs] [Times: user=0.68 sys=0.00, real=0.08 secs] 
40298.091: [GC 40298.092: [ParNew: 467537K->52416K(471872K), 0.1498470 secs] 8680195K->8286507K(11361088K), 0.1503110 secs] [Times: user=0.73 sys=0.02, real=0.15 secs] 
40299.068: [GC 40299.068: [ParNew: 471872K->52416K(471872K), 0.1621720 secs] 8705963K->8310109K(11361088K), 0.1625600 secs] [Times: user=0.74 sys=0.02, real=0.17 secs] 
40300.553: [GC 40300.554: [ParNew: 471872K->52416K(471872K), 0.2792080 secs] 8729565K->8345200K(11361088K), 0.2796700 secs] [Times: user=0.91 sys=0.04, real=0.28 secs] 
40302.312: [GC 40302.313: [ParNew: 471872K->52416K(471872K), 0.2348830 secs] 8764656K->8386992K(11361088K), 0.2353080 secs] [Times: user=1.23 sys=0.07, real=0.23 secs] 
40304.391: [GC 40304.391: [ParNew: 471872K->36724K(471872K), 0.2287220 secs] 8806448K->8404992K(11361088K), 0.2292200 secs] [Times: user=1.54 sys=0.04, real=0.22 secs] 
40306.271: [GC 40306.271: [ParNew: 456180K->26567K(471872K), 0.0832890 secs] 8824448K->8394835K(11361088K), 0.0837390 secs] [Times: user=0.65 sys=0.00, real=0.09 secs] 
40308.000: [GC 40308.000: [ParNew: 446023K->50195K(471872K), 0.0857160 secs] 8814291K->8418464K(11361088K), 0.0861050 secs] [Times: user=0.72 sys=0.01, real=0.09 secs] 
40310.879: [GC 40310.879: [ParNew: 469651K->33248K(471872K), 0.1135020 secs] 8837920K->8439792K(11361088K), 0.1139640 secs] [Times: user=0.67 sys=0.04, real=0.12 secs] 
40314.060: [GC 40314.060: [ParNew: 452704K->27875K(471872K), 0.1092370 secs] 8859248K->8434419K(11361088K), 0.1097180 secs] [Times: user=0.59 sys=0.00, real=0.11 secs] 
40316.004: [GC 40316.005: [ParNew: 447331K->24929K(471872K), 0.0684360 secs] 8853875K->8431474K(11361088K), 0.0689700 secs] [Times: user=0.55 sys=0.01, real=0.07 secs] 
40317.857: [GC 40317.858: [ParNew: 444385K->45896K(471872K), 0.2046310 secs] 8850930K->8452440K(11361088K), 0.2050280 secs] [Times: user=2.28 sys=0.01, real=0.21 secs] 
40319.403: [GC 40319.404: [ParNew: 465352K->41490K(471872K), 0.4634400 secs] 8871896K->8472900K(11361088K), 0.4639490 secs] [Times: user=5.02 sys=0.04, real=0.46 secs] 
40321.964: [GC 40321.964: [ParNew: 460946K->47973K(471872K), 0.0852350 secs] 8892356K->8491865K(11361088K), 0.0856750 secs] [Times: user=0.74 sys=0.00, real=0.08 secs] 
40323.682: [GC 40323.682: [ParNew: 467429K->32068K(471872K), 0.1322830 secs] 8911321K->8503542K(11361088K), 0.1327390 secs] [Times: user=0.61 sys=0.02, real=0.14 secs] 
40325.262: [GC 40325.262: [ParNew: 451524K->34793K(471872K), 0.1051530 secs] 8922998K->8506267K(11361088K), 0.1055730 secs] [Times: user=0.83 sys=0.00, real=0.11 secs] 
40328.156: [GC 40328.156: [ParNew: 454249K->31045K(471872K), 0.1199700 secs] 8925723K->8507518K(11361088K), 0.1203840 secs] [Times: user=1.35 sys=0.00, real=0.12 secs] 
40331.428: [GC 40331.428: [ParNew: 450501K->27214K(471872K), 0.0742050 secs] 8926974K->8503687K(11361088K), 0.0747160 secs] [Times: user=0.57 sys=0.00, real=0.07 secs] 
40336.345: [GC 40336.345: [ParNew: 446670K->38091K(471872K), 0.0920940 secs] 8923143K->8514564K(11361088K), 0.0925420 secs] [Times: user=0.63 sys=0.01, real=0.09 secs] 
40338.195: [GC 40338.195: [ParNew: 457547K->52416K(471872K), 0.1628350 secs] 8934020K->8540770K(11361088K), 0.1633070 secs] [Times: user=0.79 sys=0.00, real=0.16 secs] 
40339.604: [GC 40339.604: [ParNew: 471872K->52416K(471872K), 0.2381480 secs] 8960226K->8587994K(11361088K), 0.2386310 secs] [Times: user=0.88 sys=0.01, real=0.24 secs] 
40340.861: [GC 40340.861: [ParNew: 471740K->52416K(471872K), 0.1296550 secs] 9007318K->8599132K(11361088K), 0.1300970 secs] [Times: user=0.71 sys=0.01, real=0.13 secs] 
40342.190: [GC 40342.190: [ParNew: 471872K->50378K(471872K), 0.1854750 secs] 9018588K->8646341K(11361088K), 0.1859680 secs] [Times: user=0.80 sys=0.07, real=0.19 secs] 
40343.809: [GC 40343.810: [ParNew: 469834K->32315K(471872K), 0.0843040 secs] 9065797K->8628278K(11361088K), 0.0847880 secs] [Times: user=0.61 sys=0.01, real=0.08 secs] 
40344.741: [GC 40344.741: [ParNew: 451771K->52416K(471872K), 0.1845500 secs] 9047734K->8668343K(11361088K), 0.1849870 secs] [Times: user=0.92 sys=0.02, real=0.19 secs] 
40346.210: [GC 40346.210: [ParNew: 471872K->52416K(471872K), 0.3253950 secs] 9087799K->8725781K(11361088K), 0.3258030 secs] [Times: user=0.93 sys=0.02, real=0.33 secs] 
40347.200: [GC 40347.200: [ParNew (promotion failed): 471872K->471872K(471872K), 2.1752470 secs]40349.376: [CMS: 8679494K->7013343K(10889216K), 29.1427910 secs] 9145237K->7013343K(11361088K), [CMS Perm : 408508K->408406K(524288K)], 31.3185900 secs] [Times: user=31.43 sys=1.00, real=31.32 secs] 
40379.283: [GC 40379.283: [ParNew: 419425K->52416K(471872K), 0.1971130 secs] 7432768K->7097248K(11361088K), 0.1975580 secs] [Times: user=0.87 sys=0.02, real=0.20 secs] 
40380.756: [GC 40380.756: [ParNew: 471872K->52416K(471872K), 0.3238750 secs] 7516704K->7162047K(11361088K), 0.3243200 secs] [Times: user=0.85 sys=0.04, real=0.33 secs] 
40382.687: [GC 40382.687: [ParNew: 471803K->52416K(471872K), 0.1499470 secs] 7581434K->7191719K(11361088K), 0.1503710 secs] [Times: user=0.79 sys=0.04, real=0.15 secs] 
40384.024: [GC 40384.024: [ParNew: 471691K->43969K(471872K), 0.1377620 secs] 7610995K->7215284K(11361088K), 0.1381920 secs] [Times: user=0.62 sys=0.04, real=0.14 secs] 
40385.299: [GC 40385.299: [ParNew: 463425K->38853K(471872K), 0.1148350 secs] 7634740K->7210167K(11361088K), 0.1152990 secs] [Times: user=0.61 sys=0.00, real=0.11 secs] 
40386.679: [GC 40386.680: [ParNew: 458309K->24232K(471872K), 0.0737310 secs] 7629623K->7204477K(11361088K), 0.0741390 secs] [Times: user=0.48 sys=0.01, real=0.07 secs] 
40387.894: [GC 40387.895: [ParNew: 443688K->35790K(471872K), 0.0947840 secs] 7623933K->7216036K(11361088K), 0.0952760 secs] [Times: user=0.64 sys=0.00, real=0.10 secs] 
40389.299: [GC 40389.299: [ParNew: 455246K->50800K(471872K), 0.1209900 secs] 7635492K->7236484K(11361088K), 0.1214120 secs] [Times: user=0.65 sys=0.01, real=0.12 secs] 
40390.212: [GC 40390.212: [ParNew: 470256K->52416K(471872K), 0.1925100 secs] 7655940K->7271091K(11361088K), 0.1929500 secs] [Times: user=1.39 sys=0.03, real=0.19 secs] 
40391.458: [GC 40391.458: [ParNew: 471872K->52415K(471872K), 0.2464660 secs] 7690547K->7322935K(11361088K), 0.2468570 secs] [Times: user=1.35 sys=0.06, real=0.25 secs] 
40393.110: [GC 40393.110: [ParNew: 471871K->52416K(471872K), 0.1849580 secs] 7742391K->7328803K(11361088K), 0.1854250 secs] [Times: user=0.89 sys=0.00, real=0.18 secs] 
40395.937: [GC 40395.937: [ParNew: 471872K->52416K(471872K), 0.1360130 secs] 7748259K->7349097K(11361088K), 0.1363950 secs] [Times: user=0.72 sys=0.02, real=0.14 secs] 
40397.302: [GC 40397.302: [ParNew: 471872K->51206K(471872K), 0.1133050 secs] 7768553K->7385322K(11361088K), 0.1136940 secs] [Times: user=0.71 sys=0.04, real=0.11 secs] 
40398.502: [GC 40398.502: [ParNew: 470662K->25616K(471872K), 0.1001830 secs] 7804778K->7387466K(11361088K), 0.1006230 secs] [Times: user=0.53 sys=0.04, real=0.10 secs] 
40400.127: [GC 40400.128: [ParNew: 445072K->19851K(471872K), 0.0777710 secs] 7806922K->7381701K(11361088K), 0.0783940 secs] [Times: user=0.51 sys=0.00, real=0.08 secs] 
40403.002: [GC 40403.003: [ParNew: 439307K->39951K(471872K), 0.0988270 secs] 7801157K->7401801K(11361088K), 0.0992930 secs] [Times: user=0.61 sys=0.01, real=0.10 secs] 
40404.979: [GC 40404.980: [ParNew: 459407K->52416K(471872K), 0.0744320 secs] 7821257K->7424367K(11361088K), 0.0748390 secs] [Times: user=0.55 sys=0.00, real=0.08 secs] 
40406.310: [GC 40406.310: [ParNew: 471872K->52416K(471872K), 0.2141180 secs] 7843823K->7468271K(11361088K), 0.2145060 secs] [Times: user=0.87 sys=0.03, real=0.22 secs] 
40407.777: [GC 40407.777: [ParNew: 471872K->52416K(471872K), 0.3689270 secs] 7887727K->7510756K(11361088K), 0.3696140 secs] [Times: user=1.85 sys=0.03, real=0.37 secs] 
40412.402: [GC 40412.402: [ParNew: 471872K->47866K(471872K), 0.1389720 secs] 7930212K->7532566K(11361088K), 0.1394300 secs] [Times: user=0.67 sys=0.02, real=0.14 secs] 
40414.443: [GC 40414.444: [ParNew: 467322K->28384K(471872K), 0.0960980 secs] 7952022K->7541483K(11361088K), 0.0965480 secs] [Times: user=0.51 sys=0.02, real=0.09 secs] 
40415.851: [GC 40415.852: [ParNew: 447840K->49339K(471872K), 0.0961590 secs] 7960939K->7562438K(11361088K), 0.0965220 secs] [Times: user=0.63 sys=0.00, real=0.09 secs] 
40416.982: [GC 40416.982: [ParNew: 468795K->52416K(471872K), 0.2198840 secs] 7981894K->7602801K(11361088K), 0.2203570 secs] [Times: user=1.30 sys=0.03, real=0.23 secs] 
40418.061: [GC 40418.061: [ParNew: 471872K->52416K(471872K), 0.1898930 secs] 8022257K->7625615K(11361088K), 0.1902960 secs] [Times: user=1.09 sys=0.01, real=0.19 secs] 
40419.189: [GC 40419.190: [ParNew: 471872K->52416K(471872K), 0.2115000 secs] 8045071K->7674787K(11361088K), 0.2119460 secs] [Times: user=0.70 sys=0.03, real=0.21 secs] 
40420.670: [GC 40420.670: [ParNew: 471872K->52416K(471872K), 0.1614980 secs] 8094243K->7679179K(11361088K), 0.1618820 secs] [Times: user=0.78 sys=0.00, real=0.16 secs] 
40422.085: [GC 40422.085: [ParNew: 471856K->50202K(471872K), 0.2460800 secs] 8098619K->7695036K(11361088K), 0.2465070 secs] [Times: user=2.41 sys=0.02, real=0.24 secs] 
40423.974: [GC 40423.974: [ParNew: 469658K->46186K(471872K), 0.0675720 secs] 8114492K->7697845K(11361088K), 0.0681150 secs] [Times: user=0.66 sys=0.01, real=0.06 secs] 
40425.725: [GC 40425.725: [ParNew: 465642K->52416K(471872K), 0.1921600 secs] 8117301K->7742247K(11361088K), 0.1926000 secs] [Times: user=0.67 sys=0.02, real=0.19 secs] 
40426.626: [GC 40426.627: [ParNew: 471872K->52416K(471872K), 0.1606880 secs] 8161703K->7774339K(11361088K), 0.1611040 secs] [Times: user=0.72 sys=0.02, real=0.16 secs] 
40427.701: [GC 40427.701: [ParNew: 471872K->52416K(471872K), 0.1864080 secs] 8193795K->7805936K(11361088K), 0.1869190 secs] [Times: user=1.34 sys=0.05, real=0.19 secs] 
40429.721: [GC 40429.721: [ParNew: 471872K->52416K(471872K), 0.2719300 secs] 8225392K->7859339K(11361088K), 0.2723800 secs] [Times: user=0.96 sys=0.06, real=0.27 secs] 
40431.616: [GC 40431.616: [ParNew: 471872K->52416K(471872K), 0.1608850 secs] 8278795K->7893231K(11361088K), 0.1613330 secs] [Times: user=0.86 sys=0.02, real=0.16 secs] 
40432.923: [GC 40432.923: [ParNew: 471800K->52415K(471872K), 0.2351730 secs] 8312616K->7945377K(11361088K), 0.2355930 secs] [Times: user=0.70 sys=0.03, real=0.24 secs] 
40434.376: [GC 40434.376: [ParNew: 471871K->29544K(471872K), 0.0931800 secs] 8364833K->7922505K(11361088K), 0.0936070 secs] [Times: user=0.62 sys=0.00, real=0.09 secs] 
40436.150: [GC 40436.150: [ParNew: 449000K->52416K(471872K), 0.1325430 secs] 8341961K->7956720K(11361088K), 0.1330330 secs] [Times: user=0.63 sys=0.00, real=0.13 secs] 
40437.582: [GC 40437.582: [ParNew: 471872K->52416K(471872K), 0.2973340 secs] 8376176K->8009210K(11361088K), 0.2977950 secs] [Times: user=0.79 sys=0.02, real=0.30 secs] 
40439.385: [GC 40439.385: [ParNew: 471872K->49189K(471872K), 0.2150670 secs] 8428666K->8031540K(11361088K), 0.2154980 secs] [Times: user=0.63 sys=0.01, real=0.21 secs] 
40440.369: [GC 40440.369: [ParNew: 468645K->42776K(471872K), 0.1416620 secs] 8450996K->8045853K(11361088K), 0.1420500 secs] [Times: user=1.22 sys=0.02, real=0.14 secs] 
40443.114: [GC 40443.115: [ParNew: 462232K->35268K(471872K), 0.2432010 secs] 8465309K->8060516K(11361088K), 0.2436620 secs] [Times: user=1.51 sys=0.02, real=0.25 secs] 
40447.212: [GC 40447.212: [ParNew: 454724K->52415K(471872K), 0.0788730 secs] 8479972K->8078863K(11361088K), 0.0793410 secs] [Times: user=0.68 sys=0.00, real=0.08 secs] 
40450.396: [GC 40450.396: [ParNew: 471827K->38578K(471872K), 0.1763830 secs] 8498275K->8108190K(11361088K), 0.1767820 secs] [Times: user=0.56 sys=0.01, real=0.17 secs] 
40451.567: [GC 40451.568: [ParNew: 458034K->52416K(471872K), 0.1310200 secs] 8527646K->8136719K(11361088K), 0.1314360 secs] [Times: user=0.73 sys=0.01, real=0.13 secs] 
40452.576: [GC 40452.576: [ParNew: 471872K->46956K(471872K), 0.2689510 secs] 8556175K->8183018K(11361088K), 0.2693570 secs] [Times: user=0.82 sys=0.01, real=0.27 secs] 
40453.697: [GC 40453.697: [ParNew: 466412K->52416K(471872K), 0.0980940 secs] 8602474K->8194970K(11361088K), 0.0985870 secs] [Times: user=0.69 sys=0.01, real=0.10 secs] 
40454.673: [GC 40454.674: [ParNew: 471872K->50846K(471872K), 0.1701090 secs] 8614426K->8244833K(11361088K), 0.1705520 secs] [Times: user=0.92 sys=0.07, real=0.17 secs] 
40455.455: [GC 40455.456: [ParNew: 470302K->46886K(471872K), 0.0861270 secs] 8664289K->8240872K(11361088K), 0.0866080 secs] [Times: user=0.70 sys=0.01, real=0.09 secs] 
40456.043: [GC 40456.043: [ParNew: 466342K->52415K(471872K), 0.1405760 secs] 8660328K->8266796K(11361088K), 0.1411100 secs] [Times: user=0.65 sys=0.04, real=0.14 secs] 
40456.938: [GC 40456.938: [ParNew: 471871K->52416K(471872K), 0.1652790 secs] 8686252K->8290470K(11361088K), 0.1656560 secs] [Times: user=0.76 sys=0.03, real=0.16 secs] 
40459.471: [GC 40459.471: [ParNew: 471872K->52416K(471872K), 0.2798090 secs] 8709926K->8345857K(11361088K), 0.2802770 secs] [Times: user=1.08 sys=0.07, real=0.28 secs] 
40462.035: [GC 40462.035: [ParNew: 471872K->52416K(471872K), 0.3358590 secs] 8765313K->8395432K(11361088K), 0.3363350 secs] [Times: user=1.41 sys=0.07, real=0.34 secs] 
40463.459: [GC 40463.459: [ParNew: 471872K->48423K(471872K), 0.1304420 secs] 8814888K->8420587K(11361088K), 0.1309370 secs] [Times: user=0.84 sys=0.04, real=0.13 secs] 
40464.488: [GC 40464.488: [ParNew: 467879K->52416K(471872K), 0.1340390 secs] 8840043K->8456298K(11361088K), 0.1344390 secs] [Times: user=0.75 sys=0.02, real=0.13 secs] 
40468.264: [GC 40468.265: [ParNew: 471872K->36447K(471872K), 0.1378540 secs] 8875754K->8473382K(11361088K), 0.1382440 secs] [Times: user=0.84 sys=0.05, real=0.14 secs] 
40469.825: [GC 40469.826: [ParNew: 455903K->36729K(471872K), 0.1133430 secs] 8892838K->8473663K(11361088K), 0.1138220 secs] [Times: user=0.73 sys=0.01, real=0.12 secs] 
40472.207: [GC 40472.207: [ParNew: 456185K->22704K(471872K), 0.0914060 secs] 8893119K->8467222K(11361088K), 0.0919310 secs] [Times: user=0.72 sys=0.01, real=0.10 secs] 
40474.639: [GC 40474.639: [ParNew: 442160K->49393K(471872K), 0.0815570 secs] 8886678K->8493911K(11361088K), 0.0820150 secs] [Times: user=0.77 sys=0.00, real=0.08 secs] 
40476.514: [GC 40476.514: [ParNew: 468657K->52416K(471872K), 0.1027070 secs] 8913175K->8518026K(11361088K), 0.1032170 secs] [Times: user=0.87 sys=0.02, real=0.10 secs] 
40478.337: [GC 40478.337: [ParNew: 471872K->52416K(471872K), 0.2753500 secs] 8937482K->8564997K(11361088K), 0.2757870 secs] [Times: user=0.75 sys=0.03, real=0.28 secs] 
40480.212: [GC 40480.212: [ParNew: 471872K->25596K(471872K), 0.0607630 secs] 8984453K->8538178K(11361088K), 0.0612500 secs] [Times: user=0.62 sys=0.00, real=0.06 secs] 
40481.882: [GC 40481.882: [ParNew: 445052K->35965K(471872K), 0.0653000 secs] 8957634K->8548547K(11361088K), 0.0658280 secs] [Times: user=0.69 sys=0.00, real=0.06 secs] 
40483.855: [GC 40483.855: [ParNew: 455421K->52416K(471872K), 0.3309030 secs] 8968003K->8587928K(11361088K), 0.3317850 secs] [Times: user=0.78 sys=0.01, real=0.33 secs] 
40486.372: [GC 40486.373: [ParNew: 471872K->52416K(471872K), 0.2019630 secs] 9007384K->8640369K(11361088K), 0.2024790 secs] [Times: user=0.89 sys=0.06, real=0.20 secs] 
40487.643: [GC 40487.644: [ParNew: 471872K->38003K(471872K), 0.1132600 secs] 9059825K->8658795K(11361088K), 0.1137550 secs] [Times: user=0.64 sys=0.01, real=0.11 secs] 
40488.888: [GC 40488.889: [ParNew: 457459K->47463K(471872K), 0.1262420 secs] 9078251K->8668256K(11361088K), 0.1268520 secs] [Times: user=0.65 sys=0.00, real=0.13 secs] 
40489.809: [GC 40489.809: [ParNew: 466919K->52416K(471872K), 0.1150370 secs] 9087712K->8690042K(11361088K), 0.1154610 secs] [Times: user=0.75 sys=0.01, real=0.12 secs] 
40490.548: [GC 40490.549: [ParNew: 471872K->52416K(471872K), 0.1964710 secs] 9109498K->8740140K(11361088K), 0.1968900 secs] [Times: user=0.72 sys=0.05, real=0.20 secs] 
40491.353: [GC 40491.354: [ParNew: 471872K->52415K(471872K), 0.1625340 secs] 9159596K->8740525K(11361088K), 0.1630680 secs] [Times: user=1.94 sys=0.01, real=0.16 secs] 
40492.432: [GC 40492.432: [ParNew: 471871K->41361K(471872K), 0.2166180 secs] 9159981K->8768356K(11361088K), 0.2171300 secs] [Times: user=1.86 sys=0.06, real=0.22 secs] 
40493.643: [GC 40493.643: [ParNew: 460817K->51134K(471872K), 0.0784680 secs] 9187812K->8778130K(11361088K), 0.0789310 secs] [Times: user=0.73 sys=0.01, real=0.08 secs] 
40496.161: [GC 40496.161: [ParNew: 470590K->52416K(471872K), 0.2293530 secs] 9197586K->8819346K(11361088K), 0.2298130 secs] [Times: user=1.60 sys=0.05, real=0.23 secs] 
40497.808: [GC 40497.808: [ParNew: 471872K->52416K(471872K), 0.3318180 secs] 9238802K->8885724K(11361088K), 0.3322730 secs] [Times: user=0.85 sys=0.05, real=0.34 secs] 
40499.147: [GC 40499.147: [ParNew (promotion failed): 471872K->471872K(471872K), 2.5249140 secs]40501.672: [CMS: 8841610K->7019958K(10889216K), 30.4361010 secs] 9305180K->7019958K(11361088K), [CMS Perm : 408583K->408466K(524288K)], 32.9615760 secs] [Times: user=33.21 sys=1.50, real=32.96 secs] 
40532.702: [GC 40532.702: [ParNew: 419456K->52416K(471872K), 0.1307390 secs] 7439414K->7091410K(11361088K), 0.1312450 secs] [Times: user=0.90 sys=0.02, real=0.14 secs] 
40533.931: [GC 40533.931: [ParNew: 471872K->52416K(471872K), 0.2497590 secs] 7510866K->7147237K(11361088K), 0.2502040 secs] [Times: user=0.74 sys=0.07, real=0.25 secs] 
40535.861: [GC 40535.861: [ParNew: 471872K->33440K(471872K), 0.0900870 secs] 7566693K->7128261K(11361088K), 0.0906480 secs] [Times: user=0.57 sys=0.01, real=0.09 secs] 
40537.940: [GC 40537.940: [ParNew: 452896K->34530K(471872K), 0.0649350 secs] 7547717K->7129351K(11361088K), 0.0654040 secs] [Times: user=0.61 sys=0.00, real=0.07 secs] 
40539.777: [GC 40539.777: [ParNew: 453986K->52411K(471872K), 0.0754200 secs] 7548807K->7155676K(11361088K), 0.0758740 secs] [Times: user=0.67 sys=0.01, real=0.07 secs] 
40541.541: [GC 40541.542: [ParNew: 471637K->50926K(471872K), 0.1146950 secs] 7574901K->7172523K(11361088K), 0.1152400 secs] [Times: user=0.52 sys=0.01, real=0.12 secs] 
40544.630: [GC 40544.630: [ParNew: 470382K->34354K(471872K), 0.1615720 secs] 7591979K->7183161K(11361088K), 0.1620570 secs] [Times: user=0.55 sys=0.02, real=0.16 secs] 
40546.273: [GC 40546.273: [ParNew: 453810K->49992K(471872K), 0.0727600 secs] 7602617K->7198799K(11361088K), 0.0732520 secs] [Times: user=0.61 sys=0.01, real=0.08 secs] 
40548.136: [GC 40548.136: [ParNew: 469448K->32732K(471872K), 0.1828050 secs] 7618255K->7218551K(11361088K), 0.1833770 secs] [Times: user=0.57 sys=0.01, real=0.18 secs] 
40551.655: [GC 40551.655: [ParNew: 452188K->32186K(471872K), 0.0801060 secs] 7638007K->7218004K(11361088K), 0.0805400 secs] [Times: user=0.55 sys=0.00, real=0.09 secs] 
40552.750: [GC 40552.751: [ParNew: 451642K->52416K(471872K), 0.1743860 secs] 7637460K->7246299K(11361088K), 0.1748740 secs] [Times: user=0.74 sys=0.01, real=0.18 secs] 
40554.152: [GC 40554.152: [ParNew: 471872K->52416K(471872K), 0.2078690 secs] 7665755K->7294799K(11361088K), 0.2083900 secs] [Times: user=0.77 sys=0.03, real=0.21 secs] 
40556.953: [GC 40556.953: [ParNew: 471872K->52416K(471872K), 0.2634060 secs] 7714255K->7344402K(11361088K), 0.2638880 secs] [Times: user=0.84 sys=0.04, real=0.27 secs] 
40558.621: [GC 40558.621: [ParNew: 471872K->52416K(471872K), 0.2399310 secs] 7763858K->7381058K(11361088K), 0.2403830 secs] [Times: user=0.74 sys=0.01, real=0.24 secs] 
40560.656: [GC 40560.656: [ParNew: 471872K->37387K(471872K), 0.2396140 secs] 7800514K->7393034K(11361088K), 0.2400670 secs] [Times: user=0.65 sys=0.01, real=0.23 secs] 
40563.517: [GC 40563.518: [ParNew: 456635K->52416K(471872K), 0.1682820 secs] 7812282K->7413832K(11361088K), 0.1687030 secs] [Times: user=0.75 sys=0.00, real=0.16 secs] 
40565.044: [GC 40565.044: [ParNew: 471872K->52416K(471872K), 0.3103640 secs] 7833288K->7464680K(11361088K), 0.3108430 secs] [Times: user=0.81 sys=0.02, real=0.31 secs] 
40566.765: [GC 40566.765: [ParNew: 471872K->45923K(471872K), 0.1398700 secs] 7884136K->7485773K(11361088K), 0.1403280 secs] [Times: user=0.70 sys=0.01, real=0.14 secs] 
40568.716: [GC 40568.717: [ParNew: 465379K->34081K(471872K), 0.1470200 secs] 7905229K->7502702K(11361088K), 0.1474110 secs] [Times: user=0.52 sys=0.03, real=0.15 secs] 
40570.646: [GC 40570.647: [ParNew: 453537K->52415K(471872K), 0.0893600 secs] 7922158K->7521085K(11361088K), 0.0898130 secs] [Times: user=0.71 sys=0.00, real=0.09 secs] 
40572.105: [GC 40572.105: [ParNew: 471871K->52416K(471872K), 0.1833090 secs] 7940797K->7563174K(11361088K), 0.1837290 secs] [Times: user=0.63 sys=0.01, real=0.19 secs] 
40573.935: [GC 40573.935: [ParNew: 471872K->51689K(471872K), 0.1123850 secs] 7982630K->7589646K(11361088K), 0.1127780 secs] [Times: user=0.61 sys=0.03, real=0.12 secs] 
40575.774: [GC 40575.774: [ParNew: 471145K->32648K(471872K), 0.0786080 secs] 8009102K->7597537K(11361088K), 0.0790650 secs] [Times: user=0.55 sys=0.02, real=0.08 secs] 
40577.576: [GC 40577.576: [ParNew: 452104K->52416K(471872K), 0.1381690 secs] 8016993K->7621461K(11361088K), 0.1386270 secs] [Times: user=0.80 sys=0.00, real=0.14 secs] 
40581.380: [GC 40581.380: [ParNew: 471872K->52416K(471872K), 0.1943920 secs] 8040917K->7649599K(11361088K), 0.1948340 secs] [Times: user=0.73 sys=0.02, real=0.19 secs] 
40584.392: [GC 40584.392: [ParNew: 471842K->48566K(471872K), 0.1172530 secs] 8069025K->7673698K(11361088K), 0.1177470 secs] [Times: user=0.68 sys=0.03, real=0.12 secs] 
40585.937: [GC 40585.937: [ParNew: 468022K->50112K(471872K), 0.1443580 secs] 8093154K->7704066K(11361088K), 0.1447930 secs] [Times: user=0.63 sys=0.02, real=0.15 secs] 
40587.284: [GC 40587.284: [ParNew: 469568K->40089K(471872K), 0.1301810 secs] 8123522K->7720224K(11361088K), 0.1305740 secs] [Times: user=0.57 sys=0.01, real=0.13 secs] 
40588.826: [GC 40588.827: [ParNew: 459545K->52416K(471872K), 0.2513360 secs] 8139680K->7757190K(11361088K), 0.2520910 secs] [Times: user=1.05 sys=0.01, real=0.25 secs] 
40590.541: [GC 40590.542: [ParNew: 471872K->52415K(471872K), 0.3632130 secs] 8176646K->7810137K(11361088K), 0.3637670 secs] [Times: user=0.84 sys=0.01, real=0.36 secs] 
40591.723: [GC 40591.723: [ParNew: 471871K->52416K(471872K), 0.1489180 secs] 8229593K->7846682K(11361088K), 0.1493010 secs] [Times: user=0.82 sys=0.05, real=0.15 secs] 
40593.009: [GC 40593.009: [ParNew: 471872K->52416K(471872K), 0.1965580 secs] 8266138K->7895093K(11361088K), 0.1970010 secs] [Times: user=0.80 sys=0.05, real=0.20 secs] 
40594.046: [GC 40594.046: [ParNew: 471872K->52416K(471872K), 0.3597120 secs] 8314549K->7959022K(11361088K), 0.3602180 secs] [Times: user=1.20 sys=0.02, real=0.36 secs] 
40595.062: [GC 40595.063: [ParNew: 471872K->52416K(471872K), 0.2572560 secs] 8378478K->8011108K(11361088K), 0.2576590 secs] [Times: user=0.78 sys=0.03, real=0.26 secs] 
40596.275: [GC 40596.275: [ParNew: 471872K->52416K(471872K), 0.2370280 secs] 8430564K->8046406K(11361088K), 0.2375190 secs] [Times: user=0.79 sys=0.04, real=0.24 secs] 
40597.381: [GC 40597.381: [ParNew: 471872K->52416K(471872K), 0.2029080 secs] 8465862K->8079431K(11361088K), 0.2033420 secs] [Times: user=0.63 sys=0.01, real=0.20 secs] 
40598.920: [GC 40598.921: [ParNew: 471689K->52416K(471872K), 0.2381850 secs] 8498705K->8125667K(11361088K), 0.2386530 secs] [Times: user=0.90 sys=0.04, real=0.23 secs] 
40602.169: [GC 40602.169: [ParNew: 471872K->52416K(471872K), 0.5221860 secs] 8545123K->8186058K(11361088K), 0.5227120 secs] [Times: user=2.09 sys=0.02, real=0.53 secs] 
40606.060: [GC 40606.060: [ParNew: 471872K->52416K(471872K), 0.5858340 secs] 8605514K->8242532K(11361088K), 0.5862770 secs] [Times: user=3.77 sys=0.05, real=0.59 secs] 
40609.492: [GC 40609.492: [ParNew: 471872K->43510K(471872K), 0.3309170 secs] 8661988K->8241669K(11361088K), 0.3313040 secs] [Times: user=3.32 sys=0.01, real=0.33 secs] 
40622.599: [GC 40622.600: [ParNew: 462966K->42573K(471872K), 0.2344140 secs] 8661125K->8248591K(11361088K), 0.2349280 secs] [Times: user=2.25 sys=0.01, real=0.24 secs] 
40635.985: [GC 40635.986: [ParNew: 462029K->40846K(471872K), 0.1579400 secs] 8668047K->8266666K(11361088K), 0.1584300 secs] [Times: user=1.24 sys=0.02, real=0.16 secs] 
40637.877: [GC 40637.877: [ParNew: 460554K->52416K(471872K), 0.3050870 secs] 8686373K->8309710K(11361088K), 0.3055640 secs] [Times: user=2.05 sys=0.02, real=0.30 secs] 
40638.860: [GC 40638.861: [ParNew: 471872K->52416K(471872K), 0.1242040 secs] 8729166K->8324744K(11361088K), 0.1246670 secs] [Times: user=0.84 sys=0.01, real=0.13 secs] 
40640.092: [GC 40640.092: [ParNew: 471872K->52416K(471872K), 0.2881830 secs] 8744200K->8375401K(11361088K), 0.2886340 secs] [Times: user=1.49 sys=0.04, real=0.29 secs] 
40640.896: [GC 40640.896: [ParNew: 471872K->52416K(471872K), 0.2136720 secs] 8794857K->8414464K(11361088K), 0.2140980 secs] [Times: user=1.00 sys=0.06, real=0.21 secs] 
40641.789: [GC 40641.789: [ParNew: 471872K->52415K(471872K), 0.2055660 secs] 8833920K->8462417K(11361088K), 0.2059750 secs] [Times: user=0.65 sys=0.03, real=0.21 secs] 
40642.668: [GC 40642.668: [ParNew: 471871K->39555K(471872K), 0.0821810 secs] 8881873K->8449557K(11361088K), 0.0825700 secs] [Times: user=0.76 sys=0.00, real=0.08 secs] 
40643.292: [GC 40643.292: [ParNew: 459011K->50230K(471872K), 0.0979260 secs] 8869013K->8473996K(11361088K), 0.0984970 secs] [Times: user=0.57 sys=0.01, real=0.10 secs] 
40643.783: [GC 40643.783: [ParNew: 469686K->52416K(471872K), 0.1345270 secs] 8893452K->8493258K(11361088K), 0.1349390 secs] [Times: user=0.67 sys=0.01, real=0.14 secs] 
40644.416: [GC 40644.416: [ParNew: 471872K->52416K(471872K), 0.0991790 secs] 8912714K->8512537K(11361088K), 0.0995690 secs] [Times: user=0.60 sys=0.02, real=0.10 secs] 
40645.083: [GC 40645.083: [ParNew: 471872K->52416K(471872K), 0.1333920 secs] 8931993K->8530543K(11361088K), 0.1338400 secs] [Times: user=0.62 sys=0.01, real=0.14 secs] 
40645.824: [GC 40645.824: [ParNew: 471872K->52416K(471872K), 0.0823960 secs] 8949999K->8545889K(11361088K), 0.0828280 secs] [Times: user=0.62 sys=0.02, real=0.09 secs] 
40646.432: [GC 40646.433: [ParNew: 471689K->52416K(471872K), 0.0845400 secs] 8965162K->8561564K(11361088K), 0.0850230 secs] [Times: user=0.66 sys=0.01, real=0.09 secs] 
40647.000: [GC 40647.001: [ParNew: 471872K->52416K(471872K), 0.1414460 secs] 8981020K->8579092K(11361088K), 0.1418920 secs] [Times: user=0.66 sys=0.00, real=0.14 secs] 
40647.566: [GC 40647.566: [ParNew: 471868K->52416K(471872K), 0.1208330 secs] 8998545K->8602934K(11361088K), 0.1212330 secs] [Times: user=0.74 sys=0.02, real=0.12 secs] 
40648.037: [GC 40648.037: [ParNew: 471872K->52416K(471872K), 0.2186150 secs] 9022390K->8654167K(11361088K), 0.2190870 secs] [Times: user=0.70 sys=0.02, real=0.22 secs] 
40648.821: [GC 40648.821: [ParNew: 471872K->45608K(471872K), 0.1059260 secs] 9073623K->8677208K(11361088K), 0.1063260 secs] [Times: user=0.72 sys=0.05, real=0.11 secs] 
40649.723: [GC 40649.723: [ParNew: 465064K->52230K(471872K), 0.1176050 secs] 9096664K->8707903K(11361088K), 0.1180360 secs] [Times: user=0.68 sys=0.05, real=0.12 secs] 
40651.209: [GC 40651.210: [ParNew (promotion failed): 471686K->461895K(471872K), 1.2089490 secs]40652.419: [CMS: 8671698K->7258615K(10889216K), 29.1088390 secs] 9127359K->7258615K(11361088K), [CMS Perm : 409563K->409387K(524288K)], 30.3183130 secs] [Times: user=30.54 sys=0.67, real=30.31 secs] 
40682.417: [GC 40682.417: [ParNew: 419250K->52416K(471872K), 0.1204970 secs] 7677866K->7319211K(11361088K), 0.1209530 secs] [Times: user=0.81 sys=0.01, real=0.12 secs] 
40683.580: [GC 40683.580: [ParNew: 471872K->48858K(471872K), 0.1650360 secs] 7738667K->7362511K(11361088K), 0.1654280 secs] [Times: user=0.67 sys=0.06, real=0.16 secs] 
40684.710: [GC 40684.710: [ParNew: 468314K->52416K(471872K), 0.1177020 secs] 7781967K->7373454K(11361088K), 0.1180820 secs] [Times: user=0.84 sys=0.01, real=0.11 secs] 
40685.805: [GC 40685.806: [ParNew: 471872K->52416K(471872K), 0.2502830 secs] 7792910K->7439041K(11361088K), 0.2508470 secs] [Times: user=1.01 sys=0.08, real=0.25 secs] 
40687.303: [GC 40687.303: [ParNew: 471872K->52416K(471872K), 0.2608210 secs] 7858497K->7486347K(11361088K), 0.2612210 secs] [Times: user=1.18 sys=0.07, real=0.26 secs] 
40688.354: [GC 40688.354: [ParNew: 471805K->52416K(471872K), 0.1992960 secs] 7905736K->7528756K(11361088K), 0.1996800 secs] [Times: user=0.94 sys=0.06, real=0.20 secs] 
40689.570: [GC 40689.571: [ParNew: 471872K->52416K(471872K), 0.2773260 secs] 7948212K->7599828K(11361088K), 0.2777370 secs] [Times: user=1.31 sys=0.09, real=0.27 secs] 
40690.996: [GC 40690.996: [ParNew: 471685K->52416K(471872K), 0.2746380 secs] 8019097K->7657147K(11361088K), 0.2750240 secs] [Times: user=1.03 sys=0.07, real=0.28 secs] 
40692.480: [GC 40692.480: [ParNew: 471872K->52416K(471872K), 0.2318100 secs] 8076603K->7712351K(11361088K), 0.2322210 secs] [Times: user=0.95 sys=0.08, real=0.24 secs] 
40693.912: [GC 40693.912: [ParNew: 471872K->45942K(471872K), 0.1230170 secs] 8131807K->7731965K(11361088K), 0.1234030 secs] [Times: user=0.56 sys=0.05, real=0.12 secs] 
40695.246: [GC 40695.247: [ParNew: 465398K->38887K(471872K), 0.0902940 secs] 8151421K->7724910K(11361088K), 0.0906800 secs] [Times: user=0.63 sys=0.00, real=0.09 secs] 
40697.372: [GC 40697.372: [ParNew: 458343K->30331K(471872K), 0.0904550 secs] 8144366K->7724996K(11361088K), 0.0909540 secs] [Times: user=0.70 sys=0.01, real=0.09 secs] 
40699.835: [GC 40699.835: [ParNew: 449787K->37301K(471872K), 0.0617870 secs] 8144452K->7731967K(11361088K), 0.0621670 secs] [Times: user=0.63 sys=0.01, real=0.06 secs] 
40702.345: [GC 40702.346: [ParNew: 456757K->40613K(471872K), 0.0753700 secs] 8151423K->7742848K(11361088K), 0.0758200 secs] [Times: user=0.70 sys=0.00, real=0.08 secs] 
40704.513: [GC 40704.513: [ParNew: 460069K->33933K(471872K), 0.0677050 secs] 8162304K->7740932K(11361088K), 0.0681500 secs] [Times: user=0.65 sys=0.01, real=0.07 secs] 
40706.673: [GC 40706.673: [ParNew: 453389K->52416K(471872K), 0.1258940 secs] 8160388K->7780703K(11361088K), 0.1263570 secs] [Times: user=0.99 sys=0.02, real=0.12 secs] 
40708.814: [GC 40708.814: [ParNew: 471872K->52416K(471872K), 0.1699500 secs] 8200159K->7834850K(11361088K), 0.1703910 secs] [Times: user=1.11 sys=0.09, real=0.17 secs] 
40711.598: [GC 40711.599: [ParNew: 471872K->52416K(471872K), 0.7036590 secs] 8254306K->7903435K(11361088K), 0.7042220 secs] [Times: user=1.16 sys=0.01, real=0.71 secs] 
40713.503: [GC 40713.503: [ParNew: 471872K->52416K(471872K), 0.2382830 secs] 8322891K->7938630K(11361088K), 0.2388200 secs] [Times: user=0.83 sys=0.01, real=0.23 secs] 
40715.843: [GC 40715.843: [ParNew: 471872K->52416K(471872K), 0.1498560 secs] 8358086K->7984467K(11361088K), 0.1502910 secs] [Times: user=0.84 sys=0.07, real=0.15 secs] 
40717.105: [GC 40717.105: [ParNew: 471872K->52415K(471872K), 0.2018560 secs] 8403923K->8023186K(11361088K), 0.2022300 secs] [Times: user=0.79 sys=0.04, real=0.20 secs] 
40719.218: [GC 40719.218: [ParNew: 471871K->45164K(471872K), 0.4325970 secs] 8442642K->8038574K(11361088K), 0.4334690 secs] [Times: user=0.93 sys=0.00, real=0.43 secs] 
40720.425: [GC 40720.426: [ParNew: 464620K->52416K(471872K), 0.2040760 secs] 8458030K->8070455K(11361088K), 0.2046190 secs] [Times: user=0.77 sys=0.00, real=0.20 secs] 
40722.529: [GC 40722.530: [ParNew: 471872K->50117K(471872K), 0.2698190 secs] 8489911K->8111237K(11361088K), 0.2703650 secs] [Times: user=0.74 sys=0.02, real=0.27 secs] 
40725.598: [GC 40725.598: [ParNew: 469573K->52275K(471872K), 0.0784270 secs] 8530693K->8113395K(11361088K), 0.0788580 secs] [Times: user=0.72 sys=0.01, real=0.08 secs] 
40729.736: [GC 40729.736: [ParNew: 471731K->35322K(471872K), 0.1254790 secs] 8532851K->8133191K(11361088K), 0.1259410 secs] [Times: user=0.65 sys=0.04, real=0.12 secs] 
40731.042: [GC 40731.042: [ParNew: 454615K->52416K(471872K), 0.1986410 secs] 8552483K->8164939K(11361088K), 0.1991050 secs] [Times: user=1.69 sys=0.01, real=0.20 secs] 
40732.417: [GC 40732.418: [ParNew: 471872K->48607K(471872K), 0.1692230 secs] 8584395K->8199631K(11361088K), 0.1697560 secs] [Times: user=0.65 sys=0.05, real=0.17 secs] 
40733.696: [GC 40733.696: [ParNew: 468063K->52416K(471872K), 0.2069560 secs] 8619087K->8221320K(11361088K), 0.2073760 secs] [Times: user=1.57 sys=0.01, real=0.20 secs] 
40736.077: [GC 40736.077: [ParNew: 471872K->52416K(471872K), 0.1831260 secs] 8640776K->8272617K(11361088K), 0.1835860 secs] [Times: user=0.96 sys=0.07, real=0.18 secs] 
40737.697: [GC 40737.697: [ParNew: 471872K->52416K(471872K), 0.1211980 secs] 8692073K->8302843K(11361088K), 0.1216650 secs] [Times: user=0.78 sys=0.04, real=0.12 secs] 
40740.804: [GC 40740.804: [ParNew: 471872K->50578K(471872K), 0.1870990 secs] 8722299K->8341051K(11361088K), 0.1875640 secs] [Times: user=0.81 sys=0.05, real=0.19 secs] 
40742.036: [GC 40742.036: [ParNew: 470034K->50654K(471872K), 0.3667270 secs] 8760507K->8341126K(11361088K), 0.3671220 secs] [Times: user=4.07 sys=0.01, real=0.36 secs] 
40743.622: [GC 40743.623: [ParNew: 470110K->37271K(471872K), 0.0995450 secs] 8760582K->8343670K(11361088K), 0.0999310 secs] [Times: user=0.52 sys=0.01, real=0.10 secs] 
40745.581: [GC 40745.581: [ParNew: 456607K->22347K(471872K), 0.0784660 secs] 8763006K->8328746K(11361088K), 0.0788750 secs] [Times: user=0.61 sys=0.00, real=0.08 secs] 
40747.204: [GC 40747.205: [ParNew: 441803K->52416K(471872K), 0.0851340 secs] 8748202K->8364698K(11361088K), 0.0855170 secs] [Times: user=0.75 sys=0.01, real=0.09 secs] 
40749.482: [GC 40749.482: [ParNew: 471872K->48725K(471872K), 0.1418510 secs] 8784154K->8391014K(11361088K), 0.1422880 secs] [Times: user=0.57 sys=0.02, real=0.14 secs] 
40750.886: [GC 40750.886: [ParNew: 468181K->48687K(471872K), 0.0706390 secs] 8810470K->8390977K(11361088K), 0.0710680 secs] [Times: user=0.69 sys=0.00, real=0.07 secs] 
40752.425: [GC 40752.425: [ParNew: 468139K->41707K(471872K), 0.1837570 secs] 8810429K->8417683K(11361088K), 0.1842480 secs] [Times: user=0.64 sys=0.02, real=0.19 secs] 
40755.857: [GC 40755.857: [ParNew: 461163K->51847K(471872K), 0.1463790 secs] 8837139K->8427823K(11361088K), 0.1468510 secs] [Times: user=0.74 sys=0.01, real=0.14 secs] 
40757.687: [GC 40757.688: [ParNew: 471303K->37074K(471872K), 0.1481780 secs] 8847279K->8434142K(11361088K), 0.1486160 secs] [Times: user=0.60 sys=0.02, real=0.15 secs] 
40760.693: [GC 40760.693: [ParNew: 456530K->30158K(471872K), 0.0657420 secs] 8853598K->8427227K(11361088K), 0.0662460 secs] [Times: user=0.60 sys=0.00, real=0.07 secs] 
40761.960: [GC 40761.961: [ParNew: 449614K->46490K(471872K), 0.0700240 secs] 8846683K->8448328K(11361088K), 0.0704150 secs] [Times: user=0.71 sys=0.00, real=0.07 secs] 
40763.268: [GC 40763.268: [ParNew: 465946K->50252K(471872K), 0.0964320 secs] 8867784K->8467579K(11361088K), 0.0968060 secs] [Times: user=0.66 sys=0.02, real=0.09 secs] 
40765.968: [GC 40765.968: [ParNew: 469708K->45843K(471872K), 0.1108850 secs] 8887035K->8479818K(11361088K), 0.1113790 secs] [Times: user=1.03 sys=0.04, real=0.11 secs] 
40767.290: [GC 40767.290: [ParNew: 465299K->48323K(471872K), 0.1691770 secs] 8899274K->8489010K(11361088K), 0.1696530 secs] [Times: user=1.73 sys=0.01, real=0.17 secs] 
40768.279: [GC 40768.279: [ParNew: 467779K->52416K(471872K), 0.0853740 secs] 8908466K->8507180K(11361088K), 0.0858360 secs] [Times: user=0.76 sys=0.01, real=0.08 secs] 
40771.510: [GC 40771.510: [ParNew: 471872K->52416K(471872K), 0.2933160 secs] 8926636K->8560853K(11361088K), 0.2937260 secs] [Times: user=0.76 sys=0.03, real=0.29 secs] 
40773.689: [GC 40773.689: [ParNew: 471872K->45083K(471872K), 0.0749910 secs] 8980309K->8553521K(11361088K), 0.0754580 secs] [Times: user=0.69 sys=0.01, real=0.07 secs] 
40774.721: [GC 40774.721: [ParNew: 464539K->52416K(471872K), 0.1611500 secs] 8972977K->8584063K(11361088K), 0.1615440 secs] [Times: user=0.81 sys=0.03, real=0.16 secs] 
40776.460: [GC 40776.460: [ParNew: 471740K->52415K(471872K), 0.1940340 secs] 9003387K->8608879K(11361088K), 0.1944070 secs] [Times: user=0.78 sys=0.01, real=0.19 secs] 
40777.395: [GC 40777.395: [ParNew: 471871K->52416K(471872K), 0.2007180 secs] 9028335K->8641095K(11361088K), 0.2012080 secs] [Times: user=1.03 sys=0.03, real=0.20 secs] 
40778.928: [GC 40778.928: [ParNew: 471872K->47239K(471872K), 0.2147640 secs] 9060551K->8682323K(11361088K), 0.2152830 secs] [Times: user=0.71 sys=0.03, real=0.22 secs] 
40780.743: [GC 40780.743: [ParNew: 466621K->37118K(471872K), 0.0635600 secs] 9101705K->8672201K(11361088K), 0.0639500 secs] [Times: user=0.63 sys=0.00, real=0.06 secs] 
40781.466: [GC 40781.466: [ParNew: 456574K->49207K(471872K), 0.0754390 secs] 9091657K->8692545K(11361088K), 0.0758360 secs] [Times: user=0.55 sys=0.01, real=0.08 secs] 
40782.612: [GC 40782.613: [ParNew: 468663K->31932K(471872K), 0.0925990 secs] 9112001K->8702529K(11361088K), 0.0930360 secs] [Times: user=0.60 sys=0.04, real=0.09 secs] 
40785.204: [GC 40785.205: [ParNew: 451388K->50445K(471872K), 0.0622540 secs] 9121985K->8721041K(11361088K), 0.0626280 secs] [Times: user=0.72 sys=0.01, real=0.06 secs] 
40787.642: [GC 40787.643: [ParNew: 469901K->52416K(471872K), 0.1619410 secs] 9140497K->8770150K(11361088K), 0.1624220 secs] [Times: user=1.00 sys=0.05, real=0.16 secs] 
40788.580: [GC 40788.580: [ParNew: 471872K->52416K(471872K), 0.2372800 secs] 9189606K->8829977K(11361088K), 0.2376630 secs] [Times: user=1.13 sys=0.07, real=0.23 secs] 
40789.579: [GC 40789.580: [ParNew (promotion failed): 471872K->471872K(471872K), 3.2213620 secs]40792.801: [CMS: 8788099K->7138301K(10889216K), 28.3581210 secs] 9249433K->7138301K(11361088K), [CMS Perm : 409717K->409591K(524288K)], 31.5800210 secs] [Times: user=31.60 sys=1.94, real=31.57 secs] 
40821.656: [GC 40821.656: [ParNew: 419456K->52416K(471872K), 0.0910830 secs] 7557757K->7193384K(11361088K), 0.0915100 secs] [Times: user=0.75 sys=0.00, real=0.09 secs] 
40822.272: [GC 40822.272: [ParNew: 471872K->41601K(471872K), 0.1576620 secs] 7612840K->7228688K(11361088K), 0.1580670 secs] [Times: user=0.70 sys=0.06, real=0.16 secs] 
40822.953: [GC 40822.953: [ParNew: 461057K->45655K(471872K), 0.0744440 secs] 7648144K->7232743K(11361088K), 0.0748450 secs] [Times: user=0.66 sys=0.01, real=0.07 secs] 
40823.755: [GC 40823.755: [ParNew: 465111K->52416K(471872K), 0.1779240 secs] 7652199K->7258234K(11361088K), 0.1783800 secs] [Times: user=0.70 sys=0.01, real=0.18 secs] 
40824.688: [GC 40824.688: [ParNew: 471872K->52416K(471872K), 0.1222240 secs] 7677690K->7278816K(11361088K), 0.1226250 secs] [Times: user=0.58 sys=0.02, real=0.12 secs] 
40825.509: [GC 40825.509: [ParNew: 471872K->52416K(471872K), 0.1190300 secs] 7698272K->7294765K(11361088K), 0.1195090 secs] [Times: user=0.55 sys=0.02, real=0.12 secs] 
40826.709: [GC 40826.709: [ParNew: 471872K->52416K(471872K), 0.1914100 secs] 7714221K->7321751K(11361088K), 0.1918530 secs] [Times: user=0.77 sys=0.02, real=0.19 secs] 
40827.594: [GC 40827.594: [ParNew: 471700K->52416K(471872K), 0.3709040 secs] 7741036K->7420901K(11361088K), 0.3713070 secs] [Times: user=1.41 sys=0.09, real=0.37 secs] 
40829.072: [GC 40829.072: [ParNew: 471872K->52416K(471872K), 0.2764260 secs] 7840357K->7488046K(11361088K), 0.2768300 secs] [Times: user=0.83 sys=0.02, real=0.28 secs] 
40830.509: [GC 40830.509: [ParNew: 471872K->52416K(471872K), 0.1906820 secs] 7907502K->7531235K(11361088K), 0.1910590 secs] [Times: user=0.82 sys=0.04, real=0.19 secs] 
40832.075: [GC 40832.075: [ParNew: 471872K->52415K(471872K), 0.1625140 secs] 7950691K->7565654K(11361088K), 0.1628930 secs] [Times: user=0.74 sys=0.05, real=0.16 secs] 
40833.517: [GC 40833.517: [ParNew: 471871K->47540K(471872K), 0.1207460 secs] 7985110K->7560779K(11361088K), 0.1211540 secs] [Times: user=0.68 sys=0.00, real=0.12 secs] 
40835.724: [GC 40835.724: [ParNew: 466996K->27374K(471872K), 0.0986840 secs] 7980235K->7553692K(11361088K), 0.0990750 secs] [Times: user=0.62 sys=0.01, real=0.10 secs] 
40838.966: [GC 40838.966: [ParNew: 446830K->34647K(471872K), 0.1033510 secs] 7973148K->7560965K(11361088K), 0.1037860 secs] [Times: user=0.64 sys=0.01, real=0.10 secs] 
40841.501: [GC 40841.501: [ParNew: 454103K->52415K(471872K), 0.1562190 secs] 7980421K->7587332K(11361088K), 0.1566470 secs] [Times: user=0.81 sys=0.01, real=0.16 secs] 
40844.755: [GC 40844.756: [ParNew: 471871K->49898K(471872K), 0.1819910 secs] 8006788K->7620432K(11361088K), 0.1824590 secs] [Times: user=0.74 sys=0.01, real=0.18 secs] 
40846.964: [GC 40846.964: [ParNew: 469233K->43928K(471872K), 0.0737740 secs] 8039768K->7619660K(11361088K), 0.0742010 secs] [Times: user=0.66 sys=0.01, real=0.08 secs] 
40849.397: [GC 40849.397: [ParNew: 463384K->31914K(471872K), 0.1282600 secs] 8039116K->7635416K(11361088K), 0.1287000 secs] [Times: user=0.54 sys=0.02, real=0.13 secs] 
40853.603: [GC 40853.603: [ParNew: 451370K->38116K(471872K), 0.1326570 secs] 8054872K->7641618K(11361088K), 0.1331060 secs] [Times: user=0.64 sys=0.00, real=0.14 secs] 
40855.718: [GC 40855.719: [ParNew: 457572K->17162K(471872K), 0.0849600 secs] 8061074K->7634027K(11361088K), 0.0853990 secs] [Times: user=0.63 sys=0.01, real=0.08 secs] 
40858.191: [GC 40858.191: [ParNew: 436618K->50682K(471872K), 0.1149430 secs] 8053483K->7667548K(11361088K), 0.1153720 secs] [Times: user=0.69 sys=0.01, real=0.12 secs] 
40860.640: [GC 40860.640: [ParNew: 470138K->33578K(471872K), 0.1551580 secs] 8087004K->7682147K(11361088K), 0.1556740 secs] [Times: user=0.66 sys=0.04, real=0.15 secs] 
40862.397: [GC 40862.397: [ParNew: 453034K->31714K(471872K), 0.0999210 secs] 8101603K->7680283K(11361088K), 0.1003720 secs] [Times: user=0.67 sys=0.00, real=0.10 secs] 
40863.662: [GC 40863.662: [ParNew: 451170K->52416K(471872K), 0.1799510 secs] 8099739K->7715767K(11361088K), 0.1803910 secs] [Times: user=1.31 sys=0.01, real=0.18 secs] 
40865.801: [GC 40865.801: [ParNew: 471872K->52416K(471872K), 0.4267730 secs] 8135223K->7770914K(11361088K), 0.4273720 secs] [Times: user=1.83 sys=0.03, real=0.43 secs] 
40867.620: [GC 40867.620: [ParNew: 471872K->47086K(471872K), 0.1349850 secs] 8190370K->7787620K(11361088K), 0.1354120 secs] [Times: user=0.70 sys=0.01, real=0.13 secs] 
40869.910: [GC 40869.910: [ParNew: 466542K->52416K(471872K), 0.6978750 secs] 8207076K->7830501K(11361088K), 0.6983690 secs] [Times: user=8.27 sys=0.04, real=0.70 secs] 
40872.360: [GC 40872.360: [ParNew: 471872K->52416K(471872K), 0.2836640 secs] 8249957K->7883101K(11361088K), 0.2840930 secs] [Times: user=0.86 sys=0.02, real=0.28 secs] 
40874.768: [GC 40874.768: [ParNew: 471861K->28084K(471872K), 0.1103700 secs] 8302547K->7886062K(11361088K), 0.1108010 secs] [Times: user=0.61 sys=0.03, real=0.11 secs] 
40877.775: [GC 40877.775: [ParNew: 447471K->23661K(471872K), 0.0705880 secs] 8305449K->7881639K(11361088K), 0.0711200 secs] [Times: user=0.60 sys=0.00, real=0.07 secs] 
40879.115: [GC 40879.115: [ParNew: 443117K->52416K(471872K), 0.0922760 secs] 8301095K->7924359K(11361088K), 0.0927040 secs] [Times: user=0.84 sys=0.01, real=0.09 secs] 
40880.301: [GC 40880.302: [ParNew: 471872K->52416K(471872K), 0.2427180 secs] 8343815K->7983949K(11361088K), 0.2431030 secs] [Times: user=0.81 sys=0.03, real=0.24 secs] 
40882.257: [GC 40882.257: [ParNew: 471872K->52416K(471872K), 0.2138470 secs] 8403405K->8028616K(11361088K), 0.2142960 secs] [Times: user=0.94 sys=0.04, real=0.22 secs] 
40883.412: [GC 40883.412: [ParNew: 471872K->41509K(471872K), 0.1208220 secs] 8448072K->8017710K(11361088K), 0.1212390 secs] [Times: user=1.34 sys=0.01, real=0.12 secs] 
40885.277: [GC 40885.278: [ParNew: 460965K->48556K(471872K), 0.3362580 secs] 8437166K->8037163K(11361088K), 0.3367060 secs] [Times: user=3.42 sys=0.01, real=0.34 secs] 
40887.831: [GC 40887.832: [ParNew: 468012K->52416K(471872K), 0.1519000 secs] 8456619K->8059974K(11361088K), 0.1523960 secs] [Times: user=0.84 sys=0.01, real=0.15 secs] 
40888.662: [GC 40888.662: [ParNew: 471872K->49455K(471872K), 0.1598400 secs] 8479430K->8104409K(11361088K), 0.1602420 secs] [Times: user=0.69 sys=0.04, real=0.16 secs] 
40890.530: [GC 40890.530: [ParNew: 468911K->52416K(471872K), 0.1626980 secs] 8523865K->8109671K(11361088K), 0.1631650 secs] [Times: user=1.64 sys=0.00, real=0.16 secs] 
40892.648: [GC 40892.648: [ParNew: 471872K->52416K(471872K), 0.1218610 secs] 8529127K->8134142K(11361088K), 0.1223090 secs] [Times: user=0.69 sys=0.02, real=0.13 secs] 
40893.831: [GC 40893.831: [ParNew: 471872K->52416K(471872K), 0.2915090 secs] 8553598K->8196373K(11361088K), 0.2919730 secs] [Times: user=1.02 sys=0.05, real=0.29 secs] 
40895.348: [GC 40895.348: [ParNew: 471872K->52416K(471872K), 0.1317330 secs] 8615829K->8234246K(11361088K), 0.1321050 secs] [Times: user=0.93 sys=0.03, real=0.14 secs] 
40896.841: [GC 40896.841: [ParNew: 471872K->52416K(471872K), 0.2440140 secs] 8653702K->8278820K(11361088K), 0.2444140 secs] [Times: user=0.93 sys=0.07, real=0.24 secs] 
40898.209: [GC 40898.210: [ParNew: 471849K->45747K(471872K), 0.1087690 secs] 8698254K->8272151K(11361088K), 0.1091560 secs] [Times: user=0.73 sys=0.00, real=0.11 secs] 
40899.320: [GC 40899.320: [ParNew: 465203K->52416K(471872K), 0.1413540 secs] 8691607K->8295894K(11361088K), 0.1417310 secs] [Times: user=0.82 sys=0.01, real=0.15 secs] 
40900.550: [GC 40900.551: [ParNew: 471872K->52416K(471872K), 0.1467710 secs] 8715350K->8332411K(11361088K), 0.1472280 secs] [Times: user=0.82 sys=0.06, real=0.14 secs] 
40901.789: [GC 40901.790: [ParNew: 471872K->52415K(471872K), 0.1957660 secs] 8751867K->8367232K(11361088K), 0.1961480 secs] [Times: user=0.70 sys=0.04, real=0.20 secs] 
40903.070: [GC 40903.070: [ParNew: 471871K->31778K(471872K), 0.0968510 secs] 8786688K->8346595K(11361088K), 0.0972780 secs] [Times: user=0.57 sys=0.00, real=0.10 secs] 
40904.431: [GC 40904.432: [ParNew: 451234K->52416K(471872K), 0.1213810 secs] 8766051K->8369634K(11361088K), 0.1218630 secs] [Times: user=0.69 sys=0.00, real=0.12 secs] 
40906.628: [GC 40906.628: [ParNew: 471679K->52416K(471872K), 0.1669050 secs] 8788897K->8395006K(11361088K), 0.1673500 secs] [Times: user=0.61 sys=0.01, real=0.17 secs] 
40909.400: [GC 40909.400: [ParNew: 471872K->39979K(471872K), 0.1335700 secs] 8814462K->8413010K(11361088K), 0.1339630 secs] [Times: user=0.62 sys=0.04, real=0.14 secs] 
40911.152: [GC 40911.152: [ParNew: 459435K->50645K(471872K), 0.0712770 secs] 8832466K->8423675K(11361088K), 0.0716970 secs] [Times: user=0.70 sys=0.00, real=0.07 secs] 
40912.012: [GC 40912.012: [ParNew: 470101K->49540K(471872K), 0.2327000 secs] 8843131K->8466176K(11361088K), 0.2331940 secs] [Times: user=0.79 sys=0.01, real=0.23 secs] 
40912.744: [GC 40912.744: [ParNew: 468996K->52416K(471872K), 0.0922700 secs] 8885632K->8476963K(11361088K), 0.0927510 secs] [Times: user=0.81 sys=0.01, real=0.09 secs] 
40913.437: [GC 40913.437: [ParNew: 471872K->52416K(471872K), 0.2244620 secs] 8896419K->8528067K(11361088K), 0.2249440 secs] [Times: user=0.84 sys=0.04, real=0.23 secs] 
40914.443: [GC 40914.443: [ParNew: 471872K->52416K(471872K), 0.2690170 secs] 8947523K->8588614K(11361088K), 0.2694360 secs] [Times: user=1.06 sys=0.06, real=0.27 secs] 
40915.142: [GC 40915.142: [ParNew: 471872K->51424K(471872K), 0.2134880 secs] 9008070K->8632523K(11361088K), 0.2139560 secs] [Times: user=0.86 sys=0.03, real=0.21 secs] 
40915.707: [GC 40915.707: [ParNew: 470880K->52415K(471872K), 0.0879020 secs] 9051979K->8635639K(11361088K), 0.0883990 secs] [Times: user=0.71 sys=0.00, real=0.09 secs] 
40916.185: [GC 40916.185: [ParNew: 471871K->52416K(471872K), 0.1528380 secs] 9055095K->8664874K(11361088K), 0.1532430 secs] [Times: user=0.97 sys=0.04, real=0.15 secs] 
40916.771: [GC 40916.771: [ParNew: 471872K->52416K(471872K), 0.1825430 secs] 9084330K->8715707K(11361088K), 0.1829640 secs] [Times: user=0.90 sys=0.09, real=0.19 secs] 
40917.471: [GC 40917.471: [ParNew: 471872K->52416K(471872K), 0.1016090 secs] 9135163K->8718856K(11361088K), 0.1020290 secs] [Times: user=0.80 sys=0.01, real=0.11 secs] 
40918.259: [GC 40918.259: [ParNew: 471872K->52416K(471872K), 0.1245410 secs] 9138312K->8745904K(11361088K), 0.1249620 secs] [Times: user=0.78 sys=0.04, real=0.13 secs] 
40919.144: [GC 40919.144: [ParNew: 471872K->52416K(471872K), 0.1239200 secs] 9165360K->8780320K(11361088K), 0.1243370 secs] [Times: user=0.93 sys=0.05, real=0.12 secs] 
40919.916: [GC 40919.916: [ParNew: 471872K->52416K(471872K), 0.3412430 secs] 9199776K->8863481K(11361088K), 0.3416580 secs] [Times: user=2.67 sys=0.10, real=0.34 secs] 
40920.616: [GC 40920.617: [ParNew: 471872K->52416K(471872K), 0.3448970 secs] 9282937K->8923464K(11361088K), 0.3453200 secs] [Times: user=2.75 sys=0.08, real=0.34 secs] 
40921.345: [GC 40921.345: [ParNew: 471872K->52416K(471872K), 0.1850280 secs] 9342920K->8967574K(11361088K), 0.1853970 secs] [Times: user=1.10 sys=0.07, real=0.18 secs] 
40922.521: [GC 40922.521: [ParNew (promotion failed): 471872K->471872K(471872K), 0.4177720 secs]40922.939: [CMS: 8951815K->7290813K(10889216K), 28.3176800 secs] 9387030K->7290813K(11361088K), [CMS Perm : 409937K->409824K(524288K)], 28.7359790 secs] [Times: user=29.27 sys=0.04, real=28.74 secs] 
40952.480: [GC 40952.480: [ParNew: 419456K->52416K(471872K), 0.1138670 secs] 7710269K->7344125K(11361088K), 0.1142840 secs] [Times: user=1.02 sys=0.00, real=0.11 secs] 
40953.606: [GC 40953.606: [ParNew: 471872K->52416K(471872K), 0.2502660 secs] 7763581K->7390380K(11361088K), 0.2506860 secs] [Times: user=0.89 sys=0.05, real=0.25 secs] 
40954.936: [GC 40954.937: [ParNew: 471872K->52416K(471872K), 0.2787900 secs] 7809836K->7449906K(11361088K), 0.2792370 secs] [Times: user=1.03 sys=0.05, real=0.28 secs] 
40956.861: [GC 40956.862: [ParNew: 471872K->50961K(471872K), 0.1496100 secs] 7869362K->7480565K(11361088K), 0.1500020 secs] [Times: user=0.66 sys=0.06, real=0.15 secs] 
40957.954: [GC 40957.955: [ParNew: 470417K->52416K(471872K), 0.0903510 secs] 7900021K->7491335K(11361088K), 0.0908290 secs] [Times: user=0.68 sys=0.00, real=0.09 secs] 
40959.453: [GC 40959.453: [ParNew: 471872K->52416K(471872K), 0.1672300 secs] 7910791K->7542697K(11361088K), 0.1676240 secs] [Times: user=0.71 sys=0.05, real=0.17 secs] 
40966.156: [GC 40966.156: [ParNew: 471872K->33905K(471872K), 0.1882270 secs] 7962153K->7549272K(11361088K), 0.1887690 secs] [Times: user=0.52 sys=0.03, real=0.19 secs] 
40967.652: [GC 40967.652: [ParNew: 453361K->52416K(471872K), 0.1507550 secs] 7968728K->7572316K(11361088K), 0.1512330 secs] [Times: user=0.68 sys=0.00, real=0.15 secs] 
40969.364: [GC 40969.364: [ParNew: 471872K->40409K(471872K), 0.2212450 secs] 7991772K->7598694K(11361088K), 0.2216920 secs] [Times: user=0.67 sys=0.02, real=0.22 secs] 
40970.708: [GC 40970.708: [ParNew: 459865K->47470K(471872K), 0.0782270 secs] 8018150K->7605755K(11361088K), 0.0786940 secs] [Times: user=0.60 sys=0.00, real=0.07 secs] 
40972.972: [GC 40972.973: [ParNew: 466926K->39903K(471872K), 0.1738310 secs] 8025211K->7631739K(11361088K), 0.1742990 secs] [Times: user=0.63 sys=0.01, real=0.17 secs] 
40975.702: [GC 40975.703: [ParNew: 459359K->52416K(471872K), 0.1551230 secs] 8051195K->7672046K(11361088K), 0.1556860 secs] [Times: user=1.02 sys=0.04, real=0.16 secs] 
40977.693: [GC 40977.693: [ParNew: 471772K->52416K(471872K), 0.1975110 secs] 8091402K->7725303K(11361088K), 0.1979340 secs] [Times: user=0.77 sys=0.05, real=0.20 secs] 
40979.903: [GC 40979.903: [ParNew: 471872K->26050K(471872K), 0.1004910 secs] 8144759K->7723391K(11361088K), 0.1008830 secs] [Times: user=0.51 sys=0.02, real=0.10 secs] 
40983.207: [GC 40983.208: [ParNew: 445506K->51013K(471872K), 0.1587030 secs] 8142847K->7748354K(11361088K), 0.1591250 secs] [Times: user=0.76 sys=0.00, real=0.16 secs] 
40984.577: [GC 40984.578: [ParNew: 470469K->48391K(471872K), 0.1447470 secs] 8167810K->7765021K(11361088K), 0.1452760 secs] [Times: user=0.59 sys=0.02, real=0.15 secs] 
40985.937: [GC 40985.937: [ParNew: 467847K->52415K(471872K), 0.1615840 secs] 8184477K->7780831K(11361088K), 0.1619670 secs] [Times: user=0.72 sys=0.01, real=0.17 secs] 
40987.095: [GC 40987.095: [ParNew: 471871K->52416K(471872K), 0.2064870 secs] 8200287K->7813728K(11361088K), 0.2069630 secs] [Times: user=0.65 sys=0.01, real=0.21 secs] 
40988.212: [GC 40988.212: [ParNew: 471872K->50263K(471872K), 0.1104680 secs] 8233184K->7821048K(11361088K), 0.1108990 secs] [Times: user=0.61 sys=0.01, real=0.11 secs] 
40989.729: [GC 40989.729: [ParNew: 469719K->52416K(471872K), 0.1799040 secs] 8240504K->7838492K(11361088K), 0.1803510 secs] [Times: user=0.82 sys=0.01, real=0.18 secs] 
40991.223: [GC 40991.223: [ParNew: 471872K->52416K(471872K), 0.2104000 secs] 8257948K->7874437K(11361088K), 0.2107760 secs] [Times: user=0.66 sys=0.02, real=0.21 secs] 
40992.802: [GC 40992.803: [ParNew: 471872K->42347K(471872K), 0.0864940 secs] 8293893K->7886330K(11361088K), 0.0868860 secs] [Times: user=0.63 sys=0.03, real=0.09 secs] 
40994.950: [GC 40994.950: [ParNew: 461803K->45224K(471872K), 0.1009020 secs] 8305786K->7918011K(11361088K), 0.1013390 secs] [Times: user=0.71 sys=0.03, real=0.11 secs] 
40998.084: [GC 40998.084: [ParNew: 464680K->31407K(471872K), 0.1223520 secs] 8337467K->7934520K(11361088K), 0.1227940 secs] [Times: user=0.54 sys=0.02, real=0.12 secs] 
41001.412: [GC 41001.412: [ParNew: 450863K->45025K(471872K), 0.1060720 secs] 8353976K->7948138K(11361088K), 0.1067320 secs] [Times: user=0.66 sys=0.00, real=0.10 secs] 
41003.081: [GC 41003.082: [ParNew: 464481K->29029K(471872K), 0.1234000 secs] 8367594K->7963499K(11361088K), 0.1238740 secs] [Times: user=0.57 sys=0.03, real=0.12 secs] 
41004.998: [GC 41004.999: [ParNew: 448485K->52416K(471872K), 0.0802940 secs] 8382955K->7996666K(11361088K), 0.0806860 secs] [Times: user=0.74 sys=0.01, real=0.08 secs] 
41007.184: [GC 41007.184: [ParNew: 471872K->43097K(471872K), 0.1551840 secs] 8416122K->8035379K(11361088K), 0.1556410 secs] [Times: user=0.75 sys=0.07, real=0.15 secs] 
41011.793: [GC 41011.794: [ParNew: 462553K->47975K(471872K), 0.0747380 secs] 8454835K->8040257K(11361088K), 0.0752120 secs] [Times: user=0.75 sys=0.00, real=0.07 secs] 
41015.793: [GC 41015.793: [ParNew: 467431K->52416K(471872K), 0.1899180 secs] 8459713K->8087364K(11361088K), 0.1903410 secs] [Times: user=0.88 sys=0.03, real=0.19 secs] 
41017.862: [GC 41017.862: [ParNew: 471872K->52416K(471872K), 0.2079680 secs] 8506820K->8139554K(11361088K), 0.2084160 secs] [Times: user=0.89 sys=0.04, real=0.21 secs] 
41020.811: [GC 41020.811: [ParNew: 471872K->52416K(471872K), 0.3025770 secs] 8559010K->8193475K(11361088K), 0.3029740 secs] [Times: user=0.85 sys=0.03, real=0.31 secs] 
41023.250: [GC 41023.250: [ParNew: 471872K->45741K(471872K), 0.1561460 secs] 8612931K->8213803K(11361088K), 0.1566100 secs] [Times: user=0.61 sys=0.01, real=0.16 secs] 
41027.872: [GC 41027.872: [ParNew: 465197K->28522K(471872K), 0.1099310 secs] 8633259K->8223562K(11361088K), 0.1103830 secs] [Times: user=0.59 sys=0.02, real=0.11 secs] 
41029.419: [GC 41029.419: [ParNew: 447978K->52416K(471872K), 0.0894090 secs] 8643018K->8247968K(11361088K), 0.0897980 secs] [Times: user=0.76 sys=0.01, real=0.09 secs] 
41032.028: [GC 41032.028: [ParNew: 471872K->40969K(471872K), 0.1347550 secs] 8667424K->8271837K(11361088K), 0.1351470 secs] [Times: user=0.64 sys=0.04, real=0.13 secs] 
41034.428: [GC 41034.428: [ParNew: 460425K->32582K(471872K), 0.0813070 secs] 8691293K->8263450K(11361088K), 0.0818020 secs] [Times: user=0.61 sys=0.00, real=0.08 secs] 
41035.158: [GC 41035.158: [ParNew: 452038K->52416K(471872K), 0.0940790 secs] 8682906K->8293994K(11361088K), 0.0945590 secs] [Times: user=0.74 sys=0.00, real=0.09 secs] 
41036.013: [GC 41036.013: [ParNew: 471872K->50193K(471872K), 0.2284270 secs] 8713450K->8342614K(11361088K), 0.2288240 secs] [Times: user=0.75 sys=0.04, real=0.23 secs] 
41036.740: [GC 41036.741: [ParNew: 469649K->52416K(471872K), 0.1664140 secs] 8762070K->8367577K(11361088K), 0.1668390 secs] [Times: user=0.88 sys=0.02, real=0.17 secs] 
41037.551: [GC 41037.552: [ParNew: 471872K->46125K(471872K), 0.1884900 secs] 8787033K->8412179K(11361088K), 0.1889350 secs] [Times: user=0.82 sys=0.07, real=0.19 secs] 
41038.210: [GC 41038.210: [ParNew: 465581K->52416K(471872K), 0.0747000 secs] 8831635K->8419759K(11361088K), 0.0750970 secs] [Times: user=0.70 sys=0.01, real=0.08 secs] 
41039.226: [GC 41039.227: [ParNew: 471872K->52416K(471872K), 0.4068360 secs] 8839215K->8493116K(11361088K), 0.4073170 secs] [Times: user=1.17 sys=0.06, real=0.41 secs] 
41041.244: [GC 41041.244: [ParNew: 471872K->52416K(471872K), 0.3504210 secs] 8912572K->8598751K(11361088K), 0.3508070 secs] [Times: user=1.80 sys=0.11, real=0.36 secs] 
41043.082: [GC 41043.083: [ParNew: 471872K->52416K(471872K), 0.4280870 secs] 9018207K->8662389K(11361088K), 0.4285360 secs] [Times: user=1.02 sys=0.03, real=0.43 secs] 
41044.930: [GC 41044.930: [ParNew: 471872K->50996K(471872K), 0.1460520 secs] 9081845K->8694424K(11361088K), 0.1464510 secs] [Times: user=0.79 sys=0.06, real=0.15 secs] 
41045.836: [GC 41045.836: [ParNew: 470452K->52416K(471872K), 0.0834770 secs] 9113880K->8697923K(11361088K), 0.0839560 secs] [Times: user=0.71 sys=0.00, real=0.08 secs] 
41046.768: [GC 41046.768: [ParNew: 471872K->50605K(471872K), 0.1963620 secs] 9117379K->8743462K(11361088K), 0.1967820 secs] [Times: user=0.73 sys=0.03, real=0.20 secs] 
41047.760: [GC 41047.760: [ParNew: 470061K->52416K(471872K), 0.1001420 secs] 9162918K->8754059K(11361088K), 0.1005680 secs] [Times: user=0.79 sys=0.01, real=0.10 secs] 
41048.504: [GC 41048.504: [ParNew: 471872K->52415K(471872K), 0.1996520 secs] 9173515K->8803781K(11361088K), 0.2000470 secs] [Times: user=0.89 sys=0.06, real=0.20 secs] 
41049.400: [GC 41049.401: [ParNew: 471871K->42382K(471872K), 0.0676480 secs] 9223237K->8793748K(11361088K), 0.0681220 secs] [Times: user=0.64 sys=0.00, real=0.07 secs] 
41050.120: [GC 41050.120: [ParNew: 461838K->52416K(471872K), 0.1337360 secs] 9213204K->8819106K(11361088K), 0.1342520 secs] [Times: user=0.71 sys=0.01, real=0.13 secs] 
41051.919: [GC 41051.919: [ParNew: 471872K->52416K(471872K), 0.2915600 secs] 9238562K->8878854K(11361088K), 0.2920060 secs] [Times: user=1.06 sys=0.05, real=0.29 secs] 
41053.247: [GC 41053.247: [ParNew: 471872K->52416K(471872K), 0.4191170 secs] 9298310K->8950329K(11361088K), 0.4196800 secs] [Times: user=1.17 sys=0.02, real=0.42 secs] 
41054.969: [GC 41054.969: [ParNew: 471872K->52416K(471872K), 0.4233710 secs] 9369785K->9014908K(11361088K), 0.4238280 secs] [Times: user=1.32 sys=0.06, real=0.42 secs] 
41056.579: [GC 41056.580: [ParNew: 471872K->52416K(471872K), 0.1909970 secs] 9434364K->9051631K(11361088K), 0.1914100 secs] [Times: user=0.90 sys=0.06, real=0.19 secs] 
41058.099: [GC 41058.099: [ParNew: 471872K->52416K(471872K), 0.1590550 secs] 9471087K->9085396K(11361088K), 0.1594700 secs] [Times: user=0.80 sys=0.04, real=0.16 secs] 
41059.037: [GC 41059.037: [ParNew: 471872K->52416K(471872K), 0.6298150 secs] 9504852K->9125388K(11361088K), 0.6305230 secs] [Times: user=1.66 sys=0.01, real=0.63 secs] 
41061.611: [GC 41061.611: [ParNew (promotion failed): 471872K->471872K(471872K), 3.5096150 secs]41065.121: [CMS: 9080573K->7212771K(10889216K), 29.2438500 secs] 9544844K->7212771K(11361088K), [CMS Perm : 409985K->409880K(524288K)], 32.7540310 secs] [Times: user=32.74 sys=1.93, real=32.75 secs] 
41094.372: [GC [1 CMS-initial-mark: 7212771K(10889216K)] 7213126K(11361088K), 0.0124640 secs] [Times: user=0.01 sys=0.00, real=0.01 secs] 
41094.385: [CMS-concurrent-mark-start]
41095.524: [GC 41095.524: [ParNew: 419456K->43183K(471872K), 0.1052340 secs] 7632227K->7255954K(11361088K), 0.1056720 secs] [Times: user=0.69 sys=0.00, real=0.11 secs] 
41096.924: [GC 41096.924: [ParNew: 462639K->39298K(471872K), 0.1755000 secs] 7675410K->7269436K(11361088K), 0.1762200 secs] [Times: user=0.61 sys=0.01, real=0.18 secs] 
41098.673: [GC 41098.673: [ParNew: 458754K->41686K(471872K), 0.1234740 secs] 7688892K->7285613K(11361088K), 0.1238590 secs] [Times: user=0.62 sys=0.02, real=0.12 secs] 
41099.690: [GC 41099.690: [ParNew: 461142K->52416K(471872K), 0.1889060 secs] 7705069K->7320876K(11361088K), 0.1892870 secs] [Times: user=0.97 sys=0.03, real=0.19 secs] 
41101.180: [GC 41101.180: [ParNew: 471787K->52416K(471872K), 0.2340190 secs] 7740248K->7380033K(11361088K), 0.2344320 secs] [Times: user=1.18 sys=0.10, real=0.24 secs] 
41101.512: [CMS-concurrent-mark: 5.758/7.127 secs] [Times: user=70.38 sys=2.15, real=7.13 secs] 
41101.512: [CMS-concurrent-preclean-start]
41101.771: [CMS-concurrent-preclean: 0.240/0.259 secs] [Times: user=0.85 sys=0.01, real=0.26 secs] 
41101.771: [CMS-concurrent-abortable-preclean-start]
41103.348: [CMS-concurrent-abortable-preclean: 1.263/1.577 secs] [Times: user=4.51 sys=0.14, real=1.57 secs] 
41103.352: [GC[YG occupancy: 266058 K (471872 K)]41103.352: [Rescan (parallel) , 0.0471700 secs]41103.400: [weak refs processing, 0.0009440 secs]41103.401: [class unloading, 0.0955490 secs]41103.496: [scrub symbol & string tables, 0.1121340 secs] [1 CMS-remark: 7327617K(10889216K)] 7593675K(11361088K), 0.2759490 secs] [Times: user=0.75 sys=0.00, real=0.27 secs] 
41103.638: [CMS-concurrent-sweep-start]
41104.261: [GC 41104.261: [ParNew: 471872K->52416K(471872K), 0.1938270 secs] 7799489K->7423440K(11361088K), 0.1942220 secs] [Times: user=0.81 sys=0.04, real=0.19 secs] 
41105.296: [GC 41105.297: [ParNew: 471872K->43049K(471872K), 0.1143110 secs] 7842893K->7450946K(11361088K), 0.1146940 secs] [Times: user=0.82 sys=0.06, real=0.12 secs] 
41106.302: [GC 41106.302: [ParNew: 462505K->51010K(471872K), 0.0808840 secs] 7870393K->7458898K(11361088K), 0.0813280 secs] [Times: user=0.65 sys=0.00, real=0.08 secs] 
41107.249: [GC 41107.249: [ParNew: 470466K->52416K(471872K), 0.1926910 secs] 7878225K->7483459K(11361088K), 0.1931550 secs] [Times: user=0.66 sys=0.00, real=0.20 secs] 
41108.229: [GC 41108.230: [ParNew: 471872K->52416K(471872K), 0.0920290 secs] 7880810K->7483710K(11361088K), 0.0924110 secs] [Times: user=0.69 sys=0.02, real=0.10 secs] 
41109.459: [GC 41109.460: [ParNew: 471872K->52416K(471872K), 0.1825370 secs] 7900746K->7530823K(11361088K), 0.1829190 secs] [Times: user=1.43 sys=0.07, real=0.19 secs] 
41110.289: [CMS-concurrent-sweep: 5.688/6.651 secs] [Times: user=29.59 sys=0.69, real=6.65 secs] 
41110.289: [CMS-concurrent-reset-start]
41110.389: [CMS-concurrent-reset: 0.100/0.100 secs] [Times: user=0.43 sys=0.00, real=0.10 secs] 
41111.504: [GC 41111.505: [ParNew: 471872K->52416K(471872K), 0.2316930 secs] 7905863K->7538214K(11361088K), 0.2321960 secs] [Times: user=0.91 sys=0.02, real=0.23 secs] 
41114.448: [GC 41114.448: [ParNew: 471872K->52415K(471872K), 0.2720590 secs] 7957670K->7586900K(11361088K), 0.2725040 secs] [Times: user=0.84 sys=0.06, real=0.27 secs] 
41116.773: [GC 41116.773: [ParNew: 471871K->52416K(471872K), 0.1225010 secs] 8006356K->7604097K(11361088K), 0.1230020 secs] [Times: user=0.80 sys=0.02, real=0.12 secs] 
41118.525: [GC 41118.525: [ParNew: 471872K->51737K(471872K), 0.0920890 secs] 8023553K->7629610K(11361088K), 0.0925260 secs] [Times: user=0.74 sys=0.03, real=0.09 secs] 
41119.850: [GC 41119.850: [ParNew: 471193K->37687K(471872K), 0.1074480 secs] 8049066K->7649170K(11361088K), 0.1078970 secs] [Times: user=0.59 sys=0.05, real=0.11 secs] 
41121.607: [GC 41121.608: [ParNew: 457061K->29131K(471872K), 0.0844500 secs] 8068545K->7640614K(11361088K), 0.0848670 secs] [Times: user=0.61 sys=0.00, real=0.08 secs] 
41124.000: [GC 41124.000: [ParNew: 448587K->40620K(471872K), 0.1027180 secs] 8060070K->7652103K(11361088K), 0.1031710 secs] [Times: user=0.83 sys=0.01, real=0.11 secs] 
41125.433: [GC 41125.433: [ParNew: 460076K->52415K(471872K), 0.1090430 secs] 8071559K->7677407K(11361088K), 0.1094770 secs] [Times: user=0.64 sys=0.01, real=0.10 secs] 
41126.601: [GC 41126.601: [ParNew: 471871K->32716K(471872K), 0.0977730 secs] 8096863K->7691726K(11361088K), 0.0981950 secs] [Times: user=0.61 sys=0.04, real=0.10 secs] 
41128.155: [GC 41128.156: [ParNew: 452172K->22177K(471872K), 0.0665160 secs] 8111182K->7681187K(11361088K), 0.0668990 secs] [Times: user=0.64 sys=0.00, real=0.06 secs] 
41129.785: [GC 41129.786: [ParNew: 441633K->49266K(471872K), 0.0709870 secs] 8100643K->7708276K(11361088K), 0.0714380 secs] [Times: user=0.71 sys=0.01, real=0.07 secs] 
41133.255: [GC 41133.255: [ParNew: 468722K->41391K(471872K), 0.1653610 secs] 8127732K->7736297K(11361088K), 0.1658270 secs] [Times: user=0.62 sys=0.02, real=0.16 secs] 
41134.206: [GC 41134.206: [ParNew: 460847K->52416K(471872K), 0.3072130 secs] 8155753K->7780753K(11361088K), 0.3076550 secs] [Times: user=2.43 sys=0.02, real=0.31 secs] 
41135.412: [GC 41135.412: [ParNew: 471872K->52416K(471872K), 0.2894730 secs] 8200209K->7830132K(11361088K), 0.2899580 secs] [Times: user=0.78 sys=0.03, real=0.29 secs] 
41137.210: [GC 41137.210: [ParNew: 471872K->52416K(471872K), 0.4032210 secs] 8249588K->7867761K(11361088K), 0.4037080 secs] [Times: user=3.36 sys=0.03, real=0.41 secs] 
41139.169: [GC 41139.170: [ParNew: 471872K->52416K(471872K), 0.1960860 secs] 8287217K->7922178K(11361088K), 0.1965240 secs] [Times: user=1.06 sys=0.07, real=0.20 secs] 
41140.429: [GC 41140.429: [ParNew: 471872K->52415K(471872K), 0.2363290 secs] 8341634K->7960211K(11361088K), 0.2367540 secs] [Times: user=0.62 sys=0.02, real=0.24 secs] 
41141.890: [GC 41141.890: [ParNew: 471871K->51793K(471872K), 0.1275730 secs] 8379667K->7959589K(11361088K), 0.1279670 secs] [Times: user=0.84 sys=0.00, real=0.13 secs] 
41143.320: [GC 41143.320: [ParNew: 471249K->49504K(471872K), 0.2164330 secs] 8379045K->7983186K(11361088K), 0.2169080 secs] [Times: user=1.35 sys=0.02, real=0.22 secs] 
41144.885: [GC 41144.885: [ParNew: 468960K->52416K(471872K), 0.3325420 secs] 8402642K->8024157K(11361088K), 0.3329610 secs] [Times: user=3.22 sys=0.04, real=0.33 secs] 
41146.278: [GC 41146.279: [ParNew: 471872K->48771K(471872K), 0.2028450 secs] 8443613K->8068644K(11361088K), 0.2032670 secs] [Times: user=0.67 sys=0.05, real=0.20 secs] 
41147.663: [GC 41147.663: [ParNew: 468227K->52416K(471872K), 0.1553010 secs] 8488100K->8093407K(11361088K), 0.1556810 secs] [Times: user=0.88 sys=0.02, real=0.16 secs] 
41148.667: [GC 41148.668: [ParNew: 471872K->52415K(471872K), 0.2487950 secs] 8512863K->8141812K(11361088K), 0.2493050 secs] [Times: user=0.84 sys=0.05, real=0.25 secs] 
41150.709: [GC 41150.709: [ParNew: 471871K->52416K(471872K), 0.1368010 secs] 8561268K->8143295K(11361088K), 0.1372140 secs] [Times: user=0.75 sys=0.01, real=0.14 secs] 
41152.810: [GC 41152.810: [ParNew: 471872K->46274K(471872K), 0.1383410 secs] 8562751K->8158032K(11361088K), 0.1388020 secs] [Times: user=0.71 sys=0.04, real=0.14 secs] 
41155.539: [GC 41155.540: [ParNew: 465730K->48645K(471872K), 0.1240590 secs] 8577488K->8166242K(11361088K), 0.1245450 secs] [Times: user=0.73 sys=0.01, real=0.12 secs] 
41156.440: [GC 41156.441: [ParNew: 467555K->52416K(471872K), 0.2139920 secs] 8585152K->8196685K(11361088K), 0.2145360 secs] [Times: user=0.89 sys=0.01, real=0.21 secs] 
41158.612: [GC 41158.612: [ParNew: 471731K->52416K(471872K), 0.2337270 secs] 8616001K->8242898K(11361088K), 0.2342230 secs] [Times: user=0.74 sys=0.02, real=0.24 secs] 
41160.886: [GC 41160.886: [ParNew: 471872K->52415K(471872K), 0.2185470 secs] 8662354K->8273677K(11361088K), 0.2189460 secs] [Times: user=0.73 sys=0.03, real=0.22 secs] 
41162.843: [GC 41162.844: [ParNew: 471871K->32750K(471872K), 0.1058930 secs] 8693133K->8281407K(11361088K), 0.1063070 secs] [Times: user=0.54 sys=0.04, real=0.11 secs] 
41165.134: [GC 41165.134: [ParNew: 452206K->22534K(471872K), 0.0629080 secs] 8700863K->8271191K(11361088K), 0.0632900 secs] [Times: user=0.57 sys=0.01, real=0.07 secs] 
41165.201: [GC 41165.201: [ParNew: 23740K->23392K(471872K), 0.0502890 secs] 8272397K->8272049K(11361088K), 0.0506430 secs] [Times: user=0.57 sys=0.01, real=0.05 secs] 
41166.626: [GC 41166.626: [ParNew: 442848K->33061K(471872K), 0.0663490 secs] 8691505K->8281718K(11361088K), 0.0668040 secs] [Times: user=0.56 sys=0.01, real=0.07 secs] 
41168.037: [GC 41168.037: [ParNew: 452517K->51283K(471872K), 0.0751630 secs] 8701174K->8304469K(11361088K), 0.0755470 secs] [Times: user=0.71 sys=0.01, real=0.08 secs] 
41168.883: [GC 41168.884: [ParNew: 470739K->48685K(471872K), 0.1229980 secs] 8723925K->8338545K(11361088K), 0.1234370 secs] [Times: user=0.75 sys=0.03, real=0.12 secs] 
41171.307: [GC 41171.307: [ParNew: 468141K->27580K(471872K), 0.1072000 secs] 8758001K->8344543K(11361088K), 0.1075940 secs] [Times: user=0.57 sys=0.04, real=0.11 secs] 
41172.628: [GC 41172.628: [ParNew: 447036K->43621K(471872K), 0.0684840 secs] 8763999K->8360584K(11361088K), 0.0689130 secs] [Times: user=0.73 sys=0.00, real=0.06 secs] 
41174.454: [GC 41174.454: [ParNew: 463077K->36323K(471872K), 0.1548050 secs] 8780040K->8389311K(11361088K), 0.1552110 secs] [Times: user=0.66 sys=0.03, real=0.16 secs] 
41176.129: [GC 41176.129: [ParNew: 455779K->43708K(471872K), 0.0800590 secs] 8808767K->8396696K(11361088K), 0.0805540 secs] [Times: user=0.66 sys=0.00, real=0.08 secs] 
41177.640: [GC 41177.640: [ParNew: 463164K->35621K(471872K), 0.0982600 secs] 8816152K->8417069K(11361088K), 0.0986460 secs] [Times: user=0.66 sys=0.03, real=0.10 secs] 
41178.979: [GC 41178.979: [ParNew: 455077K->52416K(471872K), 0.2684150 secs] 8836525K->8438555K(11361088K), 0.2688220 secs] [Times: user=2.50 sys=0.00, real=0.26 secs] 
41180.320: [GC 41180.320: [ParNew: 471872K->52416K(471872K), 0.1904990 secs] 8858011K->8477112K(11361088K), 0.1909300 secs] [Times: user=1.42 sys=0.04, real=0.19 secs] 
41181.534: [GC 41181.534: [ParNew: 471872K->52415K(471872K), 0.2218180 secs] 8896568K->8519501K(11361088K), 0.2223150 secs] [Times: user=0.65 sys=0.03, real=0.22 secs] 
41183.259: [GC 41183.259: [ParNew: 471871K->28776K(471872K), 0.0924900 secs] 8938957K->8495862K(11361088K), 0.0929390 secs] [Times: user=0.55 sys=0.00, real=0.09 secs] 
41185.217: [GC 41185.217: [ParNew: 448150K->28659K(471872K), 0.0636310 secs] 8915235K->8495745K(11361088K), 0.0641080 secs] [Times: user=0.59 sys=0.01, real=0.07 secs] 
41187.018: [GC 41187.018: [ParNew: 448115K->52416K(471872K), 0.2056990 secs] 8915201K->8558673K(11361088K), 0.2061470 secs] [Times: user=1.08 sys=0.03, real=0.21 secs] 
41189.407: [GC 41189.407: [ParNew: 471872K->52416K(471872K), 0.1874090 secs] 8978129K->8612498K(11361088K), 0.1877890 secs] [Times: user=0.96 sys=0.05, real=0.19 secs] 
41190.888: [GC 41190.888: [ParNew: 471872K->45216K(471872K), 0.1384300 secs] 9031954K->8637163K(11361088K), 0.1389840 secs] [Times: user=0.72 sys=0.05, real=0.14 secs] 
41192.802: [GC 41192.802: [ParNew: 464672K->36528K(471872K), 0.0724470 secs] 9056619K->8628475K(11361088K), 0.0728460 secs] [Times: user=0.62 sys=0.00, real=0.07 secs] 
41193.982: [GC 41193.982: [ParNew: 455984K->41710K(471872K), 0.0738440 secs] 9047931K->8643490K(11361088K), 0.0742620 secs] [Times: user=0.70 sys=0.01, real=0.07 secs] 
41194.626: [GC 41194.626: [ParNew: 461166K->40138K(471872K), 0.0683140 secs] 9062946K->8653405K(11361088K), 0.0686900 secs] [Times: user=0.61 sys=0.00, real=0.07 secs] 
41195.469: [GC 41195.470: [ParNew: 459571K->52416K(471872K), 0.0625910 secs] 9072839K->8665746K(11361088K), 0.0630390 secs] [Times: user=0.74 sys=0.00, real=0.07 secs] 
41196.179: [GC 41196.180: [ParNew: 471872K->52416K(471872K), 0.1898280 secs] 9085202K->8698536K(11361088K), 0.1903830 secs] [Times: user=0.96 sys=0.03, real=0.20 secs] 
41197.032: [GC 41197.032: [ParNew: 471872K->52416K(471872K), 0.2761850 secs] 9117992K->8752092K(11361088K), 0.2766610 secs] [Times: user=0.73 sys=0.03, real=0.27 secs] 
41197.988: [GC 41197.988: [ParNew: 471872K->37324K(471872K), 0.0637290 secs] 9171548K->8737001K(11361088K), 0.0643070 secs] [Times: user=0.62 sys=0.00, real=0.07 secs] 
41199.057: [GC 41199.058: [ParNew: 456780K->52416K(471872K), 0.1098140 secs] 9156457K->8768063K(11361088K), 0.1102230 secs] [Times: user=0.56 sys=0.01, real=0.11 secs] 
41200.306: [GC 41200.307: [ParNew: 471872K->52416K(471872K), 0.2775300 secs] 9187519K->8794488K(11361088K), 0.2779850 secs] [Times: user=0.84 sys=0.02, real=0.28 secs] 
41201.468: [GC 41201.469: [ParNew: 471854K->52416K(471872K), 0.3616640 secs] 9213926K->8851016K(11361088K), 0.3621330 secs] [Times: user=1.94 sys=0.03, real=0.37 secs] 
41202.767: [GC 41202.768: [ParNew: 471872K->52416K(471872K), 0.3307640 secs] 9270472K->8904088K(11361088K), 0.3311590 secs] [Times: user=2.48 sys=0.09, real=0.33 secs] 
41204.128: [GC 41204.129: [ParNew: 471872K->47779K(471872K), 0.1293950 secs] 9323544K->8930461K(11361088K), 0.1297870 secs] [Times: user=0.69 sys=0.04, real=0.13 secs] 
41206.016: [GC 41206.017: [ParNew: 467235K->31932K(471872K), 0.0843490 secs] 9349917K->8914614K(11361088K), 0.0848240 secs] [Times: user=0.65 sys=0.00, real=0.09 secs] 
41207.096: [GC 41207.096: [ParNew: 451388K->41984K(471872K), 0.0714300 secs] 9334070K->8924666K(11361088K), 0.0718810 secs] [Times: user=0.74 sys=0.00, real=0.07 secs] 
41207.935: [GC 41207.935: [ParNew: 461440K->45478K(471872K), 0.0785830 secs] 9344122K->8943465K(11361088K), 0.0790340 secs] [Times: user=0.74 sys=0.02, real=0.08 secs] 
41208.795: [GC 41208.796: [ParNew: 464934K->52124K(471872K), 0.0919960 secs] 9362921K->8962911K(11361088K), 0.0924940 secs] [Times: user=0.75 sys=0.02, real=0.09 secs] 
41209.645: [GC 41209.646: [ParNew: 471580K->52415K(471872K), 0.0773160 secs] 9382367K->8979111K(11361088K), 0.0777080 secs] [Times: user=0.66 sys=0.03, real=0.08 secs] 
41210.585: [GC 41210.585: [ParNew: 471871K->52416K(471872K), 0.0936170 secs] 9398567K->8997530K(11361088K), 0.0939980 secs] [Times: user=0.61 sys=0.03, real=0.09 secs] 
41211.658: [GC 41211.658: [ParNew: 471872K->52416K(471872K), 0.1340280 secs] 9416986K->9016217K(11361088K), 0.1344120 secs] [Times: user=1.03 sys=0.04, real=0.14 secs] 
41212.926: [GC 41212.926: [ParNew (promotion failed): 471872K->471872K(471872K), 2.0298600 secs]41214.956: [CMS