1.305: [GC pause (young) 102M->24M(512M), 0.0254200 secs]
2.987: [GC pause (young) 113M->53M(512M), 0.0551010 secs]
4.989: [GC pause (young) 142M->67M(512M), 0.0419670 secs]
7.651: [GC pause (young) 156M->90M(512M), 0.0466750 secs]
8.169: [GC pause (young) 179M->104M(512M), 0.0480390 secs]
8.648: [GC pause (young) 197M->121M(512M), 0.0548880 secs]
9.012: [GC pause (young) 214M->124M(512M), 0.0324880 secs]
10.214: [GC pause (young) 270M->150M(512M), 0.0481560 secs]
12.345: [GC pause (young) 430M->196M(512M), 0.0874990 secs]
13.628: [GC pause (young) 260M->218M(512M), 0.0720810 secs]
14.900: [GC pause (young) 364M->241M(512M), 0.0449840 secs]
16.217: [GC pause (young) 410M->260M(512M), 0.0564710 secs]
17.848: [GC pause (young) (initial-mark) 417M->279M(512M), 0.0766790 secs]
17.925: [GC concurrent-root-region-scan-start]
18.002: [GC concurrent-root-region-scan-end, 0.0769810]
18.002: [GC concurrent-mark-start]
18.630: [GC concurrent-mark-end, 0.6282750 sec]
18.630: [GC remark, 0.0178990 secs]
18.650: [GC cleanup 297M->236M(512M), 0.0014690 secs]
18.651: [GC concurrent-cleanup-start]
18.651: [GC concurrent-cleanup-end, 0.0001200]
19.881: [GC pause (young) 363M->232M(512M), 0.0639920 secs]
21.074: [GC pause (mixed) 315M->223M(512M), 0.0995410 secs]
21.195: [GC pause (young) 224M->220M(512M), 0.0811180 secs]
23.016: [GC pause (young) 420M->245M(512M), 0.0474510 secs]
24.605: [GC pause (young) 427M->284M(512M), 0.0916180 secs]
25.993: [GC pause (young) (initial-mark) 430M->326M(512M), 0.0858930 secs]
26.079: [GC concurrent-root-region-scan-start]
26.133: [GC concurrent-root-region-scan-end, 0.0541100]
26.133: [GC concurrent-mark-start]
26.528: [GC pause (young) 434M->345M(512M), 0.0626850 secs]
26.918: [GC pause (young) 439M->359M(512M), 0.0435970 secs]
27.018: [GC concurrent-mark-end, 0.8853420 sec]
27.019: [GC remark, 0.0277640 secs]
27.047: [GC cleanup 373M->357M(512M), 0.0016930 secs]
27.049: [GC concurrent-cleanup-start]
27.049: [GC concurrent-cleanup-end, 0.0000340]
27.877: [GC pause (young) 431M->362M(512M), 0.0480660 secs]
30.163: [GC pause (mixed) 451M->387M(538M), 0.2199950 secs]
33.052: [GC pause (young) 481M->426M(538M), 0.0721780 secs]
35.119: [GC pause (young) (initial-mark) 519M->466M(577M), 0.0806180 secs]
35.199: [GC concurrent-root-region-scan-start]
35.247: [GC concurrent-root-region-scan-end, 0.0482180]
35.247: [GC concurrent-mark-start]
36.455: [GC concurrent-mark-end, 1.2076810 sec]
36.455: [GC remark, 0.0304070 secs]
36.489: [GC cleanup 553M->541M(577M), 0.0056790 secs]
36.494: [GC concurrent-cleanup-start]
36.494: [GC concurrent-cleanup-end, 0.0000480]
36.687: [GC pause (young) 555M->499M(618M), 0.0989750 secs]
37.601: [GC pause (mixed) 607M->474M(663M), 0.1160110 secs]
38.635: [GC pause (mixed) 590M->471M(663M), 0.1102700 secs]
40.121: [GC pause (mixed) 586M->470M(663M), 0.2097610 secs]
41.759: [GC pause (young) 585M->474M(663M), 0.0552860 secs]
56.701: [GC pause (young) (initial-mark) 597M->475M(663M), 0.0557760 secs]
56.757: [GC concurrent-root-region-scan-start]
56.766: [GC concurrent-root-region-scan-end, 0.0090520]
56.766: [GC concurrent-mark-start]
57.595: [GC concurrent-mark-end, 0.8293690 sec]
57.596: [GC remark, 0.0339210 secs]
57.632: [GC cleanup 521M->513M(663M), 0.0069830 secs]
57.640: [GC concurrent-cleanup-start]
57.640: [GC concurrent-cleanup-end, 0.0000340]
57.870: [GC pause (young) (initial-mark) 553M->491M(663M), 0.0702890 secs]
57.941: [GC concurrent-root-region-scan-start]
57.969: [GC concurrent-root-region-scan-end, 0.0281340]
57.969: [GC concurrent-mark-start]
59.439: [GC concurrent-mark-end, 1.4705900 sec]
59.440: [GC remark, 0.0320100 secs]
59.484: [GC cleanup 580M->580M(663M), 0.0050070 secs]
59.646: [GC pause (young) 617M->515M(663M), 0.0667990 secs]
61.229: [GC pause (mixed) 634M->461M(666M), 0.0674110 secs]
62.731: [GC pause (mixed) 577M->428M(666M), 0.1051450 secs]
81.448: [GC pause (mixed) 544M->421M(666M), 0.1338790 secs]
84.195: [GC pause (young) 566M->417M(666M), 0.0410620 secs]
85.444: [GC pause (young) (initial-mark) 569M->420M(666M), 0.0432780 secs]
85.487: [GC concurrent-root-region-scan-start]
85.498: [GC concurrent-root-region-scan-end, 0.0114610]
85.498: [GC concurrent-mark-start]
86.359: [GC concurrent-mark-end, 0.8605740 sec]
86.359: [GC remark, 0.0347410 secs]
86.396: [GC cleanup 517M->509M(666M), 0.0048450 secs]
86.400: [GC concurrent-cleanup-start]
86.401: [GC concurrent-cleanup-end, 0.0000340]
86.992: [GC pause (young) 565M->436M(666M), 0.0961380 secs]
88.377: [GC pause (mixed) 549M->454M(666M), 0.1669240 secs]
92.579: [GC pause (mixed) 571M->466M(666M), 0.1811440 secs]
94.775: [GC pause (young) (initial-mark) 514M->468M(666M), 0.1639610 secs]
94.939: [GC concurrent-root-region-scan-start]
94.958: [GC concurrent-root-region-scan-end, 0.0189590]
94.958: [GC concurrent-mark-start]
96.166: [GC concurrent-mark-end, 1.2085910 sec]
96.166: [GC remark, 0.0630600 secs]
96.233: [GC cleanup 527M->516M(666M), 0.0072420 secs]
96.244: [GC concurrent-cleanup-start]
96.244: [GC concurrent-cleanup-end, 0.0000500]
97.215: [GC pause (young) (initial-mark) 553M->466M(666M), 0.0821000 secs]
97.297: [GC concurrent-root-region-scan-start]
97.337: [GC concurrent-root-region-scan-end, 0.0399530]
97.337: [GC concurrent-mark-start]
98.579: [GC concurrent-mark-end, 1.2417670 sec]
98.579: [GC remark, 0.0484900 secs]
98.628: [GC cleanup 523M->523M(666M), 0.0033080 secs]
98.632: [GC concurrent-cleanup-start]
98.632: [GC concurrent-cleanup-end, 0.0000120]
99.643: [GC pause (young) 588M->475M(666M), 0.0835600 secs]
101.146: [GC pause (mixed) 591M->476M(666M), 0.1589440 secs]
102.346: [GC pause (young) (initial-mark) 545M->480M(666M), 0.0972380 secs]
102.443: [GC concurrent-root-region-scan-start]
102.475: [GC concurrent-root-region-scan-end, 0.0312920]
102.475: [GC concurrent-mark-start]
103.610: [GC concurrent-mark-end, 1.1351930 sec]
103.610: [GC remark, 0.0427350 secs]
103.653: [GC cleanup 558M->557M(666M), 0.0044170 secs]
103.657: [GC concurrent-cleanup-start]
103.657: [GC concurrent-cleanup-end, 0.0000150]
104.316: [GC pause (young) 604M->492M(666M), 0.0907660 secs]
105.122: [GC pause (young) 611M->498M(666M), 0.1165020 secs]
105.733: [GC pause (young) (initial-mark) 616M->503M(666M), 0.0756260 secs]
105.808: [GC concurrent-root-region-scan-start]
105.842: [GC concurrent-root-region-scan-end, 0.0340350]
105.842: [GC concurrent-mark-start]
107.341: [GC concurrent-mark-end, 1.4986120 sec]
107.342: [GC remark, 0.0599360 secs]
107.402: [GC cleanup 591M->589M(666M), 0.0036260 secs]
107.406: [GC concurrent-cleanup-start]
107.406: [GC concurrent-cleanup-end, 0.0000140]
107.781: [GC pause (young) (initial-mark) 615M->510M(666M), 0.0922700 secs]
107.873: [GC concurrent-root-region-scan-start]
107.941: [GC concurrent-root-region-scan-end, 0.0682810]
107.941: [GC concurrent-mark-start]
109.209: [GC pause (young) 638M->525M(673M), 0.1031920 secs]
109.315: [GC concurrent-mark-end, 1.3732180 sec]
109.323: [GC remark, 0.0472230 secs]
109.381: [GC cleanup 527M->527M(673M), 0.0044600 secs]
112.622: [GC pause (young) 651M->530M(674M), 0.0627030 secs]
115.318: [GC pause (young) 651M->538M(682M), 0.1006190 secs]
117.221: [GC pause (young) (initial-mark) 660M->544M(691M), 0.0815110 secs]
117.302: [GC concurrent-root-region-scan-start]
117.340: [GC concurrent-root-region-scan-end, 0.0380070]
117.340: [GC concurrent-mark-start]
119.011: [GC pause (young) 675M->547M(696M), 0.0882290 secs]
119.130: [GC concurrent-mark-end, 1.7900150 sec]
119.132: [GC remark, 0.0540540 secs]
119.187: [GC cleanup 548M->544M(696M), 0.0057100 secs]
119.193: [GC concurrent-cleanup-start]
119.193: [GC concurrent-cleanup-end, 0.0000220]
120.983: [GC pause (young) (initial-mark) 636M->545M(696M), 0.0662090 secs]
121.049: [GC concurrent-root-region-scan-start]
121.089: [GC concurrent-root-region-scan-end, 0.0404050]
121.089: [GC concurrent-mark-start]
122.572: [GC concurrent-mark-end, 1.4821540 sec]
122.572: [GC remark, 0.0489990 secs]
122.621: [GC cleanup 666M->666M(696M), 0.0041820 secs]
122.740: [GC pause (young) 674M->550M(700M), 0.0793760 secs]
125.142: [GC pause (mixed) 680M->546M(736M), 0.1891420 secs]
128.669: [GC pause (young) 677M->550M(736M), 0.1091230 secs]
130.879: [GC pause (young) (initial-mark) 684M->553M(736M), 0.1154860 secs]
130.995: [GC concurrent-root-region-scan-start]
131.041: [GC concurrent-root-region-scan-end, 0.0468900]
131.041: [GC concurrent-mark-start]
132.881: [GC concurrent-mark-end, 1.8392350 sec]
132.881: [GC remark, 0.0507400 secs]
132.934: [GC cleanup 642M->641M(736M), 0.0070500 secs]
132.942: [GC concurrent-cleanup-start]
132.942: [GC concurrent-cleanup-end, 0.0000190]
133.718: [GC pause (young) 689M->563M(736M), 0.0914940 secs]
135.749: [GC pause (mixed) 691M->569M(752M), 0.1645840 secs]
136.379: [GC pause (young) 704M->570M(752M), 0.0698990 secs]
136.613: [GC pause (young) (initial-mark) 718M->570M(752M), 0.0486860 secs]
136.662: [GC concurrent-root-region-scan-start]
136.666: [GC concurrent-root-region-scan-end, 0.0038310]
136.666: [GC concurrent-mark-start]
136.819: [GC pause (young) 718M->570M(752M), 0.0412980 secs]
137.064: [GC pause (young) 718M->570M(752M), 0.0292260 secs]
137.239: [GC pause (young) 717M->570M(752M), 0.0290200 secs]
137.410: [GC pause (young) 718M->570M(752M), 0.0285770 secs]
137.580: [GC pause (young) 718M->570M(752M), 0.0487720 secs]
137.885: [GC pause (young) 718M->571M(752M), 0.0352350 secs]
138.066: [GC pause (young) 717M->571M(752M), 0.0346900 secs]
138.250: [GC pause (young) 717M->571M(1421M), 0.0377680 secs]
138.390: [GC concurrent-mark-end, 1.7236660 sec]
138.390: [GC remark, 0.0508800 secs]
138.441: [GC cleanup 673M->673M(1421M), 0.0060780 secs]
142.829: [GC pause (young) 1260M->582M(1956M), 0.0556040 secs]
144.899: [GC pause (young) 1738M->592M(1956M), 0.0748170 secs]
151.812: [GC pause (young) 1726M->610M(1956M), 0.1148200 secs]
152.976: [GC pause (young) 1709M->611M(1956M), 0.0994650 secs]
156.346: [Full GC (System.gc()) 1551M->541M(1806M), 1.8086690 secs]
166.818: [GC pause (young) 1609M->658M(1806M), 0.2146060 secs]
168.622: [GC pause (young) 917M->713M(1806M), 0.2893480 secs]
171.610: [GC pause (young) 1033M->759M(1806M), 0.1607360 secs]
174.794: [GC pause (young) 1081M->787M(1806M), 0.1320700 secs]
179.376: [GC pause (young) 1201M->792M(1806M), 0.1002390 secs]
