3.555: [GC [PSYoungGen: 262208K->23398K(305856K)] 262208K->23398K(1004928K), 0.0562140 secs] [Times: user=0.11 sys=0.01, real=0.06 secs] 
5.924: [GC [PSYoungGen: 270414K->43645K(305856K)] 270414K->49755K(1004928K), 0.0968910 secs] [Times: user=0.17 sys=0.03, real=0.09 secs] 
6.021: [Full GC (System) [PSYoungGen: 43645K->0K(305856K)] [PSOldGen: 6109K->47649K(699072K)] 49755K->47649K(1004928K) [PSPermGen: 28303K->28303K(262144K)], 0.3342930 secs] [Times: user=0.31 sys=0.03, real=0.34 secs] 
8.203: [GC [PSYoungGen: 262208K->31825K(305856K)] 309857K->79475K(1004928K), 0.0956300 secs] [Times: user=0.18 sys=0.00, real=0.09 secs] 
9.673: [GC [PSYoungGen: 294033K->37881K(305856K)] 341683K->85531K(1004928K), 0.0910030 secs] [Times: user=0.16 sys=0.00, real=0.09 secs] 
11.671: [GC [PSYoungGen: 300089K->43624K(305856K)] 347739K->112622K(1004928K), 0.0878590 secs] [Times: user=0.24 sys=0.02, real=0.09 secs] 
13.847: [GC [PSYoungGen: 305832K->43640K(238912K)] 374830K->136052K(937984K), 0.0988710 secs] [Times: user=0.21 sys=0.02, real=0.10 secs] 
15.322: [GC [PSYoungGen: 238904K->69569K(264896K)] 331316K->161981K(963968K), 0.1142030 secs] [Times: user=0.26 sys=0.00, real=0.12 secs] 
17.209: [GC [PSYoungGen: 264833K->68461K(256320K)] 357245K->171392K(955392K), 0.1557950 secs] [Times: user=0.36 sys=0.01, real=0.16 secs] 
19.320: [GC [PSYoungGen: 240173K->56274K(260608K)] 343104K->188775K(959680K), 0.1528450 secs] [Times: user=0.35 sys=0.02, real=0.15 secs] 
21.430: [GC [PSYoungGen: 227986K->57227K(264256K)] 360487K->202693K(963328K), 0.1589000 secs] [Times: user=0.30 sys=0.01, real=0.16 secs] 
24.107: [GC [PSYoungGen: 234699K->35857K(262720K)] 380165K->201483K(961792K), 0.1124820 secs] [Times: user=0.22 sys=0.02, real=0.11 secs] 
42.521: [GC [PSYoungGen: 213329K->28858K(264064K)] 378955K->215090K(963136K), 0.1061890 secs] [Times: user=0.18 sys=0.02, real=0.11 secs] 
43.604: [GC [PSYoungGen: 208122K->20770K(200064K)] 394354K->218214K(899136K), 0.1030410 secs] [Times: user=0.12 sys=0.00, real=0.10 secs] 
44.374: [GC [PSYoungGen: 200034K->16793K(261504K)] 397478K->226395K(960576K), 0.0470180 secs] [Times: user=0.12 sys=0.01, real=0.05 secs] 
45.244: [GC [PSYoungGen: 192089K->9484K(184832K)] 401691K->230155K(883904K), 0.0438060 secs] [Times: user=0.09 sys=0.01, real=0.04 secs] 
45.800: [GC [PSYoungGen: 184780K->13871K(261696K)] 405451K->240839K(960768K), 0.0361950 secs] [Times: user=0.10 sys=0.00, real=0.03 secs] 
46.462: [GC [PSYoungGen: 187247K->15542K(261184K)] 414215K->252243K(960256K), 0.1306490 secs] [Times: user=0.24 sys=0.01, real=0.13 secs] 
47.032: [GC [PSYoungGen: 188902K->13302K(264576K)] 425603K->260198K(963648K), 0.0631880 secs] [Times: user=0.10 sys=0.02, real=0.06 secs] 
47.697: [GC [PSYoungGen: 191478K->11854K(263104K)] 438374K->267223K(962176K), 0.0483330 secs] [Times: user=0.12 sys=0.01, real=0.05 secs] 
48.125: [GC [PSYoungGen: 190030K->13971K(268736K)] 445399K->274659K(967808K), 0.0400170 secs] [Times: user=0.09 sys=0.01, real=0.04 secs] 
48.906: [GC [PSYoungGen: 199507K->15474K(266304K)] 460195K->283458K(965376K), 0.0630300 secs] [Times: user=0.12 sys=0.01, real=0.07 secs] 
49.464: [GC [PSYoungGen: 201010K->12537K(274048K)] 468994K->288676K(973120K), 0.0569150 secs] [Times: user=0.08 sys=0.01, real=0.06 secs] 
50.038: [GC [PSYoungGen: 208697K->14667K(271616K)] 484836K->298678K(970688K), 0.0842780 secs] [Times: user=0.10 sys=0.00, real=0.09 secs] 
50.614: [GC [PSYoungGen: 210827K->14649K(280064K)] 494838K->306956K(979136K), 0.0449440 secs] [Times: user=0.09 sys=0.00, real=0.05 secs] 
51.252: [GC [PSYoungGen: 222265K->14664K(277056K)] 514572K->314714K(976128K), 0.0708900 secs] [Times: user=0.08 sys=0.01, real=0.07 secs] 
51.790: [GC [PSYoungGen: 222280K->14201K(285888K)] 522330K->322625K(984960K), 0.0604510 secs] [Times: user=0.09 sys=0.01, real=0.06 secs] 
52.309: [GC [PSYoungGen: 233593K->15568K(283008K)] 542017K->329295K(982080K), 0.0606600 secs] [Times: user=0.11 sys=0.01, real=0.07 secs] 
52.769: [GC [PSYoungGen: 234960K->14383K(291648K)] 548687K->334821K(990720K), 0.0471170 secs] [Times: user=0.12 sys=0.01, real=0.05 secs] 
53.310: [GC [PSYoungGen: 245423K->16670K(288896K)] 565861K->342469K(987968K), 0.0550730 secs] [Times: user=0.14 sys=0.00, real=0.05 secs] 
53.760: [GC [PSYoungGen: 247710K->13604K(296960K)] 573509K->347953K(996032K), 0.0374730 secs] [Times: user=0.10 sys=0.01, real=0.03 secs] 
54.231: [GC [PSYoungGen: 255708K->15025K(294656K)] 590057K->353591K(993728K), 0.0417830 secs] [Times: user=0.08 sys=0.00, real=0.04 secs] 
54.691: [GC [PSYoungGen: 257137K->18005K(302336K)] 595703K->362530K(1001408K), 0.0858680 secs] [Times: user=0.13 sys=0.00, real=0.08 secs] 
55.116: [GC [PSYoungGen: 270293K->17750K(299456K)] 614818K->368706K(998528K), 0.0519080 secs] [Times: user=0.12 sys=0.02, real=0.05 secs] 
55.667: [GC [PSYoungGen: 270038K->15952K(306944K)] 620994K->375140K(1006016K), 0.0488270 secs] [Times: user=0.10 sys=0.01, real=0.05 secs] 
56.263: [GC [PSYoungGen: 278288K->16055K(304896K)] 637476K->382119K(1003968K), 0.0893550 secs] [Times: user=0.14 sys=0.02, real=0.09 secs] 
56.787: [GC [PSYoungGen: 278391K->18852K(310976K)] 644455K->392563K(1010048K), 0.0827020 secs] [Times: user=0.11 sys=0.02, real=0.08 secs] 
57.413: [GC [PSYoungGen: 289252K->16835K(308928K)] 662963K->398881K(1008000K), 0.0612450 secs] [Times: user=0.11 sys=0.02, real=0.06 secs] 
57.897: [GC [PSYoungGen: 287235K->16478K(314240K)] 669281K->406084K(1013312K), 0.0520980 secs] [Times: user=0.10 sys=0.02, real=0.05 secs] 
58.541: [GC [PSYoungGen: 293918K->17393K(312704K)] 683524K->412986K(1011776K), 0.0424110 secs] [Times: user=0.08 sys=0.02, real=0.04 secs] 
59.127: [GC [PSYoungGen: 294833K->20088K(316608K)] 690426K->422114K(1015680K), 0.1116950 secs] [Times: user=0.10 sys=0.02, real=0.11 secs] 
59.789: [GC [PSYoungGen: 303032K->19193K(315840K)] 705058K->429021K(1014912K), 0.0605840 secs] [Times: user=0.17 sys=0.05, real=0.06 secs] 
60.575: [GC [PSYoungGen: 302137K->14075K(318336K)] 711965K->429483K(1017408K), 0.1099940 secs] [Times: user=0.16 sys=0.02, real=0.11 secs] 
61.052: [GC [PSYoungGen: 300667K->17015K(317760K)] 716075K->437848K(1016832K), 0.0529450 secs] [Times: user=0.10 sys=0.02, real=0.05 secs] 
61.656: [GC [PSYoungGen: 303591K->22432K(318592K)] 724423K->450428K(1017664K), 0.0672170 secs] [Times: user=0.17 sys=0.01, real=0.07 secs] 
62.539: [GC [PSYoungGen: 311008K->16392K(319040K)] 739004K->452050K(1018112K), 0.0609580 secs] [Times: user=0.17 sys=0.01, real=0.07 secs] 
62.931: [GC [PSYoungGen: 304968K->18367K(320960K)] 740626K->459040K(1020032K), 0.0469380 secs] [Times: user=0.10 sys=0.00, real=0.05 secs] 
63.598: [GC [PSYoungGen: 309759K->18423K(319936K)] 750432K->467020K(1019008K), 0.0868320 secs] [Times: user=0.11 sys=0.01, real=0.09 secs] 
64.120: [GC [PSYoungGen: 309815K->16304K(322496K)] 758412K->473428K(1021568K), 0.0471110 secs] [Times: user=0.10 sys=0.01, real=0.05 secs] 
64.698: [GC [PSYoungGen: 311216K->19574K(321920K)] 768340K->483977K(1020992K), 0.0783760 secs] [Times: user=0.12 sys=0.01, real=0.08 secs] 
65.309: [GC [PSYoungGen: 314486K->19667K(323136K)] 778889K->492491K(1022208K), 0.0470430 secs] [Times: user=0.11 sys=0.01, real=0.05 secs] 
65.907: [GC [PSYoungGen: 316111K->14279K(322816K)] 788935K->493757K(1021888K), 0.0538120 secs] [Times: user=0.15 sys=0.00, real=0.05 secs] 
66.447: [GC [PSYoungGen: 310727K->18943K(323648K)] 790205K->503407K(1022720K), 0.0506520 secs] [Times: user=0.09 sys=0.02, real=0.05 secs] 
67.087: [GC [PSYoungGen: 316351K->18730K(323264K)] 800815K->510892K(1022336K), 0.0714390 secs] [Times: user=0.10 sys=0.03, real=0.07 secs] 
67.778: [GC [PSYoungGen: 316138K->18390K(324800K)] 808300K->518103K(1023872K), 0.0782840 secs] [Times: user=0.11 sys=0.02, real=0.08 secs] 
68.378: [GC [PSYoungGen: 317846K->24703K(324160K)] 817559K->532255K(1023232K), 0.0575810 secs] [Times: user=0.13 sys=0.02, real=0.06 secs] 
69.038: [GC [PSYoungGen: 324159K->15704K(316736K)] 831711K->534278K(1015808K), 0.0971020 secs] [Times: user=0.12 sys=0.03, real=0.10 secs] 
69.604: [GC [PSYoungGen: 307096K->18008K(320448K)] 825670K->542578K(1019520K), 0.0535750 secs] [Times: user=0.12 sys=0.01, real=0.05 secs] 
70.212: [GC [PSYoungGen: 309400K->16572K(321728K)] 833970K->545676K(1020800K), 0.0538320 secs] [Times: user=0.09 sys=0.00, real=0.06 secs] 
70.708: [GC [PSYoungGen: 310012K->18999K(321216K)] 839116K->553420K(1020288K), 0.0631690 secs] [Times: user=0.09 sys=0.01, real=0.06 secs] 
71.174: [GC [PSYoungGen: 312439K->18052K(323200K)] 846860K->560512K(1022272K), 0.0504740 secs] [Times: user=0.11 sys=0.00, real=0.05 secs] 
71.630: [GC [PSYoungGen: 314308K->18255K(322560K)] 856768K->568049K(1021632K), 0.0442580 secs] [Times: user=0.10 sys=0.01, real=0.05 secs] 
72.064: [GC [PSYoungGen: 314511K->17273K(324352K)] 864305K->572748K(1023424K), 0.0577680 secs] [Times: user=0.09 sys=0.01, real=0.05 secs] 
72.712: [GC [PSYoungGen: 316025K->14883K(323904K)] 871500K->576142K(1022976K), 0.0365300 secs] [Times: user=0.09 sys=0.01, real=0.03 secs] 
73.147: [GC [PSYoungGen: 313635K->22260K(322816K)] 874894K->589412K(1021888K), 0.0805160 secs] [Times: user=0.12 sys=0.00, real=0.08 secs] 
73.727: [GC [PSYoungGen: 319924K->17576K(323584K)] 887076K->592051K(1022656K), 0.0638730 secs] [Times: user=0.10 sys=0.01, real=0.06 secs] 
74.221: [GC [PSYoungGen: 315240K->14091K(323968K)] 889715K->595545K(1023040K), 0.0535830 secs] [Times: user=0.11 sys=0.04, real=0.06 secs] 
74.644: [GC [PSYoungGen: 312651K->18674K(324032K)] 894105K->605326K(1023104K), 0.0511640 secs] [Times: user=0.10 sys=0.01, real=0.05 secs] 
75.110: [GC [PSYoungGen: 317234K->19409K(324736K)] 903886K->614210K(1023808K), 0.0459730 secs] [Times: user=0.10 sys=0.01, real=0.05 secs] 
75.556: [GC [PSYoungGen: 319185K->18885K(324544K)] 913986K->621126K(1023616K), 0.0481190 secs] [Times: user=0.11 sys=0.00, real=0.05 secs] 
76.025: [GC [PSYoungGen: 318661K->18710K(325632K)] 920902K->624741K(1024704K), 0.0538360 secs] [Times: user=0.10 sys=0.01, real=0.05 secs] 
76.488: [GC [PSYoungGen: 320022K->16854K(325184K)] 926053K->629617K(1024256K), 0.0648390 secs] [Times: user=0.10 sys=0.00, real=0.07 secs] 
76.985: [GC [PSYoungGen: 318166K->21151K(324864K)] 930929K->640707K(1023936K), 0.0666980 secs] [Times: user=0.10 sys=0.01, real=0.06 secs] 
77.406: [GC [PSYoungGen: 322399K->20309K(321600K)] 941955K->646451K(1020672K), 0.0484140 secs] [Times: user=0.10 sys=0.00, real=0.05 secs] 
77.831: [GC [PSYoungGen: 321557K->19643K(325440K)] 947699K->651977K(1024512K), 0.0665840 secs] [Times: user=0.12 sys=0.02, real=0.07 secs] 
78.389: [GC [PSYoungGen: 320827K->18206K(325248K)] 953161K->657076K(1024320K), 0.0539180 secs] [Times: user=0.12 sys=0.01, real=0.06 secs] 
78.816: [GC [PSYoungGen: 319390K->16154K(325952K)] 958260K->660732K(1025024K), 0.0562290 secs] [Times: user=0.09 sys=0.00, real=0.05 secs] 
79.307: [GC [PSYoungGen: 318490K->17399K(325888K)] 963068K->667383K(1024960K), 0.0440440 secs] [Times: user=0.10 sys=0.00, real=0.04 secs] 
79.751: [GC [PSYoungGen: 319735K->15089K(326144K)] 969719K->672053K(1025216K), 0.0394810 secs] [Times: user=0.09 sys=0.01, real=0.04 secs] 
80.236: [GC [PSYoungGen: 318001K->20584K(323520K)] 974965K->685774K(1022592K), 0.0621060 secs] [Times: user=0.11 sys=0.01, real=0.06 secs] 
80.750: [GC [PSYoungGen: 323496K->19006K(326016K)] 988686K->694165K(1025088K), 0.0556230 secs] [Times: user=0.11 sys=0.01, real=0.06 secs] 
81.277: [GC [PSYoungGen: 321278K->22844K(325120K)] 996437K->703269K(1024192K), 0.0861960 secs] [Times: user=0.18 sys=0.02, real=0.09 secs] 
81.798: [GC [PSYoungGen: 325116K->19451K(325248K)] 1005541K->706293K(1024320K), 0.0508580 secs] [Times: user=0.11 sys=0.01, real=0.05 secs] 
82.315: [GC [PSYoungGen: 320315K->21689K(322560K)] 1007157K->716459K(1021632K), 0.0726400 secs] [Times: user=0.12 sys=0.03, real=0.07 secs] 
82.388: [Full GC [PSYoungGen: 21689K->0K(322560K)] [PSOldGen: 694769K->231978K(699072K)] 716459K->231978K(1021632K) [PSPermGen: 91441K->91441K(262144K)], 1.1867660 secs] [Times: user=1.18 sys=0.01, real=1.19 secs] 
83.929: [GC [PSYoungGen: 300864K->17951K(325056K)] 532842K->249929K(1024128K), 0.0398090 secs] [Times: user=0.08 sys=0.01, real=0.04 secs] 
84.402: [GC [PSYoungGen: 318239K->21698K(322048K)] 550217K->261633K(1021120K), 0.0627570 secs] [Times: user=0.11 sys=0.00, real=0.07 secs] 
84.928: [GC [PSYoungGen: 321986K->19747K(324992K)] 561921K->268852K(1024064K), 0.0496460 secs] [Times: user=0.12 sys=0.00, real=0.05 secs] 
85.450: [GC [PSYoungGen: 319843K->16689K(324608K)] 568948K->271174K(1023680K), 0.0411440 secs] [Times: user=0.10 sys=0.01, real=0.04 secs] 
85.937: [GC [PSYoungGen: 316785K->15644K(324928K)] 571270K->275441K(1024000K), 0.0385890 secs] [Times: user=0.08 sys=0.00, real=0.04 secs] 
86.330: [GC [PSYoungGen: 316124K->23247K(323776K)] 575921K->287926K(1022848K), 0.0446350 secs] [Times: user=0.12 sys=0.00, real=0.05 secs] 
86.836: [GC [PSYoungGen: 323727K->19502K(324416K)] 588406K->293554K(1023488K), 0.0518160 secs] [Times: user=0.12 sys=0.00, real=0.05 secs] 
87.253: [GC [PSYoungGen: 318318K->20686K(323904K)] 592370K->300392K(1022976K), 0.0503250 secs] [Times: user=0.11 sys=0.00, real=0.05 secs] 
87.757: [GC [PSYoungGen: 319502K->18195K(324864K)] 599208K->302672K(1023936K), 0.0302060 secs] [Times: user=0.10 sys=0.00, real=0.03 secs] 
88.280: [GC [PSYoungGen: 318035K->17596K(324480K)] 602512K->309082K(1023552K), 0.0538840 secs] [Times: user=0.10 sys=0.00, real=0.06 secs] 
88.673: [GC [PSYoungGen: 317436K->22006K(323968K)] 608922K->320515K(1023040K), 0.0795270 secs] [Times: user=0.12 sys=0.00, real=0.08 secs] 
89.231: [GC [PSYoungGen: 321590K->15763K(315392K)] 620099K->322702K(1014464K), 0.0606360 secs] [Times: user=0.15 sys=0.00, real=0.06 secs] 
89.689: [GC [PSYoungGen: 315347K->18137K(324928K)] 622286K->329634K(1024000K), 0.0524650 secs] [Times: user=0.09 sys=0.00, real=0.05 secs] 
90.103: [GC [PSYoungGen: 318041K->20337K(324480K)] 629538K->340523K(1023552K), 0.0529410 secs] [Times: user=0.11 sys=0.00, real=0.06 secs] 
90.615: [GC [PSYoungGen: 320241K->17168K(325184K)] 640427K->342561K(1024256K), 0.0389750 secs] [Times: user=0.09 sys=0.01, real=0.03 secs] 
90.987: [GC [PSYoungGen: 317840K->16156K(324992K)] 643233K->347903K(1024064K), 0.0686430 secs] [Times: user=0.09 sys=0.00, real=0.07 secs] 
91.476: [GC [PSYoungGen: 316828K->16681K(325504K)] 648575K->353997K(1024576K), 0.0418160 secs] [Times: user=0.09 sys=0.00, real=0.04 secs] 
91.913: [GC [PSYoungGen: 317929K->15675K(325248K)] 655245K->359620K(1024320K), 0.0463920 secs] [Times: user=0.09 sys=0.00, real=0.05 secs] 
92.312: [GC [PSYoungGen: 316923K->19454K(325696K)] 660868K->370277K(1024768K), 0.0482680 secs] [Times: user=0.11 sys=0.00, real=0.05 secs] 
92.795: [GC [PSYoungGen: 321214K->16337K(325568K)] 672037K->373662K(1024640K), 0.0506250 secs] [Times: user=0.09 sys=0.00, real=0.05 secs] 
93.222: [GC [PSYoungGen: 318097K->16348K(326144K)] 675422K->380017K(1025216K), 0.0823220 secs] [Times: user=0.09 sys=0.00, real=0.08 secs] 
93.639: [GC [PSYoungGen: 318876K->17652K(325888K)] 682545K->387673K(1024960K), 0.0822980 secs] [Times: user=0.11 sys=0.00, real=0.08 secs] 
94.223: [GC [PSYoungGen: 320180K->20264K(325888K)] 690201K->397288K(1024960K), 0.0607450 secs] [Times: user=0.11 sys=0.00, real=0.06 secs] 
94.765: [GC [PSYoungGen: 323304K->10943K(313984K)] 700328K->394857K(1013056K), 0.0470660 secs] [Times: user=0.07 sys=0.00, real=0.04 secs] 
95.331: [GC [PSYoungGen: 313983K->19474K(325312K)] 697897K->407189K(1024384K), 0.0420040 secs] [Times: user=0.10 sys=0.00, real=0.04 secs] 
95.809: [GC [PSYoungGen: 320850K->20803K(322240K)] 708565K->417942K(1021312K), 0.0545050 secs] [Times: user=0.13 sys=0.00, real=0.05 secs] 
96.248: [GC [PSYoungGen: 322179K->18047K(325504K)] 719318K->422060K(1024576K), 0.0467380 secs] [Times: user=0.10 sys=0.00, real=0.04 secs] 
96.720: [GC [PSYoungGen: 318975K->17529K(324928K)] 722988K->427448K(1024000K), 0.0473360 secs] [Times: user=0.10 sys=0.00, real=0.05 secs] 
97.309: [GC [PSYoungGen: 318457K->20407K(325312K)] 728376K->435836K(1024384K), 0.0581630 secs] [Times: user=0.11 sys=0.00, real=0.06 secs] 
97.797: [GC [PSYoungGen: 322295K->11675K(313600K)] 737724K->432585K(1012672K), 0.0318700 secs] [Times: user=0.08 sys=0.00, real=0.03 secs] 
98.187: [GC [PSYoungGen: 313563K->17650K(325760K)] 734473K->442893K(1024832K), 0.0606910 secs] [Times: user=0.09 sys=0.00, real=0.06 secs] 
98.630: [GC [PSYoungGen: 319026K->18785K(325120K)] 744269K->452759K(1024192K), 0.0510040 secs] [Times: user=0.10 sys=0.00, real=0.05 secs] 
99.122: [GC [PSYoungGen: 320161K->18293K(326272K)] 754135K->459891K(1025344K), 0.0574370 secs] [Times: user=0.11 sys=0.00, real=0.06 secs] 
99.546: [GC [PSYoungGen: 320949K->20737K(323456K)] 762547K->467045K(1022528K), 0.0487090 secs] [Times: user=0.11 sys=0.00, real=0.04 secs] 
100.075: [GC [PSYoungGen: 323393K->18087K(326272K)] 769701K->472562K(1025344K), 0.0550210 secs] [Times: user=0.10 sys=0.00, real=0.06 secs] 
100.524: [GC [PSYoungGen: 320551K->16417K(325696K)] 775026K->476731K(1024768K), 0.0597340 secs] [Times: user=0.10 sys=0.01, real=0.06 secs] 
101.061: [GC [PSYoungGen: 318881K->21103K(325184K)] 779195K->485747K(1024256K), 0.0707050 secs] [Times: user=0.11 sys=0.00, real=0.07 secs] 
101.559: [GC [PSYoungGen: 323247K->18421K(325824K)] 787891K->491769K(1024896K), 0.0634830 secs] [Times: user=0.11 sys=0.01, real=0.06 secs] 
101.969: [GC [PSYoungGen: 320565K->20143K(325888K)] 793913K->499238K(1024960K), 0.0453310 secs] [Times: user=0.10 sys=0.00, real=0.04 secs] 
102.344: [GC [PSYoungGen: 322799K->18272K(326080K)] 801894K->505738K(1025152K), 0.0471220 secs] [Times: user=0.11 sys=0.00, real=0.05 secs] 
102.790: [GC [PSYoungGen: 320927K->18223K(326976K)] 808394K->512247K(1026048K), 0.0561740 secs] [Times: user=0.09 sys=0.00, real=0.05 secs] 
103.176: [GC [PSYoungGen: 322223K->19331K(326528K)] 816247K->518857K(1025600K), 0.0441670 secs] [Times: user=0.10 sys=0.00, real=0.05 secs] 
103.602: [GC [PSYoungGen: 323331K->20247K(326528K)] 822857K->529726K(1025600K), 0.0540070 secs] [Times: user=0.13 sys=0.00, real=0.05 secs] 
104.103: [GC [PSYoungGen: 324311K->15972K(320064K)] 833790K->534938K(1019136K), 0.0529140 secs] [Times: user=0.10 sys=0.00, real=0.05 secs] 
104.503: [GC [PSYoungGen: 320036K->16486K(326848K)] 839002K->541859K(1025920K), 0.0480950 secs] [Times: user=0.10 sys=0.00, real=0.05 secs] 
104.953: [GC [PSYoungGen: 320550K->20604K(324672K)] 845923K->551546K(1023744K), 0.0519110 secs] [Times: user=0.10 sys=0.00, real=0.05 secs] 
105.424: [GC [PSYoungGen: 324668K->16094K(326464K)] 855610K->553597K(1025536K), 0.0515370 secs] [Times: user=0.10 sys=0.00, real=0.05 secs] 
105.975: [GC [PSYoungGen: 319454K->20436K(323840K)] 856957K->565635K(1022912K), 0.0771580 secs] [Times: user=0.11 sys=0.00, real=0.08 secs] 
106.451: [GC [PSYoungGen: 323796K->16565K(326272K)] 868995K->571565K(1025344K), 0.0621060 secs] [Times: user=0.11 sys=0.00, real=0.06 secs] 
106.978: [GC [PSYoungGen: 319413K->19047K(326080K)] 874413K->578400K(1025152K), 0.0615880 secs] [Times: user=0.10 sys=0.01, real=0.06 secs] 
107.431: [GC [PSYoungGen: 321895K->16011K(326528K)] 881248K->582440K(1025600K), 0.0789890 secs] [Times: user=0.09 sys=0.00, real=0.08 secs] 
107.816: [GC [PSYoungGen: 319499K->21397K(324928K)] 885928K->591951K(1024000K), 0.0457080 secs] [Times: user=0.12 sys=0.00, real=0.05 secs] 
108.263: [GC [PSYoungGen: 324885K->19241K(326016K)] 895439K->600077K(1025088K), 0.0640200 secs] [Times: user=0.12 sys=0.00, real=0.06 secs] 
108.716: [GC [PSYoungGen: 321577K->18961K(325824K)] 902413K->605140K(1024896K), 0.0566070 secs] [Times: user=0.10 sys=0.00, real=0.06 secs] 
109.098: [GC [PSYoungGen: 321297K->18781K(326720K)] 907476K->613244K(1025792K), 0.0920230 secs] [Times: user=0.12 sys=0.00, real=0.10 secs] 
109.550: [GC [PSYoungGen: 322333K->18525K(326336K)] 916796K->620620K(1025408K), 0.0599450 secs] [Times: user=0.11 sys=0.00, real=0.06 secs] 
110.081: [GC [PSYoungGen: 322077K->20822K(326208K)] 924172K->627950K(1025280K), 0.0456780 secs] [Times: user=0.13 sys=0.00, real=0.04 secs] 
110.572: [GC [PSYoungGen: 324630K->14600K(318464K)] 931758K->629847K(1017536K), 0.0480210 secs] [Times: user=0.10 sys=0.00, real=0.05 secs] 
110.994: [GC [PSYoungGen: 318408K->18886K(326656K)] 933655K->639235K(1025728K), 0.0610100 secs] [Times: user=0.10 sys=0.02, real=0.06 secs] 
111.470: [GC [PSYoungGen: 322374K->17087K(326336K)] 942723K->644627K(1025408K), 0.0500420 secs] [Times: user=0.10 sys=0.01, real=0.05 secs] 
111.901: [GC [PSYoungGen: 320575K->19750K(326592K)] 948115K->651943K(1025664K), 0.0440730 secs] [Times: user=0.12 sys=0.00, real=0.04 secs] 
112.521: [GC [PSYoungGen: 323686K->19557K(326720K)] 955879K->660745K(1025792K), 0.0731500 secs] [Times: user=0.11 sys=0.01, real=0.07 secs] 
112.999: [GC [PSYoungGen: 323493K->18628K(327168K)] 964681K->665002K(1026240K), 0.0556870 secs] [Times: user=0.10 sys=0.00, real=0.05 secs] 
113.561: [GC [PSYoungGen: 323076K->16184K(326784K)] 969450K->670105K(1025856K), 0.0397600 secs] [Times: user=0.11 sys=0.00, real=0.04 secs] 
113.995: [GC [PSYoungGen: 320623K->19803K(326848K)] 974544K->679828K(1025920K), 0.0826910 secs] [Times: user=0.11 sys=0.00, real=0.08 secs] 
114.521: [GC [PSYoungGen: 324251K->13544K(318016K)] 984276K->677953K(1017088K), 0.0587710 secs] [Times: user=0.08 sys=0.00, real=0.06 secs] 
115.017: [GC [PSYoungGen: 317992K->20728K(325504K)] 982401K->688942K(1024576K), 0.0706000 secs] [Times: user=0.11 sys=0.00, real=0.07 secs] 
115.447: [GC [PSYoungGen: 323256K->21198K(323776K)] 991470K->700436K(1022848K), 0.0730020 secs] [Times: user=0.16 sys=0.00, real=0.08 secs] 
115.883: [GC [PSYoungGen: 323726K->12485K(324544K)] 1002964K->698088K(1023616K), 0.0554170 secs] [Times: user=0.08 sys=0.00, real=0.05 secs] 
116.282: [GC [PSYoungGen: 312965K->21144K(321664K)] 998568K->710413K(1020736K), 0.0693130 secs] [Times: user=0.10 sys=0.00, real=0.07 secs] 
116.352: [Full GC [PSYoungGen: 21144K->0K(321664K)] [PSOldGen: 689269K->209336K(699072K)] 710413K->209336K(1020736K) [PSPermGen: 91713K->91713K(262144K)], 1.1583400 secs] [Times: user=1.16 sys=0.00, real=1.16 secs] 
117.815: [GC [PSYoungGen: 300480K->20411K(324160K)] 509816K->229747K(1023232K), 0.0368950 secs] [Times: user=0.09 sys=0.00, real=0.04 secs] 
118.268: [GC [PSYoungGen: 319483K->19931K(324288K)] 528819K->236415K(1023360K), 0.0450110 secs] [Times: user=0.10 sys=0.01, real=0.05 secs] 
118.658: [GC [PSYoungGen: 319003K->20213K(324480K)] 535487K->242750K(1023552K), 0.0565750 secs] [Times: user=0.11 sys=0.00, real=0.06 secs] 
119.089: [GC [PSYoungGen: 319605K->13710K(313152K)] 542142K->242107K(1012224K), 0.0285290 secs] [Times: user=0.10 sys=0.00, real=0.03 secs] 
119.490: [GC [PSYoungGen: 313102K->19661K(324416K)] 541499K->254683K(1023488K), 0.0762540 secs] [Times: user=0.10 sys=0.00, real=0.07 secs] 
119.889: [GC [PSYoungGen: 318861K->13233K(312448K)] 553883K->257879K(1011520K), 0.0502880 secs] [Times: user=0.09 sys=0.00, real=0.05 secs] 
120.288: [GC [PSYoungGen: 312433K->18484K(324736K)] 557079K->268511K(1023808K), 0.0475710 secs] [Times: user=0.09 sys=0.00, real=0.05 secs] 
120.673: [GC [PSYoungGen: 317940K->20399K(324224K)] 567967K->278944K(1023296K), 0.0610010 secs] [Times: user=0.13 sys=0.01, real=0.06 secs] 
121.074: [GC [PSYoungGen: 319855K->17278K(325056K)] 578400K->281959K(1024128K), 0.0704250 secs] [Times: user=0.11 sys=0.00, real=0.07 secs] 
121.575: [GC [PSYoungGen: 317310K->21686K(321728K)] 581991K->293074K(1020800K), 0.0426310 secs] [Times: user=0.10 sys=0.00, real=0.04 secs] 
122.046: [GC [PSYoungGen: 321718K->16148K(324608K)] 593106K->295516K(1023680K), 0.0500910 secs] [Times: user=0.10 sys=0.00, real=0.05 secs] 
122.479: [GC [PSYoungGen: 315604K->18797K(324352K)] 594972K->303524K(1023424K), 0.0545070 secs] [Times: user=0.09 sys=0.00, real=0.06 secs] 
122.911: [GC [PSYoungGen: 318253K->14596K(325056K)] 602980K->309011K(1024128K), 0.0396140 secs] [Times: user=0.10 sys=0.00, real=0.04 secs] 
123.463: [GC [PSYoungGen: 315204K->16706K(325056K)] 609619K->315175K(1024128K), 0.0539500 secs] [Times: user=0.09 sys=0.00, real=0.05 secs] 
123.920: [GC [PSYoungGen: 317314K->17624K(326080K)] 615783K->322348K(1025152K), 0.0387600 secs] [Times: user=0.09 sys=0.00, real=0.04 secs] 
124.408: [GC [PSYoungGen: 319704K->18362K(325504K)] 624428K->331119K(1024576K), 0.0552190 secs] [Times: user=0.10 sys=0.00, real=0.06 secs] 
124.781: [GC [PSYoungGen: 320442K->16358K(326720K)] 633199K->335570K(1025792K), 0.0448550 secs] [Times: user=0.10 sys=0.00, real=0.04 secs] 
125.168: [GC [PSYoungGen: 319974K->18964K(326400K)] 639186K->345989K(1025472K), 0.0479350 secs] [Times: user=0.11 sys=0.00, real=0.05 secs] 
125.600: [GC [PSYoungGen: 322580K->19981K(326080K)] 649605K->355393K(1025152K), 0.0479220 secs] [Times: user=0.11 sys=0.00, real=0.05 secs] 
125.969: [GC [PSYoungGen: 323277K->16358K(326400K)] 658689K->357656K(1025472K), 0.0438920 secs] [Times: user=0.10 sys=0.01, real=0.05 secs] 
126.442: [GC [PSYoungGen: 319654K->19765K(326272K)] 660952K->368451K(1025344K), 0.0688390 secs] [Times: user=0.11 sys=0.01, real=0.07 secs] 
126.853: [GC [PSYoungGen: 323189K->16980K(326464K)] 671875K->373872K(1025536K), 0.0404120 secs] [Times: user=0.11 sys=0.00, real=0.04 secs] 
127.346: [GC [PSYoungGen: 320404K->19507K(326592K)] 677296K->385411K(1025664K), 0.0825680 secs] [Times: user=0.12 sys=0.00, real=0.08 secs] 
127.740: [GC [PSYoungGen: 323315K->20032K(323904K)] 689219K->394777K(1022976K), 0.0540510 secs] [Times: user=0.13 sys=0.01, real=0.05 secs] 
128.107: [GC [PSYoungGen: 323840K->17955K(326848K)] 698585K->398207K(1025920K), 0.0523150 secs] [Times: user=0.11 sys=0.00, real=0.05 secs] 
128.522: [GC [PSYoungGen: 321699K->19258K(326400K)] 701951K->405333K(1025472K), 0.0440460 secs] [Times: user=0.11 sys=0.00, real=0.04 secs] 
128.884: [GC [PSYoungGen: 323002K->15954K(326912K)] 709077K->409194K(1025984K), 0.0434550 secs] [Times: user=0.10 sys=0.00, real=0.04 secs] 
129.359: [GC [PSYoungGen: 320274K->17433K(326912K)] 713514K->418019K(1025984K), 0.0928310 secs] [Times: user=0.09 sys=0.00, real=0.10 secs] 
129.829: [GC [PSYoungGen: 321753K->19784K(326848K)] 722339K->428054K(1025920K), 0.0548260 secs] [Times: user=0.11 sys=0.01, real=0.06 secs] 
130.247: [GC [PSYoungGen: 324360K->13585K(318208K)] 732630K->427253K(1017280K), 0.0314840 secs] [Times: user=0.08 sys=0.00, real=0.03 secs] 
130.680: [GC [PSYoungGen: 318161K->16938K(327040K)] 731829K->434549K(1026112K), 0.0529060 secs] [Times: user=0.08 sys=0.00, real=0.06 secs] 
131.056: [GC [PSYoungGen: 321130K->18734K(326656K)] 738741K->443560K(1025728K), 0.0589710 secs] [Times: user=0.11 sys=0.00, real=0.06 secs] 
131.579: [GC [PSYoungGen: 322926K->16686K(327360K)] 747752K->448943K(1026432K), 0.0455160 secs] [Times: user=0.11 sys=0.00, real=0.05 secs] 
132.049: [GC [PSYoungGen: 321646K->15198K(327104K)] 753903K->453055K(1026176K), 0.0352850 secs] [Times: user=0.09 sys=0.00, real=0.04 secs] 
132.526: [GC [PSYoungGen: 320158K->18552K(327424K)] 758015K->462057K(1026496K), 0.0709290 secs] [Times: user=0.09 sys=0.00, real=0.07 secs] 
133.013: [GC [PSYoungGen: 323896K->18684K(327424K)] 767401K->472917K(1026496K), 0.0669120 secs] [Times: user=0.11 sys=0.01, real=0.06 secs] 
133.439: [GC [PSYoungGen: 324028K->16125K(327616K)] 778261K->476580K(1026688K), 0.0359640 secs] [Times: user=0.09 sys=0.00, real=0.04 secs] 
133.804: [GC [PSYoungGen: 321725K->16693K(327488K)] 782180K->483751K(1026560K), 0.0459880 secs] [Times: user=0.09 sys=0.01, real=0.04 secs] 
134.209: [GC [PSYoungGen: 322293K->19515K(327168K)] 789351K->493713K(1026240K), 0.0649420 secs] [Times: user=0.10 sys=0.00, real=0.07 secs] 
134.729: [GC [PSYoungGen: 325115K->19434K(325056K)] 799313K->501392K(1024128K), 0.0729900 secs] [Times: user=0.11 sys=0.00, real=0.08 secs] 
135.163: [GC [PSYoungGen: 325034K->15144K(327232K)] 806992K->501240K(1026304K), 0.0736950 secs] [Times: user=0.07 sys=0.01, real=0.07 secs] 
135.604: [GC [PSYoungGen: 320232K->19118K(324224K)] 806328K->512700K(1023296K), 0.0643610 secs] [Times: user=0.10 sys=0.00, real=0.06 secs] 
135.982: [GC [PSYoungGen: 324206K->22318K(317440K)] 817788K->525811K(1016512K), 0.0526950 secs] [Times: user=0.14 sys=0.00, real=0.06 secs] 
136.453: [GC [PSYoungGen: 317420K->13257K(308416K)] 820913K->524823K(1007488K), 0.0453880 secs] [Times: user=0.10 sys=0.00, real=0.04 secs] 
136.835: [GC [PSYoungGen: 308361K->19505K(322624K)] 819927K->535793K(1021696K), 0.0434620 secs] [Times: user=0.10 sys=0.00, real=0.04 secs] 
137.255: [GC [PSYoungGen: 314673K->15626K(322048K)] 830961K->538469K(1021120K), 0.0534410 secs] [Times: user=0.09 sys=0.00, real=0.05 secs] 
137.715: [GC [PSYoungGen: 310794K->18705K(323584K)] 833637K->545164K(1022656K), 0.0397360 secs] [Times: user=0.10 sys=0.01, real=0.04 secs] 
138.140: [GC [PSYoungGen: 315729K->20386K(322944K)] 842188K->555460K(1022016K), 0.0509250 secs] [Times: user=0.12 sys=0.01, real=0.05 secs] 
138.555: [GC [PSYoungGen: 317410K->16945K(324032K)] 852484K->559797K(1023104K), 0.0442940 secs] [Times: user=0.11 sys=0.00, real=0.04 secs] 
139.027: [GC [PSYoungGen: 315121K->12416K(323648K)] 857973K->559912K(1022720K), 0.0419820 secs] [Times: user=0.08 sys=0.00, real=0.04 secs] 
139.499: [GC [PSYoungGen: 310592K->20500K(323328K)] 858088K->571907K(1022400K), 0.0431040 secs] [Times: user=0.10 sys=0.00, real=0.05 secs] 
139.950: [GC [PSYoungGen: 318036K->19738K(323520K)] 869443K->580295K(1022592K), 0.0552780 secs] [Times: user=0.11 sys=0.01, real=0.06 secs] 
140.400: [GC [PSYoungGen: 317274K->20761K(323328K)] 877831K->587810K(1022400K), 0.0538080 secs] [Times: user=0.12 sys=0.00, real=0.06 secs] 
140.773: [GC [PSYoungGen: 318297K->19822K(323520K)] 885346K->589944K(1022592K), 0.0570670 secs] [Times: user=0.10 sys=0.00, real=0.05 secs] 
141.200: [GC [PSYoungGen: 317358K->13493K(323520K)] 887480K->588763K(1022592K), 0.0428600 secs] [Times: user=0.09 sys=0.00, real=0.05 secs] 
141.633: [GC [PSYoungGen: 311285K->16227K(323648K)] 886555K->595435K(1022720K), 0.0381220 secs] [Times: user=0.08 sys=0.01, real=0.03 secs] 
142.115: [GC [PSYoungGen: 314019K->13470K(323968K)] 893227K->599992K(1023040K), 0.0587110 secs] [Times: user=0.08 sys=0.01, real=0.06 secs] 
142.597: [GC [PSYoungGen: 312030K->20959K(319552K)] 898552K->613121K(1018624K), 0.0447700 secs] [Times: user=0.10 sys=0.00, real=0.04 secs] 
142.949: [GC [PSYoungGen: 319519K->19055K(323904K)] 911681K->620796K(1022976K), 0.0500930 secs] [Times: user=0.12 sys=0.01, real=0.05 secs] 
143.309: [GC [PSYoungGen: 317039K->17188K(323584K)] 918780K->624543K(1022656K), 0.0678980 secs] [Times: user=0.16 sys=0.01, real=0.07 secs] 
143.886: [GC [PSYoungGen: 315172K->17773K(325248K)] 922527K->631345K(1024320K), 0.0493040 secs] [Times: user=0.09 sys=0.00, real=0.05 secs] 
144.187: [GC [PSYoungGen: 318061K->19037K(324544K)] 931633K->637171K(1023616K), 0.0344230 secs] [Times: user=0.10 sys=0.00, real=0.03 secs] 
144.641: [GC [PSYoungGen: 319325K->16980K(325888K)] 937459K->642549K(1024960K), 0.0487270 secs] [Times: user=0.10 sys=0.00, real=0.05 secs] 
145.053: [GC [PSYoungGen: 318804K->15416K(325440K)] 944373K->648786K(1024512K), 0.0428810 secs] [Times: user=0.10 sys=0.00, real=0.04 secs] 
145.436: [GC [PSYoungGen: 317240K->18544K(326272K)] 950610K->657831K(1025344K), 0.0449170 secs] [Times: user=0.12 sys=0.00, real=0.04 secs] 
145.798: [GC [PSYoungGen: 321328K->21527K(324352K)] 960615K->668333K(1023424K), 0.0662420 secs] [Times: user=0.11 sys=0.00, real=0.07 secs] 
146.262: [GC [PSYoungGen: 324302K->13815K(325056K)] 971108K->667118K(1024128K), 0.0412560 secs] [Times: user=0.08 sys=0.00, real=0.05 secs] 
146.679: [GC [PSYoungGen: 314807K->19133K(325248K)] 968110K->675297K(1024320K), 0.0545920 secs] [Times: user=0.09 sys=0.00, real=0.06 secs] 
147.084: [GC [PSYoungGen: 320125K->15585K(325632K)] 976289K->680264K(1024704K), 0.0440010 secs] [Times: user=0.11 sys=0.00, real=0.04 secs] 
147.544: [GC [PSYoungGen: 317089K->17819K(325376K)] 981768K->688244K(1024448K), 0.0529300 secs] [Times: user=0.10 sys=0.00, real=0.05 secs] 
148.031: [GC [PSYoungGen: 319323K->16491K(326528K)] 989748K->695608K(1025600K), 0.0882090 secs] [Times: user=0.10 sys=0.00, real=0.09 secs] 
148.496: [GC [PSYoungGen: 319723K->17542K(326208K)] 998840K->703724K(1025280K), 0.0558110 secs] [Times: user=0.11 sys=0.00, real=0.05 secs] 
148.917: [GC [PSYoungGen: 320774K->18175K(327296K)] 1006956K->709992K(1026368K), 0.0474080 secs] [Times: user=0.10 sys=0.00, real=0.05 secs] 
148.964: [Full GC [PSYoungGen: 18175K->0K(327296K)] [PSOldGen: 691817K->181155K(699072K)] 709992K->181155K(1026368K) [PSPermGen: 91841K->90936K(262144K)], 1.2623200 secs] [Times: user=1.26 sys=0.01, real=1.26 secs] 
150.632: [GC [PSYoungGen: 304896K->22189K(327104K)] 486051K->204766K(1026176K), 0.0556820 secs] [Times: user=0.10 sys=0.00, real=0.06 secs] 
151.066: [GC [PSYoungGen: 327085K->17989K(325056K)] 509662K->212836K(1024128K), 0.0533180 secs] [Times: user=0.11 sys=0.00, real=0.05 secs] 
151.435: [GC [PSYoungGen: 320645K->16847K(326080K)] 515492K->218109K(1025152K), 0.0495730 secs] [Times: user=0.09 sys=0.00, real=0.05 secs] 
151.843: [GC [PSYoungGen: 319503K->18509K(326720K)] 520765K->224362K(1025792K), 0.0328690 secs] [Times: user=0.09 sys=0.00, real=0.04 secs] 
152.218: [GC [PSYoungGen: 322117K->19469K(326400K)] 527969K->234132K(1025472K), 0.0469750 secs] [Times: user=0.11 sys=0.00, real=0.05 secs] 
152.659: [GC [PSYoungGen: 323085K->16930K(326912K)] 537748K->238499K(1025984K), 0.0496130 secs] [Times: user=0.10 sys=0.00, real=0.05 secs] 
153.116: [GC [PSYoungGen: 320994K->17043K(326656K)] 542563K->243142K(1025728K), 0.0383000 secs] [Times: user=0.08 sys=0.00, real=0.04 secs] 
153.472: [GC [PSYoungGen: 321106K->21807K(325248K)] 547205K->252335K(1024320K), 0.0486140 secs] [Times: user=0.10 sys=0.00, real=0.05 secs] 
153.925: [GC [PSYoungGen: 324719K->16906K(326208K)] 555247K->256782K(1025280K), 0.0590180 secs] [Times: user=0.11 sys=0.00, real=0.05 secs] 
154.375: [GC [PSYoungGen: 319818K->17119K(326720K)] 559694K->263042K(1025792K), 0.0444440 secs] [Times: user=0.09 sys=0.01, real=0.04 secs] 
154.780: [GC [PSYoungGen: 320799K->19302K(326464K)] 566722K->271025K(1025536K), 0.0431830 secs] [Times: user=0.09 sys=0.00, real=0.04 secs] 
155.210: [GC [PSYoungGen: 322982K->18796K(326976K)] 574705K->277323K(1026048K), 0.0584650 secs] [Times: user=0.10 sys=0.00, real=0.06 secs] 
155.696: [GC [PSYoungGen: 323052K->18242K(326784K)] 581579K->282899K(1025856K), 0.0429120 secs] [Times: user=0.10 sys=0.00, real=0.04 secs] 
156.167: [GC [PSYoungGen: 322498K->18221K(327744K)] 587155K->288716K(1026816K), 0.0399550 secs] [Times: user=0.10 sys=0.00, real=0.04 secs] 
156.585: [GC [PSYoungGen: 323885K->17805K(327424K)] 594380K->294308K(1026496K), 0.0475400 secs] [Times: user=0.09 sys=0.00, real=0.05 secs] 
156.983: [GC [PSYoungGen: 323469K->20972K(326656K)] 599972K->304019K(1025728K), 0.0495760 secs] [Times: user=0.11 sys=0.00, real=0.05 secs] 
157.389: [GC [PSYoungGen: 326188K->19215K(327360K)] 609235K->309780K(1026432K), 0.0502870 secs] [Times: user=0.11 sys=0.00, real=0.05 secs] 
157.782: [GC [PSYoungGen: 324431K->19757K(327296K)] 614996K->315562K(1026368K), 0.0619800 secs] [Times: user=0.10 sys=0.00, real=0.06 secs] 
158.133: [GC [PSYoungGen: 324973K->20378K(325632K)] 620778K->321250K(1024704K), 0.0637020 secs] [Times: user=0.10 sys=0.00, real=0.07 secs] 
158.542: [GC [PSYoungGen: 325594K->18103K(327296K)] 626466K->325496K(1026368K), 0.0555460 secs] [Times: user=0.10 sys=0.00, real=0.06 secs] 
158.906: [GC [PSYoungGen: 322934K->16110K(327040K)] 630327K->329128K(1026112K), 0.0347970 secs] [Times: user=0.09 sys=0.01, real=0.03 secs] 
159.358: [GC [PSYoungGen: 320942K->16903K(327296K)] 633960K->336716K(1026368K), 0.0683060 secs] [Times: user=0.10 sys=0.00, real=0.07 secs] 
159.802: [GC [PSYoungGen: 321863K->15582K(327168K)] 641676K->341786K(1026240K), 0.0736350 secs] [Times: user=0.10 sys=0.00, real=0.08 secs] 
160.311: [GC [PSYoungGen: 320542K->17651K(327552K)] 646746K->351395K(1026624K), 0.0737560 secs] [Times: user=0.11 sys=0.01, real=0.08 secs] 
160.792: [GC [PSYoungGen: 322867K->20472K(325696K)] 656611K->359404K(1024768K), 0.0450970 secs] [Times: user=0.10 sys=0.00, real=0.05 secs] 
161.250: [GC [PSYoungGen: 325688K->16030K(327040K)] 664620K->363350K(1026112K), 0.0561560 secs] [Times: user=0.08 sys=0.00, real=0.06 secs] 
161.628: [GC [PSYoungGen: 320606K->17156K(327040K)] 667926K->371828K(1026112K), 0.0549950 secs] [Times: user=0.10 sys=0.00, real=0.05 secs] 
162.019: [GC [PSYoungGen: 321732K->18497K(327552K)] 676404K->381003K(1026624K), 0.0631540 secs] [Times: user=0.10 sys=0.00, real=0.07 secs] 
162.469: [GC [PSYoungGen: 323905K->12935K(318400K)] 686411K->379454K(1017472K), 0.0375950 secs] [Times: user=0.08 sys=0.00, real=0.04 secs] 
162.879: [GC [PSYoungGen: 318343K->20668K(325696K)] 684862K->390692K(1024768K), 0.0440050 secs] [Times: user=0.10 sys=0.00, real=0.04 secs] 
163.333: [GC [PSYoungGen: 323964K->18115K(326400K)] 693988K->397831K(1025472K), 0.0772330 secs] [Times: user=0.11 sys=0.02, real=0.08 secs] 
163.837: [GC [PSYoungGen: 321411K->15836K(326976K)] 701127K->400385K(1026048K), 0.0466520 secs] [Times: user=0.09 sys=0.00, real=0.04 secs] 
164.215: [GC [PSYoungGen: 320156K->20953K(325312K)] 704705K->411239K(1024384K), 0.0560860 secs] [Times: user=0.10 sys=0.00, real=0.06 secs] 
164.711: [GC [PSYoungGen: 325273K->17345K(326656K)] 715559K->416961K(1025728K), 0.0616320 secs] [Times: user=0.10 sys=0.01, real=0.06 secs] 
165.094: [GC [PSYoungGen: 320705K->15391K(326208K)] 720321K->421449K(1025280K), 0.0412080 secs] [Times: user=0.09 sys=0.00, real=0.04 secs] 
165.542: [GC [PSYoungGen: 318751K->18402K(326912K)] 724809K->430040K(1025984K), 0.0562180 secs] [Times: user=0.10 sys=0.00, real=0.06 secs] 
165.981: [GC [PSYoungGen: 322530K->13882K(326720K)] 734168K->433349K(1025792K), 0.0406040 secs] [Times: user=0.08 sys=0.00, real=0.04 secs] 
166.374: [GC [PSYoungGen: 318010K->17823K(327104K)] 737477K->442800K(1026176K), 0.0351200 secs] [Times: user=0.11 sys=0.00, real=0.04 secs] 
166.749: [GC [PSYoungGen: 322207K->19677K(326784K)] 747184K->451827K(1025856K), 0.0449870 secs] [Times: user=0.11 sys=0.00, real=0.04 secs] 
167.168: [GC [PSYoungGen: 324061K->16392K(327104K)] 756211K->454058K(1026176K), 0.0496590 secs] [Times: user=0.09 sys=0.00, real=0.05 secs] 
167.582: [GC [PSYoungGen: 320776K->18316K(326784K)] 758442K->460672K(1025856K), 0.0602720 secs] [Times: user=0.09 sys=0.00, real=0.06 secs] 
168.064: [GC [PSYoungGen: 322700K->18011K(327552K)] 765056K->468029K(1026624K), 0.0411160 secs] [Times: user=0.11 sys=0.00, real=0.04 secs] 
168.478: [GC [PSYoungGen: 323355K->15517K(327296K)] 773372K->471494K(1026368K), 0.0344240 secs] [Times: user=0.08 sys=0.00, real=0.03 secs] 
168.931: [GC [PSYoungGen: 320856K->15743K(327808K)] 776833K->475347K(1026880K), 0.0582650 secs] [Times: user=0.07 sys=0.01, real=0.06 secs] 
169.401: [GC [PSYoungGen: 321663K->20792K(326720K)] 781267K->488951K(1025792K), 0.0872670 secs] [Times: user=0.12 sys=0.00, real=0.09 secs] 
169.907: [GC [PSYoungGen: 326709K->15242K(327040K)] 794868K->490609K(1026112K), 0.0623680 secs] [Times: user=0.09 sys=0.00, real=0.06 secs] 
170.336: [GC [PSYoungGen: 319690K->18510K(326912K)] 795057K->501342K(1025984K), 0.0733430 secs] [Times: user=0.11 sys=0.00, real=0.08 secs] 
170.726: [GC [PSYoungGen: 322958K->16178K(327360K)] 805790K->505664K(1026432K), 0.0391190 secs] [Times: user=0.10 sys=0.01, real=0.04 secs] 
171.118: [GC [PSYoungGen: 321138K->18957K(327104K)] 810624K->515848K(1026176K), 0.0629890 secs] [Times: user=0.10 sys=0.00, real=0.06 secs] 
171.484: [GC [PSYoungGen: 323917K->19879K(326464K)] 820808K->525199K(1025536K), 0.0490460 secs] [Times: user=0.11 sys=0.00, real=0.05 secs] 
171.858: [GC [PSYoungGen: 324071K->20106K(324352K)] 829391K->529584K(1023424K), 0.0338750 secs] [Times: user=0.10 sys=0.00, real=0.03 secs] 
172.319: [GC [PSYoungGen: 324298K->16499K(326720K)] 833776K->530294K(1025792K), 0.0525490 secs] [Times: user=0.09 sys=0.00, real=0.05 secs] 
172.724: [GC [PSYoungGen: 320179K->17227K(326464K)] 833974K->537029K(1025536K), 0.0686280 secs] [Times: user=0.09 sys=0.00, real=0.07 secs] 
173.135: [GC [PSYoungGen: 320907K->20135K(326208K)] 840709K->547966K(1025280K), 0.0621090 secs] [Times: user=0.11 sys=0.00, real=0.07 secs] 
173.498: [GC [PSYoungGen: 323943K->16861K(326656K)] 851774K->552305K(1025728K), 0.0525070 secs] [Times: user=0.10 sys=0.00, real=0.05 secs] 
174.010: [GC [PSYoungGen: 320669K->21334K(325312K)] 856113K->562831K(1024384K), 0.0492430 secs] [Times: user=0.11 sys=0.00, real=0.05 secs] 
174.405: [GC [PSYoungGen: 324118K->21463K(324288K)] 865615K->571331K(1023360K), 0.0425910 secs] [Times: user=0.14 sys=0.00, real=0.05 secs] 
175.015: [GC [PSYoungGen: 324247K->16567K(325696K)] 874115K->570170K(1024768K), 0.0423890 secs] [Times: user=0.08 sys=0.00, real=0.05 secs] 
175.422: [GC [PSYoungGen: 318263K->18726K(325504K)] 871866K->578480K(1024576K), 0.0574740 secs] [Times: user=0.10 sys=0.01, real=0.06 secs] 
175.877: [GC [PSYoungGen: 320422K->13418K(325440K)] 880176K->580104K(1024512K), 0.0442640 secs] [Times: user=0.09 sys=0.00, real=0.05 secs] 
176.199: [GC [PSYoungGen: 315434K->19170K(325760K)] 882120K->587826K(1024832K), 0.0389670 secs] [Times: user=0.09 sys=0.00, real=0.04 secs] 
176.683: [GC [PSYoungGen: 321186K->19013K(326016K)] 889842K->595678K(1025088K), 0.0584120 secs] [Times: user=0.11 sys=0.00, real=0.06 secs] 
177.165: [GC [PSYoungGen: 321349K->22181K(324544K)] 898014K->606624K(1023616K), 0.0641670 secs] [Times: user=0.12 sys=0.00, real=0.07 secs] 
177.572: [GC [PSYoungGen: 324517K->17286K(325440K)] 908960K->609240K(1024512K), 0.0676350 secs] [Times: user=0.10 sys=0.00, real=0.07 secs] 
177.996: [GC [PSYoungGen: 318278K->20285K(325056K)] 910232K->617852K(1024128K), 0.0516660 secs] [Times: user=0.11 sys=0.00, real=0.06 secs] 
178.411: [GC [PSYoungGen: 321277K->15074K(325184K)] 918844K->618262K(1024256K), 0.0480150 secs] [Times: user=0.09 sys=0.01, real=0.05 secs] 
178.735: [GC [PSYoungGen: 316066K->20993K(322048K)] 919254K->628542K(1021120K), 0.0795080 secs] [Times: user=0.10 sys=0.00, real=0.08 secs] 
179.159: [GC [PSYoungGen: 321985K->17478K(325312K)] 929534K->634135K(1024384K), 0.0469480 secs] [Times: user=0.12 sys=0.00, real=0.04 secs] 
179.516: [GC [PSYoungGen: 318150K->17193K(324864K)] 934807K->640513K(1023936K), 0.0557460 secs] [Times: user=0.12 sys=0.01, real=0.06 secs] 
179.893: [GC [PSYoungGen: 317865K->12534K(324864K)] 941185K->639169K(1023936K), 0.0373850 secs] [Times: user=0.07 sys=0.00, real=0.04 secs] 
180.332: [GC [PSYoungGen: 313526K->21819K(322816K)] 940161K->654338K(1021888K), 0.0600330 secs] [Times: user=0.11 sys=0.00, real=0.06 secs] 
180.733: [GC [PSYoungGen: 322811K->16622K(324800K)] 955330K->657940K(1023872K), 0.0469800 secs] [Times: user=0.11 sys=0.00, real=0.05 secs] 
181.126: [GC [PSYoungGen: 316270K->15780K(324352K)] 957588K->663288K(1023424K), 0.0466420 secs] [Times: user=0.10 sys=0.00, real=0.05 secs] 
181.587: [GC [PSYoungGen: 315428K->16466K(325568K)] 962936K->668752K(1024640K), 0.0472180 secs] [Times: user=0.09 sys=0.00, real=0.05 secs] 
181.975: [GC [PSYoungGen: 317650K->16083K(325120K)] 969936K->673705K(1024192K), 0.0688970 secs] [Times: user=0.11 sys=0.01, real=0.07 secs] 
182.440: [GC [PSYoungGen: 317267K->17165K(326464K)] 974889K->683322K(1025536K), 0.0493510 secs] [Times: user=0.10 sys=0.00, real=0.05 secs] 
182.829: [GC [PSYoungGen: 320013K->14589K(325888K)] 986170K->686511K(1024960K), 0.0400420 secs] [Times: user=0.09 sys=0.00, real=0.04 secs] 
183.244: [GC [PSYoungGen: 317437K->18596K(326592K)] 989359K->694954K(1025664K), 0.0441230 secs] [Times: user=0.10 sys=0.00, real=0.04 secs] 
183.645: [GC [PSYoungGen: 322212K->19092K(322752K)] 998570K->703271K(1021824K), 0.0462310 secs] [Times: user=0.12 sys=0.00, real=0.05 secs] 
184.085: [GC [PSYoungGen: 322708K->18236K(326720K)] 1006887K->708547K(1025792K), 0.0658500 secs] [Times: user=0.10 sys=0.00, real=0.07 secs] 
184.151: [Full GC [PSYoungGen: 18236K->0K(326720K)] [PSOldGen: 690310K->222379K(699072K)] 708547K->222379K(1025792K) [PSPermGen: 91403K->91403K(262144K)], 1.0747480 secs] [Times: user=1.07 sys=0.00, real=1.07 secs] 
185.677: [GC [PSYoungGen: 303680K->21931K(325632K)] 526059K->244310K(1024704K), 0.1261720 secs] [Times: user=0.12 sys=0.00, real=0.13 secs] 
186.184: [GC [PSYoungGen: 325611K->15221K(325760K)] 547990K->251367K(1024832K), 0.0589380 secs] [Times: user=0.12 sys=0.01, real=0.06 secs] 
186.581: [GC [PSYoungGen: 317109K->16927K(325632K)] 553255K->256522K(1024704K), 0.1332680 secs] [Times: user=0.14 sys=0.00, real=0.13 secs] 
187.167: [GC [PSYoungGen: 318815K->15591K(326464K)] 558410K->259800K(1025536K), 0.0407650 secs] [Times: user=0.08 sys=0.00, real=0.04 secs] 
187.576: [GC [PSYoungGen: 318759K->17458K(326208K)] 562968K->267941K(1025280K), 0.0418060 secs] [Times: user=0.10 sys=0.00, real=0.04 secs] 
187.985: [GC [PSYoungGen: 320626K->18406K(327104K)] 571109K->275496K(1026176K), 0.0553170 secs] [Times: user=0.10 sys=0.00, real=0.06 secs] 
188.370: [GC [PSYoungGen: 322982K->20354K(324992K)] 580072K->282711K(1024064K), 0.0515090 secs] [Times: user=0.11 sys=0.00, real=0.05 secs] 
188.752: [GC [PSYoungGen: 324930K->18710K(326720K)] 587287K->289120K(1025792K), 0.0541820 secs] [Times: user=0.11 sys=0.00, real=0.05 secs] 
189.183: [GC [PSYoungGen: 322518K->20298K(324160K)] 592928K->294834K(1023232K), 0.0412920 secs] [Times: user=0.10 sys=0.01, real=0.04 secs] 
189.637: [GC [PSYoungGen: 324106K->16925K(326656K)] 598642K->297652K(1025728K), 0.0572370 secs] [Times: user=0.09 sys=0.00, real=0.06 secs] 
190.015: [GC [PSYoungGen: 320413K->21411K(324928K)] 601140K->307427K(1024000K), 0.0562420 secs] [Times: user=0.11 sys=0.00, real=0.06 secs] 
190.430: [GC [PSYoungGen: 324899K->15624K(325952K)] 610915K->310785K(1025024K), 0.0594040 secs] [Times: user=0.10 sys=0.01, real=0.06 secs] 
190.841: [GC [PSYoungGen: 317960K->19151K(325888K)] 613121K->318459K(1024960K), 0.0405370 secs] [Times: user=0.09 sys=0.01, real=0.04 secs] 
191.356: [GC [PSYoungGen: 321487K->18079K(326592K)] 620795K->324734K(1025664K), 0.0598580 secs] [Times: user=0.10 sys=0.01, real=0.06 secs] 
191.723: [GC [PSYoungGen: 321247K->20510K(326080K)] 627902K->332299K(1025152K), 0.0683710 secs] [Times: user=0.10 sys=0.01, real=0.07 secs] 
192.147: [GC [PSYoungGen: 323678K->20847K(325312K)] 635467K->340704K(1024384K), 0.0604210 secs] [Times: user=0.11 sys=0.00, real=0.06 secs] 
192.540: [GC [PSYoungGen: 322863K->15060K(317120K)] 642720K->340488K(1016192K), 0.0338310 secs] [Times: user=0.09 sys=0.00, real=0.04 secs] 
192.985: [GC [PSYoungGen: 317076K->17223K(326016K)] 642504K->348249K(1025088K), 0.0463520 secs] [Times: user=0.08 sys=0.00, real=0.05 secs] 
193.404: [GC [PSYoungGen: 319431K->22055K(324288K)] 650457K->360875K(1023360K), 0.0627670 secs] [Times: user=0.12 sys=0.00, real=0.06 secs] 
193.899: [GC [PSYoungGen: 324261K->13964K(324736K)] 663081K->358780K(1023808K), 0.0336360 secs] [Times: user=0.08 sys=0.00, real=0.04 secs] 
194.268: [GC [PSYoungGen: 314316K->14534K(324928K)] 659132K->364676K(1024000K), 0.0447560 secs] [Times: user=0.08 sys=0.00, real=0.05 secs] 
194.730: [GC [PSYoungGen: 314886K->16594K(325440K)] 665028K->371912K(1024512K), 0.0978830 secs] [Times: user=0.09 sys=0.01, real=0.10 secs] 
195.115: [GC [PSYoungGen: 317458K->24043K(324928K)] 672776K->385852K(1024000K), 0.0471150 secs] [Times: user=0.12 sys=0.00, real=0.05 secs] 
195.566: [GC [PSYoungGen: 324907K->18269K(319296K)] 686716K->391015K(1018368K), 0.0706860 secs] [Times: user=0.12 sys=0.00, real=0.07 secs] 
195.987: [GC [PSYoungGen: 312989K->17540K(322112K)] 685735K->396220K(1021184K), 0.0597240 secs] [Times: user=0.09 sys=0.00, real=0.06 secs] 
196.409: [GC [PSYoungGen: 312260K->16406K(323136K)] 690940K->400486K(1022208K), 0.0369320 secs] [Times: user=0.09 sys=0.00, real=0.04 secs] 
196.849: [GC [PSYoungGen: 312790K->14293K(322752K)] 696870K->405440K(1021824K), 0.0472820 secs] [Times: user=0.09 sys=0.00, real=0.05 secs] 
197.259: [GC [PSYoungGen: 310677K->21142K(322560K)] 701824K->417794K(1021632K), 0.0387350 secs] [Times: user=0.11 sys=0.00, real=0.04 secs] 
197.667: [GC [PSYoungGen: 317398K->17048K(322880K)] 714050K->421203K(1021952K), 0.0412170 secs] [Times: user=0.10 sys=0.01, real=0.04 secs] 
198.110: [GC [PSYoungGen: 313304K->17679K(324160K)] 717459K->429375K(1023232K), 0.0435580 secs] [Times: user=0.10 sys=0.00, real=0.05 secs] 
198.523: [GC [PSYoungGen: 315791K->18365K(323456K)] 727487K->436739K(1022528K), 0.0421620 secs] [Times: user=0.11 sys=0.00, real=0.04 secs] 
199.221: [GC [PSYoungGen: 316477K->18254K(325440K)] 734851K->445371K(1024512K), 0.0560720 secs] [Times: user=0.12 sys=0.01, real=0.06 secs] 
199.739: [GC [PSYoungGen: 318990K->19131K(324800K)] 746107K->451259K(1023872K), 0.0440890 secs] [Times: user=0.11 sys=0.00, real=0.05 secs] 
200.242: [GC [PSYoungGen: 319867K->18447K(326208K)] 751995K->455061K(1025280K), 0.0516970 secs] [Times: user=0.10 sys=0.00, real=0.05 secs] 
200.615: [GC [PSYoungGen: 320844K->21030K(325696K)] 757457K->463673K(1024768K), 0.0626220 secs] [Times: user=0.11 sys=0.01, real=0.06 secs] 
201.023: [GC [PSYoungGen: 323430K->17313K(325952K)] 766073K->467079K(1025024K), 0.0484920 secs] [Times: user=0.10 sys=0.00, real=0.04 secs] 
201.459: [GC [PSYoungGen: 319443K->17071K(325696K)] 769209K->472014K(1024768K), 0.0542650 secs] [Times: user=0.10 sys=0.00, real=0.06 secs] 
201.939: [GC [PSYoungGen: 319215K->16912K(326464K)] 774158K->475766K(1025536K), 0.0655710 secs] [Times: user=0.12 sys=0.01, real=0.07 secs] 
202.382: [GC [PSYoungGen: 320144K->18860K(326272K)] 778998K->486056K(1025344K), 0.0482040 secs] [Times: user=0.11 sys=0.00, real=0.05 secs] 
202.817: [GC [PSYoungGen: 322092K->15157K(326592K)] 789288K->492177K(1025664K), 0.0523610 secs] [Times: user=0.10 sys=0.01, real=0.05 secs] 
203.209: [GC [PSYoungGen: 318965K->17649K(326656K)] 795985K->499483K(1025728K), 0.0515330 secs] [Times: user=0.09 sys=0.00, real=0.05 secs] 
203.631: [GC [PSYoungGen: 321457K->17309K(327424K)] 803291K->505134K(1026496K), 0.0458970 secs] [Times: user=0.11 sys=0.00, real=0.05 secs] 
204.032: [GC [PSYoungGen: 322333K->16077K(327104K)] 810158K->510862K(1026176K), 0.0453490 secs] [Times: user=0.10 sys=0.00, real=0.05 secs] 
204.442: [GC [PSYoungGen: 321101K->15200K(327552K)] 815886K->515508K(1026624K), 0.0652660 secs] [Times: user=0.09 sys=0.00, real=0.07 secs] 
204.890: [GC [PSYoungGen: 320800K->17382K(327552K)] 821108K->523527K(1026624K), 0.0439380 secs] [Times: user=0.10 sys=0.00, real=0.05 secs] 
205.321: [GC [PSYoungGen: 322982K->18826K(327744K)] 829127K->532505K(1026816K), 0.0631150 secs] [Times: user=0.10 sys=0.00, real=0.07 secs] 
205.777: [GC [PSYoungGen: 325066K->20094K(326336K)] 838745K->540389K(1025408K), 0.0569770 secs] [Times: user=0.11 sys=0.00, real=0.06 secs] 
206.258: [GC [PSYoungGen: 326334K->14977K(327232K)] 846629K->542171K(1026304K), 0.0494120 secs] [Times: user=0.09 sys=0.00, real=0.05 secs] 
206.692: [GC [PSYoungGen: 320065K->19594K(324736K)] 847259K->552691K(1023808K), 0.0547860 secs] [Times: user=0.10 sys=0.01, real=0.06 secs] 
207.092: [GC [PSYoungGen: 324682K->16018K(327168K)] 857779K->555398K(1026240K), 0.0550990 secs] [Times: user=0.09 sys=0.00, real=0.06 secs] 
207.470: [GC [PSYoungGen: 320658K->18797K(326976K)] 860038K->565377K(1026048K), 0.0438470 secs] [Times: user=0.11 sys=0.00, real=0.05 secs] 
207.848: [GC [PSYoungGen: 323431K->16166K(327424K)] 870010K->571926K(1026496K), 0.0535230 secs] [Times: user=0.11 sys=0.00, real=0.05 secs] 
208.227: [GC [PSYoungGen: 321254K->17842K(327168K)] 877014K->578512K(1026240K), 0.0585080 secs] [Times: user=0.09 sys=0.00, real=0.06 secs] 
208.634: [GC [PSYoungGen: 322930K->18281K(327872K)] 883600K->584647K(1026944K), 0.0575310 secs] [Times: user=0.10 sys=0.00, real=0.05 secs] 
209.082: [GC [PSYoungGen: 324393K->18383K(327744K)] 890759K->591941K(1026816K), 0.0454920 secs] [Times: user=0.11 sys=0.00, real=0.05 secs] 
209.498: [GC [PSYoungGen: 324495K->17137K(328256K)] 898053K->596849K(1027328K), 0.0476850 secs] [Times: user=0.10 sys=0.00, real=0.05 secs] 
209.895: [GC [PSYoungGen: 323889K->18646K(328000K)] 903601K->602830K(1027072K), 0.0446340 secs] [Times: user=0.10 sys=0.00, real=0.04 secs] 
210.294: [GC [PSYoungGen: 325395K->15578K(328256K)] 909579K->608627K(1027328K), 0.0719920 secs] [Times: user=0.11 sys=0.01, real=0.07 secs] 
210.785: [GC [PSYoungGen: 322586K->16486K(328256K)] 915635K->615300K(1027328K), 0.0473820 secs] [Times: user=0.09 sys=0.00, real=0.04 secs] 
211.276: [GC [PSYoungGen: 323494K->18860K(328064K)] 922308K->624610K(1027136K), 0.0563030 secs] [Times: user=0.11 sys=0.00, real=0.05 secs] 
211.682: [GC [PSYoungGen: 325868K->15940K(328256K)] 931618K->628950K(1027328K), 0.0571610 secs] [Times: user=0.10 sys=0.00, real=0.06 secs] 
212.108: [GC [PSYoungGen: 322948K->19082K(327872K)] 935958K->634921K(1026944K), 0.0376300 secs] [Times: user=0.09 sys=0.00, real=0.04 secs] 
212.484: [GC [PSYoungGen: 325834K->17299K(328128K)] 941673K->641752K(1027200K), 0.0665360 secs] [Times: user=0.11 sys=0.00, real=0.06 secs] 
212.887: [GC [PSYoungGen: 324051K->18847K(328192K)] 948504K->649298K(1027264K), 0.0516350 secs] [Times: user=0.11 sys=0.00, real=0.05 secs] 
213.292: [GC [PSYoungGen: 325983K->17104K(328320K)] 956434K->654045K(1027392K), 0.0483540 secs] [Times: user=0.10 sys=0.00, real=0.05 secs] 
213.753: [GC [PSYoungGen: 324240K->13836K(327936K)] 961181K->656282K(1027008K), 0.0590560 secs] [Times: user=0.08 sys=0.01, real=0.06 secs] 
214.118: [GC [PSYoungGen: 320844K->20468K(327488K)] 963290K->669096K(1026560K), 0.0653150 secs] [Times: user=0.11 sys=0.01, real=0.06 secs] 
214.502: [GC [PSYoungGen: 327476K->21375K(325440K)] 976104K->681763K(1024512K), 0.0575590 secs] [Times: user=0.14 sys=0.00, real=0.06 secs] 
214.868: [GC [PSYoungGen: 324799K->19018K(326464K)] 985187K->686234K(1025536K), 0.0421080 secs] [Times: user=0.10 sys=0.00, real=0.04 secs] 
215.261: [GC [PSYoungGen: 322442K->18110K(327040K)] 989658K->691918K(1026112K), 0.0489840 secs] [Times: user=0.10 sys=0.00, real=0.05 secs] 
215.704: [GC [PSYoungGen: 322238K->15542K(326592K)] 996046K->695396K(1025664K), 0.0384470 secs] [Times: user=0.09 sys=0.01, real=0.03 secs] 
216.054: [GC [PSYoungGen: 319670K->17291K(327424K)] 999524K->702253K(1026496K), 0.0404680 secs] [Times: user=0.10 sys=0.01, real=0.04 secs] 
216.432: [GC [PSYoungGen: 322251K->15947K(327040K)] 1007213K->707666K(1026112K), 0.0405770 secs] [Times: user=0.11 sys=0.00, real=0.04 secs] 
216.472: [Full GC [PSYoungGen: 15947K->0K(327040K)] [PSOldGen: 691718K->218632K(699072K)] 707666K->218632K(1026112K) [PSPermGen: 91455K->91455K(262144K)], 1.0828070 secs] [Times: user=1.08 sys=0.00, real=1.09 secs] 
217.866: [GC [PSYoungGen: 304960K->21945K(323200K)] 523592K->243238K(1022272K), 0.0464950 secs] [Times: user=0.10 sys=0.00, real=0.04 secs] 
218.269: [GC [PSYoungGen: 323193K->19685K(325376K)] 544486K->251135K(1024448K), 0.0521420 secs] [Times: user=0.12 sys=0.00, real=0.05 secs] 
218.703: [GC [PSYoungGen: 320933K->15805K(325568K)] 552383K->250998K(1024640K), 0.0450500 secs] [Times: user=0.08 sys=0.00, real=0.05 secs] 
219.184: [GC [PSYoungGen: 317309K->19895K(325440K)] 552502K->258850K(1024512K), 0.0441120 secs] [Times: user=0.09 sys=0.00, real=0.05 secs] 
219.643: [GC [PSYoungGen: 321399K->16323K(325696K)] 560354K->263944K(1024768K), 0.0352210 secs] [Times: user=0.09 sys=0.00, real=0.04 secs] 
220.031: [GC [PSYoungGen: 318019K->19918K(325504K)] 565640K->273133K(1024576K), 0.0534180 secs] [Times: user=0.10 sys=0.00, real=0.06 secs] 
220.405: [GC [PSYoungGen: 321614K->18144K(326144K)] 574829K->277363K(1025216K), 0.0381940 secs] [Times: user=0.10 sys=0.00, real=0.03 secs] 
220.764: [GC [PSYoungGen: 320416K->19535K(325632K)] 579635K->286030K(1024704K), 0.0443790 secs] [Times: user=0.10 sys=0.00, real=0.05 secs] 
221.216: [GC [PSYoungGen: 321807K->16631K(326400K)] 588302K->290155K(1025472K), 0.0383620 secs] [Times: user=0.10 sys=0.00, real=0.03 secs] 
221.643: [GC [PSYoungGen: 319731K->18378K(326208K)] 593255K->298696K(1025280K), 0.0425790 secs] [Times: user=0.10 sys=0.00, real=0.05 secs] 
221.989: [GC [PSYoungGen: 321482K->15497K(326784K)] 601800K->303684K(1025856K), 0.0321030 secs] [Times: user=0.09 sys=0.00, real=0.03 secs] 
222.378: [GC [PSYoungGen: 319561K->17331K(326784K)] 607748K->311107K(1025856K), 0.0458410 secs] [Times: user=0.09 sys=0.00, real=0.04 secs] 
222.790: [GC [PSYoungGen: 321395K->20210K(326272K)] 615171K->320054K(1025344K), 0.0445850 secs] [Times: user=0.10 sys=0.00, real=0.04 secs] 
223.220: [GC [PSYoungGen: 324146K->15854K(326720K)] 623990K->325314K(1025792K), 0.0364110 secs] [Times: user=0.10 sys=0.01, real=0.04 secs] 
223.537: [GC [PSYoungGen: 319790K->16913K(327104K)] 629250K->331994K(1026176K), 0.0404920 secs] [Times: user=0.09 sys=0.00, real=0.04 secs] 
223.945: [GC [PSYoungGen: 321297K->17506K(326784K)] 636378K->340352K(1025856K), 0.0536600 secs] [Times: user=0.10 sys=0.00, real=0.05 secs] 
224.361: [GC [PSYoungGen: 321890K->19352K(327232K)] 644736K->347893K(1026304K), 0.0441530 secs] [Times: user=0.11 sys=0.01, real=0.05 secs] 
224.727: [GC [PSYoungGen: 324568K->17490K(327360K)] 653109K->353544K(1026432K), 0.0499380 secs] [Times: user=0.09 sys=0.00, real=0.05 secs] 
225.123: [GC [PSYoungGen: 322706K->19992K(326912K)] 658760K->363313K(1025984K), 0.0511490 secs] [Times: user=0.10 sys=0.01, real=0.05 secs] 
225.587: [GC [PSYoungGen: 325080K->17506K(327296K)] 668401K->367794K(1026368K), 0.0363640 secs] [Times: user=0.10 sys=0.00, real=0.03 secs] 
225.944: [GC [PSYoungGen: 322594K->19624K(327232K)] 672882K->374805K(1026304K), 0.0505940 secs] [Times: user=0.10 sys=0.00, real=0.05 secs] 
226.315: [GC [PSYoungGen: 324968K->17664K(327424K)] 680149K->378657K(1026496K), 0.0479290 secs] [Times: user=0.10 sys=0.00, real=0.04 secs] 
226.731: [GC [PSYoungGen: 323008K->18391K(328000K)] 684001K->385298K(1027072K), 0.0503360 secs] [Times: user=0.10 sys=0.00, real=0.05 secs] 
227.146: [GC [PSYoungGen: 324567K->19365K(327680K)] 691474K->393282K(1026752K), 0.0378500 secs] [Times: user=0.11 sys=0.00, real=0.03 secs] 
227.578: [GC [PSYoungGen: 325541K->17148K(328000K)] 699458K->398810K(1027072K), 0.0465900 secs] [Times: user=0.11 sys=0.00, real=0.04 secs] 
228.077: [GC [PSYoungGen: 323516K->15420K(327872K)] 705178K->401864K(1026944K), 0.0356290 secs] [Times: user=0.09 sys=0.00, real=0.03 secs] 
228.421: [GC [PSYoungGen: 321788K->15859K(327872K)] 708232K->407161K(1026944K), 0.0359930 secs] [Times: user=0.08 sys=0.00, real=0.04 secs] 
228.837: [GC [PSYoungGen: 322099K->16238K(327872K)] 713401K->414634K(1026944K), 0.0554570 secs] [Times: user=0.09 sys=0.00, real=0.05 secs] 
229.211: [GC [PSYoungGen: 322478K->16515K(328256K)] 720874K->420444K(1027328K), 0.0471770 secs] [Times: user=0.10 sys=0.00, real=0.05 secs] 
229.604: [GC [PSYoungGen: 323267K->18083K(328000K)] 727196K->429455K(1027072K), 0.0514440 secs] [Times: user=0.10 sys=0.00, real=0.06 secs] 
229.979: [GC [PSYoungGen: 324835K->19185K(327872K)] 736207K->438357K(1026944K), 0.0543850 secs] [Times: user=0.12 sys=0.00, real=0.05 secs] 
230.421: [GC [PSYoungGen: 325937K->19544K(326336K)] 745109K->446821K(1025408K), 0.0690440 secs] [Times: user=0.11 sys=0.00, real=0.07 secs] 
230.865: [GC [PSYoungGen: 326296K->16577K(327936K)] 753573K->450033K(1027008K), 0.0421560 secs] [Times: user=0.09 sys=0.00, real=0.05 secs] 
231.299: [GC [PSYoungGen: 322817K->19931K(326208K)] 756273K->459176K(1025280K), 0.0678300 secs] [Times: user=0.10 sys=0.00, real=0.07 secs] 
231.766: [GC [PSYoungGen: 326171K->17153K(327808K)] 765416K->463862K(1026880K), 0.0766270 secs] [Times: user=0.09 sys=0.00, real=0.08 secs] 
232.231: [GC [PSYoungGen: 323009K->16849K(327552K)] 769718K->469328K(1026624K), 0.0415340 secs] [Times: user=0.10 sys=0.00, real=0.04 secs] 
232.659: [GC [PSYoungGen: 322705K->20561K(326720K)] 775184K->477702K(1025792K), 0.0499630 secs] [Times: user=0.11 sys=0.00, real=0.05 secs] 
233.107: [GC [PSYoungGen: 325777K->16831K(327360K)] 782918K->480141K(1026432K), 0.0633740 secs] [Times: user=0.10 sys=0.00, real=0.06 secs] 
233.546: [GC [PSYoungGen: 322047K->20016K(326784K)] 785357K->487326K(1025856K), 0.0572130 secs] [Times: user=0.09 sys=0.00, real=0.06 secs] 
233.966: [GC [PSYoungGen: 324848K->17894K(327168K)] 792158K->493189K(1026240K), 0.0467100 secs] [Times: user=0.11 sys=0.00, real=0.05 secs] 
234.393: [GC [PSYoungGen: 322726K->21940K(322176K)] 798021K->501609K(1021248K), 0.0427280 secs] [Times: user=0.10 sys=0.00, real=0.04 secs] 
234.845: [GC [PSYoungGen: 322164K->18708K(324864K)] 801833K->506807K(1023936K), 0.1370150 secs] [Times: user=0.11 sys=0.00, real=0.14 secs] 
235.272: [GC [PSYoungGen: 318932K->17339K(325632K)] 807031K->511668K(1024704K), 0.0412650 secs] [Times: user=0.10 sys=0.00, real=0.04 secs] 
235.643: [GC [PSYoungGen: 318907K->19195K(325440K)] 813236K->520347K(1024512K), 0.0578910 secs] [Times: user=0.11 sys=0.00, real=0.06 secs] 
236.026: [GC [PSYoungGen: 320763K->21852K(324608K)] 821915K->532917K(1023680K), 0.0671320 secs] [Times: user=0.12 sys=0.00, real=0.07 secs] 
236.380: [GC [PSYoungGen: 322972K->19199K(325312K)] 834037K->540123K(1024384K), 0.0497310 secs] [Times: user=0.12 sys=0.01, real=0.05 secs] 
236.800: [GC [PSYoungGen: 320319K->20868K(325440K)] 841243K->547055K(1024512K), 0.0415320 secs] [Times: user=0.11 sys=0.00, real=0.04 secs] 
237.156: [GC [PSYoungGen: 322628K->17627K(325632K)] 848815K->551482K(1024704K), 0.0405460 secs] [Times: user=0.11 sys=0.00, real=0.05 secs] 
237.513: [GC [PSYoungGen: 319386K->17164K(325888K)] 853240K->554553K(1024960K), 0.0514750 secs] [Times: user=0.09 sys=0.00, real=0.05 secs] 
237.955: [GC [PSYoungGen: 319308K->16476K(325760K)] 856697K->560945K(1024832K), 0.0420060 secs] [Times: user=0.09 sys=0.00, real=0.05 secs] 
238.288: [GC [PSYoungGen: 318620K->16499K(326080K)] 863089K->566000K(1025152K), 0.0392220 secs] [Times: user=0.09 sys=0.00, real=0.04 secs] 
238.705: [GC [PSYoungGen: 319027K->18399K(325952K)] 868528K->573961K(1025024K), 0.0617600 secs] [Times: user=0.11 sys=0.00, real=0.07 secs] 
239.080: [GC [PSYoungGen: 320927K->20061K(326272K)] 876489K->582737K(1025344K), 0.0885650 secs] [Times: user=0.15 sys=0.01, real=0.09 secs] 
239.498: [GC [PSYoungGen: 323357K->20484K(323840K)] 886033K->587854K(1022912K), 0.0381850 secs] [Times: user=0.10 sys=0.00, real=0.03 secs] 
239.887: [GC [PSYoungGen: 323780K->18613K(326592K)] 891150K->594136K(1025664K), 0.0465320 secs] [Times: user=0.11 sys=0.00, real=0.05 secs] 
240.277: [GC [PSYoungGen: 321839K->14972K(326144K)] 897362K->596189K(1025216K), 0.0494560 secs] [Times: user=0.10 sys=0.00, real=0.04 secs] 
240.672: [GC [PSYoungGen: 318204K->16758K(326528K)] 899421K->604006K(1025600K), 0.0510830 secs] [Times: user=0.09 sys=0.01, real=0.05 secs] 
240.988: [GC [PSYoungGen: 320118K->21345K(324736K)] 907366K->613306K(1023808K), 0.0550590 secs] [Times: user=0.10 sys=0.00, real=0.05 secs] 
241.392: [GC [PSYoungGen: 324705K->18197K(326272K)] 916666K->617744K(1025344K), 0.0582240 secs] [Times: user=0.12 sys=0.00, real=0.06 secs] 
241.814: [GC [PSYoungGen: 320789K->17440K(325824K)] 920336K->621440K(1024896K), 0.0448010 secs] [Times: user=0.10 sys=0.01, real=0.05 secs] 
242.207: [GC [PSYoungGen: 320032K->18430K(327040K)] 924032K->627665K(1026112K), 0.0343510 secs] [Times: user=0.10 sys=0.00, real=0.04 secs] 
242.641: [GC [PSYoungGen: 322558K->16975K(326592K)] 931793K->633605K(1025664K), 0.0481780 secs] [Times: user=0.10 sys=0.00, real=0.05 secs] 
243.106: [GC [PSYoungGen: 321103K->16729K(327296K)] 937733K->640218K(1026368K), 0.0556730 secs] [Times: user=0.10 sys=0.01, real=0.06 secs] 
243.515: [GC [PSYoungGen: 321689K->17994K(327168K)] 945178K->648425K(1026240K), 0.1024910 secs] [Times: user=0.10 sys=0.00, real=0.11 secs] 
243.943: [GC [PSYoungGen: 322954K->19930K(327168K)] 953385K->656912K(1026240K), 0.0503020 secs] [Times: user=0.12 sys=0.00, real=0.05 secs] 
244.370: [GC [PSYoungGen: 325274K->13916K(319296K)] 962256K->658687K(1018368K), 0.0478930 secs] [Times: user=0.09 sys=0.00, real=0.05 secs] 
244.746: [GC [PSYoungGen: 319260K->19469K(326784K)] 964031K->667503K(1025856K), 0.0474800 secs] [Times: user=0.11 sys=0.00, real=0.05 secs] 
245.170: [GC [PSYoungGen: 323789K->13454K(317824K)] 971823K->668551K(1016896K), 0.0402860 secs] [Times: user=0.09 sys=0.01, real=0.04 secs] 
245.511: [GC [PSYoungGen: 317774K->15683K(326784K)] 972871K->673969K(1025856K), 0.0377120 secs] [Times: user=0.08 sys=0.00, real=0.04 secs] 
245.933: [GC [PSYoungGen: 319555K->18596K(326592K)] 977841K->685671K(1025664K), 0.0486530 secs] [Times: user=0.12 sys=0.00, real=0.05 secs] 
246.325: [GC [PSYoungGen: 322468K->17511K(327360K)] 989543K->692990K(1026432K), 0.0649400 secs] [Times: user=0.11 sys=0.00, real=0.07 secs] 
246.735: [GC [PSYoungGen: 322215K->21294K(326016K)] 997694K->701823K(1025088K), 0.0552740 secs] [Times: user=0.11 sys=0.00, real=0.06 secs] 
247.127: [GC [PSYoungGen: 325998K->18806K(326592K)] 1006527K->707867K(1025664K), 0.0539720 secs] [Times: user=0.12 sys=0.01, real=0.06 secs] 
247.182: [Full GC [PSYoungGen: 18806K->0K(326592K)] [PSOldGen: 689060K->233083K(699072K)] 707867K->233083K(1025664K) [PSPermGen: 91470K->91470K(262144K)], 1.1447560 secs] [Times: user=1.14 sys=0.00, real=1.14 secs] 
248.710: [GC [PSYoungGen: 303488K->22910K(326400K)] 536571K->256456K(1025472K), 0.0381380 secs] [Times: user=0.10 sys=0.01, real=0.03 secs] 
249.109: [GC [PSYoungGen: 326398K->16165K(324096K)] 559944K->259352K(1023168K), 0.0523860 secs] [Times: user=0.09 sys=0.00, real=0.05 secs] 
249.472: [GC [PSYoungGen: 317157K->13921K(314944K)] 560344K->261299K(1014016K), 0.0391770 secs] [Times: user=0.08 sys=0.00, real=0.04 secs] 
249.869: [GC [PSYoungGen: 314913K->17468K(325696K)] 562291K->271024K(1024768K), 0.0498710 secs] [Times: user=0.09 sys=0.00, real=0.05 secs] 
250.268: [GC [PSYoungGen: 318780K->20260K(325120K)] 572336K->281059K(1024192K), 0.0514260 secs] [Times: user=0.12 sys=0.00, real=0.06 secs] 
250.679: [GC [PSYoungGen: 321572K->19469K(325504K)] 582371K->287593K(1024576K), 0.0420380 secs] [Times: user=0.11 sys=0.00, real=0.04 secs] 
251.074: [GC [PSYoungGen: 320845K->16188K(325376K)] 588969K->290683K(1024448K), 0.0550940 secs] [Times: user=0.08 sys=0.00, real=0.06 secs] 
251.506: [GC [PSYoungGen: 317557K->16263K(326016K)] 592052K->296876K(1025088K), 0.0525980 secs] [Times: user=0.08 sys=0.00, real=0.05 secs] 
251.870: [GC [PSYoungGen: 318471K->23463K(325696K)] 599084K->309762K(1024768K), 0.0556990 secs] [Times: user=0.12 sys=0.00, real=0.05 secs] 
252.235: [GC [PSYoungGen: 325671K->15876K(319680K)] 611970K->312564K(1018752K), 0.0494700 secs] [Times: user=0.11 sys=0.00, real=0.05 secs] 
252.587: [GC [PSYoungGen: 311748K->21355K(317248K)] 608436K->320826K(1016320K), 0.0521080 secs] [Times: user=0.10 sys=0.01, real=0.06 secs] 
252.975: [GC [PSYoungGen: 317227K->16173K(322816K)] 616698K->324557K(1021888K), 0.0695830 secs] [Times: user=0.10 sys=0.00, real=0.07 secs] 
253.399: [GC [PSYoungGen: 311981K->16697K(322496K)] 620365K->332021K(1021568K), 0.0404530 secs] [Times: user=0.09 sys=0.00, real=0.04 secs] 
253.841: [GC [PSYoungGen: 312505K->18411K(324032K)] 627829K->341658K(1023104K), 0.0413450 secs] [Times: user=0.10 sys=0.00, real=0.04 secs] 
254.228: [GC [PSYoungGen: 316203K->17683K(323264K)] 639450K->347494K(1022336K), 0.0410810 secs] [Times: user=0.11 sys=0.00, real=0.04 secs] 
254.613: [GC [PSYoungGen: 315475K->15826K(324864K)] 645286K->351459K(1023936K), 0.0513210 secs] [Times: user=0.08 sys=0.00, real=0.05 secs] 
254.987: [GC [PSYoungGen: 315794K->16363K(324608K)] 651427K->358532K(1023680K), 0.0408520 secs] [Times: user=0.10 sys=0.00, real=0.04 secs] 
255.364: [GC [PSYoungGen: 316331K->17551K(325760K)] 658500K->365509K(1024832K), 0.0566840 secs] [Times: user=0.09 sys=0.01, real=0.06 secs] 
255.773: [GC [PSYoungGen: 318991K->19196K(325184K)] 666949K->372996K(1024256K), 0.0635980 secs] [Times: user=0.10 sys=0.00, real=0.06 secs] 
256.178: [GC [PSYoungGen: 320636K->16674K(326208K)] 674436K->377720K(1025280K), 0.0522060 secs] [Times: user=0.09 sys=0.00, real=0.06 secs] 
256.629: [GC [PSYoungGen: 319266K->15056K(325888K)] 680312K->381078K(1024960K), 0.0349970 secs] [Times: user=0.08 sys=0.00, real=0.04 secs] 
257.013: [GC [PSYoungGen: 317648K->20801K(324992K)] 683670K->392458K(1024064K), 0.0468280 secs] [Times: user=0.10 sys=0.00, real=0.04 secs] 
257.451: [GC [PSYoungGen: 322561K->19064K(325632K)] 694218K->398998K(1024704K), 0.0737140 secs] [Times: user=0.10 sys=0.00, real=0.07 secs] 
257.885: [GC [PSYoungGen: 320824K->20257K(325312K)] 700758K->406959K(1024384K), 0.0431000 secs] [Times: user=0.12 sys=0.00, real=0.04 secs] 
258.286: [GC [PSYoungGen: 321889K->19293K(325568K)] 708591K->417864K(1024640K), 0.0863970 secs] [Times: user=0.13 sys=0.00, real=0.09 secs] 
258.646: [GC [PSYoungGen: 320925K->17597K(326144K)] 719496K->423795K(1025216K), 0.0473700 secs] [Times: user=0.11 sys=0.01, real=0.05 secs] 
259.111: [GC [PSYoungGen: 319997K->17287K(325760K)] 726195K->427129K(1024832K), 0.0322260 secs] [Times: user=0.09 sys=0.00, real=0.03 secs] 
259.496: [GC [PSYoungGen: 319687K->15492K(326464K)] 729529K->434445K(1025536K), 0.0547740 secs] [Times: user=0.09 sys=0.00, real=0.06 secs] 
259.896: [GC [PSYoungGen: 318916K->18337K(326464K)] 737869K->444112K(1025536K), 0.0484680 secs] [Times: user=0.10 sys=0.00, real=0.05 secs] 
260.277: [GC [PSYoungGen: 321761K->14858K(326720K)] 747536K->449578K(1025792K), 0.0430540 secs] [Times: user=0.11 sys=0.00, real=0.04 secs] 
260.686: [GC [PSYoungGen: 318922K->16716K(326784K)] 753642K->458356K(1025856K), 0.0408150 secs] [Times: user=0.11 sys=0.00, real=0.04 secs] 
261.234: [GC [PSYoungGen: 320769K->15778K(327296K)] 762409K->465525K(1026368K), 0.0458780 secs] [Times: user=0.11 sys=0.01, real=0.04 secs] 
261.710: [GC [PSYoungGen: 320674K->14178K(327104K)] 770421K->470797K(1026176K), 0.0470570 secs] [Times: user=0.10 sys=0.00, real=0.05 secs] 
262.126: [GC [PSYoungGen: 319074K->16802K(327744K)] 775693K->477950K(1026816K), 0.0398310 secs] [Times: user=0.09 sys=0.00, real=0.04 secs] 
262.622: [GC [PSYoungGen: 322274K->16520K(327232K)] 783422K->484815K(1026304K), 0.0674330 secs] [Times: user=0.10 sys=0.00, real=0.06 secs] 
263.113: [GC [PSYoungGen: 321992K->20240K(326592K)] 790287K->493962K(1025664K), 0.0564870 secs] [Times: user=0.11 sys=0.00, real=0.05 secs] 
263.509: [GC [PSYoungGen: 325456K->13190K(318464K)] 799178K->493800K(1017536K), 0.0549870 secs] [Times: user=0.10 sys=0.00, real=0.06 secs] 
263.945: [GC [PSYoungGen: 318406K->18330K(327104K)] 799016K->503718K(1026176K), 0.0635190 secs] [Times: user=0.10 sys=0.00, real=0.06 secs] 
264.283: [GC [PSYoungGen: 323034K->19780K(324544K)] 808422K->511992K(1023616K), 0.0569240 secs] [Times: user=0.12 sys=0.00, real=0.05 secs] 
264.687: [GC [PSYoungGen: 324484K->16868K(327104K)] 816696K->515465K(1026176K), 0.0457250 secs] [Times: user=0.10 sys=0.00, real=0.05 secs] 
265.108: [GC [PSYoungGen: 321124K->17203K(326656K)] 819721K->521066K(1025728K), 0.0498680 secs] [Times: user=0.10 sys=0.00, real=0.05 secs] 
265.508: [GC [PSYoungGen: 321459K->19898K(326592K)] 825322K->530136K(1025664K), 0.0633170 secs] [Times: user=0.10 sys=0.00, real=0.07 secs] 
265.920: [GC [PSYoungGen: 324602K->18239K(327104K)] 834840K->537273K(1026176K), 0.0576270 secs] [Times: user=0.12 sys=0.00, real=0.06 secs] 
266.330: [GC [PSYoungGen: 322943K->18415K(327488K)] 841977K->544417K(1026560K), 0.0442950 secs] [Times: user=0.11 sys=0.00, real=0.05 secs] 
266.762: [GC [PSYoungGen: 323695K->18261K(327296K)] 849697K->549902K(1026368K), 0.0412910 secs] [Times: user=0.10 sys=0.01, real=0.04 secs] 
267.180: [GC [PSYoungGen: 323541K->18146K(327936K)] 855182K->555072K(1027008K), 0.0407850 secs] [Times: user=0.09 sys=0.00, real=0.04 secs] 
267.530: [GC [PSYoungGen: 324258K->16949K(327680K)] 861184K->561739K(1026752K), 0.0446120 secs] [Times: user=0.11 sys=0.01, real=0.05 secs] 
267.906: [GC [PSYoungGen: 323061K->20783K(326656K)] 867851K->571864K(1025728K), 0.0527490 secs] [Times: user=0.11 sys=0.00, real=0.05 secs] 
268.291: [GC [PSYoungGen: 326127K->15948K(327424K)] 877208K->576480K(1026496K), 0.0597890 secs] [Times: user=0.10 sys=0.00, real=0.06 secs] 
268.657: [GC [PSYoungGen: 321292K->18922K(327488K)] 881824K->585020K(1026560K), 0.0405640 secs] [Times: user=0.11 sys=0.00, real=0.04 secs] 
269.021: [GC [PSYoungGen: 324330K->18745K(327424K)] 890428K->591908K(1026496K), 0.0448600 secs] [Times: user=0.11 sys=0.00, real=0.05 secs] 
269.451: [GC [PSYoungGen: 324153K->21951K(322432K)] 897316K->599093K(1021504K), 0.0674760 secs] [Times: user=0.11 sys=0.00, real=0.07 secs] 
269.904: [GC [PSYoungGen: 322431K->17599K(324992K)] 899573K->601136K(1024064K), 0.0972090 secs] [Times: user=0.09 sys=0.00, real=0.09 secs] 
270.458: [GC [PSYoungGen: 318079K->18983K(325824K)] 901616K->607291K(1024896K), 0.0459120 secs] [Times: user=0.11 sys=0.00, real=0.05 secs] 
270.827: [GC [PSYoungGen: 320679K->16478K(325376K)] 908987K->612085K(1024448K), 0.0479400 secs] [Times: user=0.11 sys=0.00, real=0.05 secs] 
271.277: [GC [PSYoungGen: 318174K->15973K(326016K)] 913781K->617076K(1025088K), 0.0489770 secs] [Times: user=0.10 sys=0.00, real=0.05 secs] 
271.694: [GC [PSYoungGen: 318437K->20715K(323200K)] 919540K->628992K(1022272K), 0.0534170 secs] [Times: user=0.11 sys=0.00, real=0.05 secs] 
272.036: [GC [PSYoungGen: 323179K->19582K(325760K)] 931456K->635741K(1024832K), 0.0502190 secs] [Times: user=0.11 sys=0.00, real=0.05 secs] 
272.433: [GC [PSYoungGen: 321470K->15118K(325632K)] 937629K->635710K(1024704K), 0.0414140 secs] [Times: user=0.08 sys=0.00, real=0.04 secs] 
272.882: [GC [PSYoungGen: 317006K->17969K(326144K)] 937598K->644135K(1025216K), 0.0509200 secs] [Times: user=0.11 sys=0.01, real=0.05 secs] 
273.288: [GC [PSYoungGen: 320305K->15644K(325696K)] 946471K->648768K(1024768K), 0.0462960 secs] [Times: user=0.10 sys=0.00, real=0.05 secs] 
273.659: [GC [PSYoungGen: 317980K->19102K(326336K)] 951104K->658744K(1025408K), 0.0568590 secs] [Times: user=0.11 sys=0.00, real=0.06 secs] 
274.089: [GC [PSYoungGen: 322206K->15735K(326272K)] 961848K->664854K(1025344K), 0.0444310 secs] [Times: user=0.10 sys=0.00, real=0.05 secs] 
274.485: [GC [PSYoungGen: 318839K->17372K(326912K)] 967958K->669041K(1025984K), 0.0371860 secs] [Times: user=0.09 sys=0.00, real=0.03 secs] 
274.867: [GC [PSYoungGen: 321244K->22299K(326208K)] 972913K->681007K(1025280K), 0.0564710 secs] [Times: user=0.12 sys=0.00, real=0.05 secs] 
275.239: [GC [PSYoungGen: 326171K->15613K(325440K)] 984879K->682591K(1024512K), 0.0380650 secs] [Times: user=0.11 sys=0.00, real=0.04 secs] 
275.608: [GC [PSYoungGen: 317757K->15354K(325824K)] 984735K->685876K(1024896K), 0.0446430 secs] [Times: user=0.09 sys=0.00, real=0.04 secs] 
276.006: [GC [PSYoungGen: 317498K->17736K(326528K)] 988020K->694098K(1025600K), 0.0496990 secs] [Times: user=0.10 sys=0.00, real=0.05 secs] 
276.364: [GC [PSYoungGen: 320712K->20742K(323776K)] 997074K->703341K(1022848K), 0.0443930 secs] [Times: user=0.12 sys=0.00, real=0.04 secs] 
276.817: [GC [PSYoungGen: 323718K->16170K(326144K)] 1006317K->704734K(1025216K), 0.0338120 secs] [Times: user=0.10 sys=0.00, real=0.03 secs] 
277.221: [GC [PSYoungGen: 318698K->19337K(325888K)] 1007262K->712204K(1024960K), 0.0754210 secs] [Times: user=0.10 sys=0.00, real=0.08 secs] 
277.296: [Full GC [PSYoungGen: 19337K->0K(325888K)] [PSOldGen: 692866K->195692K(699072K)] 712204K->195692K(1024960K) [PSPermGen: 91494K->91441K(262144K)], 1.2289980 secs] [Times: user=1.23 sys=0.00, real=1.23 secs] 
278.857: [GC [PSYoungGen: 302528K->22408K(323968K)] 498220K->218100K(1023040K), 0.0420140 secs] [Times: user=0.09 sys=0.00, real=0.04 secs] 
279.264: [GC [PSYoungGen: 323016K->18180K(325056K)] 518708K->223253K(1024128K), 0.0477770 secs] [Times: user=0.10 sys=0.00, real=0.04 secs] 
279.645: [GC [PSYoungGen: 318788K->19601K(325696K)] 523861K->229940K(1024768K), 0.0409240 secs] [Times: user=0.10 sys=0.00, real=0.04 secs] 
280.111: [GC [PSYoungGen: 321425K->15971K(325632K)] 531764K->235469K(1024704K), 0.0453370 secs] [Times: user=0.09 sys=0.00, real=0.05 secs] 
280.514: [GC [PSYoungGen: 317795K->17012K(326144K)] 537293K->242157K(1025216K), 0.0374130 secs] [Times: user=0.10 sys=0.00, real=0.04 secs] 
280.876: [GC [PSYoungGen: 319476K->19089K(325824K)] 544621K->251852K(1024896K), 0.0531610 secs] [Times: user=0.11 sys=0.00, real=0.05 secs] 
281.322: [GC [PSYoungGen: 321553K->15567K(326336K)] 554316K->253557K(1025408K), 0.0537200 secs] [Times: user=0.08 sys=0.00, real=0.06 secs] 
281.695: [GC [PSYoungGen: 318671K->18539K(326272K)] 556661K->260120K(1025344K), 0.0533510 secs] [Times: user=0.09 sys=0.00, real=0.05 secs] 
282.121: [GC [PSYoungGen: 321643K->19409K(326528K)] 563224K->268633K(1025600K), 0.0455030 secs] [Times: user=0.10 sys=0.00, real=0.05 secs] 
282.518: [GC [PSYoungGen: 323089K->14018K(317760K)] 572313K->271013K(1016832K), 0.0406970 secs] [Times: user=0.09 sys=0.00, real=0.04 secs] 
282.864: [GC [PSYoungGen: 317698K->18118K(326784K)] 574693K->280033K(1025856K), 0.0388820 secs] [Times: user=0.10 sys=0.00, real=0.04 secs] 
283.254: [GC [PSYoungGen: 321798K->17933K(326400K)] 583713K->285269K(1025472K), 0.0364440 secs] [Times: user=0.09 sys=0.00, real=0.03 secs] 
283.634: [GC [PSYoungGen: 321613K->17826K(327616K)] 588949K->290129K(1026688K), 0.0428440 secs] [Times: user=0.10 sys=0.00, real=0.05 secs] 
284.063: [GC [PSYoungGen: 323170K->18819K(327232K)] 595473K->300041K(1026304K), 0.0636400 secs] [Times: user=0.12 sys=0.00, real=0.07 secs] 
284.584: [GC [PSYoungGen: 324163K->20922K(326272K)] 605385K->308817K(1025344K), 0.0569140 secs] [Times: user=0.11 sys=0.01, real=0.06 secs] 
284.992: [GC [PSYoungGen: 325370K->19032K(326976K)] 613265K->311866K(1026048K), 0.0501970 secs] [Times: user=0.10 sys=0.00, real=0.05 secs] 
285.383: [GC [PSYoungGen: 323480K->14096K(326464K)] 616314K->312470K(1025536K), 0.0476970 secs] [Times: user=0.08 sys=0.00, real=0.05 secs] 
285.807: [GC [PSYoungGen: 318160K->19992K(324096K)] 616534K->324900K(1023168K), 0.0716740 secs] [Times: user=0.10 sys=0.00, real=0.07 secs] 
286.207: [GC [PSYoungGen: 324056K->20668K(325568K)] 628964K->334829K(1024640K), 0.0498060 secs] [Times: user=0.12 sys=0.00, real=0.05 secs] 
286.572: [GC [PSYoungGen: 323186K->19045K(326016K)] 637347K->341959K(1025088K), 0.0530190 secs] [Times: user=0.11 sys=0.01, real=0.05 secs] 
286.942: [GC [PSYoungGen: 321573K->18758K(326592K)] 644487K->347575K(1025664K), 0.0358130 secs] [Times: user=0.11 sys=0.01, real=0.04 secs] 
287.372: [GC [PSYoungGen: 322110K->18304K(326272K)] 650927K->352734K(1025344K), 0.0419430 secs] [Times: user=0.10 sys=0.00, real=0.04 secs] 
287.721: [GC [PSYoungGen: 321664K->18121K(327360K)] 656094K->360863K(1026432K), 0.0373650 secs] [Times: user=0.10 sys=0.00, real=0.04 secs] 
288.091: [GC [PSYoungGen: 323017K->18848K(327040K)] 665759K->367046K(1026112K), 0.0530870 secs] [Times: user=0.10 sys=0.00, real=0.05 secs] 
288.550: [GC [PSYoungGen: 323744K->13668K(326656K)] 671942K->367168K(1025728K), 0.0481100 secs] [Times: user=0.08 sys=0.00, real=0.05 secs] 
289.035: [GC [PSYoungGen: 318370K->17154K(327104K)] 671871K->374773K(1026176K), 0.0534570 secs] [Times: user=0.08 sys=0.00, real=0.06 secs] 
289.468: [GC [PSYoungGen: 321858K->20440K(326400K)] 679477K->385918K(1025472K), 0.0523130 secs] [Times: user=0.10 sys=0.00, real=0.05 secs] 
289.941: [GC [PSYoungGen: 324759K->14286K(318656K)] 690238K->390242K(1017728K), 0.0511290 secs] [Times: user=0.10 sys=0.00, real=0.05 secs] 
290.351: [GC [PSYoungGen: 318602K->15169K(326720K)] 694558K->394355K(1025792K), 0.0267700 secs] [Times: user=0.08 sys=0.00, real=0.03 secs] 
290.688: [GC [PSYoungGen: 319041K->18737K(326656K)] 698227K->404243K(1025728K), 0.0481140 secs] [Times: user=0.10 sys=0.00, real=0.05 secs] 
291.089: [GC [PSYoungGen: 322609K->20126K(326016K)] 708115K->410791K(1025088K), 0.0466200 secs] [Times: user=0.11 sys=0.01, real=0.05 secs] 
291.489: [GC [PSYoungGen: 323422K->17340K(326400K)] 714087K->416667K(1025472K), 0.0571040 secs] [Times: user=0.10 sys=0.00, real=0.06 secs] 
291.894: [GC [PSYoungGen: 320636K->21658K(324992K)] 719963K->426289K(1024064K), 0.0448410 secs] [Times: user=0.12 sys=0.01, real=0.05 secs] 
292.296: [GC [PSYoungGen: 323930K->17673K(325888K)] 728561K->427395K(1024960K), 0.0412990 secs] [Times: user=0.09 sys=0.01, real=0.04 secs] 
292.682: [GC [PSYoungGen: 319945K->17875K(326784K)] 729667K->433138K(1025856K), 0.0459300 secs] [Times: user=0.09 sys=0.00, real=0.05 secs] 
293.016: [GC [PSYoungGen: 321491K->18553K(326336K)] 736754K->440163K(1025408K), 0.0479440 secs] [Times: user=0.11 sys=0.00, real=0.04 secs] 
293.559: [GC [PSYoungGen: 322169K->16396K(327168K)] 743779K->444586K(1026240K), 0.0439140 secs] [Times: user=0.08 sys=0.00, real=0.04 secs] 
293.903: [GC [PSYoungGen: 321164K->17490K(327104K)] 749354K->450207K(1026176K), 0.0704980 secs] [Times: user=0.09 sys=0.00, real=0.07 secs] 
294.336: [GC [PSYoungGen: 322258K->21936K(319488K)] 754975K->462668K(1018560K), 0.0509120 secs] [Times: user=0.13 sys=0.00, real=0.06 secs] 
294.737: [GC [PSYoungGen: 319459K->17011K(323520K)] 760191K->465851K(1022592K), 0.0444420 secs] [Times: user=0.10 sys=0.01, real=0.04 secs] 
295.144: [GC [PSYoungGen: 314547K->14971K(323840K)] 763387K->468925K(1022912K), 0.0422660 secs] [Times: user=0.08 sys=0.00, real=0.05 secs] 
295.559: [GC [PSYoungGen: 313147K->19124K(323840K)] 767101K->478446K(1022912K), 0.0395280 secs] [Times: user=0.10 sys=0.00, real=0.04 secs] 
295.987: [GC [PSYoungGen: 317300K->17494K(324800K)] 776622K->484582K(1023872K), 0.0540770 secs] [Times: user=0.12 sys=0.01, real=0.05 secs] 
296.499: [GC [PSYoungGen: 317078K->15780K(324288K)] 784166K->487805K(1023360K), 0.0311520 secs] [Times: user=0.09 sys=0.00, real=0.03 secs] 
296.939: [GC [PSYoungGen: 315364K->19390K(325120K)] 787389K->497863K(1024192K), 0.0376670 secs] [Times: user=0.11 sys=0.00, real=0.04 secs] 
297.302: [GC [PSYoungGen: 319934K->19430K(324928K)] 798407K->506740K(1024000K), 0.1084010 secs] [Times: user=0.12 sys=0.00, real=0.11 secs] 
297.810: [GC [PSYoungGen: 319974K->15464K(325376K)] 807284K->509618K(1024448K), 0.0390090 secs] [Times: user=0.09 sys=0.00, real=0.04 secs] 
298.210: [GC [PSYoungGen: 316648K->21262K(322496K)] 810802K->518942K(1021568K), 0.0419970 secs] [Times: user=0.10 sys=0.00, real=0.04 secs] 
298.559: [GC [PSYoungGen: 322446K->18329K(325440K)] 820126K->527174K(1024512K), 0.0551740 secs] [Times: user=0.12 sys=0.01, real=0.05 secs] 
298.953: [GC [PSYoungGen: 319129K->16438K(324864K)] 827974K->531193K(1023936K), 0.0400800 secs] [Times: user=0.09 sys=0.00, real=0.04 secs] 
299.391: [GC [PSYoungGen: 317238K->18636K(326080K)] 831993K->539225K(1025152K), 0.0439200 secs] [Times: user=0.09 sys=0.01, real=0.04 secs] 
299.779: [GC [PSYoungGen: 320844K->19236K(325632K)] 841433K->546870K(1024704K), 0.0565560 secs] [Times: user=0.10 sys=0.01, real=0.05 secs] 
300.128: [GC [PSYoungGen: 321444K->19796K(326208K)] 849078K->553541K(1025280K), 0.0476790 secs] [Times: user=0.10 sys=0.00, real=0.04 secs] 
300.481: [GC [PSYoungGen: 322708K->18145K(326208K)] 856453K->560963K(1025280K), 0.0694050 secs] [Times: user=0.11 sys=0.00, real=0.07 secs] 
300.857: [GC [PSYoungGen: 321057K->18086K(326976K)] 863875K->566280K(1026048K), 0.0455440 secs] [Times: user=0.10 sys=0.00, real=0.04 secs] 
301.353: [GC [PSYoungGen: 322150K->21831K(325952K)] 870344K->576781K(1025024K), 0.0824440 secs] [Times: user=0.11 sys=0.01, real=0.08 secs] 
301.725: [GC [PSYoungGen: 325895K->16072K(326144K)] 880845K->580148K(1025216K), 0.0459880 secs] [Times: user=0.10 sys=0.00, real=0.05 secs] 
302.169: [GC [PSYoungGen: 318856K->19412K(326144K)] 882932K->589397K(1025216K), 0.0453500 secs] [Times: user=0.10 sys=0.01, real=0.04 secs] 
302.625: [GC [PSYoungGen: 322196K->19253K(326464K)] 892181K->597946K(1025536K), 0.0567170 secs] [Times: user=0.11 sys=0.00, real=0.06 secs] 
303.043: [GC [PSYoungGen: 322485K->16403K(326272K)] 901178K->601462K(1025344K), 0.0530810 secs] [Times: user=0.10 sys=0.00, real=0.05 secs] 
303.409: [GC [PSYoungGen: 319635K->18615K(326912K)] 904694K->608381K(1025984K), 0.0414150 secs] [Times: user=0.11 sys=0.00, real=0.04 secs] 
303.829: [GC [PSYoungGen: 322551K->18856K(326528K)] 912317K->616773K(1025600K), 0.0561750 secs] [Times: user=0.11 sys=0.00, real=0.05 secs] 
304.191: [GC [PSYoungGen: 322792K->18484K(327552K)] 920709K->622967K(1026624K), 0.0336500 secs] [Times: user=0.11 sys=0.00, real=0.03 secs] 
304.667: [GC [PSYoungGen: 323700K->18061K(327168K)] 928183K->632247K(1026240K), 0.0495670 secs] [Times: user=0.12 sys=0.00, real=0.05 secs] 
305.055: [GC [PSYoungGen: 323277K->19704K(327552K)] 937463K->641353K(1026624K), 0.0519780 secs] [Times: user=0.13 sys=0.00, real=0.06 secs] 
305.432: [GC [PSYoungGen: 325560K->14415K(320320K)] 947209K->641302K(1019392K), 0.0539750 secs] [Times: user=0.08 sys=0.00, real=0.05 secs] 
305.801: [GC [PSYoungGen: 320271K->14168K(326784K)] 947158K->645460K(1025856K), 0.0333860 secs] [Times: user=0.09 sys=0.00, real=0.03 secs] 
306.158: [GC [PSYoungGen: 318732K->16278K(327040K)] 950024K->653390K(1026112K), 0.0398710 secs] [Times: user=0.10 sys=0.01, real=0.04 secs] 
306.636: [GC [PSYoungGen: 320854K->21308K(325440K)] 957966K->664150K(1024512K), 0.0699870 secs] [Times: user=0.11 sys=0.00, real=0.07 secs] 
307.060: [GC [PSYoungGen: 324476K->19312K(326336K)] 967318K->672094K(1025408K), 0.0548620 secs] [Times: user=0.12 sys=0.00, real=0.05 secs] 
307.413: [GC [PSYoungGen: 322480K->16527K(326592K)] 975262K->673799K(1025664K), 0.0389490 secs] [Times: user=0.09 sys=0.00, real=0.04 secs] 
307.962: [GC [PSYoungGen: 319951K->20721K(324160K)] 977223K->685557K(1023232K), 0.0604530 secs] [Times: user=0.11 sys=0.00, real=0.06 secs] 
308.417: [GC [PSYoungGen: 324134K->15995K(326208K)] 988971K->686666K(1025280K), 0.0410810 secs] [Times: user=0.10 sys=0.00, real=0.05 secs] 
308.829: [GC [PSYoungGen: 318779K->12449K(315264K)] 989450K->685977K(1014336K), 0.0300970 secs] [Times: user=0.08 sys=0.00, real=0.03 secs] 
309.152: [GC [PSYoungGen: 315233K->16982K(326336K)] 988761K->695239K(1025408K), 0.0479990 secs] [Times: user=0.10 sys=0.00, real=0.05 secs] 
309.552: [GC [PSYoungGen: 319574K->19037K(325760K)] 997831K->704616K(1024832K), 0.0691650 secs] [Times: user=0.11 sys=0.00, real=0.07 secs] 
309.954: [GC [PSYoungGen: 321629K->18876K(326336K)] 1007208K->710704K(1025408K), 0.0421350 secs] [Times: user=0.11 sys=0.00, real=0.04 secs] 
309.996: [Full GC [PSYoungGen: 18876K->0K(326336K)] [PSOldGen: 691827K->232549K(699072K)] 710704K->232549K(1025408K) [PSPermGen: 91455K->91455K(262144K)], 1.1264680 secs] [Times: user=1.12 sys=0.00, real=1.13 secs] 
311.455: [GC [PSYoungGen: 303104K->23150K(326272K)] 535653K->258617K(1025344K), 0.0398240 secs] [Times: user=0.11 sys=0.01, real=0.04 secs] 
311.877: [GC [PSYoungGen: 326254K->17494K(322432K)] 561721K->264751K(1021504K), 0.0451190 secs] [Times: user=0.11 sys=0.00, real=0.05 secs] 
312.349: [GC [PSYoungGen: 316694K->15813K(324352K)] 563951K->268838K(1023424K), 0.0415820 secs] [Times: user=0.09 sys=0.00, real=0.04 secs] 
312.875: [GC [PSYoungGen: 315013K->18455K(325120K)] 568038K->278369K(1024192K), 0.0608960 secs] [Times: user=0.10 sys=0.01, real=0.06 secs] 
313.229: [GC [PSYoungGen: 318615K->19422K(324544K)] 578529K->288339K(1023616K), 0.0497400 secs] [Times: user=0.13 sys=0.00, real=0.05 secs] 
313.597: [GC [PSYoungGen: 319582K->20300K(325056K)] 588499K->294960K(1024128K), 0.0389090 secs] [Times: user=0.10 sys=0.01, real=0.04 secs] 
314.030: [GC [PSYoungGen: 321164K->22736K(323648K)] 595824K->305306K(1022720K), 0.0790320 secs] [Times: user=0.12 sys=0.00, real=0.08 secs] 
314.396: [GC [PSYoungGen: 323600K->17716K(324608K)] 606170K->304908K(1023680K), 0.0354800 secs] [Times: user=0.09 sys=0.00, real=0.04 secs] 
314.800: [GC [PSYoungGen: 316980K->12696K(324160K)] 604172K->307521K(1023232K), 0.0319920 secs] [Times: user=0.08 sys=0.00, real=0.03 secs] 
315.201: [GC [PSYoungGen: 311960K->17597K(324800K)] 606785K->316908K(1023872K), 0.0342950 secs] [Times: user=0.09 sys=0.00, real=0.03 secs] 
315.671: [GC [PSYoungGen: 317042K->13220K(324160K)] 616353K->318459K(1023232K), 0.0489480 secs] [Times: user=0.08 sys=0.00, real=0.05 secs] 
316.036: [GC [PSYoungGen: 312676K->19781K(324480K)] 617915K->330957K(1023552K), 0.0506780 secs] [Times: user=0.10 sys=0.00, real=0.05 secs] 
316.409: [GC [PSYoungGen: 319365K->16067K(324544K)] 630541K->337829K(1023616K), 0.0484160 secs] [Times: user=0.12 sys=0.00, real=0.05 secs] 
316.810: [GC [PSYoungGen: 315642K->19392K(324992K)] 637404K->347185K(1024064K), 0.0545380 secs] [Times: user=0.10 sys=0.00, real=0.05 secs] 
317.306: [GC [PSYoungGen: 319808K->21587K(322048K)] 647601K->357376K(1021120K), 0.0656210 secs] [Times: user=0.12 sys=0.00, real=0.07 secs] 
317.718: [GC [PSYoungGen: 322003K->19332K(324544K)] 657792K->362215K(1023616K), 0.0501630 secs] [Times: user=0.11 sys=0.01, real=0.05 secs] 
318.092: [GC [PSYoungGen: 318660K->15681K(324288K)] 661543K->364154K(1023360K), 0.0460800 secs] [Times: user=0.09 sys=0.00, real=0.04 secs] 
318.468: [GC [PSYoungGen: 315009K->17652K(325376K)] 663482K->370688K(1024448K), 0.0629540 secs] [Times: user=0.09 sys=0.00, real=0.07 secs] 
318.857: [GC [PSYoungGen: 318260K->16551K(324736K)] 671296K->376634K(1023808K), 0.0358940 secs] [Times: user=0.10 sys=0.00, real=0.04 secs] 
320.256: [GC [PSYoungGen: 317159K->18337K(326144K)] 677242K->385398K(1025216K), 0.0866010 secs] [Times: user=0.12 sys=0.00, real=0.09 secs] 
320.711: [GC [PSYoungGen: 320673K->20830K(323200K)] 687734K->394807K(1022272K), 0.0719930 secs] [Times: user=0.11 sys=0.01, real=0.07 secs] 
321.256: [GC [PSYoungGen: 323142K->15961K(325760K)] 697118K->396406K(1024832K), 0.0578440 secs] [Times: user=0.10 sys=0.00, real=0.06 secs] 
321.757: [GC [PSYoungGen: 317785K->14556K(325568K)] 698230K->400863K(1024640K), 0.0566790 secs] [Times: user=0.09 sys=0.00, real=0.06 secs] 
322.268: [GC [PSYoungGen: 316380K->21209K(324352K)] 702687K->415580K(1023424K), 0.0608470 secs] [Times: user=0.12 sys=0.00, real=0.06 secs] 
322.728: [GC [PSYoungGen: 321817K->18948K(325056K)] 716188K->422556K(1024128K), 0.0711670 secs] [Times: user=0.12 sys=0.01, real=0.07 secs] 
323.126: [GC [PSYoungGen: 319556K->15264K(325440K)] 723164K->423470K(1024512K), 0.0469070 secs] [Times: user=0.08 sys=0.00, real=0.05 secs] 
323.590: [GC [PSYoungGen: 316576K->14971K(325376K)] 724782K->429761K(1024448K), 0.0956400 secs] [Times: user=0.09 sys=0.00, real=0.10 secs] 
324.092: [GC [PSYoungGen: 316283K->17689K(326208K)] 731073K->438191K(1025280K), 0.0542220 secs] [Times: user=0.09 sys=0.00, real=0.05 secs] 
324.457: [GC [PSYoungGen: 320025K->21477K(323840K)] 740527K->448502K(1022912K), 0.0560560 secs] [Times: user=0.12 sys=0.00, real=0.06 secs] 
324.981: [GC [PSYoungGen: 323813K->17024K(325760K)] 750838K->451572K(1024832K), 0.0493890 secs] [Times: user=0.10 sys=0.00, real=0.05 secs] 
325.368: [GC [PSYoungGen: 318592K->18623K(325312K)] 753140K->457731K(1024384K), 0.0408580 secs] [Times: user=0.10 sys=0.00, real=0.04 secs] 
325.773: [GC [PSYoungGen: 320191K->19801K(325696K)] 759299K->464087K(1024768K), 0.1088390 secs] [Times: user=0.11 sys=0.00, real=0.11 secs] 
326.281: [GC [PSYoungGen: 322073K->18982K(325888K)] 766359K->472064K(1024960K), 0.0606070 secs] [Times: user=0.12 sys=0.00, real=0.06 secs] 
326.724: [GC [PSYoungGen: 321254K->18042K(326656K)] 774336K->478655K(1025728K), 0.0492660 secs] [Times: user=0.10 sys=0.00, real=0.05 secs] 
327.146: [GC [PSYoungGen: 321338K->15051K(326144K)] 781951K->482617K(1025216K), 0.0531040 secs] [Times: user=0.09 sys=0.00, real=0.05 secs] 
327.569: [GC [PSYoungGen: 318347K->19509K(326336K)] 785913K->493863K(1025408K), 0.0532560 secs] [Times: user=0.11 sys=0.00, real=0.06 secs] 
327.994: [GC [PSYoungGen: 322933K->15326K(326464K)] 797287K->496856K(1025536K), 0.0482230 secs] [Times: user=0.10 sys=0.00, real=0.05 secs] 
328.425: [GC [PSYoungGen: 318750K->15786K(326656K)] 800280K->500722K(1025728K), 0.0281740 secs] [Times: user=0.08 sys=0.00, real=0.03 secs] 
328.807: [GC [PSYoungGen: 319401K->19418K(326464K)] 804337K->510608K(1025536K), 0.0535390 secs] [Times: user=0.11 sys=0.00, real=0.05 secs] 
329.270: [GC [PSYoungGen: 323034K->19048K(326528K)] 814224K->518157K(1025600K), 0.0670440 secs] [Times: user=0.11 sys=0.00, real=0.07 secs] 
329.662: [GC [PSYoungGen: 322600K->19781K(323392K)] 821709K->523293K(1022464K), 0.0377040 secs] [Times: user=0.10 sys=0.00, real=0.03 secs] 
330.040: [GC [PSYoungGen: 323333K->17200K(326720K)] 826845K->526911K(1025792K), 0.0531330 secs] [Times: user=0.10 sys=0.00, real=0.06 secs] 
330.469: [GC [PSYoungGen: 320752K->20553K(324160K)] 830463K->536889K(1023232K), 0.0554960 secs] [Times: user=0.12 sys=0.00, real=0.06 secs] 
330.899: [GC [PSYoungGen: 324105K->15717K(326336K)] 840441K->540706K(1025408K), 0.0581590 secs] [Times: user=0.11 sys=0.00, real=0.06 secs] 
331.258: [GC [PSYoungGen: 318821K->15459K(326272K)] 843810K->547049K(1025344K), 0.0606860 secs] [Times: user=0.11 sys=0.00, real=0.06 secs] 
331.642: [GC [PSYoungGen: 318563K->21386K(324736K)] 850153K->561681K(1023808K), 0.0496180 secs] [Times: user=0.12 sys=0.00, real=0.05 secs] 
332.009: [GC [PSYoungGen: 323018K->17999K(325568K)] 863313K->565382K(1024640K), 0.0577940 secs] [Times: user=0.10 sys=0.00, real=0.06 secs] 
332.469: [GC [PSYoungGen: 319631K->19134K(326272K)] 867014K->572879K(1025344K), 0.1167980 secs] [Times: user=0.10 sys=0.00, real=0.12 secs] 
332.857: [GC [PSYoungGen: 322046K->20678K(323648K)] 875791K->580614K(1022720K), 0.0488630 secs] [Times: user=0.11 sys=0.00, real=0.05 secs] 
333.263: [GC [PSYoungGen: 323590K->15306K(325760K)] 883526K->579811K(1024832K), 0.0535780 secs] [Times: user=0.08 sys=0.00, real=0.05 secs] 
333.623: [GC [PSYoungGen: 317450K->14261K(316416K)] 881955K->586039K(1015488K), 0.0414940 secs] [Times: user=0.10 sys=0.00, real=0.04 secs] 
334.037: [GC [PSYoungGen: 316405K->23739K(316800K)] 888183K->603186K(1015872K), 0.0734940 secs] [Times: user=0.12 sys=0.00, real=0.07 secs] 
334.425: [GC [PSYoungGen: 316795K->18448K(321280K)] 896242K->609557K(1020352K), 0.0521720 secs] [Times: user=0.12 sys=0.00, real=0.05 secs] 
334.767: [GC [PSYoungGen: 311504K->17137K(322560K)] 902613K->614870K(1021632K), 0.0461940 secs] [Times: user=0.11 sys=0.00, real=0.05 secs] 
335.151: [GC [PSYoungGen: 312238K->18313K(322048K)] 909970K->621448K(1021120K), 0.0388500 secs] [Times: user=0.11 sys=0.00, real=0.04 secs] 
335.608: [GC [PSYoungGen: 313417K->15887K(323520K)] 916552K->626433K(1022592K), 0.0810620 secs] [Times: user=0.10 sys=0.00, real=0.08 secs] 
336.083: [GC [PSYoungGen: 313231K->17188K(323328K)] 923777K->634025K(1022400K), 0.0575660 secs] [Times: user=0.10 sys=0.00, real=0.05 secs] 
336.520: [GC [PSYoungGen: 314532K->17611K(324608K)] 931369K->640800K(1023680K), 0.0472360 secs] [Times: user=0.10 sys=0.00, real=0.05 secs] 
336.955: [GC [PSYoungGen: 316747K->15483K(324032K)] 939936K->646761K(1023104K), 0.0512140 secs] [Times: user=0.10 sys=0.00, real=0.05 secs] 
337.362: [GC [PSYoungGen: 314619K->14816K(324928K)] 945897K->652234K(1024000K), 0.0510180 secs] [Times: user=0.09 sys=0.00, real=0.05 secs] 
337.779: [GC [PSYoungGen: 315040K->18240K(324800K)] 952458K->663007K(1023872K), 0.0402960 secs] [Times: user=0.12 sys=0.00, real=0.04 secs] 
338.138: [GC [PSYoungGen: 318447K->17299K(325952K)] 963213K->669703K(1025024K), 0.0429270 secs] [Times: user=0.12 sys=0.00, real=0.04 secs] 
338.566: [GC [PSYoungGen: 319187K->17038K(325440K)] 971591K->675452K(1024512K), 0.0449480 secs] [Times: user=0.11 sys=0.00, real=0.04 secs] 
338.972: [GC [PSYoungGen: 318926K->14671K(326464K)] 977340K->679271K(1025536K), 0.0541670 secs] [Times: user=0.10 sys=0.00, real=0.05 secs] 
339.343: [GC [PSYoungGen: 318095K->19931K(323392K)] 982695K->688689K(1022464K), 0.0431460 secs] [Times: user=0.10 sys=0.00, real=0.04 secs] 
339.766: [GC [PSYoungGen: 323355K->13955K(325952K)] 992113K->691686K(1025024K), 0.0395860 secs] [Times: user=0.11 sys=0.00, real=0.04 secs] 
340.171: [GC [PSYoungGen: 316483K->22511K(325056K)] 994214K->706272K(1024128K), 0.0736490 secs] [Times: user=0.13 sys=0.00, real=0.08 secs] 
340.581: [GC [PSYoungGen: 325039K->13983K(324416K)] 1008800K->706295K(1023488K), 0.0392210 secs] [Times: user=0.10 sys=0.00, real=0.04 secs] 
340.620: [Full GC [PSYoungGen: 13983K->0K(324416K)] [PSOldGen: 692311K->222465K(699072K)] 706295K->222465K(1023488K) [PSPermGen: 91466K->91466K(262144K)], 1.1202300 secs] [Times: user=1.11 sys=0.00, real=1.12 secs] 
342.108: [GC [PSYoungGen: 299968K->22488K(322496K)] 522433K->244954K(1021568K), 0.0520280 secs] [Times: user=0.10 sys=0.00, real=0.05 secs] 
342.554: [GC [PSYoungGen: 322456K->17584K(324352K)] 544922K->253423K(1023424K), 0.0507020 secs] [Times: user=0.12 sys=0.00, real=0.05 secs] 
342.958: [GC [PSYoungGen: 316016K->20162K(323584K)] 551855K->262957K(1022656K), 0.0476010 secs] [Times: user=0.11 sys=0.00, real=0.05 secs] 
343.347: [GC [PSYoungGen: 318594K->18763K(324672K)] 561389K->270072K(1023744K), 0.0773510 secs] [Times: user=0.10 sys=0.01, real=0.08 secs] 
343.715: [GC [PSYoungGen: 318155K->19813K(324224K)] 569464K->274691K(1023296K), 0.0357040 secs] [Times: user=0.09 sys=0.00, real=0.03 secs] 
344.153: [GC [PSYoungGen: 319205K->19933K(324800K)] 574083K->283922K(1023872K), 0.0663770 secs] [Times: user=0.11 sys=0.01, real=0.06 secs] 
344.520: [GC [PSYoungGen: 319965K->21527K(321600K)] 583954K->293258K(1020672K), 0.1243500 secs] [Times: user=0.12 sys=0.04, real=0.13 secs] 
344.948: [GC [PSYoungGen: 321559K->17704K(324736K)] 593290K->294893K(1023808K), 0.0400010 secs] [Times: user=0.10 sys=0.00, real=0.04 secs] 
345.302: [GC [PSYoungGen: 317224K->20956K(324288K)] 594413K->303695K(1023360K), 0.0402790 secs] [Times: user=0.10 sys=0.00, real=0.05 secs] 
345.733: [GC [PSYoungGen: 320473K->13407K(323840K)] 603212K->302297K(1022912K), 0.0279140 secs] [Times: user=0.09 sys=0.00, real=0.03 secs] 
346.158: [GC [PSYoungGen: 312223K->15568K(324160K)] 601113K->309724K(1023232K), 0.0312210 secs] [Times: user=0.09 sys=0.00, real=0.03 secs] 
346.569: [GC [PSYoungGen: 314384K->19148K(324672K)] 608540K->320630K(1023744K), 0.0510970 secs] [Times: user=0.11 sys=0.01, real=0.05 secs] 
346.928: [GC [PSYoungGen: 318732K->21557K(321152K)] 620214K->329866K(1020224K), 0.0772590 secs] [Times: user=0.12 sys=0.00, real=0.08 secs] 
347.418: [GC [PSYoungGen: 321141K->20667K(323968K)] 629450K->336528K(1023040K), 0.0490750 secs] [Times: user=0.12 sys=0.00, real=0.05 secs] 
347.807: [GC [PSYoungGen: 319227K->17611K(324032K)] 635088K->338358K(1023104K), 0.0581790 secs] [Times: user=0.10 sys=0.00, real=0.06 secs] 
348.183: [GC [PSYoungGen: 316171K->17141K(324864K)] 636918K->341389K(1023936K), 0.0339250 secs] [Times: user=0.08 sys=0.00, real=0.04 secs] 
348.646: [GC [PSYoungGen: 316981K->19934K(324480K)] 641229K->348016K(1023552K), 0.0585350 secs] [Times: user=0.09 sys=0.00, real=0.06 secs] 
349.063: [GC [PSYoungGen: 319774K->19829K(325056K)] 647856K->356933K(1024128K), 0.0548440 secs] [Times: user=0.12 sys=0.00, real=0.06 secs] 
349.457: [GC [PSYoungGen: 320309K->17184K(324928K)] 657413K->362495K(1024000K), 0.0483060 secs] [Times: user=0.11 sys=0.01, real=0.05 secs] 
349.836: [GC [PSYoungGen: 317664K->21824K(324096K)] 662975K->373650K(1023168K), 0.0549160 secs] [Times: user=0.12 sys=0.01, real=0.05 secs] 
350.219: [GC [PSYoungGen: 321792K->17402K(324736K)] 673618K->376927K(1023808K), 0.0486650 secs] [Times: user=0.11 sys=0.00, real=0.05 secs] 
350.631: [GC [PSYoungGen: 317370K->15483K(325056K)] 676895K->378926K(1024128K), 0.0354270 secs] [Times: user=0.08 sys=0.00, real=0.04 secs] 
351.032: [GC [PSYoungGen: 316091K->18613K(325056K)] 679534K->389041K(1024128K), 0.0543880 secs] [Times: user=0.10 sys=0.00, real=0.06 secs] 
351.497: [GC [PSYoungGen: 319221K->16875K(325888K)] 689649K->393037K(1024960K), 0.0570700 secs] [Times: user=0.09 sys=0.01, real=0.06 secs] 
351.973: [GC [PSYoungGen: 318827K->16376K(325568K)] 694989K->397850K(1024640K), 0.0623800 secs] [Times: user=0.09 sys=0.00, real=0.07 secs] 
352.376: [GC [PSYoungGen: 318328K->19678K(325952K)] 699802K->408574K(1025024K), 0.0644720 secs] [Times: user=0.11 sys=0.01, real=0.06 secs] 
352.719: [GC [PSYoungGen: 322206K->19362K(326016K)] 711102K->417115K(1025088K), 0.0414810 secs] [Times: user=0.12 sys=0.00, real=0.04 secs] 
353.126: [GC [PSYoungGen: 321890K->15093K(326016K)] 719643K->420354K(1025088K), 0.0677420 secs] [Times: user=0.11 sys=0.00, real=0.06 secs] 
353.504: [GC [PSYoungGen: 317749K->21531K(324224K)] 723010K->431930K(1023296K), 0.0739860 secs] [Times: user=0.11 sys=0.00, real=0.08 secs] 
353.962: [GC [PSYoungGen: 324187K->21093K(324416K)] 734586K->439301K(1023488K), 0.0454490 secs] [Times: user=0.12 sys=0.00, real=0.05 secs] 
354.325: [GC [PSYoungGen: 321317K->19764K(324864K)] 739525K->446594K(1023936K), 0.1072660 secs] [Times: user=0.11 sys=0.00, real=0.10 secs] 
354.771: [GC [PSYoungGen: 319988K->19389K(325440K)] 746818K->454352K(1024512K), 0.0619570 secs] [Times: user=0.12 sys=0.00, real=0.06 secs] 
355.232: [GC [PSYoungGen: 320381K->16074K(325056K)] 755344K->457808K(1024128K), 0.0623210 secs] [Times: user=0.09 sys=0.01, real=0.06 secs] 
355.600: [GC [PSYoungGen: 317066K->22543K(323648K)] 758800K->469263K(1022720K), 0.0545790 secs] [Times: user=0.11 sys=0.00, real=0.05 secs] 
356.015: [GC [PSYoungGen: 322127K->17622K(324544K)] 768847K->473188K(1023616K), 0.0357670 secs] [Times: user=0.12 sys=0.00, real=0.04 secs] 
356.432: [GC [PSYoungGen: 317206K->16750K(325120K)] 772772K->478350K(1024192K), 0.0393520 secs] [Times: user=0.10 sys=0.00, real=0.04 secs] 
356.787: [GC [PSYoungGen: 317294K->15878K(324928K)] 778894K->482426K(1024000K), 0.0395760 secs] [Times: user=0.10 sys=0.01, real=0.04 secs] 
357.188: [GC [PSYoungGen: 316417K->14481K(325120K)] 782965K->488140K(1024192K), 0.0500950 secs] [Times: user=0.10 sys=0.00, real=0.05 secs] 
357.611: [GC [PSYoungGen: 315345K->21348K(322240K)] 789004K->501109K(1021312K), 0.0641400 secs] [Times: user=0.11 sys=0.00, real=0.06 secs] 
358.021: [GC [PSYoungGen: 322212K->20733K(324032K)] 801973K->509605K(1023104K), 0.0657690 secs] [Times: user=0.13 sys=0.00, real=0.07 secs] 
358.511: [GC [PSYoungGen: 319805K->13865K(312960K)] 808677K->507202K(1012032K), 0.0328320 secs] [Times: user=0.09 sys=0.00, real=0.03 secs] 
358.911: [GC [PSYoungGen: 312937K->17039K(324736K)] 806274K->515148K(1023808K), 0.0717590 secs] [Times: user=0.10 sys=0.01, real=0.07 secs] 
359.290: [GC [PSYoungGen: 316421K->14981K(324160K)] 814530K->520786K(1023232K), 0.0413820 secs] [Times: user=0.09 sys=0.00, real=0.04 secs] 
359.733: [GC [PSYoungGen: 314371K->20356K(324352K)] 820175K->533284K(1023424K), 0.0799120 secs] [Times: user=0.15 sys=0.01, real=0.08 secs] 
360.084: [GC [PSYoungGen: 320068K->21596K(321344K)] 832996K->544646K(1020416K), 0.0506210 secs] [Times: user=0.12 sys=0.01, real=0.05 secs] 
360.466: [GC [PSYoungGen: 321308K->17180K(324480K)] 844358K->547496K(1023552K), 0.0613500 secs] [Times: user=0.10 sys=0.00, real=0.07 secs] 
360.834: [GC [PSYoungGen: 316060K->19793K(323904K)] 846376K->555547K(1022976K), 0.0452360 secs] [Times: user=0.11 sys=0.01, real=0.05 secs] 
361.161: [GC [PSYoungGen: 318673K->16377K(324864K)] 854427K->558134K(1023936K), 0.0465520 secs] [Times: user=0.10 sys=0.00, real=0.05 secs] 
361.561: [GC [PSYoungGen: 316281K->18134K(324544K)] 858038K->566259K(1023616K), 0.0489050 secs] [Times: user=0.10 sys=0.00, real=0.05 secs] 
361.891: [GC [PSYoungGen: 318038K->18087K(326080K)] 866163K->574234K(1025152K), 0.0462030 secs] [Times: user=0.11 sys=0.00, real=0.05 secs] 
362.332: [GC [PSYoungGen: 320167K->21182K(325504K)] 876314K->582045K(1024576K), 0.0522630 secs] [Times: user=0.11 sys=0.00, real=0.05 secs] 
362.768: [GC [PSYoungGen: 323262K->20238K(325248K)] 884125K->588763K(1024320K), 0.0446840 secs] [Times: user=0.12 sys=0.00, real=0.04 secs] 
363.200: [GC [PSYoungGen: 321486K->15262K(325376K)] 890011K->588650K(1024448K), 0.0430730 secs] [Times: user=0.09 sys=0.00, real=0.04 secs] 
363.717: [GC [PSYoungGen: 316510K->17310K(325760K)] 889898K->592739K(1024832K), 0.0474370 secs] [Times: user=0.09 sys=0.00, real=0.04 secs] 
364.092: [GC [PSYoungGen: 318942K->19973K(325376K)] 894371K->603480K(1024448K), 0.0446870 secs] [Times: user=0.12 sys=0.00, real=0.04 secs] 
364.547: [GC [PSYoungGen: 321605K->16884K(325952K)] 905112K->609053K(1025024K), 0.0433020 secs] [Times: user=0.11 sys=0.00, real=0.04 secs] 
365.056: [GC [PSYoungGen: 318964K->16886K(325632K)] 911133K->612840K(1024704K), 0.0570180 secs] [Times: user=0.08 sys=0.00, real=0.06 secs] 
365.513: [GC [PSYoungGen: 318966K->17049K(326592K)] 914920K->620435K(1025664K), 0.0758510 secs] [Times: user=0.10 sys=0.01, real=0.08 secs] 
365.992: [GC [PSYoungGen: 320395K->17847K(326272K)] 923781K->628423K(1025344K), 0.0514140 secs] [Times: user=0.11 sys=0.00, real=0.05 secs] 
366.393: [GC [PSYoungGen: 321207K->13631K(326528K)] 931783K->630265K(1025600K), 0.1110350 secs] [Times: user=0.22 sys=0.02, real=0.11 secs] 
366.862: [GC [PSYoungGen: 317695K->20915K(324992K)] 934329K->641374K(1024064K), 0.0470110 secs] [Times: user=0.12 sys=0.00, real=0.05 secs] 
367.316: [GC [PSYoungGen: 324979K->15926K(326272K)] 945438K->645159K(1025344K), 0.0422140 secs] [Times: user=0.10 sys=0.00, real=0.05 secs] 
367.769: [GC [PSYoungGen: 318710K->17501K(326016K)] 947943K->654678K(1025088K), 0.0545160 secs] [Times: user=0.11 sys=0.00, real=0.05 secs] 
368.141: [GC [PSYoungGen: 320285K->20055K(326016K)] 957462K->663581K(1025088K), 0.0503520 secs] [Times: user=0.12 sys=0.00, real=0.05 secs] 
368.533: [GC [PSYoungGen: 323351K->22147K(325504K)] 966877K->670778K(1024576K), 0.0677940 secs] [Times: user=0.11 sys=0.00, real=0.07 secs] 
369.001: [GC [PSYoungGen: 325443K->17719K(325824K)] 974074K->673416K(1024896K), 0.0723930 secs] [Times: user=0.10 sys=0.01, real=0.07 secs] 
369.414: [GC [PSYoungGen: 319543K->20207K(325504K)] 975240K->680703K(1024576K), 0.0507090 secs] [Times: user=0.10 sys=0.00, real=0.05 secs] 
369.854: [GC [PSYoungGen: 322031K->20732K(324992K)] 982527K->690222K(1024064K), 0.0582770 secs] [Times: user=0.13 sys=0.00, real=0.06 secs] 
370.318: [GC [PSYoungGen: 321852K->15603K(325312K)] 991342K->691062K(1024384K), 0.0658000 secs] [Times: user=0.10 sys=0.00, real=0.06 secs] 
370.676: [GC [PSYoungGen: 316723K->20131K(325248K)] 992182K->698725K(1024320K), 0.0679510 secs] [Times: user=0.11 sys=0.00, real=0.07 secs] 
371.285: [GC [PSYoungGen: 321251K->16197K(325312K)] 999845K->703260K(1024384K), 0.0466750 secs] [Times: user=0.11 sys=0.00, real=0.05 secs] 
371.660: [GC [PSYoungGen: 317317K->16772K(325760K)] 1004380K->709626K(1024832K), 0.0478080 secs] [Times: user=0.11 sys=0.00, real=0.05 secs] 
371.708: [Full GC [PSYoungGen: 16772K->0K(325760K)] [PSOldGen: 692854K->238228K(699072K)] 709626K->238228K(1024832K) [PSPermGen: 91481K->91481K(262144K)], 1.1715890 secs] [Times: user=1.17 sys=0.00, real=1.17 secs] 
373.260: [GC [PSYoungGen: 301696K->23728K(325440K)] 539924K->264682K(1024512K), 0.0443300 secs] [Times: user=0.11 sys=0.00, real=0.04 secs] 
373.692: [GC [PSYoungGen: 325424K->18107K(322240K)] 566378K->269989K(1021312K), 0.0623880 secs] [Times: user=0.11 sys=0.01, real=0.06 secs] 
374.089: [GC [PSYoungGen: 316283K->16181K(323840K)] 568165K->275829K(1022912K), 0.0539110 secs] [Times: user=0.10 sys=0.00, real=0.05 secs] 
374.519: [GC [PSYoungGen: 314357K->18816K(324672K)] 574005K->285173K(1023744K), 0.0412360 secs] [Times: user=0.11 sys=0.00, real=0.04 secs] 
374.950: [GC [PSYoungGen: 318016K->19710K(324032K)] 584373K->293239K(1023104K), 0.0711570 secs] [Times: user=0.11 sys=0.00, real=0.07 secs] 
375.346: [GC [PSYoungGen: 318910K->17631K(325248K)] 592439K->296408K(1024320K), 0.0390270 secs] [Times: user=0.09 sys=0.00, real=0.04 secs] 
375.742: [GC [PSYoungGen: 318234K->13521K(324864K)] 597011K->297669K(1023936K), 0.0267090 secs] [Times: user=0.09 sys=0.00, real=0.03 secs] 
376.137: [GC [PSYoungGen: 314129K->15880K(325184K)] 598277K->306075K(1024256K), 0.0620270 secs] [Times: user=0.09 sys=0.00, real=0.07 secs] 
376.481: [GC [PSYoungGen: 316488K->18430K(324928K)] 606683K->316246K(1024000K), 0.0588990 secs] [Times: user=0.11 sys=0.00, real=0.06 secs] 
376.929: [GC [PSYoungGen: 319038K->17250K(326080K)] 616854K->319723K(1025152K), 0.0432670 secs] [Times: user=0.09 sys=0.01, real=0.04 secs] 
377.344: [GC [PSYoungGen: 319458K->17727K(325632K)] 621931K->328929K(1024704K), 0.0484170 secs] [Times: user=0.11 sys=0.00, real=0.05 secs] 
377.700: [GC [PSYoungGen: 319935K->17694K(327104K)] 631137K->337088K(1026176K), 0.0565140 secs] [Times: user=0.11 sys=0.00, real=0.05 secs] 
378.091: [GC [PSYoungGen: 321950K->17733K(326656K)] 641344K->342645K(1025728K), 0.0380160 secs] [Times: user=0.09 sys=0.00, real=0.04 secs] 
378.409: [GC [PSYoungGen: 321989K->17480K(327872K)] 646901K->349146K(1026944K), 0.0446720 secs] [Times: user=0.10 sys=0.00, real=0.04 secs] 
378.815: [GC [PSYoungGen: 323400K->19750K(327552K)] 655066K->357043K(1026624K), 0.0428060 secs] [Times: user=0.11 sys=0.00, real=0.04 secs] 
379.150: [GC [PSYoungGen: 325670K->20908K(326144K)] 662963K->365642K(1025216K), 0.0455800 secs] [Times: user=0.12 sys=0.00, real=0.04 secs] 
379.635: [GC [PSYoungGen: 325100K->14512K(318720K)] 669834K->366091K(1017792K), 0.0387720 secs] [Times: user=0.10 sys=0.00, real=0.04 secs] 
380.131: [GC [PSYoungGen: 318704K->16011K(326784K)] 670283K->373777K(1025856K), 0.0293190 secs] [Times: user=0.10 sys=0.00, real=0.03 secs] 
380.562: [GC [PSYoungGen: 319940K->15192K(326656K)] 677706K->378708K(1025728K), 0.0894100 secs] [Times: user=0.08 sys=0.00, real=0.09 secs] 
381.043: [GC [PSYoungGen: 319128K->20442K(325696K)] 682644K->388284K(1024768K), 0.0425510 secs] [Times: user=0.10 sys=0.01, real=0.04 secs] 
381.502: [GC [PSYoungGen: 323482K->15209K(326272K)] 691324K->391266K(1025344K), 0.0469080 secs] [Times: user=0.10 sys=0.01, real=0.04 secs] 
381.955: [GC [PSYoungGen: 318249K->17618K(326912K)] 694306K->399210K(1025984K), 0.0591010 secs] [Times: user=0.11 sys=0.00, real=0.06 secs] 
382.326: [GC [PSYoungGen: 321426K->16835K(326400K)] 703018K->407217K(1025472K), 0.0492820 secs] [Times: user=0.10 sys=0.01, real=0.05 secs] 
382.731: [GC [PSYoungGen: 320643K->15281K(327424K)] 711025K->411537K(1026496K), 0.0368470 secs] [Times: user=0.09 sys=0.00, real=0.03 secs] 
383.156: [GC [PSYoungGen: 320497K->15787K(327296K)] 716753K->419289K(1026368K), 0.0439560 secs] [Times: user=0.10 sys=0.00, real=0.05 secs] 
383.652: [GC [PSYoungGen: 321003K->16638K(328064K)] 724505K->427234K(1027136K), 0.0548770 secs] [Times: user=0.11 sys=0.00, real=0.05 secs] 
384.068: [GC [PSYoungGen: 322814K->20132K(326336K)] 733410K->438702K(1025408K), 0.0493020 secs] [Times: user=0.12 sys=0.00, real=0.05 secs] 
384.579: [GC [PSYoungGen: 326308K->17243K(327808K)] 744878K->446235K(1026880K), 0.0500990 secs] [Times: user=0.11 sys=0.00, real=0.06 secs] 
384.955: [GC [PSYoungGen: 322907K->20604K(326272K)] 751899K->456729K(1025344K), 0.0644270 secs] [Times: user=0.11 sys=0.00, real=0.07 secs] 
385.306: [GC [PSYoungGen: 326268K->16699K(327360K)] 762393K->458559K(1026432K), 0.0371080 secs] [Times: user=0.10 sys=0.00, real=0.04 secs] 
385.714: [GC [PSYoungGen: 321595K->15802K(327040K)] 763455K->464367K(1026112K), 0.0479990 secs] [Times: user=0.10 sys=0.01, real=0.05 secs] 
386.121: [GC [PSYoungGen: 320698K->15243K(327552K)] 769263K->471001K(1026624K), 0.0553730 secs] [Times: user=0.10 sys=0.00, real=0.05 secs] 
386.550: [GC [PSYoungGen: 320779K->16397K(327488K)] 776537K->478071K(1026560K), 0.0522330 secs] [Times: user=0.09 sys=0.00, real=0.06 secs] 
386.974: [GC [PSYoungGen: 321933K->16825K(328320K)] 783607K->483914K(1027392K), 0.0584040 secs] [Times: user=0.11 sys=0.00, real=0.06 secs] 
387.431: [GC [PSYoungGen: 323577K->15401K(327936K)] 790666K->490465K(1027008K), 0.0536860 secs] [Times: user=0.09 sys=0.00, real=0.05 secs] 
387.802: [GC [PSYoungGen: 322153K->18501K(328064K)] 797217K->499272K(1027136K), 0.0458290 secs] [Times: user=0.10 sys=0.00, real=0.04 secs] 
388.196: [GC [PSYoungGen: 325509K->14313K(321344K)] 806280K->504443K(1020416K), 0.0600710 secs] [Times: user=0.09 sys=0.00, real=0.06 secs] 
388.639: [GC [PSYoungGen: 321307K->20914K(326016K)] 811438K->516134K(1025088K), 0.0494380 secs] [Times: user=0.11 sys=0.00, real=0.05 secs] 
389.094: [GC [PSYoungGen: 325618K->15340K(327104K)] 820838K->519701K(1026176K), 0.0923570 secs] [Times: user=0.10 sys=0.00, real=0.09 secs] 
389.596: [GC [PSYoungGen: 320044K->16862K(327808K)] 824405K->524686K(1026880K), 0.0511430 secs] [Times: user=0.09 sys=0.00, real=0.05 secs] 
390.114: [GC [PSYoungGen: 322526K->20637K(326336K)] 830350K->533613K(1025408K), 0.0619220 secs] [Times: user=0.11 sys=0.00, real=0.06 secs] 
390.486: [GC [PSYoungGen: 326301K->19755K(326272K)] 839277K->539342K(1025344K), 0.0577800 secs] [Times: user=0.11 sys=0.00, real=0.06 secs] 
390.896: [GC [PSYoungGen: 323435K->21337K(325056K)] 843022K->550011K(1024128K), 0.0910520 secs] [Times: user=0.11 sys=0.00, real=0.09 secs] 
391.315: [GC [PSYoungGen: 325017K->19735K(325568K)] 853691K->556985K(1024640K), 0.0850580 secs] [Times: user=0.11 sys=0.00, real=0.08 secs] 
391.786: [GC [PSYoungGen: 321495K->18086K(325632K)] 858745K->561743K(1024704K), 0.0487030 secs] [Times: user=0.10 sys=0.01, real=0.05 secs] 
392.192: [GC [PSYoungGen: 319846K->19368K(326272K)] 863503K->569411K(1025344K), 0.0428250 secs] [Times: user=0.11 sys=0.00, real=0.04 secs] 
392.599: [GC [PSYoungGen: 322344K->18921K(326208K)] 872387K->575151K(1025280K), 0.0481160 secs] [Times: user=0.10 sys=0.00, real=0.05 secs] 
393.047: [GC [PSYoungGen: 321897K->14280K(326016K)] 878127K->573821K(1025088K), 0.0733110 secs] [Times: user=0.08 sys=0.00, real=0.07 secs] 
393.498: [GC [PSYoungGen: 317320K->19193K(326272K)] 876861K->583933K(1025344K), 0.0629850 secs] [Times: user=0.09 sys=0.00, real=0.06 secs] 
393.902: [GC [PSYoungGen: 322233K->16245K(326528K)] 886973K->589606K(1025600K), 0.0450040 secs] [Times: user=0.10 sys=0.00, real=0.04 secs] 
394.383: [GC [PSYoungGen: 319604K->16224K(326336K)] 892966K->598097K(1025408K), 0.0625710 secs] [Times: user=0.10 sys=0.00, real=0.06 secs] 
394.820: [GC [PSYoungGen: 319584K->17300K(327168K)] 901457K->606376K(1026240K), 0.0491580 secs] [Times: user=0.10 sys=0.00, real=0.05 secs] 
395.283: [GC [PSYoungGen: 321748K->21542K(326016K)] 910824K->615891K(1025088K), 0.0899370 secs] [Times: user=0.12 sys=0.00, real=0.09 secs] 
395.771: [GC [PSYoungGen: 325990K->16059K(326400K)] 920339K->615898K(1025472K), 0.0514820 secs] [Times: user=0.10 sys=0.01, real=0.05 secs] 
396.211: [GC [PSYoungGen: 319156K->20139K(323264K)] 918996K->625204K(1022336K), 0.0445050 secs] [Times: user=0.11 sys=0.00, real=0.05 secs] 
396.678: [GC [PSYoungGen: 323243K->20013K(325696K)] 928308K->632588K(1024768K), 0.0389500 secs] [Times: user=0.12 sys=0.00, real=0.04 secs] 
397.146: [GC [PSYoungGen: 322276K->19223K(325888K)] 934852K->638220K(1024960K), 0.0435440 secs] [Times: user=0.11 sys=0.00, real=0.04 secs] 
397.559: [GC [PSYoungGen: 321495K->16848K(326336K)] 940492K->641909K(1025408K), 0.0579590 secs] [Times: user=0.10 sys=0.00, real=0.06 secs] 
397.978: [GC [PSYoungGen: 319760K->22618K(325568K)] 944821K->653026K(1024640K), 0.0495170 secs] [Times: user=0.12 sys=0.00, real=0.05 secs] 
398.330: [GC [PSYoungGen: 325530K->17896K(325632K)] 955938K->656643K(1024704K), 0.0553480 secs] [Times: user=0.12 sys=0.00, real=0.06 secs] 
398.692: [GC [PSYoungGen: 319592K->16165K(325568K)] 958339K->660574K(1024640K), 0.0503270 secs] [Times: user=0.09 sys=0.01, real=0.05 secs] 
399.163: [GC [PSYoungGen: 317861K->16117K(325888K)] 962270K->666102K(1024960K), 0.0432770 secs] [Times: user=0.10 sys=0.00, real=0.04 secs] 
399.539: [GC [PSYoungGen: 318261K->22899K(325056K)] 968246K->679130K(1024128K), 0.0405300 secs] [Times: user=0.12 sys=0.00, real=0.04 secs] 
399.925: [GC [PSYoungGen: 325043K->18946K(325184K)] 981274K->684868K(1024256K), 0.0606730 secs] [Times: user=0.12 sys=0.01, real=0.06 secs] 
400.388: [GC [PSYoungGen: 319682K->17572K(325056K)] 985604K->691338K(1024128K), 0.0872400 secs] [Times: user=0.10 sys=0.01, real=0.09 secs] 
400.742: [GC [PSYoungGen: 318308K->20539K(325184K)] 992074K->699165K(1024256K), 0.0585150 secs] [Times: user=0.11 sys=0.00, real=0.05 secs] 
401.170: [GC [PSYoungGen: 321787K->18577K(325376K)] 1000413K->705622K(1024448K), 0.0474340 secs] [Times: user=0.12 sys=0.00, real=0.05 secs] 
401.597: [GC [PSYoungGen: 319825K->14179K(325248K)] 1006870K->708282K(1024320K), 0.0679030 secs] [Times: user=0.09 sys=0.00, real=0.07 secs] 
401.665: [Full GC [PSYoungGen: 14179K->0K(325248K)] [PSOldGen: 694102K->199876K(699072K)] 708282K->199876K(1024320K) [PSPermGen: 91503K->91448K(262144K)], 1.1642200 secs] [Times: user=1.16 sys=0.00, real=1.16 secs] 
403.237: [GC [PSYoungGen: 301632K->22681K(324352K)] 501508K->222557K(1023424K), 0.0493270 secs] [Times: user=0.10 sys=0.01, real=0.05 secs] 
403.625: [GC [PSYoungGen: 324313K->16943K(324864K)] 524189K->226862K(1023936K), 0.0532610 secs] [Times: user=0.11 sys=0.00, real=0.05 secs] 
403.993: [GC [PSYoungGen: 316783K->20330K(324480K)] 526702K->236407K(1023552K), 0.0577330 secs] [Times: user=0.10 sys=0.00, real=0.05 secs] 
404.375: [GC [PSYoungGen: 320170K->18866K(325312K)] 536247K->242897K(1024384K), 0.0401100 secs] [Times: user=0.11 sys=0.00, real=0.04 secs] 
404.822: [GC [PSYoungGen: 319474K->17397K(324800K)] 543505K->247104K(1023872K), 0.0415250 secs] [Times: user=0.09 sys=0.00, real=0.04 secs] 
405.184: [GC [PSYoungGen: 318001K->15506K(325632K)] 547709K->252547K(1024704K), 0.0504060 secs] [Times: user=0.09 sys=0.00, real=0.05 secs] 
405.606: [GC [PSYoungGen: 317266K->19105K(325632K)] 554307K->262829K(1024704K), 0.0501130 secs] [Times: user=0.10 sys=0.00, real=0.05 secs] 
406.003: [GC [PSYoungGen: 320865K->18463K(326400K)] 564589K->267312K(1025472K), 0.0534170 secs] [Times: user=0.09 sys=0.00, real=0.05 secs] 
406.450: [GC [PSYoungGen: 321247K->18529K(325888K)] 570096K->273416K(1024960K), 0.0613290 secs] [Times: user=0.10 sys=0.00, real=0.06 secs] 
406.851: [GC [PSYoungGen: 321313K->18944K(327040K)] 576200K->279358K(1026112K), 0.0460460 secs] [Times: user=0.10 sys=0.00, real=0.05 secs] 
407.276: [GC [PSYoungGen: 323264K->16488K(326784K)] 583678K->283680K(1025856K), 0.0399740 secs] [Times: user=0.11 sys=0.01, real=0.04 secs] 
407.672: [GC [PSYoungGen: 320808K->16611K(327232K)] 588000K->290572K(1026304K), 0.0399780 secs] [Times: user=0.09 sys=0.01, real=0.04 secs] 
408.043: [GC [PSYoungGen: 321443K->17963K(327104K)] 595404K->298646K(1026176K), 0.0541060 secs] [Times: user=0.10 sys=0.00, real=0.05 secs] 
408.409: [GC [PSYoungGen: 322795K->20205K(326848K)] 603478K->311039K(1025920K), 0.0580460 secs] [Times: user=0.12 sys=0.00, real=0.06 secs] 
408.811: [GC [PSYoungGen: 325165K->18979K(327232K)] 615999K->317061K(1026304K), 0.0499480 secs] [Times: user=0.11 sys=0.00, real=0.05 secs] 
409.221: [GC [PSYoungGen: 323939K->17367K(327552K)] 622021K->319949K(1026624K), 0.0542420 secs] [Times: user=0.09 sys=0.00, real=0.06 secs] 
409.715: [GC [PSYoungGen: 322775K->18871K(327360K)] 625357K->327206K(1026432K), 0.0388270 secs] [Times: user=0.10 sys=0.00, real=0.04 secs] 
410.111: [GC [PSYoungGen: 324279K->18040K(328000K)] 632614K->330652K(1027072K), 0.0447850 secs] [Times: user=0.09 sys=0.00, real=0.05 secs] 
410.427: [GC [PSYoungGen: 324216K->18818K(327680K)] 636828K->335268K(1026752K), 0.0483410 secs] [Times: user=0.09 sys=0.00, real=0.05 secs] 
410.964: [GC [PSYoungGen: 324994K->21117K(326592K)] 641444K->343519K(1025664K), 0.0516350 secs] [Times: user=0.11 sys=0.00, real=0.05 secs] 
411.341: [GC [PSYoungGen: 326333K->19946K(325184K)] 648735K->349112K(1024256K), 0.0394390 secs] [Times: user=0.12 sys=0.00, real=0.04 secs] 
411.771: [GC [PSYoungGen: 325162K->18033K(327488K)] 654328K->354652K(1026560K), 0.0397040 secs] [Times: user=0.11 sys=0.00, real=0.04 secs] 
412.171: [GC [PSYoungGen: 323249K->20510K(325760K)] 659868K->361473K(1024832K), 0.0421970 secs] [Times: user=0.10 sys=0.00, real=0.04 secs] 
412.597: [GC [PSYoungGen: 325726K->21525K(325824K)] 666689K->369962K(1024896K), 0.0457760 secs] [Times: user=0.12 sys=0.00, real=0.04 secs] 
412.988: [GC [PSYoungGen: 324949K->18783K(326464K)] 673386K->375851K(1025536K), 0.0512950 secs] [Times: user=0.10 sys=0.00, real=0.05 secs] 
413.448: [GC [PSYoungGen: 322207K->16158K(326528K)] 679275K->378149K(1025600K), 0.0468460 secs] [Times: user=0.09 sys=0.00, real=0.05 secs] 
413.824: [GC [PSYoungGen: 319966K->16812K(326656K)] 681957K->382205K(1025728K), 0.0430750 secs] [Times: user=0.09 sys=0.00, real=0.04 secs] 
414.206: [GC [PSYoungGen: 320620K->20099K(326464K)] 686013K->390312K(1025536K), 0.0894860 secs] [Times: user=0.09 sys=0.00, real=0.09 secs] 
414.585: [GC [PSYoungGen: 323779K->19332K(326592K)] 693992K->396777K(1025664K), 0.0425940 secs] [Times: user=0.11 sys=0.00, real=0.04 secs] 
414.941: [GC [PSYoungGen: 323012K->20831K(326016K)] 700457K->405395K(1025088K), 0.0466670 secs] [Times: user=0.12 sys=0.00, real=0.05 secs] 
415.371: [GC [PSYoungGen: 324127K->16918K(326400K)] 708691K->409903K(1025472K), 0.0568750 secs] [Times: user=0.10 sys=0.00, real=0.06 secs] 
415.779: [GC [PSYoungGen: 320214K->14673K(325952K)] 713199K->414123K(1025024K), 0.0593820 secs] [Times: user=0.08 sys=0.00, real=0.06 secs] 
416.213: [GC [PSYoungGen: 317585K->22499K(325440K)] 717035K->427190K(1024512K), 0.0613150 secs] [Times: user=0.11 sys=0.01, real=0.07 secs] 
416.715: [GC [PSYoungGen: 325411K->20115K(325056K)] 730102K->431316K(1024128K), 0.0618080 secs] [Times: user=0.11 sys=0.00, real=0.06 secs] 
417.180: [GC [PSYoungGen: 321107K->16592K(325248K)] 732308K->433734K(1024320K), 0.0655840 secs] [Times: user=0.09 sys=0.00, real=0.07 secs] 
417.703: [GC [PSYoungGen: 317584K->18522K(325888K)] 734726K->439158K(1024960K), 0.0359900 secs] [Times: user=0.09 sys=0.00, real=0.04 secs] 
418.108: [GC [PSYoungGen: 320282K->16098K(325376K)] 740918K->444017K(1024448K), 0.0544260 secs] [Times: user=0.10 sys=0.00, real=0.05 secs] 
418.473: [GC [PSYoungGen: 317858K->18799K(326272K)] 745777K->451033K(1025344K), 0.0438870 secs] [Times: user=0.10 sys=0.01, real=0.05 secs] 
418.895: [GC [PSYoungGen: 321519K->18652K(325952K)] 753753K->460247K(1025024K), 0.0543520 secs] [Times: user=0.11 sys=0.00, real=0.05 secs] 
419.320: [GC [PSYoungGen: 321372K->18591K(327104K)] 762967K->466598K(1026176K), 0.0479530 secs] [Times: user=0.10 sys=0.00, real=0.05 secs] 
419.713: [GC [PSYoungGen: 322911K->16078K(326720K)] 770918K->469530K(1025792K), 0.0751860 secs] [Times: user=0.10 sys=0.00, real=0.08 secs] 
420.094: [GC [PSYoungGen: 320398K->16838K(327232K)] 773850K->475448K(1026304K), 0.0419350 secs] [Times: user=0.10 sys=0.00, real=0.05 secs] 
420.479: [GC [PSYoungGen: 321606K->16545K(327040K)] 780216K->479008K(1026112K), 0.0388250 secs] [Times: user=0.09 sys=0.00, real=0.04 secs] 
420.906: [GC [PSYoungGen: 321313K->17593K(327744K)] 783776K->484579K(1026816K), 0.0524440 secs] [Times: user=0.10 sys=0.00, real=0.05 secs] 
421.278: [GC [PSYoungGen: 323193K->14973K(327360K)] 790179K->486745K(1026432K), 0.0575720 secs] [Times: user=0.09 sys=0.00, real=0.06 secs] 
421.815: [GC [PSYoungGen: 320573K->21414K(325696K)] 792345K->499535K(1024768K), 0.0525180 secs] [Times: user=0.11 sys=0.00, real=0.06 secs] 
422.200: [GC [PSYoungGen: 325222K->17866K(326656K)] 803343K->504229K(1025728K), 0.0514380 secs] [Times: user=0.11 sys=0.00, real=0.05 secs] 
422.561: [GC [PSYoungGen: 321674K->18648K(327296K)] 808037K->511018K(1026368K), 0.0466190 secs] [Times: user=0.10 sys=0.00, real=0.05 secs] 
423.034: [GC [PSYoungGen: 323544K->16388K(327104K)] 815914K->515263K(1026176K), 0.0629820 secs] [Times: user=0.09 sys=0.01, real=0.07 secs] 
423.567: [GC [PSYoungGen: 321284K->22063K(320512K)] 820159K->527240K(1019584K), 0.0633700 secs] [Times: user=0.13 sys=0.00, real=0.06 secs] 
423.972: [GC [PSYoungGen: 320495K->20859K(319296K)] 825672K->533935K(1018368K), 0.0469410 secs] [Times: user=0.12 sys=0.00, real=0.05 secs] 
424.331: [GC [PSYoungGen: 319291K->14812K(323776K)] 832367K->535565K(1022848K), 0.0478440 secs] [Times: user=0.10 sys=0.00, real=0.05 secs] 
424.789: [GC [PSYoungGen: 312988K->19005K(323840K)] 833741K->545693K(1022912K), 0.0499360 secs] [Times: user=0.11 sys=0.01, real=0.05 secs] 
425.163: [GC [PSYoungGen: 317181K->17560K(324864K)] 843869K->553454K(1023936K), 0.0465810 secs] [Times: user=0.12 sys=0.00, real=0.05 secs] 
425.584: [GC [PSYoungGen: 317336K->12888K(324416K)] 853230K->551492K(1023488K), 0.0596890 secs] [Times: user=0.07 sys=0.00, real=0.06 secs] 
426.023: [GC [PSYoungGen: 312659K->16488K(324928K)] 851263K->558463K(1024000K), 0.0456610 secs] [Times: user=0.09 sys=0.00, real=0.05 secs] 
426.407: [GC [PSYoungGen: 316392K->18788K(324480K)] 858367K->568207K(1023552K), 0.0754880 secs] [Times: user=0.11 sys=0.00, real=0.07 secs] 
427.011: [GC [PSYoungGen: 318692K->16939K(325696K)] 868111K->574267K(1024768K), 0.0338730 secs] [Times: user=0.11 sys=0.00, real=0.03 secs] 
427.436: [GC [PSYoungGen: 318379K->18967K(325248K)] 875707K->583296K(1024320K), 0.0495380 secs] [Times: user=0.11 sys=0.00, real=0.05 secs] 
427.785: [GC [PSYoungGen: 320407K->18139K(326400K)] 884736K->589685K(1025472K), 0.0451520 secs] [Times: user=0.12 sys=0.01, real=0.05 secs] 
428.209: [GC [PSYoungGen: 320923K->23103K(325888K)] 892469K->601129K(1024960K), 0.0747020 secs] [Times: user=0.12 sys=0.00, real=0.07 secs] 
428.611: [GC [PSYoungGen: 325887K->12009K(318464K)] 903913K->597804K(1017536K), 0.0582970 secs] [Times: user=0.09 sys=0.00, real=0.06 secs] 
429.002: [GC [PSYoungGen: 306857K->13486K(322176K)] 892652K->602475K(1021248K), 0.0333120 secs] [Times: user=0.08 sys=0.00, real=0.03 secs] 
429.394: [GC [PSYoungGen: 308334K->17964K(323136K)] 897323K->611466K(1022208K), 0.0488330 secs] [Times: user=0.10 sys=0.00, real=0.05 secs] 
429.775: [GC [PSYoungGen: 313772K->17171K(322176K)] 907274K->617189K(1021248K), 0.0445870 secs] [Times: user=0.11 sys=0.00, real=0.05 secs] 
430.168: [GC [PSYoungGen: 312979K->18840K(324224K)] 912997K->625835K(1023296K), 0.0427190 secs] [Times: user=0.12 sys=0.00, real=0.04 secs] 
430.553: [GC [PSYoungGen: 317400K->19613K(323840K)] 924395K->634852K(1022912K), 0.0435850 secs] [Times: user=0.11 sys=0.01, real=0.05 secs] 
430.884: [GC [PSYoungGen: 318173K->20138K(324352K)] 933412K->640371K(1023424K), 0.0473310 secs] [Times: user=0.11 sys=0.00, real=0.05 secs] 
431.309: [GC [PSYoungGen: 319338K->13968K(313216K)] 939571K->638829K(1012288K), 0.0391770 secs] [Times: user=0.09 sys=0.00, real=0.04 secs] 
431.677: [GC [PSYoungGen: 313168K->16879K(324800K)] 938029K->649824K(1023872K), 0.0788240 secs] [Times: user=0.10 sys=0.00, real=0.07 secs] 
432.100: [GC [PSYoungGen: 316463K->22434K(322048K)] 949408K->660098K(1021120K), 0.0511140 secs] [Times: user=0.11 sys=0.00, real=0.05 secs] 
432.572: [GC [PSYoungGen: 322018K->15797K(324096K)] 959682K->662433K(1023168K), 0.0547030 secs] [Times: user=0.11 sys=0.00, real=0.06 secs] 
433.035: [GC [PSYoungGen: 314165K->17125K(323776K)] 960801K->669659K(1022848K), 0.0616350 secs] [Times: user=0.10 sys=0.00, real=0.07 secs] 
433.459: [GC [PSYoungGen: 315493K->20939K(323904K)] 968027K->680876K(1022976K), 0.0560780 secs] [Times: user=0.12 sys=0.00, real=0.05 secs] 
433.905: [GC [PSYoungGen: 320011K->20921K(320000K)] 979948K->688531K(1019072K), 0.1095060 secs] [Times: user=0.13 sys=0.00, real=0.11 secs] 
434.322: [GC [PSYoungGen: 319993K->19745K(324224K)] 987603K->694107K(1023296K), 0.0531420 secs] [Times: user=0.11 sys=0.00, real=0.05 secs] 
434.737: [GC [PSYoungGen: 318433K->15386K(323968K)] 992795K->696195K(1023040K), 0.0655670 secs] [Times: user=0.09 sys=0.00, real=0.07 secs] 
435.186: [GC [PSYoungGen: 314074K->20813K(323840K)] 994883K->704640K(1022912K), 0.0626980 secs] [Times: user=0.11 sys=0.01, real=0.07 secs] 
435.723: [GC [PSYoungGen: 319501K->17575K(324096K)] 1003328K->707962K(1023168K), 0.0530830 secs] [Times: user=0.11 sys=0.00, real=0.05 secs] 
435.776: [Full GC [PSYoungGen: 17575K->0K(324096K)] [PSOldGen: 690387K->243463K(699072K)] 707962K->243463K(1023168K) [PSPermGen: 91464K->91464K(262144K)], 1.1936730 secs] [Times: user=1.19 sys=0.01, real=1.20 secs] 
437.313: [GC [PSYoungGen: 298688K->23734K(321920K)] 542151K->267197K(1020992K), 0.0771110 secs] [Times: user=0.10 sys=0.00, real=0.08 secs] 
437.700: [GC [PSYoungGen: 320758K->19857K(323264K)] 564221K->276804K(1022336K), 0.0569130 secs] [Times: user=0.13 sys=0.00, real=0.06 secs] 
438.156: [GC [PSYoungGen: 316881K->13406K(323136K)] 573828K->277223K(1022208K), 0.0393750 secs] [Times: user=0.08 sys=0.00, real=0.04 secs] 
438.600: [GC [PSYoungGen: 310686K->19553K(323392K)] 574503K->287127K(1022464K), 0.0436480 secs] [Times: user=0.10 sys=0.00, real=0.04 secs] 
438.991: [GC [PSYoungGen: 316833K->18272K(324416K)] 584407K->293711K(1023488K), 0.0653840 secs] [Times: user=0.11 sys=0.00, real=0.06 secs] 
439.426: [GC [PSYoungGen: 316960K->13867K(323776K)] 592399K->294501K(1022848K), 0.0718900 secs] [Times: user=0.08 sys=0.00, real=0.08 secs] 
439.865: [GC [PSYoungGen: 312555K->15880K(324608K)] 593189K->301791K(1023680K), 0.0609940 secs] [Times: user=0.08 sys=0.01, real=0.06 secs] 
440.232: [GC [PSYoungGen: 315272K->20797K(320192K)] 601183K->313894K(1019264K), 0.0412740 secs] [Times: user=0.12 sys=0.00, real=0.04 secs] 
440.711: [GC [PSYoungGen: 320189K->18428K(324800K)] 613286K->323973K(1023872K), 0.0434200 secs] [Times: user=0.12 sys=0.00, real=0.04 secs] 
441.079: [GC [PSYoungGen: 317948K->14724K(324224K)] 623493K->325610K(1023296K), 0.0396410 secs] [Times: user=0.09 sys=0.00, real=0.04 secs] 
441.456: [GC [PSYoungGen: 314244K->17311K(325440K)] 625130K->333514K(1024512K), 0.0375750 secs] [Times: user=0.10 sys=0.00, real=0.04 secs] 
441.839: [GC [PSYoungGen: 318111K->19001K(324864K)] 634314K->341820K(1023936K), 0.0474410 secs] [Times: user=0.10 sys=0.00, real=0.04 secs] 
442.208: [GC [PSYoungGen: 319801K->18088K(326144K)] 642620K->346726K(1025216K), 0.0393730 secs] [Times: user=0.10 sys=0.00, real=0.03 secs] 
442.595: [GC [PSYoungGen: 320360K->18090K(325632K)] 648998K->353127K(1024704K), 0.0556350 secs] [Times: user=0.10 sys=0.00, real=0.06 secs] 
443.019: [GC [PSYoungGen: 320362K->18006K(327104K)] 655399K->360134K(1026176K), 0.0451710 secs] [Times: user=0.10 sys=0.00, real=0.04 secs] 
443.430: [GC [PSYoungGen: 322262K->17281K(326656K)] 664390K->366015K(1025728K), 0.0475660 secs] [Times: user=0.10 sys=0.00, real=0.04 secs] 
443.953: [GC [PSYoungGen: 321537K->13879K(326912K)] 670271K->367203K(1025984K), 0.0338120 secs] [Times: user=0.08 sys=0.00, real=0.03 secs] 
444.333: [GC [PSYoungGen: 318711K->19574K(324416K)] 672035K->377600K(1023488K), 0.0595990 secs] [Times: user=0.10 sys=0.00, real=0.06 secs] 
444.822: [GC [PSYoungGen: 324406K->17226K(327296K)] 682432K->381585K(1026368K), 0.0703590 secs] [Times: user=0.11 sys=0.01, real=0.07 secs] 
445.331: [GC [PSYoungGen: 321930K->15922K(326912K)] 686289K->385206K(1025984K), 0.0355400 secs] [Times: user=0.09 sys=0.00, real=0.03 secs] 
445.667: [GC [PSYoungGen: 320626K->16144K(327680K)] 689910K->391100K(1026752K), 0.0485640 secs] [Times: user=0.10 sys=0.00, real=0.05 secs] 
446.062: [GC [PSYoungGen: 321744K->18971K(327424K)] 696700K->399825K(1026496K), 0.0402770 secs] [Times: user=0.11 sys=0.00, real=0.04 secs] 
446.466: [GC [PSYoungGen: 324571K->16672K(327808K)] 705425K->404730K(1026880K), 0.0404590 secs] [Times: user=0.10 sys=0.00, real=0.04 secs] 
446.809: [GC [PSYoungGen: 322528K->19591K(325504K)] 710586K->414491K(1024576K), 0.0457470 secs] [Times: user=0.11 sys=0.01, real=0.05 secs] 
447.201: [GC [PSYoungGen: 325447K->20064K(326528K)] 720347K->422379K(1025600K), 0.0449200 secs] [Times: user=0.12 sys=0.00, real=0.04 secs] 
447.620: [GC [PSYoungGen: 324512K->16722K(326976K)] 726827K->426092K(1026048K), 0.0487140 secs] [Times: user=0.09 sys=0.00, real=0.04 secs] 
448.024: [GC [PSYoungGen: 321170K->17932K(327616K)] 730540K->432509K(1026688K), 0.0422920 secs] [Times: user=0.09 sys=0.00, real=0.04 secs] 
448.455: [GC [PSYoungGen: 323276K->19197K(327232K)] 737853K->442193K(1026304K), 0.0472680 secs] [Times: user=0.12 sys=0.00, real=0.05 secs] 
448.814: [GC [PSYoungGen: 324541K->17398K(327808K)] 747537K->447783K(1026880K), 0.0461350 secs] [Times: user=0.11 sys=0.00, real=0.05 secs] 
449.194: [GC [PSYoungGen: 323190K->18685K(327488K)] 753575K->455990K(1026560K), 0.0391550 secs] [Times: user=0.11 sys=0.00, real=0.04 secs] 
449.649: [GC [PSYoungGen: 324477K->19946K(327168K)] 761782K->462810K(1026240K), 0.0477620 secs] [Times: user=0.10 sys=0.01, real=0.05 secs] 
450.142: [GC [PSYoungGen: 325546K->17700K(327552K)] 768410K->464017K(1026624K), 0.0417160 secs] [Times: user=0.09 sys=0.00, real=0.04 secs] 
450.528: [GC [PSYoungGen: 323300K->16162K(327872K)] 769617K->467815K(1026944K), 0.0415790 secs] [Times: user=0.09 sys=0.00, real=0.05 secs] 
450.917: [GC [PSYoungGen: 322338K->15608K(327808K)] 773991K->474544K(1026880K), 0.0530820 secs] [Times: user=0.10 sys=0.01, real=0.06 secs] 
451.373: [GC [PSYoungGen: 321784K->16491K(328000K)] 780720K->481181K(1027072K), 0.0580120 secs] [Times: user=0.09 sys=0.00, real=0.06 secs] 
451.867: [GC [PSYoungGen: 322795K->19566K(325888K)] 787485K->490733K(1024960K), 0.0743430 secs] [Times: user=0.11 sys=0.00, real=0.08 secs] 
452.289: [GC [PSYoungGen: 325870K->17485K(328000K)] 797037K->496702K(1027072K), 0.0644100 secs] [Times: user=0.11 sys=0.01, real=0.07 secs] 
452.661: [GC [PSYoungGen: 323661K->18846K(327680K)] 802878K->503137K(1026752K), 0.0407370 secs] [Times: user=0.10 sys=0.01, real=0.04 secs] 
453.102: [GC [PSYoungGen: 325022K->18487K(328128K)] 809313K->513387K(1027200K), 0.0706810 secs] [Times: user=0.12 sys=0.00, real=0.07 secs] 
453.615: [GC [PSYoungGen: 325111K->15187K(328000K)] 820011K->515618K(1027072K), 0.0443620 secs] [Times: user=0.10 sys=0.01, real=0.04 secs] 
454.059: [GC [PSYoungGen: 321811K->18545K(328064K)] 822242K->524132K(1027136K), 0.0382290 secs] [Times: user=0.11 sys=0.00, real=0.04 secs] 
454.558: [GC [PSYoungGen: 325105K->15834K(328000K)] 830692K->528801K(1027072K), 0.0960340 secs] [Times: user=0.10 sys=0.00, real=0.10 secs] 
455.004: [GC [PSYoungGen: 322394K->16979K(328384K)] 835361K->533181K(1027456K), 0.0370490 secs] [Times: user=0.09 sys=0.00, real=0.04 secs] 
455.424: [GC [PSYoungGen: 323923K->21096K(328064K)] 840125K->545222K(1027136K), 0.0496320 secs] [Times: user=0.12 sys=0.00, real=0.05 secs] 
455.900: [GC [PSYoungGen: 328040K->16105K(321280K)] 852166K->549139K(1020352K), 0.0435890 secs] [Times: user=0.11 sys=0.00, real=0.05 secs] 
456.259: [GC [PSYoungGen: 315945K->17618K(324672K)] 848979K->555182K(1023744K), 0.0434060 secs] [Times: user=0.11 sys=0.00, real=0.05 secs] 
456.626: [GC [PSYoungGen: 317458K->17056K(325568K)] 855022K->561523K(1024640K), 0.0586230 secs] [Times: user=0.10 sys=0.00, real=0.06 secs] 
457.138: [GC [PSYoungGen: 318304K->16316K(325184K)] 862771K->568168K(1024256K), 0.0535560 secs] [Times: user=0.10 sys=0.00, real=0.06 secs] 
457.570: [GC [PSYoungGen: 317564K->19305K(325888K)] 869416K->578604K(1024960K), 0.0591130 secs] [Times: user=0.11 sys=0.00, real=0.06 secs] 
458.029: [GC [PSYoungGen: 321513K->18895K(325824K)] 880812K->585145K(1024896K), 0.0501240 secs] [Times: user=0.12 sys=0.00, real=0.05 secs] 
458.396: [GC [PSYoungGen: 321103K->19004K(326400K)] 887353K->590903K(1025472K), 0.0431420 secs] [Times: user=0.11 sys=0.00, real=0.04 secs] 
458.790: [GC [PSYoungGen: 322044K->16514K(326144K)] 893943K->593528K(1025216K), 0.0448650 secs] [Times: user=0.10 sys=0.00, real=0.05 secs] 
459.202: [GC [PSYoungGen: 319554K->18471K(326912K)] 896568K->600260K(1025984K), 0.0374050 secs] [Times: user=0.10 sys=0.00, real=0.03 secs] 
459.540: [GC [PSYoungGen: 322471K->12624K(316672K)] 904260K->600205K(1015744K), 0.0351530 secs] [Times: user=0.08 sys=0.00, real=0.04 secs] 
459.880: [GC [PSYoungGen: 316624K->15208K(326528K)] 904205K->609394K(1025600K), 0.0379730 secs] [Times: user=0.09 sys=0.00, real=0.04 secs] 
460.267: [GC [PSYoungGen: 318632K->18796K(326400K)] 912818K->620681K(1025472K), 0.0717600 secs] [Times: user=0.11 sys=0.00, real=0.07 secs] 
460.660: [GC [PSYoungGen: 322220K->19696K(325952K)] 924105K->628683K(1025024K), 0.0561040 secs] [Times: user=0.11 sys=0.00, real=0.06 secs] 
461.062: [GC [PSYoungGen: 322736K->17395K(326272K)] 931723K->634542K(1025344K), 0.0484990 secs] [Times: user=0.11 sys=0.01, real=0.04 secs] 
461.470: [GC [PSYoungGen: 320435K->20291K(325888K)] 937582K->643166K(1024960K), 0.0468490 secs] [Times: user=0.11 sys=0.01, real=0.05 secs] 
461.890: [GC [PSYoungGen: 323459K->16247K(326336K)] 946334K->644840K(1025408K), 0.0383230 secs] [Times: user=0.10 sys=0.00, real=0.04 secs] 
462.258: [GC [PSYoungGen: 319415K->16248K(326784K)] 948008K->649000K(1025856K), 0.0338760 secs] [Times: user=0.09 sys=0.00, real=0.04 secs] 
462.651: [GC [PSYoungGen: 320056K->18801K(326528K)] 952808K->658378K(1025600K), 0.0450040 secs] [Times: user=0.11 sys=0.00, real=0.05 secs] 
463.115: [GC [PSYoungGen: 322609K->18733K(326976K)] 962186K->665702K(1026048K), 0.0560450 secs] [Times: user=0.11 sys=0.00, real=0.05 secs] 
463.528: [GC [PSYoungGen: 323117K->20289K(324736K)] 970086K->672699K(1023808K), 0.0730680 secs] [Times: user=0.11 sys=0.00, real=0.07 secs] 
463.915: [GC [PSYoungGen: 324673K->16241K(326720K)] 977083K->677187K(1025792K), 0.0425870 secs] [Times: user=0.11 sys=0.00, real=0.04 secs] 
464.387: [GC [PSYoungGen: 319985K->17590K(326528K)] 980931K->682393K(1025600K), 0.0427740 secs] [Times: user=0.08 sys=0.00, real=0.04 secs] 
464.877: [GC [PSYoungGen: 321334K->16827K(327424K)] 986137K->686929K(1026496K), 0.1000300 secs] [Times: user=0.24 sys=0.01, real=0.10 secs] 
465.326: [GC [PSYoungGen: 321915K->14876K(327168K)] 992017K->692869K(1026240K), 0.0426990 secs] [Times: user=0.11 sys=0.00, real=0.04 secs] 
465.783: [GC [PSYoungGen: 319964K->17917K(327680K)] 997957K->702155K(1026752K), 0.0448360 secs] [Times: user=0.11 sys=0.00, real=0.04 secs] 
466.202: [GC [PSYoungGen: 323453K->21813K(327360K)] 1007691K->715257K(1026432K), 0.0556080 secs] [Times: user=0.13 sys=0.00, real=0.06 secs] 
466.258: [Full GC [PSYoungGen: 21813K->0K(327360K)] [PSOldGen: 693444K->243968K(699072K)] 715257K->243968K(1026432K) [PSPermGen: 91480K->91480K(262144K)], 1.1931600 secs] [Times: user=1.19 sys=0.00, real=1.19 secs] 
467.767: [GC [PSYoungGen: 305536K->22120K(317760K)] 549504K->266261K(1016832K), 0.0365620 secs] [Times: user=0.09 sys=0.00, real=0.04 secs] 
468.159: [GC [PSYoungGen: 317736K->16375K(322560K)] 561877K->268999K(1021632K), 0.0416590 secs] [Times: user=0.10 sys=0.00, real=0.04 secs] 
468.542: [GC [PSYoungGen: 311991K->17956K(323456K)] 564615K->277242K(1022528K), 0.0500510 secs] [Times: user=0.10 sys=0.01, real=0.05 secs] 
468.910: [GC [PSYoungGen: 314788K->15283K(322880K)] 574074K->279882K(1021952K), 0.0379170 secs] [Times: user=0.09 sys=0.00, real=0.04 secs] 
469.291: [GC [PSYoungGen: 312115K->16796K(324032K)] 576714K->288020K(1023104K), 0.0480760 secs] [Times: user=0.09 sys=0.00, real=0.05 secs] 
469.632: [GC [PSYoungGen: 314908K->19182K(323584K)] 586132K->297757K(1022656K), 0.0425360 secs] [Times: user=0.11 sys=0.00, real=0.05 secs] 
470.015: [GC [PSYoungGen: 317294K->20032K(324480K)] 595869K->309200K(1023552K), 0.0614760 secs] [Times: user=0.13 sys=0.00, real=0.06 secs] 
470.527: [GC [PSYoungGen: 319424K->22404K(321856K)] 608592K->317863K(1020928K), 0.0849050 secs] [Times: user=0.12 sys=0.00, real=0.09 secs] 
470.904: [GC [PSYoungGen: 321796K->16152K(323904K)] 617255K->313620K(1022976K), 0.0331140 secs] [Times: user=0.08 sys=0.00, real=0.03 secs] 
471.313: [GC [PSYoungGen: 314264K->17757K(323712K)] 611732K->320928K(1022784K), 0.0475870 secs] [Times: user=0.09 sys=0.01, real=0.05 secs] 
471.655: [GC [PSYoungGen: 315869K->18630K(325056K)] 619040K->329876K(1024128K), 0.0483850 secs] [Times: user=0.10 sys=0.00, real=0.05 secs] 
472.035: [GC [PSYoungGen: 318662K->16362K(324480K)] 629908K->336119K(1023552K), 0.0495020 secs] [Times: user=0.10 sys=0.00, real=0.05 secs] 
472.424: [GC [PSYoungGen: 316380K->18851K(325696K)] 636136K->345032K(1024768K), 0.0651860 secs] [Times: user=0.10 sys=0.00, real=0.06 secs] 
472.826: [GC [PSYoungGen: 320291K->21681K(323136K)] 646472K->353496K(1022208K), 0.0681060 secs] [Times: user=0.11 sys=0.00, real=0.07 secs] 
473.278: [GC [PSYoungGen: 323121K->17009K(325312K)] 654936K->358245K(1024384K), 0.0576730 secs] [Times: user=0.10 sys=0.00, real=0.06 secs] 
473.756: [GC [PSYoungGen: 317809K->18419K(324992K)] 659045K->365445K(1024064K), 0.0450680 secs] [Times: user=0.10 sys=0.00, real=0.04 secs] 
474.087: [GC [PSYoungGen: 319219K->17340K(326144K)] 666245K->371550K(1025216K), 0.0437720 secs] [Times: user=0.10 sys=0.00, real=0.04 secs] 
474.460: [GC [PSYoungGen: 319804K->17878K(325824K)] 674014K->379910K(1024896K), 0.0557200 secs] [Times: user=0.11 sys=0.00, real=0.06 secs] 
474.912: [GC [PSYoungGen: 320342K->15415K(326400K)] 682374K->384447K(1025472K), 0.0599210 secs] [Times: user=0.10 sys=0.00, real=0.06 secs] 
475.353: [GC [PSYoungGen: 318839K->17021K(326464K)] 687871K->390727K(1025536K), 0.0603870 secs] [Times: user=0.09 sys=0.00, real=0.06 secs] 
475.773: [GC [PSYoungGen: 320445K->16931K(327104K)] 694151K->397270K(1026176K), 0.0447150 secs] [Times: user=0.10 sys=0.00, real=0.04 secs] 
476.211: [GC [PSYoungGen: 321315K->18503K(326784K)] 701654K->407902K(1025856K), 0.0475830 secs] [Times: user=0.11 sys=0.00, real=0.05 secs] 
476.681: [GC [PSYoungGen: 322887K->16165K(327424K)] 712286K->412444K(1026496K), 0.0731010 secs] [Times: user=0.09 sys=0.00, real=0.08 secs] 
477.102: [GC [PSYoungGen: 321381K->17378K(327296K)] 717660K->418267K(1026368K), 0.0412570 secs] [Times: user=0.09 sys=0.00, real=0.04 secs] 
477.467: [GC [PSYoungGen: 322594K->20212K(326784K)] 723483K->428761K(1025856K), 0.0532960 secs] [Times: user=0.11 sys=0.00, real=0.05 secs] 
477.928: [GC [PSYoungGen: 325300K->17834K(327296K)] 733849K->434827K(1026368K), 0.0344000 secs] [Times: user=0.10 sys=0.00, real=0.03 secs] 
478.285: [GC [PSYoungGen: 322922K->16515K(327808K)] 739915K->439780K(1026880K), 0.0515950 secs] [Times: user=0.09 sys=0.00, real=0.05 secs] 
478.666: [GC [PSYoungGen: 322499K->17372K(327680K)] 745764K->447748K(1026752K), 0.0415280 secs] [Times: user=0.11 sys=0.00, real=0.04 secs] 
479.195: [GC [PSYoungGen: 323356K->19223K(327744K)] 753732K->455780K(1026816K), 0.0668810 secs] [Times: user=0.11 sys=0.00, real=0.06 secs] 
479.599: [GC [PSYoungGen: 325591K->17594K(327936K)] 762148K->462164K(1027008K), 0.0580000 secs] [Times: user=0.11 sys=0.00, real=0.06 secs] 
479.999: [GC [PSYoungGen: 323962K->17062K(328448K)] 768532K->468247K(1027520K), 0.0388550 secs] [Times: user=0.11 sys=0.00, real=0.04 secs] 
480.487: [GC [PSYoungGen: 324262K->18830K(328256K)] 775447K->475879K(1027328K), 0.0701300 secs] [Times: user=0.10 sys=0.00, real=0.07 secs] 
480.939: [GC [PSYoungGen: 326030K->19886K(327488K)] 783079K->483352K(1026560K), 0.0439230 secs] [Times: user=0.12 sys=0.00, real=0.04 secs] 
481.320: [GC [PSYoungGen: 326254K->17093K(327936K)] 789720K->486968K(1027008K), 0.0449590 secs] [Times: user=0.10 sys=0.00, real=0.05 secs] 
481.713: [GC [PSYoungGen: 323461K->19093K(328000K)] 793336K->497006K(1027072K), 0.0706090 secs] [Times: user=0.11 sys=0.01, real=0.07 secs] 
482.152: [GC [PSYoungGen: 325717K->16454K(328064K)] 803630K->500373K(1027136K), 0.0530490 secs] [Times: user=0.10 sys=0.00, real=0.06 secs] 
482.577: [GC [PSYoungGen: 323078K->16479K(328192K)] 806997K->503382K(1027264K), 0.0471080 secs] [Times: user=0.08 sys=0.00, real=0.04 secs] 
483.060: [GC [PSYoungGen: 323295K->13790K(320640K)] 810198K->506915K(1019712K), 0.0378530 secs] [Times: user=0.08 sys=0.00, real=0.04 secs] 
483.466: [GC [PSYoungGen: 320606K->19270K(327360K)] 813731K->516882K(1026432K), 0.0753690 secs] [Times: user=0.11 sys=0.02, real=0.07 secs] 
483.943: [GC [PSYoungGen: 324998K->16453K(327616K)] 822610K->520447K(1026688K), 0.0670480 secs] [Times: user=0.10 sys=0.00, real=0.07 secs] 
484.423: [GC [PSYoungGen: 322181K->16144K(328000K)] 826175K->525477K(1027072K), 0.0566260 secs] [Times: user=0.09 sys=0.00, real=0.06 secs] 
484.926: [GC [PSYoungGen: 322448K->17389K(327808K)] 831781K->531511K(1026880K), 0.0482240 secs] [Times: user=0.10 sys=0.00, real=0.04 secs] 
485.412: [GC [PSYoungGen: 323693K->19821K(327296K)] 837815K->540937K(1026368K), 0.0532930 secs] [Times: user=0.11 sys=0.00, real=0.06 secs] 
485.782: [GC [PSYoungGen: 326053K->19246K(325504K)] 847169K->547448K(1024576K), 0.0707770 secs] [Times: user=0.13 sys=0.00, real=0.07 secs] 
486.266: [GC [PSYoungGen: 325486K->17698K(328064K)] 853688K->551182K(1027136K), 0.0536140 secs] [Times: user=0.09 sys=0.00, real=0.05 secs] 
486.696: [GC [PSYoungGen: 323938K->19261K(327680K)] 857422K->557851K(1026752K), 0.0452030 secs] [Times: user=0.10 sys=0.00, real=0.04 secs] 
487.233: [GC [PSYoungGen: 325501K->17219K(328128K)] 864091K->564673K(1027200K), 0.1130560 secs] [Times: user=0.11 sys=0.00, real=0.12 secs] 
487.677: [GC [PSYoungGen: 323715K->19047K(327872K)] 871169K->571812K(1026944K), 0.0645220 secs] [Times: user=0.10 sys=0.00, real=0.06 secs] 
488.157: [GC [PSYoungGen: 325543K->15980K(328064K)] 878308K->575988K(1027136K), 0.0425260 secs] [Times: user=0.11 sys=0.00, real=0.04 secs] 
488.568: [GC [PSYoungGen: 322540K->14602K(321216K)] 882548K->581228K(1020288K), 0.0400320 secs] [Times: user=0.09 sys=0.00, real=0.04 secs] 
488.917: [GC [PSYoungGen: 321162K->16887K(328192K)] 887788K->588779K(1027264K), 0.0559790 secs] [Times: user=0.10 sys=0.00, real=0.05 secs] 
489.300: [GC [PSYoungGen: 323447K->18414K(327872K)] 895339K->598540K(1026944K), 0.0588660 secs] [Times: user=0.12 sys=0.00, real=0.06 secs] 
489.676: [GC [PSYoungGen: 324974K->14586K(327936K)] 905100K->599604K(1027008K), 0.0410660 secs] [Times: user=0.09 sys=0.00, real=0.04 secs] 
490.190: [GC [PSYoungGen: 321210K->19227K(325888K)] 906228K->606884K(1024960K), 0.0678330 secs] [Times: user=0.08 sys=0.01, real=0.07 secs] 
490.656: [GC [PSYoungGen: 325851K->19474K(327104K)] 913508K->615853K(1026176K), 0.0532040 secs] [Times: user=0.12 sys=0.00, real=0.05 secs] 
491.076: [GC [PSYoungGen: 324818K->20398K(325760K)] 921197K->625187K(1024832K), 0.0523780 secs] [Times: user=0.12 sys=0.00, real=0.05 secs] 
491.478: [GC [PSYoungGen: 325742K->17033K(327168K)] 930531K->628077K(1026240K), 0.0498090 secs] [Times: user=0.12 sys=0.00, real=0.05 secs] 
491.920: [GC [PSYoungGen: 321545K->20226K(324800K)] 932589K->635919K(1023872K), 0.0577590 secs] [Times: user=0.10 sys=0.00, real=0.06 secs] 
492.302: [GC [PSYoungGen: 324738K->13597K(326080K)] 940431K->636212K(1025152K), 0.0469820 secs] [Times: user=0.08 sys=0.00, real=0.05 secs] 
492.764: [GC [PSYoungGen: 316893K->16175K(326400K)] 939508K->642969K(1025472K), 0.0834690 secs] [Times: user=0.09 sys=0.00, real=0.09 secs] 
493.271: [GC [PSYoungGen: 319471K->17593K(327232K)] 946265K->653402K(1026304K), 0.0674480 secs] [Times: user=0.12 sys=0.00, real=0.07 secs] 
493.680: [GC [PSYoungGen: 322041K->19180K(326720K)] 957850K->662026K(1025792K), 0.0468140 secs] [Times: user=0.12 sys=0.00, real=0.05 secs] 
494.060: [GC [PSYoungGen: 323628K->15168K(327104K)] 966474K->665540K(1026176K), 0.0499580 secs] [Times: user=0.10 sys=0.00, real=0.05 secs] 
494.447: [GC [PSYoungGen: 319808K->18552K(327040K)] 970180K->673575K(1026112K), 0.0629700 secs] [Times: user=0.10 sys=0.00, real=0.06 secs] 
494.870: [GC [PSYoungGen: 323192K->20186K(326144K)] 978215K->683718K(1025216K), 0.0543380 secs] [Times: user=0.14 sys=0.00, real=0.05 secs] 
495.321: [GC [PSYoungGen: 323994K->18333K(326656K)] 987526K->689092K(1025728K), 0.0556990 secs] [Times: user=0.11 sys=0.00, real=0.06 secs] 
495.709: [GC [PSYoungGen: 322141K->15574K(327040K)] 992900K->690653K(1026112K), 0.0344580 secs] [Times: user=0.10 sys=0.00, real=0.03 secs] 
496.084: [GC [PSYoungGen: 320086K->20211K(324736K)] 995165K->701910K(1023808K), 0.0464560 secs] [Times: user=0.12 sys=0.00, real=0.05 secs] 
496.497: [GC [PSYoungGen: 324723K->16911K(326912K)] 1006422K->706521K(1025984K), 0.0594550 secs] [Times: user=0.11 sys=0.00, real=0.06 secs] 
496.557: [Full GC [PSYoungGen: 16911K->0K(326912K)] [PSOldGen: 689610K->242605K(699072K)] 706521K->242605K(1025984K) [PSPermGen: 91496K->91496K(262144K)], 1.1919800 secs] [Times: user=1.19 sys=0.00, real=1.19 secs] 
498.098: [GC [PSYoungGen: 304000K->21921K(325952K)] 546605K->264526K(1025024K), 0.0446160 secs] [Times: user=0.10 sys=0.00, real=0.04 secs] 
498.454: [GC [PSYoungGen: 325921K->18817K(326144K)] 568526K->271071K(1025216K), 0.0491250 secs] [Times: user=0.12 sys=0.01, real=0.05 secs] 
498.803: [GC [PSYoungGen: 321409K->16330K(325952K)] 573663K->272928K(1025024K), 0.0456410 secs] [Times: user=0.08 sys=0.00, real=0.05 secs] 
499.194: [GC [PSYoungGen: 318922K->21891K(324544K)] 575520K->284701K(1023616K), 0.0663740 secs] [Times: user=0.11 sys=0.00, real=0.07 secs] 
499.639: [GC [PSYoungGen: 323267K->20836K(322240K)] 586077K->292021K(1021312K), 0.0488690 secs] [Times: user=0.11 sys=0.00, real=0.05 secs] 
500.105: [GC [PSYoungGen: 322212K->15586K(325120K)] 593397K->292544K(1024192K), 0.0428670 secs] [Times: user=0.10 sys=0.01, real=0.05 secs] 
500.500: [GC [PSYoungGen: 316322K->18043K(325120K)] 593280K->299588K(1024192K), 0.0562190 secs] [Times: user=0.09 sys=0.00, real=0.05 secs] 
500.962: [GC [PSYoungGen: 318779K->19097K(325952K)] 600324K->307278K(1025024K), 0.0742680 secs] [Times: user=0.11 sys=0.00, real=0.08 secs] 
501.371: [GC [PSYoungGen: 321235K->16034K(325696K)] 609416K->310479K(1024768K), 0.0425940 secs] [Times: user=0.10 sys=0.00, real=0.04 secs] 
501.767: [GC [PSYoungGen: 318178K->16159K(326208K)] 612623K->315376K(1025280K), 0.0459340 secs] [Times: user=0.09 sys=0.00, real=0.05 secs] 
502.093: [GC [PSYoungGen: 318943K->22898K(325696K)] 618160K->327886K(1024768K), 0.0603030 secs] [Times: user=0.11 sys=0.00, real=0.06 secs] 
502.481: [GC [PSYoungGen: 325682K->18703K(325184K)] 630670K->334283K(1024256K), 0.0453550 secs] [Times: user=0.12 sys=0.00, real=0.04 secs] 
502.848: [GC [PSYoungGen: 320079K->17477K(325440K)] 635659K->339157K(1024512K), 0.0417210 secs] [Times: user=0.11 sys=0.00, real=0.04 secs] 
503.264: [GC [PSYoungGen: 318853K->22413K(323904K)] 640533K->350372K(1022976K), 0.0439120 secs] [Times: user=0.11 sys=0.00, real=0.05 secs] 
503.736: [GC [PSYoungGen: 322637K->19670K(324864K)] 650596K->355875K(1023936K), 0.0534630 secs] [Times: user=0.10 sys=0.01, real=0.06 secs] 
504.087: [GC [PSYoungGen: 319894K->18632K(325632K)] 656099K->360135K(1024704K), 0.0454470 secs] [Times: user=0.11 sys=0.00, real=0.05 secs] 
504.480: [GC [PSYoungGen: 319880K->18760K(325120K)] 661383K->364490K(1024192K), 0.0350550 secs] [Times: user=0.10 sys=0.00, real=0.03 secs] 
504.894: [GC [PSYoungGen: 320008K->12815K(324992K)] 665738K->364440K(1024064K), 0.0441050 secs] [Times: user=0.08 sys=0.00, real=0.05 secs] 
505.324: [GC [PSYoungGen: 314447K->18975K(325568K)] 666072K->375996K(1024640K), 0.0511220 secs] [Times: user=0.11 sys=0.00, real=0.05 secs] 
505.732: [GC [PSYoungGen: 320607K->16919K(326144K)] 677628K->382295K(1025216K), 0.0366620 secs] [Times: user=0.10 sys=0.01, real=0.04 secs] 
506.217: [GC [PSYoungGen: 319383K->19903K(325824K)] 684759K->392574K(1024896K), 0.0361830 secs] [Times: user=0.11 sys=0.00, real=0.04 secs] 
506.622: [GC [PSYoungGen: 322367K->18325K(326528K)] 695038K->399594K(1025600K), 0.0453900 secs] [Times: user=0.12 sys=0.00, real=0.05 secs] 
507.069: [GC [PSYoungGen: 321365K->17717K(326016K)] 702634K->405351K(1025088K), 0.0622240 secs] [Times: user=0.10 sys=0.00, real=0.06 secs] 
507.476: [GC [PSYoungGen: 320757K->19603K(326720K)] 708391K->414728K(1025792K), 0.0790590 secs] [Times: user=0.11 sys=0.01, real=0.08 secs] 
507.866: [GC [PSYoungGen: 323667K->17742K(326784K)] 718792K->418997K(1025856K), 0.0492860 secs] [Times: user=0.10 sys=0.00, real=0.05 secs] 
508.290: [GC [PSYoungGen: 321806K->17638K(327424K)] 723061K->427755K(1026496K), 0.0500390 secs] [Times: user=0.11 sys=0.01, real=0.05 secs] 
508.614: [GC [PSYoungGen: 322662K->18231K(327104K)] 732779K->435167K(1026176K), 0.0432780 secs] [Times: user=0.11 sys=0.00, real=0.04 secs] 
509.051: [GC [PSYoungGen: 323255K->15309K(327488K)] 740191K->437761K(1026560K), 0.0850420 secs] [Times: user=0.11 sys=0.00, real=0.09 secs] 
509.548: [GC [PSYoungGen: 321037K->19479K(325248K)] 743489K->447557K(1024320K), 0.0612400 secs] [Times: user=0.10 sys=0.00, real=0.06 secs] 
510.064: [GC [PSYoungGen: 325207K->18850K(327552K)] 753285K->453707K(1026624K), 0.0660240 secs] [Times: user=0.11 sys=0.00, real=0.07 secs] 
510.544: [GC [PSYoungGen: 324322K->19504K(327424K)] 759179K->459042K(1026496K), 0.0532810 secs] [Times: user=0.10 sys=0.00, real=0.05 secs] 
510.890: [GC [PSYoungGen: 324976K->20986K(326208K)] 764514K->465927K(1025280K), 0.0434470 secs] [Times: user=0.11 sys=0.00, real=0.04 secs] 
511.266: [GC [PSYoungGen: 325178K->19293K(326848K)] 770119K->470170K(1025920K), 0.0726020 secs] [Times: user=0.11 sys=0.00, real=0.08 secs] 
511.709: [GC [PSYoungGen: 323485K->14094K(326208K)] 774362K->472828K(1025280K), 0.0669240 secs] [Times: user=0.10 sys=0.00, real=0.06 secs] 
512.156: [GC [PSYoungGen: 317774K->14837K(318528K)] 776508K->477530K(1017600K), 0.0617650 secs] [Times: user=0.08 sys=0.00, real=0.06 secs] 
512.606: [GC [PSYoungGen: 318517K->19158K(326528K)] 781210K->487270K(1025600K), 0.0522000 secs] [Times: user=0.11 sys=0.00, real=0.05 secs] 
513.123: [GC [PSYoungGen: 322646K->16060K(326464K)] 790758K->491176K(1025536K), 0.1052790 secs] [Times: user=0.11 sys=0.00, real=0.10 secs] 
513.656: [GC [PSYoungGen: 319548K->14751K(326656K)] 794664K->496333K(1025728K), 0.0501830 secs] [Times: user=0.09 sys=0.00, real=0.05 secs] 
514.128: [GC [PSYoungGen: 318559K->15133K(326656K)] 800141K->501367K(1025728K), 0.0916810 secs] [Times: user=0.09 sys=0.00, real=0.10 secs] 
514.596: [GC [PSYoungGen: 318941K->18769K(326784K)] 805175K->511495K(1025856K), 0.0679560 secs] [Times: user=0.11 sys=0.00, real=0.07 secs] 
515.000: [GC [PSYoungGen: 322833K->16642K(326784K)] 815559K->517818K(1025856K), 0.0669060 secs] [Times: user=0.11 sys=0.00, real=0.06 secs] 
515.465: [GC [PSYoungGen: 320706K->17012K(327616K)] 821882K->524855K(1026688K), 0.0580920 secs] [Times: user=0.11 sys=0.01, real=0.06 secs] 
515.904: [GC [PSYoungGen: 322292K->20518K(325824K)] 830135K->535067K(1024896K), 0.0605380 secs] [Times: user=0.11 sys=0.00, real=0.06 secs] 
516.297: [GC [PSYoungGen: 325798K->16349K(327168K)] 840347K->536735K(1026240K), 0.0347740 secs] [Times: user=0.10 sys=0.00, real=0.04 secs] 
516.783: [GC [PSYoungGen: 320925K->20561K(325184K)] 841311K->545554K(1024256K), 0.0763290 secs] [Times: user=0.11 sys=0.00, real=0.07 secs] 
517.196: [GC [PSYoungGen: 325137K->15956K(326720K)] 850130K->549297K(1025792K), 0.0755780 secs] [Times: user=0.11 sys=0.00, real=0.08 secs] 
517.741: [GC [PSYoungGen: 319700K->17942K(326528K)] 853041K->555870K(1025600K), 0.0513420 secs] [Times: user=0.10 sys=0.00, real=0.05 secs] 
518.153: [GC [PSYoungGen: 321686K->16289K(327360K)] 859614K->561586K(1026432K), 0.0793950 secs] [Times: user=0.11 sys=0.01, real=0.08 secs] 
518.566: [GC [PSYoungGen: 321249K->18560K(327104K)] 866546K->569620K(1026176K), 0.0913480 secs] [Times: user=0.11 sys=0.00, real=0.09 secs] 
519.105: [GC [PSYoungGen: 323520K->18530K(327552K)] 874580K->577181K(1026624K), 0.0700930 secs] [Times: user=0.11 sys=0.01, real=0.07 secs] 
519.563: [GC [PSYoungGen: 324002K->14753K(327424K)] 882653K->582803K(1026496K), 0.0621670 secs] [Times: user=0.10 sys=0.01, real=0.06 secs] 
520.008: [GC [PSYoungGen: 320225K->19473K(326912K)] 888275K->592010K(1025984K), 0.0559090 secs] [Times: user=0.10 sys=0.00, real=0.06 secs] 
520.470: [GC [PSYoungGen: 324305K->14173K(319040K)] 896842K->592532K(1018112K), 0.0513740 secs] [Times: user=0.09 sys=0.00, real=0.05 secs] 
520.860: [GC [PSYoungGen: 319005K->16014K(327360K)] 897364K->599714K(1026432K), 0.0816420 secs] [Times: user=0.10 sys=0.00, real=0.08 secs] 
521.324: [GC [PSYoungGen: 320910K->17859K(327040K)] 904610K->608794K(1026112K), 0.0655530 secs] [Times: user=0.11 sys=0.01, real=0.07 secs] 
521.839: [GC [PSYoungGen: 322752K->18761K(327424K)] 913687K->618187K(1026496K), 0.0975850 secs] [Times: user=0.12 sys=0.00, real=0.10 secs] 
522.270: [GC [PSYoungGen: 324233K->18648K(327488K)] 923659K->625218K(1026560K), 0.0592430 secs] [Times: user=0.11 sys=0.01, real=0.05 secs] 
522.769: [GC [PSYoungGen: 324120K->20707K(325952K)] 930690K->634663K(1025024K), 0.0724850 secs] [Times: user=0.12 sys=0.00, real=0.08 secs] 
523.212: [GC [PSYoungGen: 324643K->15196K(326720K)] 938599K->636518K(1025792K), 0.0808510 secs] [Times: user=0.10 sys=0.01, real=0.08 secs] 
523.608: [GC [PSYoungGen: 319124K->17810K(327168K)] 940446K->642658K(1026240K), 0.0558040 secs] [Times: user=0.10 sys=0.00, real=0.06 secs] 
524.132: [GC [PSYoungGen: 322258K->15337K(326784K)] 947106K->644297K(1025856K), 0.0516390 secs] [Times: user=0.08 sys=0.00, real=0.05 secs] 
524.587: [GC [PSYoungGen: 319785K->18132K(327488K)] 948745K->651836K(1026560K), 0.0567440 secs] [Times: user=0.09 sys=0.00, real=0.06 secs] 
525.019: [GC [PSYoungGen: 323412K->22005K(327296K)] 957116K->663978K(1026368K), 0.0604590 secs] [Times: user=0.12 sys=0.01, real=0.06 secs] 
525.475: [GC [PSYoungGen: 327285K->18090K(320384K)] 969258K->668620K(1019456K), 0.0951700 secs] [Times: user=0.11 sys=0.00, real=0.10 secs] 
525.978: [GC [PSYoungGen: 316266K->15890K(323840K)] 966796K->669258K(1022912K), 0.0572080 secs] [Times: user=0.08 sys=0.00, real=0.06 secs] 
526.468: [GC [PSYoungGen: 314066K->17639K(324608K)] 967434K->678999K(1023680K), 0.0882380 secs] [Times: user=0.13 sys=0.00, real=0.09 secs] 
526.957: [GC [PSYoungGen: 316775K->15182K(324032K)] 978135K->683513K(1023104K), 0.0582200 secs] [Times: user=0.10 sys=0.00, real=0.06 secs] 
527.447: [GC [PSYoungGen: 314318K->20324K(324352K)] 982649K->694502K(1023424K), 0.0806460 secs] [Times: user=0.10 sys=0.00, real=0.08 secs] 
527.987: [GC [PSYoungGen: 319908K->16208K(324544K)] 994086K->695879K(1023616K), 0.1178510 secs] [Times: user=0.16 sys=0.00, real=0.12 secs] 
528.661: [GC [PSYoungGen: 315792K->17034K(325376K)] 995463K->704087K(1024448K), 0.0682360 secs] [Times: user=0.12 sys=0.00, real=0.07 secs] 
529.068: [GC [PSYoungGen: 317770K->21034K(324864K)] 1004823K->716067K(1023936K), 0.0964800 secs] [Times: user=0.12 sys=0.00, real=0.10 secs] 
529.165: [Full GC [PSYoungGen: 21034K->0K(324864K)] [PSOldGen: 695033K->210587K(699072K)] 716067K->210587K(1023936K) [PSPermGen: 91513K->91453K(262144K)], 1.3907860 secs] [Times: user=1.37 sys=0.01, real=1.39 secs] 
530.921: [GC [PSYoungGen: 300736K->20713K(324224K)] 511323K->231301K(1023296K), 0.0386360 secs] [Times: user=0.10 sys=0.00, real=0.04 secs] 
531.411: [GC [PSYoungGen: 320292K->12820K(312448K)] 530880K->234198K(1011520K), 0.0560220 secs] [Times: user=0.10 sys=0.00, real=0.06 secs] 
531.797: [GC [PSYoungGen: 312404K->13886K(324288K)] 533782K->241026K(1023360K), 0.0498720 secs] [Times: user=0.09 sys=0.00, real=0.05 secs] 
532.271: [GC [PSYoungGen: 312894K->18506K(324224K)] 540034K->249827K(1023296K), 0.0893060 secs] [Times: user=0.09 sys=0.00, real=0.09 secs] 
532.668: [GC [PSYoungGen: 317514K->24659K(320960K)] 548835K->265120K(1020032K), 0.0793100 secs] [Times: user=0.13 sys=0.00, real=0.08 secs] 
533.089: [GC [PSYoungGen: 320787K->15499K(322816K)] 561248K->265928K(1021888K), 0.0503400 secs] [Times: user=0.10 sys=0.00, real=0.05 secs] 
533.596: [GC [PSYoungGen: 311627K->15154K(323520K)] 562056K->268065K(1022592K), 0.0472290 secs] [Times: user=0.08 sys=0.00, real=0.05 secs] 
533.990: [GC [PSYoungGen: 312306K->16799K(323136K)] 565217K->274879K(1022208K), 0.0540360 secs] [Times: user=0.09 sys=0.00, real=0.06 secs] 
534.386: [GC [PSYoungGen: 313946K->14954K(324480K)] 572025K->280713K(1023552K), 0.0533710 secs] [Times: user=0.10 sys=0.00, real=0.05 secs] 
534.823: [GC [PSYoungGen: 314090K->16214K(324160K)] 579849K->288778K(1023232K), 0.0804720 secs] [Times: user=0.09 sys=0.00, real=0.08 secs] 
535.281: [GC [PSYoungGen: 315350K->19106K(325056K)] 587914K->297914K(1024128K), 0.0493110 secs] [Times: user=0.10 sys=0.00, real=0.05 secs] 
535.880: [GC [PSYoungGen: 319714K->21202K(321856K)] 598522K->309821K(1020928K), 0.0572640 secs] [Times: user=0.12 sys=0.01, real=0.06 secs] 
536.423: [GC [PSYoungGen: 321810K->18468K(324864K)] 610429K->314260K(1023936K), 0.0685980 secs] [Times: user=0.11 sys=0.00, real=0.06 secs] 
536.830: [GC [PSYoungGen: 318180K->19159K(324352K)] 613972K->319190K(1023424K), 0.0844660 secs] [Times: user=0.09 sys=0.01, real=0.09 secs] 
537.330: [GC [PSYoungGen: 318871K->17688K(325632K)] 618902K->322250K(1024704K), 0.0623780 secs] [Times: user=0.09 sys=0.00, real=0.06 secs] 
537.797: [GC [PSYoungGen: 318872K->16898K(325056K)] 623434K->327283K(1024128K), 0.0707170 secs] [Times: user=0.09 sys=0.00, real=0.07 secs] 
538.245: [GC [PSYoungGen: 318082K->17749K(326592K)] 628467K->335133K(1025664K), 0.0564310 secs] [Times: user=0.10 sys=0.00, real=0.05 secs] 
538.768: [GC [PSYoungGen: 320853K->19816K(326016K)] 638237K->345484K(1025088K), 0.0670890 secs] [Times: user=0.11 sys=0.00, real=0.07 secs] 
539.240: [GC [PSYoungGen: 322920K->19798K(326080K)] 648588K->353765K(1025152K), 0.0937800 secs] [Times: user=0.12 sys=0.00, real=0.10 secs] 
539.752: [GC [PSYoungGen: 322710K->21530K(324480K)] 656677K->360813K(1023552K), 0.0561410 secs] [Times: user=0.10 sys=0.00, real=0.06 secs] 
540.235: [GC [PSYoungGen: 324442K->16886K(325760K)] 663725K->362064K(1024832K), 0.0569780 secs] [Times: user=0.10 sys=0.00, real=0.05 secs] 
540.756: [GC [PSYoungGen: 318630K->13770K(325504K)] 663808K->363588K(1024576K), 0.0535210 secs] [Times: user=0.08 sys=0.01, real=0.05 secs] 
541.194: [GC [PSYoungGen: 315530K->17479K(326016K)] 665348K->373599K(1025088K), 0.0535300 secs] [Times: user=0.10 sys=0.00, real=0.05 secs] 
541.542: [GC [PSYoungGen: 319495K->18115K(325504K)] 675615K->381930K(1024576K), 0.0624630 secs] [Times: user=0.10 sys=0.00, real=0.07 secs] 
542.050: [GC [PSYoungGen: 320131K->20654K(325504K)] 683946K->389645K(1024576K), 0.0740580 secs] [Times: user=0.11 sys=0.00, real=0.08 secs] 
542.671: [GC [PSYoungGen: 323177K->19480K(326016K)] 692167K->396327K(1025088K), 0.0778950 secs] [Times: user=0.12 sys=0.01, real=0.08 secs] 
543.148: [GC [PSYoungGen: 322008K->19656K(326080K)] 698855K->403357K(1025152K), 0.0539530 secs] [Times: user=0.11 sys=0.00, real=0.05 secs] 
543.582: [GC [PSYoungGen: 322248K->16364K(326016K)] 705949K->406076K(1025088K), 0.0478930 secs] [Times: user=0.09 sys=0.00, real=0.05 secs] 
544.094: [GC [PSYoungGen: 318956K->17859K(326656K)] 708668K->410383K(1025728K), 0.0877130 secs] [Times: user=0.09 sys=0.00, real=0.09 secs] 
544.578: [GC [PSYoungGen: 321219K->20576K(326208K)] 713743K->421010K(1025280K), 0.0729270 secs] [Times: user=0.13 sys=0.00, real=0.07 secs] 
545.064: [GC [PSYoungGen: 323936K->18802K(326592K)] 724370K->428664K(1025664K), 0.0705570 secs] [Times: user=0.12 sys=0.00, real=0.07 secs] 
545.456: [GC [PSYoungGen: 322098K->18372K(326208K)] 731960K->436382K(1025280K), 0.0689770 secs] [Times: user=0.11 sys=0.00, real=0.07 secs] 
545.972: [GC [PSYoungGen: 321668K->20045K(326592K)] 739678K->444013K(1025664K), 0.0627720 secs] [Times: user=0.11 sys=0.00, real=0.07 secs] 
546.469: [GC [PSYoungGen: 324109K->18064K(326784K)] 748077K->450433K(1025856K), 0.0599950 secs] [Times: user=0.11 sys=0.00, real=0.06 secs] 
546.895: [GC [PSYoungGen: 322128K->19597K(327104K)] 754497K->459021K(1026176K), 0.0688570 secs] [Times: user=0.12 sys=0.01, real=0.07 secs] 
547.337: [GC [PSYoungGen: 324301K->19085K(327104K)] 763725K->464970K(1026176K), 0.0511690 secs] [Times: user=0.11 sys=0.00, real=0.05 secs] 
547.845: [GC [PSYoungGen: 323777K->17156K(327424K)] 769661K->467300K(1026496K), 0.0457090 secs] [Times: user=0.09 sys=0.00, real=0.04 secs] 
548.310: [GC [PSYoungGen: 322436K->17790K(327360K)] 772580K->474142K(1026432K), 0.0425850 secs] [Times: user=0.10 sys=0.00, real=0.04 secs] 
548.767: [GC [PSYoungGen: 323065K->13942K(326720K)] 779417K->477405K(1025792K), 0.0906110 secs] [Times: user=0.09 sys=0.01, real=0.09 secs] 
549.185: [GC [PSYoungGen: 318774K->21843K(326720K)] 782237K->489976K(1025792K), 0.0709650 secs] [Times: user=0.11 sys=0.00, real=0.07 secs] 
549.805: [GC [PSYoungGen: 326675K->14863K(325440K)] 794808K->490956K(1024512K), 0.0515690 secs] [Times: user=0.09 sys=0.00, real=0.06 secs] 
550.280: [GC [PSYoungGen: 317519K->18990K(326080K)] 793612K->499928K(1025152K), 0.0570030 secs] [Times: user=0.10 sys=0.00, real=0.06 secs] 
550.681: [GC [PSYoungGen: 321646K->18973K(326464K)] 802584K->508989K(1025536K), 0.0614020 secs] [Times: user=0.12 sys=0.00, real=0.06 secs] 
551.140: [GC [PSYoungGen: 322205K->17358K(326272K)] 812221K->514758K(1025344K), 0.0539680 secs] [Times: user=0.11 sys=0.00, real=0.05 secs] 
551.493: [GC [PSYoungGen: 320590K->14732K(326528K)] 817990K->517810K(1025600K), 0.0495080 secs] [Times: user=0.09 sys=0.00, real=0.05 secs] 
551.871: [GC [PSYoungGen: 318540K->20850K(324672K)] 821618K->528598K(1023744K), 0.0492300 secs] [Times: user=0.11 sys=0.00, real=0.05 secs] 
552.412: [GC [PSYoungGen: 324658K->17129K(326400K)] 832406K->533826K(1025472K), 0.0500630 secs] [Times: user=0.11 sys=0.00, real=0.05 secs] 
552.944: [GC [PSYoungGen: 320105K->21173K(324160K)] 836802K->543221K(1023232K), 0.0938710 secs] [Times: user=0.11 sys=0.00, real=0.10 secs] 
553.457: [GC [PSYoungGen: 324134K->14468K(325504K)] 846182K->545518K(1024576K), 0.0581230 secs] [Times: user=0.10 sys=0.00, real=0.06 secs] 
553.881: [GC [PSYoungGen: 316228K->18188K(325632K)] 847278K->553000K(1024704K), 0.0425850 secs] [Times: user=0.10 sys=0.00, real=0.04 secs] 
554.296: [GC [PSYoungGen: 319948K->19758K(325888K)] 854760K->562569K(1024960K), 0.0552060 secs] [Times: user=0.12 sys=0.00, real=0.05 secs] 
554.771: [GC [PSYoungGen: 322285K->12267K(314816K)] 865097K->559352K(1013888K), 0.0887950 secs] [Times: user=0.10 sys=0.00, real=0.09 secs] 
555.252: [GC [PSYoungGen: 314795K->20661K(324544K)] 861880K->572457K(1023616K), 0.0738590 secs] [Times: user=0.10 sys=0.01, real=0.08 secs] 
555.747: [GC [PSYoungGen: 321269K->13960K(314624K)] 873065K->578829K(1013696K), 0.0755990 secs] [Times: user=0.13 sys=0.00, real=0.07 secs] 
556.257: [GC [PSYoungGen: 314568K->19006K(325184K)] 879437K->588027K(1024256K), 0.0558300 secs] [Times: user=0.11 sys=0.00, real=0.05 secs] 
556.673: [GC [PSYoungGen: 319678K->18792K(324992K)] 888699K->596030K(1024064K), 0.0522000 secs] [Times: user=0.11 sys=0.01, real=0.05 secs] 
557.084: [GC [PSYoungGen: 319464K->18847K(325632K)] 896702K->603265K(1024704K), 0.0650300 secs] [Times: user=0.11 sys=0.00, real=0.07 secs] 
557.615: [GC [PSYoungGen: 320351K->19290K(325376K)] 904769K->609443K(1024448K), 0.0595610 secs] [Times: user=0.10 sys=0.00, real=0.06 secs] 
558.064: [GC [PSYoungGen: 320793K->19170K(325824K)] 910947K->617119K(1024896K), 0.0785350 secs] [Times: user=0.11 sys=0.00, real=0.08 secs] 
558.407: [GC [PSYoungGen: 321186K->19044K(325696K)] 919135K->621673K(1024768K), 0.0431120 secs] [Times: user=0.10 sys=0.01, real=0.04 secs] 
558.909: [GC [PSYoungGen: 321060K->16544K(326272K)] 923689K->625967K(1025344K), 0.0438290 secs] [Times: user=0.10 sys=0.00, real=0.04 secs] 
559.435: [GC [PSYoungGen: 319328K->23132K(325952K)] 928751K->639643K(1025024K), 0.0678680 secs] [Times: user=0.13 sys=0.00, real=0.07 secs] 
559.835: [GC [PSYoungGen: 325916K->19968K(324032K)] 942427K->645170K(1023104K), 0.0495550 secs] [Times: user=0.12 sys=0.00, real=0.05 secs] 
560.390: [GC [PSYoungGen: 320448K->16153K(324992K)] 945650K->645389K(1024064K), 0.0362630 secs] [Times: user=0.10 sys=0.00, real=0.03 secs] 
560.846: [GC [PSYoungGen: 316633K->18979K(325504K)] 945869K->654860K(1024576K), 0.0539640 secs] [Times: user=0.10 sys=0.00, real=0.06 secs] 
561.449: [GC [PSYoungGen: 320099K->15768K(325120K)] 955980K->658996K(1024192K), 0.0575560 secs] [Times: user=0.10 sys=0.00, real=0.06 secs] 
561.883: [GC [PSYoungGen: 316888K->17561K(326080K)] 960116K->668652K(1025152K), 0.0512400 secs] [Times: user=0.11 sys=0.00, real=0.05 secs] 
562.235: [GC [PSYoungGen: 319769K->19450K(325632K)] 970860K->678418K(1024704K), 0.0847800 secs] [Times: user=0.12 sys=0.00, real=0.09 secs] 
562.703: [GC [PSYoungGen: 321658K->15506K(326144K)] 980626K->682582K(1025216K), 0.0431180 secs] [Times: user=0.10 sys=0.00, real=0.05 secs] 
563.197: [GC [PSYoungGen: 318226K->17461K(326080K)] 985302K->691800K(1025152K), 0.0554840 secs] [Times: user=0.12 sys=0.00, real=0.06 secs] 
563.678: [GC [PSYoungGen: 320181K->15323K(326656K)] 994520K->696416K(1025728K), 0.0563580 secs] [Times: user=0.10 sys=0.00, real=0.05 secs] 
564.101: [GC [PSYoungGen: 319067K->17898K(326592K)] 1000160K->704665K(1025664K), 0.0577100 secs] [Times: user=0.10 sys=0.00, real=0.06 secs] 
564.568: [GC [PSYoungGen: 321642K->19995K(326400K)] 1008409K->713970K(1025472K), 0.0635260 secs] [Times: user=0.11 sys=0.00, real=0.06 secs] 
564.632: [Full GC [PSYoungGen: 19995K->0K(326400K)] [PSOldGen: 693974K->251329K(699072K)] 713970K->251329K(1025472K) [PSPermGen: 91466K->91466K(262144K)], 1.2917490 secs] [Times: user=1.29 sys=0.00, real=1.29 secs] 
566.313: [GC [PSYoungGen: 303936K->20970K(324928K)] 555265K->272300K(1024000K), 0.0732940 secs] [Times: user=0.09 sys=0.00, real=0.07 secs] 
566.834: [GC [PSYoungGen: 324906K->16153K(326208K)] 576236K->279376K(1025280K), 0.0787300 secs] [Times: user=0.12 sys=0.00, real=0.08 secs] 
567.371: [GC [PSYoungGen: 318937K->15864K(326080K)] 582160K->285334K(1025152K), 0.0512950 secs] [Times: user=0.10 sys=0.00, real=0.05 secs] 
567.845: [GC [PSYoungGen: 318648K->17282K(326784K)] 588118K->293027K(1025856K), 0.0541080 secs] [Times: user=0.10 sys=0.01, real=0.06 secs] 
568.277: [GC [PSYoungGen: 320962K->15369K(326400K)] 596707K->297072K(1025472K), 0.0523990 secs] [Times: user=0.09 sys=0.00, real=0.06 secs] 
568.734: [GC [PSYoungGen: 319049K->18699K(326976K)] 600752K->305350K(1026048K), 0.0810200 secs] [Times: user=0.13 sys=0.00, real=0.08 secs] 
569.249: [GC [PSYoungGen: 323083K->16505K(326912K)] 609734K->310170K(1025984K), 0.0415690 secs] [Times: user=0.10 sys=0.00, real=0.04 secs] 
569.797: [GC [PSYoungGen: 320889K->20315K(326208K)] 614554K->320045K(1025280K), 0.0554790 secs] [Times: user=0.11 sys=0.00, real=0.06 secs] 
570.221: [GC [PSYoungGen: 324251K->20872K(324864K)] 623981K->328830K(1023936K), 0.0731930 secs] [Times: user=0.12 sys=0.00, real=0.07 secs] 
570.726: [GC [PSYoungGen: 324808K->18316K(326528K)] 632766K->333857K(1025600K), 0.0647700 secs] [Times: user=0.10 sys=0.01, real=0.07 secs] 
571.108: [GC [PSYoungGen: 321420K->19226K(326080K)] 636961K->342724K(1025152K), 0.0455770 secs] [Times: user=0.11 sys=0.00, real=0.04 secs] 
571.520: [GC [PSYoungGen: 322330K->17701K(326976K)] 645828K->347991K(1026048K), 0.0592820 secs] [Times: user=0.10 sys=0.00, real=0.06 secs] 
572.034: [GC [PSYoungGen: 321765K->15541K(326592K)] 652055K->353229K(1025664K), 0.0673910 secs] [Times: user=0.10 sys=0.01, real=0.07 secs] 
572.499: [GC [PSYoungGen: 319605K->17198K(327296K)] 657293K->361014K(1026368K), 0.0477170 secs] [Times: user=0.09 sys=0.01, real=0.04 secs] 
572.906: [GC [PSYoungGen: 321902K->19327K(326912K)] 665718K->368965K(1025984K), 0.0727800 secs] [Times: user=0.11 sys=0.00, real=0.08 secs] 
573.379: [GC [PSYoungGen: 324031K->19713K(326784K)] 673669K->376635K(1025856K), 0.0757880 secs] [Times: user=0.12 sys=0.01, real=0.07 secs] 
573.820: [GC [PSYoungGen: 324161K->16241K(326976K)] 681083K->381154K(1026048K), 0.0406670 secs] [Times: user=0.10 sys=0.00, real=0.04 secs] 
574.255: [GC [PSYoungGen: 320689K->17854K(327488K)] 685602K->389417K(1026560K), 0.0590700 secs] [Times: user=0.10 sys=0.00, real=0.06 secs] 
574.620: [GC [PSYoungGen: 322878K->14411K(327040K)] 694441K->393062K(1026112K), 0.0609160 secs] [Times: user=0.09 sys=0.00, real=0.06 secs] 
575.023: [GC [PSYoungGen: 319435K->12586K(326528K)] 698086K->396060K(1025600K), 0.0488600 secs] [Times: user=0.07 sys=0.00, real=0.05 secs] 
575.454: [GC [PSYoungGen: 316906K->22498K(326848K)] 700380K->410363K(1025920K), 0.0629880 secs] [Times: user=0.11 sys=0.01, real=0.06 secs] 
575.882: [GC [PSYoungGen: 326818K->17290K(325184K)] 714683K->416669K(1024256K), 0.0669300 secs] [Times: user=0.13 sys=0.00, real=0.07 secs] 
576.415: [GC [PSYoungGen: 319818K->16756K(326016K)] 719197K->422077K(1025088K), 0.0647150 secs] [Times: user=0.09 sys=0.00, real=0.07 secs] 
577.068: [GC [PSYoungGen: 319284K->22769K(323648K)] 724605K->432495K(1022720K), 0.0902420 secs] [Times: user=0.11 sys=0.00, real=0.09 secs] 
577.573: [GC [PSYoungGen: 323376K->19868K(325056K)] 733102K->437061K(1024128K), 0.0580040 secs] [Times: user=0.11 sys=0.00, real=0.06 secs] 
578.010: [GC [PSYoungGen: 320476K->17461K(325504K)] 737669K->441337K(1024576K), 0.0614010 secs] [Times: user=0.11 sys=0.00, real=0.06 secs] 
578.416: [GC [PSYoungGen: 318517K->18492K(325056K)] 742393K->447714K(1024128K), 0.1391720 secs] [Times: user=0.15 sys=0.00, real=0.14 secs] 
579.052: [GC [PSYoungGen: 319548K->16250K(326208K)] 748770K->453175K(1025280K), 0.0595460 secs] [Times: user=0.10 sys=0.00, real=0.06 secs] 
579.472: [GC [PSYoungGen: 318906K->18265K(325952K)] 755831K->461270K(1025024K), 0.0521970 secs] [Times: user=0.10 sys=0.00, real=0.05 secs] 
579.832: [GC [PSYoungGen: 320921K->15982K(326720K)] 763926K->465529K(1025792K), 0.0879260 secs] [Times: user=0.10 sys=0.00, real=0.09 secs] 
580.285: [GC [PSYoungGen: 319790K->18841K(326592K)] 769337K->474217K(1025664K), 0.0571330 secs] [Times: user=0.10 sys=0.00, real=0.06 secs] 
580.710: [GC [PSYoungGen: 322649K->19509K(326592K)] 778025K->482361K(1025664K), 0.0651580 secs] [Times: user=0.12 sys=0.00, real=0.06 secs] 
581.055: [GC [PSYoungGen: 323445K->18088K(326720K)] 786297K->484980K(1025792K), 0.0525090 secs] [Times: user=0.10 sys=0.00, real=0.05 secs] 
581.629: [GC [PSYoungGen: 322024K->16651K(327360K)] 788916K->488345K(1026432K), 0.0607600 secs] [Times: user=0.09 sys=0.00, real=0.07 secs] 
582.037: [GC [PSYoungGen: 321739K->21739K(326848K)] 793433K->497385K(1025920K), 0.0573240 secs] [Times: user=0.11 sys=0.00, real=0.06 secs] 
582.475: [GC [PSYoungGen: 326827K->19740K(325824K)] 802473K->505212K(1024896K), 0.0738080 secs] [Times: user=0.13 sys=0.00, real=0.08 secs] 
583.001: [GC [PSYoungGen: 322908K->17651K(326336K)] 808380K->511135K(1025408K), 0.1104240 secs] [Times: user=0.10 sys=0.00, real=0.11 secs] 
583.491: [GC [PSYoungGen: 320819K->18116K(327040K)] 814303K->517891K(1026112K), 0.0644390 secs] [Times: user=0.11 sys=0.00, real=0.06 secs] 
583.969: [GC [PSYoungGen: 322308K->18658K(326656K)] 822083K->523643K(1025728K), 0.0590810 secs] [Times: user=0.11 sys=0.00, real=0.06 secs] 
584.415: [GC [PSYoungGen: 322850K->18676K(327616K)] 827835K->532126K(1026688K), 0.0713660 secs] [Times: user=0.12 sys=0.00, real=0.07 secs] 
584.845: [GC [PSYoungGen: 324148K->18996K(327360K)] 837598K->536767K(1026432K), 0.0809880 secs] [Times: user=0.10 sys=0.00, real=0.08 secs] 
585.369: [GC [PSYoungGen: 324468K->17363K(327872K)] 842239K->539656K(1026944K), 0.0428210 secs] [Times: user=0.10 sys=0.00, real=0.05 secs] 
585.786: [GC [PSYoungGen: 323475K->17566K(327744K)] 845768K->546528K(1026816K), 0.0758260 secs] [Times: user=0.10 sys=0.00, real=0.08 secs] 
586.195: [GC [PSYoungGen: 323678K->20060K(327424K)] 852640K->555115K(1026496K), 0.0717050 secs] [Times: user=0.10 sys=0.01, real=0.07 secs] 
586.697: [GC [PSYoungGen: 326044K->19069K(327744K)] 861099K->562167K(1026816K), 0.0490530 secs] [Times: user=0.12 sys=0.00, real=0.05 secs] 
587.117: [GC [PSYoungGen: 325053K->18042K(328064K)] 868151K->569168K(1027136K), 0.1665300 secs] [Times: user=0.11 sys=0.01, real=0.17 secs] 
587.673: [GC [PSYoungGen: 324410K->17871K(327808K)] 875536K->574535K(1026880K), 0.0468040 secs] [Times: user=0.10 sys=0.00, real=0.05 secs] 
588.150: [GC [PSYoungGen: 324239K->15311K(327744K)] 880903K->578787K(1026816K), 0.0819160 secs] [Times: user=0.09 sys=0.00, real=0.08 secs] 
588.581: [GC [PSYoungGen: 321807K->19190K(325696K)] 885283K->587614K(1024768K), 0.0944520 secs] [Times: user=0.10 sys=0.00, real=0.09 secs] 
589.086: [GC [PSYoungGen: 325686K->19654K(327552K)] 894110K->596968K(1026624K), 0.0579100 secs] [Times: user=0.12 sys=0.00, real=0.06 secs] 
589.531: [GC [PSYoungGen: 325638K->18545K(327744K)] 902952K->601576K(1026816K), 0.0693210 secs] [Times: user=0.11 sys=0.01, real=0.07 secs] 
589.947: [GC [PSYoungGen: 324529K->16092K(327872K)] 907560K->604662K(1026944K), 0.0556690 secs] [Times: user=0.10 sys=0.00, real=0.06 secs] 
590.348: [GC [PSYoungGen: 322460K->16599K(327936K)] 911030K->610187K(1027008K), 0.0712550 secs] [Times: user=0.12 sys=0.01, real=0.07 secs] 
590.852: [GC [PSYoungGen: 322967K->20074K(327104K)] 916555K->619908K(1026176K), 0.0634470 secs] [Times: user=0.11 sys=0.00, real=0.06 secs] 
591.257: [GC [PSYoungGen: 325674K->19552K(325184K)] 925508K->629307K(1024256K), 0.0771640 secs] [Times: user=0.13 sys=0.00, real=0.08 secs] 
591.734: [GC [PSYoungGen: 325152K->16809K(327552K)] 934907K->632605K(1026624K), 0.0579690 secs] [Times: user=0.09 sys=0.00, real=0.06 secs] 
592.085: [GC [PSYoungGen: 322281K->19791K(325312K)] 938077K->641846K(1024384K), 0.0581460 secs] [Times: user=0.12 sys=0.00, real=0.06 secs] 
592.517: [GC [PSYoungGen: 325263K->16982K(327488K)] 947318K->646417K(1026560K), 0.0652130 secs] [Times: user=0.11 sys=0.00, real=0.07 secs] 
592.929: [GC [PSYoungGen: 322326K->15758K(327360K)] 951761K->650086K(1026432K), 0.0718190 secs] [Times: user=0.09 sys=0.01, real=0.07 secs] 
593.494: [GC [PSYoungGen: 321102K->18978K(327488K)] 955430K->659589K(1026560K), 0.0740690 secs] [Times: user=0.11 sys=0.00, real=0.07 secs] 
593.993: [GC [PSYoungGen: 324386K->17139K(327424K)] 964997K->666187K(1026496K), 0.0545450 secs] [Times: user=0.11 sys=0.00, real=0.05 secs] 
594.444: [GC [PSYoungGen: 322547K->16013K(327744K)] 971595K->671458K(1026816K), 0.0399380 secs] [Times: user=0.09 sys=0.01, real=0.04 secs] 
594.847: [GC [PSYoungGen: 321997K->18008K(327744K)] 977442K->678096K(1026816K), 0.0546170 secs] [Times: user=0.10 sys=0.00, real=0.06 secs] 
595.286: [GC [PSYoungGen: 323992K->16586K(328192K)] 984080K->682942K(1027264K), 0.0599350 secs] [Times: user=0.10 sys=0.00, real=0.06 secs] 
595.859: [GC [PSYoungGen: 323338K->21293K(328064K)] 989694K->695019K(1027136K), 0.0908430 secs] [Times: user=0.12 sys=0.00, real=0.09 secs] 
596.317: [GC [PSYoungGen: 328045K->19362K(321792K)] 1001771K->701274K(1020864K), 0.0672750 secs] [Times: user=0.11 sys=0.00, real=0.07 secs] 
596.703: [GC [PSYoungGen: 319714K->16038K(324928K)] 1001626K->704937K(1024000K), 0.0555100 secs] [Times: user=0.10 sys=0.00, real=0.05 secs] 
597.082: [GC [PSYoungGen: 316390K->17543K(325440K)] 1005289K->711166K(1024512K), 0.0546900 secs] [Times: user=0.10 sys=0.00, real=0.05 secs] 
597.137: [Full GC [PSYoungGen: 17543K->0K(325440K)] [PSOldGen: 693623K->243340K(699072K)] 711166K->243340K(1024512K) [PSPermGen: 91482K->91482K(262144K)], 1.2932090 secs] [Times: user=1.28 sys=0.00, real=1.29 secs] 
598.914: [GC [PSYoungGen: 300928K->19086K(324992K)] 544268K->262426K(1024064K), 0.0329890 secs] [Times: user=0.09 sys=0.00, real=0.03 secs] 
599.333: [GC [PSYoungGen: 320014K->18608K(326272K)] 563354K->271733K(1025344K), 0.0583340 secs] [Times: user=0.11 sys=0.02, real=0.05 secs] 
599.699: [GC [PSYoungGen: 321136K->18914K(325760K)] 574261K->281111K(1024832K), 0.0609570 secs] [Times: user=0.12 sys=0.00, real=0.06 secs] 
600.243: [GC [PSYoungGen: 321442K->14289K(325952K)] 583639K->281532K(1025024K), 0.0494830 secs] [Times: user=0.08 sys=0.00, real=0.05 secs] 
600.703: [GC [PSYoungGen: 317329K->18371K(326272K)] 584572K->291215K(1025344K), 0.0558680 secs] [Times: user=0.10 sys=0.00, real=0.05 secs] 
601.139: [GC [PSYoungGen: 321411K->20460K(325952K)] 594255K->299723K(1025024K), 0.0822020 secs] [Times: user=0.12 sys=0.01, real=0.08 secs] 
601.559: [GC [PSYoungGen: 323628K->19535K(326336K)] 602891K->304248K(1025408K), 0.0650580 secs] [Times: user=0.10 sys=0.00, real=0.07 secs] 
601.916: [GC [PSYoungGen: 322703K->19767K(326336K)] 607416K->310499K(1025408K), 0.0586910 secs] [Times: user=0.11 sys=0.01, real=0.06 secs] 
602.342: [GC [PSYoungGen: 322935K->18961K(326336K)] 613667K->319621K(1025408K), 0.0577830 secs] [Times: user=0.11 sys=0.01, real=0.06 secs] 
602.711: [GC [PSYoungGen: 322129K->17627K(326912K)] 622789K->325234K(1025984K), 0.0643140 secs] [Times: user=0.10 sys=0.01, real=0.07 secs] 
603.110: [GC [PSYoungGen: 321691K->16223K(326656K)] 629298K->327126K(1025728K), 0.0476510 secs] [Times: user=0.08 sys=0.00, real=0.05 secs] 
603.503: [GC [PSYoungGen: 320287K->14407K(326400K)] 631190K->332023K(1025472K), 0.0471270 secs] [Times: user=0.09 sys=0.00, real=0.04 secs] 
603.899: [GC [PSYoungGen: 318215K->16956K(326656K)] 635831K->339160K(1025728K), 0.0606260 secs] [Times: user=0.09 sys=0.01, real=0.06 secs] 
604.371: [GC [PSYoungGen: 320764K->17656K(327424K)] 642968K->346547K(1026496K), 0.0605290 secs] [Times: user=0.10 sys=0.00, real=0.06 secs] 
604.915: [GC [PSYoungGen: 322552K->19143K(326976K)] 651443K->355158K(1026048K), 0.0577490 secs] [Times: user=0.11 sys=0.00, real=0.06 secs] 
605.360: [GC [PSYoungGen: 324039K->15530K(327360K)] 660054K->358708K(1026432K), 0.0795380 secs] [Times: user=0.11 sys=0.01, real=0.08 secs] 
605.833: [GC [PSYoungGen: 320746K->19064K(324288K)] 663924K->366578K(1023360K), 0.0513490 secs] [Times: user=0.09 sys=0.01, real=0.05 secs] 
606.280: [GC [PSYoungGen: 324280K->15904K(327424K)] 671794K->370437K(1026496K), 0.0434250 secs] [Times: user=0.09 sys=0.00, real=0.05 secs] 
606.673: [GC [PSYoungGen: 321120K->18738K(327296K)] 675653K->380143K(1026368K), 0.0654370 secs] [Times: user=0.12 sys=0.00, real=0.06 secs] 
607.133: [GC [PSYoungGen: 323954K->15750K(327552K)] 685359K->383090K(1026624K), 0.0579740 secs] [Times: user=0.09 sys=0.00, real=0.05 secs] 
607.605: [GC [PSYoungGen: 321222K->15243K(327424K)] 688562K->390507K(1026496K), 0.0426250 secs] [Times: user=0.10 sys=0.01, real=0.04 secs] 
608.051: [GC [PSYoungGen: 320715K->21496K(325376K)] 695979K->403641K(1024448K), 0.0681870 secs] [Times: user=0.12 sys=0.00, real=0.07 secs] 
608.483: [GC [PSYoungGen: 324920K->15924K(326464K)] 707065K->407481K(1025536K), 0.0646850 secs] [Times: user=0.11 sys=0.00, real=0.06 secs] 
608.982: [GC [PSYoungGen: 319348K->16796K(327104K)] 710905K->414799K(1026176K), 0.0558960 secs] [Times: user=0.10 sys=0.00, real=0.06 secs] 
609.433: [GC [PSYoungGen: 321116K->13474K(326720K)] 719119K->419321K(1025792K), 0.0370900 secs] [Times: user=0.10 sys=0.00, real=0.04 secs] 
609.869: [GC [PSYoungGen: 317794K->13833K(326912K)] 723641K->425413K(1025984K), 0.0493530 secs] [Times: user=0.08 sys=0.01, real=0.05 secs] 
610.296: [GC [PSYoungGen: 318153K->21269K(325632K)] 729733K->440247K(1024704K), 0.0599070 secs] [Times: user=0.12 sys=0.00, real=0.06 secs] 
610.744: [GC [PSYoungGen: 325589K->19030K(325696K)] 744567K->446519K(1024768K), 0.0667970 secs] [Times: user=0.11 sys=0.01, real=0.06 secs] 
611.257: [GC [PSYoungGen: 321046K->17840K(325760K)] 748535K->450564K(1024832K), 0.0655850 secs] [Times: user=0.09 sys=0.00, real=0.06 secs] 
611.684: [GC [PSYoungGen: 319856K->19765K(325632K)] 752580K->456552K(1024704K), 0.0589000 secs] [Times: user=0.11 sys=0.00, real=0.06 secs] 
612.199: [GC [PSYoungGen: 322164K->18557K(325952K)] 758951K->462353K(1025024K), 0.0851970 secs] [Times: user=0.11 sys=0.01, real=0.09 secs] 
612.640: [GC [PSYoungGen: 320957K->14522K(326208K)] 764753K->463157K(1025280K), 0.0513920 secs] [Times: user=0.09 sys=0.00, real=0.05 secs] 
613.096: [GC [PSYoungGen: 317434K->17091K(326208K)] 766069K->472041K(1025280K), 0.0432090 secs] [Times: user=0.10 sys=0.00, real=0.04 secs] 
613.558: [GC [PSYoungGen: 320003K->15539K(326976K)] 774953K->477386K(1026048K), 0.0545200 secs] [Times: user=0.10 sys=0.00, real=0.05 secs] 
613.999: [GC [PSYoungGen: 319731K->20098K(324352K)] 781578K->487584K(1023424K), 0.0536460 secs] [Times: user=0.12 sys=0.00, real=0.05 secs] 
614.446: [GC [PSYoungGen: 324290K->16416K(326784K)] 791776K->494677K(1025856K), 0.0732380 secs] [Times: user=0.12 sys=0.00, real=0.07 secs] 
614.858: [GC [PSYoungGen: 320096K->16121K(326400K)] 798357K->500002K(1025472K), 0.0430150 secs] [Times: user=0.09 sys=0.00, real=0.04 secs] 
615.245: [GC [PSYoungGen: 319801K->16340K(327424K)] 803682K->505768K(1026496K), 0.0441300 secs] [Times: user=0.10 sys=0.00, real=0.04 secs] 
615.628: [GC [PSYoungGen: 321364K->20411K(325440K)] 810792K->516254K(1024512K), 0.0527480 secs] [Times: user=0.11 sys=0.00, real=0.05 secs] 
616.140: [GC [PSYoungGen: 325435K->16251K(327040K)] 821278K->519927K(1026112K), 0.0897550 secs] [Times: user=0.11 sys=0.00, real=0.09 secs] 
616.506: [GC [PSYoungGen: 320488K->15294K(326720K)] 824165K->525730K(1025792K), 0.0747220 secs] [Times: user=0.10 sys=0.00, real=0.07 secs] 
617.103: [GC [PSYoungGen: 319550K->14446K(327232K)] 829986K->530799K(1026304K), 0.0638470 secs] [Times: user=0.09 sys=0.00, real=0.07 secs] 
617.685: [GC [PSYoungGen: 319406K->17174K(327232K)] 835759K->536055K(1026304K), 0.0685350 secs] [Times: user=0.09 sys=0.00, real=0.07 secs] 
618.117: [GC [PSYoungGen: 322134K->21822K(320640K)] 841015K->546691K(1019712K), 0.0704630 secs] [Times: user=0.12 sys=0.00, real=0.07 secs] 
618.726: [GC [PSYoungGen: 320638K->16895K(324160K)] 845507K->551761K(1023232K), 0.0915810 secs] [Times: user=0.12 sys=0.00, real=0.09 secs] 
619.302: [GC [PSYoungGen: 315695K->12799K(324288K)] 850560K->551894K(1023360K), 0.0431810 secs] [Times: user=0.07 sys=0.00, real=0.04 secs] 
619.785: [GC [PSYoungGen: 312255K->17785K(324480K)] 851350K->561970K(1023552K), 0.0618550 secs] [Times: user=0.09 sys=0.01, real=0.07 secs] 
621.156: [GC [PSYoungGen: 317239K->17073K(325760K)] 861423K->571960K(1024832K), 0.0660380 secs] [Times: user=0.12 sys=0.00, real=0.06 secs] 
621.544: [GC [PSYoungGen: 318449K->19475K(325120K)] 873336K->581029K(1024192K), 0.0708640 secs] [Times: user=0.11 sys=0.01, real=0.07 secs] 
622.025: [GC [PSYoungGen: 320851K->17400K(326208K)] 882405K->586557K(1025280K), 0.0365120 secs] [Times: user=0.11 sys=0.00, real=0.04 secs] 
622.419: [GC [PSYoungGen: 319736K->14516K(325632K)] 888893K->590649K(1024704K), 0.0574570 secs] [Times: user=0.09 sys=0.00, real=0.06 secs] 
622.914: [GC [PSYoungGen: 316852K->15181K(326464K)] 892985K->597006K(1025536K), 0.0648540 secs] [Times: user=0.10 sys=0.00, real=0.07 secs] 
623.375: [GC [PSYoungGen: 318413K->19108K(326272K)] 900238K->608413K(1025344K), 0.0662440 secs] [Times: user=0.11 sys=0.01, real=0.07 secs] 
623.864: [GC [PSYoungGen: 322340K->18132K(326592K)] 911645K->614643K(1025664K), 0.0562370 secs] [Times: user=0.11 sys=0.00, real=0.06 secs] 
624.326: [GC [PSYoungGen: 321543K->17459K(326336K)] 918053K->617998K(1025408K), 0.0600090 secs] [Times: user=0.10 sys=0.00, real=0.06 secs] 
624.856: [GC [PSYoungGen: 320883K->19588K(326464K)] 921422K->627162K(1025536K), 0.0786860 secs] [Times: user=0.11 sys=0.00, real=0.07 secs] 
625.257: [GC [PSYoungGen: 323652K->19488K(323584K)] 931226K->632732K(1022656K), 0.0596300 secs] [Times: user=0.11 sys=0.01, real=0.05 secs] 
625.839: [GC [PSYoungGen: 323552K->16587K(326912K)] 936796K->635292K(1025984K), 0.0645500 secs] [Times: user=0.10 sys=0.00, real=0.06 secs] 
626.310: [GC [PSYoungGen: 320587K->18700K(326592K)] 939292K->642402K(1025664K), 0.0662270 secs] [Times: user=0.11 sys=0.00, real=0.07 secs] 
626.783: [GC [PSYoungGen: 322700K->17772K(327488K)] 946402K->649515K(1026560K), 0.0678010 secs] [Times: user=0.10 sys=0.00, real=0.07 secs] 
627.260: [GC [PSYoungGen: 322732K->22007K(326976K)] 954475K->661743K(1026048K), 0.0680940 secs] [Times: user=0.12 sys=0.01, real=0.07 secs] 
627.627: [GC [PSYoungGen: 326967K->20189K(320320K)] 966703K->667699K(1019392K), 0.0548240 secs] [Times: user=0.12 sys=0.00, real=0.05 secs] 
628.131: [GC [PSYoungGen: 317981K->18085K(323648K)] 965491K->670813K(1022720K), 0.0828290 secs] [Times: user=0.10 sys=0.00, real=0.08 secs] 
628.683: [GC [PSYoungGen: 315877K->18139K(324608K)] 968605K->677799K(1023680K), 0.1017140 secs] [Times: user=0.11 sys=0.00, real=0.10 secs] 
629.211: [GC [PSYoungGen: 317403K->16673K(324160K)] 977063K->682043K(1023232K), 0.0923020 secs] [Times: user=0.10 sys=0.00, real=0.09 secs] 
629.898: [GC [PSYoungGen: 315937K->19442K(325120K)] 981307K->688977K(1024192K), 0.1155360 secs] [Times: user=0.11 sys=0.00, real=0.11 secs] 
630.323: [GC [PSYoungGen: 319917K->16924K(324864K)] 989452K->693400K(1023936K), 0.0508440 secs] [Times: user=0.11 sys=0.00, real=0.05 secs] 
630.807: [GC [PSYoungGen: 317404K->13095K(324608K)] 993880K->695112K(1023680K), 0.0368020 secs] [Times: user=0.09 sys=0.00, real=0.04 secs] 
631.371: [GC [PSYoungGen: 313575K->18859K(324992K)] 995592K->705379K(1024064K), 0.1002240 secs] [Times: user=0.10 sys=0.00, real=0.10 secs] 
631.962: [GC [PSYoungGen: 319339K->21591K(323968K)] 1005859K->717666K(1023040K), 0.1826740 secs] [Times: user=0.13 sys=0.00, real=0.18 secs] 
632.145: [Full GC [PSYoungGen: 21591K->0K(323968K)] [PSOldGen: 696074K->251118K(699072K)] 717666K->251118K(1023040K) [PSPermGen: 91497K->91497K(262144K)], 1.2750230 secs] [Times: user=1.27 sys=0.01, real=1.28 secs] 
633.911: [GC [PSYoungGen: 299840K->20146K(324672K)] 550958K->271264K(1023744K), 0.0535260 secs] [Times: user=0.09 sys=0.00, real=0.05 secs] 
634.310: [GC [PSYoungGen: 319986K->18307K(325248K)] 571104K->280267K(1024320K), 0.0621150 secs] [Times: user=0.12 sys=0.00, real=0.06 secs] 
634.720: [GC [PSYoungGen: 318723K->21311K(324672K)] 580683K->291691K(1023744K), 0.0625840 secs] [Times: user=0.13 sys=0.00, real=0.06 secs] 
635.179: [GC [PSYoungGen: 321727K->17999K(325248K)] 592107K->298550K(1024320K), 0.0742060 secs] [Times: user=0.12 sys=0.00, real=0.07 secs] 
635.685: [GC [PSYoungGen: 318543K->15153K(324800K)] 599094K->298725K(1023872K), 0.0471830 secs] [Times: user=0.08 sys=0.00, real=0.05 secs] 
636.072: [GC [PSYoungGen: 315693K->17077K(325504K)] 599265K->303722K(1024576K), 0.0632160 secs] [Times: user=0.09 sys=0.00, real=0.06 secs] 
636.460: [GC [PSYoungGen: 318261K->22153K(323392K)] 604906K->315461K(1022464K), 0.0703640 secs] [Times: user=0.13 sys=0.01, real=0.07 secs] 
636.876: [GC [PSYoungGen: 323337K->14905K(324544K)] 616645K->315201K(1023616K), 0.0708640 secs] [Times: user=0.09 sys=0.00, real=0.07 secs] 
637.260: [GC [PSYoungGen: 314617K->22207K(321920K)] 614913K->326714K(1020992K), 0.0841120 secs] [Times: user=0.12 sys=0.00, real=0.08 secs] 
637.814: [GC [PSYoungGen: 321919K->18010K(324416K)] 626426K->332369K(1023488K), 0.0795450 secs] [Times: user=0.16 sys=0.00, real=0.08 secs] 
638.293: [GC [PSYoungGen: 316762K->16904K(323840K)] 631121K->339579K(1022912K), 0.0552750 secs] [Times: user=0.11 sys=0.00, real=0.05 secs] 
638.844: [GC [PSYoungGen: 315656K->14616K(324736K)] 638331K->343056K(1023808K), 0.0799550 secs] [Times: user=0.09 sys=0.00, real=0.08 secs] 
639.286: [GC [PSYoungGen: 314584K->20172K(320192K)] 643024K->351750K(1019264K), 0.0807710 secs] [Times: user=0.11 sys=0.01, real=0.08 secs] 
639.808: [GC [PSYoungGen: 320140K->16987K(325056K)] 651718K->357412K(1024128K), 0.0741710 secs] [Times: user=0.10 sys=0.01, real=0.08 secs] 
640.235: [GC [PSYoungGen: 317147K->18508K(324608K)] 657572K->367721K(1023680K), 0.0645130 secs] [Times: user=0.12 sys=0.00, real=0.07 secs] 
640.659: [GC [PSYoungGen: 318668K->18484K(326016K)] 667881K->374208K(1025088K), 0.0527030 secs] [Times: user=0.11 sys=0.00, real=0.05 secs] 
641.137: [GC [PSYoungGen: 320564K->15165K(325568K)] 676288K->378100K(1024640K), 0.0462800 secs] [Times: user=0.10 sys=0.00, real=0.05 secs] 
641.603: [GC [PSYoungGen: 317245K->14390K(325888K)] 680180K->382599K(1024960K), 0.0720360 secs] [Times: user=0.09 sys=0.00, real=0.07 secs] 
642.082: [GC [PSYoungGen: 316787K->17566K(325952K)] 684996K->390407K(1025024K), 0.1137130 secs] [Times: user=0.12 sys=0.01, real=0.11 secs] 
642.591: [GC [PSYoungGen: 319966K->20981K(325056K)] 692807K->400529K(1024128K), 0.0651190 secs] [Times: user=0.11 sys=0.00, real=0.06 secs] 
643.042: [GC [PSYoungGen: 323125K->17762K(325824K)] 702673K->406407K(1024896K), 0.0667640 secs] [Times: user=0.12 sys=0.00, real=0.06 secs] 
643.429: [GC [PSYoungGen: 319906K->19353K(326272K)] 708551K->412754K(1025344K), 0.0506540 secs] [Times: user=0.11 sys=0.00, real=0.06 secs] 
643.868: [GC [PSYoungGen: 322521K->18465K(326336K)] 715922K->419495K(1025408K), 0.0650320 secs] [Times: user=0.11 sys=0.00, real=0.07 secs] 
644.347: [GC [PSYoungGen: 321633K->18742K(326912K)] 722663K->426126K(1025984K), 0.0475300 secs] [Times: user=0.11 sys=0.01, real=0.05 secs] 
644.811: [GC [PSYoungGen: 322870K->18721K(326720K)] 730254K->433527K(1025792K), 0.0618020 secs] [Times: user=0.11 sys=0.01, real=0.06 secs] 
645.219: [GC [PSYoungGen: 322849K->14805K(326784K)] 737655K->435305K(1025856K), 0.0432030 secs] [Times: user=0.08 sys=0.00, real=0.05 secs] 
645.660: [GC [PSYoungGen: 319253K->21421K(325888K)] 739753K->449163K(1024960K), 0.0916590 secs] [Times: user=0.12 sys=0.00, real=0.09 secs] 
646.086: [GC [PSYoungGen: 325869K->20445K(325504K)] 753611K->457292K(1024576K), 0.0591590 secs] [Times: user=0.13 sys=0.01, real=0.06 secs] 
646.528: [GC [PSYoungGen: 322589K->19077K(325824K)] 759436K->462529K(1024896K), 0.0494310 secs] [Times: user=0.11 sys=0.00, real=0.05 secs] 
646.976: [GC [PSYoungGen: 321221K->18816K(326464K)] 764673K->470526K(1025536K), 0.0558240 secs] [Times: user=0.12 sys=0.00, real=0.06 secs] 
647.412: [GC [PSYoungGen: 321856K->15091K(326080K)] 773566K->471811K(1025152K), 0.0406570 secs] [Times: user=0.10 sys=0.00, real=0.04 secs] 
647.823: [GC [PSYoungGen: 318131K->17183K(326656K)] 774851K->479311K(1025728K), 0.0395710 secs] [Times: user=0.09 sys=0.00, real=0.04 secs] 
648.222: [GC [PSYoungGen: 320671K->17257K(326336K)] 782799K->486568K(1025408K), 0.0719050 secs] [Times: user=0.11 sys=0.00, real=0.07 secs] 
648.674: [GC [PSYoungGen: 320745K->19185K(326976K)] 790056K->493696K(1026048K), 0.0555260 secs] [Times: user=0.11 sys=0.00, real=0.05 secs] 
649.080: [GC [PSYoungGen: 323633K->17846K(326976K)] 798144K->500446K(1026048K), 0.0644430 secs] [Times: user=0.11 sys=0.01, real=0.07 secs] 
649.467: [GC [PSYoungGen: 322294K->16209K(327488K)] 804894K->505864K(1026560K), 0.0557160 secs] [Times: user=0.10 sys=0.01, real=0.06 secs] 
649.875: [GC [PSYoungGen: 321553K->22002K(327360K)] 811208K->516189K(1026432K), 0.0610080 secs] [Times: user=0.13 sys=0.00, real=0.06 secs] 
650.273: [GC [PSYoungGen: 327346K->17795K(322880K)] 821533K->519396K(1021952K), 0.0617600 secs] [Times: user=0.11 sys=0.02, real=0.06 secs] 
650.671: [GC [PSYoungGen: 318531K->19125K(325120K)] 820132K->525124K(1024192K), 0.0419600 secs] [Times: user=0.10 sys=0.00, real=0.04 secs] 
651.130: [GC [PSYoungGen: 319861K->11744K(324224K)] 825860K->524663K(1023296K), 0.0347640 secs] [Times: user=0.09 sys=0.00, real=0.04 secs] 
651.518: [GC [PSYoungGen: 311968K->18233K(324864K)] 824887K->536052K(1023936K), 0.0565300 secs] [Times: user=0.10 sys=0.01, real=0.06 secs] 
651.898: [GC [PSYoungGen: 318457K->16709K(325824K)] 836276K->542974K(1024896K), 0.0440950 secs] [Times: user=0.12 sys=0.00, real=0.05 secs] 
652.272: [GC [PSYoungGen: 318469K->17065K(325440K)] 844734K->549873K(1024512K), 0.0507950 secs] [Times: user=0.10 sys=0.00, real=0.05 secs] 
652.634: [GC [PSYoungGen: 318825K->16678K(326592K)] 851633K->557509K(1025664K), 0.0474130 secs] [Times: user=0.10 sys=0.00, real=0.05 secs] 
653.101: [GC [PSYoungGen: 320038K->15753K(326272K)] 860869K->561928K(1025344K), 0.0520990 secs] [Times: user=0.10 sys=0.00, real=0.05 secs] 
653.550: [GC [PSYoungGen: 319113K->16345K(327104K)] 865288K->566380K(1026176K), 0.0601640 secs] [Times: user=0.09 sys=0.00, real=0.06 secs] 
653.970: [GC [PSYoungGen: 320729K->18425K(326784K)] 870764K->574523K(1025856K), 0.0462790 secs] [Times: user=0.10 sys=0.00, real=0.05 secs] 
654.398: [GC [PSYoungGen: 322809K->17636K(327616K)] 878907K->580552K(1026688K), 0.0730960 secs] [Times: user=0.11 sys=0.00, real=0.08 secs] 
654.893: [GC [PSYoungGen: 322980K->18832K(327232K)] 885896K->587965K(1026304K), 0.0814090 secs] [Times: user=0.11 sys=0.00, real=0.08 secs] 
655.279: [GC [PSYoungGen: 324176K->16929K(327872K)] 893309K->593265K(1026944K), 0.0517740 secs] [Times: user=0.11 sys=0.00, real=0.06 secs] 
655.711: [GC [PSYoungGen: 322849K->20914K(326848K)] 899185K->603942K(1025920K), 0.0686760 secs] [Times: user=0.12 sys=0.00, real=0.06 secs] 
656.113: [GC [PSYoungGen: 326834K->18193K(327424K)] 909862K->609033K(1026496K), 0.0489910 secs] [Times: user=0.12 sys=0.00, real=0.05 secs] 
656.503: [GC [PSYoungGen: 323153K->18986K(327040K)] 913993K->614811K(1026112K), 0.0425240 secs] [Times: user=0.10 sys=0.00, real=0.04 secs] 
657.035: [GC [PSYoungGen: 323946K->18457K(327680K)] 919771K->620568K(1026752K), 0.0459670 secs] [Times: user=0.11 sys=0.00, real=0.05 secs] 
657.422: [GC [PSYoungGen: 324057K->16081K(327424K)] 926168K->623907K(1026496K), 0.0545070 secs] [Times: user=0.10 sys=0.00, real=0.05 secs] 
657.784: [GC [PSYoungGen: 321681K->19658K(327168K)] 929507K->633462K(1026240K), 0.0531600 secs] [Times: user=0.12 sys=0.00, real=0.05 secs] 
658.217: [GC [PSYoungGen: 325002K->20255K(325632K)] 938806K->642139K(1024704K), 0.0436290 secs] [Times: user=0.13 sys=0.00, real=0.05 secs] 
658.702: [GC [PSYoungGen: 325599K->17402K(327296K)] 947483K->644700K(1026368K), 0.0407110 secs] [Times: user=0.09 sys=0.00, real=0.04 secs] 
659.102: [GC [PSYoungGen: 322234K->17104K(327040K)] 949532K->648847K(1026112K), 0.0404510 secs] [Times: user=0.10 sys=0.00, real=0.04 secs] 
659.470: [GC [PSYoungGen: 321936K->16248K(327552K)] 953679K->655344K(1026624K), 0.0519200 secs] [Times: user=0.10 sys=0.01, real=0.06 secs] 
659.941: [GC [PSYoungGen: 321779K->20638K(326208K)] 960875K->666897K(1025280K), 0.0709830 secs] [Times: user=0.12 sys=0.00, real=0.08 secs] 
660.372: [GC [PSYoungGen: 326174K->18679K(327232K)] 972433K->674085K(1026304K), 0.0516200 secs] [Times: user=0.12 sys=0.01, real=0.05 secs] 
660.804: [GC [PSYoungGen: 323383K->19022K(326976K)] 978789K->678245K(1026048K), 0.0705440 secs] [Times: user=0.10 sys=0.00, real=0.07 secs] 
661.275: [GC [PSYoungGen: 323726K->16858K(327488K)] 982949K->681153K(1026560K), 0.0623090 secs] [Times: user=0.10 sys=0.00, real=0.06 secs] 
661.726: [GC [PSYoungGen: 322138K->17019K(327296K)] 986433K->688142K(1026368K), 0.0472400 secs] [Times: user=0.11 sys=0.00, real=0.05 secs] 
662.134: [GC [PSYoungGen: 322299K->18653K(327808K)] 993422K->697557K(1026880K), 0.0713320 secs] [Times: user=0.11 sys=0.01, real=0.07 secs] 
662.591: [GC [PSYoungGen: 324631K->20250K(326272K)] 1003535K->705848K(1025344K), 0.0482390 secs] [Times: user=0.13 sys=0.00, real=0.05 secs] 
663.054: [GC [PSYoungGen: 326234K->16223K(327360K)] 1011832K->708585K(1026432K), 0.0443400 secs] [Times: user=0.11 sys=0.00, real=0.04 secs] 
663.099: [Full GC [PSYoungGen: 16223K->0K(327360K)] [PSOldGen: 692361K->217201K(699072K)] 708585K->217201K(1026432K) [PSPermGen: 91509K->91452K(262144K)], 1.2886010 secs] [Times: user=1.28 sys=0.01, real=1.29 secs] 
664.790: [GC [PSYoungGen: 305216K->22127K(327360K)] 522417K->239521K(1026432K), 0.0402110 secs] [Times: user=0.09 sys=0.00, real=0.04 secs] 
665.305: [GC [PSYoungGen: 327343K->17096K(325568K)] 544737K->242969K(1024640K), 0.0400510 secs] [Times: user=0.10 sys=0.00, real=0.04 secs] 
665.690: [GC [PSYoungGen: 320520K->19605K(326464K)] 546393K->250132K(1025536K), 0.0676920 secs] [Times: user=0.10 sys=0.00, real=0.07 secs] 
666.096: [GC [PSYoungGen: 323029K->22564K(324416K)] 553556K->258876K(1023488K), 0.0886200 secs] [Times: user=0.13 sys=0.01, real=0.09 secs] 
666.559: [GC [PSYoungGen: 323940K->19286K(325440K)] 560252K->262590K(1024512K), 0.0488670 secs] [Times: user=0.10 sys=0.00, real=0.05 secs] 
667.020: [GC [PSYoungGen: 320662K->19072K(326208K)] 563966K->270449K(1025280K), 0.0658070 secs] [Times: user=0.11 sys=0.00, real=0.07 secs] 
667.521: [GC [PSYoungGen: 321600K->18265K(325824K)] 572977K->276929K(1024896K), 0.0544360 secs] [Times: user=0.11 sys=0.01, real=0.06 secs] 
667.966: [GC [PSYoungGen: 320793K->15814K(326272K)] 579457K->282611K(1025344K), 0.0616650 secs] [Times: user=0.10 sys=0.00, real=0.06 secs] 
668.390: [GC [PSYoungGen: 319110K->20064K(323392K)] 585907K->292780K(1022464K), 0.0440200 secs] [Times: user=0.11 sys=0.00, real=0.05 secs] 
668.891: [GC [PSYoungGen: 323360K->14790K(325824K)] 596076K->295323K(1024896K), 0.0421970 secs] [Times: user=0.09 sys=0.00, real=0.04 secs] 
669.313: [GC [PSYoungGen: 317446K->15960K(326080K)] 597979K->300238K(1025152K), 0.0376910 secs] [Times: user=0.09 sys=0.00, real=0.03 secs] 
669.686: [GC [PSYoungGen: 318616K->21289K(324800K)] 602894K->310095K(1023872K), 0.0667140 secs] [Times: user=0.11 sys=0.00, real=0.06 secs] 
670.076: [GC [PSYoungGen: 322793K->19536K(325504K)] 611599K->319774K(1024576K), 0.0551180 secs] [Times: user=0.13 sys=0.00, real=0.05 secs] 
670.427: [GC [PSYoungGen: 321040K->17663K(326016K)] 621278K->323192K(1025088K), 0.0407250 secs] [Times: user=0.10 sys=0.00, real=0.04 secs] 
670.762: [GC [PSYoungGen: 319807K->15072K(325632K)] 625336K->323297K(1024704K), 0.0351110 secs] [Times: user=0.08 sys=0.00, real=0.04 secs] 
671.144: [GC [PSYoungGen: 317216K->16606K(326272K)] 625441K->328735K(1025344K), 0.0451260 secs] [Times: user=0.09 sys=0.00, real=0.04 secs] 
671.530: [GC [PSYoungGen: 319326K->17448K(325952K)] 631455K->336661K(1025024K), 0.0508930 secs] [Times: user=0.10 sys=0.00, real=0.05 secs] 
671.931: [GC [PSYoungGen: 320168K->19365K(326592K)] 639381K->345960K(1025664K), 0.0430010 secs] [Times: user=0.11 sys=0.00, real=0.05 secs] 
672.408: [GC [PSYoungGen: 323173K->17446K(326656K)] 649768K->352623K(1025728K), 0.0617390 secs] [Times: user=0.11 sys=0.00, real=0.06 secs] 
672.816: [GC [PSYoungGen: 321254K->18559K(327232K)] 656431K->361911K(1026304K), 0.0630520 secs] [Times: user=0.11 sys=0.00, real=0.06 secs] 
673.193: [GC [PSYoungGen: 323327K->17477K(327040K)] 666679K->365725K(1026112K), 0.0430340 secs] [Times: user=0.10 sys=0.00, real=0.05 secs] 
673.644: [GC [PSYoungGen: 322244K->14286K(327168K)] 670492K->366249K(1026240K), 0.0316770 secs] [Times: user=0.08 sys=0.00, real=0.03 secs] 
674.033: [GC [PSYoungGen: 319502K->21688K(326912K)] 671465K->378381K(1025984K), 0.0535640 secs] [Times: user=0.12 sys=0.00, real=0.05 secs] 
674.492: [GC [PSYoungGen: 326904K->14295K(325376K)] 683597K->379775K(1024448K), 0.0409420 secs] [Times: user=0.10 sys=0.00, real=0.05 secs] 
674.921: [GC [PSYoungGen: 317079K->13850K(316672K)] 682559K->383591K(1015744K), 0.0351090 secs] [Times: user=0.08 sys=0.00, real=0.04 secs] 
675.269: [GC [PSYoungGen: 316630K->16118K(326464K)] 686371K->393065K(1025536K), 0.0511520 secs] [Times: user=0.10 sys=0.00, real=0.05 secs] 
675.718: [GC [PSYoungGen: 319158K->15136K(326080K)] 696105K->396765K(1025152K), 0.0377150 secs] [Times: user=0.09 sys=0.00, real=0.04 secs] 
676.064: [GC [PSYoungGen: 318176K->18185K(326848K)] 699805K->404897K(1025920K), 0.0431310 secs] [Times: user=0.10 sys=0.01, real=0.04 secs] 
676.447: [GC [PSYoungGen: 322249K->18200K(326720K)] 708961K->412280K(1025792K), 0.0465230 secs] [Times: user=0.11 sys=0.00, real=0.04 secs] 
676.954: [GC [PSYoungGen: 322264K->16750K(327424K)] 716344K->415626K(1026496K), 0.0321830 secs] [Times: user=0.10 sys=0.00, real=0.03 secs] 
677.325: [GC [PSYoungGen: 321646K->14778K(326976K)] 720522K->419486K(1026048K), 0.0511510 secs] [Times: user=0.10 sys=0.00, real=0.05 secs] 
677.687: [GC [PSYoungGen: 319674K->18432K(327424K)] 724382K->430763K(1026496K), 0.0551690 secs] [Times: user=0.11 sys=0.01, real=0.05 secs] 
678.138: [GC [PSYoungGen: 323904K->17158K(327488K)] 736235K->437758K(1026560K), 0.0433290 secs] [Times: user=0.11 sys=0.00, real=0.04 secs] 
678.577: [GC [PSYoungGen: 322630K->18735K(327552K)] 743230K->445005K(1026624K), 0.0751050 secs] [Times: user=0.10 sys=0.00, real=0.07 secs] 
678.962: [GC [PSYoungGen: 324719K->18178K(327744K)] 750989K->448113K(1026816K), 0.0386500 secs] [Times: user=0.10 sys=0.01, real=0.04 secs] 
679.392: [GC [PSYoungGen: 324162K->18281K(327936K)] 754097K->455642K(1027008K), 0.0482190 secs] [Times: user=0.10 sys=0.00, real=0.05 secs] 
679.780: [GC [PSYoungGen: 324578K->15416K(327872K)] 761939K->460858K(1026944K), 0.0342040 secs] [Times: user=0.10 sys=0.00, real=0.04 secs] 
680.162: [GC [PSYoungGen: 321720K->19775K(326976K)] 767162K->469338K(1026048K), 0.0582040 secs] [Times: user=0.10 sys=0.00, real=0.06 secs] 
680.525: [GC [PSYoungGen: 325247K->21844K(327360K)] 774810K->483366K(1026432K), 0.0595770 secs] [Times: user=0.15 sys=0.00, real=0.06 secs] 
680.922: [GC [PSYoungGen: 327316K->18867K(325568K)] 788838K->487400K(1024640K), 0.0534130 secs] [Times: user=0.12 sys=0.00, real=0.06 secs] 
681.304: [GC [PSYoungGen: 322291K->17520K(326464K)] 790824K->487233K(1025536K), 0.0404920 secs] [Times: user=0.10 sys=0.00, real=0.05 secs] 
681.794: [GC [PSYoungGen: 320944K->16166K(327040K)] 790657K->491743K(1026112K), 0.0551240 secs] [Times: user=0.09 sys=0.00, real=0.06 secs] 
682.248: [GC [PSYoungGen: 320614K->15879K(326912K)] 796191K->499906K(1025984K), 0.0558300 secs] [Times: user=0.11 sys=0.00, real=0.05 secs] 
682.714: [GC [PSYoungGen: 320327K->18715K(327232K)] 804354K->508148K(1026304K), 0.0432340 secs] [Times: user=0.11 sys=0.00, real=0.05 secs] 
683.176: [GC [PSYoungGen: 323675K->17796K(327232K)] 813108K->513789K(1026304K), 0.0635200 secs] [Times: user=0.10 sys=0.00, real=0.06 secs] 
683.618: [GC [PSYoungGen: 322756K->18290K(327872K)] 818749K->519066K(1026944K), 0.0656870 secs] [Times: user=0.11 sys=0.00, real=0.06 secs] 
683.997: [GC [PSYoungGen: 324338K->17607K(327680K)] 825114K->524970K(1026752K), 0.0458390 secs] [Times: user=0.11 sys=0.00, real=0.04 secs] 
684.375: [GC [PSYoungGen: 323655K->15603K(328192K)] 831018K->529244K(1027264K), 0.0502170 secs] [Times: user=0.10 sys=0.00, real=0.05 secs] 
684.791: [GC [PSYoungGen: 322483K->13627K(320512K)] 836124K->531881K(1019584K), 0.0519280 secs] [Times: user=0.08 sys=0.00, real=0.05 secs] 
685.287: [GC [PSYoungGen: 320507K->18636K(327680K)] 838761K->542501K(1026752K), 0.0672850 secs] [Times: user=0.11 sys=0.00, real=0.06 secs] 
685.701: [GC [PSYoungGen: 324748K->14826K(327808K)] 848613K->546294K(1026880K), 0.0427310 secs] [Times: user=0.10 sys=0.00, real=0.04 secs] 
686.119: [GC [PSYoungGen: 320938K->20595K(326144K)] 852406K->556065K(1025216K), 0.0454120 secs] [Times: user=0.12 sys=0.01, real=0.04 secs] 
686.565: [GC [PSYoungGen: 325043K->17314K(326976K)] 860513K->561472K(1026048K), 0.0354970 secs] [Times: user=0.12 sys=0.00, real=0.04 secs] 
686.907: [GC [PSYoungGen: 321762K->13373K(326976K)] 865920K->563917K(1026048K), 0.0371260 secs] [Times: user=0.10 sys=0.00, real=0.03 secs] 
687.264: [GC [PSYoungGen: 318333K->18773K(323776K)] 868877K->574202K(1022848K), 0.0458120 secs] [Times: user=0.10 sys=0.00, real=0.05 secs] 
687.653: [GC [PSYoungGen: 323733K->15182K(327296K)] 879162K->577551K(1026368K), 0.0517590 secs] [Times: user=0.10 sys=0.00, real=0.06 secs] 
688.047: [GC [PSYoungGen: 320078K->16451K(327104K)] 882447K->583161K(1026176K), 0.0536170 secs] [Times: user=0.09 sys=0.00, real=0.05 secs] 
688.457: [GC [PSYoungGen: 321347K->21728K(319808K)] 888057K->595550K(1018880K), 0.0504560 secs] [Times: user=0.12 sys=0.00, real=0.18 secs] 
688.986: [GC [PSYoungGen: 319776K->15447K(323776K)] 893598K->600254K(1022848K), 0.0408340 secs] [Times: user=0.12 sys=0.00, real=0.04 secs] 
689.376: [GC [PSYoungGen: 313495K->14025K(324224K)] 898302K->602949K(1023296K), 0.0381110 secs] [Times: user=0.10 sys=0.00, real=0.03 secs] 
689.771: [GC [PSYoungGen: 312841K->17246K(324096K)] 901765K->611187K(1023168K), 0.0545200 secs] [Times: user=0.10 sys=0.00, real=0.06 secs] 
690.220: [GC [PSYoungGen: 316062K->14739K(325184K)] 910003K->614682K(1024256K), 0.0622410 secs] [Times: user=0.10 sys=0.00, real=0.06 secs] 
690.708: [GC [PSYoungGen: 315335K->16853K(324928K)] 915277K->621421K(1024000K), 0.0436160 secs] [Times: user=0.10 sys=0.00, real=0.04 secs] 
691.096: [GC [PSYoungGen: 317461K->16507K(326400K)] 922029K->628443K(1025472K), 0.0341350 secs] [Times: user=0.10 sys=0.00, real=0.03 secs] 
691.511: [GC [PSYoungGen: 319227K->16667K(325824K)] 931163K->635167K(1024896K), 0.0474380 secs] [Times: user=0.11 sys=0.00, real=0.05 secs] 
691.985: [GC [PSYoungGen: 319387K->16389K(327360K)] 937887K->641542K(1026432K), 0.0736050 secs] [Times: user=0.10 sys=0.00, real=0.08 secs] 
692.444: [GC [PSYoungGen: 321157K->19991K(324800K)] 946310K->651046K(1023872K), 0.0606400 secs] [Times: user=0.12 sys=0.00, real=0.06 secs] 
692.868: [GC [PSYoungGen: 324759K->17931K(327040K)] 955814K->656159K(1026112K), 0.0620070 secs] [Times: user=0.11 sys=0.00, real=0.06 secs] 
693.248: [GC [PSYoungGen: 322251K->19010K(326784K)] 960479K->660878K(1025856K), 0.0731960 secs] [Times: user=0.11 sys=0.01, real=0.07 secs] 
693.714: [GC [PSYoungGen: 323330K->17418K(327424K)] 965198K->664865K(1026496K), 0.0466770 secs] [Times: user=0.10 sys=0.00, real=0.05 secs] 
694.227: [GC [PSYoungGen: 322314K->17797K(326976K)] 969761K->670385K(1026048K), 0.0519130 secs] [Times: user=0.11 sys=0.00, real=0.05 secs] 
694.615: [GC [PSYoungGen: 322693K->18987K(327552K)] 975281K->679651K(1026624K), 0.0462780 secs] [Times: user=0.12 sys=0.00, real=0.05 secs] 
695.023: [GC [PSYoungGen: 324843K->15388K(327680K)] 985507K->684444K(1026752K), 0.0501210 secs] [Times: user=0.11 sys=0.00, real=0.05 secs] 
695.456: [GC [PSYoungGen: 321244K->15038K(327680K)] 990300K->688529K(1026752K), 0.1045970 secs] [Times: user=0.09 sys=0.01, real=0.11 secs] 
695.895: [GC [PSYoungGen: 320894K->20424K(326336K)] 994385K->700310K(1025408K), 0.1013100 secs] [Times: user=0.12 sys=0.00, real=0.10 secs] 
696.392: [GC [PSYoungGen: 326280K->19927K(326208K)] 1006166K->708585K(1025280K), 0.0787520 secs] [Times: user=0.13 sys=0.01, real=0.08 secs] 
696.471: [Full GC [PSYoungGen: 19927K->0K(326208K)] [PSOldGen: 688657K->251999K(699072K)] 708585K->251999K(1025280K) [PSPermGen: 91470K->91470K(262144K)], 1.2238330 secs] [Times: user=1.22 sys=0.00, real=1.22 secs] 
698.038: [GC [PSYoungGen: 303680K->21026K(324736K)] 555679K->273025K(1023808K), 0.0586680 secs] [Times: user=0.09 sys=0.00, real=0.05 secs] 
698.437: [GC [PSYoungGen: 324706K->15573K(326016K)] 576705K->277135K(1025088K), 0.0352830 secs] [Times: user=0.11 sys=0.00, real=0.04 secs] 
698.795: [GC [PSYoungGen: 317973K->15951K(325888K)] 579535K->282726K(1024960K), 0.0391080 secs] [Times: user=0.09 sys=0.00, real=0.04 secs] 
699.126: [GC [PSYoungGen: 318351K->16986K(326720K)] 585126K->290762K(1025792K), 0.0496100 secs] [Times: user=0.10 sys=0.00, real=0.05 secs] 
699.580: [GC [PSYoungGen: 320474K->17438K(326272K)] 594250K->298550K(1025344K), 0.0340020 secs] [Times: user=0.10 sys=0.00, real=0.03 secs] 
699.957: [GC [PSYoungGen: 320926K->20360K(326144K)] 602038K->308976K(1025216K), 0.0899170 secs] [Times: user=0.12 sys=0.01, real=0.09 secs] 
700.364: [GC [PSYoungGen: 324168K->15525K(326656K)] 612784K->311142K(1025728K), 0.1187990 secs] [Times: user=0.22 sys=0.00, real=0.12 secs] 
700.893: [GC [PSYoungGen: 319333K->16355K(327040K)] 614950K->315933K(1026112K), 0.0393050 secs] [Times: user=0.09 sys=0.00, real=0.04 secs] 
701.356: [GC [PSYoungGen: 320611K->21015K(325312K)] 620189K->327560K(1024384K), 0.0388250 secs] [Times: user=0.12 sys=0.00, real=0.04 secs] 
701.736: [GC [PSYoungGen: 325271K->16556K(326528K)] 631816K->332290K(1025600K), 0.0560350 secs] [Times: user=0.11 sys=0.00, real=0.06 secs] 
702.187: [GC [PSYoungGen: 319788K->19041K(326208K)] 635522K->339427K(1025280K), 0.0408660 secs] [Times: user=0.10 sys=0.00, real=0.04 secs] 
702.575: [GC [PSYoungGen: 322273K->18109K(326976K)] 642659K->348975K(1026048K), 0.0626120 secs] [Times: user=0.12 sys=0.00, real=0.06 secs] 
703.047: [GC [PSYoungGen: 322161K->18438K(326592K)] 653027K->356562K(1025664K), 0.0500420 secs] [Times: user=0.11 sys=0.00, real=0.05 secs] 
703.444: [GC [PSYoungGen: 322502K->19226K(327104K)] 660626K->363858K(1026176K), 0.0433320 secs] [Times: user=0.11 sys=0.00, real=0.04 secs] 
703.922: [GC [PSYoungGen: 324058K->19142K(327168K)] 668690K->371247K(1026240K), 0.0763700 secs] [Times: user=0.11 sys=0.00, real=0.08 secs] 
704.425: [GC [PSYoungGen: 323974K->17652K(327552K)] 676079K->376166K(1026624K), 0.0428900 secs] [Times: user=0.11 sys=0.00, real=0.05 secs] 
704.878: [GC [PSYoungGen: 322932K->15864K(327232K)] 681446K->380623K(1026304K), 0.0389630 secs] [Times: user=0.10 sys=0.00, real=0.04 secs] 
705.224: [GC [PSYoungGen: 321144K->17338K(327872K)] 685903K->389149K(1026944K), 0.0433150 secs] [Times: user=0.11 sys=0.00, real=0.04 secs] 
705.595: [GC [PSYoungGen: 323258K->16026K(327552K)] 695069K->394383K(1026624K), 0.0339220 secs] [Times: user=0.10 sys=0.01, real=0.04 secs] 
705.997: [GC [PSYoungGen: 321946K->17844K(328256K)] 700303K->402206K(1027328K), 0.0373980 secs] [Times: user=0.10 sys=0.00, real=0.04 secs] 
706.452: [GC [PSYoungGen: 324532K->16253K(327936K)] 708894K->408956K(1027008K), 0.0470720 secs] [Times: user=0.11 sys=0.00, real=0.05 secs] 
706.848: [GC [PSYoungGen: 322941K->21181K(322560K)] 715644K->419091K(1021632K), 0.0538150 secs] [Times: user=0.11 sys=0.01, real=0.06 secs] 
707.253: [GC [PSYoungGen: 322557K->17693K(325440K)] 720467K->424241K(1024512K), 0.0574160 secs] [Times: user=0.11 sys=0.00, real=0.06 secs] 
707.623: [GC [PSYoungGen: 319069K->17651K(326272K)] 725617K->428818K(1025344K), 0.0409040 secs] [Times: user=0.11 sys=0.01, real=0.04 secs] 
708.016: [GC [PSYoungGen: 320307K->16035K(325888K)] 731474K->433236K(1024960K), 0.0469090 secs] [Times: user=0.10 sys=0.00, real=0.05 secs] 
708.400: [GC [PSYoungGen: 318691K->21971K(324480K)] 735892K->445752K(1023552K), 0.0691190 secs] [Times: user=0.12 sys=0.00, real=0.07 secs] 
708.782: [GC [PSYoungGen: 323347K->15944K(325440K)] 747128K->448345K(1024512K), 0.0426450 secs] [Times: user=0.10 sys=0.00, real=0.04 secs] 
709.287: [GC [PSYoungGen: 317320K->19441K(325696K)] 749721K->456154K(1024768K), 0.1459720 secs] [Times: user=0.19 sys=0.00, real=0.15 secs] 
709.874: [GC [PSYoungGen: 321201K->16844K(325568K)] 757914K->460598K(1024640K), 0.0480740 secs] [Times: user=0.10 sys=0.00, real=0.05 secs] 
710.296: [GC [PSYoungGen: 318604K->15196K(326016K)] 762358K->465700K(1025088K), 0.0426050 secs] [Times: user=0.10 sys=0.00, real=0.04 secs] 
710.785: [GC [PSYoungGen: 317660K->20663K(323136K)] 768164K->475071K(1022208K), 0.0434650 secs] [Times: user=0.11 sys=0.00, real=0.04 secs] 
711.161: [GC [PSYoungGen: 323127K->15301K(325632K)] 777535K->477387K(1024704K), 0.0556610 secs] [Times: user=0.10 sys=0.00, real=0.05 secs] 
711.587: [GC [PSYoungGen: 316933K->17554K(325504K)] 779019K->487378K(1024576K), 0.0436670 secs] [Times: user=0.11 sys=0.01, real=0.05 secs] 
712.018: [GC [PSYoungGen: 319186K->19786K(325888K)] 789010K->497160K(1024960K), 0.0735810 secs] [Times: user=0.12 sys=0.00, real=0.08 secs] 
712.461: [GC [PSYoungGen: 322314K->19209K(326016K)] 799688K->502723K(1025088K), 0.0576770 secs] [Times: user=0.12 sys=0.00, real=0.05 secs] 
712.859: [GC [PSYoungGen: 321737K->13860K(325696K)] 805251K->501808K(1024768K), 0.0363430 secs] [Times: user=0.09 sys=0.00, real=0.04 secs] 
713.219: [GC [PSYoungGen: 316132K->19784K(322112K)] 804080K->511865K(1021184K), 0.0516080 secs] [Times: user=0.11 sys=0.00, real=0.06 secs] 
713.583: [GC [PSYoungGen: 322056K->16130K(326016K)] 814137K->517237K(1025088K), 0.0460880 secs] [Times: user=0.11 sys=0.00, real=0.04 secs] 
714.241: [GC [PSYoungGen: 318338K->16300K(325696K)] 819445K->522634K(1024768K), 0.0509890 secs] [Times: user=0.10 sys=0.00, real=0.05 secs] 
714.583: [GC [PSYoungGen: 318508K->16918K(326784K)] 824842K->527678K(1025856K), 0.0411460 secs] [Times: user=0.11 sys=0.00, real=0.04 secs] 
714.995: [GC [PSYoungGen: 320534K->22714K(326336K)] 831294K->541186K(1025408K), 0.0567850 secs] [Times: user=0.13 sys=0.00, real=0.06 secs] 
715.359: [GC [PSYoungGen: 326330K->21958K(318016K)] 844802K->547980K(1017088K), 0.0752060 secs] [Times: user=0.14 sys=0.00, real=0.08 secs] 
715.787: [GC [PSYoungGen: 316806K->15778K(322176K)] 842828K->551453K(1021248K), 0.0494620 secs] [Times: user=0.11 sys=0.00, real=0.05 secs] 
716.297: [GC [PSYoungGen: 310626K->16762K(322880K)] 846301K->557491K(1021952K), 0.0424350 secs] [Times: user=0.10 sys=0.00, real=0.04 secs] 
716.736: [GC [PSYoungGen: 312570K->12395K(322432K)] 853299K->558795K(1021504K), 0.0602390 secs] [Times: user=0.14 sys=0.01, real=0.06 secs] 
717.136: [GC [PSYoungGen: 308203K->20326K(322624K)] 854603K->569890K(1021696K), 0.0466350 secs] [Times: user=0.10 sys=0.01, real=0.05 secs] 
717.566: [GC [PSYoungGen: 316070K->16786K(322624K)] 865634K->577217K(1021696K), 0.0759470 secs] [Times: user=0.12 sys=0.00, real=0.08 secs] 
717.946: [GC [PSYoungGen: 312530K->18442K(323968K)] 872961K->584810K(1023040K), 0.0605190 secs] [Times: user=0.11 sys=0.00, real=0.06 secs] 
718.364: [GC [PSYoungGen: 316170K->16182K(323264K)] 882538K->590957K(1022336K), 0.0525220 secs] [Times: user=0.11 sys=0.00, real=0.05 secs] 
718.738: [GC [PSYoungGen: 313910K->19785K(324416K)] 888685K->601086K(1023488K), 0.0520700 secs] [Times: user=0.12 sys=0.00, real=0.06 secs] 
719.165: [GC [PSYoungGen: 319049K->20444K(319744K)] 900350K->611397K(1018816K), 0.0563880 secs] [Times: user=0.13 sys=0.00, real=0.11 secs] 
719.691: [GC [PSYoungGen: 319708K->21409K(323328K)] 910661K->617395K(1022400K), 0.0433860 secs] [Times: user=0.12 sys=0.00, real=0.04 secs] 
720.065: [GC [PSYoungGen: 319457K->14334K(323776K)] 915443K->614270K(1022848K), 0.0439570 secs] [Times: user=0.09 sys=0.00, real=0.04 secs] 
720.452: [GC [PSYoungGen: 312382K->15080K(323968K)] 912318K->618103K(1023040K), 0.0340760 secs] [Times: user=0.09 sys=0.00, real=0.03 secs] 
720.790: [GC [PSYoungGen: 313320K->21757K(320000K)] 916343K->629759K(1019072K), 0.0534410 secs] [Times: user=0.13 sys=0.00, real=0.06 secs] 
721.217: [GC [PSYoungGen: 319997K->15903K(323712K)] 927999K->632417K(1022784K), 0.0545920 secs] [Times: user=0.13 sys=0.01, real=0.06 secs] 
721.612: [GC [PSYoungGen: 313439K->16465K(323328K)] 929953K->637306K(1022400K), 0.0591540 secs] [Times: user=0.09 sys=0.00, real=0.05 secs] 
722.060: [GC [PSYoungGen: 314001K->14083K(324288K)] 934842K->640398K(1023360K), 0.0718890 secs] [Times: user=0.10 sys=0.00, real=0.08 secs] 
722.481: [GC [PSYoungGen: 313027K->13831K(324160K)] 939342K->645191K(1023232K), 0.0379190 secs] [Times: user=0.09 sys=0.00, real=0.04 secs] 
722.921: [GC [PSYoungGen: 312775K->20825K(323264K)] 944135K->657275K(1022336K), 0.0781760 secs] [Times: user=0.11 sys=0.00, real=0.08 secs] 
723.384: [GC [PSYoungGen: 319001K->16447K(323840K)] 955451K->660321K(1022912K), 0.0458210 secs] [Times: user=0.11 sys=0.00, real=0.04 secs] 
723.846: [GC [PSYoungGen: 314623K->18092K(324992K)] 958497K->667839K(1024064K), 0.0481380 secs] [Times: user=0.10 sys=0.00, real=0.05 secs] 
724.245: [GC [PSYoungGen: 318060K->18124K(324480K)] 967807K->675686K(1023552K), 0.0489470 secs] [Times: user=0.13 sys=0.00, real=0.19 secs] 
724.719: [GC [PSYoungGen: 318092K->16120K(325824K)] 975654K->680529K(1024896K), 0.0405970 secs] [Times: user=0.11 sys=0.00, real=0.04 secs] 
725.175: [GC [PSYoungGen: 317877K->16898K(325440K)] 982286K->685574K(1024512K), 0.0534560 secs] [Times: user=0.09 sys=0.00, real=0.05 secs] 
725.646: [GC [PSYoungGen: 318658K->13431K(326144K)] 987334K->690794K(1025216K), 0.0431850 secs] [Times: user=0.10 sys=0.00, real=0.04 secs] 
726.077: [GC [PSYoungGen: 316471K->18757K(326272K)] 993834K->700242K(1025344K), 0.0481450 secs] [Times: user=0.11 sys=0.01, real=0.05 secs] 
726.566: [GC [PSYoungGen: 321797K->15522K(326592K)] 1003282K->704597K(1025664K), 0.0781570 secs] [Times: user=0.10 sys=0.00, real=0.08 secs] 
726.645: [Full GC [PSYoungGen: 15522K->0K(326592K)] [PSOldGen: 689075K->257294K(699072K)] 704597K->257294K(1025664K) [PSPermGen: 91485K->91485K(262144K)], 1.2640530 secs] [Times: user=1.27 sys=0.00, real=1.26 secs] 
728.255: [GC [PSYoungGen: 303360K->22899K(326272K)] 560654K->280405K(1025344K), 0.0553380 secs] [Times: user=0.11 sys=0.00, real=0.05 secs] 
728.824: [GC [PSYoungGen: 326259K->17626K(324864K)] 583765K->286272K(1023936K), 0.0791210 secs] [Times: user=0.11 sys=0.00, real=0.08 secs] 
729.297: [GC [PSYoungGen: 319258K->18450K(325568K)] 587904K->293626K(1024640K), 0.0617970 secs] [Times: user=0.11 sys=0.00, real=0.06 secs] 
729.678: [GC [PSYoungGen: 320082K->18216K(326272K)] 595258K->299342K(1025344K), 0.0499370 secs] [Times: user=0.10 sys=0.00, real=0.05 secs] 
730.120: [GC [PSYoungGen: 320872K->17480K(325888K)] 601998K->305048K(1024960K), 0.0541670 secs] [Times: user=0.10 sys=0.00, real=0.06 secs] 
730.644: [GC [PSYoungGen: 320136K->19255K(326656K)] 607704K->312421K(1025728K), 0.0443560 secs] [Times: user=0.10 sys=0.00, real=0.04 secs] 
731.077: [GC [PSYoungGen: 323191K->20832K(324800K)] 616357K->322029K(1023872K), 0.0484210 secs] [Times: user=0.12 sys=0.00, real=0.05 secs] 
731.526: [GC [PSYoungGen: 324768K->19997K(325824K)] 625965K->329006K(1024896K), 0.0467440 secs] [Times: user=0.12 sys=0.00, real=0.05 secs] 
731.989: [GC [PSYoungGen: 322397K->19825K(322240K)] 631406K->335401K(1021312K), 0.0399750 secs] [Times: user=0.11 sys=0.00, real=0.04 secs] 
732.407: [GC [PSYoungGen: 322225K->17150K(326208K)] 637801K->339466K(1025280K), 0.0611600 secs] [Times: user=0.09 sys=0.00, real=0.06 secs] 
732.802: [GC [PSYoungGen: 319742K->16644K(325888K)] 642058K->345368K(1024960K), 0.0530860 secs] [Times: user=0.10 sys=0.00, real=0.06 secs] 
733.254: [GC [PSYoungGen: 319236K->21331K(324992K)] 647960K->357304K(1024064K), 0.0609170 secs] [Times: user=0.11 sys=0.00, real=0.06 secs] 
733.595: [GC [PSYoungGen: 323219K->19112K(325696K)] 659192K->363163K(1024768K), 0.0651900 secs] [Times: user=0.12 sys=0.00, real=0.06 secs] 
734.099: [GC [PSYoungGen: 321000K->16177K(326080K)] 665051K->363639K(1025152K), 0.0417850 secs] [Times: user=0.09 sys=0.00, real=0.04 secs] 
734.446: [GC [PSYoungGen: 318769K->16554K(326016K)] 666231K->369966K(1025088K), 0.0402600 secs] [Times: user=0.10 sys=0.00, real=0.04 secs] 
734.796: [GC [PSYoungGen: 319146K->18242K(326784K)] 672558K->378961K(1025856K), 0.0376430 secs] [Times: user=0.11 sys=0.00, real=0.04 secs] 
735.160: [GC [PSYoungGen: 321858K->15974K(326336K)] 682577K->383298K(1025408K), 0.0524210 secs] [Times: user=0.11 sys=0.00, real=0.05 secs] 
735.628: [GC [PSYoungGen: 319590K->17522K(327232K)] 686914K->390744K(1026304K), 0.1019770 secs] [Times: user=0.10 sys=0.00, real=0.10 secs] 
736.095: [GC [PSYoungGen: 322098K->19426K(326848K)] 695320K->399973K(1025920K), 0.1252700 secs] [Times: user=0.11 sys=0.00, real=0.12 secs] 
736.570: [GC [PSYoungGen: 324002K->14810K(326848K)] 704549K->400561K(1025920K), 0.0477830 secs] [Times: user=0.10 sys=0.00, real=0.05 secs] 
737.017: [GC [PSYoungGen: 319258K->20349K(324800K)] 705009K->412257K(1023872K), 0.0534490 secs] [Times: user=0.12 sys=0.00, real=0.05 secs] 
737.521: [GC [PSYoungGen: 324797K->17287K(326912K)] 716705K->416621K(1025984K), 0.0751470 secs] [Times: user=0.10 sys=0.01, real=0.08 secs] 
737.955: [GC [PSYoungGen: 321223K->22211K(326208K)] 720557K->426360K(1025280K), 0.0678410 secs] [Times: user=0.12 sys=0.01, real=0.06 secs] 
738.340: [GC [PSYoungGen: 326147K->19163K(325824K)] 730296K->430947K(1024896K), 0.0519830 secs] [Times: user=0.11 sys=0.00, real=0.05 secs] 
738.841: [GC [PSYoungGen: 321691K->20606K(323136K)] 733475K->439611K(1022208K), 0.0772870 secs] [Times: user=0.13 sys=0.00, real=0.08 secs] 
739.263: [GC [PSYoungGen: 323134K->17635K(326016K)] 742139K->445632K(1025088K), 0.0712050 secs] [Times: user=0.11 sys=0.00, real=0.07 secs] 
739.733: [GC [PSYoungGen: 319831K->15402K(325696K)] 747829K->449139K(1024768K), 0.0423270 secs] [Times: user=0.10 sys=0.00, real=0.05 secs] 
740.153: [GC [PSYoungGen: 317610K->17854K(326464K)] 751347K->456983K(1025536K), 0.0489610 secs] [Times: user=0.10 sys=0.00, real=0.04 secs] 
740.604: [GC [PSYoungGen: 320830K->21603K(324608K)] 759959K->467551K(1023680K), 0.0573000 secs] [Times: user=0.13 sys=0.00, real=0.06 secs] 
741.127: [GC [PSYoungGen: 324579K->16370K(325824K)] 770527K->469516K(1024896K), 0.0963360 secs] [Times: user=0.10 sys=0.01, real=0.09 secs] 
741.669: [GC [PSYoungGen: 318386K->18493K(325696K)] 771532K->477682K(1024768K), 0.0625980 secs] [Times: user=0.11 sys=0.01, real=0.06 secs] 
742.030: [GC [PSYoungGen: 320509K->11820K(325120K)] 779698K->479364K(1024192K), 0.0476120 secs] [Times: user=0.10 sys=0.00, real=0.05 secs] 
742.474: [GC [PSYoungGen: 313708K->18621K(325696K)] 781252K->489406K(1024768K), 0.0520190 secs] [Times: user=0.09 sys=0.00, real=0.05 secs] 
742.967: [GC [PSYoungGen: 320509K->22195K(323776K)] 791294K->501718K(1022848K), 0.0603810 secs] [Times: user=0.13 sys=0.00, real=0.06 secs] 
743.336: [GC [PSYoungGen: 322419K->17471K(324864K)] 801942K->505146K(1023936K), 0.0613370 secs] [Times: user=0.11 sys=0.00, real=0.06 secs] 
743.747: [GC [PSYoungGen: 317695K->18591K(325824K)] 805370K->513906K(1024896K), 0.0606730 secs] [Times: user=0.11 sys=0.00, real=0.06 secs] 
744.093: [GC [PSYoungGen: 320287K->19408K(325376K)] 815602K->521433K(1024448K), 0.0665980 secs] [Times: user=0.12 sys=0.00, real=0.07 secs] 
744.537: [GC [PSYoungGen: 321104K->16571K(326144K)] 823129K->523385K(1025216K), 0.0433380 secs] [Times: user=0.09 sys=0.01, real=0.04 secs] 
744.959: [GC [PSYoungGen: 319099K->21464K(324032K)] 825913K->532204K(1023104K), 0.0640530 secs] [Times: user=0.11 sys=0.00, real=0.06 secs] 
745.422: [GC [PSYoungGen: 323992K->20863K(324800K)] 834732K->539547K(1023872K), 0.0460590 secs] [Times: user=0.13 sys=0.00, real=0.05 secs] 
745.805: [GC [PSYoungGen: 321599K->15333K(325120K)] 840283K->540441K(1024192K), 0.0487450 secs] [Times: user=0.10 sys=0.00, real=0.05 secs] 
746.253: [GC [PSYoungGen: 316069K->19617K(325248K)] 841177K->550050K(1024320K), 0.0576700 secs] [Times: user=0.10 sys=0.00, real=0.06 secs] 
746.746: [GC [PSYoungGen: 320476K->17752K(325120K)] 850909K->558970K(1024192K), 0.0395440 secs] [Times: user=0.13 sys=0.00, real=0.04 secs] 
747.122: [GC [PSYoungGen: 318616K->18506K(326208K)] 859834K->565322K(1025280K), 0.0480390 secs] [Times: user=0.11 sys=0.00, real=0.05 secs] 
747.535: [GC [PSYoungGen: 320906K->15847K(325696K)] 867722K->569358K(1024768K), 0.0430210 secs] [Times: user=0.10 sys=0.00, real=0.04 secs] 
747.908: [GC [PSYoungGen: 318247K->18149K(326720K)] 871758K->576051K(1025792K), 0.0530580 secs] [Times: user=0.10 sys=0.00, real=0.05 secs] 
748.343: [GC [PSYoungGen: 321573K->13676K(326208K)] 879475K->576450K(1025280K), 0.0402760 secs] [Times: user=0.09 sys=0.00, real=0.04 secs] 
748.720: [GC [PSYoungGen: 317100K->17568K(326912K)] 879874K->584767K(1025984K), 0.0577840 secs] [Times: user=0.11 sys=0.00, real=0.06 secs] 
749.188: [GC [PSYoungGen: 321376K->14706K(326400K)] 888575K->590126K(1025472K), 0.0569030 secs] [Times: user=0.10 sys=0.00, real=0.06 secs] 
749.626: [GC [PSYoungGen: 318514K->22582K(318336K)] 893934K->605835K(1017408K), 0.0448850 secs] [Times: user=0.13 sys=0.00, real=0.04 secs] 
749.994: [GC [PSYoungGen: 318326K->14597K(322624K)] 901579K->606641K(1021696K), 0.0446190 secs] [Times: user=0.10 sys=0.00, real=0.05 secs] 
750.380: [GC [PSYoungGen: 310341K->20041K(322944K)] 902385K->616825K(1022016K), 0.0622040 secs] [Times: user=0.11 sys=0.00, real=0.06 secs] 
750.766: [GC [PSYoungGen: 316233K->17277K(322752K)] 913017K->620964K(1021824K), 0.0645840 secs] [Times: user=0.11 sys=0.00, real=0.06 secs] 
751.157: [GC [PSYoungGen: 313469K->16349K(323968K)] 917156K->627012K(1023040K), 0.0649390 secs] [Times: user=0.11 sys=0.00, real=0.06 secs] 
751.589: [GC [PSYoungGen: 314333K->17074K(323520K)] 924996K->632086K(1022592K), 0.0464900 secs] [Times: user=0.11 sys=0.01, real=0.05 secs] 
751.953: [GC [PSYoungGen: 315058K->17765K(325120K)] 930070K->639297K(1024192K), 0.0770340 secs] [Times: user=0.12 sys=0.00, real=0.08 secs] 
752.414: [GC [PSYoungGen: 317861K->16630K(324480K)] 939393K->645970K(1023552K), 0.0620150 secs] [Times: user=0.12 sys=0.01, real=0.07 secs] 
752.776: [GC [PSYoungGen: 316726K->18490K(325952K)] 946066K->654364K(1025024K), 0.0423090 secs] [Times: user=0.12 sys=0.00, real=0.04 secs] 
753.159: [GC [PSYoungGen: 320506K->18962K(325568K)] 956380K->662840K(1024640K), 0.0474480 secs] [Times: user=0.12 sys=0.01, real=0.05 secs] 
753.536: [GC [PSYoungGen: 320978K->16880K(326464K)] 964856K->668157K(1025536K), 0.0584940 secs] [Times: user=0.12 sys=0.00, real=0.05 secs] 
753.877: [GC [PSYoungGen: 319920K->21354K(324416K)] 971197K->677650K(1023488K), 0.0491630 secs] [Times: user=0.12 sys=0.00, real=0.05 secs] 
754.292: [GC [PSYoungGen: 324394K->16107K(325888K)] 980690K->680347K(1024960K), 0.0575470 secs] [Times: user=0.11 sys=0.00, real=0.06 secs] 
754.781: [GC [PSYoungGen: 318187K->20256K(322368K)] 982427K->689615K(1021440K), 0.0880740 secs] [Times: user=0.11 sys=0.00, real=0.09 secs] 
755.182: [GC [PSYoungGen: 322336K->15679K(325696K)] 991695K->694474K(1024768K), 0.0419440 secs] [Times: user=0.11 sys=0.00, real=0.04 secs] 
755.575: [GC [PSYoungGen: 317503K->15868K(325632K)] 996298K->701208K(1024704K), 0.0559400 secs] [Times: user=0.10 sys=0.00, real=0.06 secs] 
755.940: [GC [PSYoungGen: 317692K->19694K(325696K)] 1003032K->713795K(1024768K), 0.0720010 secs] [Times: user=0.12 sys=0.00, real=0.07 secs] 
756.013: [Full GC [PSYoungGen: 19694K->0K(325696K)] [PSOldGen: 694101K->256873K(699072K)] 713795K->256873K(1024768K) [PSPermGen: 91501K->91501K(262144K)], 1.2992220 secs] [Times: user=1.30 sys=0.00, real=1.30 secs] 
757.637: [GC [PSYoungGen: 302128K->20124K(322304K)] 559001K->276997K(1021376K), 0.0375640 secs] [Times: user=0.08 sys=0.00, real=0.03 secs] 
758.024: [GC [PSYoungGen: 322268K->15018K(325632K)] 579141K->278713K(1024704K), 0.0410960 secs] [Times: user=0.09 sys=0.00, real=0.04 secs] 
758.465: [GC [PSYoungGen: 316714K->14723K(325568K)] 580409K->283889K(1024640K), 0.0623230 secs] [Times: user=0.08 sys=0.01, real=0.07 secs] 
758.832: [GC [PSYoungGen: 316419K->21304K(324160K)] 585585K->294818K(1023232K), 0.0532840 secs] [Times: user=0.11 sys=0.01, real=0.05 secs] 
759.301: [GC [PSYoungGen: 321656K->21102K(321472K)] 595170K->304396K(1020544K), 0.0736780 secs] [Times: user=0.12 sys=0.00, real=0.07 secs] 
759.715: [GC [PSYoungGen: 321454K->18313K(325056K)] 604748K->307612K(1024128K), 0.0414790 secs] [Times: user=0.10 sys=0.00, real=0.05 secs] 
760.250: [GC [PSYoungGen: 318281K->15040K(324416K)] 607580K->311546K(1023488K), 0.0382300 secs] [Times: user=0.10 sys=0.01, real=0.04 secs] 
760.879: [GC [PSYoungGen: 315008K->18068K(325696K)] 611514K->318717K(1024768K), 0.0890120 secs] [Times: user=0.09 sys=0.01, real=0.09 secs] 
761.307: [GC [PSYoungGen: 319376K->18587K(325120K)] 620026K->324711K(1024192K), 0.0608040 secs] [Times: user=0.11 sys=0.00, real=0.06 secs] 
761.770: [GC [PSYoungGen: 319899K->16906K(326400K)] 626023K->330336K(1025472K), 0.0502880 secs] [Times: user=0.11 sys=0.00, real=0.05 secs] 
762.167: [GC [PSYoungGen: 319882K->21021K(324032K)] 633312K->340060K(1023104K), 0.0976790 secs] [Times: user=0.15 sys=0.00, real=0.09 secs] 
762.581: [GC [PSYoungGen: 323997K->13102K(325120K)] 643036K->340354K(1024192K), 0.0341420 secs] [Times: user=0.09 sys=0.00, real=0.03 secs] 
762.930: [GC [PSYoungGen: 314478K->18748K(325440K)] 641730K->351046K(1024512K), 0.0586670 secs] [Times: user=0.10 sys=0.00, real=0.06 secs] 
763.313: [GC [PSYoungGen: 320124K->19438K(325696K)] 652422K->360816K(1024768K), 0.0509990 secs] [Times: user=0.12 sys=0.00, real=0.05 secs] 
763.683: [GC [PSYoungGen: 321326K->17327K(325696K)] 662704K->365476K(1024768K), 0.0457250 secs] [Times: user=0.11 sys=0.00, real=0.05 secs] 
764.187: [GC [PSYoungGen: 319215K->19254K(326208K)] 667364K->376385K(1025280K), 0.0823200 secs] [Times: user=0.11 sys=0.00, real=0.08 secs] 
764.579: [GC [PSYoungGen: 322102K->20370K(323264K)] 679233K->385039K(1022336K), 0.0478930 secs] [Times: user=0.13 sys=0.00, real=0.05 secs] 
765.012: [GC [PSYoungGen: 323218K->16565K(326080K)] 687887K->385659K(1025152K), 0.0429450 secs] [Times: user=0.10 sys=0.00, real=0.04 secs] 
765.413: [GC [PSYoungGen: 319029K->18571K(325888K)] 688123K->392052K(1024960K), 0.0555340 secs] [Times: user=0.10 sys=0.01, real=0.06 secs] 
765.780: [GC [PSYoungGen: 321035K->19814K(326208K)] 694516K->397861K(1025280K), 0.0436320 secs] [Times: user=0.11 sys=0.00, real=0.04 secs] 
766.260: [GC [PSYoungGen: 322982K->17264K(326336K)] 701029K->405127K(1025408K), 0.0435650 secs] [Times: user=0.12 sys=0.00, real=0.04 secs] 
766.675: [GC [PSYoungGen: 320432K->17736K(327040K)] 708295K->411670K(1026112K), 0.0427420 secs] [Times: user=0.11 sys=0.00, real=0.05 secs] 
767.141: [GC [PSYoungGen: 321911K->18978K(326656K)] 715846K->419208K(1025728K), 0.0437020 secs] [Times: user=0.11 sys=0.00, real=0.04 secs] 
767.575: [GC [PSYoungGen: 323170K->16578K(327296K)] 723400K->422626K(1026368K), 0.0492270 secs] [Times: user=0.10 sys=0.00, real=0.05 secs] 
767.923: [GC [PSYoungGen: 321538K->14687K(319680K)] 727586K->425820K(1018752K), 0.0529920 secs] [Times: user=0.09 sys=0.00, real=0.05 secs] 
768.315: [GC [PSYoungGen: 319647K->19054K(327104K)] 730780K->434432K(1026176K), 0.0507340 secs] [Times: user=0.09 sys=0.00, real=0.05 secs] 
768.701: [GC [PSYoungGen: 323754K->19276K(324032K)] 739132K->442865K(1023104K), 0.0596610 secs] [Times: user=0.11 sys=0.00, real=0.06 secs] 
769.204: [GC [PSYoungGen: 323980K->17615K(327360K)] 747569K->445098K(1026432K), 0.0435670 secs] [Times: user=0.10 sys=0.00, real=0.04 secs] 
769.612: [GC [PSYoungGen: 322511K->16338K(327040K)] 749994K->452320K(1026112K), 0.0654590 secs] [Times: user=0.11 sys=0.00, real=0.06 secs] 
769.989: [GC [PSYoungGen: 321234K->19679K(326912K)] 757216K->461550K(1025984K), 0.0615990 secs] [Times: user=0.11 sys=0.00, real=0.06 secs] 
770.390: [GC [PSYoungGen: 324639K->19111K(327232K)] 766510K->466757K(1026304K), 0.0609780 secs] [Times: user=0.10 sys=0.00, real=0.06 secs] 
770.870: [GC [PSYoungGen: 324071K->14925K(326976K)] 771717K->469325K(1026048K), 0.0447120 secs] [Times: user=0.10 sys=0.00, real=0.04 secs] 
771.339: [GC [PSYoungGen: 319629K->18701K(327104K)] 774029K->477287K(1026176K), 0.0861120 secs] [Times: user=0.10 sys=0.00, real=0.08 secs] 
771.814: [GC [PSYoungGen: 323405K->17437K(327616K)] 781991K->482229K(1026688K), 0.0459530 secs] [Times: user=0.10 sys=0.00, real=0.05 secs] 
772.213: [GC [PSYoungGen: 322781K->19104K(327232K)] 787573K->491237K(1026304K), 0.0489320 secs] [Times: user=0.11 sys=0.00, real=0.05 secs] 
772.567: [GC [PSYoungGen: 324448K->21847K(325504K)] 796581K->503480K(1024576K), 0.0609520 secs] [Times: user=0.12 sys=0.01, real=0.07 secs] 
772.983: [GC [PSYoungGen: 325399K->15917K(326528K)] 807032K->504043K(1025600K), 0.0642330 secs] [Times: user=0.11 sys=0.01, real=0.06 secs] 
773.442: [GC [PSYoungGen: 319469K->16505K(326784K)] 807595K->509902K(1025856K), 0.0380810 secs] [Times: user=0.10 sys=0.00, real=0.04 secs] 
773.884: [GC [PSYoungGen: 320313K->20142K(323968K)] 813710K->519846K(1023040K), 0.0522540 secs] [Times: user=0.11 sys=0.00, real=0.05 secs] 
774.324: [GC [PSYoungGen: 323950K->16870K(326720K)] 823654K->522846K(1025792K), 0.0470430 secs] [Times: user=0.10 sys=0.00, real=0.05 secs] 
774.699: [GC [PSYoungGen: 320486K->18058K(326400K)] 826462K->529158K(1025472K), 0.0732990 secs] [Times: user=0.10 sys=0.00, real=0.07 secs] 
775.256: [GC [PSYoungGen: 321674K->15485K(327168K)] 832774K->535173K(1026240K), 0.0568080 secs] [Times: user=0.11 sys=0.00, real=0.06 secs] 
775.729: [GC [PSYoungGen: 320317K->16412K(327168K)] 840005K->543561K(1026240K), 0.0843910 secs] [Times: user=0.13 sys=0.01, real=0.08 secs] 
776.129: [GC [PSYoungGen: 321244K->15425K(327424K)] 848393K->548921K(1026496K), 0.0947460 secs] [Times: user=0.15 sys=0.00, real=0.10 secs] 
776.545: [GC [PSYoungGen: 320705K->15523K(327360K)] 854201K->554758K(1026432K), 0.0684130 secs] [Times: user=0.10 sys=0.00, real=0.07 secs] 
776.961: [GC [PSYoungGen: 320803K->16905K(328000K)] 860038K->562498K(1027072K), 0.0555860 secs] [Times: user=0.10 sys=0.00, real=0.05 secs] 
777.360: [GC [PSYoungGen: 322953K->18080K(327552K)] 868546K->569753K(1026624K), 0.0437800 secs] [Times: user=0.11 sys=0.00, real=0.04 secs] 
777.733: [GC [PSYoungGen: 324128K->12290K(327296K)] 875801K->569291K(1026368K), 0.0394240 secs] [Times: user=0.09 sys=0.01, real=0.04 secs] 
778.174: [GC [PSYoungGen: 318146K->19135K(324992K)] 875147K->581839K(1024064K), 0.0723470 secs] [Times: user=0.12 sys=0.00, real=0.07 secs] 
778.633: [GC [PSYoungGen: 324991K->21138K(325248K)] 887695K->592902K(1024320K), 0.0921660 secs] [Times: user=0.13 sys=0.00, real=0.09 secs] 
779.100: [GC [PSYoungGen: 324178K->17568K(326272K)] 895942K->594103K(1025344K), 0.0422020 secs] [Times: user=0.11 sys=0.00, real=0.04 secs] 
779.519: [GC [PSYoungGen: 320608K->20234K(325760K)] 897143K->603132K(1024832K), 0.0366720 secs] [Times: user=0.12 sys=0.00, real=0.03 secs] 
779.926: [GC [PSYoungGen: 323274K->17552K(326272K)] 906172K->608227K(1025344K), 0.0565360 secs] [Times: user=0.11 sys=0.00, real=0.06 secs] 
780.389: [GC [PSYoungGen: 320577K->14288K(326656K)] 911253K->609809K(1025728K), 0.0530840 secs] [Times: user=0.10 sys=0.01, real=0.06 secs] 
780.750: [GC [PSYoungGen: 318224K->21826K(325824K)] 913745K->622141K(1024896K), 0.0527680 secs] [Times: user=0.12 sys=0.00, real=0.05 secs] 
781.133: [GC [PSYoungGen: 325762K->21116K(324160K)] 926077K->632827K(1023232K), 0.0541100 secs] [Times: user=0.13 sys=0.00, real=0.05 secs] 
781.501: [GC [PSYoungGen: 321596K->19174K(324992K)] 933307K->638431K(1024064K), 0.0649590 secs] [Times: user=0.13 sys=0.00, real=0.06 secs] 
781.904: [GC [PSYoungGen: 319654K->20607K(324736K)] 938911K->643773K(1023808K), 0.0948070 secs] [Times: user=0.14 sys=0.00, real=0.09 secs] 
782.389: [GC [PSYoungGen: 321087K->15944K(324992K)] 944253K->645069K(1024064K), 0.0444970 secs] [Times: user=0.11 sys=0.00, real=0.05 secs] 
782.740: [GC [PSYoungGen: 316424K->20894K(324352K)] 945549K->654429K(1023424K), 0.0466610 secs] [Times: user=0.11 sys=0.00, real=0.05 secs] 
783.162: [GC [PSYoungGen: 320862K->17904K(324736K)] 954397K->661141K(1023808K), 0.0723030 secs] [Times: user=0.13 sys=0.00, real=0.07 secs] 
783.578: [GC [PSYoungGen: 317872K->15649K(325376K)] 961109K->666976K(1024448K), 0.0513960 secs] [Times: user=0.11 sys=0.00, real=0.05 secs] 
783.960: [GC [PSYoungGen: 316833K->21697K(322944K)] 968160K->678532K(1022016K), 0.0481860 secs] [Times: user=0.11 sys=0.00, real=0.05 secs] 
784.379: [GC [PSYoungGen: 322881K->14578K(324544K)] 979716K->678268K(1023616K), 0.0456560 secs] [Times: user=0.10 sys=0.00, real=0.05 secs] 
784.786: [GC [PSYoungGen: 314290K->20189K(319936K)] 977980K->688532K(1019008K), 0.0655070 secs] [Times: user=0.11 sys=0.00, real=0.07 secs] 
785.156: [GC [PSYoungGen: 319901K->19671K(324672K)] 988244K->695298K(1023744K), 0.0455780 secs] [Times: user=0.11 sys=0.00, real=0.05 secs] 
785.543: [GC [PSYoungGen: 319383K->18503K(324544K)] 995010K->702586K(1023616K), 0.0738470 secs] [Times: user=0.11 sys=0.00, real=0.07 secs] 
785.991: [GC [PSYoungGen: 318215K->18153K(325824K)] 1002298K->710387K(1024896K), 0.0536870 secs] [Times: user=0.12 sys=0.00, real=0.05 secs] 
786.045: [Full GC [PSYoungGen: 18153K->0K(325824K)] [PSOldGen: 692233K->228668K(699072K)] 710387K->228668K(1024896K) [PSPermGen: 91509K->91454K(262144K)], 1.2941860 secs] [Times: user=1.29 sys=0.00, real=1.29 secs] 
787.775: [GC [PSYoungGen: 301632K->19969K(325312K)] 530300K->248637K(1024384K), 0.0461440 secs] [Times: user=0.10 sys=0.00, real=0.04 secs] 
788.158: [GC [PSYoungGen: 321601K->15818K(325824K)] 550269K->255064K(1024896K), 0.0424710 secs] [Times: user=0.11 sys=0.00, real=0.04 secs] 
788.625: [GC [PSYoungGen: 317898K->16531K(325760K)] 557144K->261815K(1024832K), 0.0434270 secs] [Times: user=0.09 sys=0.00, real=0.04 secs] 
789.071: [GC [PSYoungGen: 318611K->18881K(326336K)] 563895K->269678K(1025408K), 0.0475900 secs] [Times: user=0.11 sys=0.00, real=0.05 secs] 
789.421: [GC [PSYoungGen: 321793K->20115K(326080K)] 572590K->277719K(1025152K), 0.0490910 secs] [Times: user=0.12 sys=0.00, real=0.05 secs] 
789.892: [GC [PSYoungGen: 323027K->14750K(325824K)] 580631K->279717K(1024896K), 0.0859340 secs] [Times: user=0.09 sys=0.00, real=0.08 secs] 
790.327: [GC [PSYoungGen: 317150K->15745K(325952K)] 582117K->284260K(1025024K), 0.0599730 secs] [Times: user=0.09 sys=0.00, real=0.06 secs] 
790.716: [GC [PSYoungGen: 318145K->22159K(323968K)] 586660K->297701K(1023040K), 0.0507710 secs] [Times: user=0.12 sys=0.01, real=0.05 secs] 
791.124: [GC [PSYoungGen: 322767K->15897K(325056K)] 598309K->303103K(1024128K), 0.0605100 secs] [Times: user=0.11 sys=0.00, real=0.06 secs] 
791.643: [GC [PSYoungGen: 316505K->20307K(324800K)] 603711K->311868K(1023872K), 0.0593430 secs] [Times: user=0.11 sys=0.00, real=0.06 secs] 
792.288: [GC [PSYoungGen: 320915K->16559K(325056K)] 612476K->313865K(1024128K), 0.0645610 secs] [Times: user=0.09 sys=0.00, real=0.07 secs] 
792.694: [GC [PSYoungGen: 317167K->23045K(322944K)] 614473K->322619K(1022016K), 0.0488990 secs] [Times: user=0.11 sys=0.00, real=0.05 secs] 
793.060: [GC [PSYoungGen: 321861K->17249K(324160K)] 621435K->325667K(1023232K), 0.0407500 secs] [Times: user=0.11 sys=0.01, real=0.04 secs] 
793.495: [GC [PSYoungGen: 316065K->17928K(325184K)] 624483K->332356K(1024256K), 0.0642630 secs] [Times: user=0.10 sys=0.00, real=0.06 secs] 
793.879: [GC [PSYoungGen: 318216K->23281K(323584K)] 632644K->343637K(1022656K), 0.0558370 secs] [Times: user=0.12 sys=0.00, real=0.06 secs] 
794.306: [GC [PSYoungGen: 323569K->16391K(324160K)] 643925K->344861K(1023232K), 0.0694340 secs] [Times: user=0.09 sys=0.01, real=0.07 secs] 
794.722: [GC [PSYoungGen: 315015K->15836K(323968K)] 643485K->348716K(1023040K), 0.0382210 secs] [Times: user=0.08 sys=0.00, real=0.04 secs] 
795.171: [GC [PSYoungGen: 314460K->22682K(322560K)] 647340K->362634K(1021632K), 0.0569780 secs] [Times: user=0.12 sys=0.00, real=0.06 secs] 
795.591: [GC [PSYoungGen: 320090K->16112K(323456K)] 660042K->363813K(1022528K), 0.0512380 secs] [Times: user=0.10 sys=0.00, real=0.05 secs] 
796.068: [GC [PSYoungGen: 313520K->16403K(324096K)] 661221K->366491K(1023168K), 0.0376490 secs] [Times: user=0.09 sys=0.00, real=0.04 secs] 
796.446: [GC [PSYoungGen: 314707K->17362K(323712K)] 664795K->372334K(1022784K), 0.0963270 secs] [Times: user=0.09 sys=0.00, real=0.10 secs] 
796.917: [GC [PSYoungGen: 315666K->20564K(324224K)] 670638K->383704K(1023296K), 0.0720410 secs] [Times: user=0.12 sys=0.00, real=0.07 secs] 
797.326: [GC [PSYoungGen: 319892K->19356K(324416K)] 683032K->390984K(1023488K), 0.0590610 secs] [Times: user=0.12 sys=0.00, real=0.06 secs] 
797.750: [GC [PSYoungGen: 318684K->15275K(324800K)] 690312K->391751K(1023872K), 0.0319230 secs] [Times: user=0.10 sys=0.00, real=0.03 secs] 
798.108: [GC [PSYoungGen: 315307K->19436K(324736K)] 691783K->401641K(1023808K), 0.0623320 secs] [Times: user=0.11 sys=0.01, real=0.06 secs] 
798.507: [GC [PSYoungGen: 319468K->15839K(325184K)] 701673K->405876K(1024256K), 0.0428710 secs] [Times: user=0.10 sys=0.00, real=0.04 secs] 
798.921: [GC [PSYoungGen: 316511K->21406K(322112K)] 706548K->418423K(1021184K), 0.0581990 secs] [Times: user=0.11 sys=0.00, real=0.06 secs] 
799.290: [GC [PSYoungGen: 322078K->19343K(324864K)] 719095K->422714K(1023936K), 0.0437760 secs] [Times: user=0.11 sys=0.00, real=0.05 secs] 
799.773: [GC [PSYoungGen: 319311K->13164K(324608K)] 722682K->423009K(1023680K), 0.0415000 secs] [Times: user=0.09 sys=0.00, real=0.05 secs] 
800.080: [GC [PSYoungGen: 313132K->20664K(323968K)] 722977K->433018K(1023040K), 0.0585380 secs] [Times: user=0.10 sys=0.00, real=0.06 secs] 
800.471: [GC [PSYoungGen: 319736K->20890K(320000K)] 732090K->441580K(1019072K), 0.0516820 secs] [Times: user=0.13 sys=0.00, real=0.05 secs] 
800.906: [GC [PSYoungGen: 319962K->16634K(324352K)] 740652K->444455K(1023424K), 0.0553790 secs] [Times: user=0.10 sys=0.00, real=0.05 secs] 
801.306: [GC [PSYoungGen: 315450K->21811K(320640K)] 743271K->452915K(1019712K), 0.0437350 secs] [Times: user=0.11 sys=0.00, real=0.04 secs] 
801.775: [GC [PSYoungGen: 320627K->17145K(324224K)] 751731K->457530K(1023296K), 0.0901680 secs] [Times: user=0.11 sys=0.00, real=0.09 secs] 
802.213: [GC [PSYoungGen: 315641K->18363K(323776K)] 756026K->463788K(1022848K), 0.0455640 secs] [Times: user=0.10 sys=0.00, real=0.05 secs] 
802.601: [GC [PSYoungGen: 316859K->19058K(325248K)] 762284K->473069K(1024320K), 0.0594930 secs] [Times: user=0.12 sys=0.01, real=0.06 secs] 
803.001: [GC [PSYoungGen: 319666K->17969K(324864K)] 773677K->477434K(1023936K), 0.0481190 secs] [Times: user=0.11 sys=0.00, real=0.05 secs] 
803.363: [GC [PSYoungGen: 318577K->18942K(326080K)] 778042K->487372K(1025152K), 0.0388330 secs] [Times: user=0.12 sys=0.01, real=0.04 secs] 
803.851: [GC [PSYoungGen: 321214K->17252K(325696K)] 789644K->491500K(1024768K), 0.0557410 secs] [Times: user=0.09 sys=0.01, real=0.06 secs] 
804.285: [GC [PSYoungGen: 319524K->16255K(326464K)] 793772K->494877K(1025536K), 0.0368080 secs] [Times: user=0.10 sys=0.00, real=0.03 secs] 
804.648: [GC [PSYoungGen: 319551K->22196K(325504K)] 798173K->506160K(1024576K), 0.0578560 secs] [Times: user=0.11 sys=0.00, real=0.06 secs] 
805.114: [GC [PSYoungGen: 325492K->18352K(325952K)] 809456K->510613K(1025024K), 0.0491450 secs] [Times: user=0.11 sys=0.00, real=0.04 secs] 
805.613: [GC [PSYoungGen: 320304K->16284K(325504K)] 812565K->512580K(1024576K), 0.0413710 secs] [Times: user=0.09 sys=0.00, real=0.05 secs] 
805.946: [GC [PSYoungGen: 318236K->16428K(326272K)] 814532K->518621K(1025344K), 0.0467280 secs] [Times: user=0.11 sys=0.00, real=0.04 secs] 
806.395: [GC [PSYoungGen: 319276K->18726K(326080K)] 821469K->525704K(1025152K), 0.0403840 secs] [Times: user=0.11 sys=0.00, real=0.04 secs] 
806.799: [GC [PSYoungGen: 321574K->17299K(326848K)] 828552K->531535K(1025920K), 0.0537330 secs] [Times: user=0.11 sys=0.00, real=0.05 secs] 
807.233: [GC [PSYoungGen: 321171K->18273K(326528K)] 835407K->537304K(1025600K), 0.0634020 secs] [Times: user=0.11 sys=0.00, real=0.07 secs] 
807.613: [GC [PSYoungGen: 322145K->17816K(327616K)] 841176K->543677K(1026688K), 0.0501850 secs] [Times: user=0.11 sys=0.00, real=0.05 secs] 
808.004: [GC [PSYoungGen: 323160K->18001K(327232K)] 849021K->551041K(1026304K), 0.0669430 secs] [Times: user=0.11 sys=0.00, real=0.06 secs] 
808.423: [GC [PSYoungGen: 323345K->18473K(328192K)] 856385K->557833K(1027264K), 0.0768000 secs] [Times: user=0.12 sys=0.00, real=0.08 secs] 
808.858: [GC [PSYoungGen: 325093K->20065K(326720K)] 864453K->566700K(1025792K), 0.0637560 secs] [Times: user=0.12 sys=0.00, real=0.06 secs] 
809.267: [GC [PSYoungGen: 326689K->19585K(327488K)] 873324K->572891K(1026560K), 0.0400890 secs] [Times: user=0.11 sys=0.00, real=0.04 secs] 
809.710: [GC [PSYoungGen: 325313K->12707K(318464K)] 878619K->571607K(1017536K), 0.0784190 secs] [Times: user=0.10 sys=0.00, real=0.08 secs] 
810.213: [GC [PSYoungGen: 318435K->19518K(326720K)] 877335K->582172K(1025792K), 0.0463930 secs] [Times: user=0.11 sys=0.00, real=0.05 secs] 
810.648: [GC [PSYoungGen: 323710K->19629K(323840K)] 886364K->592403K(1022912K), 0.0516100 secs] [Times: user=0.12 sys=0.01, real=0.05 secs] 
811.089: [GC [PSYoungGen: 323821K->15475K(326720K)] 896595K->593690K(1025792K), 0.0483600 secs] [Times: user=0.09 sys=0.00, real=0.05 secs] 
811.740: [GC [PSYoungGen: 319411K->17109K(326720K)] 897626K->601580K(1025792K), 0.0514020 secs] [Times: user=0.11 sys=0.00, real=0.05 secs] 
812.122: [GC [PSYoungGen: 321045K->20655K(325888K)] 905516K->610707K(1024960K), 0.0456810 secs] [Times: user=0.12 sys=0.00, real=0.05 secs] 
812.572: [GC [PSYoungGen: 324079K->15423K(326464K)] 914131K->611876K(1025536K), 0.0518870 secs] [Times: user=0.11 sys=0.00, real=0.05 secs] 
813.040: [GC [PSYoungGen: 318847K->16674K(326784K)] 915300K->617623K(1025856K), 0.0617340 secs] [Times: user=0.10 sys=0.00, real=0.06 secs] 
813.444: [GC [PSYoungGen: 320482K->12148K(315968K)] 921431K->617911K(1015040K), 0.0403850 secs] [Times: user=0.08 sys=0.00, real=0.04 secs] 
813.802: [GC [PSYoungGen: 315956K->20965K(324800K)] 921719K->633091K(1023872K), 0.0500490 secs] [Times: user=0.12 sys=0.00, real=0.05 secs] 
814.263: [GC [PSYoungGen: 322597K->18431K(325568K)] 934723K->641101K(1024640K), 0.0533300 secs] [Times: user=0.14 sys=0.00, real=0.06 secs] 
814.632: [GC [PSYoungGen: 320063K->19170K(325888K)] 942733K->645033K(1024960K), 0.0534870 secs] [Times: user=0.10 sys=0.00, real=0.06 secs] 
815.128: [GC [PSYoungGen: 321442K->16721K(325888K)] 947305K->650268K(1024960K), 0.0426870 secs] [Times: user=0.11 sys=0.00, real=0.04 secs] 
815.523: [GC [PSYoungGen: 318993K->16591K(326656K)] 952540K->656526K(1025728K), 0.0388010 secs] [Times: user=0.11 sys=0.00, real=0.04 secs] 
815.909: [GC [PSYoungGen: 320015K->17064K(326272K)] 959950K->664606K(1025344K), 0.0448910 secs] [Times: user=0.11 sys=0.01, real=0.04 secs] 
816.267: [GC [PSYoungGen: 320488K->19739K(326464K)] 968030K->672143K(1025536K), 0.0431780 secs] [Times: user=0.12 sys=0.00, real=0.04 secs] 
816.673: [GC [PSYoungGen: 323803K->17122K(326784K)] 976207K->676837K(1025856K), 0.0576890 secs] [Times: user=0.10 sys=0.00, real=0.06 secs] 
817.109: [GC [PSYoungGen: 321186K->19680K(326528K)] 980901K->684886K(1025600K), 0.0670690 secs] [Times: user=0.12 sys=0.01, real=0.07 secs] 
817.561: [GC [PSYoungGen: 323872K->18825K(326848K)] 989078K->692556K(1025920K), 0.0541410 secs] [Times: user=0.12 sys=0.01, real=0.06 secs] 
818.018: [GC [PSYoungGen: 323017K->16661K(327232K)] 996748K->697907K(1026304K), 0.0540510 secs] [Times: user=0.10 sys=0.00, real=0.05 secs] 
818.402: [GC [PSYoungGen: 321365K->18462K(326976K)] 1002611K->704831K(1026048K), 0.0582720 secs] [Times: user=0.11 sys=0.00, real=0.06 secs] 
818.808: [GC [PSYoungGen: 323166K->17913K(327872K)] 1009535K->715306K(1026944K), 0.0691140 secs] [Times: user=0.12 sys=0.00, real=0.07 secs] 
818.877: [Full GC [PSYoungGen: 17913K->0K(327872K)] [PSOldGen: 697393K->260170K(699072K)] 715306K->260170K(1026944K) [PSPermGen: 91470K->91470K(262144K)], 1.2634240 secs] [Times: user=1.27 sys=0.00, real=1.26 secs] 
820.488: [GC [PSYoungGen: 305792K->21624K(327424K)] 565962K->283484K(1026496K), 0.0421970 secs] [Times: user=0.11 sys=0.00, real=0.04 secs] 
820.915: [GC [PSYoungGen: 327416K->17466K(325632K)] 589276K->290997K(1024704K), 0.0576600 secs] [Times: user=0.13 sys=0.01, real=0.06 secs] 
821.314: [GC [PSYoungGen: 321018K->19492K(326528K)] 594549K->297201K(1025600K), 0.0440010 secs] [Times: user=0.11 sys=0.00, real=0.05 secs] 
821.665: [GC [PSYoungGen: 323044K->16195K(326656K)] 600753K->300619K(1025728K), 0.0330210 secs] [Times: user=0.10 sys=0.00, real=0.04 secs] 
822.140: [GC [PSYoungGen: 319939K->14702K(318464K)] 604363K->304283K(1017536K), 0.0590410 secs] [Times: user=0.10 sys=0.00, real=0.06 secs] 
822.581: [GC [PSYoungGen: 318439K->12413K(325696K)] 608020K->304429K(1024768K), 0.0329110 secs] [Times: user=0.07 sys=0.00, real=0.03 secs] 
822.996: [GC [PSYoungGen: 315061K->18712K(326080K)] 607077K->317071K(1025152K), 0.0456170 secs] [Times: user=0.11 sys=0.00, real=0.04 secs] 
823.504: [GC [PSYoungGen: 321368K->18010K(326528K)] 619727K->325325K(1025600K), 0.0556000 secs] [Times: user=0.11 sys=0.00, real=0.06 secs] 
823.983: [GC [PSYoungGen: 321178K->16503K(326144K)] 628493K->330545K(1025216K), 0.0458690 secs] [Times: user=0.10 sys=0.00, real=0.05 secs] 
824.565: [GC [PSYoungGen: 319671K->17003K(327360K)] 633713K->335996K(1026432K), 0.0504580 secs] [Times: user=0.10 sys=0.00, real=0.05 secs] 
824.983: [GC [PSYoungGen: 321771K->18243K(326912K)] 640764K->344822K(1025984K), 0.0679670 secs] [Times: user=0.11 sys=0.00, real=0.07 secs] 
825.406: [GC [PSYoungGen: 323011K->12038K(326592K)] 649590K->347249K(1025664K), 0.0485230 secs] [Times: user=0.09 sys=0.00, real=0.04 secs] 
825.777: [GC [PSYoungGen: 316614K->16927K(327040K)] 651825K->356241K(1026112K), 0.0372850 secs] [Times: user=0.10 sys=0.00, real=0.03 secs] 
826.252: [GC [PSYoungGen: 321503K->21887K(317888K)] 660817K->370676K(1016960K), 0.0660310 secs] [Times: user=0.13 sys=0.00, real=0.07 secs] 
826.649: [GC [PSYoungGen: 317887K->15110K(322752K)] 666676K->372755K(1021824K), 0.0601870 secs] [Times: user=0.12 sys=0.00, real=0.06 secs] 
827.058: [GC [PSYoungGen: 311110K->16433K(323584K)] 668755K->376723K(1022656K), 0.0350010 secs] [Times: user=0.09 sys=0.00, real=0.03 secs] 
827.451: [GC [PSYoungGen: 313521K->16861K(323008K)] 673811K->385427K(1022080K), 0.0464490 secs] [Times: user=0.11 sys=0.00, real=0.05 secs] 
827.852: [GC [PSYoungGen: 313949K->16606K(324736K)] 682515K->391571K(1023808K), 0.0406920 secs] [Times: user=0.10 sys=0.00, real=0.04 secs] 
828.272: [GC [PSYoungGen: 316062K->17663K(324224K)] 691027K->395309K(1023296K), 0.0779060 secs] [Times: user=0.11 sys=0.00, real=0.08 secs] 
828.720: [GC [PSYoungGen: 317119K->17562K(326080K)] 694765K->402923K(1025152K), 0.0505550 secs] [Times: user=0.11 sys=0.00, real=0.05 secs] 
829.126: [GC [PSYoungGen: 319578K->15697K(325440K)] 704939K->407869K(1024512K), 0.0740880 secs] [Times: user=0.11 sys=0.00, real=0.08 secs] 
829.585: [GC [PSYoungGen: 317713K->17073K(326848K)] 709885K->415270K(1025920K), 0.0477580 secs] [Times: user=0.11 sys=0.00, real=0.05 secs] 
830.057: [GC [PSYoungGen: 320753K->18594K(326336K)] 718950K->423267K(1025408K), 0.0581530 secs] [Times: user=0.11 sys=0.00, real=0.06 secs] 
830.478: [GC [PSYoungGen: 322274K->16786K(327296K)] 726947K->425791K(1026368K), 0.0521650 secs] [Times: user=0.09 sys=0.01, real=0.05 secs] 
830.842: [GC [PSYoungGen: 321490K->20219K(324928K)] 730495K->434428K(1024000K), 0.0745970 secs] [Times: user=0.11 sys=0.01, real=0.07 secs] 
831.258: [GC [PSYoungGen: 324923K->22767K(318016K)] 739132K->445185K(1017088K), 0.0557930 secs] [Times: user=0.12 sys=0.00, real=0.05 secs] 
831.617: [GC [PSYoungGen: 317999K->15940K(322368K)] 740417K->446745K(1021440K), 0.0621820 secs] [Times: user=0.11 sys=0.00, real=0.07 secs] 
831.995: [GC [PSYoungGen: 311172K->14274K(322688K)] 741977K->450065K(1021760K), 0.0482640 secs] [Times: user=0.08 sys=0.00, real=0.05 secs] 
832.337: [GC [PSYoungGen: 310082K->16348K(322624K)] 745873K->458273K(1021696K), 0.0438190 secs] [Times: user=0.10 sys=0.00, real=0.04 secs] 
832.886: [GC [PSYoungGen: 312156K->18098K(324032K)] 754081K->468034K(1023104K), 0.0984140 secs] [Times: user=0.11 sys=0.00, real=0.10 secs] 
833.270: [GC [PSYoungGen: 315826K->23234K(321024K)] 765762K->479787K(1020096K), 0.0427610 secs] [Times: user=0.13 sys=0.00, real=0.04 secs] 
833.732: [GC [PSYoungGen: 320962K->18168K(323584K)] 777515K->481191K(1022656K), 0.0556300 secs] [Times: user=0.12 sys=0.00, real=0.06 secs] 
834.213: [GC [PSYoungGen: 315064K->18570K(322816K)] 778087K->487651K(1021888K), 0.0641130 secs] [Times: user=0.11 sys=0.00, real=0.06 secs] 
834.577: [GC [PSYoungGen: 315466K->19831K(324480K)] 784547K->494430K(1023552K), 0.0472150 secs] [Times: user=0.12 sys=0.00, real=0.05 secs] 
835.103: [GC [PSYoungGen: 319093K->18897K(324288K)] 793692K->500446K(1023360K), 0.0600040 secs] [Times: user=0.11 sys=0.01, real=0.06 secs] 
835.499: [GC [PSYoungGen: 318161K->19686K(325248K)] 799710K->506112K(1024320K), 0.0381660 secs] [Times: user=0.12 sys=0.00, real=0.03 secs] 
835.884: [GC [PSYoungGen: 320486K->16308K(325056K)] 806912K->510920K(1024128K), 0.0524270 secs] [Times: user=0.11 sys=0.00, real=0.05 secs] 
836.365: [GC [PSYoungGen: 317108K->17745K(325760K)] 811720K->519659K(1024832K), 0.0830240 secs] [Times: user=0.11 sys=0.00, real=0.09 secs] 
836.718: [GC [PSYoungGen: 319377K->18322K(325376K)] 821291K->524229K(1024448K), 0.0412580 secs] [Times: user=0.11 sys=0.00, real=0.04 secs] 
837.141: [GC [PSYoungGen: 319954K->17671K(326592K)] 825861K->529863K(1025664K), 0.0632720 secs] [Times: user=0.10 sys=0.00, real=0.06 secs] 
837.532: [GC [PSYoungGen: 321031K->18252K(326272K)] 833223K->537974K(1025344K), 0.0880100 secs] [Times: user=0.11 sys=0.00, real=0.09 secs] 
837.926: [GC [PSYoungGen: 321612K->21971K(325248K)] 841334K->551867K(1024320K), 0.0604510 secs] [Times: user=0.14 sys=0.00, real=0.06 secs] 
838.433: [GC [PSYoungGen: 324755K->13847K(316672K)] 854651K->549798K(1015744K), 0.0381510 secs] [Times: user=0.09 sys=0.00, real=0.04 secs] 
838.779: [GC [PSYoungGen: 316631K->14641K(325632K)] 852582K->555817K(1024704K), 0.0663190 secs] [Times: user=0.09 sys=0.01, real=0.06 secs] 
839.292: [GC [PSYoungGen: 316529K->19093K(325696K)] 857705K->567193K(1024768K), 0.0519160 secs] [Times: user=0.12 sys=0.00, real=0.05 secs] 
839.758: [GC [PSYoungGen: 320981K->19404K(325888K)] 869081K->571960K(1024960K), 0.0447430 secs] [Times: user=0.11 sys=0.00, real=0.05 secs] 
840.196: [GC [PSYoungGen: 321612K->16920K(325824K)] 874168K->577388K(1024896K), 0.0655560 secs] [Times: user=0.11 sys=0.00, real=0.07 secs] 
840.646: [GC [PSYoungGen: 319128K->17321K(326592K)] 879596K->584150K(1025664K), 0.0968970 secs] [Times: user=0.10 sys=0.00, real=0.10 secs] 
841.082: [GC [PSYoungGen: 320617K->20532K(323840K)] 887446K->592761K(1022912K), 0.0812840 secs] [Times: user=0.12 sys=0.00, real=0.08 secs] 
841.458: [GC [PSYoungGen: 323828K->19700K(326016K)] 896057K->597599K(1025088K), 0.0506550 secs] [Times: user=0.11 sys=0.01, real=0.06 secs] 
841.854: [GC [PSYoungGen: 322356K->16933K(326080K)] 900255K->600656K(1025152K), 0.0398480 secs] [Times: user=0.10 sys=0.00, real=0.04 secs] 
842.268: [GC [PSYoungGen: 319589K->19820K(326208K)] 903312K->609810K(1025280K), 0.0526600 secs] [Times: user=0.11 sys=0.00, real=0.06 secs] 
842.599: [GC [PSYoungGen: 322860K->19051K(326272K)] 912850K->617633K(1025344K), 0.0487210 secs] [Times: user=0.12 sys=0.00, real=0.05 secs] 
842.987: [GC [PSYoungGen: 322091K->17920K(326848K)] 920673K->622036K(1025920K), 0.0368540 secs] [Times: user=0.11 sys=0.00, real=0.04 secs] 
843.420: [GC [PSYoungGen: 321792K->18224K(326528K)] 925908K->629552K(1025600K), 0.0615500 secs] [Times: user=0.13 sys=0.00, real=0.06 secs] 
843.851: [GC [PSYoungGen: 322096K->18214K(327616K)] 933424K->635034K(1026688K), 0.0460410 secs] [Times: user=0.11 sys=0.00, real=0.04 secs] 
844.281: [GC [PSYoungGen: 323558K->16822K(327232K)] 940378K->641035K(1026304K), 0.0715600 secs] [Times: user=0.11 sys=0.01, real=0.07 secs] 
844.657: [GC [PSYoungGen: 322166K->16970K(327872K)] 946379K->647881K(1026944K), 0.0670150 secs] [Times: user=0.11 sys=0.00, real=0.07 secs] 
845.003: [GC [PSYoungGen: 323018K->16993K(327680K)] 953929K->653988K(1026752K), 0.0411160 secs] [Times: user=0.11 sys=0.00, real=0.04 secs] 
845.450: [GC [PSYoungGen: 323041K->14925K(327744K)] 960036K->657358K(1026816K), 0.0491030 secs] [Times: user=0.09 sys=0.00, real=0.05 secs] 
845.815: [GC [PSYoungGen: 321165K->20488K(326784K)] 963598K->667360K(1025856K), 0.0467960 secs] [Times: user=0.12 sys=0.00, real=0.05 secs] 
846.201: [GC [PSYoungGen: 326728K->15254K(327168K)] 973600K->669609K(1026240K), 0.0408120 secs] [Times: user=0.11 sys=0.00, real=0.04 secs] 
846.625: [GC [PSYoungGen: 320086K->16298K(327168K)] 974441K->676403K(1026240K), 0.0587330 secs] [Times: user=0.09 sys=0.01, real=0.06 secs] 
847.035: [GC [PSYoungGen: 321130K->22066K(319488K)] 981235K->689528K(1018560K), 0.0589690 secs] [Times: user=0.13 sys=0.00, real=0.06 secs] 
847.395: [GC [PSYoungGen: 319470K->16330K(323456K)] 986933K->692529K(1022528K), 0.0600860 secs] [Times: user=0.11 sys=0.01, real=0.06 secs] 
847.939: [GC [PSYoungGen: 313738K->21389K(323136K)] 989937K->702475K(1022208K), 0.0599140 secs] [Times: user=0.13 sys=0.00, real=0.06 secs] 
848.316: [GC [PSYoungGen: 318797K->17785K(323456K)] 999883K->706907K(1022528K), 0.0480220 secs] [Times: user=0.12 sys=0.00, real=0.05 secs] 
848.364: [Full GC [PSYoungGen: 17785K->0K(323456K)] [PSOldGen: 689121K->265076K(699072K)] 706907K->265076K(1022528K) [PSPermGen: 91481K->91481K(262144K)], 1.2944340 secs] [Times: user=1.29 sys=0.01, real=1.29 secs] 
850.056: [GC [PSYoungGen: 297408K->21348K(323328K)] 562484K->286425K(1022400K), 0.0579940 secs] [Times: user=0.09 sys=0.00, real=0.06 secs] 
850.420: [GC [PSYoungGen: 319140K->14883K(323648K)] 584217K->291608K(1022720K), 0.0543190 secs] [Times: user=0.11 sys=0.01, real=0.06 secs] 
850.946: [GC [PSYoungGen: 312675K->18509K(324416K)] 589400K->300472K(1023488K), 0.0432420 secs] [Times: user=0.11 sys=0.00, real=0.05 secs] 
851.331: [GC [PSYoungGen: 317069K->19217K(323648K)] 599032K->308257K(1022720K), 0.0497800 secs] [Times: user=0.11 sys=0.00, real=0.05 secs] 
851.719: [GC [PSYoungGen: 317777K->14749K(324672K)] 606817K->309929K(1023744K), 0.0384260 secs] [Times: user=0.10 sys=0.00, real=0.04 secs] 
852.166: [GC [PSYoungGen: 314717K->18410K(324736K)] 609897K->318312K(1023808K), 0.0635950 secs] [Times: user=0.09 sys=0.00, real=0.07 secs] 
852.684: [GC [PSYoungGen: 318378K->17301K(325760K)] 618280K->324179K(1024832K), 0.0468720 secs] [Times: user=0.10 sys=0.00, real=0.05 secs] 
853.151: [GC [PSYoungGen: 318869K->15311K(325312K)] 625747K->328913K(1024384K), 0.0609020 secs] [Times: user=0.10 sys=0.00, real=0.06 secs] 
853.590: [GC [PSYoungGen: 316879K->15558K(326016K)] 630481K->333934K(1025088K), 0.0435190 secs] [Times: user=0.09 sys=0.00, real=0.05 secs] 
853.924: [GC [PSYoungGen: 317894K->19324K(325824K)] 636270K->344499K(1024896K), 0.0501530 secs] [Times: user=0.11 sys=0.01, real=0.05 secs] 
854.360: [GC [PSYoungGen: 321660K->19570K(325824K)] 646835K->351154K(1024896K), 0.0800610 secs] [Times: user=0.12 sys=0.00, real=0.08 secs] 
854.776: [GC [PSYoungGen: 321842K->20653K(322944K)] 653426K->361642K(1022016K), 0.0541210 secs] [Times: user=0.12 sys=0.00, real=0.05 secs] 
855.134: [GC [PSYoungGen: 322925K->19848K(325440K)] 663914K->369717K(1024512K), 0.0482410 secs] [Times: user=0.13 sys=0.00, real=0.05 secs] 
855.613: [GC [PSYoungGen: 321224K->17890K(325440K)] 671093K->373118K(1024512K), 0.0653490 secs] [Times: user=0.10 sys=0.01, real=0.06 secs] 
856.065: [GC [PSYoungGen: 319266K->18438K(326400K)] 674494K->379145K(1025472K), 0.0520430 secs] [Times: user=0.10 sys=0.00, real=0.05 secs] 
856.444: [GC [PSYoungGen: 321222K->17799K(325888K)] 681929K->383043K(1024960K), 0.0468190 secs] [Times: user=0.10 sys=0.00, real=0.05 secs] 
856.870: [GC [PSYoungGen: 320583K->16895K(326976K)] 685827K->390162K(1026048K), 0.0466400 secs] [Times: user=0.11 sys=0.00, real=0.05 secs] 
857.331: [GC [PSYoungGen: 321151K->19620K(326784K)] 694418K->398074K(1025856K), 0.0749430 secs] [Times: user=0.11 sys=0.01, real=0.07 secs] 
857.749: [GC [PSYoungGen: 323876K->15087K(326720K)] 702330K->399564K(1025792K), 0.0555280 secs] [Times: user=0.09 sys=0.01, real=0.06 secs] 
858.185: [GC [PSYoungGen: 319151K->16022K(326784K)] 703628K->405597K(1025856K), 0.0480880 secs] [Times: user=0.09 sys=0.00, real=0.05 secs] 
858.596: [GC [PSYoungGen: 320079K->21763K(324864K)] 709655K->417100K(1023936K), 0.0732050 secs] [Times: user=0.12 sys=0.02, real=0.07 secs] 
859.092: [GC [PSYoungGen: 324035K->15762K(325888K)] 719372K->420086K(1024960K), 0.0429900 secs] [Times: user=0.11 sys=0.00, real=0.04 secs] 
859.518: [GC [PSYoungGen: 318034K->16501K(326336K)] 722358K->426595K(1025408K), 0.0565190 secs] [Times: user=0.10 sys=0.01, real=0.06 secs] 
859.916: [GC [PSYoungGen: 319349K->19521K(326016K)] 729443K->435449K(1025088K), 0.0454720 secs] [Times: user=0.11 sys=0.00, real=0.05 secs] 
860.409: [GC [PSYoungGen: 322369K->18395K(326592K)] 738297K->443134K(1025664K), 0.0675380 secs] [Times: user=0.12 sys=0.00, real=0.07 secs] 
860.867: [GC [PSYoungGen: 321691K->22748K(326080K)] 746430K->452889K(1025152K), 0.0754920 secs] [Times: user=0.14 sys=0.00, real=0.08 secs] 
861.351: [GC [PSYoungGen: 326044K->19708K(324800K)] 756185K->454372K(1023872K), 0.0495030 secs] [Times: user=0.11 sys=0.00, real=0.05 secs] 
861.811: [GC [PSYoungGen: 321084K->19520K(325440K)] 755748K->457856K(1024512K), 0.0502470 secs] [Times: user=0.11 sys=0.00, real=0.05 secs] 
862.301: [GC [PSYoungGen: 320896K->16540K(325824K)] 759232K->461640K(1024896K), 0.0555950 secs] [Times: user=0.09 sys=0.00, real=0.06 secs] 
862.694: [GC [PSYoungGen: 318492K->19784K(325632K)] 763592K->471273K(1024704K), 0.0436690 secs] [Times: user=0.12 sys=0.00, real=0.04 secs] 
863.142: [GC [PSYoungGen: 321731K->19797K(325888K)] 773220K->479316K(1024960K), 0.0650580 secs] [Times: user=0.11 sys=0.00, real=0.06 secs] 
863.647: [GC [PSYoungGen: 322005K->17780K(325824K)] 781524K->485961K(1024896K), 0.0634850 secs] [Times: user=0.11 sys=0.00, real=0.06 secs] 
864.038: [GC [PSYoungGen: 319988K->18746K(326656K)] 788169K->491103K(1025728K), 0.0403560 secs] [Times: user=0.10 sys=0.00, real=0.04 secs] 
864.454: [GC [PSYoungGen: 322106K->15715K(326208K)] 794463K->493484K(1025280K), 0.0397760 secs] [Times: user=0.10 sys=0.00, real=0.04 secs] 
864.903: [GC [PSYoungGen: 319075K->15825K(326592K)] 796844K->500060K(1025664K), 0.0403810 secs] [Times: user=0.10 sys=0.00, real=0.04 secs] 
865.413: [GC [PSYoungGen: 319505K->19515K(323200K)] 803740K->509360K(1022272K), 0.0671690 secs] [Times: user=0.11 sys=0.00, real=0.06 secs] 
865.809: [GC [PSYoungGen: 323195K->18794K(326784K)] 813040K->515995K(1025856K), 0.0475390 secs] [Times: user=0.12 sys=0.00, real=0.05 secs] 
866.194: [GC [PSYoungGen: 322602K->19645K(326528K)] 819803K->525132K(1025600K), 0.0566180 secs] [Times: user=0.12 sys=0.00, real=0.05 secs] 
866.541: [GC [PSYoungGen: 323453K->21675K(325184K)] 828940K->534830K(1024256K), 0.0553850 secs] [Times: user=0.13 sys=0.00, real=0.06 secs] 
867.090: [GC [PSYoungGen: 324075K->16783K(325952K)] 837230K->535010K(1025024K), 0.0509560 secs] [Times: user=0.10 sys=0.00, real=0.05 secs] 
867.476: [GC [PSYoungGen: 319183K->21359K(324992K)] 837410K->547217K(1024064K), 0.0652410 secs] [Times: user=0.12 sys=0.00, real=0.06 secs] 
867.839: [GC [PSYoungGen: 322991K->21835K(323520K)] 848849K->555134K(1022592K), 0.0577620 secs] [Times: user=0.13 sys=0.01, real=0.06 secs] 
868.299: [GC [PSYoungGen: 323467K->12905K(323904K)] 856766K->550014K(1022976K), 0.0261460 secs] [Times: user=0.08 sys=0.00, real=0.03 secs] 
868.665: [GC [PSYoungGen: 312233K->15084K(324416K)] 849342K->556297K(1023488K), 0.0352400 secs] [Times: user=0.09 sys=0.00, real=0.03 secs] 
869.115: [GC [PSYoungGen: 314412K->16214K(324864K)] 855625K->564341K(1023936K), 0.0569900 secs] [Times: user=0.10 sys=0.01, real=0.05 secs] 
869.546: [GC [PSYoungGen: 316054K->15313K(324480K)] 864181K->570909K(1023552K), 0.0520190 secs] [Times: user=0.11 sys=0.00, real=0.05 secs] 
869.946: [GC [PSYoungGen: 315153K->20095K(324672K)] 870749K->581751K(1023744K), 0.0461980 secs] [Times: user=0.13 sys=0.00, real=0.04 secs] 
870.387: [GC [PSYoungGen: 320319K->18878K(324864K)] 881975K->588230K(1023936K), 0.0584400 secs] [Times: user=0.11 sys=0.01, real=0.06 secs] 
870.754: [GC [PSYoungGen: 319102K->19744K(325184K)] 888454K->595967K(1024256K), 0.0496120 secs] [Times: user=0.12 sys=0.00, real=0.05 secs] 
871.267: [GC [PSYoungGen: 320608K->16962K(325184K)] 896831K->599117K(1024256K), 0.0507350 secs] [Times: user=0.11 sys=0.00, real=0.05 secs] 
871.688: [GC [PSYoungGen: 317826K->18423K(326016K)] 899981K->604537K(1025088K), 0.0484220 secs] [Times: user=0.11 sys=0.00, real=0.05 secs] 
872.067: [GC [PSYoungGen: 320498K->17528K(325568K)] 906611K->611387K(1024640K), 0.0592470 secs] [Times: user=0.11 sys=0.00, real=0.06 secs] 
872.457: [GC [PSYoungGen: 319608K->17870K(326912K)] 913467K->619582K(1025984K), 0.0419070 secs] [Times: user=0.12 sys=0.01, real=0.04 secs] 
872.820: [GC [PSYoungGen: 321742K->19605K(326464K)] 923454K->627995K(1025536K), 0.0452870 secs] [Times: user=0.12 sys=0.00, real=0.05 secs] 
873.272: [GC [PSYoungGen: 323477K->16146K(326912K)] 931867K->633448K(1025984K), 0.0462010 secs] [Times: user=0.11 sys=0.00, real=0.05 secs] 
873.743: [GC [PSYoungGen: 320338K->14664K(326784K)] 937640K->637179K(1025856K), 0.0384000 secs] [Times: user=0.10 sys=0.00, real=0.04 secs] 
874.255: [GC [PSYoungGen: 318856K->19432K(326528K)] 941371K->647226K(1025600K), 0.0466020 secs] [Times: user=0.11 sys=0.01, real=0.04 secs] 
874.621: [GC [PSYoungGen: 323240K->15608K(326656K)] 951034K->652286K(1025728K), 0.0509700 secs] [Times: user=0.12 sys=0.00, real=0.05 secs] 
875.036: [GC [PSYoungGen: 319416K->18775K(326848K)] 956094K->660897K(1025920K), 0.0675320 secs] [Times: user=0.12 sys=0.00, real=0.06 secs] 
875.540: [GC [PSYoungGen: 322839K->18110K(326720K)] 964961K->670334K(1025792K), 0.0744390 secs] [Times: user=0.13 sys=0.01, real=0.07 secs] 
876.013: [GC [PSYoungGen: 322174K->18936K(327232K)] 974398K->678933K(1026304K), 0.0624740 secs] [Times: user=0.13 sys=0.00, real=0.07 secs] 
876.444: [GC [PSYoungGen: 323832K->15352K(327168K)] 983829K->680801K(1026240K), 0.0378560 secs] [Times: user=0.10 sys=0.00, real=0.04 secs] 
876.844: [GC [PSYoungGen: 320248K->15226K(327296K)] 985697K->686541K(1026368K), 0.0509940 secs] [Times: user=0.09 sys=0.00, real=0.06 secs] 
877.221: [GC [PSYoungGen: 320250K->20293K(325376K)] 991565K->696507K(1024448K), 0.0513240 secs] [Times: user=0.12 sys=0.00, real=0.05 secs] 
877.626: [GC [PSYoungGen: 325317K->16250K(326912K)] 1001531K->701676K(1025984K), 0.0565620 secs] [Times: user=0.11 sys=0.00, real=0.05 secs] 
878.020: [GC [PSYoungGen: 320314K->17653K(326656K)] 1005740K->708078K(1025728K), 0.0506460 secs] [Times: user=0.11 sys=0.00, real=0.05 secs] 
878.071: [Full GC [PSYoungGen: 17653K->0K(326656K)] [PSOldGen: 690425K->258074K(699072K)] 708078K->258074K(1025728K) [PSPermGen: 91501K->91501K(262144K)], 1.2998820 secs] [Times: user=1.30 sys=0.00, real=1.30 secs] 
879.774: [GC [PSYoungGen: 304064K->21701K(325248K)] 562138K->279776K(1024320K), 0.0411590 secs] [Times: user=0.10 sys=0.00, real=0.05 secs] 
880.150: [GC [PSYoungGen: 324869K->17294K(326336K)] 582944K->284844K(1025408K), 0.0387880 secs] [Times: user=0.12 sys=0.01, real=0.04 secs] 
880.521: [GC [PSYoungGen: 320462K->18489K(326976K)] 588012K->293532K(1026048K), 0.0441380 secs] [Times: user=0.11 sys=0.00, real=0.04 secs] 
880.911: [GC [PSYoungGen: 322681K->22094K(326336K)] 597724K->304705K(1025408K), 0.0622230 secs] [Times: user=0.12 sys=0.01, real=0.06 secs] 
881.262: [GC [PSYoungGen: 326286K->18158K(326400K)] 608897K->306761K(1025472K), 0.0476670 secs] [Times: user=0.11 sys=0.00, real=0.05 secs] 
881.713: [GC [PSYoungGen: 321390K->18943K(326336K)] 609993K->311100K(1025408K), 0.0552000 secs] [Times: user=0.09 sys=0.00, real=0.06 secs] 
882.111: [GC [PSYoungGen: 322175K->16210K(326720K)] 614332K->315830K(1025792K), 0.0771190 secs] [Times: user=0.10 sys=0.00, real=0.08 secs] 
882.541: [GC [PSYoungGen: 320082K->16913K(326656K)] 619702K->321407K(1025728K), 0.0389520 secs] [Times: user=0.10 sys=0.00, real=0.04 secs] 
883.007: [GC [PSYoungGen: 320785K->18601K(327168K)] 625279K->329867K(1026240K), 0.0458490 secs] [Times: user=0.11 sys=0.00, real=0.04 secs] 
883.397: [GC [PSYoungGen: 323241K->19729K(326976K)] 634507K->338003K(1026048K), 0.0424280 secs] [Times: user=0.12 sys=0.00, real=0.04 secs] 
883.826: [GC [PSYoungGen: 324369K->20162K(326400K)] 642643K->345357K(1025472K), 0.0418540 secs] [Times: user=0.12 sys=0.00, real=0.04 secs] 
884.215: [GC [PSYoungGen: 324098K->14334K(318272K)] 649293K->345419K(1017344K), 0.0468830 secs] [Times: user=0.09 sys=0.01, real=0.05 secs] 
884.682: [GC [PSYoungGen: 318270K->17263K(326848K)] 649355K->352595K(1025920K), 0.0393210 secs] [Times: user=0.09 sys=0.00, real=0.04 secs] 
885.124: [GC [PSYoungGen: 321071K->15436K(326464K)] 656403K->354086K(1025536K), 0.0486370 secs] [Times: user=0.08 sys=0.00, real=0.05 secs] 
885.518: [GC [PSYoungGen: 319244K->20865K(325568K)] 657894K->366991K(1024640K), 0.0686400 secs] [Times: user=0.12 sys=0.00, real=0.07 secs] 
885.937: [GC [PSYoungGen: 323777K->13529K(316480K)] 669903K->369947K(1015552K), 0.0434900 secs] [Times: user=0.10 sys=0.00, real=0.04 secs] 
886.317: [GC [PSYoungGen: 316441K->17595K(326528K)] 672859K->378027K(1025600K), 0.0430010 secs] [Times: user=0.10 sys=0.00, real=0.04 secs] 
886.725: [GC [PSYoungGen: 320571K->18126K(325952K)] 681003K->387758K(1025024K), 0.0638770 secs] [Times: user=0.11 sys=0.00, real=0.07 secs] 
887.143: [GC [PSYoungGen: 321102K->19883K(326208K)] 690734K->395904K(1025280K), 0.0463130 secs] [Times: user=0.12 sys=0.00, real=0.05 secs] 
887.582: [GC [PSYoungGen: 323435K->17788K(326528K)] 699456K->401921K(1025600K), 0.0501200 secs] [Times: user=0.12 sys=0.00, real=0.05 secs] 
887.964: [GC [PSYoungGen: 321340K->17342K(327424K)] 705473K->408342K(1026496K), 0.0490600 secs] [Times: user=0.11 sys=0.00, real=0.05 secs] 
888.351: [GC [PSYoungGen: 322302K->18457K(327040K)] 713302K->415933K(1026112K), 0.0471780 secs] [Times: user=0.11 sys=0.00, real=0.05 secs] 
888.852: [GC [PSYoungGen: 323417K->16770K(327808K)] 720893K->422997K(1026880K), 0.0766050 secs] [Times: user=0.11 sys=0.01, real=0.08 secs] 
889.243: [GC [PSYoungGen: 322690K->16987K(327616K)] 728917K->430074K(1026688K), 0.0624770 secs] [Times: user=0.10 sys=0.00, real=0.06 secs] 
889.648: [GC [PSYoungGen: 322907K->18385K(328192K)] 735994K->438403K(1027264K), 0.0480520 secs] [Times: user=0.11 sys=0.00, real=0.04 secs] 
890.058: [GC [PSYoungGen: 325137K->17619K(328064K)] 745155K->445036K(1027136K), 0.0405630 secs] [Times: user=0.11 sys=0.00, real=0.04 secs] 
890.512: [GC [PSYoungGen: 324371K->18052K(328704K)] 751788K->451589K(1027776K), 0.0344730 secs] [Times: user=0.11 sys=0.01, real=0.03 secs] 
890.940: [GC [PSYoungGen: 325764K->17984K(328512K)] 759301K->460033K(1027584K), 0.0403960 secs] [Times: user=0.11 sys=0.00, real=0.04 secs] 
891.295: [GC [PSYoungGen: 325696K->17807K(329216K)] 767745K->467158K(1028288K), 0.0556640 secs] [Times: user=0.11 sys=0.00, real=0.06 secs] 
891.719: [GC [PSYoungGen: 326479K->16807K(328960K)] 775830K->474185K(1028032K), 0.0495140 secs] [Times: user=0.10 sys=0.00, real=0.05 secs] 
892.095: [GC [PSYoungGen: 325479K->20216K(320192K)] 782857K->488007K(1019264K), 0.0568390 secs] [Times: user=0.13 sys=0.00, real=0.06 secs] 
892.477: [GC [PSYoungGen: 320184K->14945K(314944K)] 787975K->490883K(1014016K), 0.0469380 secs] [Times: user=0.11 sys=0.00, real=0.05 secs] 
892.884: [GC [PSYoungGen: 314913K->18113K(325184K)] 790851K->497767K(1024256K), 0.0387410 secs] [Times: user=0.10 sys=0.00, real=0.04 secs] 
893.377: [GC [PSYoungGen: 318401K->20471K(324608K)] 798055K->508481K(1023680K), 0.0559320 secs] [Times: user=0.12 sys=0.00, real=0.05 secs] 
893.735: [GC [PSYoungGen: 320759K->18128K(325504K)] 808769K->515555K(1024576K), 0.0459400 secs] [Times: user=0.11 sys=0.00, real=0.05 secs] 
894.124: [GC [PSYoungGen: 319184K->14499K(325056K)] 816611K->518192K(1024128K), 0.0461870 secs] [Times: user=0.10 sys=0.01, real=0.05 secs] 
894.520: [GC [PSYoungGen: 315555K->19220K(325568K)] 819248K->528721K(1024640K), 0.0495140 secs] [Times: user=0.11 sys=0.00, real=0.05 secs] 
894.903: [GC [PSYoungGen: 320596K->18217K(325312K)] 830097K->536993K(1024384K), 0.0660730 secs] [Times: user=0.12 sys=0.01, real=0.07 secs] 
895.361: [GC [PSYoungGen: 319593K->18020K(326528K)] 838369K->545344K(1025600K), 0.0615470 secs] [Times: user=0.11 sys=0.00, real=0.06 secs] 
895.775: [GC [PSYoungGen: 321124K->15421K(326080K)] 848448K->548843K(1025152K), 0.0401000 secs] [Times: user=0.11 sys=0.00, real=0.04 secs] 
896.182: [GC [PSYoungGen: 318525K->15532K(326592K)] 851947K->555129K(1025664K), 0.0406230 secs] [Times: user=0.10 sys=0.00, real=0.04 secs] 
896.612: [GC [PSYoungGen: 319148K->15134K(326528K)] 858745K->561119K(1025600K), 0.0558130 secs] [Times: user=0.09 sys=0.00, real=0.06 secs] 
896.956: [GC [PSYoungGen: 318750K->20765K(325248K)] 864735K->571531K(1024320K), 0.0534010 secs] [Times: user=0.12 sys=0.00, real=0.06 secs] 
897.332: [GC [PSYoungGen: 323153K->19105K(325952K)] 873920K->577123K(1025024K), 0.0492360 secs] [Times: user=0.11 sys=0.00, real=0.05 secs] 
897.677: [GC [PSYoungGen: 321505K->20308K(325440K)] 879523K->585596K(1024512K), 0.0488140 secs] [Times: user=0.12 sys=0.00, real=0.04 secs] 
898.096: [GC [PSYoungGen: 322324K->19224K(325760K)] 887612K->589890K(1024832K), 0.0476900 secs] [Times: user=0.11 sys=0.01, real=0.05 secs] 
898.475: [GC [PSYoungGen: 321240K->18632K(326336K)] 891906K->596055K(1025408K), 0.0516030 secs] [Times: user=0.10 sys=0.01, real=0.05 secs] 
898.925: [GC [PSYoungGen: 321352K->18921K(325888K)] 898775K->601948K(1024960K), 0.0546920 secs] [Times: user=0.11 sys=0.01, real=0.06 secs] 
899.320: [GC [PSYoungGen: 321641K->16588K(326720K)] 904668K->603580K(1025792K), 0.0370800 secs] [Times: user=0.11 sys=0.00, real=0.03 secs] 
899.701: [GC [PSYoungGen: 320396K->19992K(323840K)] 907388K->613594K(1022912K), 0.0780400 secs] [Times: user=0.11 sys=0.02, real=0.08 secs] 
900.136: [GC [PSYoungGen: 323800K->16994K(326720K)] 917402K->616990K(1025792K), 0.0430900 secs] [Times: user=0.11 sys=0.00, real=0.05 secs] 
900.476: [GC [PSYoungGen: 320738K->19151K(326528K)] 920734K->623806K(1025600K), 0.0476500 secs] [Times: user=0.11 sys=0.00, real=0.05 secs] 
900.827: [GC [PSYoungGen: 322895K->18325K(327296K)] 927550K->632398K(1026368K), 0.0455260 secs] [Times: user=0.12 sys=0.00, real=0.05 secs] 
901.275: [GC [PSYoungGen: 322965K->19788K(326848K)] 937038K->640036K(1025920K), 0.0765240 secs] [Times: user=0.11 sys=0.01, real=0.08 secs] 
901.739: [GC [PSYoungGen: 324428K->17111K(327296K)] 944676K->643239K(1026368K), 0.0407120 secs] [Times: user=0.10 sys=0.01, real=0.04 secs] 
902.105: [GC [PSYoungGen: 322007K->18444K(327104K)] 948135K->649282K(1026176K), 0.0416350 secs] [Times: user=0.10 sys=0.00, real=0.04 secs] 
902.473: [GC [PSYoungGen: 323340K->19372K(327616K)] 954178K->657222K(1026688K), 0.0786340 secs] [Times: user=0.12 sys=0.01, real=0.08 secs] 
902.871: [GC [PSYoungGen: 325100K->18276K(327616K)] 962950K->665670K(1026688K), 0.0423290 secs] [Times: user=0.13 sys=0.01, real=0.04 secs] 
903.246: [GC [PSYoungGen: 324004K->15509K(327552K)] 971398K->667793K(1026624K), 0.0509770 secs] [Times: user=0.09 sys=0.01, real=0.05 secs] 
903.726: [GC [PSYoungGen: 321493K->13702K(319744K)] 973777K->673525K(1018816K), 0.0398090 secs] [Times: user=0.09 sys=0.00, real=0.04 secs] 
904.074: [GC [PSYoungGen: 319686K->22113K(319424K)] 979509K->689375K(1018496K), 0.0552940 secs] [Times: user=0.13 sys=0.00, real=0.06 secs] 
904.490: [GC [PSYoungGen: 319393K->19708K(323392K)] 986655K->697393K(1022464K), 0.0685980 secs] [Times: user=0.13 sys=0.00, real=0.07 secs] 
904.909: [GC [PSYoungGen: 316988K->20182K(324032K)] 994673K->702700K(1023104K), 0.0552740 secs] [Times: user=0.11 sys=0.00, real=0.05 secs] 
905.272: [GC [PSYoungGen: 318486K->17306K(323776K)] 1001004K->707912K(1022848K), 0.0615160 secs] [Times: user=0.12 sys=0.00, real=0.06 secs] 
905.334: [Full GC [PSYoungGen: 17306K->0K(323776K)] [PSOldGen: 690605K->234071K(699072K)] 707912K->234071K(1022848K) [PSPermGen: 91515K->91459K(262144K)], 1.4489560 secs] [Times: user=1.43 sys=0.01, real=1.45 secs] 
907.167: [GC [PSYoungGen: 298304K->20484K(324416K)] 532375K->254556K(1023488K), 0.0396810 secs] [Times: user=0.09 sys=0.00, real=0.04 secs] 
907.588: [GC [PSYoungGen: 319748K->17256K(324352K)] 553820K->261390K(1023424K), 0.0391040 secs] [Times: user=0.12 sys=0.00, real=0.04 secs] 
907.963: [GC [PSYoungGen: 316520K->18359K(325184K)] 560654K->271112K(1024256K), 0.0461520 secs] [Times: user=0.12 sys=0.01, real=0.05 secs] 
908.451: [GC [PSYoungGen: 318711K->17820K(324672K)] 571464K->277500K(1023744K), 0.0545420 secs] [Times: user=0.10 sys=0.00, real=0.05 secs] 
908.843: [GC [PSYoungGen: 318172K->21879K(324288K)] 577852K->286151K(1023360K), 0.0552450 secs] [Times: user=0.12 sys=0.00, real=0.05 secs] 
909.226: [GC [PSYoungGen: 322231K->18008K(324928K)] 586503K->287555K(1024000K), 0.0648050 secs] [Times: user=0.11 sys=0.00, real=0.07 secs] 
909.639: [GC [PSYoungGen: 318360K->21168K(324672K)] 587907K->298563K(1023744K), 0.0526510 secs] [Times: user=0.12 sys=0.00, real=0.06 secs] 
910.056: [GC [PSYoungGen: 321648K->14241K(314752K)] 599043K->298225K(1013824K), 0.0460080 secs] [Times: user=0.10 sys=0.00, real=0.05 secs] 
910.466: [GC [PSYoungGen: 314721K->16478K(324928K)] 598705K->302869K(1024000K), 0.0506420 secs] [Times: user=0.09 sys=0.00, real=0.05 secs] 
910.907: [GC [PSYoungGen: 316574K->16790K(324672K)] 602965K->311205K(1023744K), 0.0405680 secs] [Times: user=0.10 sys=0.00, real=0.04 secs] 
911.243: [GC [PSYoungGen: 316886K->16927K(325632K)] 611301K->317372K(1024704K), 0.0441850 secs] [Times: user=0.10 sys=0.01, real=0.04 secs] 
911.797: [GC [PSYoungGen: 318303K->15443K(325248K)] 618748K->323783K(1024320K), 0.0673300 secs] [Times: user=0.10 sys=0.00, real=0.07 secs] 
912.229: [GC [PSYoungGen: 316819K->21550K(324160K)] 625159K->335838K(1023232K), 0.0653340 secs] [Times: user=0.11 sys=0.00, real=0.07 secs] 
912.660: [GC [PSYoungGen: 321902K->16579K(324928K)] 636190K->339426K(1024000K), 0.0494340 secs] [Times: user=0.11 sys=0.00, real=0.05 secs] 
913.039: [GC [PSYoungGen: 316931K->15396K(325440K)] 639778K->341556K(1024512K), 0.0342830 secs] [Times: user=0.08 sys=0.00, real=0.04 secs] 
913.454: [GC [PSYoungGen: 316644K->21784K(323072K)] 642804K->355901K(1022144K), 0.0572230 secs] [Times: user=0.12 sys=0.00, real=0.06 secs] 
913.859: [GC [PSYoungGen: 323032K->20383K(324352K)] 657149K->362268K(1023424K), 0.0482130 secs] [Times: user=0.12 sys=0.00, real=0.05 secs] 
914.227: [GC [PSYoungGen: 319839K->17233K(324480K)] 661724K->365864K(1023552K), 0.0455520 secs] [Times: user=0.10 sys=0.00, real=0.05 secs] 
914.637: [GC [PSYoungGen: 316689K->17059K(325312K)] 665320K->368960K(1024384K), 0.0527960 secs] [Times: user=0.09 sys=0.00, real=0.05 secs] 
915.040: [GC [PSYoungGen: 317795K->17868K(324928K)] 669696K->376266K(1024000K), 0.0418830 secs] [Times: user=0.10 sys=0.00, real=0.04 secs] 
915.401: [GC [PSYoungGen: 318604K->17286K(326272K)] 677002K->381873K(1025344K), 0.0594830 secs] [Times: user=0.10 sys=0.01, real=0.06 secs] 
915.811: [GC [PSYoungGen: 319942K->19360K(325888K)] 684529K->391356K(1024960K), 0.0771610 secs] [Times: user=0.12 sys=0.00, real=0.07 secs] 
916.258: [GC [PSYoungGen: 322016K->16051K(326464K)] 694012K->396920K(1025536K), 0.0419110 secs] [Times: user=0.11 sys=0.00, real=0.04 secs] 
916.624: [GC [PSYoungGen: 319283K->16754K(326272K)] 700152K->402223K(1025344K), 0.0485100 secs] [Times: user=0.10 sys=0.00, real=0.05 secs] 
917.011: [GC [PSYoungGen: 319986K->17214K(327104K)] 705455K->409728K(1026176K), 0.0577000 secs] [Times: user=0.11 sys=0.00, real=0.05 secs] 
917.389: [GC [PSYoungGen: 321534K->20276K(324608K)] 714048K->419792K(1023680K), 0.0711340 secs] [Times: user=0.12 sys=0.00, real=0.08 secs] 
917.792: [GC [PSYoungGen: 324596K->21230K(325248K)] 724112K->428134K(1024320K), 0.0586820 secs] [Times: user=0.12 sys=0.00, real=0.06 secs] 
918.206: [GC [PSYoungGen: 323630K->15589K(325952K)] 730534K->428383K(1025024K), 0.0500390 secs] [Times: user=0.09 sys=0.00, real=0.05 secs] 
918.581: [GC [PSYoungGen: 317989K->20287K(325376K)] 730783K->437095K(1024448K), 0.0452630 secs] [Times: user=0.10 sys=0.00, real=0.04 secs] 
918.952: [GC [PSYoungGen: 322175K->17355K(325696K)] 738983K->442145K(1024768K), 0.0560980 secs] [Times: user=0.12 sys=0.00, real=0.05 secs] 
919.442: [GC [PSYoungGen: 319243K->18925K(326336K)] 744033K->447978K(1025408K), 0.0562460 secs] [Times: user=0.11 sys=0.00, real=0.05 secs] 
919.865: [GC [PSYoungGen: 321837K->16546K(326080K)] 750890K->451446K(1025152K), 0.0422320 secs] [Times: user=0.10 sys=0.00, real=0.04 secs] 
920.282: [GC [PSYoungGen: 319458K->17264K(326912K)] 754358K->455881K(1025984K), 0.0383760 secs] [Times: user=0.09 sys=0.00, real=0.03 secs] 
920.809: [GC [PSYoungGen: 321200K->17933K(326528K)] 759817K->464021K(1025600K), 0.0750580 secs] [Times: user=0.11 sys=0.01, real=0.08 secs] 
921.200: [GC [PSYoungGen: 321869K->20799K(326144K)] 767957K->471271K(1025216K), 0.0596130 secs] [Times: user=0.11 sys=0.00, real=0.06 secs] 
922.456: [GC [PSYoungGen: 324728K->17279K(326720K)] 775200K->470001K(1025792K), 0.0366850 secs] [Times: user=0.09 sys=0.00, real=0.04 secs] 
922.886: [GC [PSYoungGen: 321215K->21601K(325312K)] 773937K->479843K(1024384K), 0.0475650 secs] [Times: user=0.12 sys=0.00, real=0.05 secs] 
923.325: [GC [PSYoungGen: 324385K->16864K(326144K)] 782627K->484726K(1025216K), 0.0659070 secs] [Times: user=0.11 sys=0.00, real=0.07 secs] 
923.775: [GC [PSYoungGen: 319648K->17620K(326720K)] 787510K->489908K(1025792K), 0.0341300 secs] [Times: user=0.11 sys=0.00, real=0.03 secs] 
924.334: [GC [PSYoungGen: 321172K->18272K(326336K)] 793460K->496520K(1025408K), 0.0792550 secs] [Times: user=0.10 sys=0.00, real=0.08 secs] 
924.732: [GC [PSYoungGen: 321824K->16872K(327296K)] 800072K->501356K(1026368K), 0.0525120 secs] [Times: user=0.11 sys=0.00, real=0.06 secs] 
925.139: [GC [PSYoungGen: 321832K->16316K(327168K)] 806316K->505759K(1026240K), 0.0434410 secs] [Times: user=0.10 sys=0.00, real=0.05 secs] 
925.545: [GC [PSYoungGen: 321276K->17010K(327616K)] 810719K->514454K(1026688K), 0.0460370 secs] [Times: user=0.11 sys=0.00, real=0.04 secs] 
925.951: [GC [PSYoungGen: 322546K->21765K(327360K)] 819990K->526509K(1026432K), 0.0533720 secs] [Times: user=0.14 sys=0.00, real=0.06 secs] 
926.415: [GC [PSYoungGen: 327301K->15901K(325952K)] 832045K->528763K(1025024K), 0.0524420 secs] [Times: user=0.10 sys=0.00, real=0.05 secs] 
926.818: [GC [PSYoungGen: 319709K->16689K(326656K)] 832571K->534694K(1025728K), 0.0481030 secs] [Times: user=0.10 sys=0.00, real=0.05 secs] 
927.272: [GC [PSYoungGen: 320497K->20285K(326016K)] 838502K->545772K(1025088K), 0.0619950 secs] [Times: user=0.12 sys=0.00, real=0.06 secs] 
927.699: [GC [PSYoungGen: 323709K->13737K(317184K)] 849196K->545932K(1016256K), 0.0368260 secs] [Times: user=0.09 sys=0.00, real=0.04 secs] 
927.995: [GC [PSYoungGen: 317146K->18744K(326400K)] 849341K->554341K(1025472K), 0.0480900 secs] [Times: user=0.10 sys=0.00, real=0.05 secs] 
928.477: [GC [PSYoungGen: 321848K->19348K(326208K)] 857445K->560072K(1025280K), 0.0679270 secs] [Times: user=0.11 sys=0.01, real=0.07 secs] 
928.875: [GC [PSYoungGen: 322452K->13803K(325952K)] 863176K->560302K(1025024K), 0.0377020 secs] [Times: user=0.10 sys=0.01, real=0.04 secs] 
929.270: [GC [PSYoungGen: 316587K->18445K(326144K)] 863086K->571313K(1025216K), 0.0470570 secs] [Times: user=0.11 sys=0.00, real=0.05 secs] 
929.738: [GC [PSYoungGen: 321229K->16167K(326720K)] 874097K->576638K(1025792K), 0.0737500 secs] [Times: user=0.12 sys=0.00, real=0.08 secs] 
930.244: [GC [PSYoungGen: 319783K->16730K(326400K)] 880254K->584239K(1025472K), 0.0454890 secs] [Times: user=0.11 sys=0.00, real=0.04 secs] 
930.561: [GC [PSYoungGen: 320346K->18135K(327296K)] 887855K->592637K(1026368K), 0.0425340 secs] [Times: user=0.11 sys=0.00, real=0.05 secs] 
931.028: [GC [PSYoungGen: 323031K->20295K(325248K)] 897533K->602432K(1024320K), 0.0495680 secs] [Times: user=0.12 sys=0.00, real=0.05 secs] 
931.483: [GC [PSYoungGen: 325191K->19847K(326208K)] 907328K->609564K(1025280K), 0.0884390 secs] [Times: user=0.13 sys=0.00, real=0.08 secs] 
931.882: [GC [PSYoungGen: 323271K->22221K(325696K)] 912988K->619988K(1024768K), 0.0436900 secs] [Times: user=0.13 sys=0.00, real=0.05 secs] 
932.321: [GC [PSYoungGen: 325645K->17215K(325760K)] 923412K->622148K(1024832K), 0.0670920 secs] [Times: user=0.11 sys=0.00, real=0.07 secs] 
932.826: [GC [PSYoungGen: 319167K->13503K(315456K)] 924100K->623579K(1014528K), 0.0441300 secs] [Times: user=0.10 sys=0.00, real=0.04 secs] 
933.174: [GC [PSYoungGen: 315455K->17229K(326016K)] 925531K->631474K(1025088K), 0.0452540 secs] [Times: user=0.10 sys=0.00, real=0.04 secs] 
933.614: [GC [PSYoungGen: 319238K->17764K(325504K)] 933484K->639330K(1024576K), 0.0602200 secs] [Times: user=0.12 sys=0.00, real=0.06 secs] 
933.974: [GC [PSYoungGen: 319780K->16787K(326912K)] 941346K->644748K(1025984K), 0.0471400 secs] [Times: user=0.11 sys=0.00, real=0.04 secs] 
934.444: [GC [PSYoungGen: 320787K->15534K(326592K)] 948748K->649719K(1025664K), 0.0517490 secs] [Times: user=0.11 sys=0.00, real=0.05 secs] 
934.806: [GC [PSYoungGen: 319534K->21035K(325376K)] 953719K->662375K(1024448K), 0.0517230 secs] [Times: user=0.13 sys=0.00, real=0.05 secs] 
935.284: [GC [PSYoungGen: 323947K->15629K(326208K)] 965287K->663144K(1025280K), 0.0668230 secs] [Times: user=0.10 sys=0.00, real=0.06 secs] 
935.740: [GC [PSYoungGen: 318541K->17576K(326976K)] 966056K->669332K(1026048K), 0.0498590 secs] [Times: user=0.10 sys=0.01, real=0.05 secs] 
936.163: [GC [PSYoungGen: 321448K->19669K(326400K)] 973204K->677092K(1025472K), 0.0597670 secs] [Times: user=0.11 sys=0.00, real=0.06 secs] 
936.565: [GC [PSYoungGen: 323525K->20061K(326016K)] 980947K->684265K(1025088K), 0.0516300 secs] [Times: user=0.12 sys=0.00, real=0.05 secs] 
937.039: [GC [PSYoungGen: 323229K->21020K(324224K)] 987433K->693940K(1023296K), 0.0700140 secs] [Times: user=0.13 sys=0.00, real=0.07 secs] 
937.384: [GC [PSYoungGen: 324188K->17332K(326080K)] 997108K->695370K(1025152K), 0.0431090 secs] [Times: user=0.11 sys=0.00, real=0.04 secs] 
937.788: [GC [PSYoungGen: 319668K->18934K(325760K)] 997706K->702418K(1024832K), 0.0747210 secs] [Times: user=0.12 sys=0.01, real=0.07 secs] 
938.232: [GC [PSYoungGen: 321270K->18825K(326656K)] 1004754K->708974K(1025728K), 0.0726700 secs] [Times: user=0.12 sys=0.00, real=0.08 secs] 
938.305: [Full GC [PSYoungGen: 18825K->0K(326656K)] [PSOldGen: 690148K->266338K(699072K)] 708974K->266338K(1025728K) [PSPermGen: 91477K->91477K(262144K)], 1.3843270 secs] [Times: user=1.38 sys=0.00, real=1.38 secs] 
940.023: [GC [PSYoungGen: 303488K->22821K(326336K)] 569826K->290507K(1025408K), 0.0483840 secs] [Times: user=0.11 sys=0.00, real=0.05 secs] 
940.425: [GC [PSYoungGen: 326309K->12967K(322624K)] 593995K->291410K(1021696K), 0.0602440 secs] [Times: user=0.10 sys=0.00, real=0.06 secs] 
940.841: [GC [PSYoungGen: 312423K->20809K(320320K)] 590866K->302348K(1019392K), 0.0637910 secs] [Times: user=0.11 sys=0.00, real=0.07 secs] 
941.312: [GC [PSYoungGen: 320265K->18995K(324736K)] 601804K->308674K(1023808K), 0.0842290 secs] [Times: user=0.11 sys=0.00, real=0.09 secs] 
941.795: [GC [PSYoungGen: 318451K->20840K(324224K)] 608130K->317398K(1023296K), 0.1057120 secs] [Times: user=0.12 sys=0.01, real=0.10 secs] 
942.236: [GC [PSYoungGen: 320296K->18974K(325120K)] 616854K->321791K(1024192K), 0.0599660 secs] [Times: user=0.11 sys=0.00, real=0.06 secs] 
942.709: [GC [PSYoungGen: 319134K->17706K(324544K)] 621951K->325856K(1023616K), 0.0333160 secs] [Times: user=0.10 sys=0.00, real=0.03 secs] 
943.202: [GC [PSYoungGen: 317866K->17154K(325696K)] 626016K->330913K(1024768K), 0.0504750 secs] [Times: user=0.11 sys=0.00, real=0.05 secs] 
943.643: [GC [PSYoungGen: 318786K->17446K(325440K)] 632545K->338916K(1024512K), 0.0456990 secs] [Times: user=0.11 sys=0.00, real=0.05 secs] 
944.109: [GC [PSYoungGen: 319078K->18124K(326464K)] 640548K->348502K(1025536K), 0.0707330 secs] [Times: user=0.12 sys=0.01, real=0.07 secs] 
944.557: [GC [PSYoungGen: 321100K->19801K(326016K)] 651478K->353754K(1025088K), 0.0614210 secs] [Times: user=0.10 sys=0.00, real=0.06 secs] 
945.008: [GC [PSYoungGen: 322777K->15435K(326272K)] 656730K->356265K(1025344K), 0.0460730 secs] [Times: user=0.11 sys=0.00, real=0.04 secs] 
945.460: [GC [PSYoungGen: 318603K->17680K(326336K)] 659433K->365296K(1025408K), 0.0399120 secs] [Times: user=0.11 sys=0.00, real=0.04 secs] 
945.822: [GC [PSYoungGen: 320848K->17171K(326976K)] 668464K->370110K(1026048K), 0.0695250 secs] [Times: user=0.10 sys=0.00, real=0.07 secs] 
946.249: [GC [PSYoungGen: 321363K->18714K(326720K)] 674302K->378512K(1025792K), 0.0503450 secs] [Times: user=0.11 sys=0.00, real=0.05 secs] 
946.626: [GC [PSYoungGen: 322906K->18005K(327616K)] 682704K->383738K(1026688K), 0.0511150 secs] [Times: user=0.12 sys=0.00, real=0.05 secs] 
947.023: [GC [PSYoungGen: 323349K->15012K(327232K)] 689082K->387319K(1026304K), 0.0702720 secs] [Times: user=0.11 sys=0.00, real=0.07 secs] 
947.456: [GC [PSYoungGen: 320356K->18270K(327680K)] 692663K->396992K(1026752K), 0.0438650 secs] [Times: user=0.11 sys=0.00, real=0.04 secs] 
947.807: [GC [PSYoungGen: 323870K->19855K(325504K)] 702592K->405754K(1024576K), 0.0496390 secs] [Times: user=0.13 sys=0.00, real=0.05 secs] 
948.252: [GC [PSYoungGen: 325455K->18242K(327680K)] 711354K->410916K(1026752K), 0.0508940 secs] [Times: user=0.11 sys=0.00, real=0.05 secs] 
948.730: [GC [PSYoungGen: 323774K->16136K(327360K)] 716448K->412675K(1026432K), 0.0342120 secs] [Times: user=0.08 sys=0.00, real=0.03 secs] 
949.191: [GC [PSYoungGen: 321672K->16718K(327936K)] 718211K->420474K(1027008K), 0.0550230 secs] [Times: user=0.10 sys=0.00, real=0.06 secs] 
949.686: [GC [PSYoungGen: 322894K->19069K(327744K)] 726650K->429112K(1026816K), 0.0430640 secs] [Times: user=0.12 sys=0.01, real=0.04 secs] 
950.156: [GC [PSYoungGen: 325245K->21503K(325888K)] 735288K->439041K(1024960K), 0.0758030 secs] [Times: user=0.12 sys=0.00, real=0.07 secs] 
950.624: [GC [PSYoungGen: 325695K->19387K(326848K)] 743233K->443913K(1025920K), 0.0463840 secs] [Times: user=0.12 sys=0.01, real=0.05 secs] 
951.071: [GC [PSYoungGen: 323579K->16250K(326912K)] 748105K->448269K(1025984K), 0.0352700 secs] [Times: user=0.10 sys=0.00, real=0.04 secs] 
951.437: [GC [PSYoungGen: 320570K->21447K(325824K)] 752589K->460495K(1024896K), 0.0584390 secs] [Times: user=0.12 sys=0.00, real=0.06 secs] 
951.931: [GC [PSYoungGen: 325767K->16622K(326336K)] 764815K->463232K(1025408K), 0.0470280 secs] [Times: user=0.10 sys=0.00, real=0.05 secs] 
952.325: [GC [PSYoungGen: 319598K->17325K(326144K)] 766208K->467871K(1025216K), 0.0538170 secs] [Times: user=0.10 sys=0.00, real=0.06 secs] 
952.815: [GC [PSYoungGen: 320301K->15185K(326528K)] 770847K->471288K(1025600K), 0.0377040 secs] [Times: user=0.09 sys=0.00, real=0.04 secs] 
953.212: [GC [PSYoungGen: 318865K->19473K(323200K)] 774968K->480094K(1022272K), 0.0560350 secs] [Times: user=0.10 sys=0.00, real=0.06 secs] 
953.664: [GC [PSYoungGen: 323153K->17899K(326976K)] 783774K->486031K(1026048K), 0.0539250 secs] [Times: user=0.11 sys=0.00, real=0.06 secs] 
954.142: [GC [PSYoungGen: 321899K->16613K(326528K)] 790031K->491864K(1025600K), 0.0867410 secs] [Times: user=0.11 sys=0.01, real=0.09 secs] 
954.553: [GC [PSYoungGen: 320613K->19408K(326912K)] 795864K->501123K(1025984K), 0.0604030 secs] [Times: user=0.11 sys=0.00, real=0.06 secs] 
954.999: [GC [PSYoungGen: 323984K->19827K(324416K)] 805699K->511615K(1023488K), 0.0707340 secs] [Times: user=0.13 sys=0.00, real=0.07 secs] 
955.421: [GC [PSYoungGen: 324403K->18400K(327232K)] 816191K->515460K(1026304K), 0.0575330 secs] [Times: user=0.10 sys=0.00, real=0.06 secs] 
955.840: [GC [PSYoungGen: 322976K->16813K(326848K)] 820036K->519695K(1025920K), 0.0434050 secs] [Times: user=0.11 sys=0.00, real=0.04 secs] 
956.248: [GC [PSYoungGen: 321389K->14473K(326976K)] 824271K->521084K(1026048K), 0.0312480 secs] [Times: user=0.08 sys=0.01, real=0.03 secs] 
956.700: [GC [PSYoungGen: 319305K->16886K(327168K)] 825916K->529084K(1026240K), 0.0569540 secs] [Times: user=0.11 sys=0.00, real=0.06 secs] 
957.214: [GC [PSYoungGen: 321718K->16986K(327808K)] 833916K->538614K(1026880K), 0.0501310 secs] [Times: user=0.11 sys=0.00, real=0.05 secs] 
957.679: [GC [PSYoungGen: 322778K->19491K(327488K)] 844406K->549360K(1026560K), 0.0555510 secs] [Times: user=0.12 sys=0.01, real=0.05 secs] 
958.149: [GC [PSYoungGen: 325283K->20688K(326208K)] 855152K->559453K(1025280K), 0.0532540 secs] [Times: user=0.14 sys=0.00, real=0.05 secs] 
958.709: [GC [PSYoungGen: 324880K->18474K(326848K)] 863645K->565948K(1025920K), 0.0592770 secs] [Times: user=0.12 sys=0.01, real=0.06 secs] 
959.207: [GC [PSYoungGen: 322653K->19383K(327040K)] 870126K->570636K(1026112K), 0.0422660 secs] [Times: user=0.11 sys=0.00, real=0.05 secs] 
959.580: [GC [PSYoungGen: 324087K->17808K(327104K)] 875340K->571655K(1026176K), 0.0597440 secs] [Times: user=0.09 sys=0.00, real=0.06 secs] 
960.040: [GC [PSYoungGen: 322512K->19835K(327040K)] 876359K->579112K(1026112K), 0.0697810 secs] [Times: user=0.11 sys=0.01, real=0.07 secs] 
960.606: [GC [PSYoungGen: 324795K->15247K(320256K)] 884072K->582550K(1019328K), 0.0589700 secs] [Times: user=0.10 sys=0.00, real=0.06 secs] 
961.016: [GC [PSYoungGen: 320207K->18049K(327488K)] 887510K->590334K(1026560K), 0.0492320 secs] [Times: user=0.11 sys=0.00, real=0.05 secs] 
961.420: [GC [PSYoungGen: 323137K->17002K(327104K)] 895422K->596342K(1026176K), 0.0650780 secs] [Times: user=0.11 sys=0.01, real=0.06 secs] 
961.759: [GC [PSYoungGen: 322090K->17788K(328064K)] 901430K->603520K(1027136K), 0.0507950 secs] [Times: user=0.11 sys=0.01, real=0.05 secs] 
962.177: [GC [PSYoungGen: 324092K->18732K(327744K)] 909824K->612770K(1026816K), 0.0802680 secs] [Times: user=0.13 sys=0.00, real=0.08 secs] 
962.669: [GC [PSYoungGen: 325036K->18844K(328128K)] 919074K->619010K(1027200K), 0.0470350 secs] [Times: user=0.11 sys=0.00, real=0.04 secs] 
963.106: [GC [PSYoungGen: 325596K->20727K(327488K)] 925762K->628589K(1026560K), 0.0781210 secs] [Times: user=0.12 sys=0.01, real=0.08 secs] 
963.489: [GC [PSYoungGen: 327479K->19939K(327104K)] 935341K->635404K(1026176K), 0.0645630 secs] [Times: user=0.12 sys=0.00, real=0.06 secs] 
963.890: [GC [PSYoungGen: 325027K->15745K(320896K)] 940492K->634925K(1019968K), 0.0396480 secs] [Times: user=0.09 sys=0.00, real=0.04 secs] 
964.365: [GC [PSYoungGen: 320833K->21877K(325248K)] 940013K->647230K(1024320K), 0.0715850 secs] [Times: user=0.12 sys=0.01, real=0.07 secs] 
964.777: [GC [PSYoungGen: 324789K->16209K(326208K)] 950142K->650549K(1025280K), 0.0565240 secs] [Times: user=0.12 sys=0.00, real=0.06 secs] 
965.208: [GC [PSYoungGen: 319121K->18817K(326592K)] 953461K->659634K(1025664K), 0.0606570 secs] [Times: user=0.12 sys=0.00, real=0.07 secs] 
965.716: [GC [PSYoungGen: 322177K->16680K(326272K)] 962994K->664554K(1025344K), 0.0592870 secs] [Times: user=0.11 sys=0.00, real=0.06 secs] 
966.171: [GC [PSYoungGen: 320040K->20837K(325632K)] 967914K->674375K(1024704K), 0.0595820 secs] [Times: user=0.12 sys=0.00, real=0.06 secs] 
966.643: [GC [PSYoungGen: 323749K->16807K(326208K)] 977287K->679177K(1025280K), 0.0635880 secs] [Times: user=0.12 sys=0.00, real=0.06 secs] 
967.017: [GC [PSYoungGen: 319719K->20804K(325504K)] 982089K->687702K(1024576K), 0.0543130 secs] [Times: user=0.12 sys=0.00, real=0.06 secs] 
967.402: [GC [PSYoungGen: 323204K->16241K(325952K)] 990102K->690164K(1025024K), 0.0345390 secs] [Times: user=0.11 sys=0.00, real=0.03 secs] 
967.763: [GC [PSYoungGen: 318641K->18009K(326528K)] 992564K->698840K(1025600K), 0.0944790 secs] [Times: user=0.12 sys=0.01, real=0.09 secs] 
968.144: [GC [PSYoungGen: 321113K->18664K(326080K)] 1001944K->705909K(1025152K), 0.0510030 secs] [Times: user=0.11 sys=0.00, real=0.05 secs] 
968.560: [GC [PSYoungGen: 321768K->15989K(326912K)] 1009013K->711316K(1025984K), 0.0644800 secs] [Times: user=0.11 sys=0.01, real=0.06 secs] 
968.624: [Full GC [PSYoungGen: 15989K->0K(326912K)] [PSOldGen: 695327K->271606K(699072K)] 711316K->271606K(1025984K) [PSPermGen: 91497K->91497K(262144K)], 1.3625410 secs] [Times: user=1.36 sys=0.00, real=1.36 secs] 
970.428: [GC [PSYoungGen: 304256K->22567K(326848K)] 575862K->294542K(1025920K), 0.0694670 secs] [Times: user=0.11 sys=0.00, real=0.07 secs] 
970.852: [GC [PSYoungGen: 326823K->19201K(324800K)] 598798K->299318K(1023872K), 0.0507010 secs] [Times: user=0.12 sys=0.00, real=0.05 secs] 
971.247: [GC [PSYoungGen: 321345K->15269K(317440K)] 601462K->300474K(1016512K), 0.0436140 secs] [Times: user=0.08 sys=0.00, real=0.05 secs] 
971.620: [GC [PSYoungGen: 317413K->22283K(323968K)] 602618K->314694K(1023040K), 0.0488150 secs] [Times: user=0.13 sys=0.00, real=0.04 secs] 
972.067: [GC [PSYoungGen: 322507K->18176K(324864K)] 614918K->319285K(1023936K), 0.0626800 secs] [Times: user=0.11 sys=0.00, real=0.07 secs] 
972.481: [GC [PSYoungGen: 318400K->16764K(325568K)] 619509K->322909K(1024640K), 0.0495850 secs] [Times: user=0.09 sys=0.00, real=0.05 secs] 
972.835: [GC [PSYoungGen: 318204K->18515K(325376K)] 624349K->328810K(1024448K), 0.0441810 secs] [Times: user=0.10 sys=0.00, real=0.04 secs] 
973.234: [GC [PSYoungGen: 319955K->19797K(326080K)] 630250K->335556K(1025152K), 0.0590290 secs] [Times: user=0.11 sys=0.00, real=0.06 secs] 
973.570: [GC [PSYoungGen: 322453K->18114K(326080K)] 638212K->340388K(1025152K), 0.0471990 secs] [Times: user=0.11 sys=0.00, real=0.04 secs] 
974.012: [GC [PSYoungGen: 320770K->13686K(325696K)] 643044K->342793K(1024768K), 0.0399010 secs] [Times: user=0.09 sys=0.00, real=0.04 secs] 
974.451: [GC [PSYoungGen: 316322K->17627K(326080K)] 645429K->352135K(1025152K), 0.0342830 secs] [Times: user=0.10 sys=0.00, real=0.03 secs] 
974.879: [GC [PSYoungGen: 320283K->16465K(326784K)] 654791K->360789K(1025856K), 0.0487780 secs] [Times: user=0.11 sys=0.00, real=0.04 secs] 
975.271: [GC [PSYoungGen: 320273K->16349K(326528K)] 664597K->367617K(1025600K), 0.0511020 secs] [Times: user=0.12 sys=0.00, real=0.05 secs] 
975.644: [GC [PSYoungGen: 320157K->19480K(326720K)] 671425K->376398K(1025792K), 0.0529760 secs] [Times: user=0.11 sys=0.00, real=0.05 secs] 
976.130: [GC [PSYoungGen: 323672K->20760K(324992K)] 680590K->384915K(1024064K), 0.0476580 secs] [Times: user=0.12 sys=0.00, real=0.04 secs] 
976.502: [GC [PSYoungGen: 324952K->18458K(326656K)] 689107K->390957K(1025728K), 0.0625340 secs] [Times: user=0.12 sys=0.00, real=0.06 secs] 
976.868: [GC [PSYoungGen: 321882K->19570K(326272K)] 694381K->398507K(1025344K), 0.0633320 secs] [Times: user=0.11 sys=0.01, real=0.07 secs] 
977.244: [GC [PSYoungGen: 322994K->17380K(326912K)] 701931K->403385K(1025984K), 0.0426410 secs] [Times: user=0.11 sys=0.00, real=0.04 secs] 
977.662: [GC [PSYoungGen: 321380K->16500K(326592K)] 707385K->408544K(1025664K), 0.0465980 secs] [Times: user=0.10 sys=0.00, real=0.04 secs] 
978.082: [GC [PSYoungGen: 320494K->18161K(327424K)] 712537K->415720K(1026496K), 0.0629640 secs] [Times: user=0.10 sys=0.00, real=0.06 secs] 
978.503: [GC [PSYoungGen: 323121K->14933K(327040K)] 720680K->421212K(1026112K), 0.0431070 secs] [Times: user=0.11 sys=0.00, real=0.04 secs] 
978.985: [GC [PSYoungGen: 319893K->16719K(327552K)] 726172K->427889K(1026624K), 0.0410090 secs] [Times: user=0.10 sys=0.00, real=0.04 secs] 
979.303: [GC [PSYoungGen: 322063K->21609K(326976K)] 733233K->438816K(1026048K), 0.0584180 secs] [Times: user=0.12 sys=0.00, real=0.06 secs] 
979.865: [GC [PSYoungGen: 326953K->17296K(326848K)] 744160K->440610K(1025920K), 0.0764350 secs] [Times: user=0.11 sys=0.00, real=0.08 secs] 
980.321: [GC [PSYoungGen: 321616K->16585K(326912K)] 744930K->445289K(1025984K), 0.0461090 secs] [Times: user=0.09 sys=0.01, real=0.04 secs] 
980.707: [GC [PSYoungGen: 320905K->21715K(325184K)] 749609K->458124K(1024256K), 0.0536740 secs] [Times: user=0.12 sys=0.00, real=0.06 secs] 
981.111: [GC [PSYoungGen: 324499K->19406K(326144K)] 760908K->466249K(1025216K), 0.0574580 secs] [Times: user=0.12 sys=0.00, real=0.05 secs] 
981.598: [GC [PSYoungGen: 322190K->18533K(326592K)] 769033K->472201K(1025664K), 0.0533290 secs] [Times: user=0.11 sys=0.00, real=0.06 secs] 
982.048: [GC [PSYoungGen: 321829K->17892K(326208K)] 775497K->476407K(1025280K), 0.0402850 secs] [Times: user=0.10 sys=0.00, real=0.04 secs] 
982.439: [GC [PSYoungGen: 321188K->17733K(327296K)] 779703K->482249K(1026368K), 0.0459850 secs] [Times: user=0.11 sys=0.00, real=0.05 secs] 
982.870: [GC [PSYoungGen: 322501K->20742K(325568K)] 787017K->491734K(1024640K), 0.0576400 secs] [Times: user=0.12 sys=0.00, real=0.05 secs] 
983.237: [GC [PSYoungGen: 325510K->18305K(327168K)] 796502K->498538K(1026240K), 0.0388380 secs] [Times: user=0.12 sys=0.01, real=0.04 secs] 
983.637: [GC [PSYoungGen: 322753K->13259K(317760K)] 802986K->498376K(1016832K), 0.0352590 secs] [Times: user=0.08 sys=0.00, real=0.04 secs] 
984.058: [GC [PSYoungGen: 317707K->19704K(326400K)] 802824K->511923K(1025472K), 0.0831310 secs] [Times: user=0.12 sys=0.01, real=0.09 secs] 
984.471: [GC [PSYoungGen: 323256K->19708K(323264K)] 815475K->518911K(1022336K), 0.0479170 secs] [Times: user=0.11 sys=0.00, real=0.05 secs] 
984.914: [GC [PSYoungGen: 323260K->19050K(326592K)] 822463K->526354K(1025664K), 0.0492110 secs] [Times: user=0.12 sys=0.00, real=0.05 secs] 
985.312: [GC [PSYoungGen: 322538K->16385K(326400K)] 829842K->529246K(1025472K), 0.0505640 secs] [Times: user=0.09 sys=0.00, real=0.05 secs] 
985.690: [GC [PSYoungGen: 319873K->21685K(325056K)] 832734K->539995K(1024128K), 0.0625530 secs] [Times: user=0.12 sys=0.01, real=0.07 secs] 
986.069: [GC [PSYoungGen: 323957K->20216K(322496K)] 842267K->547068K(1021568K), 0.0475190 secs] [Times: user=0.12 sys=0.00, real=0.05 secs] 
986.427: [GC [PSYoungGen: 322488K->16207K(325824K)] 849340K->546013K(1024896K), 0.0386750 secs] [Times: user=0.09 sys=0.01, real=0.04 secs] 
986.803: [GC [PSYoungGen: 318287K->17129K(325760K)] 848093K->550842K(1024832K), 0.0564020 secs] [Times: user=0.09 sys=0.01, real=0.05 secs] 
987.166: [GC [PSYoungGen: 319209K->22051K(324352K)] 852922K->560842K(1023424K), 0.0520440 secs] [Times: user=0.11 sys=0.00, real=0.05 secs] 
987.590: [GC [PSYoungGen: 323043K->20515K(321536K)] 861834K->567165K(1020608K), 0.0506310 secs] [Times: user=0.12 sys=0.01, real=0.06 secs] 
988.105: [GC [PSYoungGen: 321507K->18067K(325568K)] 868157K->571036K(1024640K), 0.0452270 secs] [Times: user=0.11 sys=0.00, real=0.04 secs] 
988.704: [GC [PSYoungGen: 319251K->16649K(325120K)] 872220K->573114K(1024192K), 0.0787290 secs] [Times: user=0.08 sys=0.00, real=0.08 secs] 
989.099: [GC [PSYoungGen: 317833K->22018K(324160K)] 874298K->583859K(1023232K), 0.0644240 secs] [Times: user=0.13 sys=0.00, real=0.07 secs] 
989.580: [GC [PSYoungGen: 322370K->16416K(324928K)] 884211K->587672K(1024000K), 0.0507880 secs] [Times: user=0.12 sys=0.00, real=0.06 secs] 
989.916: [GC [PSYoungGen: 316768K->18941K(325568K)] 888024K->593222K(1024640K), 0.0397960 secs] [Times: user=0.10 sys=0.00, real=0.04 secs] 
990.324: [GC [PSYoungGen: 320061K->18376K(325056K)] 894342K->602018K(1024128K), 0.0580940 secs] [Times: user=0.12 sys=0.00, real=0.06 secs] 
990.703: [GC [PSYoungGen: 319496K->19176K(326272K)] 903138K->610378K(1025344K), 0.0682520 secs] [Times: user=0.11 sys=0.00, real=0.06 secs] 
991.092: [GC [PSYoungGen: 321960K->14148K(316992K)] 913162K->610420K(1016064K), 0.0668910 secs] [Times: user=0.12 sys=0.01, real=0.07 secs] 
991.463: [GC [PSYoungGen: 316932K->16178K(326144K)] 913204K->616235K(1025216K), 0.0405620 secs] [Times: user=0.10 sys=0.00, real=0.04 secs] 
991.898: [GC [PSYoungGen: 318764K->17476K(325952K)] 918821K->623776K(1025024K), 0.0568370 secs] [Times: user=0.11 sys=0.00, real=0.06 secs] 
992.384: [GC [PSYoungGen: 320064K->16951K(326912K)] 926364K->629952K(1025984K), 0.0738890 secs] [Times: user=0.11 sys=0.00, real=0.07 secs] 
992.852: [GC [PSYoungGen: 320947K->17159K(326592K)] 933947K->636588K(1025664K), 0.0459780 secs] [Times: user=0.11 sys=0.00, real=0.05 secs] 
993.229: [GC [PSYoungGen: 321159K->17315K(327616K)] 940588K->641662K(1026688K), 0.0442530 secs] [Times: user=0.10 sys=0.00, real=0.05 secs] 
993.597: [GC [PSYoungGen: 322659K->18287K(327232K)] 947006K->649330K(1026304K), 0.0517810 secs] [Times: user=0.10 sys=0.00, real=0.05 secs] 
994.108: [GC [PSYoungGen: 323631K->18385K(328000K)] 954674K->657376K(1027072K), 0.1006500 secs] [Times: user=0.12 sys=0.01, real=0.10 secs] 
994.543: [GC [PSYoungGen: 324689K->17677K(327808K)] 963680K->662976K(1026880K), 0.0507980 secs] [Times: user=0.11 sys=0.00, real=0.05 secs] 
995.000: [GC [PSYoungGen: 323981K->18359K(328448K)] 969280K->670830K(1027520K), 0.0498120 secs] [Times: user=0.13 sys=0.00, real=0.05 secs] 
995.437: [GC [PSYoungGen: 325583K->20993K(328320K)] 978054K->681762K(1027392K), 0.0931340 secs] [Times: user=0.13 sys=0.00, real=0.09 secs] 
995.856: [GC [PSYoungGen: 328257K->20796K(325760K)] 989026K->687528K(1024832K), 0.0504350 secs] [Times: user=0.12 sys=0.00, real=0.05 secs] 
996.355: [GC [PSYoungGen: 325372K->15611K(320192K)] 992104K->688660K(1019264K), 0.0497240 secs] [Times: user=0.12 sys=0.01, real=0.05 secs] 
996.776: [GC [PSYoungGen: 320187K->16493K(327104K)] 993236K->694979K(1026176K), 0.0521870 secs] [Times: user=0.10 sys=0.00, real=0.05 secs] 
997.178: [GC [PSYoungGen: 321005K->19871K(324416K)] 999491K->704731K(1023488K), 0.0500050 secs] [Times: user=0.12 sys=0.00, real=0.05 secs] 
997.681: [GC [PSYoungGen: 324383K->17895K(327232K)] 1009243K->710230K(1026304K), 0.0698680 secs] [Times: user=0.12 sys=0.00, real=0.07 secs] 
997.751: [Full GC [PSYoungGen: 17895K->0K(327232K)] [PSOldGen: 692334K->267373K(699072K)] 710230K->267373K(1026304K) [PSPermGen: 91513K->91513K(262144K)], 1.3341500 secs] [Times: user=1.33 sys=0.00, real=1.34 secs] 
999.497: [GC [PSYoungGen: 304576K->21296K(325888K)] 571949K->288670K(1024960K), 0.0819440 secs] [Times: user=0.09 sys=0.00, real=0.08 secs] 
999.939: [GC [PSYoungGen: 325872K->17779K(326784K)] 593246K->297229K(1025856K), 0.0505460 secs] [Times: user=0.13 sys=0.00, real=0.05 secs] 
1000.380: [GC [PSYoungGen: 321523K->14424K(326464K)] 600973K->301131K(1025536K), 0.0382290 secs] [Times: user=0.09 sys=0.00, real=0.04 secs] 
1000.752: [GC [PSYoungGen: 318168K->17646K(326976K)] 604875K->310919K(1026048K), 0.0401540 secs] [Times: user=0.11 sys=0.00, real=0.04 secs] 
1001.141: [GC [PSYoungGen: 321646K->17908K(326528K)] 614919K->318976K(1025600K), 0.0517920 secs] [Times: user=0.11 sys=0.00, real=0.06 secs] 
1001.527: [GC [PSYoungGen: 321908K->18454K(327680K)] 622976K->327955K(1026752K), 0.0695460 secs] [Times: user=0.12 sys=0.01, real=0.07 secs] 
1001.950: [GC [PSYoungGen: 324054K->16727K(327424K)] 633555K->332963K(1026496K), 0.0615680 secs] [Times: user=0.10 sys=0.00, real=0.06 secs] 
1002.378: [GC [PSYoungGen: 322327K->20234K(326784K)] 638563K->343575K(1025856K), 0.0532150 secs] [Times: user=0.12 sys=0.00, real=0.05 secs] 
1002.785: [GC [PSYoungGen: 325322K->18730K(327296K)] 648663K->350559K(1026368K), 0.0588690 secs] [Times: user=0.12 sys=0.01, real=0.06 secs] 
1003.284: [GC [PSYoungGen: 323818K->16246K(327552K)] 655647K->354689K(1026624K), 0.0377020 secs] [Times: user=0.09 sys=0.00, real=0.03 secs] 
1003.727: [GC [PSYoungGen: 321782K->16147K(327488K)] 660225K->359555K(1026560K), 0.0436920 secs] [Times: user=0.10 sys=0.00, real=0.04 secs] 
1004.096: [GC [PSYoungGen: 321683K->20967K(326080K)] 665091K->371844K(1025152K), 0.0615870 secs] [Times: user=0.13 sys=0.00, real=0.06 secs] 
1004.491: [GC [PSYoungGen: 325159K->19938K(324160K)] 676036K->376922K(1023232K), 0.0355450 secs] [Times: user=0.11 sys=0.00, real=0.04 secs] 
1004.897: [GC [PSYoungGen: 324130K->19489K(326656K)] 681114K->381670K(1025728K), 0.0573020 secs] [Times: user=0.11 sys=0.00, real=0.06 secs] 
1005.346: [GC [PSYoungGen: 323297K->20400K(324224K)] 685478K->388724K(1023296K), 0.0394800 secs] [Times: user=0.11 sys=0.00, real=0.04 secs] 
1005.791: [GC [PSYoungGen: 324208K->13247K(325440K)] 692532K->384987K(1024512K), 0.0269090 secs] [Times: user=0.07 sys=0.00, real=0.03 secs] 
1006.127: [GC [PSYoungGen: 315519K->23060K(325376K)] 687259K->400062K(1024448K), 0.0678510 secs] [Times: user=0.12 sys=0.01, real=0.07 secs] 
1006.579: [GC [PSYoungGen: 325332K->14294K(323584K)] 702334K->403477K(1022656K), 0.0681480 secs] [Times: user=0.11 sys=0.00, real=0.07 secs] 
1006.977: [GC [PSYoungGen: 313750K->17751K(324480K)] 702933K->409488K(1023552K), 0.0763990 secs] [Times: user=0.12 sys=0.01, real=0.08 secs] 
1007.378: [GC [PSYoungGen: 317207K->15555K(325312K)] 708944K->415065K(1024384K), 0.0406020 secs] [Times: user=0.11 sys=0.00, real=0.04 secs] 
1007.753: [GC [PSYoungGen: 316483K->18505K(325120K)] 715993K->426459K(1024192K), 0.0546750 secs] [Times: user=0.12 sys=0.00, real=0.06 secs] 
1008.150: [GC [PSYoungGen: 319433K->18795K(325952K)] 727387K->432668K(1025024K), 0.0518720 secs] [Times: user=0.11 sys=0.01, real=0.05 secs] 
1008.576: [GC [PSYoungGen: 320939K->17076K(325696K)] 734812K->435699K(1024768K), 0.0428820 secs] [Times: user=0.11 sys=0.00, real=0.04 secs] 
1009.010: [GC [PSYoungGen: 319220K->17760K(326848K)] 737843K->441350K(1025920K), 0.0609800 secs] [Times: user=0.11 sys=0.00, real=0.06 secs] 
1009.422: [GC [PSYoungGen: 321440K->17521K(326336K)] 745030K->447833K(1025408K), 0.0456910 secs] [Times: user=0.11 sys=0.01, real=0.05 secs] 
1009.860: [GC [PSYoungGen: 321201K->17876K(327680K)] 751513K->455311K(1026752K), 0.0521910 secs] [Times: user=0.10 sys=0.00, real=0.05 secs] 
1010.212: [GC [PSYoungGen: 323284K->18937K(327232K)] 760719K->463945K(1026304K), 0.0556390 secs] [Times: user=0.12 sys=0.00, real=0.06 secs] 
1010.597: [GC [PSYoungGen: 324345K->18435K(327872K)] 769353K->471318K(1026944K), 0.0471520 secs] [Times: user=0.12 sys=0.00, real=0.04 secs] 
1011.017: [GC [PSYoungGen: 324483K->14691K(327680K)] 777366K->471035K(1026752K), 0.0469600 secs] [Times: user=0.08 sys=0.01, real=0.04 secs] 
1011.430: [GC [PSYoungGen: 320739K->16709K(327936K)] 777083K->477378K(1027008K), 0.0409240 secs] [Times: user=0.09 sys=0.00, real=0.04 secs] 
1011.799: [GC [PSYoungGen: 322818K->14655K(327680K)] 783487K->482589K(1026752K), 0.0378980 secs] [Times: user=0.10 sys=0.00, real=0.04 secs] 
1012.257: [GC [PSYoungGen: 320767K->19160K(327296K)] 788701K->493109K(1026368K), 0.0504940 secs] [Times: user=0.12 sys=0.00, real=0.05 secs] 
1012.624: [GC [PSYoungGen: 324755K->16786K(327552K)] 798705K->499534K(1026624K), 0.0716220 secs] [Times: user=0.11 sys=0.01, real=0.08 secs] 
1013.045: [GC [PSYoungGen: 322386K->18475K(327936K)] 805134K->507067K(1027008K), 0.0469740 secs] [Times: user=0.11 sys=0.00, real=0.05 secs] 
1013.478: [GC [PSYoungGen: 324779K->12184K(318528K)] 813371K->506417K(1017600K), 0.0869850 secs] [Times: user=0.09 sys=0.00, real=0.09 secs] 
1013.884: [GC [PSYoungGen: 318480K->18402K(327424K)] 812713K->517625K(1026496K), 0.0461610 secs] [Times: user=0.11 sys=0.01, real=0.05 secs] 
1014.345: [GC [PSYoungGen: 323746K->18108K(327424K)] 822969K->527117K(1026496K), 0.0648490 secs] [Times: user=0.12 sys=0.00, real=0.06 secs] 
1014.735: [GC [PSYoungGen: 323452K->21061K(325632K)] 832461K->537568K(1024704K), 0.0551290 secs] [Times: user=0.12 sys=0.01, real=0.05 secs] 
1015.202: [GC [PSYoungGen: 324741K->20973K(324672K)] 841248K->546943K(1023744K), 0.0527600 secs] [Times: user=0.14 sys=0.00, real=0.05 secs] 
1015.637: [GC [PSYoungGen: 324643K->16192K(326144K)] 850612K->548775K(1025216K), 0.0425670 secs] [Times: user=0.10 sys=0.00, real=0.04 secs] 
1016.039: [GC [PSYoungGen: 318720K->17577K(325888K)] 851303K->553426K(1024960K), 0.0553500 secs] [Times: user=0.10 sys=0.00, real=0.06 secs] 
1016.510: [GC [PSYoungGen: 320105K->18474K(326912K)] 855954K->559156K(1025984K), 0.0558550 secs] [Times: user=0.11 sys=0.00, real=0.06 secs] 
1016.931: [GC [PSYoungGen: 322535K->18800K(326656K)] 863217K->568301K(1025728K), 0.0376270 secs] [Times: user=0.11 sys=0.00, real=0.04 secs] 
1017.301: [GC [PSYoungGen: 322864K->15851K(327104K)] 872365K->572030K(1026176K), 0.0569560 secs] [Times: user=0.10 sys=0.00, real=0.06 secs] 
1017.738: [GC [PSYoungGen: 320491K->19489K(324160K)] 876670K->582976K(1023232K), 0.0672860 secs] [Times: user=0.11 sys=0.00, real=0.06 secs] 
1018.249: [GC [PSYoungGen: 324129K->16623K(327168K)] 887616K->586553K(1026240K), 0.0467310 secs] [Times: user=0.11 sys=0.00, real=0.04 secs] 
1018.658: [GC [PSYoungGen: 321199K->18192K(326912K)] 891129K->593509K(1025984K), 0.0620850 secs] [Times: user=0.10 sys=0.00, real=0.06 secs] 
1019.090: [GC [PSYoungGen: 322768K->19056K(327360K)] 898085K->600707K(1026432K), 0.0485180 secs] [Times: user=0.12 sys=0.00, real=0.05 secs] 
1019.485: [GC [PSYoungGen: 324400K->16461K(327424K)] 906051K->606499K(1026496K), 0.0431240 secs] [Times: user=0.11 sys=0.01, real=0.05 secs] 
1019.900: [GC [PSYoungGen: 321805K->18791K(327616K)] 911843K->613057K(1026688K), 0.0549350 secs] [Times: user=0.11 sys=0.01, real=0.05 secs] 
1020.301: [GC [PSYoungGen: 324519K->18496K(327616K)] 918785K->617390K(1026688K), 0.0539420 secs] [Times: user=0.10 sys=0.00, real=0.05 secs] 
1020.668: [GC [PSYoungGen: 324224K->20231K(326784K)] 923118K->625805K(1025856K), 0.0606570 secs] [Times: user=0.12 sys=0.00, real=0.06 secs] 
1021.033: [GC [PSYoungGen: 325319K->22196K(327296K)] 930893K->635688K(1026368K), 0.0545130 secs] [Times: user=0.13 sys=0.00, real=0.06 secs] 
1021.424: [GC [PSYoungGen: 327284K->16246K(319616K)] 940776K->637199K(1018688K), 0.0493370 secs] [Times: user=0.10 sys=0.00, real=0.05 secs] 
1021.869: [GC [PSYoungGen: 313654K->15119K(323456K)] 934607K->641974K(1022528K), 0.0540760 secs] [Times: user=0.11 sys=0.00, real=0.05 secs] 
1022.290: [GC [PSYoungGen: 312527K->18185K(324160K)] 939382K->651201K(1023232K), 0.0535330 secs] [Times: user=0.12 sys=0.01, real=0.05 secs] 
1022.656: [GC [PSYoungGen: 316297K->18126K(323456K)] 949313K->658001K(1022528K), 0.0463680 secs] [Times: user=0.11 sys=0.01, real=0.05 secs] 
1023.060: [GC [PSYoungGen: 316238K->17528K(325184K)] 956113K->663677K(1024256K), 0.0403700 secs] [Times: user=0.12 sys=0.00, real=0.04 secs] 
1023.501: [GC [PSYoungGen: 317944K->19246K(324736K)] 964093K->672958K(1023808K), 0.0502430 secs] [Times: user=0.12 sys=0.00, real=0.05 secs] 
1024.007: [GC [PSYoungGen: 319662K->15778K(325504K)] 973374K->676611K(1024576K), 0.0682230 secs] [Times: user=0.11 sys=0.00, real=0.06 secs] 
1024.432: [GC [PSYoungGen: 317218K->18866K(325440K)] 978051K->683045K(1024512K), 0.0407770 secs] [Times: user=0.11 sys=0.00, real=0.04 secs] 
1024.833: [GC [PSYoungGen: 320306K->18718K(326272K)] 984485K->692055K(1025344K), 0.0616940 secs] [Times: user=0.12 sys=0.00, real=0.06 secs] 
1025.234: [GC [PSYoungGen: 321374K->18578K(325888K)] 994711K->697348K(1024960K), 0.0798840 secs] [Times: user=0.11 sys=0.00, real=0.08 secs] 
1025.645: [GC [PSYoungGen: 321234K->12494K(325504K)] 1000004K->696181K(1024576K), 0.0451520 secs] [Times: user=0.09 sys=0.00, real=0.05 secs] 
1026.103: [GC [PSYoungGen: 315150K->18879K(326080K)] 998837K->708493K(1025152K), 0.0585850 secs] [Times: user=0.10 sys=0.00, real=0.06 secs] 
1026.162: [Full GC [PSYoungGen: 18879K->0K(326080K)] [PSOldGen: 689613K->240665K(699072K)] 708493K->240665K(1025152K) [PSPermGen: 91526K->91474K(262144K)], 1.4054310 secs] [Times: user=1.40 sys=0.01, real=1.41 secs] 
1027.896: [GC [PSYoungGen: 302656K->21796K(324480K)] 543321K->262462K(1023552K), 0.0607510 secs] [Times: user=0.10 sys=0.00, real=0.07 secs] 
1028.279: [GC [PSYoungGen: 323044K->16261K(325376K)] 563710K->268312K(1024448K), 0.0672110 secs] [Times: user=0.11 sys=0.00, real=0.06 secs] 
1028.684: [GC [PSYoungGen: 317509K->17412K(326080K)] 569560K->275130K(1025152K), 0.0602680 secs] [Times: user=0.11 sys=0.00, real=0.06 secs] 
1029.091: [GC [PSYoungGen: 319556K->21646K(323840K)] 577274K->286609K(1022912K), 0.0624320 secs] [Times: user=0.12 sys=0.02, real=0.06 secs] 
1029.540: [GC [PSYoungGen: 323790K->19339K(325504K)] 588753K->294302K(1024576K), 0.0551710 secs] [Times: user=0.13 sys=0.00, real=0.05 secs] 
1029.992: [GC [PSYoungGen: 320587K->18570K(325248K)] 595550K->299649K(1024320K), 0.0451650 secs] [Times: user=0.10 sys=0.00, real=0.05 secs] 
1030.434: [GC [PSYoungGen: 319818K->21250K(324992K)] 600897K->309302K(1024064K), 0.0657530 secs] [Times: user=0.12 sys=0.00, real=0.07 secs] 
1030.839: [GC [PSYoungGen: 322754K->14686K(316224K)] 610806K->311337K(1015296K), 0.0593320 secs] [Times: user=0.10 sys=0.00, real=0.06 secs] 
1031.243: [GC [PSYoungGen: 316190K->18769K(325760K)] 612841K->321565K(1024832K), 0.0417510 secs] [Times: user=0.11 sys=0.00, real=0.04 secs] 
1031.658: [GC [PSYoungGen: 320337K->13502K(325312K)] 623133K->322695K(1024384K), 0.0414280 secs] [Times: user=0.09 sys=0.00, real=0.05 secs] 
1032.069: [GC [PSYoungGen: 315070K->21865K(323776K)] 624263K->334790K(1022848K), 0.0629940 secs] [Times: user=0.11 sys=0.00, real=0.06 secs] 
1032.479: [GC [PSYoungGen: 321570K->17985K(324608K)] 634495K->340354K(1023680K), 0.0441520 secs] [Times: user=0.12 sys=0.00, real=0.04 secs] 
1032.864: [GC [PSYoungGen: 317697K->18052K(325760K)] 640066K->346698K(1024832K), 0.0431840 secs] [Times: user=0.10 sys=0.00, real=0.04 secs] 
1033.300: [GC [PSYoungGen: 319492K->19410K(325184K)] 648138K->353632K(1024256K), 0.0780480 secs] [Times: user=0.10 sys=0.01, real=0.08 secs] 
1033.678: [GC [PSYoungGen: 320850K->21660K(324480K)] 655072K->362598K(1023552K), 0.0461070 secs] [Times: user=0.12 sys=0.00, real=0.04 secs] 
1034.108: [GC [PSYoungGen: 322524K->16661K(325184K)] 663462K->365032K(1024256K), 0.0470470 secs] [Times: user=0.10 sys=0.01, real=0.05 secs] 
1034.508: [GC [PSYoungGen: 317525K->18476K(325952K)] 665896K->370944K(1025024K), 0.0661220 secs] [Times: user=0.10 sys=0.00, real=0.06 secs] 
1034.979: [GC [PSYoungGen: 320300K->14560K(325376K)] 672768K->373724K(1024448K), 0.0366700 secs] [Times: user=0.10 sys=0.00, real=0.03 secs] 
1035.360: [GC [PSYoungGen: 316379K->20770K(324992K)] 675543K->383200K(1024064K), 0.0450730 secs] [Times: user=0.10 sys=0.00, real=0.04 secs] 
1035.738: [GC [PSYoungGen: 322018K->17203K(325376K)] 684448K->389316K(1024448K), 0.0475130 secs] [Times: user=0.11 sys=0.00, real=0.05 secs] 
1036.143: [GC [PSYoungGen: 318451K->15839K(325888K)] 690564K->391836K(1024960K), 0.0391340 secs] [Times: user=0.09 sys=0.00, real=0.04 secs] 
1036.555: [GC [PSYoungGen: 317983K->18815K(325760K)] 693980K->400334K(1024832K), 0.0903190 secs] [Times: user=0.10 sys=0.00, real=0.09 secs] 
1036.950: [GC [PSYoungGen: 320959K->17018K(326464K)] 702478K->405633K(1025536K), 0.0478450 secs] [Times: user=0.11 sys=0.00, real=0.04 secs] 
1037.332: [GC [PSYoungGen: 320122K->16677K(326144K)] 708737K->411743K(1025216K), 0.0522630 secs] [Times: user=0.10 sys=0.00, real=0.05 secs] 
1037.744: [GC [PSYoungGen: 319781K->22703K(318336K)] 714847K->425545K(1017408K), 0.0541430 secs] [Times: user=0.13 sys=0.00, real=0.05 secs] 
1038.095: [GC [PSYoungGen: 318319K->15379K(322560K)] 721161K->429891K(1021632K), 0.0492260 secs] [Times: user=0.11 sys=0.00, real=0.05 secs] 
1038.442: [GC [PSYoungGen: 310995K->19571K(323200K)] 725507K->438898K(1022272K), 0.0430870 secs] [Times: user=0.11 sys=0.00, real=0.04 secs] 
1038.847: [GC [PSYoungGen: 315952K->14754K(322688K)] 735279K->440055K(1021760K), 0.0549700 secs] [Times: user=0.09 sys=0.00, real=0.06 secs] 
1039.290: [GC [PSYoungGen: 311138K->15375K(323520K)] 736439K->445826K(1022592K), 0.0456170 secs] [Times: user=0.09 sys=0.00, real=0.04 secs] 
1039.621: [GC [PSYoungGen: 312647K->21484K(318784K)] 743097K->457209K(1017856K), 0.0486420 secs] [Times: user=0.12 sys=0.01, real=0.05 secs] 
1039.962: [GC [PSYoungGen: 318764K->15609K(323392K)] 754489K->460997K(1022464K), 0.0528070 secs] [Times: user=0.11 sys=0.01, real=0.05 secs] 
1040.412: [GC [PSYoungGen: 312569K->18426K(323072K)] 757957K->468024K(1022144K), 0.0576010 secs] [Times: user=0.10 sys=0.00, real=0.06 secs] 
1040.865: [GC [PSYoungGen: 315386K->11310K(323200K)] 764984K->467322K(1022272K), 0.0436640 secs] [Times: user=0.08 sys=0.00, real=0.04 secs] 
1041.236: [GC [PSYoungGen: 309102K->18223K(323648K)] 765114K->478825K(1022720K), 0.0350230 secs] [Times: user=0.10 sys=0.01, real=0.04 secs] 
1041.757: [GC [PSYoungGen: 316015K->18388K(324672K)] 776617K->487742K(1023744K), 0.0624260 secs] [Times: user=0.12 sys=0.01, real=0.07 secs] 
1042.137: [GC [PSYoungGen: 317715K->16728K(324160K)] 787068K->492288K(1023232K), 0.0480870 secs] [Times: user=0.10 sys=0.00, real=0.05 secs] 
1042.576: [GC [PSYoungGen: 316053K->18239K(325632K)] 791613K->498653K(1024704K), 0.0531290 secs] [Times: user=0.10 sys=0.00, real=0.05 secs] 
1042.959: [GC [PSYoungGen: 319615K->22266K(323648K)] 800029K->510079K(1022720K), 0.0535910 secs] [Times: user=0.13 sys=0.00, real=0.06 secs] 
1043.386: [GC [PSYoungGen: 323642K->14632K(324608K)] 811455K->510343K(1023680K), 0.0442260 secs] [Times: user=0.10 sys=0.01, real=0.04 secs] 
1043.765: [GC [PSYoungGen: 314280K->21346K(321024K)] 809991K->521107K(1020096K), 0.0728860 secs] [Times: user=0.11 sys=0.01, real=0.07 secs] 
1044.194: [GC [PSYoungGen: 320994K->18735K(324544K)] 820755K->526907K(1023616K), 0.0510400 secs] [Times: user=0.12 sys=0.00, real=0.05 secs] 
1044.559: [GC [PSYoungGen: 317807K->20890K(324032K)] 825979K->534341K(1023104K), 0.0485900 secs] [Times: user=0.11 sys=0.00, real=0.05 secs] 
1044.956: [GC [PSYoungGen: 319962K->18199K(324800K)] 833413K->539864K(1023872K), 0.0497780 secs] [Times: user=0.11 sys=0.00, real=0.05 secs] 
1045.346: [GC [PSYoungGen: 317655K->22619K(322112K)] 839320K->550070K(1021184K), 0.0873030 secs] [Times: user=0.12 sys=0.00, real=0.09 secs] 
1045.755: [GC [PSYoungGen: 322075K->20178K(324096K)] 849526K->555430K(1023168K), 0.0660760 secs] [Times: user=0.11 sys=0.00, real=0.07 secs] 
1046.167: [GC [PSYoungGen: 318674K->16663K(323904K)] 853926K->559742K(1022976K), 0.0418790 secs] [Times: user=0.10 sys=0.00, real=0.04 secs] 
1046.528: [GC [PSYoungGen: 315159K->17560K(324736K)] 858238K->564360K(1023808K), 0.0414170 secs] [Times: user=0.09 sys=0.00, real=0.04 secs] 
1046.925: [GC [PSYoungGen: 317144K->19128K(324352K)] 863944K->572571K(1023424K), 0.0598200 secs] [Times: user=0.13 sys=0.00, real=0.06 secs] 
1047.344: [GC [PSYoungGen: 318712K->16695K(325440K)] 872155K->575745K(1024512K), 0.0410160 secs] [Times: user=0.11 sys=0.00, real=0.04 secs] 
1047.722: [GC [PSYoungGen: 317815K->17102K(325184K)] 876865K->582215K(1024256K), 0.0485480 secs] [Times: user=0.10 sys=0.00, real=0.05 secs] 
1048.114: [GC [PSYoungGen: 318222K->19381K(325888K)] 883335K->591022K(1024960K), 0.0883170 secs] [Times: user=0.11 sys=0.00, real=0.09 secs] 
1048.547: [GC [PSYoungGen: 321525K->19065K(325760K)] 893166K->598053K(1024832K), 0.0492550 secs] [Times: user=0.11 sys=0.00, real=0.05 secs] 
1048.973: [GC [PSYoungGen: 321209K->20403K(325760K)] 900197K->607060K(1024832K), 0.0529830 secs] [Times: user=0.13 sys=0.00, real=0.05 secs] 
1049.432: [GC [PSYoungGen: 322803K->17820K(325952K)] 909460K->610823K(1025024K), 0.0514030 secs] [Times: user=0.11 sys=0.00, real=0.05 secs] 
1049.836: [GC [PSYoungGen: 320205K->18687K(326720K)] 913208K->614601K(1025792K), 0.0400820 secs] [Times: user=0.10 sys=0.01, real=0.04 secs] 
1050.416: [GC [PSYoungGen: 322175K->19343K(326272K)] 918089K->624295K(1025344K), 0.0499950 secs] [Times: user=0.12 sys=0.00, real=1.04 secs] 
1051.780: [GC [PSYoungGen: 322831K->19494K(326976K)] 927783K->630306K(1026048K), 0.0459980 secs] [Times: user=0.12 sys=0.00, real=0.05 secs] 
1052.160: [GC [PSYoungGen: 323814K->18414K(326848K)] 934626K->633490K(1025920K), 0.0632620 secs] [Times: user=0.11 sys=0.01, real=0.07 secs] 
1052.602: [GC [PSYoungGen: 322734K->16287K(327040K)] 937810K->635357K(1026112K), 0.0425900 secs] [Times: user=0.10 sys=0.00, real=0.04 secs] 
1052.947: [GC [PSYoungGen: 321119K->19585K(327168K)] 940189K->644127K(1026240K), 0.0466280 secs] [Times: user=0.12 sys=0.00, real=0.05 secs] 
1053.341: [GC [PSYoungGen: 324417K->17964K(327424K)] 948959K->650287K(1026496K), 0.0438070 secs] [Times: user=0.11 sys=0.00, real=0.05 secs] 
1053.711: [GC [PSYoungGen: 323052K->17237K(327168K)] 955375K->657233K(1026240K), 0.0487970 secs] [Times: user=0.11 sys=0.00, real=0.05 secs] 
1054.098: [GC [PSYoungGen: 322325K->18605K(327872K)] 962321K->667447K(1026944K), 0.0630400 secs] [Times: user=0.12 sys=0.00, real=0.06 secs] 
1054.562: [GC [PSYoungGen: 324516K->14639K(320576K)] 973359K->668471K(1019648K), 0.0402090 secs] [Times: user=0.10 sys=0.01, real=0.04 secs] 
1054.888: [GC [PSYoungGen: 320559K->20280K(326720K)] 974391K->677316K(1025792K), 0.0369380 secs] [Times: user=0.10 sys=0.00, real=0.04 secs] 
1055.277: [GC [PSYoungGen: 324984K->17704K(327104K)] 982020K->683644K(1026176K), 0.0546220 secs] [Times: user=0.12 sys=0.00, real=0.06 secs] 
1055.772: [GC [PSYoungGen: 322408K->18463K(327680K)] 988348K->689627K(1026752K), 0.0611700 secs] [Times: user=0.11 sys=0.00, real=0.06 secs] 
1056.194: [GC [PSYoungGen: 324063K->15197K(327424K)] 995227K->693191K(1026496K), 0.0565240 secs] [Times: user=0.10 sys=0.00, real=0.05 secs] 
1056.614: [GC [PSYoungGen: 320797K->16417K(327680K)] 998791K->699437K(1026752K), 0.0463290 secs] [Times: user=0.11 sys=0.00, real=0.04 secs] 
1056.987: [GC [PSYoungGen: 322145K->19296K(325056K)] 1005165K->708991K(1024128K), 0.0673930 secs] [Times: user=0.11 sys=0.01, real=0.07 secs] 
1057.054: [Full GC [PSYoungGen: 19296K->0K(325056K)] [PSOldGen: 689694K->280007K(699072K)] 708991K->280007K(1024128K) [PSPermGen: 91486K->91486K(262144K)], 1.3756960 secs] [Times: user=1.38 sys=0.00, real=1.37 secs] 
1058.825: [GC [PSYoungGen: 305728K->22015K(324032K)] 585735K->303773K(1023104K), 0.0500150 secs] [Times: user=0.10 sys=0.00, real=0.05 secs] 
1059.354: [GC [PSYoungGen: 324031K->14166K(316224K)] 605789K->306528K(1015296K), 0.0648920 secs] [Times: user=0.10 sys=0.00, real=0.06 secs] 
1059.795: [GC [PSYoungGen: 316182K->21272K(324288K)] 608544K->317048K(1023360K), 0.0542990 secs] [Times: user=0.10 sys=0.00, real=0.05 secs] 
1060.190: [GC [PSYoungGen: 321624K->16863K(324928K)] 617400K->323167K(1024000K), 0.0554250 secs] [Times: user=0.11 sys=0.00, real=0.06 secs] 
1060.640: [GC [PSYoungGen: 317215K->14221K(325056K)] 623519K->326129K(1024128K), 0.0333530 secs] [Times: user=0.09 sys=0.00, real=0.04 secs] 
1061.005: [GC [PSYoungGen: 315085K->17676K(325184K)] 626993K->334308K(1024256K), 0.0739210 secs] [Times: user=0.10 sys=0.00, real=0.07 secs] 
1061.501: [GC [PSYoungGen: 318540K->17716K(326400K)] 635172K->341352K(1025472K), 0.0358510 secs] [Times: user=0.11 sys=0.00, real=0.04 secs] 
1061.925: [GC [PSYoungGen: 320436K->20085K(325824K)] 644072K->349423K(1024896K), 0.0626980 secs] [Times: user=0.11 sys=0.00, real=0.06 secs] 
1062.352: [GC [PSYoungGen: 322805K->16109K(326272K)] 652143K->353993K(1025344K), 0.0577260 secs] [Times: user=0.11 sys=0.00, real=0.05 secs] 
1062.771: [GC [PSYoungGen: 318957K->15965K(326080K)] 656841K->358753K(1025152K), 0.0405790 secs] [Times: user=0.10 sys=0.00, real=0.04 secs] 
1063.132: [GC [PSYoungGen: 318813K->18598K(326656K)] 661601K->368999K(1025728K), 0.0569620 secs] [Times: user=0.11 sys=0.00, real=0.06 secs] 
1063.481: [GC [PSYoungGen: 322214K->18548K(326464K)] 672615K->377858K(1025536K), 0.0455530 secs] [Times: user=0.12 sys=0.00, real=0.05 secs] 
1063.919: [GC [PSYoungGen: 322164K->19159K(326784K)] 681474K->383678K(1025856K), 0.0401520 secs] [Times: user=0.11 sys=0.00, real=0.04 secs] 
1064.389: [GC [PSYoungGen: 323351K->19378K(323584K)] 687870K->389433K(1022656K), 0.0432800 secs] [Times: user=0.11 sys=0.00, real=0.04 secs] 
1064.903: [GC [PSYoungGen: 323570K->20914K(325632K)] 693625K->397522K(1024704K), 0.0466300 secs] [Times: user=0.12 sys=0.00, real=0.05 secs] 
1065.331: [GC [PSYoungGen: 323826K->14705K(317632K)] 700434K->399634K(1016704K), 0.0581560 secs] [Times: user=0.09 sys=0.00, real=0.06 secs] 
1065.733: [GC [PSYoungGen: 317617K->19559K(326080K)] 702546K->409984K(1025152K), 0.0552820 secs] [Times: user=0.11 sys=0.00, real=0.06 secs] 
1066.164: [GC [PSYoungGen: 322215K->17718K(326080K)] 712640K->414657K(1025152K), 0.0457890 secs] [Times: user=0.11 sys=0.01, real=0.04 secs] 
1066.553: [GC [PSYoungGen: 320374K->15461K(326528K)] 717313K->418779K(1025600K), 0.0572040 secs] [Times: user=0.09 sys=0.01, real=0.06 secs] 
1066.935: [GC [PSYoungGen: 319013K->21558K(325120K)] 722331K->429799K(1024192K), 0.0550360 secs] [Times: user=0.12 sys=0.00, real=0.05 secs] 
1067.356: [GC [PSYoungGen: 325110K->20390K(325184K)] 733351K->437678K(1024256K), 0.0493540 secs] [Times: user=0.13 sys=0.00, real=0.05 secs] 
1067.727: [GC [PSYoungGen: 321766K->19500K(325440K)] 739054K->445374K(1024512K), 0.0543790 secs] [Times: user=0.13 sys=0.00, real=0.05 secs] 
1068.146: [GC [PSYoungGen: 320876K->17246K(325888K)] 746750K->447536K(1024960K), 0.0431250 secs] [Times: user=0.09 sys=0.00, real=0.04 secs] 
1068.562: [GC [PSYoungGen: 319262K->16957K(325632K)] 749552K->453754K(1024704K), 0.0621770 secs] [Times: user=0.11 sys=0.00, real=0.07 secs] 
1068.942: [GC [PSYoungGen: 318973K->19401K(326272K)] 755770K->460624K(1025344K), 0.0495980 secs] [Times: user=0.11 sys=0.01, real=0.05 secs] 
1069.534: [GC [PSYoungGen: 322313K->19218K(326144K)] 763536K->465413K(1025216K), 0.0587510 secs] [Times: user=0.10 sys=0.00, real=0.05 secs] 
1069.980: [GC [PSYoungGen: 322124K->12460K(325312K)] 768319K->465961K(1024384K), 0.0558170 secs] [Times: user=0.08 sys=0.00, real=0.06 secs] 
1070.348: [GC [PSYoungGen: 314732K->21371K(323648K)] 768233K->480149K(1022720K), 0.0721670 secs] [Times: user=0.11 sys=0.00, real=0.07 secs] 
1070.765: [GC [PSYoungGen: 323643K->20624K(324608K)] 782421K->486620K(1023680K), 0.0741670 secs] [Times: user=0.11 sys=0.00, real=0.07 secs] 
1071.169: [GC [PSYoungGen: 320848K->17677K(324864K)] 786844K->492643K(1023936K), 0.0568250 secs] [Times: user=0.12 sys=0.00, real=0.06 secs] 
1071.588: [GC [PSYoungGen: 317899K->17335K(325760K)] 792865K->498887K(1024832K), 0.0428430 secs] [Times: user=0.11 sys=0.00, real=0.04 secs] 
1072.015: [GC [PSYoungGen: 318967K->21635K(323328K)] 800519K->510099K(1022400K), 0.0425040 secs] [Times: user=0.12 sys=0.00, real=0.04 secs] 
1072.337: [GC [PSYoungGen: 323267K->18284K(325568K)] 811731K->514183K(1024640K), 0.0379950 secs] [Times: user=0.11 sys=0.00, real=0.04 secs] 
1072.768: [GC [PSYoungGen: 319404K->17292K(325056K)] 815303K->517437K(1024128K), 0.0474910 secs] [Times: user=0.10 sys=0.00, real=0.05 secs] 
1073.184: [GC [PSYoungGen: 318412K->18356K(326400K)] 818557K->526156K(1025472K), 0.0557260 secs] [Times: user=0.13 sys=0.01, real=0.06 secs] 
1073.603: [GC [PSYoungGen: 321140K->18460K(325888K)] 828940K->532392K(1024960K), 0.0370730 secs] [Times: user=0.12 sys=0.00, real=0.04 secs] 
1073.991: [GC [PSYoungGen: 321244K->20468K(326208K)] 835176K->543049K(1025280K), 0.0470370 secs] [Times: user=0.12 sys=0.00, real=0.05 secs] 
1074.390: [GC [PSYoungGen: 324020K->16062K(326528K)] 846601K->546811K(1025600K), 0.0565360 secs] [Times: user=0.11 sys=0.00, real=0.06 secs] 
1074.807: [GC [PSYoungGen: 319614K->17783K(326848K)] 850363K->553615K(1025920K), 0.0579920 secs] [Times: user=0.10 sys=0.01, real=0.06 secs] 
1075.276: [GC [PSYoungGen: 321655K->22640K(326528K)] 857487K->568299K(1025600K), 0.0924180 secs] [Times: user=0.14 sys=0.02, real=0.09 secs] 
1075.719: [GC [PSYoungGen: 326512K->19370K(318976K)] 872171K->573303K(1018048K), 0.0575550 secs] [Times: user=0.12 sys=0.00, real=0.06 secs] 
1076.068: [GC [PSYoungGen: 315370K->19024K(322752K)] 869303K->575221K(1021824K), 0.0304950 secs] [Times: user=0.10 sys=0.00, real=0.03 secs] 
1076.551: [GC [PSYoungGen: 315024K->17218K(323584K)] 871221K->581026K(1022656K), 0.0634290 secs] [Times: user=0.10 sys=0.00, real=0.06 secs] 
1076.892: [GC [PSYoungGen: 314626K->17861K(323328K)] 878434K->586103K(1022400K), 0.0502950 secs] [Times: user=0.11 sys=0.00, real=0.05 secs] 
1077.300: [GC [PSYoungGen: 315269K->17615K(324352K)] 883511K->591851K(1023424K), 0.0686550 secs] [Times: user=0.11 sys=0.00, real=0.07 secs] 
1077.746: [GC [PSYoungGen: 316431K->18720K(323968K)] 890667K->600435K(1023040K), 0.0666670 secs] [Times: user=0.12 sys=0.00, real=0.06 secs] 
1078.160: [GC [PSYoungGen: 317536K->21393K(324224K)] 899251K->610150K(1023296K), 0.0521790 secs] [Times: user=0.12 sys=0.00, real=0.05 secs] 
1078.582: [GC [PSYoungGen: 320977K->18916K(324544K)] 909734K->616008K(1023616K), 0.0641750 secs] [Times: user=0.12 sys=0.00, real=0.07 secs] 
1079.047: [GC [PSYoungGen: 318500K->18099K(325376K)] 915592K->623314K(1024448K), 0.0408600 secs] [Times: user=0.13 sys=0.00, real=0.04 secs] 
1079.483: [GC [PSYoungGen: 319027K->20587K(325056K)] 924242K->632398K(1024128K), 0.0497980 secs] [Times: user=0.13 sys=0.00, real=0.05 secs] 
1079.841: [GC [PSYoungGen: 321515K->15793K(325184K)] 933326K->633236K(1024256K), 0.0461600 secs] [Times: user=0.11 sys=0.00, real=0.05 secs] 
1080.328: [GC [PSYoungGen: 316785K->17636K(325248K)] 934228K->640764K(1024320K), 0.0524470 secs] [Times: user=0.11 sys=0.00, real=0.05 secs] 
1080.704: [GC [PSYoungGen: 318628K->19667K(325760K)] 941756K->650947K(1024832K), 0.0573420 secs] [Times: user=0.13 sys=0.01, real=0.06 secs] 
1081.087: [GC [PSYoungGen: 321491K->18782K(325568K)] 952771K->659349K(1024640K), 0.0510940 secs] [Times: user=0.13 sys=0.00, real=0.05 secs] 
1081.482: [GC [PSYoungGen: 320606K->14662K(325696K)] 961173K->661435K(1024768K), 0.0517860 secs] [Times: user=0.11 sys=0.00, real=0.05 secs] 
1081.908: [GC [PSYoungGen: 317062K->15579K(325952K)] 963835K->668177K(1025024K), 0.0672290 secs] [Times: user=0.11 sys=0.02, real=0.06 secs] 
1082.319: [GC [PSYoungGen: 317979K->12495K(325056K)] 970577K->670247K(1024128K), 0.0367280 secs] [Times: user=0.10 sys=0.01, real=0.04 secs] 
1082.735: [GC [PSYoungGen: 313999K->21697K(323264K)] 971751K->683280K(1022336K), 0.0554500 secs] [Times: user=0.11 sys=0.01, real=0.06 secs] 
1083.072: [GC [PSYoungGen: 323201K->20635K(324096K)] 984784K->689157K(1023168K), 0.0678100 secs] [Times: user=0.13 sys=0.01, real=0.07 secs] 
1083.493: [GC [PSYoungGen: 319835K->18305K(324352K)] 988357K->692725K(1023424K), 0.0371810 secs] [Times: user=0.12 sys=0.00, real=0.04 secs] 
1083.847: [GC [PSYoungGen: 317505K->18657K(325504K)] 991925K->699030K(1024576K), 0.0408850 secs] [Times: user=0.13 sys=0.00, real=0.04 secs] 
1084.204: [GC [PSYoungGen: 319649K->18283K(324992K)] 1000022K->705464K(1024064K), 0.0728580 secs] [Times: user=0.12 sys=0.00, real=0.08 secs] 
1084.720: [GC [PSYoungGen: 319275K->15468K(326080K)] 1006456K->711057K(1025152K), 0.0657710 secs] [Times: user=0.11 sys=0.00, real=0.06 secs] 
1084.786: [Full GC [PSYoungGen: 15468K->0K(326080K)] [PSOldGen: 695589K->278219K(699072K)] 711057K->278219K(1025152K) [PSPermGen: 91502K->91502K(262144K)], 1.4216550 secs] [Times: user=1.42 sys=0.00, real=1.43 secs] 
1086.676: [GC [PSYoungGen: 302656K->20810K(323520K)] 580875K->299029K(1022592K), 0.0401100 secs] [Times: user=0.10 sys=0.00, real=0.04 secs] 
1087.081: [GC [PSYoungGen: 323466K->17174K(325952K)] 601685K->307395K(1025024K), 0.0499490 secs] [Times: user=0.13 sys=0.00, real=0.05 secs] 
1087.498: [GC [PSYoungGen: 319190K->19831K(325568K)] 609411K->318170K(1024640K), 0.0623980 secs] [Times: user=0.13 sys=0.00, real=0.06 secs] 
1087.940: [GC [PSYoungGen: 321847K->16701K(326144K)] 620186K->320756K(1025216K), 0.0437300 secs] [Times: user=0.10 sys=0.00, real=0.04 secs] 
1088.361: [GC [PSYoungGen: 319229K->20457K(323008K)] 623284K->329311K(1022080K), 0.0591570 secs] [Times: user=0.11 sys=0.00, real=0.06 secs] 
1088.749: [GC [PSYoungGen: 322985K->18143K(326272K)] 631839K->335430K(1025344K), 0.0459220 secs] [Times: user=0.13 sys=0.00, real=0.04 secs] 
1089.166: [GC [PSYoungGen: 320735K->16926K(325824K)] 638022K->340388K(1024896K), 0.0503960 secs] [Times: user=0.11 sys=0.00, real=0.05 secs] 
1089.562: [GC [PSYoungGen: 319518K->16561K(326720K)] 642980K->343590K(1025792K), 0.0378850 secs] [Times: user=0.09 sys=0.00, real=0.04 secs] 
1089.949: [GC [PSYoungGen: 320297K->15900K(326528K)] 647326K->349463K(1025600K), 0.0386370 secs] [Times: user=0.10 sys=0.00, real=0.04 secs] 
1090.345: [GC [PSYoungGen: 319644K->16124K(326976K)] 653207K->357331K(1026048K), 0.0416770 secs] [Times: user=0.11 sys=0.01, real=0.04 secs] 
1090.795: [GC [PSYoungGen: 320380K->19828K(324096K)] 661587K->367077K(1023168K), 0.0620980 secs] [Times: user=0.12 sys=0.00, real=0.07 secs] 
1091.175: [GC [PSYoungGen: 324084K->19415K(326528K)] 671333K->373648K(1025600K), 0.0526490 secs] [Times: user=0.12 sys=0.01, real=0.06 secs] 
1091.594: [GC [PSYoungGen: 323095K->22908K(326592K)] 677328K->385046K(1025664K), 0.0823090 secs] [Times: user=0.14 sys=0.01, real=0.08 secs] 
1092.050: [GC [PSYoungGen: 326588K->18693K(319424K)] 688726K->387866K(1018496K), 0.0444260 secs] [Times: user=0.11 sys=0.00, real=0.04 secs] 
1092.462: [GC [PSYoungGen: 315205K->18107K(323008K)] 684378K->392906K(1022080K), 0.0604920 secs] [Times: user=0.11 sys=0.00, real=0.06 secs] 
1092.862: [GC [PSYoungGen: 314619K->16509K(323776K)] 689418K->396650K(1022848K), 0.0409410 secs] [Times: user=0.10 sys=0.01, real=0.04 secs] 
1093.289: [GC [PSYoungGen: 314365K->17497K(323584K)] 694506K->404672K(1022656K), 0.0426470 secs] [Times: user=0.11 sys=0.00, real=0.04 secs] 
1093.647: [GC [PSYoungGen: 315353K->22000K(323072K)] 702528K->417158K(1022144K), 0.0687450 secs] [Times: user=0.14 sys=0.00, real=0.07 secs] 
1094.096: [GC [PSYoungGen: 319792K->13640K(311488K)] 714950K->418469K(1010560K), 0.0576120 secs] [Times: user=0.11 sys=0.00, real=0.06 secs] 
1094.502: [GC [PSYoungGen: 311432K->18125K(324096K)] 716261K->427193K(1023168K), 0.0491140 secs] [Times: user=0.10 sys=0.00, real=0.05 secs] 
1094.867: [GC [PSYoungGen: 316109K->16338K(323392K)] 725177K->432225K(1022464K), 0.0423790 secs] [Times: user=0.11 sys=0.01, real=0.04 secs] 
1095.219: [GC [PSYoungGen: 314322K->16292K(324800K)] 730209K->438478K(1023872K), 0.0445410 secs] [Times: user=0.11 sys=0.00, real=0.04 secs] 
1095.555: [GC [PSYoungGen: 316004K->17713K(324416K)] 738190K->446700K(1023488K), 0.0730150 secs] [Times: user=0.11 sys=0.00, real=0.08 secs] 
1096.011: [GC [PSYoungGen: 317425K->20426K(324864K)] 746412K->454565K(1023936K), 0.0569110 secs] [Times: user=0.11 sys=0.01, real=0.06 secs] 
1096.475: [GC [PSYoungGen: 321153K->17681K(325120K)] 755293K->459005K(1024192K), 0.0610520 secs] [Times: user=0.11 sys=0.00, real=0.06 secs] 
1096.846: [GC [PSYoungGen: 318417K->17935K(326144K)] 759741K->464449K(1025216K), 0.0604060 secs] [Times: user=0.11 sys=0.00, real=0.06 secs] 
1097.297: [GC [PSYoungGen: 320207K->18993K(325632K)] 766721K->472995K(1024704K), 0.0796180 secs] [Times: user=0.12 sys=0.00, real=0.08 secs] 
1097.803: [GC [PSYoungGen: 321265K->17336K(326656K)] 775267K->475207K(1025728K), 0.0545250 secs] [Times: user=0.11 sys=0.00, real=0.05 secs] 
1098.153: [GC [PSYoungGen: 320824K->19353K(326336K)] 778695K->479436K(1025408K), 0.0326420 secs] [Times: user=0.10 sys=0.00, real=0.03 secs] 
1098.542: [GC [PSYoungGen: 322841K->19442K(326720K)] 782924K->487704K(1025792K), 0.0507430 secs] [Times: user=0.12 sys=0.00, real=0.05 secs] 
1098.922: [GC [PSYoungGen: 323378K->20265K(324224K)] 791640K->494324K(1023296K), 0.0518490 secs] [Times: user=0.12 sys=0.01, real=0.05 secs] 
1099.263: [GC [PSYoungGen: 324201K->18490K(326912K)] 798260K->498033K(1025984K), 0.0389170 secs] [Times: user=0.11 sys=0.00, real=0.04 secs] 
1099.663: [GC [PSYoungGen: 322362K->18463K(326464K)] 801905K->503215K(1025536K), 0.0408750 secs] [Times: user=0.11 sys=0.00, real=0.04 secs] 
1100.042: [GC [PSYoungGen: 322335K->17678K(327488K)] 807087K->508206K(1026560K), 0.0630060 secs] [Times: user=0.11 sys=0.00, real=0.06 secs] 
1100.559: [GC [PSYoungGen: 322958K->15055K(320384K)] 813486K->510322K(1019456K), 0.0425650 secs] [Times: user=0.09 sys=0.00, real=0.04 secs] 
1101.040: [GC [PSYoungGen: 320335K->19073K(327296K)] 815602K->519789K(1026368K), 0.0491180 secs] [Times: user=0.11 sys=0.00, real=0.05 secs] 
1101.428: [GC [PSYoungGen: 324097K->19228K(327232K)] 824813K->527075K(1026304K), 0.0899970 secs] [Times: user=0.14 sys=0.00, real=0.09 secs] 
1101.873: [GC [PSYoungGen: 324252K->16387K(327360K)] 832099K->527619K(1026432K), 0.0379030 secs] [Times: user=0.10 sys=0.00, real=0.04 secs] 
1102.338: [GC [PSYoungGen: 321603K->16738K(327360K)] 832835K->534491K(1026432K), 0.0783730 secs] [Times: user=0.10 sys=0.00, real=0.08 secs] 
1102.806: [GC [PSYoungGen: 321954K->18010K(327936K)] 839707K->543484K(1027008K), 0.0665310 secs] [Times: user=0.11 sys=0.01, real=0.07 secs] 
1103.206: [GC [PSYoungGen: 323994K->17301K(327552K)] 849468K->549247K(1026624K), 0.0393380 secs] [Times: user=0.12 sys=0.00, real=0.04 secs] 
1103.740: [GC [PSYoungGen: 323285K->21299K(321152K)] 855231K->560239K(1020224K), 0.0576570 secs] [Times: user=0.13 sys=0.00, real=0.05 secs] 
1104.196: [GC [PSYoungGen: 321139K->23107K(323008K)] 860079K->569455K(1022080K), 0.0572330 secs] [Times: user=0.14 sys=0.00, real=0.06 secs] 
1104.605: [GC [PSYoungGen: 322947K->14848K(323456K)] 869295K->568341K(1022528K), 0.0451180 secs] [Times: user=0.11 sys=0.00, real=0.05 secs] 
1105.034: [GC [PSYoungGen: 312512K->17626K(323584K)] 866005K->575664K(1022656K), 0.0439900 secs] [Times: user=0.11 sys=0.00, real=0.04 secs] 
1105.410: [GC [PSYoungGen: 315290K->18361K(324672K)] 873328K->583983K(1023744K), 0.0410820 secs] [Times: user=0.12 sys=0.00, real=0.04 secs] 
1105.805: [GC [PSYoungGen: 317561K->13165K(324032K)] 883183K->585674K(1023104K), 0.0521390 secs] [Times: user=0.11 sys=0.00, real=0.05 secs] 
1106.158: [GC [PSYoungGen: 312365K->18671K(324800K)] 884874K->598869K(1023872K), 0.0645630 secs] [Times: user=0.12 sys=0.01, real=0.07 secs] 
1106.529: [GC [PSYoungGen: 318255K->20782K(324288K)] 898453K->609147K(1023360K), 0.0529320 secs] [Times: user=0.14 sys=0.00, real=0.05 secs] 
1107.080: [GC [PSYoungGen: 320366K->16577K(324864K)] 908731K->610140K(1023936K), 0.0627380 secs] [Times: user=0.11 sys=0.00, real=0.06 secs] 
1107.470: [GC [PSYoungGen: 316481K->15649K(324544K)] 910044K->615224K(1023616K), 0.0444410 secs] [Times: user=0.11 sys=0.00, real=0.04 secs] 
1107.896: [GC [PSYoungGen: 315553K->15214K(325184K)] 915128K->621738K(1024256K), 0.0491290 secs] [Times: user=0.11 sys=0.00, real=0.05 secs] 
1108.392: [GC [PSYoungGen: 315950K->22700K(323456K)] 922474K->634986K(1022528K), 0.0568580 secs] [Times: user=0.13 sys=0.00, real=0.06 secs] 
1108.852: [GC [PSYoungGen: 323436K->13422K(323776K)] 935722K->638040K(1022848K), 0.0635690 secs] [Times: user=0.12 sys=0.00, real=0.06 secs] 
1109.275: [GC [PSYoungGen: 311726K->20675K(319040K)] 936344K->647534K(1018112K), 0.0562160 secs] [Times: user=0.11 sys=0.00, real=0.06 secs] 
1109.663: [GC [PSYoungGen: 318979K->18505K(324224K)] 945838K->654006K(1023296K), 0.0619670 secs] [Times: user=0.12 sys=0.00, real=0.06 secs] 
1110.078: [GC [PSYoungGen: 316809K->16763K(323584K)] 952310K->657127K(1022656K), 0.0434770 secs] [Times: user=0.11 sys=0.01, real=0.05 secs] 
1110.456: [GC [PSYoungGen: 315067K->12147K(324096K)] 955431K->659929K(1023168K), 0.0460090 secs] [Times: user=0.10 sys=0.01, real=0.05 secs] 
1110.904: [GC [PSYoungGen: 311475K->21143K(320512K)] 959257K->673958K(1019584K), 0.0813640 secs] [Times: user=0.12 sys=0.00, real=0.08 secs] 
1111.346: [GC [PSYoungGen: 320471K->15723K(324224K)] 973286K->676159K(1023296K), 0.0453510 secs] [Times: user=0.12 sys=0.00, real=0.05 secs] 
1111.744: [GC [PSYoungGen: 314219K->21371K(319872K)] 974655K->688679K(1018944K), 0.0529310 secs] [Times: user=0.13 sys=0.01, real=0.05 secs] 
1112.125: [GC [PSYoungGen: 319867K->19278K(323904K)] 987175K->697970K(1022976K), 0.0566060 secs] [Times: user=0.14 sys=0.00, real=0.06 secs] 
1112.599: [GC [PSYoungGen: 317262K->16451K(323584K)] 995954K->700172K(1022656K), 0.0568650 secs] [Times: user=0.10 sys=0.00, real=0.06 secs] 
1113.005: [GC [PSYoungGen: 314435K->18962K(324672K)] 998156K->708413K(1023744K), 0.0505290 secs] [Times: user=0.13 sys=0.00, real=0.05 secs] 
1113.056: [Full GC [PSYoungGen: 18962K->0K(324672K)] [PSOldGen: 689450K->280018K(699072K)] 708413K->280018K(1023744K) [PSPermGen: 91515K->91515K(262144K)], 1.4420470 secs] [Times: user=1.44 sys=0.00, real=1.44 secs] 
1114.820: [GC [PSYoungGen: 299520K->22680K(322240K)] 579538K->302698K(1021312K), 0.0391690 secs] [Times: user=0.10 sys=0.00, real=0.03 secs] 
1115.211: [GC [PSYoungGen: 322200K->20397K(323648K)] 602218K->313578K(1022720K), 0.0589150 secs] [Times: user=0.14 sys=0.00, real=0.06 secs] 
1115.570: [GC [PSYoungGen: 318189K->17907K(323648K)] 611370K->317337K(1022720K), 0.0489610 secs] [Times: user=0.11 sys=0.00, real=0.05 secs] 
1115.945: [GC [PSYoungGen: 315699K->18025K(324800K)] 615129K->323060K(1023872K), 0.0490140 secs] [Times: user=0.11 sys=0.00, real=0.05 secs] 
1116.373: [GC [PSYoungGen: 317545K->17946K(324224K)] 622580K->327102K(1023296K), 0.0522650 secs] [Times: user=0.10 sys=0.01, real=0.05 secs] 
1116.816: [GC [PSYoungGen: 317466K->15149K(325312K)] 626622K->331574K(1024384K), 0.0446650 secs] [Times: user=0.11 sys=0.00, real=0.05 secs] 
1117.303: [GC [PSYoungGen: 316269K->17611K(325312K)] 632694K->339123K(1024384K), 0.0662870 secs] [Times: user=0.11 sys=0.00, real=0.06 secs] 
1117.670: [GC [PSYoungGen: 318731K->21365K(324544K)] 640243K->348324K(1023616K), 0.0438280 secs] [Times: user=0.13 sys=0.01, real=0.05 secs] 
1118.080: [GC [PSYoungGen: 322229K->14845K(325184K)] 649188K->348601K(1024256K), 0.0526920 secs] [Times: user=0.10 sys=0.00, real=0.06 secs] 
1118.496: [GC [PSYoungGen: 315709K->18216K(325696K)] 649465K->356299K(1024768K), 0.0453510 secs] [Times: user=0.10 sys=0.00, real=0.05 secs] 
1118.872: [GC [PSYoungGen: 319592K->15487K(325184K)] 657675K->362478K(1024256K), 0.0475510 secs] [Times: user=0.12 sys=0.01, real=0.04 secs] 
1119.298: [GC [PSYoungGen: 316863K->16561K(326208K)] 663854K->370049K(1025280K), 0.0463870 secs] [Times: user=0.11 sys=0.01, real=0.05 secs] 
1119.775: [GC [PSYoungGen: 319089K->17677K(325824K)] 672577K->379790K(1024896K), 0.0581120 secs] [Times: user=0.11 sys=0.01, real=0.06 secs] 
1120.149: [GC [PSYoungGen: 320205K->16834K(327104K)] 682318K->386069K(1026176K), 0.0432220 secs] [Times: user=0.12 sys=0.00, real=0.05 secs] 
1120.583: [GC [PSYoungGen: 321218K->15996K(326784K)] 690453K->388520K(1025856K), 0.0419900 secs] [Times: user=0.10 sys=0.00, real=0.04 secs] 
1121.085: [GC [PSYoungGen: 320380K->19304K(326912K)] 692904K->397623K(1025984K), 0.0487550 secs] [Times: user=0.12 sys=0.00, real=0.05 secs] 
1121.492: [GC [PSYoungGen: 324008K->13591K(318336K)] 702327K->399868K(1017408K), 0.0399880 secs] [Times: user=0.10 sys=0.00, real=0.04 secs] 
1121.864: [GC [PSYoungGen: 318295K->15727K(327168K)] 704572K->406822K(1026240K), 0.0654160 secs] [Times: user=0.10 sys=0.00, real=0.06 secs] 
1122.275: [GC [PSYoungGen: 320303K->16778K(326912K)] 711398K->413114K(1025984K), 0.0715980 secs] [Times: user=0.10 sys=0.00, real=0.07 secs] 
1122.657: [GC [PSYoungGen: 321354K->21407K(325440K)] 717690K->421666K(1024512K), 0.0476510 secs] [Times: user=0.12 sys=0.00, real=0.05 secs] 
1123.011: [GC [PSYoungGen: 324959K->16537K(326528K)] 725218K->428404K(1025600K), 0.0569630 secs] [Times: user=0.13 sys=0.00, real=0.06 secs] 
1123.432: [GC [PSYoungGen: 320089K->17375K(327424K)] 731956K->436133K(1026496K), 0.0906620 secs] [Times: user=0.11 sys=0.00, real=0.10 secs] 
1123.903: [GC [PSYoungGen: 322207K->18530K(326912K)] 740965K->443616K(1025984K), 0.0586920 secs] [Times: user=0.12 sys=0.00, real=0.05 secs] 
1124.390: [GC [PSYoungGen: 323362K->16981K(327808K)] 748448K->449545K(1026880K), 0.0500670 secs] [Times: user=0.11 sys=0.00, real=0.05 secs] 
1124.760: [GC [PSYoungGen: 322773K->17466K(327488K)] 755337K->453325K(1026560K), 0.0583890 secs] [Times: user=0.10 sys=0.00, real=0.06 secs] 
1125.184: [GC [PSYoungGen: 323258K->18311K(328320K)] 759117K->461320K(1027392K), 0.0397000 secs] [Times: user=0.11 sys=0.00, real=0.04 secs] 
1125.687: [GC [PSYoungGen: 325383K->18590K(328256K)] 768392K->467053K(1027328K), 0.0504520 secs] [Times: user=0.12 sys=0.00, real=0.05 secs] 
1126.023: [GC [PSYoungGen: 325662K->15844K(328320K)] 774125K->470835K(1027392K), 0.0440930 secs] [Times: user=0.11 sys=0.00, real=0.04 secs] 
1126.483: [GC [PSYoungGen: 322916K->16890K(328256K)] 777907K->475310K(1027328K), 0.0565820 secs] [Times: user=0.09 sys=0.01, real=0.05 secs] 
1126.855: [GC [PSYoungGen: 323962K->18689K(328320K)] 782382K->483381K(1027392K), 0.0625550 secs] [Times: user=0.11 sys=0.01, real=0.06 secs] 
1127.240: [GC [PSYoungGen: 326081K->19106K(326528K)] 790773K->494436K(1025600K), 0.0594950 secs] [Times: user=0.13 sys=0.00, real=0.06 secs] 
1127.624: [GC [PSYoungGen: 326498K->19810K(327360K)] 801828K->501596K(1026432K), 0.0890980 secs] [Times: user=0.12 sys=0.00, real=0.09 secs] 
1127.992: [GC [PSYoungGen: 325922K->18882K(327808K)] 807708K->504303K(1026880K), 0.0431980 secs] [Times: user=0.11 sys=0.00, real=0.05 secs] 
1128.375: [GC [PSYoungGen: 324994K->17811K(328128K)] 810415K->508104K(1027200K), 0.0508070 secs] [Times: user=0.11 sys=0.01, real=0.05 secs] 
1128.754: [GC [PSYoungGen: 324243K->20669K(327104K)] 814536K->516008K(1026176K), 0.0794170 secs] [Times: user=0.11 sys=0.00, real=0.07 secs] 
1129.154: [GC [PSYoungGen: 327101K->17787K(327808K)] 822440K->517928K(1026880K), 0.0443790 secs] [Times: user=0.12 sys=0.00, real=0.04 secs] 
1129.554: [GC [PSYoungGen: 323579K->14510K(327488K)] 823720K->520518K(1026560K), 0.0835810 secs] [Times: user=0.22 sys=0.00, real=0.08 secs] 
1130.026: [GC [PSYoungGen: 320302K->22014K(325312K)] 826310K->533764K(1024384K), 0.0580910 secs] [Times: user=0.14 sys=0.00, real=0.06 secs] 
1130.554: [GC [PSYoungGen: 325310K->16900K(326400K)] 837060K->537715K(1025472K), 0.0538770 secs] [Times: user=0.12 sys=0.00, real=0.05 secs] 
1130.964: [GC [PSYoungGen: 320196K->17481K(326976K)] 841011K->545729K(1026048K), 0.0548480 secs] [Times: user=0.12 sys=0.00, real=0.05 secs] 
1131.395: [GC [PSYoungGen: 321609K->18271K(326656K)] 849857K->552369K(1025728K), 0.0439840 secs] [Times: user=0.12 sys=0.00, real=0.04 secs] 
1131.762: [GC [PSYoungGen: 322399K->17561K(327680K)] 856497K->557892K(1026752K), 0.0513520 secs] [Times: user=0.12 sys=0.00, real=0.06 secs] 
1132.112: [GC [PSYoungGen: 323097K->14059K(327360K)] 863428K->559743K(1026432K), 0.0511660 secs] [Times: user=0.09 sys=0.01, real=0.06 secs] 
1132.473: [GC [PSYoungGen: 319595K->20105K(326464K)] 865279K->570640K(1025536K), 0.0537840 secs] [Times: user=0.12 sys=0.00, real=0.06 secs] 
1132.907: [GC [PSYoungGen: 324421K->17635K(326912K)] 874956K->578113K(1025984K), 0.0454200 secs] [Times: user=0.14 sys=0.00, real=0.04 secs] 
1133.390: [GC [PSYoungGen: 321955K->16607K(327552K)] 882433K->583388K(1026624K), 0.0487010 secs] [Times: user=0.11 sys=0.00, real=0.05 secs] 
1133.792: [GC [PSYoungGen: 322015K->19848K(325312K)] 888796K->592346K(1024384K), 0.0683250 secs] [Times: user=0.12 sys=0.00, real=0.07 secs] 
1134.242: [GC [PSYoungGen: 325256K->19658K(326784K)] 897754K->599926K(1025856K), 0.0606280 secs] [Times: user=0.12 sys=0.00, real=0.06 secs] 
1134.623: [GC [PSYoungGen: 324106K->19237K(326976K)] 904374K->606315K(1026048K), 0.0618300 secs] [Times: user=0.12 sys=0.00, real=0.07 secs] 
1134.961: [GC [PSYoungGen: 323685K->18843K(327168K)] 910763K->612307K(1026240K), 0.0813160 secs] [Times: user=0.15 sys=0.00, real=0.08 secs] 
1135.356: [GC [PSYoungGen: 323483K->19005K(326976K)] 916947K->617874K(1026048K), 0.0427270 secs] [Times: user=0.13 sys=0.00, real=0.04 secs] 
1135.776: [GC [PSYoungGen: 323645K->17445K(327552K)] 922514K->623140K(1026624K), 0.0387580 secs] [Times: user=0.12 sys=0.00, real=0.04 secs] 
1136.172: [GC [PSYoungGen: 322853K->17570K(327360K)] 928548K->629263K(1026432K), 0.0471150 secs] [Times: user=0.12 sys=0.00, real=0.05 secs] 
1136.609: [GC [PSYoungGen: 322978K->16861K(327936K)] 934671K->634946K(1027008K), 0.0555500 secs] [Times: user=0.12 sys=0.00, real=0.05 secs] 
1137.071: [GC [PSYoungGen: 323101K->17359K(327808K)] 941186K->642242K(1026880K), 0.0675430 secs] [Times: user=0.11 sys=0.00, real=0.07 secs] 
1137.595: [GC [PSYoungGen: 323599K->20149K(327232K)] 948482K->649071K(1026304K), 0.0391750 secs] [Times: user=0.11 sys=0.00, real=0.04 secs] 
1137.952: [GC [PSYoungGen: 326005K->15749K(321664K)] 954927K->652866K(1020736K), 0.0544420 secs] [Times: user=0.12 sys=0.00, real=0.06 secs] 
1138.329: [GC [PSYoungGen: 321605K->19183K(327488K)] 958722K->661924K(1026560K), 0.0441050 secs] [Times: user=0.12 sys=0.00, real=0.04 secs] 
1138.784: [GC [PSYoungGen: 324767K->14860K(320512K)] 967508K->667530K(1019584K), 0.0492560 secs] [Times: user=0.11 sys=0.00, real=0.05 secs] 
1139.132: [GC [PSYoungGen: 320460K->18964K(327296K)] 973130K->678422K(1026368K), 0.0599410 secs] [Times: user=0.12 sys=0.01, real=0.06 secs] 
1139.562: [GC [PSYoungGen: 324180K->17422K(327360K)] 983638K->683532K(1026432K), 0.0571950 secs] [Times: user=0.12 sys=0.00, real=0.06 secs] 
1139.948: [GC [PSYoungGen: 322638K->13587K(327104K)] 988748K->683697K(1026176K), 0.0406250 secs] [Times: user=0.10 sys=0.00, real=0.04 secs] 
1140.288: [GC [PSYoungGen: 318931K->22077K(327424K)] 989041K->699428K(1026496K), 0.0648870 secs] [Times: user=0.13 sys=0.00, real=0.06 secs] 
1140.712: [GC [PSYoungGen: 327421K->18316K(320896K)] 1004772K->708687K(1019968K), 0.0734730 secs] [Times: user=0.14 sys=0.00, real=0.08 secs] 
1140.786: [Full GC [PSYoungGen: 18316K->0K(320896K)] [PSOldGen: 690371K->248194K(699072K)] 708687K->248194K(1019968K) [PSPermGen: 91533K->91472K(262144K)], 1.5366450 secs] [Times: user=1.53 sys=0.01, real=1.53 secs] 
1142.714: [GC [PSYoungGen: 298816K->20240K(324160K)] 547010K->268434K(1023232K), 0.0500280 secs] [Times: user=0.11 sys=0.00, real=0.05 secs] 
1143.080: [GC [PSYoungGen: 319056K->22571K(322688K)] 567250K->282850K(1021760K), 0.0769590 secs] [Times: user=0.14 sys=0.00, real=0.08 secs] 
1143.548: [GC [PSYoungGen: 319979K->16888K(323456K)] 580258K->285791K(1022528K), 0.1048370 secs] [Times: user=0.11 sys=0.00, real=0.10 secs] 
1143.998: [GC [PSYoungGen: 314296K->16897K(324096K)] 583199K->290723K(1023168K), 0.0485530 secs] [Times: user=0.10 sys=0.00, real=0.05 secs] 
1144.342: [GC [PSYoungGen: 315265K->17814K(323776K)] 589091K->298765K(1022848K), 0.0795240 secs] [Times: user=0.12 sys=0.01, real=0.08 secs] 
1144.849: [GC [PSYoungGen: 316182K->18540K(325248K)] 597133K->306734K(1024320K), 0.0509430 secs] [Times: user=0.12 sys=0.00, real=0.05 secs] 
1145.253: [GC [PSYoungGen: 318892K->19185K(324608K)] 607086K->313254K(1023680K), 0.0527060 secs] [Times: user=0.13 sys=0.00, real=0.06 secs] 
1145.652: [GC [PSYoungGen: 319537K->16971K(325824K)] 613606K->317346K(1024896K), 0.0474330 secs] [Times: user=0.11 sys=0.01, real=0.05 secs] 
1146.084: [GC [PSYoungGen: 318859K->17979K(325568K)] 619234K->325824K(1024640K), 0.0760290 secs] [Times: user=0.12 sys=0.00, real=0.08 secs] 
1146.480: [GC [PSYoungGen: 319866K->15470K(326208K)] 627711K->329620K(1025280K), 0.0327110 secs] [Times: user=0.11 sys=0.00, real=0.03 secs] 
1146.854: [GC [PSYoungGen: 318382K->19049K(326208K)] 632532K->338983K(1025280K), 0.0449410 secs] [Times: user=0.11 sys=0.00, real=0.05 secs] 
1147.327: [GC [PSYoungGen: 321961K->19074K(326592K)] 641895K->348578K(1025664K), 0.0659990 secs] [Times: user=0.14 sys=0.01, real=0.06 secs] 
1147.719: [GC [PSYoungGen: 322562K->19609K(326400K)] 652066K->355788K(1025472K), 0.0566130 secs] [Times: user=0.14 sys=0.00, real=0.06 secs] 
1148.242: [GC [PSYoungGen: 323097K->14875K(326272K)] 659276K->356297K(1025344K), 0.0391930 secs] [Times: user=0.09 sys=0.00, real=0.04 secs] 
1148.619: [GC [PSYoungGen: 318171K->17628K(326400K)] 659593K->362532K(1025472K), 0.0737120 secs] [Times: user=0.11 sys=0.00, real=0.07 secs] 
1148.994: [GC [PSYoungGen: 320924K->18167K(327232K)] 665828K->368883K(1026304K), 0.0411230 secs] [Times: user=0.11 sys=0.00, real=0.04 secs] 
1149.422: [GC [PSYoungGen: 322679K->15516K(326784K)] 673395K->373625K(1025856K), 0.0766710 secs] [Times: user=0.11 sys=0.00, real=0.08 secs] 
1149.862: [GC [PSYoungGen: 320028K->16559K(327424K)] 678137K->380200K(1026496K), 0.0557630 secs] [Times: user=0.10 sys=0.00, real=0.06 secs] 
1150.243: [GC [PSYoungGen: 321711K->18857K(327232K)] 685352K->390156K(1026304K), 0.0477130 secs] [Times: user=0.12 sys=0.00, real=0.05 secs] 
1150.639: [GC [PSYoungGen: 324009K->17989K(327808K)] 695308K->394836K(1026880K), 0.0621670 secs] [Times: user=0.11 sys=0.01, real=0.06 secs] 
1151.104: [GC [PSYoungGen: 323717K->19498K(327424K)] 700564K->400973K(1026496K), 0.0675540 secs] [Times: user=0.12 sys=0.00, real=0.07 secs] 
1151.580: [GC [PSYoungGen: 325226K->18891K(327616K)] 706701K->408275K(1026688K), 0.0494490 secs] [Times: user=0.12 sys=0.00, real=0.05 secs] 
1152.003: [GC [PSYoungGen: 324555K->20821K(326528K)] 713939K->415771K(1025600K), 0.0622140 secs] [Times: user=0.12 sys=0.01, real=0.06 secs] 
1152.422: [GC [PSYoungGen: 326485K->18325K(327360K)] 721435K->420052K(1026432K), 0.0558090 secs] [Times: user=0.12 sys=0.00, real=0.06 secs] 
1152.906: [GC [PSYoungGen: 323154K->19385K(326976K)] 724882K->426965K(1026048K), 0.0703090 secs] [Times: user=0.13 sys=0.00, real=0.07 secs] 
1153.330: [GC [PSYoungGen: 324217K->15281K(327104K)] 731797K->429379K(1026176K), 0.0605110 secs] [Times: user=0.10 sys=0.00, real=0.06 secs] 
1153.674: [GC [PSYoungGen: 320241K->14728K(319744K)] 734339K->433907K(1018816K), 0.0539480 secs] [Times: user=0.10 sys=0.00, real=0.06 secs] 
1154.108: [GC [PSYoungGen: 319688K->22456K(319872K)] 738867K->447930K(1018944K), 0.0499390 secs] [Times: user=0.13 sys=0.01, real=0.05 secs] 
1154.547: [GC [PSYoungGen: 319864K->14778K(323456K)] 745338K->450514K(1022528K), 0.0736490 secs] [Times: user=0.11 sys=0.00, real=0.07 secs] 
1155.012: [GC [PSYoungGen: 312186K->19092K(323968K)] 747922K->459000K(1023040K), 0.0485950 secs] [Times: user=0.11 sys=0.00, real=0.05 secs] 
1155.425: [GC [PSYoungGen: 317012K->15893K(323456K)] 756920K->461373K(1022528K), 0.0567510 secs] [Times: user=0.11 sys=0.00, real=0.06 secs] 
1155.752: [GC [PSYoungGen: 313809K->14040K(324224K)] 759289K->465042K(1023296K), 0.0505280 secs] [Times: user=0.10 sys=0.00, real=0.05 secs] 
1156.103: [GC [PSYoungGen: 312984K->18884K(324224K)] 763986K->475660K(1023296K), 0.0478430 secs] [Times: user=0.10 sys=0.00, real=0.05 secs] 
1156.584: [GC [PSYoungGen: 317828K->18599K(325056K)] 774604K->482100K(1024128K), 0.0923950 secs] [Times: user=0.13 sys=0.00, real=0.09 secs] 
1157.038: [GC [PSYoungGen: 318695K->16738K(324544K)] 782196K->487034K(1023616K), 0.0486970 secs] [Times: user=0.13 sys=0.00, real=0.04 secs] 
1157.499: [GC [PSYoungGen: 316834K->17311K(325952K)] 787130K->493694K(1025024K), 0.0341380 secs] [Times: user=0.12 sys=0.00, real=0.03 secs] 
1157.865: [GC [PSYoungGen: 319199K->18005K(325440K)] 795582K->501258K(1024512K), 0.0706740 secs] [Times: user=0.11 sys=0.00, real=0.07 secs] 
1158.262: [GC [PSYoungGen: 319893K->19245K(326464K)] 803146K->510619K(1025536K), 0.0583980 secs] [Times: user=0.13 sys=0.00, real=0.06 secs] 
1158.682: [GC [PSYoungGen: 322669K->16614K(326464K)] 814043K->514123K(1025536K), 0.0427590 secs] [Times: user=0.12 sys=0.00, real=0.04 secs] 
1159.072: [GC [PSYoungGen: 320038K->18407K(327040K)] 817547K->519516K(1026112K), 0.0473330 secs] [Times: user=0.11 sys=0.00, real=0.05 secs] 
1159.508: [GC [PSYoungGen: 322663K->15561K(326720K)] 823772K->522052K(1025792K), 0.0418530 secs] [Times: user=0.11 sys=0.00, real=0.04 secs] 
1159.892: [GC [PSYoungGen: 319817K->20301K(326080K)] 826308K->531134K(1025152K), 0.0783640 secs] [Times: user=0.12 sys=0.00, real=0.08 secs] 
1160.285: [GC [PSYoungGen: 323981K->17462K(326592K)] 834814K->537031K(1025664K), 0.0592510 secs] [Times: user=0.12 sys=0.01, real=0.06 secs] 
1160.694: [GC [PSYoungGen: 321142K->17429K(327360K)] 840711K->543229K(1026432K), 0.0542940 secs] [Times: user=0.10 sys=0.01, real=0.06 secs] 
1161.096: [GC [PSYoungGen: 322261K->19659K(326976K)] 848061K->550667K(1026048K), 0.0460540 secs] [Times: user=0.12 sys=0.00, real=0.05 secs] 
1161.625: [GC [PSYoungGen: 324491K->17718K(327488K)] 855499K->554272K(1026560K), 0.0430450 secs] [Times: user=0.11 sys=0.00, real=0.05 secs] 
1162.004: [GC [PSYoungGen: 322804K->19693K(327104K)] 859358K->562088K(1026176K), 0.0383660 secs] [Times: user=0.13 sys=0.01, real=0.04 secs] 
1162.395: [GC [PSYoungGen: 324781K->17883K(327616K)] 867176K->570079K(1026688K), 0.0666310 secs] [Times: user=0.12 sys=0.00, real=0.07 secs] 
1162.946: [GC [PSYoungGen: 323291K->18449K(327296K)] 875487K->577100K(1026368K), 0.0600940 secs] [Times: user=0.14 sys=0.01, real=0.06 secs] 
1163.368: [GC [PSYoungGen: 323857K->19202K(327872K)] 882508K->582140K(1026944K), 0.0647610 secs] [Times: user=0.12 sys=0.00, real=0.06 secs] 
1163.762: [GC [PSYoungGen: 325442K->17805K(327872K)] 888380K->585567K(1026944K), 0.0667450 secs] [Times: user=0.11 sys=0.01, real=0.07 secs] 
1164.155: [GC [PSYoungGen: 324045K->17260K(328256K)] 891807K->591980K(1027328K), 0.0599890 secs] [Times: user=0.10 sys=0.00, real=0.06 secs] 
1164.591: [GC [PSYoungGen: 324140K->17623K(328128K)] 898860K->601691K(1027200K), 0.0769410 secs] [Times: user=0.13 sys=0.02, real=0.08 secs] 
1164.961: [GC [PSYoungGen: 324503K->20640K(327168K)] 908571K->610793K(1026240K), 0.0502920 secs] [Times: user=0.13 sys=0.00, real=0.05 secs] 
1165.434: [GC [PSYoungGen: 326752K->16158K(327808K)] 916905K->612464K(1026880K), 0.0448860 secs] [Times: user=0.11 sys=0.00, real=0.05 secs] 
1165.854: [GC [PSYoungGen: 322270K->21157K(326272K)] 918576K->624761K(1025344K), 0.0726340 secs] [Times: user=0.13 sys=0.02, real=0.07 secs] 
1166.306: [GC [PSYoungGen: 325733K->20415K(324992K)] 929337K->631518K(1024064K), 0.0479760 secs] [Times: user=0.13 sys=0.00, real=0.05 secs] 
1166.703: [GC [PSYoungGen: 324991K->18372K(327040K)] 936094K->637998K(1026112K), 0.0513650 secs] [Times: user=0.12 sys=0.00, real=0.05 secs] 
1167.125: [GC [PSYoungGen: 322564K->15291K(326656K)] 942190K->640273K(1025728K), 0.0506990 secs] [Times: user=0.11 sys=0.00, real=0.05 secs] 
1167.559: [GC [PSYoungGen: 319483K->18524K(327232K)] 944465K->647781K(1026304K), 0.0463010 secs] [Times: user=0.11 sys=0.00, real=0.04 secs] 
1167.947: [GC [PSYoungGen: 323100K->20601K(325184K)] 952357K->659648K(1024256K), 0.0665000 secs] [Times: user=0.14 sys=0.00, real=0.07 secs] 
1168.287: [GC [PSYoungGen: 325177K->14345K(326144K)] 964224K->658985K(1025216K), 0.0388300 secs] [Times: user=0.11 sys=0.00, real=0.04 secs] 
1168.653: [GC [PSYoungGen: 317769K->17559K(326464K)] 962409K->666882K(1025536K), 0.0477580 secs] [Times: user=0.11 sys=0.00, real=0.05 secs] 
1169.074: [GC [PSYoungGen: 320983K->17016K(327168K)] 970306K->672189K(1026240K), 0.0436840 secs] [Times: user=0.12 sys=0.00, real=0.04 secs] 
1169.509: [GC [PSYoungGen: 321528K->14377K(326848K)] 976701K->676974K(1025920K), 0.0434380 secs] [Times: user=0.11 sys=0.00, real=0.05 secs] 
1169.890: [GC [PSYoungGen: 318888K->14753K(326976K)] 981485K->681854K(1026048K), 0.0458030 secs] [Times: user=0.10 sys=0.00, real=0.04 secs] 
1170.310: [GC [PSYoungGen: 319201K->15365K(326976K)] 986302K->687505K(1026048K), 0.0421480 secs] [Times: user=0.10 sys=0.00, real=0.04 secs] 
1170.702: [GC [PSYoungGen: 319813K->17940K(327360K)] 991953K->693790K(1026432K), 0.0456420 secs] [Times: user=0.10 sys=0.00, real=0.04 secs] 
1171.126: [GC [PSYoungGen: 322964K->16230K(327168K)] 998814K->698550K(1026240K), 0.0630810 secs] [Times: user=0.11 sys=0.00, real=0.07 secs] 
1171.548: [GC [PSYoungGen: 321254K->17436K(328064K)] 1003574K->705397K(1027136K), 0.0578750 secs] [Times: user=0.12 sys=0.00, real=0.06 secs] 
1171.957: [GC [PSYoungGen: 323676K->15402K(327680K)] 1011637K->710125K(1026752K), 0.0473510 secs] [Times: user=0.11 sys=0.00, real=0.05 secs] 
1172.005: [Full GC [PSYoungGen: 15402K->0K(327680K)] [PSOldGen: 694722K->287110K(699072K)] 710125K->287110K(1026752K) [PSPermGen: 91486K->91486K(262144K)], 1.4250600 secs] [Times: user=1.42 sys=0.00, real=1.43 secs] 
1173.832: [GC [PSYoungGen: 306240K->21311K(324480K)] 593350K->310234K(1023552K), 0.0499750 secs] [Times: user=0.10 sys=0.00, real=0.05 secs] 
1174.219: [GC [PSYoungGen: 324479K->17831K(326336K)] 613402K->318386K(1025408K), 0.0557670 secs] [Times: user=0.13 sys=0.00, real=0.06 secs] 
1174.655: [GC [PSYoungGen: 320996K->16354K(327104K)] 621551K->323225K(1026176K), 0.0410580 secs] [Times: user=0.10 sys=0.00, real=0.04 secs] 
1175.131: [GC [PSYoungGen: 320738K->17100K(326784K)] 627609K->329946K(1025856K), 0.0704350 secs] [Times: user=0.10 sys=0.00, real=0.07 secs] 
1175.516: [GC [PSYoungGen: 321484K->17535K(327936K)] 634330K->336484K(1027008K), 0.0523270 secs] [Times: user=0.11 sys=0.00, real=0.05 secs] 
1175.989: [GC [PSYoungGen: 323455K->18559K(327488K)] 642404K->345579K(1026560K), 0.0466860 secs] [Times: user=0.13 sys=0.00, real=0.05 secs] 
1176.502: [GC [PSYoungGen: 324479K->19427K(327296K)] 651499K->353159K(1026368K), 0.0628930 secs] [Times: user=0.12 sys=0.00, real=0.06 secs] 
1177.045: [GC [PSYoungGen: 325155K->16874K(327616K)] 658887K->356028K(1026688K), 0.0834400 secs] [Times: user=0.10 sys=0.00, real=0.08 secs] 
1177.498: [GC [PSYoungGen: 322602K->15122K(327872K)] 661756K->361067K(1026944K), 0.0602070 secs] [Times: user=0.10 sys=0.00, real=0.06 secs] 
1177.897: [GC [PSYoungGen: 321362K->19792K(326080K)] 667307K->373291K(1025152K), 0.0473030 secs] [Times: user=0.12 sys=0.00, real=0.05 secs] 
1178.294: [GC [PSYoungGen: 326032K->21710K(325248K)] 679531K->381605K(1024320K), 0.0506180 secs] [Times: user=0.12 sys=0.00, real=0.05 secs] 
1178.694: [GC [PSYoungGen: 324878K->17626K(326336K)] 684773K->381211K(1025408K), 0.0367420 secs] [Times: user=0.11 sys=0.00, real=0.04 secs] 
1179.029: [GC [PSYoungGen: 320794K->15676K(326848K)] 684379K->386758K(1025920K), 0.0427650 secs] [Times: user=0.10 sys=0.00, real=0.05 secs] 
1179.480: [GC [PSYoungGen: 319804K->17426K(326784K)] 690886K->394609K(1025856K), 0.0468310 secs] [Times: user=0.11 sys=0.00, real=0.05 secs] 
1179.909: [GC [PSYoungGen: 321554K->16727K(327552K)] 698737K->400043K(1026624K), 0.0594690 secs] [Times: user=0.11 sys=0.00, real=0.06 secs] 
1180.249: [GC [PSYoungGen: 322071K->19572K(324928K)] 705387K->409736K(1024000K), 0.0669480 secs] [Times: user=0.12 sys=0.00, real=0.07 secs] 
1180.638: [GC [PSYoungGen: 324916K->22260K(319168K)] 715080K->420093K(1018240K), 0.0652570 secs] [Times: user=0.13 sys=0.01, real=0.07 secs] 
1181.135: [GC [PSYoungGen: 319156K->15598K(323200K)] 716989K->421137K(1022272K), 0.0562240 secs] [Times: user=0.11 sys=0.00, real=0.06 secs] 
1181.491: [GC [PSYoungGen: 312494K->24185K(320768K)] 718033K->432825K(1019840K), 0.0477350 secs] [Times: user=0.12 sys=0.00, real=0.04 secs] 
1181.931: [GC [PSYoungGen: 318777K->15492K(322048K)] 727417K->433890K(1021120K), 0.0542610 secs] [Times: user=0.12 sys=0.00, real=0.05 secs] 
1182.333: [GC [PSYoungGen: 310084K->20445K(322496K)] 728482K->443409K(1021568K), 0.0535740 secs] [Times: user=0.11 sys=0.00, real=0.05 secs] 
1182.772: [GC [PSYoungGen: 315677K->19097K(322240K)] 738641K->451044K(1021312K), 0.0508680 secs] [Times: user=0.13 sys=0.00, real=0.05 secs] 
1183.155: [GC [PSYoungGen: 314329K->15171K(323328K)] 746276K->453454K(1022400K), 0.0423330 secs] [Times: user=0.10 sys=0.01, real=0.04 secs] 
1183.593: [GC [PSYoungGen: 312259K->17715K(323264K)] 750542K->460172K(1022336K), 0.0489960 secs] [Times: user=0.11 sys=0.00, real=0.05 secs] 
1184.046: [GC [PSYoungGen: 314803K->19808K(324160K)] 757260K->470372K(1023232K), 0.0688420 secs] [Times: user=0.13 sys=0.00, real=0.07 secs] 
1184.506: [GC [PSYoungGen: 318368K->16409K(323904K)] 768932K->474146K(1022976K), 0.0686370 secs] [Times: user=0.12 sys=0.00, real=0.07 secs] 
1184.894: [GC [PSYoungGen: 314969K->19896K(324544K)] 772706K->483049K(1023616K), 0.0463930 secs] [Times: user=0.12 sys=0.00, real=0.04 secs] 
1185.331: [GC [PSYoungGen: 319352K->19349K(324416K)] 782505K->485656K(1023488K), 0.0495090 secs] [Times: user=0.11 sys=0.01, real=0.05 secs] 
1185.683: [GC [PSYoungGen: 318805K->17354K(325248K)] 785112K->490197K(1024320K), 0.0737150 secs] [Times: user=0.11 sys=0.00, real=0.07 secs] 
1186.218: [GC [PSYoungGen: 318026K->18477K(324928K)] 790869K->498937K(1024000K), 0.0551800 secs] [Times: user=0.12 sys=0.00, real=0.06 secs] 
1186.633: [GC [PSYoungGen: 319149K->21004K(325056K)] 799609K->507614K(1024128K), 0.0658210 secs] [Times: user=0.12 sys=0.00, real=0.06 secs] 
1187.034: [GC [PSYoungGen: 322380K->15768K(325440K)] 808990K->511355K(1024512K), 0.0815900 secs] [Times: user=0.13 sys=0.01, real=0.08 secs] 
1187.586: [GC [PSYoungGen: 317144K->19913K(325440K)] 812731K->521175K(1024512K), 0.0646780 secs] [Times: user=0.12 sys=0.01, real=0.06 secs] 
1187.996: [GC [PSYoungGen: 321289K->16661K(325440K)] 822551K->524641K(1024512K), 0.0492760 secs] [Times: user=0.11 sys=0.00, real=0.05 secs] 
1188.400: [GC [PSYoungGen: 318037K->20003K(325568K)] 826017K->531691K(1024640K), 0.0581370 secs] [Times: user=0.11 sys=0.00, real=0.06 secs] 
1188.876: [GC [PSYoungGen: 321761K->19504K(325632K)] 833449K->535954K(1024704K), 0.0424740 secs] [Times: user=0.12 sys=0.00, real=0.04 secs] 
1189.319: [GC [PSYoungGen: 321264K->17159K(326080K)] 837714K->540930K(1025152K), 0.0528910 secs] [Times: user=0.11 sys=0.00, real=0.05 secs] 
1189.691: [GC [PSYoungGen: 319559K->21223K(323648K)] 843330K->548322K(1022720K), 0.0616690 secs] [Times: user=0.12 sys=0.00, real=0.07 secs] 
1190.115: [GC [PSYoungGen: 323623K->14118K(324928K)] 850722K->548864K(1024000K), 0.0578560 secs] [Times: user=0.11 sys=0.00, real=0.06 secs] 
1190.547: [GC [PSYoungGen: 315110K->14322K(315328K)] 849856K->554475K(1014400K), 0.0605210 secs] [Times: user=0.09 sys=0.00, real=0.06 secs] 
1190.884: [GC [PSYoungGen: 315314K->13338K(324928K)] 855467K->557386K(1024000K), 0.0300850 secs] [Times: user=0.10 sys=0.00, real=0.03 secs] 
1191.268: [GC [PSYoungGen: 313946K->17911K(325056K)] 857994K->567798K(1024128K), 0.0596220 secs] [Times: user=0.11 sys=0.00, real=0.06 secs] 
1191.603: [GC [PSYoungGen: 318519K->19067K(325632K)] 868406K->578088K(1024704K), 0.0586160 secs] [Times: user=0.12 sys=0.00, real=0.05 secs] 
1191.978: [GC [PSYoungGen: 320763K->19225K(325568K)] 879784K->585797K(1024640K), 0.0555560 secs] [Times: user=0.12 sys=0.00, real=0.06 secs] 
1192.386: [GC [PSYoungGen: 320921K->21241K(324288K)] 887493K->592485K(1023360K), 0.0497540 secs] [Times: user=0.12 sys=0.00, real=0.05 secs] 
1192.847: [GC [PSYoungGen: 321721K->16165K(324992K)] 892965K->597408K(1024064K), 0.0571050 secs] [Times: user=0.12 sys=0.00, real=0.06 secs] 
1193.215: [GC [PSYoungGen: 316645K->17803K(325888K)] 897888K->603212K(1024960K), 0.0470420 secs] [Times: user=0.11 sys=0.00, real=0.05 secs] 
1193.566: [GC [PSYoungGen: 319499K->19070K(325312K)] 904908K->610893K(1024384K), 0.0513110 secs] [Times: user=0.13 sys=0.00, real=0.05 secs] 
1193.985: [GC [PSYoungGen: 320766K->21299K(324736K)] 912589K->620396K(1023808K), 0.0628700 secs] [Times: user=0.12 sys=0.00, real=0.06 secs] 
1194.408: [GC [PSYoungGen: 322547K->14522K(315776K)] 921644K->620147K(1014848K), 0.0569310 secs] [Times: user=0.10 sys=0.00, real=0.06 secs] 
1194.765: [GC [PSYoungGen: 315770K->17586K(325824K)] 921395K->628818K(1024896K), 0.0568100 secs] [Times: user=0.11 sys=0.00, real=0.05 secs] 
1195.143: [GC [PSYoungGen: 319218K->20314K(325312K)] 930450K->638688K(1024384K), 0.0480910 secs] [Times: user=0.13 sys=0.01, real=0.04 secs] 
1195.573: [GC [PSYoungGen: 321946K->18257K(326080K)] 940320K->643908K(1025152K), 0.0501770 secs] [Times: user=0.13 sys=0.00, real=0.05 secs] 
1196.004: [GC [PSYoungGen: 320337K->21114K(325504K)] 945988K->651444K(1024576K), 0.0550530 secs] [Times: user=0.14 sys=0.00, real=0.05 secs] 
1196.431: [GC [PSYoungGen: 323194K->17689K(325952K)] 953524K->653886K(1025024K), 0.0594060 secs] [Times: user=0.12 sys=0.00, real=0.06 secs] 
1196.798: [GC [PSYoungGen: 319641K->21607K(323584K)] 955838K->662898K(1022656K), 0.0546230 secs] [Times: user=0.13 sys=0.00, real=0.06 secs] 
1197.168: [GC [PSYoungGen: 323559K->19055K(325696K)] 964850K->667862K(1024768K), 0.0511350 secs] [Times: user=0.12 sys=0.00, real=0.05 secs] 
1197.677: [GC [PSYoungGen: 320495K->16826K(325248K)] 969302K->673074K(1024320K), 0.0432090 secs] [Times: user=0.12 sys=0.00, real=0.04 secs] 
1198.012: [GC [PSYoungGen: 318266K->22696K(323840K)] 974514K->685053K(1022912K), 0.0509770 secs] [Times: user=0.13 sys=0.00, real=0.06 secs] 
1198.415: [GC [PSYoungGen: 322920K->12869K(313152K)] 985277K->682381K(1012224K), 0.0392020 secs] [Times: user=0.10 sys=0.00, real=0.04 secs] 
1198.781: [GC [PSYoungGen: 313093K->17138K(324800K)] 982605K->689603K(1023872K), 0.0539980 secs] [Times: user=0.10 sys=0.00, real=0.06 secs] 
1199.154: [GC [PSYoungGen: 316786K->20340K(324352K)] 989251K->699818K(1023424K), 0.0549170 secs] [Times: user=0.13 sys=0.00, real=0.05 secs] 
1199.572: [GC [PSYoungGen: 319988K->17110K(325120K)] 999466K->707491K(1024192K), 0.0750940 secs] [Times: user=0.12 sys=0.00, real=0.08 secs] 
1199.647: [Full GC [PSYoungGen: 17110K->0K(325120K)] [PSOldGen: 690381K->284246K(699072K)] 707491K->284246K(1024192K) [PSPermGen: 91503K->91503K(262144K)], 1.3861330 secs] [Times: user=1.39 sys=0.00, real=1.38 secs] 
1201.349: [GC [PSYoungGen: 300288K->21448K(321792K)] 584534K->305695K(1020864K), 0.0539450 secs] [Times: user=0.11 sys=0.00, real=0.05 secs] 
1201.739: [GC [PSYoungGen: 321736K->16316K(324800K)] 605983K->313126K(1023872K), 0.1233570 secs] [Times: user=0.15 sys=0.01, real=0.12 secs] 
1202.315: [GC [PSYoungGen: 316156K->20046K(324544K)] 612966K->323069K(1023616K), 0.0611570 secs] [Times: user=0.12 sys=0.00, real=0.06 secs] 
1202.709: [GC [PSYoungGen: 319886K->16895K(325120K)] 622909K->328318K(1024192K), 0.0621970 secs] [Times: user=0.12 sys=0.00, real=0.06 secs] 
1203.170: [GC [PSYoungGen: 317311K->13611K(324800K)] 628734K->329641K(1023872K), 0.0359920 secs] [Times: user=0.09 sys=0.00, real=0.04 secs] 
1203.652: [GC [PSYoungGen: 314027K->19192K(325120K)] 630057K->341277K(1024192K), 0.0627830 secs] [Times: user=0.11 sys=0.00, real=0.07 secs] 
1204.112: [GC [PSYoungGen: 319736K->17707K(324928K)] 641821K->348818K(1024000K), 0.0922480 secs] [Times: user=0.12 sys=0.00, real=0.10 secs] 
1204.548: [GC [PSYoungGen: 318251K->14191K(325568K)] 649362K->351939K(1024640K), 0.0386810 secs] [Times: user=0.10 sys=0.00, real=0.04 secs] 
1204.933: [GC [PSYoungGen: 315951K->23326K(325120K)] 653699K->366373K(1024192K), 0.0689400 secs] [Times: user=0.13 sys=0.00, real=0.07 secs] 
1205.326: [GC [PSYoungGen: 325086K->16795K(324096K)] 668133K->371593K(1023168K), 0.0689930 secs] [Times: user=0.13 sys=0.00, real=0.07 secs] 
1205.872: [GC [PSYoungGen: 316507K->11619K(311360K)] 671305K->370066K(1010432K), 0.0712110 secs] [Times: user=0.07 sys=0.00, real=0.07 secs] 
1206.254: [GC [PSYoungGen: 311331K->17763K(324864K)] 669778K->380269K(1023936K), 0.0537960 secs] [Times: user=0.10 sys=0.00, real=0.05 secs] 
1206.693: [GC [PSYoungGen: 317283K->17685K(324160K)] 679789K->390018K(1023232K), 0.0415940 secs] [Times: user=0.12 sys=0.00, real=0.05 secs] 
1207.112: [GC [PSYoungGen: 317205K->17390K(326080K)] 689538K->396680K(1025152K), 0.0372880 secs] [Times: user=0.12 sys=0.00, real=0.04 secs] 
1207.551: [GC [PSYoungGen: 319470K->20854K(322944K)] 698760K->407119K(1022016K), 0.0477360 secs] [Times: user=0.13 sys=0.00, real=0.05 secs] 
1208.033: [GC [PSYoungGen: 322934K->14842K(325568K)] 709199K->409276K(1024640K), 0.0807370 secs] [Times: user=0.10 sys=0.00, real=0.08 secs] 
1208.520: [GC [PSYoungGen: 316346K->15348K(325440K)] 710780K->416273K(1024512K), 0.0477120 secs] [Times: user=0.10 sys=0.00, real=0.05 secs] 
1208.966: [GC [PSYoungGen: 316852K->18431K(326080K)] 717777K->426168K(1025152K), 0.0549680 secs] [Times: user=0.12 sys=0.01, real=0.05 secs] 
1209.371: [GC [PSYoungGen: 320831K->18075K(325824K)] 728568K->432168K(1024896K), 0.0625820 secs] [Times: user=0.12 sys=0.01, real=0.06 secs] 
1209.818: [GC [PSYoungGen: 320475K->15610K(326656K)] 734568K->436702K(1025728K), 0.0592990 secs] [Times: user=0.11 sys=0.00, real=0.06 secs] 
1210.250: [GC [PSYoungGen: 319162K->18772K(326400K)] 740254K->447569K(1025472K), 0.0674840 secs] [Times: user=0.12 sys=0.01, real=0.07 secs] 
1210.757: [GC [PSYoungGen: 322307K->16582K(327040K)] 751104K->451106K(1026112K), 0.0697700 secs] [Times: user=0.10 sys=0.00, real=0.07 secs] 
1211.237: [GC [PSYoungGen: 320774K->19043K(326656K)] 755298K->460437K(1025728K), 0.0535040 secs] [Times: user=0.12 sys=0.01, real=0.05 secs] 
1211.744: [GC [PSYoungGen: 323235K->16131K(327168K)] 764629K->465331K(1026240K), 0.0452960 secs] [Times: user=0.11 sys=0.00, real=0.05 secs] 
1212.131: [GC [PSYoungGen: 320707K->18303K(326912K)] 769907K->470746K(1025984K), 0.0471530 secs] [Times: user=0.10 sys=0.00, real=0.05 secs] 
1212.589: [GC [PSYoungGen: 322879K->16264K(327616K)] 775322K->475912K(1026688K), 0.0640380 secs] [Times: user=0.11 sys=0.00, real=0.06 secs] 
1213.053: [GC [PSYoungGen: 321736K->20864K(326400K)] 781384K->487798K(1025472K), 0.0844490 secs] [Times: user=0.12 sys=0.00, real=0.09 secs] 
1213.478: [GC [PSYoungGen: 326336K->18905K(326784K)] 793270K->492849K(1025856K), 0.0707350 secs] [Times: user=0.12 sys=0.00, real=0.07 secs] 
1213.909: [GC [PSYoungGen: 322969K->15456K(326784K)] 796913K->495190K(1025856K), 0.0412800 secs] [Times: user=0.11 sys=0.00, real=0.04 secs] 
1214.270: [GC [PSYoungGen: 319520K->18905K(326912K)] 799254K->505065K(1025984K), 0.0631530 secs] [Times: user=0.12 sys=0.00, real=0.06 secs] 
1214.678: [GC [PSYoungGen: 323225K->13096K(317440K)] 809385K->505322K(1016512K), 0.0517450 secs] [Times: user=0.09 sys=0.00, real=0.05 secs] 
1215.085: [GC [PSYoungGen: 317416K->15173K(326784K)] 809642K->512670K(1025856K), 0.0558450 secs] [Times: user=0.10 sys=0.00, real=0.06 secs] 
1215.490: [GC [PSYoungGen: 319045K->17112K(326592K)] 816542K->520494K(1025664K), 0.0634210 secs] [Times: user=0.11 sys=0.00, real=0.06 secs] 
1215.877: [GC [PSYoungGen: 320984K->15576K(327616K)] 824366K->526144K(1026688K), 0.0573650 secs] [Times: user=0.12 sys=0.00, real=0.05 secs] 
1216.313: [GC [PSYoungGen: 321042K->18785K(327360K)] 831610K->535896K(1026432K), 0.0538820 secs] [Times: user=0.12 sys=0.00, real=0.06 secs] 
1216.678: [GC [PSYoungGen: 324257K->12058K(326656K)] 841368K->537944K(1025728K), 0.0343780 secs] [Times: user=0.11 sys=0.00, real=0.03 secs] 
1217.098: [GC [PSYoungGen: 316634K->17316K(327040K)] 842520K->548269K(1026112K), 0.0432640 secs] [Times: user=0.11 sys=0.00, real=0.04 secs] 
1217.556: [GC [PSYoungGen: 321892K->22143K(319168K)] 852845K->560079K(1018240K), 0.0925980 secs] [Times: user=0.14 sys=0.01, real=0.10 secs] 
1217.990: [GC [PSYoungGen: 319167K->15866K(323264K)] 857103K->562956K(1022336K), 0.0468820 secs] [Times: user=0.11 sys=0.00, real=0.05 secs] 
1218.441: [GC [PSYoungGen: 312890K->15902K(324288K)] 859980K->568526K(1023360K), 0.0456130 secs] [Times: user=0.11 sys=0.00, real=0.05 secs] 
1218.820: [GC [PSYoungGen: 314462K->17918K(323776K)] 867086K->575543K(1022848K), 0.0552640 secs] [Times: user=0.11 sys=0.00, real=0.05 secs] 
1219.331: [GC [PSYoungGen: 316478K->17093K(325504K)] 874103K->580159K(1024576K), 0.0502290 secs] [Times: user=0.12 sys=0.00, real=0.05 secs] 
1219.766: [GC [PSYoungGen: 317957K->20068K(324864K)] 881023K->590511K(1023936K), 0.0581660 secs] [Times: user=0.13 sys=0.00, real=0.06 secs] 
1220.166: [GC [PSYoungGen: 320932K->17394K(325824K)] 891375K->596263K(1024896K), 0.0503060 secs] [Times: user=0.12 sys=0.00, real=0.06 secs] 
1220.661: [GC [PSYoungGen: 318898K->18939K(325184K)] 897767K->604327K(1024256K), 0.0664500 secs] [Times: user=0.12 sys=0.00, real=0.06 secs] 
1221.052: [GC [PSYoungGen: 320443K->19701K(325696K)] 905831K->611987K(1024768K), 0.0692850 secs] [Times: user=0.13 sys=0.00, real=0.07 secs] 
1221.471: [GC [PSYoungGen: 321845K->20616K(322816K)] 914131K->622855K(1021888K), 0.0630860 secs] [Times: user=0.14 sys=0.00, real=0.06 secs] 
1221.865: [GC [PSYoungGen: 322760K->20131K(325184K)] 924999K->629335K(1024256K), 0.0416460 secs] [Times: user=0.14 sys=0.00, real=0.04 secs] 
1223.436: [GC [PSYoungGen: 321251K->18017K(325312K)] 930455K->634553K(1024384K), 0.0563140 secs] [Times: user=0.12 sys=0.00, real=0.06 secs] 
1223.787: [GC [PSYoungGen: 319137K->20128K(325568K)] 935673K->642350K(1024640K), 0.0469640 secs] [Times: user=0.12 sys=0.00, real=0.05 secs] 
1224.222: [GC [PSYoungGen: 322016K->18696K(325696K)] 944238K->646820K(1024768K), 0.0352230 secs] [Times: user=0.11 sys=0.00, real=0.03 secs] 
1224.622: [GC [PSYoungGen: 320584K->19106K(326464K)] 948708K->653056K(1025536K), 0.0508240 secs] [Times: user=0.13 sys=0.01, real=0.05 secs] 
1225.010: [GC [PSYoungGen: 322274K->20952K(324160K)] 956224K->665052K(1023232K), 0.0608120 secs] [Times: user=0.15 sys=0.00, real=0.06 secs] 
1225.531: [GC [PSYoungGen: 324120K->13122K(324928K)] 968220K->664865K(1024000K), 0.0602890 secs] [Times: user=0.11 sys=0.00, real=0.06 secs] 
1226.019: [GC [PSYoungGen: 314626K->19614K(325504K)] 966369K->674428K(1024576K), 0.0650080 secs] [Times: user=0.11 sys=0.00, real=0.06 secs] 
1226.422: [GC [PSYoungGen: 321118K->19364K(325824K)] 975932K->681373K(1024896K), 0.0566020 secs] [Times: user=0.12 sys=0.00, real=0.06 secs] 
1226.911: [GC [PSYoungGen: 321316K->14731K(325632K)] 983325K->682903K(1024704K), 0.0611090 secs] [Times: user=0.10 sys=0.00, real=0.06 secs] 
1227.321: [GC [PSYoungGen: 316683K->21323K(324416K)] 984855K->694892K(1023488K), 0.0750650 secs] [Times: user=0.12 sys=0.00, real=0.07 secs] 
1227.723: [GC [PSYoungGen: 321931K->16655K(325056K)] 995500K->700083K(1024128K), 0.0484620 secs] [Times: user=0.13 sys=0.01, real=0.05 secs] 
1228.114: [GC [PSYoungGen: 317263K->18439K(325888K)] 1000691K->709780K(1024960K), 0.0464970 secs] [Times: user=0.12 sys=0.00, real=0.05 secs] 
1228.160: [Full GC [PSYoungGen: 18439K->0K(325888K)] [PSOldGen: 691341K->294732K(699072K)] 709780K->294732K(1024960K) [PSPermGen: 91516K->91516K(262144K)], 1.3925690 secs] [Times: user=1.40 sys=0.00, real=1.39 secs] 
1229.864: [GC [PSYoungGen: 301760K->19116K(325376K)] 596492K->313849K(1024448K), 0.0412060 secs] [Times: user=0.09 sys=0.00, real=0.04 secs] 
1230.210: [GC [PSYoungGen: 320876K->17940K(326528K)] 615609K->320043K(1025600K), 0.0489800 secs] [Times: user=0.11 sys=0.00, real=0.05 secs] 
1230.631: [GC [PSYoungGen: 321108K->20160K(326144K)] 623211K->331413K(1025216K), 0.0495880 secs] [Times: user=0.13 sys=0.00, real=0.05 secs] 
1230.987: [GC [PSYoungGen: 323328K->18001K(326720K)] 634581K->335782K(1025792K), 0.0457570 secs] [Times: user=0.12 sys=0.00, real=0.05 secs] 
1231.327: [GC [PSYoungGen: 321553K->17652K(326336K)] 639334K->340492K(1025408K), 0.0410040 secs] [Times: user=0.11 sys=0.01, real=0.05 secs] 
1231.761: [GC [PSYoungGen: 321204K->19387K(327040K)] 644044K->349176K(1026112K), 0.0631300 secs] [Times: user=0.11 sys=0.00, real=0.06 secs] 
1232.173: [GC [PSYoungGen: 323899K->20781K(325312K)] 653688K->359607K(1024384K), 0.0851970 secs] [Times: user=0.14 sys=0.00, real=0.09 secs] 
1232.612: [GC [PSYoungGen: 325293K->21630K(325184K)] 664119K->366974K(1024256K), 0.0734360 secs] [Times: user=0.12 sys=0.00, real=0.07 secs] 
1233.006: [GC [PSYoungGen: 323902K->20252K(325888K)] 669246K->373295K(1024960K), 0.0563060 secs] [Times: user=0.13 sys=0.00, real=0.06 secs] 
1233.503: [GC [PSYoungGen: 322524K->19711K(326144K)] 675567K->376814K(1025216K), 0.0533600 secs] [Times: user=0.10 sys=0.00, real=0.05 secs] 
1233.872: [GC [PSYoungGen: 322232K->16627K(325888K)] 679335K->379078K(1024960K), 0.0476350 secs] [Times: user=0.11 sys=0.00, real=0.05 secs] 
1234.298: [GC [PSYoungGen: 319155K->18368K(326464K)] 681606K->387838K(1025536K), 0.0535220 secs] [Times: user=0.12 sys=0.00, real=0.06 secs] 
1234.699: [GC [PSYoungGen: 321472K->16724K(326144K)] 690942K->391914K(1025216K), 0.0459170 secs] [Times: user=0.10 sys=0.00, real=0.05 secs] 
1235.103: [GC [PSYoungGen: 319828K->20261K(326144K)] 695018K->400635K(1025216K), 0.0549850 secs] [Times: user=0.11 sys=0.01, real=0.05 secs] 
1235.573: [GC [PSYoungGen: 323429K->16235K(326336K)] 703803K->402392K(1025408K), 0.0423450 secs] [Times: user=0.10 sys=0.00, real=0.04 secs] 
1235.958: [GC [PSYoungGen: 319403K->19603K(326400K)] 705560K->411812K(1025472K), 0.0588120 secs] [Times: user=0.11 sys=0.00, real=0.06 secs] 
1236.315: [GC [PSYoungGen: 322835K->19025K(326336K)] 715044K->418567K(1025408K), 0.0717600 secs] [Times: user=0.12 sys=0.00, real=0.07 secs] 
1236.775: [GC [PSYoungGen: 322255K->14483K(326080K)] 721797K->420135K(1025152K), 0.0665370 secs] [Times: user=0.10 sys=0.00, real=0.07 secs] 
1237.312: [GC [PSYoungGen: 317779K->16057K(326400K)] 723431K->426409K(1025472K), 0.0537010 secs] [Times: user=0.10 sys=0.01, real=0.05 secs] 
1237.680: [GC [PSYoungGen: 319353K->20542K(325632K)] 729705K->438758K(1024704K), 0.0647980 secs] [Times: user=0.13 sys=0.01, real=0.06 secs] 
1238.059: [GC [PSYoungGen: 323198K->18635K(326080K)] 741414K->449350K(1025152K), 0.0485020 secs] [Times: user=0.15 sys=0.00, real=0.04 secs] 
1238.464: [GC [PSYoungGen: 321288K->16921K(326720K)] 752002K->451478K(1025792K), 0.0659930 secs] [Times: user=0.11 sys=0.01, real=0.07 secs] 
1238.859: [GC [PSYoungGen: 320601K->19140K(326464K)] 755158K->459246K(1025536K), 0.0473310 secs] [Times: user=0.11 sys=0.00, real=0.05 secs] 
1239.206: [GC [PSYoungGen: 322820K->18404K(327168K)] 762926K->464377K(1026240K), 0.0514180 secs] [Times: user=0.11 sys=0.00, real=0.05 secs] 
1239.568: [GC [PSYoungGen: 322852K->22222K(326720K)] 768825K->475263K(1025792K), 0.0558030 secs] [Times: user=0.12 sys=0.00, real=0.06 secs] 
1239.971: [GC [PSYoungGen: 326670K->11445K(324032K)] 779711K->471085K(1023104K), 0.0401210 secs] [Times: user=0.09 sys=0.00, real=0.04 secs] 
1240.321: [GC [PSYoungGen: 312693K->14488K(325376K)] 772333K->476087K(1024448K), 0.0471290 secs] [Times: user=0.08 sys=0.00, real=0.04 secs] 
1240.689: [GC [PSYoungGen: 315736K->21506K(323840K)] 777335K->489997K(1022912K), 0.0581650 secs] [Times: user=0.13 sys=0.00, real=0.06 secs] 
1241.147: [GC [PSYoungGen: 321218K->19523K(324608K)] 789709K->499274K(1023680K), 0.0586350 secs] [Times: user=0.15 sys=0.00, real=0.06 secs] 
1241.617: [GC [PSYoungGen: 319235K->20460K(324352K)] 798986K->506673K(1023424K), 0.0648170 secs] [Times: user=0.13 sys=0.00, real=0.07 secs] 
1242.014: [GC [PSYoungGen: 320044K->16488K(324544K)] 806257K->508511K(1023616K), 0.0446880 secs] [Times: user=0.11 sys=0.00, real=0.04 secs] 
1242.418: [GC [PSYoungGen: 316072K->17791K(325440K)] 808095K->516353K(1024512K), 0.0547150 secs] [Times: user=0.11 sys=0.00, real=0.06 secs] 
1242.842: [GC [PSYoungGen: 318591K->15247K(324864K)] 817153K->519080K(1023936K), 0.0856350 secs] [Times: user=0.10 sys=0.00, real=0.08 secs] 
1243.253: [GC [PSYoungGen: 316047K->18551K(325888K)] 819880K->528679K(1024960K), 0.0463110 secs] [Times: user=0.11 sys=0.01, real=0.04 secs] 
1243.700: [GC [PSYoungGen: 320439K->16825K(325504K)] 830567K->535052K(1024576K), 0.0517580 secs] [Times: user=0.12 sys=0.00, real=0.06 secs] 
1244.070: [GC [PSYoungGen: 318708K->15486K(326400K)] 836935K->539814K(1025472K), 0.0419330 secs] [Times: user=0.11 sys=0.00, real=0.05 secs] 
1244.458: [GC [PSYoungGen: 318654K->17956K(326272K)] 842982K->547850K(1025344K), 0.0592060 secs] [Times: user=0.15 sys=0.01, real=0.06 secs] 
1244.878: [GC [PSYoungGen: 321124K->14924K(326848K)] 851018K->551819K(1025920K), 0.0501380 secs] [Times: user=0.10 sys=0.00, real=0.05 secs] 
1245.299: [GC [PSYoungGen: 319052K->17696K(326784K)] 855947K->560996K(1025856K), 0.0623910 secs] [Times: user=0.11 sys=0.00, real=0.07 secs] 
1245.715: [GC [PSYoungGen: 321824K->21433K(325312K)] 865124K->571782K(1024384K), 0.0636120 secs] [Times: user=0.12 sys=0.00, real=0.06 secs] 
1246.162: [GC [PSYoungGen: 324473K->17479K(326272K)] 874822K->573140K(1025344K), 0.0473160 secs] [Times: user=0.12 sys=0.00, real=0.04 secs] 
1246.533: [GC [PSYoungGen: 320519K->18848K(326848K)] 876180K->580784K(1025920K), 0.0489520 secs] [Times: user=0.11 sys=0.00, real=0.05 secs] 
1246.895: [GC [PSYoungGen: 322912K->18747K(326720K)] 884848K->588530K(1025792K), 0.0430870 secs] [Times: user=0.13 sys=0.00, real=0.04 secs] 
1247.291: [GC [PSYoungGen: 322811K->18736K(327168K)] 892594K->592052K(1026240K), 0.0458680 secs] [Times: user=0.10 sys=0.00, real=0.05 secs] 
1247.690: [GC [PSYoungGen: 323376K->15759K(326976K)] 896692K->593240K(1026048K), 0.0441420 secs] [Times: user=0.10 sys=0.00, real=0.05 secs] 
1248.060: [GC [PSYoungGen: 320399K->21585K(325376K)] 897880K->604461K(1024448K), 0.0573610 secs] [Times: user=0.12 sys=0.00, real=0.06 secs] 
1248.428: [GC [PSYoungGen: 324625K->14931K(318016K)] 907501K->607223K(1017088K), 0.0486850 secs] [Times: user=0.12 sys=0.00, real=0.05 secs] 
1248.828: [GC [PSYoungGen: 317971K->18499K(326528K)] 910263K->616290K(1025600K), 0.0494730 secs] [Times: user=0.11 sys=0.00, real=0.05 secs] 
1249.221: [GC [PSYoungGen: 321731K->18218K(326208K)] 919522K->623394K(1025280K), 0.0502240 secs] [Times: user=0.12 sys=0.00, real=0.05 secs] 
1249.840: [GC [PSYoungGen: 321450K->17631K(327296K)] 926626K->628518K(1026368K), 0.0557620 secs] [Times: user=0.11 sys=0.00, real=0.06 secs] 
1250.280: [GC [PSYoungGen: 322335K->18912K(326912K)] 933222K->639277K(1025984K), 0.0694540 secs] [Times: user=0.13 sys=0.01, real=0.07 secs] 
1250.649: [GC [PSYoungGen: 323616K->17458K(327680K)] 943981K->644259K(1026752K), 0.0789960 secs] [Times: user=0.11 sys=0.00, real=0.08 secs] 
1251.241: [GC [PSYoungGen: 322994K->14835K(327360K)] 949795K->644618K(1026432K), 0.0552900 secs] [Times: user=0.09 sys=0.00, real=0.06 secs] 
1251.701: [GC [PSYoungGen: 320371K->18289K(327744K)] 950154K->653780K(1026816K), 0.0600150 secs] [Times: user=0.11 sys=0.00, real=0.06 secs] 
1252.119: [GC [PSYoungGen: 324077K->17631K(327552K)] 959568K->661601K(1026624K), 0.0484500 secs] [Times: user=0.13 sys=0.00, real=0.05 secs] 
1252.485: [GC [PSYoungGen: 323423K->18633K(328128K)] 967393K->669424K(1027200K), 0.0473570 secs] [Times: user=0.11 sys=0.00, real=0.05 secs] 
1252.898: [GC [PSYoungGen: 325385K->17971K(328128K)] 976176K->675323K(1027200K), 0.0603590 secs] [Times: user=0.14 sys=0.00, real=0.06 secs] 
1253.352: [GC [PSYoungGen: 324723K->17983K(328704K)] 982075K->681239K(1027776K), 0.0494910 secs] [Times: user=0.12 sys=0.00, real=0.05 secs] 
1253.796: [GC [PSYoungGen: 325623K->20443K(328128K)] 988879K->690337K(1027200K), 0.0552750 secs] [Times: user=0.12 sys=0.00, real=0.05 secs] 
1254.210: [GC [PSYoungGen: 328091K->19280K(327744K)] 997985K->694994K(1026816K), 0.0715650 secs] [Times: user=0.11 sys=0.00, real=0.08 secs] 
1254.571: [GC [PSYoungGen: 325648K->19897K(326272K)] 1001362K->701366K(1025344K), 0.0464920 secs] [Times: user=0.11 sys=0.00, real=0.05 secs] 
1254.952: [GC [PSYoungGen: 326265K->18850K(327808K)] 1007734K->706443K(1026880K), 0.0479210 secs] [Times: user=0.13 sys=0.00, real=0.05 secs] 
1255.330: [GC [PSYoungGen: 324770K->17267K(327616K)] 1012363K->711459K(1026688K), 0.0562000 secs] [Times: user=0.13 sys=0.01, real=0.06 secs] 
1255.386: [Full GC [PSYoungGen: 17267K->0K(327616K)] [PSOldGen: 694191K->257152K(699072K)] 711459K->257152K(1026688K) [PSPermGen: 91534K->91472K(262144K)], 1.4746270 secs] [Times: user=1.47 sys=0.00, real=1.47 secs] 
1257.159: [GC [PSYoungGen: 305920K->21093K(326528K)] 563072K->278246K(1025600K), 0.0418050 secs] [Times: user=0.11 sys=0.00, real=0.04 secs] 
1257.538: [GC [PSYoungGen: 326053K->17141K(327232K)] 583206K->285878K(1026304K), 0.0492510 secs] [Times: user=0.12 sys=0.00, real=0.05 secs] 
1257.950: [GC [PSYoungGen: 322101K->18738K(327616K)] 590838K->293713K(1026688K), 0.0359600 secs] [Times: user=0.11 sys=0.00, real=0.04 secs] 
1258.358: [GC [PSYoungGen: 324210K->19011K(327360K)] 599185K->299752K(1026432K), 0.0571040 secs] [Times: user=0.11 sys=0.00, real=0.06 secs] 
1258.718: [GC [PSYoungGen: 324483K->20253K(327104K)] 605224K->307385K(1026176K), 0.0640700 secs] [Times: user=0.12 sys=0.00, real=0.07 secs] 
1259.217: [GC [PSYoungGen: 325597K->14671K(320064K)] 612729K->308812K(1019136K), 0.0415300 secs] [Times: user=0.10 sys=0.00, real=0.04 secs] 
1259.615: [GC [PSYoungGen: 320015K->19501K(327040K)] 614156K->319474K(1026112K), 0.0579910 secs] [Times: user=0.12 sys=0.01, real=0.06 secs] 
1259.944: [GC [PSYoungGen: 324077K->19849K(324480K)] 624050K->326856K(1023552K), 0.0485260 secs] [Times: user=0.12 sys=0.00, real=0.05 secs] 
1260.342: [GC [PSYoungGen: 324425K->18313K(327296K)] 631432K->331271K(1026368K), 0.0633910 secs] [Times: user=0.12 sys=0.00, real=0.07 secs] 
1260.866: [GC [PSYoungGen: 323017K->17732K(326912K)] 635975K->335689K(1025984K), 0.0613090 secs] [Times: user=0.10 sys=0.00, real=0.06 secs] 
1261.313: [GC [PSYoungGen: 322436K->20499K(326720K)] 640393K->345683K(1025792K), 0.0561860 secs] [Times: user=0.12 sys=0.00, real=0.06 secs] 
1261.717: [GC [PSYoungGen: 325192K->17472K(327104K)] 650376K->347790K(1026176K), 0.0424770 secs] [Times: user=0.11 sys=0.00, real=0.04 secs] 
1262.147: [GC [PSYoungGen: 322176K->18417K(327616K)] 652494K->353598K(1026688K), 0.0714740 secs] [Times: user=0.10 sys=0.00, real=0.07 secs] 
1262.543: [GC [PSYoungGen: 323761K->16084K(327232K)] 658942K->359501K(1026304K), 0.0460610 secs] [Times: user=0.12 sys=0.00, real=0.05 secs] 
1262.960: [GC [PSYoungGen: 321428K->17581K(327744K)] 664845K->366899K(1026816K), 0.0723730 secs] [Times: user=0.10 sys=0.00, real=0.07 secs] 
1263.425: [GC [PSYoungGen: 323373K->18223K(327552K)] 672691K->373048K(1026624K), 0.0467310 secs] [Times: user=0.11 sys=0.00, real=0.04 secs] 
1263.764: [GC [PSYoungGen: 324015K->15630K(327872K)] 678840K->377314K(1026944K), 0.0455320 secs] [Times: user=0.10 sys=0.00, real=0.04 secs] 
1264.152: [GC [PSYoungGen: 322126K->21478K(328000K)] 683810K->390408K(1027072K), 0.0587320 secs] [Times: user=0.12 sys=0.00, real=0.06 secs] 
1264.559: [GC [PSYoungGen: 327974K->14147K(320320K)] 696904K->391604K(1019392K), 0.0481370 secs] [Times: user=0.12 sys=0.00, real=0.05 secs] 
1264.940: [GC [PSYoungGen: 312963K->18118K(324160K)] 690420K->400232K(1023232K), 0.0791130 secs] [Times: user=0.11 sys=0.01, real=0.09 secs] 
1265.370: [GC [PSYoungGen: 316934K->17364K(325184K)] 699048K->410864K(1024256K), 0.0731850 secs] [Times: user=0.12 sys=0.00, real=0.08 secs] 
1265.887: [GC [PSYoungGen: 317780K->15387K(324736K)] 711280K->413690K(1023808K), 0.0491530 secs] [Times: user=0.10 sys=0.00, real=0.05 secs] 
1266.278: [GC [PSYoungGen: 315803K->16904K(325696K)] 714106K->421326K(1024768K), 0.0827660 secs] [Times: user=0.10 sys=0.00, real=0.08 secs] 
1266.671: [GC [PSYoungGen: 318344K->18979K(325248K)] 722766K->429676K(1024320K), 0.0793230 secs] [Times: user=0.12 sys=0.00, real=0.08 secs] 
1267.045: [GC [PSYoungGen: 320419K->17806K(326400K)] 731116K->436582K(1025472K), 0.0502630 secs] [Times: user=0.11 sys=0.00, real=0.05 secs] 
1267.461: [GC [PSYoungGen: 320590K->17800K(325888K)] 739366K->442615K(1024960K), 0.0629080 secs] [Times: user=0.11 sys=0.00, real=0.07 secs] 
1267.872: [GC [PSYoungGen: 320584K->16950K(327104K)] 745399K->449018K(1026176K), 0.0462160 secs] [Times: user=0.11 sys=0.00, real=0.05 secs] 
1268.317: [GC [PSYoungGen: 321398K->18862K(326848K)] 753466K->458674K(1025920K), 0.0562230 secs] [Times: user=0.13 sys=0.00, real=0.05 secs] 
1268.757: [GC [PSYoungGen: 323310K->16482K(327360K)] 763122K->462253K(1026432K), 0.0512900 secs] [Times: user=0.11 sys=0.00, real=0.05 secs] 
1269.092: [GC [PSYoungGen: 321570K->20353K(325504K)] 767341K->472477K(1024576K), 0.0556130 secs] [Times: user=0.12 sys=0.00, real=0.06 secs] 
1269.458: [GC [PSYoungGen: 325441K->19141K(326976K)] 777565K->477941K(1026048K), 0.0464610 secs] [Times: user=0.12 sys=0.01, real=0.05 secs] 
1269.944: [GC [PSYoungGen: 323525K->17094K(326912K)] 782325K->481144K(1025984K), 0.0526340 secs] [Times: user=0.10 sys=0.00, real=0.05 secs] 
1270.448: [GC [PSYoungGen: 321478K->22328K(320512K)] 785528K->492330K(1019584K), 0.0655870 secs] [Times: user=0.13 sys=0.00, real=0.07 secs] 
1270.942: [GC [PSYoungGen: 320504K->14947K(313152K)] 790506K->492663K(1012224K), 0.0684100 secs] [Times: user=0.11 sys=0.00, real=0.07 secs] 
1271.376: [GC [PSYoungGen: 313123K->18613K(324480K)] 790839K->499957K(1023552K), 0.0690340 secs] [Times: user=0.11 sys=0.00, real=0.07 secs] 
1271.786: [GC [PSYoungGen: 317365K->18062K(323776K)] 798709K->506602K(1022848K), 0.0517740 secs] [Times: user=0.12 sys=0.00, real=0.05 secs] 
1272.273: [GC [PSYoungGen: 316814K->16055K(325120K)] 805354K->514099K(1024192K), 0.0602350 secs] [Times: user=0.13 sys=0.00, real=0.06 secs] 
1272.739: [GC [PSYoungGen: 316658K->16731K(324992K)] 814701K->521169K(1024064K), 0.0427570 secs] [Times: user=0.11 sys=0.00, real=0.04 secs] 
1273.127: [GC [PSYoungGen: 317339K->12009K(324544K)] 821777K->524626K(1023616K), 0.0437640 secs] [Times: user=0.10 sys=0.00, real=0.04 secs] 
1273.539: [GC [PSYoungGen: 312489K->19240K(324992K)] 825106K->538464K(1024064K), 0.0419250 secs] [Times: user=0.13 sys=0.00, real=0.04 secs] 
1273.916: [GC [PSYoungGen: 319720K->19060K(325248K)] 838944K->545499K(1024320K), 0.0416510 secs] [Times: user=0.13 sys=0.00, real=0.04 secs] 
1274.303: [GC [PSYoungGen: 319860K->16690K(325056K)] 846299K->549326K(1024128K), 0.0483930 secs] [Times: user=0.11 sys=0.00, real=0.05 secs] 
1274.739: [GC [PSYoungGen: 317489K->14838K(325760K)] 850126K->554042K(1024832K), 0.0472180 secs] [Times: user=0.11 sys=0.00, real=0.05 secs] 
1275.250: [GC [PSYoungGen: 316790K->19729K(321728K)] 855994K->565108K(1020800K), 0.0634520 secs] [Times: user=0.12 sys=0.00, real=0.06 secs] 
1275.643: [GC [PSYoungGen: 321681K->18023K(326080K)] 867060K->569982K(1025152K), 0.0458730 secs] [Times: user=0.11 sys=0.01, real=0.05 secs] 
1275.990: [GC [PSYoungGen: 320167K->17480K(325568K)] 872126K->573761K(1024640K), 0.0406090 secs] [Times: user=0.11 sys=0.00, real=0.04 secs] 
1276.357: [GC [PSYoungGen: 319624K->16255K(326848K)] 875905K->578809K(1025920K), 0.0503500 secs] [Times: user=0.11 sys=0.00, real=0.05 secs] 
1276.778: [GC [PSYoungGen: 320191K->15619K(326592K)] 882745K->585057K(1025664K), 0.0500520 secs] [Times: user=0.10 sys=0.00, real=0.05 secs] 
1277.210: [GC [PSYoungGen: 319555K->12964K(326528K)] 888993K->587333K(1025600K), 0.0478210 secs] [Times: user=0.10 sys=0.00, real=0.05 secs] 
1277.593: [GC [PSYoungGen: 317028K->19364K(323456K)] 891397K->599292K(1022528K), 0.0526500 secs] [Times: user=0.12 sys=0.00, real=0.06 secs] 
1277.925: [GC [PSYoungGen: 323428K->20451K(325184K)] 903356K->608722K(1024256K), 0.0595590 secs] [Times: user=0.13 sys=0.00, real=0.06 secs] 
1278.357: [GC [PSYoungGen: 322595K->20496K(322688K)] 910866K->614469K(1021760K), 0.0466620 secs] [Times: user=0.13 sys=0.00, real=0.04 secs] 
1278.844: [GC [PSYoungGen: 322640K->17905K(325952K)] 916613K->619108K(1025024K), 0.0674700 secs] [Times: user=0.11 sys=0.00, real=0.07 secs] 
1279.260: [GC [PSYoungGen: 319665K->14223K(325312K)] 920868K->619758K(1024384K), 0.0419890 secs] [Times: user=0.10 sys=0.00, real=0.04 secs] 
1279.620: [GC [PSYoungGen: 315983K->18965K(325952K)] 921518K->629462K(1025024K), 0.0468830 secs] [Times: user=0.12 sys=0.00, real=0.05 secs] 
1280.034: [GC [PSYoungGen: 321301K->20146K(322496K)] 931798K->639329K(1021568K), 0.0738260 secs] [Times: user=0.13 sys=0.00, real=0.08 secs] 
1280.420: [GC [PSYoungGen: 322482K->18340K(326016K)] 941665K->642067K(1025088K), 0.0713720 secs] [Times: user=0.12 sys=0.00, real=0.07 secs] 
1280.845: [GC [PSYoungGen: 320484K->18192K(325632K)] 944211K->649485K(1024704K), 0.0470310 secs] [Times: user=0.12 sys=0.00, real=0.05 secs] 
1281.227: [GC [PSYoungGen: 320336K->15186K(326528K)] 951629K->653569K(1025600K), 0.0487210 secs] [Times: user=0.11 sys=0.00, real=0.05 secs] 
1281.673: [GC [PSYoungGen: 318674K->18811K(326464K)] 957057K->662751K(1025536K), 0.0737460 secs] [Times: user=0.13 sys=0.01, real=0.08 secs] 
1282.095: [GC [PSYoungGen: 322299K->16568K(326912K)] 966239K->669897K(1025984K), 0.0446590 secs] [Times: user=0.12 sys=0.00, real=0.05 secs] 
1282.465: [GC [PSYoungGen: 320568K->19527K(326592K)] 973897K->680382K(1025664K), 0.0529360 secs] [Times: user=0.13 sys=0.00, real=0.06 secs] 
1282.935: [GC [PSYoungGen: 323527K->17304K(327104K)] 984382K->684280K(1026176K), 0.0609060 secs] [Times: user=0.12 sys=0.00, real=0.07 secs] 
1283.372: [GC [PSYoungGen: 321624K->15585K(326720K)] 988600K->686752K(1025792K), 0.0326520 secs] [Times: user=0.10 sys=0.00, real=0.03 secs] 
1283.761: [GC [PSYoungGen: 319905K->16809K(327552K)] 991072K->693995K(1026624K), 0.0553000 secs] [Times: user=0.11 sys=0.00, real=0.06 secs] 
1284.283: [GC [PSYoungGen: 322025K->21325K(326592K)] 999211K->705197K(1025664K), 0.0555110 secs] [Times: user=0.13 sys=0.00, real=0.06 secs] 
1284.729: [GC [PSYoungGen: 326541K->20227K(325824K)] 1010413K->713507K(1024896K), 0.0710590 secs] [Times: user=0.14 sys=0.00, real=0.07 secs] 
1284.800: [Full GC [PSYoungGen: 20227K->0K(325824K)] [PSOldGen: 693280K->298135K(699072K)] 713507K->298135K(1024896K) [PSPermGen: 91486K->91486K(262144K)], 1.4804180 secs] [Times: user=1.48 sys=0.00, real=1.48 secs] 
1286.591: [GC [PSYoungGen: 302912K->21653K(324608K)] 601047K->319788K(1023680K), 0.0330170 secs] [Times: user=0.10 sys=0.00, real=0.03 secs] 
1286.973: [GC [PSYoungGen: 324565K->17713K(325824K)] 622700K->325832K(1024896K), 0.0676850 secs] [Times: user=0.12 sys=0.01, real=0.07 secs] 
1287.298: [GC [PSYoungGen: 319409K->16186K(325376K)] 627528K->329252K(1024448K), 0.0313820 secs] [Times: user=0.10 sys=0.00, real=0.03 secs] 
1287.661: [GC [PSYoungGen: 317882K->17700K(326464K)] 630948K->335100K(1025536K), 0.0637580 secs] [Times: user=0.11 sys=0.00, real=0.06 secs] 
1288.074: [GC [PSYoungGen: 320676K->18995K(326016K)] 638076K->343737K(1025088K), 0.0700370 secs] [Times: user=0.12 sys=0.00, real=0.07 secs] 
1288.454: [GC [PSYoungGen: 321971K->19036K(326784K)] 646713K->350868K(1025856K), 0.0574440 secs] [Times: user=0.12 sys=0.01, real=0.06 secs] 
1288.880: [GC [PSYoungGen: 322908K->19337K(326592K)] 654740K->358085K(1025664K), 0.0469090 secs] [Times: user=0.12 sys=0.00, real=0.05 secs] 
1289.265: [GC [PSYoungGen: 323209K->16082K(326848K)] 661957K->360762K(1025920K), 0.0610430 secs] [Times: user=0.10 sys=0.01, real=0.07 secs] 
1289.670: [GC [PSYoungGen: 320274K->17741K(326848K)] 664954K->366899K(1025920K), 0.0414440 secs] [Times: user=0.11 sys=0.00, real=0.04 secs] 
1290.112: [GC [PSYoungGen: 321917K->17833K(327616K)] 671075K->374382K(1026688K), 0.0634350 secs] [Times: user=0.12 sys=0.00, real=0.06 secs] 
1290.490: [GC [PSYoungGen: 323177K->14725K(327232K)] 679726K->376294K(1026304K), 0.0546740 secs] [Times: user=0.09 sys=0.00, real=0.05 secs] 
1290.852: [GC [PSYoungGen: 320069K->20243K(326400K)] 681638K->387942K(1025472K), 0.0687030 secs] [Times: user=0.13 sys=0.01, real=0.07 secs] 
1291.266: [GC [PSYoungGen: 324563K->21134K(325504K)] 692262K->398304K(1024576K), 0.0693780 secs] [Times: user=0.13 sys=0.01, real=0.07 secs] 
1291.637: [GC [PSYoungGen: 325454K->20483K(325568K)] 702624K->403864K(1024640K), 0.0566950 secs] [Times: user=0.14 sys=0.00, real=0.05 secs] 
1292.177: [GC [PSYoungGen: 322755K->16785K(325888K)] 706136K->407874K(1024960K), 0.0515510 secs] [Times: user=0.12 sys=0.00, real=0.05 secs] 
1292.571: [GC [PSYoungGen: 319057K->20272K(325696K)] 710146K->417033K(1024768K), 0.0559650 secs] [Times: user=0.12 sys=0.01, real=0.05 secs] 
1293.014: [GC [PSYoungGen: 322544K->16419K(325888K)] 719305K->419761K(1024960K), 0.0505310 secs] [Times: user=0.13 sys=0.00, real=0.05 secs] 
1293.440: [GC [PSYoungGen: 318691K->20281K(325632K)] 722033K->429326K(1024704K), 0.0506020 secs] [Times: user=0.12 sys=0.00, real=0.05 secs] 
1293.819: [GC [PSYoungGen: 322425K->16747K(325824K)] 731470K->432521K(1024896K), 0.0450260 secs] [Times: user=0.13 sys=0.00, real=0.04 secs] 
1294.252: [GC [PSYoungGen: 318891K->19816K(326016K)] 734665K->440720K(1025088K), 0.0673060 secs] [Times: user=0.12 sys=0.00, real=0.07 secs] 
1294.735: [GC [PSYoungGen: 322344K->16500K(326016K)] 743248K->446040K(1025088K), 0.0763890 secs] [Times: user=0.14 sys=0.00, real=0.08 secs] 
1295.144: [GC [PSYoungGen: 319028K->23330K(318592K)] 748568K->459525K(1017664K), 0.0565320 secs] [Times: user=0.13 sys=0.01, real=0.06 secs] 
1295.553: [GC [PSYoungGen: 318562K->17740K(322368K)] 754757K->463763K(1021440K), 0.0485870 secs] [Times: user=0.12 sys=0.00, real=0.05 secs] 
1295.895: [GC [PSYoungGen: 312972K->18804K(323456K)] 758995K->473565K(1022528K), 0.0531390 secs] [Times: user=0.13 sys=0.00, real=0.05 secs] 
1296.273: [GC [PSYoungGen: 315572K->18233K(322816K)] 770333K->477668K(1021888K), 0.0534890 secs] [Times: user=0.11 sys=0.00, real=0.05 secs] 
1296.736: [GC [PSYoungGen: 315001K->17708K(324352K)] 774436K->485524K(1023424K), 0.0556360 secs] [Times: user=0.12 sys=0.00, real=0.06 secs] 
1297.155: [GC [PSYoungGen: 316524K->14517K(323968K)] 784340K->487629K(1023040K), 0.0501900 secs] [Times: user=0.10 sys=0.01, real=0.05 secs] 
1297.631: [GC [PSYoungGen: 313333K->18166K(324800K)] 786445K->495163K(1023872K), 0.0855110 secs] [Times: user=0.11 sys=0.00, real=0.08 secs] 
1298.085: [GC [PSYoungGen: 317686K->15083K(324224K)] 794683K->498402K(1023296K), 0.0486610 secs] [Times: user=0.10 sys=0.00, real=0.05 secs] 
1298.591: [GC [PSYoungGen: 314603K->22420K(322944K)] 797922K->512741K(1022016K), 0.0508390 secs] [Times: user=0.14 sys=0.01, real=0.05 secs] 
1298.971: [GC [PSYoungGen: 320724K->17996K(323904K)] 811045K->520033K(1022976K), 0.0497020 secs] [Times: user=0.13 sys=0.00, real=0.05 secs] 
1299.412: [GC [PSYoungGen: 316300K->17569K(324992K)] 818337K->524885K(1024064K), 0.0493180 secs] [Times: user=0.11 sys=0.00, real=0.05 secs] 
1299.901: [GC [PSYoungGen: 317537K->19006K(324480K)] 824853K->532173K(1023552K), 0.0490580 secs] [Times: user=0.11 sys=0.00, real=0.05 secs] 
1300.283: [GC [PSYoungGen: 318966K->14093K(324992K)] 832133K->533937K(1024064K), 0.0329520 secs] [Times: user=0.11 sys=0.01, real=0.03 secs] 
1300.752: [GC [PSYoungGen: 314951K->15546K(325184K)] 834795K->541573K(1024256K), 0.0466400 secs] [Times: user=0.11 sys=0.00, real=0.04 secs] 
1301.145: [GC [PSYoungGen: 316410K->18741K(325696K)] 842437K->550148K(1024768K), 0.0454610 secs] [Times: user=0.12 sys=0.00, real=0.05 secs] 
1301.523: [GC [PSYoungGen: 320309K->18093K(325376K)] 851716K->557627K(1024448K), 0.0650800 secs] [Times: user=0.12 sys=0.00, real=0.06 secs] 
1301.926: [GC [PSYoungGen: 319661K->21776K(324416K)] 859195K->568317K(1023488K), 0.0526370 secs] [Times: user=0.13 sys=0.00, real=0.05 secs] 
1302.310: [GC [PSYoungGen: 322896K->19649K(325312K)] 869437K->572381K(1024384K), 0.0532590 secs] [Times: user=0.13 sys=0.00, real=0.05 secs] 
1302.755: [GC [PSYoungGen: 320769K->21117K(324608K)] 873501K->580688K(1023680K), 0.0676330 secs] [Times: user=0.12 sys=0.00, real=0.07 secs] 
1303.225: [GC [PSYoungGen: 321597K->23064K(323584K)] 881168K->591828K(1022656K), 0.0516830 secs] [Times: user=0.14 sys=0.00, real=0.05 secs] 
1303.624: [GC [PSYoungGen: 323544K->15875K(324032K)] 892308K->587448K(1023104K), 0.0566870 secs] [Times: user=0.10 sys=0.00, real=0.06 secs] 
1304.006: [GC [PSYoungGen: 314307K->19007K(323904K)] 885880K->594699K(1022976K), 0.0631140 secs] [Times: user=0.11 sys=0.00, real=0.06 secs] 
1304.431: [GC [PSYoungGen: 317439K->19633K(324928K)] 893131K->602957K(1024000K), 0.0486270 secs] [Times: user=0.13 sys=0.00, real=0.05 secs] 
1304.828: [GC [PSYoungGen: 319665K->19017K(324608K)] 902989K->607759K(1023680K), 0.0491530 secs] [Times: user=0.11 sys=0.00, real=0.05 secs] 
1305.213: [GC [PSYoungGen: 319049K->17615K(325760K)] 907791K->612487K(1024832K), 0.0412350 secs] [Times: user=0.12 sys=0.00, real=0.04 secs] 
1305.584: [GC [PSYoungGen: 319311K->17025K(325440K)] 914183K->617455K(1024512K), 0.0442440 secs] [Times: user=0.11 sys=0.00, real=0.04 secs] 
1306.028: [GC [PSYoungGen: 318721K->17076K(326144K)] 919151K->625411K(1025216K), 0.0568520 secs] [Times: user=0.11 sys=0.00, real=0.06 secs] 
1306.404: [GC [PSYoungGen: 319668K->18007K(325952K)] 928003K->632370K(1025024K), 0.0484600 secs] [Times: user=0.12 sys=0.00, real=0.05 secs] 
1306.782: [GC [PSYoungGen: 320599K->14908K(326208K)] 934962K->636153K(1025280K), 0.0422270 secs] [Times: user=0.11 sys=0.00, real=0.04 secs] 
1307.241: [GC [PSYoungGen: 318204K->20327K(323648K)] 939449K->649636K(1022720K), 0.1070950 secs] [Times: user=0.14 sys=0.02, real=0.10 secs] 
1307.652: [GC [PSYoungGen: 323620K->15284K(326080K)] 952929K->652843K(1025152K), 0.0634440 secs] [Times: user=0.12 sys=0.01, real=0.06 secs] 
1308.086: [GC [PSYoungGen: 317940K->19842K(322560K)] 955499K->663101K(1021632K), 0.0416800 secs] [Times: user=0.13 sys=0.00, real=0.04 secs] 
1308.562: [GC [PSYoungGen: 322498K->17043K(326272K)] 965757K->669150K(1025344K), 0.0850030 secs] [Times: user=0.13 sys=0.00, real=0.08 secs] 
1308.990: [GC [PSYoungGen: 319763K->17305K(325952K)] 971870K->676856K(1025024K), 0.0589390 secs] [Times: user=0.12 sys=0.00, real=0.05 secs] 
1309.416: [GC [PSYoungGen: 320025K->21638K(324864K)] 979576K->686887K(1023936K), 0.0406900 secs] [Times: user=0.13 sys=0.00, real=0.04 secs] 
1309.798: [GC [PSYoungGen: 323654K->19391K(325760K)] 988903K->690582K(1024832K), 0.0671380 secs] [Times: user=0.12 sys=0.00, real=0.07 secs] 
1310.242: [GC [PSYoungGen: 321407K->18878K(326272K)] 992598K->696929K(1025344K), 0.0586420 secs] [Times: user=0.12 sys=0.00, real=0.06 secs] 
1310.733: [GC [PSYoungGen: 321598K->18982K(325952K)] 999649K->702625K(1025024K), 0.0886500 secs] [Times: user=0.13 sys=0.01, real=0.09 secs] 
1311.177: [GC [PSYoungGen: 321702K->16520K(326656K)] 1005345K->706627K(1025728K), 0.0582340 secs] [Times: user=0.11 sys=0.00, real=0.06 secs] 
1311.235: [Full GC [PSYoungGen: 16520K->0K(326656K)] [PSOldGen: 690107K->286853K(699072K)] 706627K->286853K(1025728K) [PSPermGen: 91503K->91503K(262144K)], 1.3972050 secs] [Times: user=1.39 sys=0.00, real=1.40 secs] 
1312.986: [GC [PSYoungGen: 303727K->22842K(326592K)] 590580K->310453K(1025664K), 0.0635140 secs] [Times: user=0.11 sys=0.01, real=0.06 secs] 
1313.390: [GC [PSYoungGen: 326586K->17980K(324544K)] 614197K->317645K(1023616K), 0.0698420 secs] [Times: user=0.13 sys=0.02, real=0.07 secs] 
1313.822: [GC [PSYoungGen: 319612K->19100K(325568K)] 619277K->324612K(1024640K), 0.0521630 secs] [Times: user=0.12 sys=0.01, real=0.05 secs] 
1314.315: [GC [PSYoungGen: 320732K->16565K(326016K)] 626244K->328030K(1025088K), 0.0612510 secs] [Times: user=0.11 sys=0.00, real=0.06 secs] 
1314.781: [GC [PSYoungGen: 319029K->18644K(325952K)] 630494K->336133K(1025024K), 0.0428420 secs] [Times: user=0.11 sys=0.00, real=0.05 secs] 
1315.186: [GC [PSYoungGen: 321108K->19009K(326784K)] 638597K->345139K(1025856K), 0.0523070 secs] [Times: user=0.12 sys=0.00, real=0.05 secs] 
1315.579: [GC [PSYoungGen: 322817K->17079K(326528K)] 648947K->348927K(1025600K), 0.0754450 secs] [Times: user=0.13 sys=0.00, real=0.08 secs] 
1316.027: [GC [PSYoungGen: 320887K->18965K(327168K)] 652735K->358140K(1026240K), 0.0529010 secs] [Times: user=0.12 sys=0.02, real=0.05 secs] 
1316.369: [GC [PSYoungGen: 323541K->20860K(325440K)] 662716K->365879K(1024512K), 0.0584530 secs] [Times: user=0.12 sys=0.01, real=0.06 secs] 
1316.852: [GC [PSYoungGen: 325436K->13715K(325760K)] 670455K->365859K(1024832K), 0.0689170 secs] [Times: user=0.10 sys=0.00, real=0.06 secs] 
1317.254: [GC [PSYoungGen: 316627K->19816K(322752K)] 668771K->376240K(1021824K), 0.0800440 secs] [Times: user=0.11 sys=0.00, real=0.08 secs] 
1317.673: [GC [PSYoungGen: 322728K->17678K(326528K)] 679152K->380460K(1025600K), 0.0617070 secs] [Times: user=0.10 sys=0.00, real=0.06 secs] 
1318.074: [GC [PSYoungGen: 320846K->18807K(326144K)] 683628K->388225K(1025216K), 0.0517750 secs] [Times: user=0.11 sys=0.01, real=0.05 secs] 
1318.497: [GC [PSYoungGen: 321975K->20732K(325888K)] 691393K->397011K(1024960K), 0.0559110 secs] [Times: user=0.13 sys=0.00, real=0.06 secs] 
1318.911: [GC [PSYoungGen: 323900K->16215K(326336K)] 700179K->399164K(1025408K), 0.0603130 secs] [Times: user=0.11 sys=0.01, real=0.07 secs] 
1319.283: [GC [PSYoungGen: 319383K->15834K(326464K)] 702332K->404484K(1025536K), 0.0416540 secs] [Times: user=0.11 sys=0.00, real=0.04 secs] 
1319.617: [GC [PSYoungGen: 319194K->16795K(326400K)] 707844K->411900K(1025472K), 0.0616010 secs] [Times: user=0.11 sys=0.00, real=0.06 secs] 
1320.086: [GC [PSYoungGen: 320155K->12416K(325696K)] 715260K->412144K(1024768K), 0.0497500 secs] [Times: user=0.08 sys=0.00, real=0.05 secs] 
1320.528: [GC [PSYoungGen: 315328K->20605K(323520K)] 715056K->424364K(1022592K), 0.0369050 secs] [Times: user=0.12 sys=0.00, real=0.04 secs] 
1321.005: [GC [PSYoungGen: 323514K->19432K(325632K)] 727274K->433429K(1024704K), 0.0493470 secs] [Times: user=0.13 sys=0.00, real=0.05 secs] 
1321.431: [GC [PSYoungGen: 321192K->13960K(315776K)] 735189K->436726K(1014848K), 0.0481660 secs] [Times: user=0.11 sys=0.00, real=0.05 secs] 
1321.825: [GC [PSYoungGen: 315720K->18784K(325696K)] 738486K->449270K(1024768K), 0.0494880 secs] [Times: user=0.13 sys=0.00, real=0.05 secs] 
1322.214: [GC [PSYoungGen: 320544K->18690K(325568K)] 751030K->457052K(1024640K), 0.0532680 secs] [Times: user=0.12 sys=0.00, real=0.05 secs] 
1322.671: [GC [PSYoungGen: 320450K->17607K(326528K)] 758812K->460803K(1025600K), 0.0608960 secs] [Times: user=0.11 sys=0.00, real=0.06 secs] 
1323.068: [GC [PSYoungGen: 320583K->21066K(324096K)] 763779K->470674K(1023168K), 0.0676230 secs] [Times: user=0.12 sys=0.01, real=0.07 secs] 
1323.558: [GC [PSYoungGen: 324042K->13389K(325376K)] 773650K->469268K(1024448K), 0.0512930 secs] [Times: user=0.10 sys=0.00, real=0.05 secs] 
1324.007: [GC [PSYoungGen: 315021K->19055K(325568K)] 770900K->478205K(1024640K), 0.0634700 secs] [Times: user=0.11 sys=0.01, real=0.06 secs] 
1324.529: [GC [PSYoungGen: 320687K->22349K(323456K)] 779837K->490524K(1022528K), 0.0897660 secs] [Times: user=0.14 sys=0.00, real=0.09 secs] 
1324.936: [GC [PSYoungGen: 321933K->18441K(324544K)] 790108K->492868K(1023616K), 0.0548030 secs] [Times: user=0.11 sys=0.00, real=0.05 secs] 
1325.293: [GC [PSYoungGen: 318025K->15216K(325248K)] 792452K->496317K(1024320K), 0.0466550 secs] [Times: user=0.11 sys=0.00, real=0.04 secs] 
1325.691: [GC [PSYoungGen: 316080K->16503K(325120K)] 797181K->503523K(1024192K), 0.0471430 secs] [Times: user=0.11 sys=0.00, real=0.05 secs] 
1326.099: [GC [PSYoungGen: 317367K->17219K(326144K)] 804387K->508795K(1025216K), 0.0564340 secs] [Times: user=0.10 sys=0.00, real=0.06 secs] 
1326.548: [GC [PSYoungGen: 319491K->21413K(323712K)] 811067K->519180K(1022784K), 0.0620090 secs] [Times: user=0.12 sys=0.00, real=0.06 secs] 
1326.910: [GC [PSYoungGen: 323685K->17027K(325760K)] 821452K->523298K(1024832K), 0.0502190 secs] [Times: user=0.13 sys=0.00, real=0.05 secs] 
1327.313: [GC [PSYoungGen: 318595K->14747K(325312K)] 824866K->525095K(1024384K), 0.0636760 secs] [Times: user=0.10 sys=0.00, real=0.07 secs] 
1327.721: [GC [PSYoungGen: 316315K->20823K(324608K)] 826663K->537185K(1023680K), 0.0565540 secs] [Times: user=0.12 sys=0.00, real=0.06 secs] 
1328.082: [GC [PSYoungGen: 321687K->16845K(325184K)] 838049K->542197K(1024256K), 0.0668400 secs] [Times: user=0.11 sys=0.00, real=0.07 secs] 
1328.531: [GC [PSYoungGen: 317709K->14965K(325760K)] 843061K->545687K(1024832K), 0.0586180 secs] [Times: user=0.10 sys=0.00, real=0.06 secs] 
1328.932: [GC [PSYoungGen: 316853K->19092K(325632K)] 847575K->557217K(1024704K), 0.0720280 secs] [Times: user=0.12 sys=0.00, real=0.08 secs] 
1329.433: [GC [PSYoungGen: 320980K->20146K(325184K)] 859105K->564555K(1024256K), 0.0585870 secs] [Times: user=0.13 sys=0.01, real=0.05 secs] 
1329.879: [GC [PSYoungGen: 321650K->19062K(325504K)] 866059K->570828K(1024576K), 0.0723390 secs] [Times: user=0.12 sys=0.00, real=0.07 secs] 
1330.311: [GC [PSYoungGen: 320566K->14909K(325696K)] 872332K->573181K(1024768K), 0.0485410 secs] [Times: user=0.11 sys=0.00, real=0.05 secs] 
1330.679: [GC [PSYoungGen: 316797K->19941K(321856K)] 875069K->581829K(1020928K), 0.0562960 secs] [Times: user=0.11 sys=0.00, real=0.06 secs] 
1331.075: [GC [PSYoungGen: 321829K->17116K(325952K)] 883717K->586674K(1025024K), 0.0496100 secs] [Times: user=0.12 sys=0.01, real=0.05 secs] 
1331.412: [GC [PSYoungGen: 319068K->15488K(325504K)] 888626K->589835K(1024576K), 0.0405340 secs] [Times: user=0.10 sys=0.01, real=0.04 secs] 
1331.871: [GC [PSYoungGen: 317440K->18081K(326528K)] 891787K->599451K(1025600K), 0.0413130 secs] [Times: user=0.12 sys=0.00, real=0.04 secs] 
1332.243: [GC [PSYoungGen: 321249K->19300K(326144K)] 902619K->606949K(1025216K), 0.0472720 secs] [Times: user=0.12 sys=0.00, real=0.05 secs] 
1332.676: [GC [PSYoungGen: 322468K->17541K(326912K)] 910117K->611852K(1025984K), 0.0491210 secs] [Times: user=0.12 sys=0.01, real=0.05 secs] 
1333.196: [GC [PSYoungGen: 321413K->18450K(326464K)] 915724K->620873K(1025536K), 0.0685850 secs] [Times: user=0.12 sys=0.00, real=0.07 secs] 
1333.653: [GC [PSYoungGen: 322322K->18455K(327424K)] 924745K->627332K(1026496K), 0.0529280 secs] [Times: user=0.12 sys=0.00, real=0.06 secs] 
1334.116: [GC [PSYoungGen: 323543K->11710K(316800K)] 932420K->624612K(1015872K), 0.0560180 secs] [Times: user=0.08 sys=0.01, real=0.05 secs] 
1334.595: [GC [PSYoungGen: 316798K->14716K(326848K)] 929700K->631295K(1025920K), 0.0415180 secs] [Times: user=0.10 sys=0.01, real=0.04 secs] 
1334.987: [GC [PSYoungGen: 318780K->19937K(324032K)] 935359K->643980K(1023104K), 0.0571820 secs] [Times: user=0.13 sys=0.00, real=0.06 secs] 
1335.383: [GC [PSYoungGen: 324001K->20108K(325440K)] 948044K->652351K(1024512K), 0.0586130 secs] [Times: user=0.13 sys=0.00, real=0.06 secs] 
1335.839: [GC [PSYoungGen: 322380K->19788K(322112K)] 954623K->657483K(1021184K), 0.0553130 secs] [Times: user=0.12 sys=0.00, real=0.06 secs] 
1336.228: [GC [PSYoungGen: 322060K->18879K(325888K)] 959755K->662985K(1024960K), 0.0561100 secs] [Times: user=0.12 sys=0.00, real=0.06 secs] 
1336.703: [GC [PSYoungGen: 320959K->16800K(325696K)] 965065K->666615K(1024768K), 0.0455040 secs] [Times: user=0.11 sys=0.00, real=0.05 secs] 
1337.104: [GC [PSYoungGen: 318880K->16608K(326592K)] 968695K->673252K(1025664K), 0.0597350 secs] [Times: user=0.12 sys=0.01, real=0.06 secs] 
1337.465: [GC [PSYoungGen: 319968K->20023K(326272K)] 976612K->683847K(1025344K), 0.0550790 secs] [Times: user=0.14 sys=0.00, real=0.05 secs] 
1337.901: [GC [PSYoungGen: 323383K->16857K(326592K)] 987207K->688889K(1025664K), 0.0478090 secs] [Times: user=0.13 sys=0.00, real=0.05 secs] 
1338.307: [GC [PSYoungGen: 320217K->16490K(326272K)] 992249K->693640K(1025344K), 0.0558200 secs] [Times: user=0.11 sys=0.00, real=0.05 secs] 
1338.636: [GC [PSYoungGen: 319850K->19206K(326720K)] 997000K->700034K(1025792K), 0.0458700 secs] [Times: user=0.12 sys=0.00, real=0.04 secs] 
1339.041: [GC [PSYoungGen: 323270K->12638K(316736K)] 1004098K->697750K(1015808K), 0.0542380 secs] [Times: user=0.09 sys=0.00, real=0.06 secs] 
1339.401: [GC [PSYoungGen: 316702K->21691K(324352K)] 1001814K->711468K(1023424K), 0.0467180 secs] [Times: user=0.12 sys=0.00, real=0.05 secs] 
1339.447: [Full GC [PSYoungGen: 21691K->0K(324352K)] [PSOldGen: 689776K->300489K(699072K)] 711468K->300489K(1023424K) [PSPermGen: 91516K->91516K(262144K)], 1.4339020 secs] [Times: user=1.43 sys=0.00, real=1.43 secs] 
1341.367: [GC [PSYoungGen: 301248K->23963K(325248K)] 601737K->324452K(1024320K), 0.0557360 secs] [Times: user=0.11 sys=0.00, real=0.05 secs] 
1341.771: [GC [PSYoungGen: 325211K->16434K(322944K)] 625700K->326956K(1022016K), 0.0557560 secs] [Times: user=0.13 sys=0.00, real=0.06 secs] 
1342.160: [GC [PSYoungGen: 315122K->20606K(319296K)] 625644K->337258K(1018368K), 0.0411930 secs] [Times: user=0.12 sys=0.00, real=0.04 secs] 
1342.498: [GC [PSYoungGen: 319294K->19838K(324096K)] 635946K->344302K(1023168K), 0.0554130 secs] [Times: user=0.13 sys=0.00, real=0.05 secs] 
1342.943: [GC [PSYoungGen: 318334K->16957K(323904K)] 642798K->347237K(1022976K), 0.0510480 secs] [Times: user=0.11 sys=0.00, real=0.05 secs] 
1343.397: [GC [PSYoungGen: 315453K->16208K(324800K)] 645733K->351073K(1023872K), 0.0449360 secs] [Times: user=0.10 sys=0.00, real=0.04 secs] 
1343.906: [GC [PSYoungGen: 316048K->14797K(324544K)] 650913K->354568K(1023616K), 0.0513190 secs] [Times: user=0.10 sys=0.00, real=0.05 secs] 
1344.409: [GC [PSYoungGen: 314637K->19710K(324864K)] 654408K->367237K(1023936K), 0.0474420 secs] [Times: user=0.13 sys=0.00, real=0.05 secs] 
1344.836: [GC [PSYoungGen: 319934K->15172K(324864K)] 667461K->371273K(1023936K), 0.0473090 secs] [Times: user=0.12 sys=0.01, real=0.04 secs] 
1345.201: [GC [PSYoungGen: 315396K->18538K(325440K)] 671497K->378110K(1024512K), 0.0344430 secs] [Times: user=0.10 sys=0.00, real=0.04 secs] 
1345.521: [GC [PSYoungGen: 319530K->16874K(325056K)] 679102K->384207K(1024128K), 0.0601850 secs] [Times: user=0.12 sys=0.00, real=0.06 secs] 
1345.956: [GC [PSYoungGen: 317866K->18447K(326208K)] 685199K->391706K(1025280K), 0.0690760 secs] [Times: user=0.11 sys=0.01, real=0.07 secs] 
1346.442: [GC [PSYoungGen: 321039K->18466K(325888K)] 694298K->396808K(1024960K), 0.0419120 secs] [Times: user=0.11 sys=0.00, real=0.04 secs] 
1346.854: [GC [PSYoungGen: 321058K->17396K(326912K)] 699400K->404337K(1025984K), 0.0480910 secs] [Times: user=0.12 sys=0.00, real=0.05 secs] 
1347.230: [GC [PSYoungGen: 321332K->17218K(326528K)] 708273K->408488K(1025600K), 0.0459280 secs] [Times: user=0.10 sys=0.00, real=0.05 secs] 
1347.560: [GC [PSYoungGen: 321154K->19595K(326784K)] 712424K->415865K(1025856K), 0.0685160 secs] [Times: user=0.12 sys=0.00, real=0.07 secs] 
1347.995: [GC [PSYoungGen: 324170K->18477K(327040K)] 720440K->420721K(1026112K), 0.0472480 secs] [Times: user=0.12 sys=0.00, real=0.05 secs] 
1348.450: [GC [PSYoungGen: 323053K->14946K(327168K)] 725297K->423997K(1026240K), 0.0563720 secs] [Times: user=0.10 sys=0.00, real=0.06 secs] 
1348.868: [GC [PSYoungGen: 319906K->20540K(325504K)] 728957K->435439K(1024576K), 0.0717350 secs] [Times: user=0.12 sys=0.01, real=0.07 secs] 
1349.255: [GC [PSYoungGen: 325500K->19950K(326208K)] 740399K->443245K(1025280K), 0.0683010 secs] [Times: user=0.13 sys=0.01, real=0.07 secs] 
1349.690: [GC [PSYoungGen: 323246K->16795K(326400K)] 746541K->446742K(1025472K), 0.0656940 secs] [Times: user=0.10 sys=0.00, real=0.07 secs] 
1350.095: [GC [PSYoungGen: 320091K->15057K(326528K)] 750038K->453108K(1025600K), 0.0385770 secs] [Times: user=0.10 sys=0.00, real=0.04 secs] 
1350.457: [GC [PSYoungGen: 318737K->18221K(326592K)] 756788K->461141K(1025664K), 0.0590000 secs] [Times: user=0.10 sys=0.00, real=0.05 secs] 
1350.904: [GC [PSYoungGen: 321901K->19224K(326784K)] 764821K->468526K(1025856K), 0.0712330 secs] [Times: user=0.11 sys=0.00, real=0.07 secs] 
1351.282: [GC [PSYoungGen: 323416K->18309K(326848K)] 772718K->475496K(1025920K), 0.0514610 secs] [Times: user=0.12 sys=0.01, real=0.05 secs] 
1351.673: [GC [PSYoungGen: 322501K->18707K(327360K)] 779688K->482766K(1026432K), 0.0521280 secs] [Times: user=0.13 sys=0.00, real=0.05 secs] 
1352.063: [GC [PSYoungGen: 323795K->21156K(326272K)] 787854K->490519K(1025344K), 0.0506190 secs] [Times: user=0.13 sys=0.01, real=0.05 secs] 
1352.569: [GC [PSYoungGen: 326244K->15741K(326592K)] 795607K->492228K(1025664K), 0.0582660 secs] [Times: user=0.10 sys=0.00, real=0.06 secs] 
1353.092: [GC [PSYoungGen: 319421K->18323K(326592K)] 795908K->500796K(1025664K), 0.0782680 secs] [Times: user=0.12 sys=0.00, real=0.08 secs] 
1353.552: [GC [PSYoungGen: 322003K->19333K(326912K)] 804476K->509314K(1025984K), 0.0509430 secs] [Times: user=0.12 sys=0.00, real=0.05 secs] 
1354.003: [GC [PSYoungGen: 323781K->19105K(326976K)] 813762K->513817K(1026048K), 0.0642710 secs] [Times: user=0.12 sys=0.00, real=0.07 secs] 
1354.472: [GC [PSYoungGen: 323553K->16524K(327168K)] 818265K->517265K(1026240K), 0.0615870 secs] [Times: user=0.12 sys=0.01, real=0.06 secs] 
1354.919: [GC [PSYoungGen: 321292K->17727K(327104K)] 822033K->523079K(1026176K), 0.0605670 secs] [Times: user=0.11 sys=0.00, real=0.06 secs] 
1355.295: [GC [PSYoungGen: 322495K->20498K(326528K)] 827847K->532370K(1025600K), 0.0551950 secs] [Times: user=0.12 sys=0.00, real=0.06 secs] 
1355.735: [GC [PSYoungGen: 325074K->18204K(327040K)] 836946K->537547K(1026112K), 0.0796310 secs] [Times: user=0.19 sys=0.00, real=0.08 secs] 
1356.206: [GC [PSYoungGen: 322780K->18405K(327744K)] 842123K->544047K(1026816K), 0.0658100 secs] [Times: user=0.11 sys=0.01, real=0.07 secs] 
1356.642: [GC [PSYoungGen: 324069K->15889K(327424K)] 849711K->547280K(1026496K), 0.0424570 secs] [Times: user=0.11 sys=0.00, real=0.04 secs] 
1357.043: [GC [PSYoungGen: 321553K->12782K(326656K)] 852944K->547860K(1025728K), 0.0310310 secs] [Times: user=0.09 sys=0.00, real=0.03 secs] 
1357.402: [GC [PSYoungGen: 317614K->19659K(324544K)] 852692K->560060K(1023616K), 0.0468610 secs] [Times: user=0.11 sys=0.00, real=0.05 secs] 
1357.845: [GC [PSYoungGen: 324491K->20325K(325952K)] 864892K->571884K(1025024K), 0.0591990 secs] [Times: user=0.14 sys=0.00, real=0.06 secs] 
1358.279: [GC [PSYoungGen: 323621K->18168K(326400K)] 875180K->575515K(1025472K), 0.1049960 secs] [Times: user=0.12 sys=0.00, real=0.10 secs] 
1358.726: [GC [PSYoungGen: 321464K->22648K(321088K)] 878811K->584397K(1020160K), 0.0475940 secs] [Times: user=0.13 sys=0.00, real=0.05 secs] 
1359.122: [GC [PSYoungGen: 321080K->17318K(323968K)] 882829K->588793K(1023040K), 0.0557970 secs] [Times: user=0.13 sys=0.00, real=0.06 secs] 
1359.474: [GC [PSYoungGen: 315750K->20383K(324416K)] 887225K->596708K(1023488K), 0.0439350 secs] [Times: user=0.13 sys=0.00, real=0.05 secs] 
1359.833: [GC [PSYoungGen: 319647K->19269K(324352K)] 895972K->601247K(1023424K), 0.0558470 secs] [Times: user=0.12 sys=0.00, real=0.06 secs] 
1360.203: [GC [PSYoungGen: 318532K->17555K(325184K)] 900511K->606831K(1024256K), 0.0537930 secs] [Times: user=0.12 sys=0.00, real=0.05 secs] 
1360.597: [GC [PSYoungGen: 318099K->15815K(324864K)] 907375K->609395K(1023936K), 0.0595950 secs] [Times: user=0.11 sys=0.00, real=0.06 secs] 
1360.997: [GC [PSYoungGen: 316359K->17353K(325632K)] 909939K->615408K(1024704K), 0.0579780 secs] [Times: user=0.10 sys=0.00, real=0.06 secs] 
1361.478: [GC [PSYoungGen: 318729K->17891K(325248K)] 916784K->625142K(1024320K), 0.0840860 secs] [Times: user=0.13 sys=0.00, real=0.08 secs] 
1361.812: [GC [PSYoungGen: 319267K->19150K(326272K)] 926518K->634383K(1025344K), 0.0516240 secs] [Times: user=0.13 sys=0.00, real=0.05 secs] 
1362.236: [GC [PSYoungGen: 321998K->20116K(326080K)] 937231K->643091K(1025152K), 0.0674510 secs] [Times: user=0.14 sys=0.00, real=0.07 secs] 
1362.786: [GC [PSYoungGen: 322964K->15713K(326144K)] 945939K->645108K(1025216K), 0.0425530 secs] [Times: user=0.10 sys=0.00, real=0.05 secs] 
1363.192: [GC [PSYoungGen: 318497K->15518K(326144K)] 947892K->649586K(1025216K), 0.0611110 secs] [Times: user=0.10 sys=0.01, real=0.06 secs] 
1363.619: [GC [PSYoungGen: 318302K->15431K(326208K)] 952370K->653821K(1025280K), 0.0547760 secs] [Times: user=0.10 sys=0.00, real=0.05 secs] 
1363.983: [GC [PSYoungGen: 318279K->15782K(326144K)] 956669K->661973K(1025216K), 0.0550810 secs] [Times: user=0.12 sys=0.00, real=0.06 secs] 
1364.364: [GC [PSYoungGen: 318630K->16405K(326784K)] 964821K->670055K(1025856K), 0.0479020 secs] [Times: user=0.13 sys=0.01, real=0.05 secs] 
1364.714: [GC [PSYoungGen: 320149K->17815K(326464K)] 973799K->679279K(1025536K), 0.0569120 secs] [Times: user=0.12 sys=0.00, real=0.06 secs] 
1365.134: [GC [PSYoungGen: 321559K->15370K(327296K)] 983023K->683497K(1026368K), 0.0485940 secs] [Times: user=0.12 sys=0.00, real=0.05 secs] 
1365.564: [GC [PSYoungGen: 320330K->14855K(327168K)] 988457K->686873K(1026240K), 0.0631370 secs] [Times: user=0.10 sys=0.00, real=0.06 secs] 
1365.965: [GC [PSYoungGen: 319815K->22143K(318400K)] 991833K->702565K(1017472K), 0.0691720 secs] [Times: user=0.14 sys=0.00, real=0.07 secs] 
1366.372: [GC [PSYoungGen: 318399K->17546K(322880K)] 998821K->707226K(1021952K), 0.0915240 secs] [Times: user=0.14 sys=0.00, real=0.09 secs] 
1366.464: [Full GC [PSYoungGen: 17546K->0K(322880K)] [PSOldGen: 689679K->265023K(699072K)] 707226K->265023K(1021952K) [PSPermGen: 91529K->91474K(262144K)], 1.5844350 secs] [Times: user=1.58 sys=0.01, real=1.58 secs] 
1368.577: [GC [PSYoungGen: 296256K->24132K(320768K)] 561279K->289156K(1019840K), 0.0473740 secs] [Times: user=0.11 sys=0.00, real=0.05 secs] 
1368.933: [GC [PSYoungGen: 318980K->17469K(322176K)] 584004K->295974K(1021248K), 0.0448970 secs] [Times: user=0.15 sys=0.00, real=0.04 secs] 
1369.335: [GC [PSYoungGen: 312317K->16065K(323072K)] 590822K->301109K(1022144K), 0.0393620 secs] [Times: user=0.11 sys=0.00, real=0.04 secs] 
1369.806: [GC [PSYoungGen: 312385K->15994K(322752K)] 597429K->310674K(1021824K), 0.0779520 secs] [Times: user=0.12 sys=0.01, real=0.08 secs] 
1370.219: [GC [PSYoungGen: 312314K->20051K(323584K)] 606994K->320067K(1022656K), 0.0655030 secs] [Times: user=0.12 sys=0.00, real=0.06 secs] 
1370.685: [GC [PSYoungGen: 317587K->20852K(318400K)] 617603K->327980K(1017472K), 0.0743670 secs] [Times: user=0.12 sys=0.00, real=0.08 secs] 
1371.074: [GC [PSYoungGen: 318388K->17593K(323968K)] 625516K->328648K(1023040K), 0.0714660 secs] [Times: user=0.10 sys=0.00, real=0.07 secs] 
1371.481: [GC [PSYoungGen: 315433K->20813K(323392K)] 626489K->337361K(1022464K), 0.0476240 secs] [Times: user=0.12 sys=0.00, real=0.05 secs] 
1371.876: [GC [PSYoungGen: 318669K->14623K(323840K)] 635217K->341862K(1022912K), 0.0385460 secs] [Times: user=0.13 sys=0.00, real=0.04 secs] 
1372.261: [GC [PSYoungGen: 312799K->12420K(310656K)] 640038K->342462K(1009728K), 0.0356180 secs] [Times: user=0.07 sys=0.00, real=0.03 secs] 
1372.718: [GC [PSYoungGen: 310596K->17672K(324352K)] 640638K->352928K(1023424K), 0.0468270 secs] [Times: user=0.10 sys=0.00, real=0.05 secs] 
1373.216: [GC [PSYoungGen: 316040K->19630K(323520K)] 651296K->361285K(1022592K), 0.1062780 secs] [Times: user=0.12 sys=0.01, real=0.11 secs] 
1373.612: [GC [PSYoungGen: 317998K->17329K(324992K)] 659653K->366906K(1024064K), 0.0552530 secs] [Times: user=0.11 sys=0.00, real=0.05 secs] 
1373.977: [GC [PSYoungGen: 317158K->14922K(324352K)] 666736K->371294K(1023424K), 0.0436910 secs] [Times: user=0.11 sys=0.00, real=0.05 secs] 
1374.366: [GC [PSYoungGen: 314762K->19464K(325120K)] 671134K->381715K(1024192K), 0.0446800 secs] [Times: user=0.12 sys=0.00, real=0.05 secs] 
1374.757: [GC [PSYoungGen: 320200K->17566K(325120K)] 682451K->387882K(1024192K), 0.0631380 secs] [Times: user=0.12 sys=0.01, real=0.06 secs] 
1375.274: [GC [PSYoungGen: 318302K->16602K(326144K)] 688618K->395716K(1025216K), 0.0638310 secs] [Times: user=0.12 sys=0.01, real=0.06 secs] 
1375.605: [GC [PSYoungGen: 319002K->23220K(325632K)] 698116K->409489K(1024704K), 0.0616780 secs] [Times: user=0.13 sys=0.00, real=0.06 secs] 
1376.049: [GC [PSYoungGen: 325620K->14704K(323840K)] 711889K->408112K(1022912K), 0.0592880 secs] [Times: user=0.10 sys=0.00, real=0.06 secs] 
1376.433: [GC [PSYoungGen: 314672K->17521K(324736K)] 708080K->416769K(1023808K), 0.0573920 secs] [Times: user=0.11 sys=0.00, real=0.05 secs] 
1376.835: [GC [PSYoungGen: 317489K->16884K(325824K)] 716737K->423845K(1024896K), 0.0508880 secs] [Times: user=0.12 sys=0.00, real=0.05 secs] 
1377.307: [GC [PSYoungGen: 318580K->13565K(325376K)] 725541K->424428K(1024448K), 0.0512420 secs] [Times: user=0.08 sys=0.00, real=0.05 secs] 
1377.795: [GC [PSYoungGen: 315261K->22565K(323136K)] 726124K->437627K(1022208K), 0.0761150 secs] [Times: user=0.12 sys=0.01, real=0.08 secs] 
1378.179: [GC [PSYoungGen: 321893K->19723K(324416K)] 736955K->447014K(1023488K), 0.0599410 secs] [Times: user=0.14 sys=0.00, real=0.06 secs] 
1378.561: [GC [PSYoungGen: 319051K->20018K(324416K)] 746342K->452999K(1023488K), 0.0544790 secs] [Times: user=0.13 sys=0.00, real=0.05 secs] 
1378.991: [GC [PSYoungGen: 319346K->18414K(324416K)] 752327K->459319K(1023488K), 0.0581350 secs] [Times: user=0.13 sys=0.00, real=0.06 secs] 
1379.483: [GC [PSYoungGen: 317742K->15679K(325184K)] 758647K->462199K(1024256K), 0.0448320 secs] [Times: user=0.11 sys=0.00, real=0.04 secs] 
1379.920: [GC [PSYoungGen: 316351K->17002K(324992K)] 762871K->466695K(1024064K), 0.0502850 secs] [Times: user=0.10 sys=0.00, real=0.05 secs] 
1380.336: [GC [PSYoungGen: 317674K->18587K(326016K)] 767367K->476638K(1025088K), 0.0652140 secs] [Times: user=0.13 sys=0.00, real=0.07 secs] 
1380.839: [GC [PSYoungGen: 320731K->14377K(325632K)] 778782K->478602K(1024704K), 0.0393880 secs] [Times: user=0.10 sys=0.00, real=0.04 secs] 
1381.280: [GC [PSYoungGen: 316521K->21299K(324416K)] 780746K->491376K(1023488K), 0.0866800 secs] [Times: user=0.13 sys=0.01, real=0.09 secs] 
1381.661: [GC [PSYoungGen: 322163K->18545K(325184K)] 792240K->496548K(1024256K), 0.0728470 secs] [Times: user=0.12 sys=0.00, real=0.08 secs] 
1382.110: [GC [PSYoungGen: 319409K->22660K(323392K)] 797412K->504683K(1022464K), 0.0517640 secs] [Times: user=0.13 sys=0.00, real=0.06 secs] 
1382.508: [GC [PSYoungGen: 322116K->17367K(324480K)] 804139K->507294K(1023552K), 0.0540980 secs] [Times: user=0.12 sys=0.00, real=0.06 secs] 
1382.879: [GC [PSYoungGen: 316823K->19407K(325184K)] 806750K->514598K(1024256K), 0.0422210 secs] [Times: user=0.11 sys=0.00, real=0.04 secs] 
1383.267: [GC [PSYoungGen: 320015K->17481K(324928K)] 815206K->515957K(1024000K), 0.0483060 secs] [Times: user=0.10 sys=0.01, real=0.05 secs] 
1383.645: [GC [PSYoungGen: 318089K->21318K(324544K)] 816565K->525961K(1023616K), 0.0630730 secs] [Times: user=0.12 sys=0.00, real=0.06 secs] 
1384.239: [GC [PSYoungGen: 321926K->15842K(325056K)] 826569K->526836K(1024128K), 0.0433500 secs] [Times: user=0.11 sys=0.00, real=0.05 secs] 
1384.617: [GC [PSYoungGen: 316450K->14486K(324992K)] 827444K->529206K(1024064K), 0.0384770 secs] [Times: user=0.10 sys=0.00, real=0.04 secs] 
1385.042: [GC [PSYoungGen: 315094K->21354K(321984K)] 829814K->542585K(1021056K), 0.0657620 secs] [Times: user=0.12 sys=0.00, real=0.06 secs] 
1385.484: [GC [PSYoungGen: 321962K->18403K(325120K)] 843193K->549581K(1024192K), 0.0661480 secs] [Times: user=0.13 sys=0.00, real=0.06 secs] 
1385.886: [GC [PSYoungGen: 318498K->16664K(324480K)] 849676K->551814K(1023552K), 0.0736820 secs] [Times: user=0.10 sys=0.01, real=0.07 secs] 
1386.277: [GC [PSYoungGen: 316760K->18951K(325696K)] 851910K->559971K(1024768K), 0.0561110 secs] [Times: user=0.12 sys=0.01, real=0.06 secs] 
1386.724: [GC [PSYoungGen: 320583K->16276K(325440K)] 861603K->564644K(1024512K), 0.0524730 secs] [Times: user=0.11 sys=0.00, real=0.05 secs] 
1387.221: [GC [PSYoungGen: 317908K->18792K(326208K)] 866276K->573326K(1025280K), 0.0524150 secs] [Times: user=0.12 sys=0.00, real=0.06 secs] 
1387.657: [GC [PSYoungGen: 321448K->17494K(325952K)] 875982K->580302K(1025024K), 0.0471020 secs] [Times: user=0.12 sys=0.00, real=0.05 secs] 
1388.041: [GC [PSYoungGen: 320150K->16373K(326784K)] 882958K->586605K(1025856K), 0.0430320 secs] [Times: user=0.12 sys=0.01, real=0.05 secs] 
1388.514: [GC [PSYoungGen: 320245K->22168K(326080K)] 890477K->596860K(1025152K), 0.0490830 secs] [Times: user=0.13 sys=0.00, real=0.05 secs] 
1388.927: [GC [PSYoungGen: 326040K->17351K(326080K)] 900732K->600959K(1025152K), 0.0748890 secs] [Times: user=0.13 sys=0.00, real=0.07 secs] 
1389.397: [GC [PSYoungGen: 320007K->16186K(326080K)] 903615K->604930K(1025152K), 0.0610570 secs] [Times: user=0.09 sys=0.01, real=0.06 secs] 
1389.835: [GC [PSYoungGen: 318842K->16381K(326464K)] 907586K->610706K(1025536K), 0.0622490 secs] [Times: user=0.12 sys=0.00, real=0.06 secs] 
1390.360: [GC [PSYoungGen: 319613K->16210K(326272K)] 913938K->615652K(1025344K), 0.0589090 secs] [Times: user=0.10 sys=0.00, real=0.06 secs] 
1390.791: [GC [PSYoungGen: 319442K->20991K(325312K)] 918884K->626845K(1024384K), 0.0656470 secs] [Times: user=0.13 sys=0.01, real=0.07 secs] 
1391.171: [GC [PSYoungGen: 323519K->17960K(326016K)] 929373K->632143K(1025088K), 0.0789710 secs] [Times: user=0.12 sys=0.00, real=0.08 secs] 
1391.574: [GC [PSYoungGen: 320488K->18086K(327040K)] 934671K->638501K(1026112K), 0.0452200 secs] [Times: user=0.11 sys=0.00, real=0.04 secs] 
1392.001: [GC [PSYoungGen: 322150K->21098K(325184K)] 942565K->648022K(1024256K), 0.0525800 secs] [Times: user=0.12 sys=0.00, real=0.05 secs] 
1392.406: [GC [PSYoungGen: 325162K->17854K(326720K)] 952086K->650364K(1025792K), 0.0438070 secs] [Times: user=0.11 sys=0.00, real=0.04 secs] 
1392.827: [GC [PSYoungGen: 321406K->19732K(326336K)] 953916K->657205K(1025408K), 0.0506490 secs] [Times: user=0.12 sys=0.00, real=0.05 secs] 
1393.273: [GC [PSYoungGen: 323284K->18262K(327040K)] 960757K->663971K(1026112K), 0.0876820 secs] [Times: user=0.13 sys=0.01, real=0.09 secs] 
1393.705: [GC [PSYoungGen: 322454K->20226K(326656K)] 968163K->671140K(1025728K), 0.0504790 secs] [Times: user=0.13 sys=0.00, real=0.05 secs] 
1394.169: [GC [PSYoungGen: 324418K->19775K(326656K)] 975332K->675970K(1025728K), 0.0590910 secs] [Times: user=0.12 sys=0.00, real=0.06 secs] 
1394.542: [GC [PSYoungGen: 323711K->21218K(325184K)] 979906K->684625K(1024256K), 0.0690260 secs] [Times: user=0.13 sys=0.00, real=0.07 secs] 
1394.929: [GC [PSYoungGen: 325154K->19529K(326464K)] 988561K->689325K(1025536K), 0.0460510 secs] [Times: user=0.12 sys=0.00, real=0.05 secs] 
1395.348: [GC [PSYoungGen: 322697K->15251K(326208K)] 992493K->689067K(1025280K), 0.0664280 secs] [Times: user=0.09 sys=0.00, real=0.07 secs] 
1395.821: [GC [PSYoungGen: 318419K->15730K(326080K)] 992235K->694089K(1025152K), 0.0853990 secs] [Times: user=0.10 sys=0.00, real=0.09 secs] 
1396.297: [GC [PSYoungGen: 318514K->19821K(326144K)] 996873K->703323K(1025216K), 0.0577960 secs] [Times: user=0.12 sys=0.00, real=0.06 secs] 
1396.701: [GC [PSYoungGen: 322605K->17239K(326400K)] 1006107K->709250K(1025472K), 0.0455420 secs] [Times: user=0.12 sys=0.01, real=0.05 secs] 
1396.747: [Full GC [PSYoungGen: 17239K->0K(326400K)] [PSOldGen: 692010K->296519K(699072K)] 709250K->296519K(1025472K) [PSPermGen: 91491K->91491K(262144K)], 1.5022980 secs] [Times: user=1.50 sys=0.00, real=1.50 secs] 
1398.621: [GC [PSYoungGen: 303040K->20333K(326144K)] 599559K->316853K(1025216K), 0.0505540 secs] [Times: user=0.10 sys=0.00, real=0.05 secs] 
1399.047: [GC [PSYoungGen: 323373K->22146K(324480K)] 619893K->331464K(1023552K), 0.0530600 secs] [Times: user=0.15 sys=0.01, real=0.05 secs] 
1399.444: [GC [PSYoungGen: 323266K->16642K(325312K)] 632584K->334840K(1024384K), 0.0472490 secs] [Times: user=0.11 sys=0.00, real=0.04 secs] 
1399.799: [GC [PSYoungGen: 317762K->15853K(325504K)] 635960K->339561K(1024576K), 0.0479850 secs] [Times: user=0.10 sys=0.00, real=0.05 secs] 
1400.238: [GC [PSYoungGen: 317293K->17711K(325440K)] 641001K->347392K(1024512K), 0.0507650 secs] [Times: user=0.12 sys=0.00, real=0.05 secs] 
1400.695: [GC [PSYoungGen: 319151K->17847K(326336K)] 648832K->356771K(1025408K), 0.0600840 secs] [Times: user=0.12 sys=0.01, real=0.06 secs] 
1401.088: [GC [PSYoungGen: 320567K->16970K(325888K)] 659491K->362046K(1024960K), 0.0458330 secs] [Times: user=0.11 sys=0.00, real=0.04 secs] 
1401.535: [GC [PSYoungGen: 319690K->17901K(327040K)] 664766K->368885K(1026112K), 0.0440630 secs] [Times: user=0.11 sys=0.00, real=0.04 secs] 
1401.882: [GC [PSYoungGen: 322029K->21501K(325632K)] 673013K->377634K(1024704K), 0.0526070 secs] [Times: user=0.12 sys=0.00, real=0.06 secs] 
1402.283: [GC [PSYoungGen: 325629K->15178K(326080K)] 681762K->380492K(1025152K), 0.0453110 secs] [Times: user=0.11 sys=0.00, real=0.05 secs] 
1402.734: [GC [PSYoungGen: 317962K->19333K(326144K)] 683276K->388365K(1025216K), 0.0562830 secs] [Times: user=0.10 sys=0.00, real=0.05 secs] 
1403.073: [GC [PSYoungGen: 322117K->15658K(326272K)] 691149K->391444K(1025344K), 0.0392310 secs] [Times: user=0.11 sys=0.00, real=0.04 secs] 
1403.434: [GC [PSYoungGen: 318634K->18341K(326208K)] 694420K->398562K(1025280K), 0.0407910 secs] [Times: user=0.10 sys=0.00, real=0.05 secs] 
1403.850: [GC [PSYoungGen: 321317K->19008K(326784K)] 701538K->405806K(1025856K), 0.0606590 secs] [Times: user=0.12 sys=0.01, real=0.06 secs] 
1404.280: [GC [PSYoungGen: 322944K->19190K(326656K)] 709742K->413174K(1025728K), 0.0408890 secs] [Times: user=0.13 sys=0.01, real=0.04 secs] 
1404.703: [GC [PSYoungGen: 323126K->16963K(327040K)] 717110K->420281K(1026112K), 0.0553540 secs] [Times: user=0.11 sys=0.00, real=0.06 secs] 
1405.069: [GC [PSYoungGen: 321347K->19556K(326848K)] 724665K->427564K(1025920K), 0.0638110 secs] [Times: user=0.12 sys=0.00, real=0.06 secs] 
1405.497: [GC [PSYoungGen: 323940K->17214K(327232K)] 731948K->431017K(1026304K), 0.0526900 secs] [Times: user=0.11 sys=0.00, real=0.05 secs] 
1405.965: [GC [PSYoungGen: 321918K->15410K(326976K)] 735721K->435477K(1026048K), 0.0736380 secs] [Times: user=0.12 sys=0.00, real=0.08 secs] 
1406.394: [GC [PSYoungGen: 320114K->22334K(320896K)] 740181K->447602K(1019968K), 0.0656770 secs] [Times: user=0.13 sys=0.00, real=0.07 secs] 
1406.860: [GC [PSYoungGen: 320894K->17510K(324032K)] 746162K->453019K(1023104K), 0.0561400 secs] [Times: user=0.13 sys=0.00, real=0.06 secs] 
1407.298: [GC [PSYoungGen: 316070K->17406K(324864K)] 751579K->457577K(1023936K), 0.0470170 secs] [Times: user=0.10 sys=0.01, real=0.04 secs] 
1407.695: [GC [PSYoungGen: 317246K->18758K(324480K)] 757417K->464889K(1023552K), 0.0632690 secs] [Times: user=0.12 sys=0.01, real=0.07 secs] 
1408.089: [GC [PSYoungGen: 318598K->17954K(325824K)] 764729K->470696K(1024896K), 0.0749560 secs] [Times: user=0.11 sys=0.01, real=0.07 secs] 
1408.625: [GC [PSYoungGen: 319650K->15746K(325376K)] 772392K->475000K(1024448K), 0.0598220 secs] [Times: user=0.11 sys=0.00, real=0.06 secs] 
1409.120: [GC [PSYoungGen: 317442K->18862K(326208K)] 776696K->482922K(1025280K), 0.0634900 secs] [Times: user=0.11 sys=0.00, real=0.06 secs] 
1409.587: [GC [PSYoungGen: 321454K->18829K(325888K)] 785514K->490180K(1024960K), 0.0504110 secs] [Times: user=0.12 sys=0.00, real=0.05 secs] 
1409.992: [GC [PSYoungGen: 321421K->20195K(326080K)] 792772K->500159K(1025152K), 0.0738520 secs] [Times: user=0.13 sys=0.02, real=0.08 secs] 
1410.537: [GC [PSYoungGen: 323235K->18950K(326272K)] 803199K->506143K(1025344K), 0.0613240 secs] [Times: user=0.12 sys=0.00, real=0.06 secs] 
1410.960: [GC [PSYoungGen: 321990K->15187K(326336K)] 809183K->509568K(1025408K), 0.0359910 secs] [Times: user=0.11 sys=0.00, real=0.04 secs] 
1411.347: [GC [PSYoungGen: 318611K->16965K(326464K)] 812992K->516026K(1025536K), 0.0746420 secs] [Times: user=0.11 sys=0.01, real=0.07 secs] 
1411.901: [GC [PSYoungGen: 320389K->18189K(327168K)] 819450K->523161K(1026240K), 0.0498940 secs] [Times: user=0.11 sys=0.00, real=0.05 secs] 
1412.343: [GC [PSYoungGen: 322573K->14570K(326720K)] 827545K->526918K(1025792K), 0.0689940 secs] [Times: user=0.11 sys=0.00, real=0.07 secs] 
1412.786: [GC [PSYoungGen: 318954K->20511K(325824K)] 831302K->538843K(1024896K), 0.0493220 secs] [Times: user=0.12 sys=0.00, real=0.05 secs] 
1413.248: [GC [PSYoungGen: 323807K->16855K(326400K)] 842139K->542787K(1025472K), 0.0651990 secs] [Times: user=0.11 sys=0.00, real=0.06 secs] 
1413.752: [GC [PSYoungGen: 320151K->16086K(326912K)] 846083K->549043K(1025984K), 0.0558120 secs] [Times: user=0.11 sys=0.00, real=0.06 secs] 
1414.158: [GC [PSYoungGen: 320214K->22257K(326400K)] 853171K->561598K(1025472K), 0.0686680 secs] [Times: user=0.14 sys=0.00, real=0.07 secs] 
1414.641: [GC [PSYoungGen: 326385K->16805K(325632K)] 865726K->563207K(1024704K), 0.0555660 secs] [Times: user=0.12 sys=0.00, real=0.06 secs] 
1415.108: [GC [PSYoungGen: 319333K->19411K(326016K)] 865735K->571935K(1025088K), 0.0690670 secs] [Times: user=0.12 sys=0.00, real=0.07 secs] 
1415.471: [GC [PSYoungGen: 321939K->19148K(326208K)] 874463K->577647K(1025280K), 0.0592600 secs] [Times: user=0.12 sys=0.00, real=0.06 secs] 
1415.925: [GC [PSYoungGen: 321932K->20252K(323072K)] 880431K->583302K(1022144K), 0.0525570 secs] [Times: user=0.11 sys=0.01, real=0.06 secs] 
1416.348: [GC [PSYoungGen: 323036K->15758K(326016K)] 886086K->583405K(1025088K), 0.0503840 secs] [Times: user=0.10 sys=0.01, real=0.05 secs] 
1416.676: [GC [PSYoungGen: 318286K->14022K(316608K)] 885933K->585047K(1015680K), 0.0469930 secs] [Times: user=0.10 sys=0.00, real=0.05 secs] 
1417.151: [GC [PSYoungGen: 316550K->20775K(324800K)] 887575K->596001K(1023872K), 0.0456740 secs] [Times: user=0.12 sys=0.00, real=0.05 secs] 
1417.661: [GC [PSYoungGen: 321895K->18461K(325312K)] 897121K->603521K(1024384K), 0.0647500 secs] [Times: user=0.14 sys=0.00, real=0.07 secs] 
1418.085: [GC [PSYoungGen: 319581K->16002K(326016K)] 904641K->609063K(1025088K), 0.0454340 secs] [Times: user=0.11 sys=0.00, real=0.05 secs] 
1418.508: [GC [PSYoungGen: 318338K->18462K(325824K)] 911399K->617114K(1024896K), 0.0501640 secs] [Times: user=0.13 sys=0.00, real=0.05 secs] 
1418.949: [GC [PSYoungGen: 320798K->15368K(326400K)] 919450K->622532K(1025472K), 0.0474340 secs] [Times: user=0.11 sys=0.00, real=0.04 secs] 
1419.339: [GC [PSYoungGen: 318600K->13391K(316672K)] 925764K->625888K(1015744K), 0.0564660 secs] [Times: user=0.09 sys=0.00, real=0.05 secs] 
1419.783: [GC [PSYoungGen: 316623K->14930K(326400K)] 929120K->631449K(1025472K), 0.0394890 secs] [Times: user=0.10 sys=0.00, real=0.04 secs] 
1420.278: [GC [PSYoungGen: 318034K->21184K(324352K)] 934553K->643560K(1023424K), 0.0950540 secs] [Times: user=0.14 sys=0.01, real=0.09 secs] 
1420.724: [GC [PSYoungGen: 324288K->20935K(324224K)] 946664K->649985K(1023296K), 0.0566290 secs] [Times: user=0.13 sys=0.00, real=0.06 secs] 
1421.129: [GC [PSYoungGen: 321159K->16776K(324864K)] 950209K->654253K(1023936K), 0.0502020 secs] [Times: user=0.11 sys=0.00, real=0.05 secs] 
1421.494: [GC [PSYoungGen: 316992K->17712K(326016K)] 954469K->662347K(1025088K), 0.0624380 secs] [Times: user=0.12 sys=0.01, real=0.07 secs] 
1421.885: [GC [PSYoungGen: 319586K->18651K(325376K)] 964221K->669476K(1024448K), 0.0481450 secs] [Times: user=0.12 sys=0.00, real=0.05 secs] 
1422.385: [GC [PSYoungGen: 320539K->18350K(326592K)] 971364K->675486K(1025664K), 0.0492360 secs] [Times: user=0.12 sys=0.00, real=0.05 secs] 
1422.722: [GC [PSYoungGen: 321646K->16328K(326208K)] 978782K->680129K(1025280K), 0.0361200 secs] [Times: user=0.12 sys=0.00, real=0.04 secs] 
1423.145: [GC [PSYoungGen: 319624K->13257K(326272K)] 983425K->682810K(1025344K), 0.0470710 secs] [Times: user=0.09 sys=0.00, real=0.05 secs] 
1423.465: [GC [PSYoungGen: 316809K->21258K(324864K)] 986362K->695655K(1023936K), 0.0523130 secs] [Times: user=0.13 sys=0.00, real=0.06 secs] 
1423.865: [GC [PSYoungGen: 324810K->18909K(325760K)] 999207K->704042K(1024832K), 0.0695480 secs] [Times: user=0.14 sys=0.00, real=0.07 secs] 
1424.259: [GC [PSYoungGen: 320797K->15300K(325632K)] 1005930K->706226K(1024704K), 0.0415330 secs] [Times: user=0.11 sys=0.00, real=0.04 secs] 
1424.300: [Full GC [PSYoungGen: 15300K->0K(325632K)] [PSOldGen: 690925K->301449K(699072K)] 706226K->301449K(1024704K) [PSPermGen: 91504K->91504K(262144K)], 1.4412300 secs] [Times: user=1.44 sys=0.00, real=1.44 secs] 
1426.161: [GC [PSYoungGen: 301888K->23537K(322112K)] 603337K->325818K(1021184K), 0.0462850 secs] [Times: user=0.11 sys=0.00, real=0.04 secs] 
1426.537: [GC [PSYoungGen: 322097K->18570K(324032K)] 624378K->331544K(1023104K), 0.0569120 secs] [Times: user=0.13 sys=0.00, real=0.06 secs] 
1426.932: [GC [PSYoungGen: 317130K->18381K(325248K)] 630104K->335526K(1024320K), 0.0725030 secs] [Times: user=0.10 sys=0.01, real=0.07 secs] 
1427.369: [GC [PSYoungGen: 318733K->17582K(324608K)] 635878K->339138K(1023680K), 0.0542050 secs] [Times: user=0.10 sys=0.00, real=0.05 secs] 
1427.778: [GC [PSYoungGen: 317934K->15626K(325824K)] 639490K->344046K(1024896K), 0.0386760 secs] [Times: user=0.09 sys=0.00, real=0.03 secs] 
1428.114: [GC [PSYoungGen: 317642K->20063K(322112K)] 646062K->355142K(1021184K), 0.0525290 secs] [Times: user=0.12 sys=0.00, real=0.05 secs] 
1428.476: [GC [PSYoungGen: 322079K->17531K(326080K)] 657158K->360687K(1025152K), 0.0497740 secs] [Times: user=0.12 sys=0.00, real=0.05 secs] 
1428.930: [GC [PSYoungGen: 319739K->18013K(325632K)] 662895K->366031K(1024704K), 0.0629290 secs] [Times: user=0.10 sys=0.00, real=0.06 secs] 
1429.338: [GC [PSYoungGen: 320221K->16973K(326912K)] 668239K->370726K(1025984K), 0.0454030 secs] [Times: user=0.11 sys=0.01, real=0.04 secs] 
1429.731: [GC [PSYoungGen: 320973K->14159K(326592K)] 674726K->375167K(1025664K), 0.0487980 secs] [Times: user=0.09 sys=0.01, real=0.05 secs] 
1430.181: [GC [PSYoungGen: 318150K->19945K(325952K)] 679158K->386715K(1025024K), 0.0631290 secs] [Times: user=0.12 sys=0.00, real=0.06 secs] 
1430.655: [GC [PSYoungGen: 323113K->17855K(326336K)] 689883K->393343K(1025408K), 0.0565840 secs] [Times: user=0.12 sys=0.00, real=0.06 secs] 
1431.077: [GC [PSYoungGen: 321023K->20326K(325952K)] 696511K->402502K(1025024K), 0.0500000 secs] [Times: user=0.12 sys=0.01, real=0.05 secs] 
1431.549: [GC [PSYoungGen: 323622K->16838K(326400K)] 705798K->405937K(1025472K), 0.0700110 secs] [Times: user=0.11 sys=0.00, real=0.07 secs] 
1431.965: [GC [PSYoungGen: 320134K->18751K(326912K)] 709233K->413104K(1025984K), 0.0387850 secs] [Times: user=0.12 sys=0.00, real=0.04 secs] 
1432.337: [GC [PSYoungGen: 322879K->16441K(326720K)] 717232K->417283K(1025792K), 0.0437540 secs] [Times: user=0.11 sys=0.00, real=0.05 secs] 
1432.741: [GC [PSYoungGen: 320567K->16542K(327296K)] 721408K->422770K(1026368K), 0.0515380 secs] [Times: user=0.11 sys=0.00, real=0.05 secs] 
1433.220: [GC [PSYoungGen: 321438K->20390K(325312K)] 727666K->433412K(1024384K), 0.0672300 secs] [Times: user=0.12 sys=0.00, real=0.06 secs] 
1433.738: [GC [PSYoungGen: 325276K->18190K(327168K)] 738299K->438842K(1026240K), 0.0948920 secs] [Times: user=0.11 sys=0.00, real=0.10 secs] 
1434.166: [GC [PSYoungGen: 322638K->18136K(326784K)] 743290K->443042K(1025856K), 0.0405370 secs] [Times: user=0.11 sys=0.00, real=0.04 secs] 
1434.540: [GC [PSYoungGen: 322584K->17080K(327808K)] 747490K->448330K(1026880K), 0.0411040 secs] [Times: user=0.11 sys=0.00, real=0.04 secs] 
1434.973: [GC [PSYoungGen: 322936K->18326K(327552K)] 754186K->456775K(1026624K), 0.0902430 secs] [Times: user=0.11 sys=0.00, real=0.09 secs] 
1435.364: [GC [PSYoungGen: 324182K->17837K(328320K)] 762631K->461875K(1027392K), 0.0524360 secs] [Times: user=0.11 sys=0.00, real=0.05 secs] 
1435.777: [GC [PSYoungGen: 324653K->20201K(327040K)] 768691K->472544K(1026112K), 0.0962260 secs] [Times: user=0.12 sys=0.01, real=0.10 secs] 
1436.275: [GC [PSYoungGen: 327017K->15889K(327808K)] 779360K->474251K(1026880K), 0.0429940 secs] [Times: user=0.11 sys=0.00, real=0.04 secs] 
1436.600: [GC [PSYoungGen: 322001K->20813K(326976K)] 780363K->486097K(1026048K), 0.0570240 secs] [Times: user=0.12 sys=0.00, real=0.05 secs] 
1437.032: [GC [PSYoungGen: 326925K->14168K(326592K)] 792209K->488871K(1025664K), 0.0810520 secs] [Times: user=0.12 sys=0.00, real=0.08 secs] 
1437.493: [GC [PSYoungGen: 318360K->17256K(326848K)] 793063K->496985K(1025920K), 0.0556650 secs] [Times: user=0.11 sys=0.00, real=0.05 secs] 
1437.874: [GC [PSYoungGen: 321448K->17116K(327552K)] 801177K->504136K(1026624K), 0.0525050 secs] [Times: user=0.11 sys=0.00, real=0.05 secs] 
1438.286: [GC [PSYoungGen: 322396K->20152K(325440K)] 809416K->513853K(1024512K), 0.0585140 secs] [Times: user=0.13 sys=0.00, real=0.06 secs] 
1438.693: [GC [PSYoungGen: 325432K->18677K(327232K)] 819133K->518233K(1026304K), 0.0636140 secs] [Times: user=0.11 sys=0.00, real=0.06 secs] 
1439.194: [GC [PSYoungGen: 323445K->18576K(327040K)] 823001K->522337K(1026112K), 0.0520460 secs] [Times: user=0.11 sys=0.00, real=0.05 secs] 
1439.567: [GC [PSYoungGen: 323344K->18908K(327552K)] 827105K->530103K(1026624K), 0.0480240 secs] [Times: user=0.13 sys=0.00, real=0.05 secs] 
1439.922: [GC [PSYoungGen: 324380K->18835K(327424K)] 835575K->538588K(1026496K), 0.0522340 secs] [Times: user=0.13 sys=0.00, real=0.05 secs] 
1440.296: [GC [PSYoungGen: 324307K->18340K(328000K)] 844060K->542608K(1027072K), 0.0493720 secs] [Times: user=0.12 sys=0.00, real=0.05 secs] 
1440.646: [GC [PSYoungGen: 324516K->19727K(327680K)] 848784K->551256K(1026752K), 0.0572510 secs] [Times: user=0.13 sys=0.00, real=0.06 secs] 
1441.071: [GC [PSYoungGen: 325903K->19576K(327616K)] 857432K->556722K(1026688K), 0.0617120 secs] [Times: user=0.14 sys=0.00, real=0.06 secs] 
1441.492: [GC [PSYoungGen: 325432K->20583K(326464K)] 862578K->562653K(1025536K), 0.0623210 secs] [Times: user=0.12 sys=0.01, real=0.06 secs] 
1441.891: [GC [PSYoungGen: 326435K->17100K(327296K)] 868505K->565643K(1026368K), 0.0494040 secs] [Times: user=0.13 sys=0.00, real=0.05 secs] 
1442.313: [GC [PSYoungGen: 322124K->15749K(320832K)] 870667K->567826K(1019904K), 0.0394470 secs] [Times: user=0.09 sys=0.00, real=0.04 secs] 
1442.731: [GC [PSYoungGen: 320773K->18646K(327424K)] 872850K->574084K(1026496K), 0.0454650 secs] [Times: user=0.11 sys=0.00, real=0.04 secs] 
1443.231: [GC [PSYoungGen: 323734K->13123K(318272K)] 879172K->576590K(1017344K), 0.0537360 secs] [Times: user=0.11 sys=0.00, real=0.05 secs] 
1443.619: [GC [PSYoungGen: 318211K->20146K(326144K)] 881678K->590587K(1025216K), 0.0623550 secs] [Times: user=0.14 sys=0.00, real=0.07 secs] 
1444.065: [GC [PSYoungGen: 323698K->13944K(317504K)] 894139K->592433K(1016576K), 0.0544800 secs] [Times: user=0.11 sys=0.00, real=0.05 secs] 
1444.405: [GC [PSYoungGen: 317496K->20757K(325056K)] 895985K->602182K(1024128K), 0.0497640 secs] [Times: user=0.12 sys=0.00, real=0.05 secs] 
1444.807: [GC [PSYoungGen: 322645K->16044K(325696K)] 904070K->605328K(1024768K), 0.0502630 secs] [Times: user=0.11 sys=0.00, real=0.05 secs] 
1445.149: [GC [PSYoungGen: 317932K->17600K(326528K)] 907216K->613291K(1025600K), 0.0435100 secs] [Times: user=0.12 sys=0.00, real=0.05 secs] 
1445.650: [GC [PSYoungGen: 320640K->21974K(325056K)] 916331K->625036K(1024128K), 0.0604340 secs] [Times: user=0.15 sys=0.00, real=0.06 secs] 
1446.061: [GC [PSYoungGen: 325014K->17650K(325952K)] 928076K->628433K(1025024K), 0.0934520 secs] [Times: user=0.13 sys=0.00, real=0.09 secs] 
1446.555: [GC [PSYoungGen: 319602K->18550K(325504K)] 930385K->634163K(1024576K), 0.0480470 secs] [Times: user=0.11 sys=0.00, real=0.05 secs] 
1447.005: [GC [PSYoungGen: 320502K->19641K(326208K)] 936115K->639912K(1025280K), 0.0493990 secs] [Times: user=0.11 sys=0.00, real=0.05 secs] 
1447.403: [GC [PSYoungGen: 322681K->17815K(326272K)] 942952K->647027K(1025344K), 0.0482270 secs] [Times: user=0.12 sys=0.00, real=0.05 secs] 
1447.832: [GC [PSYoungGen: 320855K->17437K(327040K)] 950067K->653525K(1026112K), 0.0491750 secs] [Times: user=0.12 sys=0.00, real=0.05 secs] 
1448.213: [GC [PSYoungGen: 321693K->17197K(326720K)] 957781K->657925K(1025792K), 0.0473980 secs] [Times: user=0.11 sys=0.00, real=0.04 secs] 
1448.631: [GC [PSYoungGen: 321453K->19464K(327040K)] 962181K->667762K(1026112K), 0.0597450 secs] [Times: user=0.12 sys=0.00, real=0.06 secs] 
1449.091: [GC [PSYoungGen: 324296K->16797K(327168K)] 972594K->670858K(1026240K), 0.0416210 secs] [Times: user=0.10 sys=0.00, real=0.04 secs] 
1449.490: [GC [PSYoungGen: 321629K->18899K(327424K)] 975690K->681463K(1026496K), 0.0772890 secs] [Times: user=0.13 sys=0.00, real=0.08 secs] 
1449.949: [GC [PSYoungGen: 324179K->17362K(327360K)] 986743K->687201K(1026432K), 0.0783190 secs] [Times: user=0.11 sys=0.01, real=0.08 secs] 
1450.465: [GC [PSYoungGen: 322642K->11663K(326272K)] 992481K->683801K(1025344K), 0.0347710 secs] [Times: user=0.08 sys=0.00, real=0.03 secs] 
1450.811: [GC [PSYoungGen: 316111K->18884K(326976K)] 988249K->696281K(1026048K), 0.0572610 secs] [Times: user=0.12 sys=0.00, real=0.05 secs] 
1451.212: [GC [PSYoungGen: 323332K->16268K(327232K)] 1000729K->704410K(1026304K), 0.0644610 secs] [Times: user=0.14 sys=0.01, real=0.06 secs] 
1451.277: [Full GC [PSYoungGen: 16268K->0K(327232K)] [PSOldGen: 688142K->299138K(699072K)] 704410K->299138K(1026304K) [PSPermGen: 91522K->91522K(262144K)], 1.4980310 secs] [Times: user=1.50 sys=0.00, real=1.50 secs] 
1453.169: [GC [PSYoungGen: 304689K->20879K(325632K)] 603827K->320017K(1024704K), 0.0397940 secs] [Times: user=0.09 sys=0.00, real=0.04 secs] 
1453.597: [GC [PSYoungGen: 325583K->19368K(326400K)] 624721K->330190K(1025472K), 0.0421450 secs] [Times: user=0.14 sys=0.00, real=0.04 secs] 
1453.979: [GC [PSYoungGen: 322664K->17922K(326400K)] 633486K->337402K(1025472K), 0.0545770 secs] [Times: user=0.12 sys=0.00, real=0.06 secs] 
1454.349: [GC [PSYoungGen: 321218K->17097K(327232K)] 640698K->344976K(1026304K), 0.0442960 secs] [Times: user=0.12 sys=0.00, real=0.05 secs] 
1454.746: [GC [PSYoungGen: 321737K->16892K(326912K)] 649616K->350265K(1025984K), 0.0575080 secs] [Times: user=0.10 sys=0.00, real=0.06 secs] 
1455.185: [GC [PSYoungGen: 321532K->22011K(319424K)] 654905K->363076K(1018496K), 0.0595880 secs] [Times: user=0.14 sys=0.00, real=0.06 secs] 
1455.611: [GC [PSYoungGen: 319419K->17590K(323456K)] 660484K->369564K(1022528K), 0.0627460 secs] [Times: user=0.13 sys=0.00, real=0.07 secs] 
1455.966: [GC [PSYoungGen: 314998K->19675K(324288K)] 666972K->376406K(1023360K), 0.0648290 secs] [Times: user=0.11 sys=0.01, real=0.06 secs] 
1456.434: [GC [PSYoungGen: 318427K->13768K(323968K)] 675158K->376367K(1023040K), 0.0411190 secs] [Times: user=0.09 sys=0.00, real=0.04 secs] 
1456.797: [GC [PSYoungGen: 312520K->19161K(324480K)] 675119K->385645K(1023552K), 0.0684840 secs] [Times: user=0.11 sys=0.01, real=0.07 secs] 
1457.236: [GC [PSYoungGen: 318169K->19462K(324032K)] 684653K->394508K(1023104K), 0.0491530 secs] [Times: user=0.12 sys=0.00, real=0.05 secs] 
1457.668: [GC [PSYoungGen: 318470K->17606K(325184K)] 693516K->400368K(1024256K), 0.0433570 secs] [Times: user=0.11 sys=0.00, real=0.04 secs] 
1458.064: [GC [PSYoungGen: 318022K->13886K(324736K)] 700784K->401382K(1023808K), 0.0494690 secs] [Times: user=0.09 sys=0.00, real=0.05 secs] 
1458.465: [GC [PSYoungGen: 314302K->18523K(325440K)] 701798K->411710K(1024512K), 0.0371710 secs] [Times: user=0.12 sys=0.00, real=0.03 secs] 
1458.902: [GC [PSYoungGen: 319451K->17459K(324992K)] 712638K->419008K(1024064K), 0.0618020 secs] [Times: user=0.11 sys=0.00, real=0.07 secs] 
1459.271: [GC [PSYoungGen: 318387K->13530K(325568K)] 719936K->421193K(1024640K), 0.0516630 secs] [Times: user=0.09 sys=0.01, real=0.06 secs] 
1459.634: [GC [PSYoungGen: 315546K->17076K(325760K)] 723209K->428469K(1024832K), 0.0441970 secs] [Times: user=0.11 sys=0.00, real=0.04 secs] 
1460.017: [GC [PSYoungGen: 319092K->15933K(326592K)] 730485K->433244K(1025664K), 0.0459560 secs] [Times: user=0.10 sys=0.00, real=0.05 secs] 
1460.420: [GC [PSYoungGen: 319293K->18316K(326272K)] 736604K->440384K(1025344K), 0.0457150 secs] [Times: user=0.11 sys=0.01, real=0.05 secs] 
1460.791: [GC [PSYoungGen: 321660K->16886K(327232K)] 743728K->447945K(1026304K), 0.0441200 secs] [Times: user=0.11 sys=0.00, real=0.05 secs] 
1461.206: [GC [PSYoungGen: 321398K->18107K(326784K)] 752457K->456064K(1025856K), 0.0673850 secs] [Times: user=0.11 sys=0.01, real=0.07 secs] 
1461.694: [GC [PSYoungGen: 322619K->17259K(327872K)] 760576K->463170K(1026944K), 0.0462470 secs] [Times: user=0.11 sys=0.00, real=0.04 secs] 
1462.155: [GC [PSYoungGen: 323051K->14913K(327424K)] 768962K->465978K(1026496K), 0.0551460 secs] [Times: user=0.11 sys=0.01, real=0.05 secs] 
1462.547: [GC [PSYoungGen: 320696K->18502K(327744K)] 771761K->473193K(1026816K), 0.0489470 secs] [Times: user=0.12 sys=0.01, real=0.05 secs] 
1462.992: [GC [PSYoungGen: 324611K->16140K(327808K)] 779301K->480314K(1026880K), 0.0430590 secs] [Times: user=0.12 sys=0.00, real=0.05 secs] 
1463.482: [GC [PSYoungGen: 322252K->17275K(328448K)] 786426K->486489K(1027520K), 0.0470860 secs] [Times: user=0.11 sys=0.00, real=0.05 secs] 
1463.909: [GC [PSYoungGen: 324283K->18863K(328064K)] 793497K->493263K(1027136K), 0.0664160 secs] [Times: user=0.10 sys=0.00, real=0.07 secs] 
1464.380: [GC [PSYoungGen: 325871K->18541K(328192K)] 800271K->498105K(1027264K), 0.0605940 secs] [Times: user=0.10 sys=0.01, real=0.06 secs] 
1464.840: [GC [PSYoungGen: 325421K->20409K(327296K)] 804985K->507278K(1026368K), 0.0749050 secs] [Times: user=0.14 sys=0.00, real=0.08 secs] 
1465.188: [GC [PSYoungGen: 327289K->17882K(327872K)] 814158K->512053K(1026944K), 0.0485080 secs] [Times: user=0.11 sys=0.00, real=0.05 secs] 
1465.656: [GC [PSYoungGen: 323738K->16553K(327488K)] 817909K->518148K(1026560K), 0.0442600 secs] [Times: user=0.11 sys=0.00, real=0.04 secs] 
1466.044: [GC [PSYoungGen: 322409K->18299K(328192K)] 824004K->526182K(1027264K), 0.0613650 secs] [Times: user=0.11 sys=0.00, real=0.07 secs] 
1466.384: [GC [PSYoungGen: 324987K->16414K(328000K)] 832870K->529032K(1027072K), 0.0434940 secs] [Times: user=0.10 sys=0.01, real=0.05 secs] 
1466.885: [GC [PSYoungGen: 323102K->17649K(328640K)] 835720K->537433K(1027712K), 0.0648680 secs] [Times: user=0.12 sys=0.00, real=0.06 secs] 
1467.344: [GC [PSYoungGen: 325105K->18049K(328320K)] 844889K->544916K(1027392K), 0.0629910 secs] [Times: user=0.11 sys=0.00, real=0.07 secs] 
1467.809: [GC [PSYoungGen: 325505K->17124K(329024K)] 852372K->550084K(1028096K), 0.0413980 secs] [Times: user=0.11 sys=0.00, real=0.04 secs] 
1468.186: [GC [PSYoungGen: 325412K->18493K(328768K)] 858372K->557618K(1027840K), 0.0579520 secs] [Times: user=0.11 sys=0.01, real=0.05 secs] 
1468.696: [GC [PSYoungGen: 326781K->18557K(328832K)] 865906K->565491K(1027904K), 0.0828100 secs] [Times: user=0.12 sys=0.01, real=0.08 secs] 
1469.100: [GC [PSYoungGen: 326845K->13315K(321664K)] 873779K->566228K(1020736K), 0.0392280 secs] [Times: user=0.10 sys=0.00, real=0.04 secs] 
1469.450: [GC [PSYoungGen: 321603K->15979K(328576K)] 874516K->573113K(1027648K), 0.0409780 secs] [Times: user=0.10 sys=0.01, real=0.04 secs] 
1469.817: [GC [PSYoungGen: 323499K->18855K(326400K)] 880633K->583409K(1025472K), 0.0630400 secs] [Times: user=0.12 sys=0.00, real=0.06 secs] 
1470.271: [GC [PSYoungGen: 326367K->17505K(328640K)] 890921K->587814K(1027712K), 0.0826980 secs] [Times: user=0.11 sys=0.01, real=0.08 secs] 
1470.770: [GC [PSYoungGen: 324961K->15478K(328320K)] 895270K->590858K(1027392K), 0.0375890 secs] [Times: user=0.11 sys=0.00, real=0.04 secs] 
1471.160: [GC [PSYoungGen: 322934K->20550K(326912K)] 898314K->601106K(1025984K), 0.0765690 secs] [Times: user=0.11 sys=0.01, real=0.08 secs] 
1471.610: [GC [PSYoungGen: 326662K->20822K(326976K)] 907218K->609466K(1026048K), 0.0589070 secs] [Times: user=0.13 sys=0.00, real=0.06 secs] 
1472.005: [GC [PSYoungGen: 326934K->16873K(327296K)] 915578K->611824K(1026368K), 0.0488080 secs] [Times: user=0.12 sys=0.00, real=0.05 secs] 
1472.427: [GC [PSYoungGen: 321641K->17961K(326976K)] 916592K->618225K(1026048K), 0.0467860 secs] [Times: user=0.13 sys=0.00, real=0.04 secs] 
1472.832: [GC [PSYoungGen: 322729K->15250K(327552K)] 922993K->620454K(1026624K), 0.0390170 secs] [Times: user=0.10 sys=0.00, real=0.04 secs] 
1473.280: [GC [PSYoungGen: 320978K->15520K(327616K)] 926182K->623211K(1026688K), 0.0512750 secs] [Times: user=0.09 sys=0.00, real=0.05 secs] 
1473.621: [GC [PSYoungGen: 321248K->21751K(319808K)] 928939K->636828K(1018880K), 0.0710210 secs] [Times: user=0.14 sys=0.00, real=0.07 secs] 
1474.113: [GC [PSYoungGen: 319799K->19208K(323776K)] 934876K->644289K(1022848K), 0.0510260 secs] [Times: user=0.14 sys=0.00, real=0.05 secs] 
1474.562: [GC [PSYoungGen: 317245K->18539K(324928K)] 942327K->647922K(1024000K), 0.0354300 secs] [Times: user=0.12 sys=0.00, real=0.04 secs] 
1474.931: [GC [PSYoungGen: 318187K->15834K(324224K)] 947570K->650504K(1023296K), 0.0499660 secs] [Times: user=0.10 sys=0.00, real=0.05 secs] 
1475.361: [GC [PSYoungGen: 315482K->15009K(325120K)] 950152K->655183K(1024192K), 0.0510450 secs] [Times: user=0.11 sys=0.00, real=0.05 secs] 
1475.694: [GC [PSYoungGen: 315681K->19676K(325056K)] 955855K->666876K(1024128K), 0.0424990 secs] [Times: user=0.12 sys=0.00, real=0.05 secs] 
1476.144: [GC [PSYoungGen: 320348K->16551K(325440K)] 967548K->672403K(1024512K), 0.0653200 secs] [Times: user=0.12 sys=0.00, real=0.07 secs] 
1476.567: [GC [PSYoungGen: 317607K->16918K(325120K)] 973459K->678856K(1024192K), 0.0449390 secs] [Times: user=0.10 sys=0.01, real=0.04 secs] 
1476.943: [GC [PSYoungGen: 317974K->19359K(325888K)] 979912K->686319K(1024960K), 0.0466480 secs] [Times: user=0.12 sys=0.00, real=0.05 secs] 
1477.341: [GC [PSYoungGen: 321631K->20056K(322368K)] 988591K->694160K(1021440K), 0.0554260 secs] [Times: user=0.14 sys=0.00, real=0.06 secs] 
1477.705: [GC [PSYoungGen: 322328K->14240K(325440K)] 996432K->693386K(1024512K), 0.0471270 secs] [Times: user=0.12 sys=0.00, real=0.05 secs] 
1478.085: [GC [PSYoungGen: 315872K->18394K(325568K)] 995018K->702504K(1024640K), 0.0486230 secs] [Times: user=0.12 sys=0.01, real=0.05 secs] 
1478.440: [GC [PSYoungGen: 320026K->16685K(326336K)] 1004136K->710505K(1025408K), 0.0558450 secs] [Times: user=0.12 sys=0.00, real=0.05 secs] 
1478.496: [Full GC [PSYoungGen: 16685K->0K(326336K)] [PSOldGen: 693820K->272383K(699072K)] 710505K->272383K(1025408K) [PSPermGen: 91537K->91474K(262144K)], 1.5579850 secs] [Times: user=1.56 sys=0.00, real=1.56 secs] 
1480.536: [GC [PSYoungGen: 302784K->21085K(323904K)] 575167K->293469K(1022976K), 0.0474050 secs] [Times: user=0.10 sys=0.00, real=0.05 secs] 
1480.927: [GC [PSYoungGen: 323869K->18591K(326016K)] 596253K->298315K(1025088K), 0.0483820 secs] [Times: user=0.12 sys=0.00, real=0.04 secs] 
1481.291: [GC [PSYoungGen: 320735K->19353K(325632K)] 600459K->305964K(1024704K), 0.0614580 secs] [Times: user=0.13 sys=0.00, real=0.06 secs] 
1481.707: [GC [PSYoungGen: 321497K->17949K(326592K)] 608108K->310663K(1025664K), 0.0605760 secs] [Times: user=0.14 sys=0.00, real=0.06 secs] 
1482.155: [GC [PSYoungGen: 321181K->20507K(326144K)] 613895K->319344K(1025216K), 0.0488690 secs] [Times: user=0.11 sys=0.00, real=0.05 secs] 
1482.577: [GC [PSYoungGen: 323739K->14647K(325824K)] 622576K->320604K(1024896K), 0.0594630 secs] [Times: user=0.11 sys=0.00, real=0.06 secs] 
1482.988: [GC [PSYoungGen: 317175K->19254K(326016K)] 623132K->329953K(1025088K), 0.0630030 secs] [Times: user=0.22 sys=0.00, real=0.06 secs] 
1483.375: [GC [PSYoungGen: 321782K->14564K(325888K)] 632481K->332957K(1024960K), 0.0465920 secs] [Times: user=0.10 sys=0.00, real=0.05 secs] 
1483.747: [GC [PSYoungGen: 317092K->19192K(326016K)] 635485K->342811K(1025088K), 0.0426680 secs] [Times: user=0.11 sys=0.00, real=0.04 secs] 
1484.274: [GC [PSYoungGen: 321720K->20002K(325696K)] 645339K->352191K(1024768K), 0.0567010 secs] [Times: user=0.12 sys=0.00, real=0.06 secs] 
1484.633: [GC [PSYoungGen: 322274K->18404K(325888K)] 654463K->358894K(1024960K), 0.0495170 secs] [Times: user=0.13 sys=0.00, real=0.05 secs] 
1485.045: [GC [PSYoungGen: 320676K->18485K(326720K)] 661166K->367589K(1025792K), 0.0649340 secs] [Times: user=0.12 sys=0.01, real=0.07 secs] 
1485.473: [GC [PSYoungGen: 322037K->15364K(326336K)] 671141K->371288K(1025408K), 0.0499370 secs] [Times: user=0.10 sys=0.00, real=0.05 secs] 
1485.850: [GC [PSYoungGen: 318916K->21323K(325120K)] 674840K->380231K(1024192K), 0.0659770 secs] [Times: user=0.11 sys=0.00, real=0.06 secs] 
1486.274: [GC [PSYoungGen: 323595K->18258K(325888K)] 682503K->385037K(1024960K), 0.0464810 secs] [Times: user=0.12 sys=0.00, real=0.05 secs] 
1486.656: [GC [PSYoungGen: 320530K->19168K(326592K)] 687309K->391500K(1025664K), 0.0466090 secs] [Times: user=0.11 sys=0.01, real=0.05 secs] 
1486.996: [GC [PSYoungGen: 322720K->18399K(326464K)] 695052K->398351K(1025536K), 0.0536070 secs] [Times: user=0.12 sys=0.00, real=0.06 secs] 
1487.492: [GC [PSYoungGen: 321951K->18225K(327424K)] 701903K->402833K(1026496K), 0.0443720 secs] [Times: user=0.11 sys=0.00, real=0.04 secs] 
1487.932: [GC [PSYoungGen: 323185K->15470K(327040K)] 707793K->404357K(1026112K), 0.0427700 secs] [Times: user=0.10 sys=0.00, real=0.04 secs] 
1488.323: [GC [PSYoungGen: 320430K->17829K(327680K)] 709317K->412121K(1026752K), 0.0593040 secs] [Times: user=0.11 sys=0.00, real=0.06 secs] 
1488.773: [GC [PSYoungGen: 323301K->16761K(327296K)] 717593K->418040K(1026368K), 0.0590740 secs] [Times: user=0.11 sys=0.00, real=0.06 secs] 
1489.176: [GC [PSYoungGen: 322233K->17601K(328128K)] 723512K->427318K(1027200K), 0.0551330 secs] [Times: user=0.12 sys=0.01, real=0.06 secs] 
1489.539: [GC [PSYoungGen: 324033K->15282K(327808K)] 733750K->429686K(1026880K), 0.0393930 secs] [Times: user=0.10 sys=0.00, real=0.04 secs] 
1489.913: [GC [PSYoungGen: 321714K->17756K(328384K)] 736118K->438123K(1027456K), 0.0471540 secs] [Times: user=0.12 sys=0.01, real=0.05 secs] 
1490.286: [GC [PSYoungGen: 324700K->12002K(318976K)] 745067K->437123K(1018048K), 0.0578620 secs] [Times: user=0.10 sys=0.01, real=0.06 secs] 
1490.708: [GC [PSYoungGen: 318946K->18209K(327808K)] 744067K->447137K(1026880K), 0.0597270 secs] [Times: user=0.11 sys=0.00, real=0.05 secs] 
1491.173: [GC [PSYoungGen: 324257K->16029K(327744K)] 753185K->454075K(1026816K), 0.0559040 secs] [Times: user=0.12 sys=0.00, real=0.06 secs] 
1491.540: [GC [PSYoungGen: 322077K->17730K(328256K)] 760123K->463632K(1027328K), 0.0438470 secs] [Times: user=0.12 sys=0.00, real=0.04 secs] 
1491.930: [GC [PSYoungGen: 324546K->16003K(328064K)] 770448K->468259K(1027136K), 0.0455580 secs] [Times: user=0.11 sys=0.01, real=0.04 secs] 
1492.388: [GC [PSYoungGen: 322819K->15515K(328576K)] 775075K->472476K(1027648K), 0.0697380 secs] [Times: user=0.11 sys=0.01, real=0.07 secs] 
1492.815: [GC [PSYoungGen: 323035K->14645K(328448K)] 779996K->477343K(1027520K), 0.0455370 secs] [Times: user=0.12 sys=0.00, real=0.05 secs] 
1493.190: [GC [PSYoungGen: 322165K->16627K(329024K)] 784863K->486431K(1028096K), 0.0436340 secs] [Times: user=0.11 sys=0.00, real=0.04 secs] 
1493.660: [GC [PSYoungGen: 324787K->17266K(328640K)] 794591K->493861K(1027712K), 0.0646670 secs] [Times: user=0.11 sys=0.00, real=0.06 secs] 
1494.087: [GC [PSYoungGen: 325426K->18370K(328704K)] 802021K->499751K(1027776K), 0.0475050 secs] [Times: user=0.11 sys=0.00, real=0.05 secs] 
1494.498: [GC [PSYoungGen: 326786K->17085K(328960K)] 808167K->503799K(1028032K), 0.0462670 secs] [Times: user=0.11 sys=0.00, real=0.04 secs] 
1494.895: [GC [PSYoungGen: 325501K->17413K(329344K)] 812215K->512305K(1028416K), 0.0740050 secs] [Times: user=0.12 sys=0.00, real=0.08 secs] 
1495.339: [GC [PSYoungGen: 326469K->15065K(329216K)] 821361K->516975K(1028288K), 0.0429220 secs] [Times: user=0.10 sys=0.00, real=0.04 secs] 
1495.685: [GC [PSYoungGen: 324121K->16422K(329664K)] 826031K->523884K(1028736K), 0.0462300 secs] [Times: user=0.10 sys=0.00, real=0.05 secs] 
1496.172: [GC [PSYoungGen: 325926K->19827K(329344K)] 833388K->535625K(1028416K), 0.0556370 secs] [Times: user=0.12 sys=0.00, real=0.05 secs] 
1496.624: [GC [PSYoungGen: 329331K->20151K(316544K)] 845129K->542732K(1015616K), 0.0614880 secs] [Times: user=0.12 sys=0.00, real=0.06 secs] 
1497.059: [GC [PSYoungGen: 316535K->17441K(322944K)] 839116K->549006K(1022016K), 0.0486210 secs] [Times: user=0.13 sys=0.00, real=0.05 secs] 
1497.378: [GC [PSYoungGen: 313825K->15560K(323712K)] 845390K->550253K(1022784K), 0.0399460 secs] [Times: user=0.10 sys=0.00, real=0.05 secs] 
1497.781: [GC [PSYoungGen: 313288K->15600K(323520K)] 847981K->554365K(1022592K), 0.0547510 secs] [Times: user=0.09 sys=0.00, real=0.05 secs] 
1498.214: [GC [PSYoungGen: 313328K->20080K(323968K)] 852093K->565060K(1023040K), 0.0686760 secs] [Times: user=0.12 sys=0.00, real=0.07 secs] 
1498.610: [GC [PSYoungGen: 318512K->21858K(320320K)] 863492K->575558K(1019392K), 0.0587100 secs] [Times: user=0.14 sys=0.00, real=0.05 secs] 
1499.095: [GC [PSYoungGen: 320283K->15302K(323584K)] 873982K->576937K(1022656K), 0.0580300 secs] [Times: user=0.11 sys=0.00, real=0.06 secs] 
1499.448: [GC [PSYoungGen: 312774K->18037K(323392K)] 874409K->584241K(1022464K), 0.0456670 secs] [Times: user=0.11 sys=0.00, real=0.05 secs] 
1499.901: [GC [PSYoungGen: 315509K->17684K(324864K)] 881713K->589794K(1023936K), 0.0479870 secs] [Times: user=0.11 sys=0.00, real=0.04 secs] 
1500.286: [GC [PSYoungGen: 317332K->16199K(324288K)] 889442K->596714K(1023360K), 0.0742760 secs] [Times: user=0.12 sys=0.00, real=0.08 secs] 
1500.668: [GC [PSYoungGen: 315847K->18397K(325632K)] 896362K->607378K(1024704K), 0.0426800 secs] [Times: user=0.12 sys=0.00, real=0.05 secs] 
1501.087: [GC [PSYoungGen: 319709K->16473K(325184K)] 908690K->613871K(1024256K), 0.0471370 secs] [Times: user=0.12 sys=0.00, real=0.05 secs] 
1501.531: [GC [PSYoungGen: 317785K->15289K(326080K)] 915183K->619453K(1025152K), 0.0440040 secs] [Times: user=0.11 sys=0.00, real=0.04 secs] 
1502.033: [GC [PSYoungGen: 317817K->20148K(322688K)] 921981K->627886K(1021760K), 0.0525250 secs] [Times: user=0.12 sys=0.00, real=0.05 secs] 
1502.464: [GC [PSYoungGen: 322676K->20395K(325056K)] 930414K->633352K(1024128K), 0.0458090 secs] [Times: user=0.12 sys=0.01, real=0.05 secs] 
1502.877: [GC [PSYoungGen: 321643K->18948K(325376K)] 934600K->639733K(1024448K), 0.0861290 secs] [Times: user=0.12 sys=0.01, real=0.09 secs] 
1503.363: [GC [PSYoungGen: 320196K->18679K(326080K)] 940981K->642662K(1025152K), 0.0498410 secs] [Times: user=0.11 sys=0.00, real=0.05 secs] 
1503.763: [GC [PSYoungGen: 320951K->16487K(325696K)] 944934K->647131K(1024768K), 0.0583750 secs] [Times: user=0.12 sys=0.02, real=0.06 secs] 
1504.205: [GC [PSYoungGen: 318759K->20092K(325760K)] 949403K->659177K(1024832K), 0.0807020 secs] [Times: user=0.14 sys=0.00, real=0.08 secs] 
1504.619: [GC [PSYoungGen: 322620K->18484K(326016K)] 961705K->663796K(1025088K), 0.0493270 secs] [Times: user=0.12 sys=0.00, real=0.05 secs] 
1505.076: [GC [PSYoungGen: 321012K->20780K(325568K)] 966324K->672906K(1024640K), 0.0484610 secs] [Times: user=0.13 sys=0.00, real=0.05 secs] 
1505.403: [GC [PSYoungGen: 323308K->20616K(323200K)] 975434K->677697K(1022272K), 0.0631160 secs] [Times: user=0.12 sys=0.01, real=0.06 secs] 
1505.789: [GC [PSYoungGen: 323144K->16079K(325824K)] 980225K->679607K(1024896K), 0.0555910 secs] [Times: user=0.11 sys=0.01, real=0.06 secs] 
1506.227: [GC [PSYoungGen: 318159K->16222K(325760K)] 981687K->684485K(1024832K), 0.0406830 secs] [Times: user=0.10 sys=0.00, real=0.04 secs] 
1506.633: [GC [PSYoungGen: 318302K->14871K(325824K)] 986565K->688955K(1024896K), 0.0520010 secs] [Times: user=0.10 sys=0.00, real=0.05 secs] 
1507.051: [GC [PSYoungGen: 317143K->18633K(325888K)] 991227K->697998K(1024960K), 0.0439540 secs] [Times: user=0.11 sys=0.00, real=0.04 secs] 
1507.439: [GC [PSYoungGen: 320905K->18316K(326592K)] 1000270K->706326K(1025664K), 0.0944660 secs] [Times: user=0.12 sys=0.02, real=0.10 secs] 
1507.831: [GC [PSYoungGen: 321612K->14989K(326208K)] 1009622K->711810K(1025280K), 0.0516440 secs] [Times: user=0.13 sys=0.00, real=0.06 secs] 
1507.882: [Full GC [PSYoungGen: 14989K->0K(326208K)] [PSOldGen: 696821K->304291K(699072K)] 711810K->304291K(1025280K) [PSPermGen: 91492K->91492K(262144K)], 1.5120860 secs] [Times: user=1.51 sys=0.01, real=1.51 secs] 
1509.740: [GC [PSYoungGen: 303286K->20490K(325568K)] 607577K->324781K(1024640K), 0.0404580 secs] [Times: user=0.10 sys=0.01, real=0.04 secs] 
1510.185: [GC [PSYoungGen: 323146K->17659K(326080K)] 627437K->333158K(1025152K), 0.0686890 secs] [Times: user=0.13 sys=0.00, real=0.07 secs] 
1510.651: [GC [PSYoungGen: 320315K->15444K(326592K)] 635814K->338938K(1025664K), 0.0496010 secs] [Times: user=0.11 sys=0.00, real=0.05 secs] 
1511.121: [GC [PSYoungGen: 319060K->17885K(326528K)] 642554K->346596K(1025600K), 0.0721730 secs] [Times: user=0.11 sys=0.00, real=0.08 secs] 
1511.511: [GC [PSYoungGen: 321501K->16690K(327360K)] 650212K->351399K(1026432K), 0.0468490 secs] [Times: user=0.11 sys=0.00, real=0.05 secs] 
1511.907: [GC [PSYoungGen: 321586K->15261K(327040K)] 656295K->355051K(1026112K), 0.0453640 secs] [Times: user=0.11 sys=0.01, real=0.05 secs] 
1512.344: [GC [PSYoungGen: 320157K->19166K(327040K)] 659947K->365135K(1026112K), 0.0647050 secs] [Times: user=0.12 sys=0.00, real=0.06 secs] 
1512.803: [GC [PSYoungGen: 324126K->20952K(325952K)] 670095K->374094K(1025024K), 0.0485150 secs] [Times: user=0.13 sys=0.00, real=0.05 secs] 
1513.296: [GC [PSYoungGen: 325912K->16096K(326656K)] 679054K->376345K(1025728K), 0.0602660 secs] [Times: user=0.11 sys=0.00, real=0.06 secs] 
1513.706: [GC [PSYoungGen: 319648K->15908K(326400K)] 679897K->382026K(1025472K), 0.0853890 secs] [Times: user=0.10 sys=0.00, real=0.09 secs] 
1514.103: [GC [PSYoungGen: 319460K->20500K(325696K)] 685578K->393559K(1024768K), 0.0761150 secs] [Times: user=0.13 sys=0.00, real=0.07 secs] 
1514.526: [GC [PSYoungGen: 323540K->17396K(326272K)] 696599K->399056K(1025344K), 0.0599930 secs] [Times: user=0.12 sys=0.00, real=0.06 secs] 
1514.895: [GC [PSYoungGen: 320436K->16475K(326976K)] 702096K->404195K(1026048K), 0.0409680 secs] [Times: user=0.10 sys=0.00, real=0.04 secs] 
1515.281: [GC [PSYoungGen: 320667K->21023K(325248K)] 708387K->415027K(1024320K), 0.0579130 secs] [Times: user=0.12 sys=0.00, real=0.05 secs] 
1515.652: [GC [PSYoungGen: 325215K->19465K(326208K)] 719219K->420483K(1025280K), 0.0463820 secs] [Times: user=0.13 sys=0.00, real=0.04 secs] 
1516.033: [GC [PSYoungGen: 322377K->13133K(316096K)] 723395K->420837K(1015168K), 0.0440710 secs] [Times: user=0.11 sys=0.00, real=0.04 secs] 
1516.464: [GC [PSYoungGen: 316045K->16735K(326336K)] 723749K->428564K(1025408K), 0.0416440 secs] [Times: user=0.11 sys=0.00, real=0.04 secs] 
1516.853: [GC [PSYoungGen: 319455K->13586K(325888K)] 731284K->431619K(1024960K), 0.0365110 secs] [Times: user=0.11 sys=0.00, real=0.03 secs] 
1517.226: [GC [PSYoungGen: 316306K->21096K(324544K)] 734339K->445131K(1023616K), 0.0503530 secs] [Times: user=0.12 sys=0.00, real=0.05 secs] 
1517.648: [GC [PSYoungGen: 322344K->19808K(321088K)] 746379K->453699K(1020160K), 0.0633230 secs] [Times: user=0.14 sys=0.00, real=0.06 secs] 
1518.076: [GC [PSYoungGen: 321056K->16276K(325568K)] 754947K->454086K(1024640K), 0.0457760 secs] [Times: user=0.10 sys=0.00, real=0.04 secs] 
1518.471: [GC [PSYoungGen: 317524K->14531K(325184K)] 755334K->457975K(1024256K), 0.0427260 secs] [Times: user=0.10 sys=0.01, real=0.05 secs] 
1518.820: [GC [PSYoungGen: 315769K->17309K(326336K)] 759213K->467077K(1025408K), 0.0466390 secs] [Times: user=0.12 sys=0.00, real=0.05 secs] 
1519.236: [GC [PSYoungGen: 319837K->16156K(325696K)] 769605K->472983K(1024768K), 0.0496430 secs] [Times: user=0.12 sys=0.00, real=0.05 secs] 
1519.724: [GC [PSYoungGen: 318684K->21154K(324928K)] 775511K->484574K(1024000K), 0.0498470 secs] [Times: user=0.12 sys=0.00, real=0.05 secs] 
1520.141: [GC [PSYoungGen: 323298K->20728K(322880K)] 786718K->493770K(1021952K), 0.0791400 secs] [Times: user=0.14 sys=0.01, real=0.08 secs] 
1520.541: [GC [PSYoungGen: 322872K->14152K(325248K)] 795914K->492706K(1024320K), 0.0429450 secs] [Times: user=0.10 sys=0.00, real=0.05 secs] 
1520.950: [GC [PSYoungGen: 315144K->17418K(325248K)] 793698K->501867K(1024320K), 0.0549190 secs] [Times: user=0.11 sys=0.00, real=0.06 secs] 
1521.392: [GC [PSYoungGen: 318410K->15481K(326144K)] 802859K->508225K(1025216K), 0.0433670 secs] [Times: user=0.12 sys=0.00, real=0.04 secs] 
1521.826: [GC [PSYoungGen: 318009K->14683K(325888K)] 810753K->512774K(1024960K), 0.0601470 secs] [Times: user=0.10 sys=0.00, real=0.06 secs] 
1522.234: [GC [PSYoungGen: 317211K->19729K(325632K)] 815302K->525363K(1024704K), 0.0889220 secs] [Times: user=0.12 sys=0.00, real=0.09 secs] 
1522.612: [GC [PSYoungGen: 322129K->19567K(321984K)] 827763K->533680K(1021056K), 0.0731480 secs] [Times: user=0.13 sys=0.00, real=0.07 secs] 
1523.084: [GC [PSYoungGen: 321967K->20096K(325056K)] 836080K->540977K(1024128K), 0.0550610 secs] [Times: user=0.12 sys=0.00, real=0.05 secs] 
1523.468: [GC [PSYoungGen: 321344K->19189K(325376K)] 842225K->547993K(1024448K), 0.0607300 secs] [Times: user=0.12 sys=0.00, real=0.06 secs] 
1524.765: [GC [PSYoungGen: 320437K->16836K(325952K)] 849241K->552032K(1025024K), 0.0551940 secs] [Times: user=0.12 sys=0.02, real=0.05 secs] 
1525.161: [GC [PSYoungGen: 318788K->22024K(324032K)] 853984K->563292K(1023104K), 0.0928050 secs] [Times: user=0.13 sys=0.00, real=0.10 secs] 
1525.554: [GC [PSYoungGen: 323976K->20186K(324800K)] 865244K->568459K(1023872K), 0.0471420 secs] [Times: user=0.13 sys=0.00, real=0.04 secs] 
1526.009: [GC [PSYoungGen: 320410K->16924K(324864K)] 868683K->570517K(1023936K), 0.0704200 secs] [Times: user=0.12 sys=0.00, real=0.07 secs] 
1526.456: [GC [PSYoungGen: 317148K->16045K(325440K)] 870741K->575096K(1024512K), 0.0561690 secs] [Times: user=0.11 sys=0.00, real=0.05 secs] 
1526.796: [GC [PSYoungGen: 317151K->19024K(325184K)] 876202K->584644K(1024256K), 0.0450490 secs] [Times: user=0.12 sys=0.00, real=0.04 secs] 
1527.303: [GC [PSYoungGen: 320144K->17959K(326208K)] 885764K->590458K(1025280K), 0.0466300 secs] [Times: user=0.11 sys=0.00, real=0.04 secs] 
1527.690: [GC [PSYoungGen: 320359K->16138K(325696K)] 892858K->594913K(1024768K), 0.0522700 secs] [Times: user=0.11 sys=0.00, real=0.05 secs] 
1528.040: [GC [PSYoungGen: 318538K->18952K(326528K)] 897313K->602809K(1025600K), 0.0450530 secs] [Times: user=0.12 sys=0.00, real=0.05 secs] 
1528.453: [GC [PSYoungGen: 322376K->16179K(326400K)] 906233K->606903K(1025472K), 0.0420370 secs] [Times: user=0.12 sys=0.00, real=0.04 secs] 
1528.809: [GC [PSYoungGen: 319603K->19917K(326080K)] 910327K->616907K(1025152K), 0.0519970 secs] [Times: user=0.14 sys=0.00, real=0.05 secs] 
1529.309: [GC [PSYoungGen: 323213K->17222K(326400K)] 920203K->621557K(1025472K), 0.0603050 secs] [Times: user=0.11 sys=0.01, real=0.06 secs] 
1529.733: [GC [PSYoungGen: 320518K->15851K(326912K)] 924853K->626995K(1025984K), 0.0497900 secs] [Times: user=0.11 sys=0.00, real=0.05 secs] 
1530.105: [GC [PSYoungGen: 320043K->16858K(326784K)] 931187K->632303K(1025856K), 0.0507210 secs] [Times: user=0.11 sys=0.00, real=0.05 secs] 
1530.540: [GC [PSYoungGen: 321050K->18616K(327296K)] 936495K->640801K(1026368K), 0.0676610 secs] [Times: user=0.13 sys=0.01, real=0.07 secs] 
1530.917: [GC [PSYoungGen: 323640K->18208K(327232K)] 945825K->646111K(1026304K), 0.0386860 secs] [Times: user=0.12 sys=0.00, real=0.04 secs] 
1531.257: [GC [PSYoungGen: 323232K->19784K(326976K)] 951135K->654897K(1026048K), 0.0519510 secs] [Times: user=0.13 sys=0.00, real=0.05 secs] 
1531.705: [GC [PSYoungGen: 324872K->12911K(318016K)] 959985K->654187K(1017088K), 0.0497320 secs] [Times: user=0.09 sys=0.01, real=0.05 secs] 
1532.212: [GC [PSYoungGen: 317999K->16959K(327232K)] 959275K->661217K(1026304K), 0.0613580 secs] [Times: user=0.10 sys=0.00, real=0.06 secs] 
1532.679: [GC [PSYoungGen: 321535K->20856K(325440K)] 965793K->673545K(1024512K), 0.0768310 secs] [Times: user=0.13 sys=0.00, real=0.08 secs] 
1533.142: [GC [PSYoungGen: 325432K->16189K(326720K)] 978121K->678026K(1025792K), 0.0835050 secs] [Times: user=0.12 sys=0.01, real=0.09 secs] 
1533.567: [GC [PSYoungGen: 319869K->21818K(325504K)] 981706K->687234K(1024576K), 0.0535500 secs] [Times: user=0.12 sys=0.00, real=0.05 secs] 
1533.951: [GC [PSYoungGen: 325498K->17153K(326080K)] 990914K->689825K(1025152K), 0.0581350 secs] [Times: user=0.12 sys=0.00, real=0.06 secs] 
1534.439: [GC [PSYoungGen: 319425K->14909K(325696K)] 992097K->693763K(1024768K), 0.0628460 secs] [Times: user=0.10 sys=0.00, real=0.06 secs] 
1534.917: [GC [PSYoungGen: 317181K->16751K(326528K)] 996035K->703040K(1025600K), 0.0631470 secs] [Times: user=0.11 sys=0.00, real=0.06 secs] 
1535.299: [GC [PSYoungGen: 319910K->18718K(326144K)] 1006198K->713081K(1025216K), 0.0625130 secs] [Times: user=0.14 sys=0.00, real=0.06 secs] 
1535.361: [Full GC [PSYoungGen: 18718K->0K(326144K)] [PSOldGen: 694362K->311864K(699072K)] 713081K->311864K(1025216K) [PSPermGen: 91505K->91505K(262144K)], 1.5179770 secs] [Times: user=1.51 sys=0.00, real=1.52 secs] 
1537.230: [GC [PSYoungGen: 303168K->21877K(324608K)] 615032K->333742K(1023680K), 0.0562180 secs] [Times: user=0.10 sys=0.00, real=0.06 secs] 
1537.611: [GC [PSYoungGen: 323637K->19431K(325632K)] 635502K->339810K(1024704K), 0.0609740 secs] [Times: user=0.14 sys=0.01, real=0.06 secs] 
1538.122: [GC [PSYoungGen: 321191K->19180K(325888K)] 641570K->345710K(1024960K), 0.0463190 secs] [Times: user=0.13 sys=0.00, real=0.05 secs] 
1538.581: [GC [PSYoungGen: 321260K->18127K(325696K)] 647790K->351958K(1024768K), 0.0796210 secs] [Times: user=0.11 sys=0.00, real=0.08 secs] 
1538.970: [GC [PSYoungGen: 320207K->18093K(326848K)] 654038K->356943K(1025920K), 0.0485030 secs] [Times: user=0.10 sys=0.00, real=0.05 secs] 
1539.428: [GC [PSYoungGen: 321830K->17568K(326400K)] 660680K->362673K(1025472K), 0.0557410 secs] [Times: user=0.11 sys=0.00, real=0.05 secs] 
1539.788: [GC [PSYoungGen: 321312K->20959K(325888K)] 666417K->373184K(1024960K), 0.0449340 secs] [Times: user=0.12 sys=0.01, real=0.04 secs] 
1540.206: [GC [PSYoungGen: 324511K->18737K(326528K)] 676736K->378223K(1025600K), 0.0683500 secs] [Times: user=0.12 sys=0.00, real=0.07 secs] 
1540.591: [GC [PSYoungGen: 322289K->17260K(327104K)] 681775K->382177K(1026176K), 0.0547400 secs] [Times: user=0.11 sys=0.00, real=0.06 secs] 
1540.983: [GC [PSYoungGen: 321772K->20906K(325440K)] 686689K->391674K(1024512K), 0.0643860 secs] [Times: user=0.13 sys=0.00, real=0.07 secs] 
1541.418: [GC [PSYoungGen: 325418K->14374K(326016K)] 696186K->392322K(1025088K), 0.0328990 secs] [Times: user=0.10 sys=0.00, real=0.03 secs] 
1541.854: [GC [PSYoungGen: 317414K->18755K(326272K)] 695362K->403042K(1025344K), 0.0453590 secs] [Times: user=0.11 sys=0.00, real=0.05 secs] 
1542.273: [GC [PSYoungGen: 321795K->14383K(326144K)] 706082K->407128K(1025216K), 0.0471310 secs] [Times: user=0.11 sys=0.01, real=0.05 secs] 
1542.637: [GC [PSYoungGen: 317551K->16696K(326336K)] 710296K->414530K(1025408K), 0.0433070 secs] [Times: user=0.10 sys=0.00, real=0.04 secs] 
1542.970: [GC [PSYoungGen: 319864K->17078K(327040K)] 717698K->420673K(1026112K), 0.0606200 secs] [Times: user=0.11 sys=0.00, real=0.06 secs] 
1543.353: [GC [PSYoungGen: 321270K->15955K(326656K)] 724865K->425729K(1025728K), 0.0350880 secs] [Times: user=0.10 sys=0.00, real=0.04 secs] 
1543.731: [GC [PSYoungGen: 320147K->17467K(327680K)] 729921K->433444K(1026752K), 0.0871530 secs] [Times: user=0.12 sys=0.00, real=0.09 secs] 
1544.138: [GC [PSYoungGen: 322875K->17044K(327232K)] 738852K->439403K(1026304K), 0.0440070 secs] [Times: user=0.12 sys=0.00, real=0.04 secs] 
1544.600: [GC [PSYoungGen: 322452K->12010K(327040K)] 744811K->441788K(1026112K), 0.0403730 secs] [Times: user=0.10 sys=0.00, real=0.04 secs] 
1544.996: [GC [PSYoungGen: 317610K->16168K(327552K)] 747388K->451330K(1026624K), 0.0353550 secs] [Times: user=0.10 sys=0.00, real=0.04 secs] 
1545.388: [GC [PSYoungGen: 321763K->18091K(327936K)] 756925K->462321K(1027008K), 0.0406870 secs] [Times: user=0.13 sys=0.00, real=0.04 secs] 
1545.882: [GC [PSYoungGen: 324395K->18098K(327872K)] 768625K->470523K(1026944K), 0.0583760 secs] [Times: user=0.12 sys=0.00, real=0.06 secs] 
1546.315: [GC [PSYoungGen: 324402K->13881K(327808K)] 776827K->473352K(1026880K), 0.0780900 secs] [Times: user=0.11 sys=0.00, real=0.08 secs] 
1546.893: [GC [PSYoungGen: 320120K->19644K(325888K)] 779591K->483601K(1024960K), 0.0530230 secs] [Times: user=0.11 sys=0.00, real=0.05 secs] 
1547.314: [GC [PSYoungGen: 325884K->17212K(327744K)] 789841K->489678K(1026816K), 0.0446710 secs] [Times: user=0.12 sys=0.00, real=0.05 secs] 
1547.749: [GC [PSYoungGen: 322748K->19308K(327296K)] 795214K->498683K(1026368K), 0.0572780 secs] [Times: user=0.12 sys=0.00, real=0.06 secs] 
1548.132: [GC [PSYoungGen: 324844K->20192K(326208K)] 804219K->508676K(1025280K), 0.0633260 secs] [Times: user=0.13 sys=0.00, real=0.06 secs] 
1548.536: [GC [PSYoungGen: 324256K->16309K(326784K)] 812740K->510318K(1025856K), 0.0541780 secs] [Times: user=0.11 sys=0.00, real=0.06 secs] 
1548.899: [GC [PSYoungGen: 320373K->22269K(324480K)] 814382K->520114K(1023552K), 0.0570580 secs] [Times: user=0.12 sys=0.00, real=0.06 secs] 
1549.376: [GC [PSYoungGen: 324285K->13428K(315456K)] 822130K->520455K(1014528K), 0.0398030 secs] [Times: user=0.11 sys=0.00, real=0.04 secs] 
1549.804: [GC [PSYoungGen: 315444K->19349K(325568K)] 822471K->531883K(1024640K), 0.0639170 secs] [Times: user=0.12 sys=0.00, real=0.07 secs] 
1550.190: [GC [PSYoungGen: 320981K->13775K(315456K)] 833515K->533979K(1014528K), 0.0560550 secs] [Times: user=0.10 sys=0.01, real=0.05 secs] 
1550.641: [GC [PSYoungGen: 315407K->18051K(325888K)] 835611K->543483K(1024960K), 0.0838800 secs] [Times: user=0.11 sys=0.00, real=0.08 secs] 
1551.075: [GC [PSYoungGen: 319939K->21451K(323392K)] 845371K->554856K(1022464K), 0.0535120 secs] [Times: user=0.13 sys=0.00, real=0.06 secs] 
1551.499: [GC [PSYoungGen: 323339K->16569K(325440K)] 856744K->557500K(1024512K), 0.0493500 secs] [Times: user=0.12 sys=0.00, real=0.05 secs] 
1551.918: [GC [PSYoungGen: 317497K->15868K(324992K)] 858428K->559828K(1024064K), 0.0402900 secs] [Times: user=0.10 sys=0.00, real=0.04 secs] 
1552.321: [GC [PSYoungGen: 316796K->18421K(326080K)] 860756K->568703K(1025152K), 0.0559350 secs] [Times: user=0.12 sys=0.00, real=0.05 secs] 
1552.798: [GC [PSYoungGen: 320821K->16598K(325824K)] 871103K->575895K(1024896K), 0.0510490 secs] [Times: user=0.12 sys=0.00, real=0.05 secs] 
1553.208: [GC [PSYoungGen: 318998K->19267K(326336K)] 878295K->583506K(1025408K), 0.0921980 secs] [Times: user=0.13 sys=0.00, real=0.09 secs] 
1553.598: [GC [PSYoungGen: 322563K->14907K(326400K)] 886802K->584755K(1025472K), 0.0439010 secs] [Times: user=0.11 sys=0.00, real=0.04 secs] 
1553.988: [GC [PSYoungGen: 318203K->22055K(324160K)] 888051K->597352K(1023232K), 0.0474400 secs] [Times: user=0.13 sys=0.00, real=0.04 secs] 
1554.416: [GC [PSYoungGen: 323175K->15542K(325312K)] 898472K->600976K(1024384K), 0.0387790 secs] [Times: user=0.13 sys=0.00, real=0.04 secs] 
1554.802: [GC [PSYoungGen: 316662K->14479K(325632K)] 902096K->606812K(1024704K), 0.0677750 secs] [Times: user=0.14 sys=0.01, real=0.07 secs] 
1555.263: [GC [PSYoungGen: 316111K->17268K(325504K)] 908444K->616103K(1024576K), 0.0460470 secs] [Times: user=0.12 sys=0.01, real=0.05 secs] 
1555.593: [GC [PSYoungGen: 318900K->21470K(324352K)] 917735K->627012K(1023424K), 0.0425040 secs] [Times: user=0.14 sys=0.00, real=0.04 secs] 
1556.030: [GC [PSYoungGen: 322590K->15957K(325312K)] 928132K->631297K(1024384K), 0.0447110 secs] [Times: user=0.12 sys=0.00, real=0.04 secs] 
1556.460: [GC [PSYoungGen: 317077K->18801K(325824K)] 932417K->640232K(1024896K), 0.0658220 secs] [Times: user=0.12 sys=0.00, real=0.06 secs] 
1556.853: [GC [PSYoungGen: 320817K->16850K(325696K)] 942248K->642033K(1024768K), 0.0358500 secs] [Times: user=0.10 sys=0.00, real=0.04 secs] 
1557.219: [GC [PSYoungGen: 318866K->20208K(325504K)] 944049K->653339K(1024576K), 0.0748100 secs] [Times: user=0.13 sys=0.00, real=0.07 secs] 
1557.666: [GC [PSYoungGen: 322480K->18271K(325888K)] 955611K->659198K(1024960K), 0.0593790 secs] [Times: user=0.13 sys=0.00, real=0.06 secs] 
1558.049: [GC [PSYoungGen: 320543K->18834K(326464K)] 961470K->663111K(1025536K), 0.0442570 secs] [Times: user=0.11 sys=0.00, real=0.04 secs] 
1558.426: [GC [PSYoungGen: 322066K->14641K(326272K)] 966343K->667857K(1025344K), 0.0433520 secs] [Times: user=0.11 sys=0.00, real=0.05 secs] 
1558.810: [GC [PSYoungGen: 317857K->16364K(326720K)] 971073K->674620K(1025792K), 0.0453630 secs] [Times: user=0.11 sys=0.00, real=0.04 secs] 
1559.246: [GC [PSYoungGen: 319980K->16301K(326400K)] 978236K->680296K(1025472K), 0.0415800 secs] [Times: user=0.11 sys=0.00, real=0.04 secs] 
1559.612: [GC [PSYoungGen: 319917K->19283K(326656K)] 983912K->690069K(1025728K), 0.0553460 secs] [Times: user=0.13 sys=0.00, real=0.05 secs] 
1559.991: [GC [PSYoungGen: 323475K->18027K(326848K)] 994261K->694858K(1025920K), 0.0520650 secs] [Times: user=0.11 sys=0.00, real=0.05 secs] 
1560.389: [GC [PSYoungGen: 322219K->16539K(327488K)] 999050K->699598K(1026560K), 0.0408950 secs] [Times: user=0.11 sys=0.00, real=0.04 secs] 
1560.800: [GC [PSYoungGen: 321691K->17056K(327168K)] 1004750K->706928K(1026240K), 0.0682330 secs] [Times: user=0.11 sys=0.00, real=0.06 secs] 
1560.868: [Full GC [PSYoungGen: 17056K->0K(327168K)] [PSOldGen: 689872K->306745K(699072K)] 706928K->306745K(1026240K) [PSPermGen: 91523K->91523K(262144K)], 1.5109390 secs] [Times: user=1.51 sys=0.00, real=1.52 secs] 
1562.686: [GC [PSYoungGen: 305152K->21684K(324224K)] 611897K->330232K(1023296K), 0.0447190 secs] [Times: user=0.12 sys=0.01, real=0.05 secs] 
1563.075: [GC [PSYoungGen: 324212K->15572K(326016K)] 632760K->333324K(1025088K), 0.0438790 secs] [Times: user=0.11 sys=0.00, real=0.04 secs] 
1563.468: [GC [PSYoungGen: 318100K->14210K(326016K)] 635852K->337167K(1025088K), 0.0404230 secs] [Times: user=0.10 sys=0.00, real=0.04 secs] 
1563.851: [GC [PSYoungGen: 316866K->14271K(326080K)] 639823K->342898K(1025152K), 0.0327620 secs] [Times: user=0.09 sys=0.00, real=0.03 secs] 
1564.205: [GC [PSYoungGen: 316927K->16947K(326720K)] 645554K->352347K(1025792K), 0.0416640 secs] [Times: user=0.11 sys=0.00, real=0.04 secs] 
1564.596: [GC [PSYoungGen: 320307K->18185K(326144K)] 655707K->360815K(1025216K), 0.0398160 secs] [Times: user=0.12 sys=0.00, real=0.04 secs] 
1564.963: [GC [PSYoungGen: 321545K->17682K(327232K)] 664175K->367586K(1026304K), 0.0569760 secs] [Times: user=0.11 sys=0.00, real=0.06 secs] 
1565.302: [GC [PSYoungGen: 322322K->18777K(326912K)] 672226K->375960K(1025984K), 0.0588950 secs] [Times: user=0.12 sys=0.01, real=0.06 secs] 
1565.686: [GC [PSYoungGen: 323417K->20499K(325888K)] 680600K->384877K(1024960K), 0.0500380 secs] [Times: user=0.13 sys=0.00, real=0.05 secs] 
1566.108: [GC [PSYoungGen: 324051K->16709K(326528K)] 688429K->389331K(1025600K), 0.0437670 secs] [Times: user=0.12 sys=0.00, real=0.05 secs] 
1566.479: [GC [PSYoungGen: 320261K->14886K(326912K)] 692883K->395419K(1025984K), 0.0578660 secs] [Times: user=0.11 sys=0.00, real=0.06 secs] 
1566.859: [GC [PSYoungGen: 319206K->20035K(324416K)] 699739K->403817K(1023488K), 0.0434120 secs] [Times: user=0.11 sys=0.01, real=0.05 secs] 
1567.196: [GC [PSYoungGen: 324355K->17054K(326912K)] 708137K->409142K(1025984K), 0.0512390 secs] [Times: user=0.12 sys=0.00, real=0.05 secs] 
1567.662: [GC [PSYoungGen: 320926K->16187K(326464K)] 713014K->413682K(1025536K), 0.0455060 secs] [Times: user=0.11 sys=0.00, real=0.04 secs] 
1568.078: [GC [PSYoungGen: 320052K->19087K(326912K)] 717547K->422877K(1025984K), 0.0450330 secs] [Times: user=0.11 sys=0.00, real=0.05 secs] 
1568.467: [GC [PSYoungGen: 323663K->14681K(327040K)] 727453K->423308K(1026112K), 0.0610440 secs] [Times: user=0.10 sys=0.00, real=0.06 secs] 
1568.898: [GC [PSYoungGen: 319257K->17757K(327360K)] 727884K->432408K(1026432K), 0.0590960 secs] [Times: user=0.12 sys=0.00, real=0.06 secs] 
1569.300: [GC [PSYoungGen: 322653K->21335K(326272K)] 737304K->442590K(1025344K), 0.0555910 secs] [Times: user=0.13 sys=0.01, real=0.05 secs] 
1569.729: [GC [PSYoungGen: 326227K->15600K(326528K)] 747482K->446145K(1025600K), 0.0407260 secs] [Times: user=0.12 sys=0.00, real=0.04 secs] 
1570.108: [GC [PSYoungGen: 318960K->16178K(326336K)] 749505K->452242K(1025408K), 0.0466170 secs] [Times: user=0.11 sys=0.00, real=0.05 secs] 
1570.502: [GC [PSYoungGen: 319538K->17237K(327360K)] 755602K->458139K(1026432K), 0.0485640 secs] [Times: user=0.11 sys=0.00, real=0.04 secs] 
1570.849: [GC [PSYoungGen: 321941K->18217K(326848K)] 762843K->464188K(1025920K), 0.0548540 secs] [Times: user=0.11 sys=0.00, real=0.06 secs] 
1571.234: [GC [PSYoungGen: 322918K->14091K(327232K)] 768888K->469034K(1026304K), 0.0416700 secs] [Times: user=0.11 sys=0.00, real=0.04 secs] 
1571.610: [GC [PSYoungGen: 319307K->16219K(327360K)] 774250K->477085K(1026432K), 0.0564670 secs] [Times: user=0.11 sys=0.00, real=0.05 secs] 
1572.019: [GC [PSYoungGen: 321435K->20186K(326336K)] 782301K->487616K(1025408K), 0.0542750 secs] [Times: user=0.13 sys=0.01, real=0.06 secs] 
1572.417: [GC [PSYoungGen: 324762K->19463K(324096K)] 792192K->494214K(1023168K), 0.0553990 secs] [Times: user=0.14 sys=0.00, real=0.06 secs] 
1572.784: [GC [PSYoungGen: 324039K->19401K(326400K)] 798790K->502156K(1025472K), 0.0497890 secs] [Times: user=0.12 sys=0.00, real=0.05 secs] 
1573.305: [GC [PSYoungGen: 323081K->18205K(326592K)] 805836K->510655K(1025664K), 0.0460290 secs] [Times: user=0.12 sys=0.01, real=0.05 secs] 
1573.813: [GC [PSYoungGen: 321885K->22535K(324352K)] 814335K->519731K(1023424K), 0.0697320 secs] [Times: user=0.12 sys=0.01, real=0.07 secs] 
1574.197: [GC [PSYoungGen: 324295K->13425K(315200K)] 821491K->517419K(1014272K), 0.0374450 secs] [Times: user=0.10 sys=0.00, real=0.04 secs] 
1574.604: [GC [PSYoungGen: 315185K->22016K(323584K)] 819179K->533301K(1022656K), 0.0726330 secs] [Times: user=0.13 sys=0.00, real=0.07 secs] 
1574.959: [GC [PSYoungGen: 321470K->17810K(324480K)] 832755K->535617K(1023552K), 0.0499810 secs] [Times: user=0.13 sys=0.00, real=0.05 secs] 
1575.410: [GC [PSYoungGen: 317266K->22376K(323264K)] 835073K->546027K(1022336K), 0.0817710 secs] [Times: user=0.12 sys=0.00, real=0.09 secs] 
1575.776: [GC [PSYoungGen: 321192K->18144K(324160K)] 844843K->550041K(1023232K), 0.0566120 secs] [Times: user=0.13 sys=0.00, real=0.06 secs] 
1576.195: [GC [PSYoungGen: 316960K->19505K(324992K)] 848857K->555964K(1024064K), 0.0680710 secs] [Times: user=0.12 sys=0.01, real=0.07 secs] 
1576.619: [GC [PSYoungGen: 319729K->17906K(324736K)] 856188K->560005K(1023808K), 0.0450490 secs] [Times: user=0.12 sys=0.00, real=0.05 secs] 
1577.160: [GC [PSYoungGen: 318130K->17660K(325824K)] 860229K->566080K(1024896K), 0.0526010 secs] [Times: user=0.11 sys=0.00, real=0.06 secs] 
1577.628: [GC [PSYoungGen: 319420K->18451K(325440K)] 867840K->573402K(1024512K), 0.0470690 secs] [Times: user=0.11 sys=0.00, real=0.05 secs] 
1577.982: [GC [PSYoungGen: 320211K->17196K(326592K)] 875162K->578455K(1025664K), 0.0572100 secs] [Times: user=0.12 sys=0.00, real=0.05 secs] 
1578.466: [GC [PSYoungGen: 320620K->17018K(326336K)] 881879K->583523K(1025408K), 0.0367500 secs] [Times: user=0.12 sys=0.00, real=0.04 secs] 
1578.840: [GC [PSYoungGen: 320442K->17561K(327168K)] 886947K->589311K(1026240K), 0.0540970 secs] [Times: user=0.12 sys=0.00, real=0.06 secs] 
1579.229: [GC [PSYoungGen: 322073K->16764K(326848K)] 893823K->597474K(1025920K), 0.0493800 secs] [Times: user=0.13 sys=0.00, real=0.05 secs] 
1579.596: [GC [PSYoungGen: 321276K->17605K(327680K)] 901986K->601812K(1026752K), 0.0506160 secs] [Times: user=0.11 sys=0.00, real=0.05 secs] 
1580.005: [GC [PSYoungGen: 323141K->19635K(327360K)] 907348K->608905K(1026432K), 0.0512280 secs] [Times: user=0.12 sys=0.00, real=0.05 secs] 
1580.410: [GC [PSYoungGen: 325171K->16588K(327552K)] 914441K->611286K(1026624K), 0.0502180 secs] [Times: user=0.11 sys=0.00, real=0.05 secs] 
1580.861: [GC [PSYoungGen: 322060K->21114K(326592K)] 916758K->621396K(1025664K), 0.0641070 secs] [Times: user=0.12 sys=0.01, real=0.07 secs] 
1581.356: [GC [PSYoungGen: 326586K->14205K(326272K)] 926868K->621110K(1025344K), 0.0599420 secs] [Times: user=0.10 sys=0.00, real=0.06 secs] 
1581.730: [GC [PSYoungGen: 317757K->20879K(324480K)] 924662K->630297K(1023552K), 0.0465090 secs] [Times: user=0.12 sys=0.00, real=0.05 secs] 
1582.199: [GC [PSYoungGen: 324431K->17546K(326400K)] 933849K->635057K(1025472K), 0.0795290 secs] [Times: user=0.13 sys=0.00, real=0.08 secs] 
1582.705: [GC [PSYoungGen: 320394K->14711K(325952K)] 937905K->637553K(1025024K), 0.0429630 secs] [Times: user=0.11 sys=0.00, real=0.04 secs] 
1583.102: [GC [PSYoungGen: 317559K->17279K(326720K)] 940401K->646634K(1025792K), 0.0458440 secs] [Times: user=0.11 sys=0.00, real=0.04 secs] 
1583.475: [GC [PSYoungGen: 320767K->16955K(326272K)] 950122K->652247K(1025344K), 0.0641960 secs] [Times: user=0.11 sys=0.00, real=0.06 secs] 
1583.905: [GC [PSYoungGen: 320443K->17582K(327552K)] 955735K->658810K(1026624K), 0.0764220 secs] [Times: user=0.12 sys=0.00, real=0.07 secs] 
1584.306: [GC [PSYoungGen: 322734K->19297K(327104K)] 963962K->665741K(1026176K), 0.0521540 secs] [Times: user=0.12 sys=0.00, real=0.05 secs] 
1584.758: [GC [PSYoungGen: 324446K->18904K(327424K)] 970890K->671733K(1026496K), 0.0445420 secs] [Times: user=0.12 sys=0.00, real=0.05 secs] 
1585.157: [GC [PSYoungGen: 324184K->17761K(327360K)] 977013K->675473K(1026432K), 0.0486410 secs] [Times: user=0.12 sys=0.00, real=0.05 secs] 
1585.554: [GC [PSYoungGen: 323041K->17565K(328128K)] 980753K->682429K(1027200K), 0.0499580 secs] [Times: user=0.12 sys=0.00, real=0.05 secs] 
1586.006: [GC [PSYoungGen: 323997K->19473K(327808K)] 988861K->689200K(1026880K), 0.0513370 secs] [Times: user=0.12 sys=0.01, real=0.05 secs] 
1586.354: [GC [PSYoungGen: 325905K->15254K(327616K)] 995632K->691853K(1026688K), 0.0444230 secs] [Times: user=0.11 sys=0.00, real=0.04 secs] 
1586.717: [GC [PSYoungGen: 321238K->19187K(325184K)] 997837K->699996K(1024256K), 0.0446930 secs] [Times: user=0.11 sys=0.00, real=0.05 secs] 
1587.143: [GC [PSYoungGen: 325171K->15688K(327616K)] 1005980K->704335K(1026688K), 0.0617470 secs] [Times: user=0.11 sys=0.00, real=0.06 secs] 
1587.506: [GC [PSYoungGen: 321416K->21880K(327616K)] 1010063K->717000K(1026688K), 0.0647240 secs] [Times: user=0.15 sys=0.00, real=0.06 secs] 
1587.571: [Full GC [PSYoungGen: 21880K->0K(327616K)] [PSOldGen: 695120K->282172K(699072K)] 717000K->282172K(1026688K) [PSPermGen: 91537K->91482K(262144K)], 1.5896210 secs] [Times: user=1.58 sys=0.00, real=1.59 secs] 
1589.503: [GC [PSYoungGen: 305728K->19974K(320960K)] 587900K->302146K(1020032K), 0.1040640 secs] [Times: user=0.11 sys=0.00, real=0.10 secs] 
1589.879: [GC [PSYoungGen: 319046K->19740K(324288K)] 601218K->311328K(1023360K), 0.0606150 secs] [Times: user=0.13 sys=0.00, real=0.06 secs] 
1590.278: [GC [PSYoungGen: 318812K->14583K(324352K)] 610400K->312714K(1023424K), 0.0414550 secs] [Times: user=0.10 sys=0.00, real=0.04 secs] 
1590.683: [GC [PSYoungGen: 314039K->17156K(324480K)] 612170K->321903K(1023552K), 0.0629960 secs] [Times: user=0.10 sys=0.01, real=0.07 secs] 
1591.120: [GC [PSYoungGen: 316612K->16534K(325184K)] 621359K->328947K(1024256K), 0.0656870 secs] [Times: user=0.10 sys=0.00, real=0.07 secs] 
1591.585: [GC [PSYoungGen: 317078K->18596K(324864K)] 629491K->337887K(1023936K), 0.0559510 secs] [Times: user=0.11 sys=0.00, real=0.05 secs] 
1592.037: [GC [PSYoungGen: 319140K->17708K(326144K)] 638431K->343893K(1025216K), 0.0434160 secs] [Times: user=0.11 sys=0.00, real=0.04 secs] 
1592.446: [GC [PSYoungGen: 319980K->17554K(325632K)] 646165K->350599K(1024704K), 0.0582500 secs] [Times: user=0.12 sys=0.00, real=0.06 secs] 
1592.850: [GC [PSYoungGen: 319812K->19190K(326592K)] 652857K->359380K(1025664K), 0.0542850 secs] [Times: user=0.12 sys=0.00, real=0.06 secs] 
1593.262: [GC [PSYoungGen: 322806K->17129K(326528K)] 662996K->361561K(1025600K), 0.0417490 secs] [Times: user=0.10 sys=0.00, real=0.05 secs] 
1593.659: [GC [PSYoungGen: 320745K->22561K(318720K)] 665177K->374830K(1017792K), 0.0711080 secs] [Times: user=0.14 sys=0.00, real=0.07 secs] 
1594.131: [GC [PSYoungGen: 318689K->19744K(322816K)] 670958K->379171K(1021888K), 0.1030040 secs] [Times: user=0.13 sys=0.00, real=0.11 secs] 
1594.533: [GC [PSYoungGen: 315872K->16485K(323584K)] 675299K->381266K(1022656K), 0.0445820 secs] [Times: user=0.11 sys=0.00, real=0.04 secs] 
1594.880: [GC [PSYoungGen: 313957K->20162K(323392K)] 678738K->391787K(1022464K), 0.0484330 secs] [Times: user=0.12 sys=0.01, real=0.05 secs] 
1595.269: [GC [PSYoungGen: 317634K->15780K(323904K)] 689259K->396309K(1022976K), 0.0608060 secs] [Times: user=0.11 sys=0.00, real=0.06 secs] 
1595.604: [GC [PSYoungGen: 314020K->20495K(323840K)] 694549K->404649K(1022912K), 0.0479270 secs] [Times: user=0.12 sys=0.00, real=0.04 secs] 
1596.038: [GC [PSYoungGen: 318726K->15965K(324096K)] 702879K->408438K(1023168K), 0.0432200 secs] [Times: user=0.11 sys=0.00, real=0.04 secs] 
1596.389: [GC [PSYoungGen: 314525K->16349K(323968K)] 706998K->414698K(1023040K), 0.0620320 secs] [Times: user=0.10 sys=0.00, real=0.06 secs] 
1596.802: [GC [PSYoungGen: 314909K->21059K(323840K)] 713258K->426103K(1022912K), 0.0619330 secs] [Times: user=0.13 sys=0.01, real=0.06 secs] 
1597.212: [GC [PSYoungGen: 319747K->19198K(324096K)] 724791K->431758K(1023168K), 0.0729060 secs] [Times: user=0.12 sys=0.00, real=0.08 secs] 
1597.602: [GC [PSYoungGen: 317886K->18123K(325056K)] 730446K->434593K(1024128K), 0.0509620 secs] [Times: user=0.11 sys=0.00, real=0.05 secs] 
1598.105: [GC [PSYoungGen: 318219K->14168K(324544K)] 734689K->435577K(1023616K), 0.0543110 secs] [Times: user=0.09 sys=0.00, real=0.05 secs] 
1598.513: [GC [PSYoungGen: 314264K->12618K(324224K)] 735673K->440416K(1023296K), 0.0687960 secs] [Times: user=0.10 sys=0.00, real=0.07 secs] 
1598.955: [GC [PSYoungGen: 312202K->19904K(319552K)] 740000K->453768K(1018624K), 0.0593790 secs] [Times: user=0.13 sys=0.00, real=0.06 secs] 
1599.338: [GC [PSYoungGen: 319488K->16579K(324928K)] 753352K->459706K(1024000K), 0.0594840 secs] [Times: user=0.12 sys=0.00, real=0.06 secs] 
1599.708: [GC [PSYoungGen: 316419K->18250K(324416K)] 759546K->465830K(1023488K), 0.0739480 secs] [Times: user=0.11 sys=0.00, real=0.07 secs] 
1600.098: [GC [PSYoungGen: 318090K->20712K(324544K)] 765670K->475012K(1023616K), 0.0565740 secs] [Times: user=0.13 sys=0.00, real=0.06 secs] 
1600.539: [GC [PSYoungGen: 321192K->15408K(324992K)] 775492K->479922K(1024064K), 0.0566270 secs] [Times: user=0.12 sys=0.00, real=0.06 secs] 
1600.953: [GC [PSYoungGen: 315888K->16457K(325568K)] 780402K->486605K(1024640K), 0.0573680 secs] [Times: user=0.11 sys=0.00, real=0.06 secs] 
1601.334: [GC [PSYoungGen: 317705K->14896K(325184K)] 787853K->490387K(1024256K), 0.0389060 secs] [Times: user=0.10 sys=0.00, real=0.03 secs] 
1601.729: [GC [PSYoungGen: 316143K->19323K(325568K)] 791634K->501638K(1024640K), 0.0482810 secs] [Times: user=0.12 sys=0.01, real=0.05 secs] 
1602.086: [GC [PSYoungGen: 321083K->16634K(325632K)] 803398K->507123K(1024704K), 0.0499580 secs] [Times: user=0.11 sys=0.00, real=0.05 secs] 
1602.499: [GC [PSYoungGen: 318394K->17661K(326656K)] 808883K->515073K(1025728K), 0.0624550 secs] [Times: user=0.12 sys=0.00, real=0.06 secs] 
1602.900: [GC [PSYoungGen: 320893K->18960K(326080K)] 818305K->524175K(1025152K), 0.0605090 secs] [Times: user=0.12 sys=0.00, real=0.06 secs] 
1603.268: [GC [PSYoungGen: 322192K->15201K(326720K)] 827407K->526533K(1025792K), 0.0551170 secs] [Times: user=0.10 sys=0.00, real=0.05 secs] 
1603.677: [GC [PSYoungGen: 319073K->18184K(326656K)] 830405K->535325K(1025728K), 0.0502580 secs] [Times: user=0.13 sys=0.00, real=0.05 secs] 
1604.065: [GC [PSYoungGen: 322056K->17198K(327424K)] 839197K->542610K(1026496K), 0.0664410 secs] [Times: user=0.12 sys=0.00, real=0.07 secs] 
1604.466: [GC [PSYoungGen: 322094K->17828K(326976K)] 847506K->549714K(1026048K), 0.0417570 secs] [Times: user=0.11 sys=0.01, real=0.04 secs] 
1604.858: [GC [PSYoungGen: 322724K->15269K(327808K)] 854610K->552727K(1026880K), 0.0394580 secs] [Times: user=0.10 sys=0.00, real=0.04 secs] 
1605.251: [GC [PSYoungGen: 321317K->20932K(327040K)] 858775K->564770K(1026112K), 0.1104330 secs] [Times: user=0.13 sys=0.01, real=0.11 secs] 
1605.736: [GC [PSYoungGen: 326980K->19379K(326400K)] 870818K->571648K(1025472K), 0.0482110 secs] [Times: user=0.13 sys=0.00, real=0.04 secs] 
1606.088: [GC [PSYoungGen: 323315K->21848K(325824K)] 875584K->579054K(1024896K), 0.0744590 secs] [Times: user=0.13 sys=0.01, real=0.07 secs] 
1606.473: [GC [PSYoungGen: 325784K->15251K(325696K)] 882990K->580391K(1024768K), 0.0373930 secs] [Times: user=0.12 sys=0.01, real=0.04 secs] 
1606.851: [GC [PSYoungGen: 317267K->21971K(324032K)] 882407K->593277K(1023104K), 0.0724490 secs] [Times: user=0.13 sys=0.01, real=0.07 secs] 
1607.196: [GC [PSYoungGen: 323987K->17006K(325248K)] 895293K->596408K(1024320K), 0.0680460 secs] [Times: user=0.12 sys=0.00, real=0.06 secs] 
1607.657: [GC [PSYoungGen: 317614K->16870K(324864K)] 897016K->602260K(1023936K), 0.0474160 secs] [Times: user=0.11 sys=0.00, real=0.04 secs] 
1608.089: [GC [PSYoungGen: 317478K->19970K(325376K)] 902868K->611646K(1024448K), 0.0551240 secs] [Times: user=0.13 sys=0.00, real=0.05 secs] 
1608.522: [GC [PSYoungGen: 321474K->18173K(325504K)] 913150K->617807K(1024576K), 0.0716110 secs] [Times: user=0.13 sys=0.00, real=0.07 secs] 
1608.967: [GC [PSYoungGen: 319677K->18031K(326528K)] 919311K->621770K(1025600K), 0.0617140 secs] [Times: user=0.11 sys=0.01, real=0.06 secs] 
1609.386: [GC [PSYoungGen: 321135K->18959K(326080K)] 924874K->628521K(1025152K), 0.0472010 secs] [Times: user=0.12 sys=0.00, real=0.04 secs] 
1609.832: [GC [PSYoungGen: 322063K->14657K(326464K)] 931625K->628531K(1025536K), 0.0655490 secs] [Times: user=0.18 sys=0.00, real=0.07 secs] 
1610.263: [GC [PSYoungGen: 318337K->16942K(326592K)] 932211K->635631K(1025664K), 0.0676100 secs] [Times: user=0.10 sys=0.00, real=0.07 secs] 
1610.654: [GC [PSYoungGen: 320622K->15348K(326976K)] 939311K->641427K(1026048K), 0.0525900 secs] [Times: user=0.12 sys=0.00, real=0.06 secs] 
1611.099: [GC [PSYoungGen: 319732K->19044K(326912K)] 945811K->651154K(1025984K), 0.0378020 secs] [Times: user=0.12 sys=0.00, real=0.04 secs] 
1611.554: [GC [PSYoungGen: 323428K->15858K(327040K)] 955538K->656660K(1026112K), 0.0519090 secs] [Times: user=0.14 sys=0.00, real=0.05 secs] 
1611.935: [GC [PSYoungGen: 320306K->17927K(326912K)] 961108K->661786K(1025984K), 0.0471020 secs] [Times: user=0.11 sys=0.00, real=0.05 secs] 
1612.329: [GC [PSYoungGen: 322372K->15692K(327552K)] 966231K->666494K(1026624K), 0.0444090 secs] [Times: user=0.12 sys=0.00, real=0.04 secs] 
1612.737: [GC [PSYoungGen: 321164K->14384K(327424K)] 971966K->671949K(1026496K), 0.0487760 secs] [Times: user=0.11 sys=0.00, real=0.05 secs] 
1613.109: [GC [PSYoungGen: 319856K->18709K(327232K)] 977421K->682706K(1026304K), 0.0614870 secs] [Times: user=0.12 sys=0.00, real=0.06 secs] 
1613.572: [GC [PSYoungGen: 323925K->15625K(327360K)] 987922K->688413K(1026432K), 0.0684930 secs] [Times: user=0.12 sys=0.00, real=0.07 secs] 
1614.006: [GC [PSYoungGen: 320841K->18203K(327680K)] 993629K->697894K(1026752K), 0.0688610 secs] [Times: user=0.13 sys=0.00, real=0.07 secs] 
1614.461: [GC [PSYoungGen: 323931K->18682K(327552K)] 1003622K->704862K(1026624K), 0.0572380 secs] [Times: user=0.12 sys=0.00, real=0.06 secs] 
1614.911: [GC [PSYoungGen: 324410K->17137K(328000K)] 1010590K->709641K(1027072K), 0.0500860 secs] [Times: user=0.13 sys=0.00, real=0.05 secs] 
1614.962: [Full GC [PSYoungGen: 17137K->0K(328000K)] [PSOldGen: 692503K->309641K(699072K)] 709641K->309641K(1027072K) [PSPermGen: 91493K->91493K(262144K)], 1.5467990 secs] [Times: user=1.54 sys=0.00, real=1.55 secs] 
1616.802: [GC [PSYoungGen: 306048K->21480K(327552K)] 615689K->332000K(1026624K), 0.0463110 secs] [Times: user=0.10 sys=0.00, real=0.05 secs] 
1617.223: [GC [PSYoungGen: 327528K->19343K(325376K)] 638048K->339955K(1024448K), 0.0634180 secs] [Times: user=0.13 sys=0.00, real=0.07 secs] 
1617.635: [GC [PSYoungGen: 322767K->16944K(326464K)] 643379K->342933K(1025536K), 0.0463590 secs] [Times: user=0.11 sys=0.00, real=0.05 secs] 
1618.014: [GC [PSYoungGen: 320364K->19003K(326848K)] 646353K->350777K(1025920K), 0.0552390 secs] [Times: user=0.12 sys=0.00, real=0.06 secs] 
1618.428: [GC [PSYoungGen: 323131K->18656K(326784K)] 654905K->358918K(1025856K), 0.0525900 secs] [Times: user=0.12 sys=0.00, real=0.05 secs] 
1618.926: [GC [PSYoungGen: 322784K->18718K(327296K)] 663046K->364308K(1026368K), 0.0805140 secs] [Times: user=0.11 sys=0.01, real=0.09 secs] 
1619.350: [GC [PSYoungGen: 323611K->15752K(327104K)] 669201K->365782K(1026176K), 0.0481290 secs] [Times: user=0.10 sys=0.00, real=0.05 secs] 
1619.752: [GC [PSYoungGen: 320648K->21296K(325632K)] 670678K->378568K(1024704K), 0.0746000 secs] [Times: user=0.13 sys=0.00, real=0.07 secs] 
1620.198: [GC [PSYoungGen: 324720K->21868K(325312K)] 681992K->388408K(1024384K), 0.0670020 secs] [Times: user=0.13 sys=0.00, real=0.06 secs] 
1620.665: [GC [PSYoungGen: 325292K->16681K(325760K)] 691832K->389966K(1024832K), 0.0664410 secs] [Times: user=0.10 sys=0.00, real=0.07 secs] 
1621.044: [GC [PSYoungGen: 318505K->18453K(325568K)] 691790K->396717K(1024640K), 0.0481210 secs] [Times: user=0.11 sys=0.00, real=0.05 secs] 
1621.390: [GC [PSYoungGen: 320277K->22968K(323840K)] 698541K->406360K(1022912K), 0.0489830 secs] [Times: user=0.13 sys=0.00, real=0.05 secs] 
1621.929: [GC [PSYoungGen: 323576K->19002K(325056K)] 706968K->412834K(1024128K), 0.0608380 secs] [Times: user=0.14 sys=0.00, real=0.06 secs] 
1622.339: [GC [PSYoungGen: 319610K->20101K(325632K)] 713442K->417909K(1024704K), 0.0462780 secs] [Times: user=0.12 sys=0.00, real=0.04 secs] 
1622.752: [GC [PSYoungGen: 321797K->18543K(325568K)] 719605K->419224K(1024640K), 0.0457160 secs] [Times: user=0.11 sys=0.00, real=0.05 secs] 
1623.146: [GC [PSYoungGen: 320239K->16027K(326016K)] 720920K->421021K(1025088K), 0.0480370 secs] [Times: user=0.10 sys=0.00, real=0.05 secs] 
1623.518: [GC [PSYoungGen: 318548K->17859K(326016K)] 723543K->429255K(1025088K), 0.0548330 secs] [Times: user=0.11 sys=0.00, real=0.05 secs] 
1623.934: [GC [PSYoungGen: 320387K->19237K(326528K)] 731783K->438513K(1025600K), 0.0559190 secs] [Times: user=0.12 sys=0.00, real=0.06 secs] 
1624.384: [GC [PSYoungGen: 322597K->17406K(326336K)] 741873K->442909K(1025408K), 0.0462690 secs] [Times: user=0.12 sys=0.00, real=0.05 secs] 
1624.774: [GC [PSYoungGen: 320766K->16050K(326784K)] 746269K->448171K(1025856K), 0.0571190 secs] [Times: user=0.11 sys=0.00, real=0.06 secs] 
1625.228: [GC [PSYoungGen: 320114K->14877K(318976K)] 752235K->453676K(1018048K), 0.0460020 secs] [Times: user=0.10 sys=0.00, real=0.04 secs] 
1625.662: [GC [PSYoungGen: 318941K->18869K(326784K)] 757740K->463354K(1025856K), 0.0549310 secs] [Times: user=0.12 sys=0.00, real=0.05 secs] 
1626.059: [GC [PSYoungGen: 322805K->18630K(326656K)] 767290K->471150K(1025728K), 0.0571890 secs] [Times: user=0.13 sys=0.00, real=0.05 secs] 
1626.515: [GC [PSYoungGen: 322566K->18652K(327232K)] 775086K->476571K(1026304K), 0.0593510 secs] [Times: user=0.11 sys=0.00, real=0.06 secs] 
1626.932: [GC [PSYoungGen: 323420K->16788K(327040K)] 781339K->481357K(1026112K), 0.0679040 secs] [Times: user=0.11 sys=0.00, real=0.07 secs] 
1627.284: [GC [PSYoungGen: 321556K->18169K(327744K)] 786125K->488727K(1026816K), 0.0514240 secs] [Times: user=0.12 sys=0.00, real=0.05 secs] 
1627.772: [GC [PSYoungGen: 323833K->18867K(327424K)] 794391K->496077K(1026496K), 0.0673160 secs] [Times: user=0.13 sys=0.00, real=0.07 secs] 
1628.193: [GC [PSYoungGen: 324531K->16789K(327936K)] 801741K->501483K(1027008K), 0.0423770 secs] [Times: user=0.12 sys=0.00, real=0.04 secs] 
1628.568: [GC [PSYoungGen: 323023K->18286K(327808K)] 807717K->508156K(1026880K), 0.0493970 secs] [Times: user=0.11 sys=0.00, real=0.04 secs] 
1629.026: [GC [PSYoungGen: 324526K->15343K(327936K)] 814396K->511609K(1027008K), 0.0414100 secs] [Times: user=0.10 sys=0.00, real=0.04 secs] 
1629.533: [GC [PSYoungGen: 321967K->19815K(326464K)] 818233K->522544K(1025536K), 0.0684680 secs] [Times: user=0.12 sys=0.00, real=0.07 secs] 
1629.998: [GC [PSYoungGen: 326439K->19258K(327424K)] 829168K->530249K(1026496K), 0.0598960 secs] [Times: user=0.12 sys=0.00, real=0.06 secs] 
1630.466: [GC [PSYoungGen: 324858K->21359K(326976K)] 835849K->538208K(1026048K), 0.0769060 secs] [Times: user=0.13 sys=0.00, real=0.08 secs] 
1630.885: [GC [PSYoungGen: 326959K->13751K(325824K)] 843808K->535316K(1024896K), 0.0425850 secs] [Times: user=0.09 sys=0.00, real=0.04 secs] 
1631.272: [GC [PSYoungGen: 317047K->19621K(322944K)] 838612K->546556K(1022016K), 0.0498530 secs] [Times: user=0.12 sys=0.00, real=0.05 secs] 
1631.664: [GC [PSYoungGen: 322917K->19306K(326336K)] 849852K->555437K(1025408K), 0.0592680 secs] [Times: user=0.13 sys=0.00, real=0.06 secs] 
1632.169: [GC [PSYoungGen: 322410K->17458K(326272K)] 858541K->559843K(1025344K), 0.0643980 secs] [Times: user=0.11 sys=0.00, real=0.07 secs] 
1632.625: [GC [PSYoungGen: 320562K->15840K(326784K)] 862947K->564779K(1025856K), 0.0498190 secs] [Times: user=0.11 sys=0.00, real=0.05 secs] 
1632.991: [GC [PSYoungGen: 319840K->22478K(326528K)] 868779K->579570K(1025600K), 0.0703270 secs] [Times: user=0.14 sys=0.00, real=0.07 secs] 
1633.448: [GC [PSYoungGen: 326478K->18587K(325504K)] 883570K->583739K(1024576K), 0.0556430 secs] [Times: user=0.19 sys=0.00, real=0.06 secs] 
1633.965: [GC [PSYoungGen: 321115K->13280K(315840K)] 886267K->581841K(1014912K), 0.0468670 secs] [Times: user=0.09 sys=0.00, real=0.05 secs] 
1634.332: [GC [PSYoungGen: 315808K->19387K(325696K)] 884369K->591554K(1024768K), 0.0413730 secs] [Times: user=0.11 sys=0.00, real=0.04 secs] 
1634.664: [GC [PSYoungGen: 321275K->18870K(325696K)] 893442K->599721K(1024768K), 0.0405560 secs] [Times: user=0.13 sys=0.00, real=0.04 secs] 
1635.041: [GC [PSYoungGen: 320758K->20338K(325440K)] 901609K->607047K(1024512K), 0.0556960 secs] [Times: user=0.12 sys=0.00, real=0.05 secs] 
1635.434: [GC [PSYoungGen: 322226K->19898K(321792K)] 908935K->612363K(1020864K), 0.0547800 secs] [Times: user=0.13 sys=0.00, real=0.05 secs] 
1635.849: [GC [PSYoungGen: 321786K->18846K(326080K)] 914251K->618596K(1025152K), 0.0612190 secs] [Times: user=0.13 sys=0.00, real=0.06 secs] 
1636.350: [GC [PSYoungGen: 321054K->19280K(325632K)] 920804K->626312K(1024704K), 0.0765170 secs] [Times: user=0.12 sys=0.00, real=0.08 secs] 
1636.762: [GC [PSYoungGen: 321488K->18062K(326656K)] 928520K->631353K(1025728K), 0.0510620 secs] [Times: user=0.12 sys=0.00, real=0.05 secs] 
1637.211: [GC [PSYoungGen: 321486K->19443K(326272K)] 934777K->636860K(1025344K), 0.0515380 secs] [Times: user=0.11 sys=0.00, real=0.05 secs] 
1637.701: [GC [PSYoungGen: 322867K->18260K(327104K)] 940284K->641238K(1026176K), 0.0645270 secs] [Times: user=0.11 sys=0.00, real=0.06 secs] 
1638.202: [GC [PSYoungGen: 322580K->17466K(326720K)] 945558K->643993K(1025792K), 0.0584390 secs] [Times: user=0.11 sys=0.00, real=0.05 secs] 
1638.655: [GC [PSYoungGen: 321786K->14384K(326528K)] 948313K->649310K(1025600K), 0.1023900 secs] [Times: user=0.15 sys=0.00, real=0.10 secs] 
1639.141: [GC [PSYoungGen: 318704K->18094K(326912K)] 953630K->657690K(1025984K), 0.0587240 secs] [Times: user=0.12 sys=0.01, real=0.05 secs] 
1639.525: [GC [PSYoungGen: 322414K->19499K(327104K)] 962010K->667980K(1026176K), 0.0567380 secs] [Times: user=0.13 sys=0.00, real=0.06 secs] 
1639.898: [GC [PSYoungGen: 324459K->17093K(327232K)] 972940K->670649K(1026304K), 0.0495270 secs] [Times: user=0.12 sys=0.00, real=0.05 secs] 
1640.269: [GC [PSYoungGen: 322053K->15657K(327360K)] 975609K->671715K(1026432K), 0.0517170 secs] [Times: user=0.10 sys=0.00, real=0.06 secs] 
1640.692: [GC [PSYoungGen: 321001K->17317K(327424K)] 977059K->678134K(1026496K), 0.0640570 secs] [Times: user=0.12 sys=0.00, real=0.06 secs] 
1641.159: [GC [PSYoungGen: 322661K->21630K(325696K)] 983478K->690921K(1024768K), 0.0712760 secs] [Times: user=0.14 sys=0.00, real=0.08 secs] 
1641.582: [GC [PSYoungGen: 325566K->21248K(325248K)] 994857K->700694K(1024320K), 0.0640920 secs] [Times: user=0.15 sys=0.00, real=0.06 secs] 
1641.993: [GC [PSYoungGen: 325171K->15032K(325824K)] 1004617K->699976K(1024896K), 0.0426640 secs] [Times: user=0.11 sys=0.00, real=0.04 secs] 
1642.346: [GC [PSYoungGen: 317432K->20280K(322688K)] 1002376K->711310K(1021760K), 0.0923680 secs] [Times: user=0.13 sys=0.01, real=0.09 secs] 
1642.439: [Full GC [PSYoungGen: 20280K->0K(322688K)] [PSOldGen: 691029K->319905K(699072K)] 711310K->319905K(1021760K) [PSPermGen: 91505K->91505K(262144K)], 1.5748350 secs] [Times: user=1.57 sys=0.00, real=1.58 secs] 
1644.358: [GC [PSYoungGen: 302400K->20483K(325184K)] 622305K->340389K(1024256K), 0.0442610 secs] [Times: user=0.10 sys=0.00, real=0.05 secs] 
1644.757: [GC [PSYoungGen: 321859K->16814K(325440K)] 641765K->344014K(1024512K), 0.0419770 secs] [Times: user=0.11 sys=0.00, real=0.04 secs] 
1645.118: [GC [PSYoungGen: 318190K->13953K(325312K)] 645390K->347264K(1024384K), 0.0400760 secs] [Times: user=0.10 sys=0.00, real=0.04 secs] 
1645.519: [GC [PSYoungGen: 315457K->20016K(321536K)] 648768K->358470K(1020608K), 0.0500310 secs] [Times: user=0.11 sys=0.00, real=0.05 secs] 
1645.905: [GC [PSYoungGen: 321520K->18710K(325696K)] 659974K->366728K(1024768K), 0.0554740 secs] [Times: user=0.12 sys=0.00, real=0.05 secs] 
1646.259: [GC [PSYoungGen: 320214K->17298K(325312K)] 668232K->369530K(1024384K), 0.0450200 secs] [Times: user=0.11 sys=0.00, real=0.05 secs] 
1646.764: [GC [PSYoungGen: 318802K->20007K(325760K)] 671034K->377378K(1024832K), 0.0414900 secs] [Times: user=0.12 sys=0.00, real=0.04 secs] 
1647.257: [GC [PSYoungGen: 322407K->17115K(325952K)] 679778K->383154K(1025024K), 0.0675390 secs] [Times: user=0.11 sys=0.00, real=0.07 secs] 
1647.712: [GC [PSYoungGen: 319515K->18047K(326720K)] 685554K->388857K(1025792K), 0.0488140 secs] [Times: user=0.11 sys=0.00, real=0.04 secs] 
1648.163: [GC [PSYoungGen: 321535K->16949K(326272K)] 692345K->395720K(1025344K), 0.0434850 secs] [Times: user=0.12 sys=0.00, real=0.04 secs] 
1648.517: [GC [PSYoungGen: 320437K->17220K(327296K)] 699208K->402996K(1026368K), 0.0505290 secs] [Times: user=0.12 sys=0.00, real=0.05 secs] 
1648.901: [GC [PSYoungGen: 321988K->17701K(326976K)] 707764K->409600K(1026048K), 0.0514240 secs] [Times: user=0.11 sys=0.00, real=0.05 secs] 
1649.453: [GC [PSYoungGen: 322469K->17895K(328064K)] 714368K->414244K(1027136K), 0.0479520 secs] [Times: user=0.10 sys=0.00, real=0.04 secs] 
1649.921: [GC [PSYoungGen: 324135K->19493K(327680K)] 720484K->423420K(1026752K), 0.0635710 secs] [Times: user=0.12 sys=0.00, real=0.07 secs] 
1650.440: [GC [PSYoungGen: 325733K->20032K(327040K)] 729660K->431029K(1026112K), 0.0722240 secs] [Times: user=0.12 sys=0.00, real=0.08 secs] 
1650.905: [GC [PSYoungGen: 325376K->18171K(327424K)] 736373K->437112K(1026496K), 0.0708450 secs] [Times: user=0.12 sys=0.00, real=0.07 secs] 
1651.391: [GC [PSYoungGen: 323515K->17409K(328000K)] 742456K->443581K(1027072K), 0.0499290 secs] [Times: user=0.12 sys=0.00, real=0.05 secs] 
1651.915: [GC [PSYoungGen: 323713K->18164K(327808K)] 749885K->449398K(1026880K), 0.0345960 secs] [Times: user=0.12 sys=0.00, real=0.03 secs] 
1652.312: [GC [PSYoungGen: 324468K->18728K(328448K)] 755702K->457499K(1027520K), 0.0593880 secs] [Times: user=0.12 sys=0.01, real=0.06 secs] 
1652.846: [GC [PSYoungGen: 325992K->14861K(322176K)] 764763K->460307K(1021248K), 0.0370570 secs] [Times: user=0.11 sys=0.00, real=0.04 secs] 
1653.252: [GC [PSYoungGen: 322125K->18862K(328128K)] 767571K->469466K(1027200K), 0.0487080 secs] [Times: user=0.11 sys=0.00, real=0.05 secs] 
1653.676: [GC [PSYoungGen: 325614K->14826K(321600K)] 776218K->471018K(1020672K), 0.0525570 secs] [Times: user=0.11 sys=0.00, real=0.05 secs] 
1654.224: [GC [PSYoungGen: 321578K->17933K(328192K)] 777770K->479358K(1027264K), 0.0607500 secs] [Times: user=0.11 sys=0.00, real=0.06 secs] 
1654.659: [GC [PSYoungGen: 324557K->19585K(326272K)] 785982K->488175K(1025344K), 0.0526770 secs] [Times: user=0.12 sys=0.00, real=0.05 secs] 
1655.074: [GC [PSYoungGen: 326209K->17703K(328192K)] 794799K->493850K(1027264K), 0.0570510 secs] [Times: user=0.12 sys=0.00, real=0.05 secs] 
1655.507: [GC [PSYoungGen: 324263K->21138K(327744K)] 800410K->503695K(1026816K), 0.0641040 secs] [Times: user=0.13 sys=0.00, real=0.06 secs] 
1655.975: [GC [PSYoungGen: 327698K->19308K(326848K)] 810255K->506740K(1025920K), 0.0450830 secs] [Times: user=0.11 sys=0.00, real=0.04 secs] 
1656.359: [GC [PSYoungGen: 324396K->19476K(327296K)] 811828K->512184K(1026368K), 0.0540230 secs] [Times: user=0.12 sys=0.00, real=0.06 secs] 
1656.738: [GC [PSYoungGen: 324564K->17664K(327552K)] 817272K->517839K(1026624K), 0.1018290 secs] [Times: user=0.13 sys=0.00, real=0.10 secs] 
1657.271: [GC [PSYoungGen: 323008K->15401K(327296K)] 823183K->520244K(1026368K), 0.0409840 secs] [Times: user=0.11 sys=0.00, real=0.04 secs] 
1657.709: [GC [PSYoungGen: 320745K->15571K(327360K)] 825588K->526454K(1026432K), 0.0417060 secs] [Times: user=0.10 sys=0.00, real=0.04 secs] 
1658.046: [GC [PSYoungGen: 320787K->20053K(325312K)] 831670K->538295K(1024384K), 0.0506390 secs] [Times: user=0.13 sys=0.00, real=0.05 secs] 
1658.415: [GC [PSYoungGen: 325269K->19671K(326592K)] 843511K->547803K(1025664K), 0.0621970 secs] [Times: user=0.15 sys=0.00, real=0.06 secs] 
1658.842: [GC [PSYoungGen: 323735K->19688K(323776K)] 851867K->556439K(1022848K), 0.0579030 secs] [Times: user=0.14 sys=0.00, real=0.06 secs] 
1659.249: [GC [PSYoungGen: 323752K->17467K(326976K)] 860503K->560344K(1026048K), 0.0628500 secs] [Times: user=0.11 sys=0.00, real=0.06 secs] 
1659.660: [GC [PSYoungGen: 321659K->18296K(326720K)] 864536K->568669K(1025792K), 0.0724620 secs] [Times: user=0.13 sys=0.00, real=0.07 secs] 
1660.049: [GC [PSYoungGen: 322488K->20250K(326656K)] 872861K->579050K(1025728K), 0.0513190 secs] [Times: user=0.13 sys=0.00, real=0.05 secs] 
1660.427: [GC [PSYoungGen: 324826K->13514K(318144K)] 883626K->577641K(1017216K), 0.0398600 secs] [Times: user=0.10 sys=0.00, real=0.04 secs] 
1660.835: [GC [PSYoungGen: 318090K->19546K(326464K)] 882217K->588090K(1025536K), 0.0921660 secs] [Times: user=0.12 sys=0.02, real=0.09 secs] 
1661.248: [GC [PSYoungGen: 323098K->14687K(318272K)] 891642K->592767K(1017344K), 0.0478940 secs] [Times: user=0.12 sys=0.00, real=0.05 secs] 
1661.620: [GC [PSYoungGen: 318239K->18492K(326656K)] 896319K->602867K(1025728K), 0.0480650 secs] [Times: user=0.12 sys=0.00, real=0.05 secs] 
1662.059: [GC [PSYoungGen: 322044K->18705K(326400K)] 906419K->613825K(1025472K), 0.0788210 secs] [Times: user=0.13 sys=0.01, real=0.08 secs] 
1662.527: [GC [PSYoungGen: 322257K->18752K(327040K)] 917377K->616894K(1026112K), 0.0421010 secs] [Times: user=0.11 sys=0.00, real=0.04 secs] 
1662.915: [GC [PSYoungGen: 323136K->17539K(326848K)] 921278K->624371K(1025920K), 0.0643850 secs] [Times: user=0.12 sys=0.00, real=0.06 secs] 
1663.284: [GC [PSYoungGen: 321923K->19865K(326848K)] 928755K->633156K(1025920K), 0.0511150 secs] [Times: user=0.13 sys=0.00, real=0.05 secs] 
1663.709: [GC [PSYoungGen: 324569K->21792K(326528K)] 937860K->642063K(1025600K), 0.0920470 secs] [Times: user=0.13 sys=0.00, real=0.09 secs] 
1664.166: [GC [PSYoungGen: 326496K->16047K(325888K)] 946767K->645473K(1024960K), 0.0557440 secs] [Times: user=0.12 sys=0.00, real=0.05 secs] 
1664.531: [GC [PSYoungGen: 318959K->21570K(324544K)] 948385K->655179K(1023616K), 0.0565350 secs] [Times: user=0.14 sys=0.00, real=0.06 secs] 
1664.896: [GC [PSYoungGen: 324482K->15950K(325568K)] 958091K->655363K(1024640K), 0.0465830 secs] [Times: user=0.11 sys=0.00, real=0.04 secs] 
1665.309: [GC [PSYoungGen: 317518K->19261K(325504K)] 956931K->665919K(1024576K), 0.0637260 secs] [Times: user=0.12 sys=0.01, real=0.06 secs] 
1665.722: [GC [PSYoungGen: 320822K->12585K(324800K)] 967480K->669479K(1023872K), 0.0490320 secs] [Times: user=0.11 sys=0.00, real=0.05 secs] 
1666.130: [GC [PSYoungGen: 313705K->20165K(321344K)] 970599K->681393K(1020416K), 0.0511590 secs] [Times: user=0.12 sys=0.01, real=0.05 secs] 
1666.468: [GC [PSYoungGen: 321285K->17843K(325696K)] 982513K->687733K(1024768K), 0.0500940 secs] [Times: user=0.12 sys=0.00, real=0.05 secs] 
1666.868: [GC [PSYoungGen: 319155K->18584K(325120K)] 989045K->694486K(1024192K), 0.0681630 secs] [Times: user=0.11 sys=0.01, real=0.07 secs] 
1667.243: [GC [PSYoungGen: 319896K->18175K(326592K)] 995798K->701045K(1025664K), 0.0560370 secs] [Times: user=0.12 sys=0.00, real=0.06 secs] 
1667.589: [GC [PSYoungGen: 321343K->15402K(326080K)] 1004213K->704018K(1025152K), 0.0435070 secs] [Times: user=0.11 sys=0.00, real=0.04 secs] 
1667.633: [Full GC [PSYoungGen: 15402K->0K(326080K)] [PSOldGen: 688616K->314351K(699072K)] 704018K->314351K(1025152K) [PSPermGen: 91518K->91518K(262144K)], 1.5162070 secs] [Times: user=1.51 sys=0.00, real=1.52 secs] 
1669.502: [GC [PSYoungGen: 303168K->22890K(323776K)] 617519K->337424K(1022848K), 0.0544760 secs] [Times: user=0.12 sys=0.01, real=0.06 secs] 
1669.891: [GC [PSYoungGen: 323754K->17741K(325184K)] 638288K->342629K(1024256K), 0.0599280 secs] [Times: user=0.14 sys=0.00, real=0.06 secs] 
1670.348: [GC [PSYoungGen: 318605K->15439K(325696K)] 643493K->347552K(1024768K), 0.0625620 secs] [Times: user=0.11 sys=0.00, real=0.06 secs] 
1670.869: [GC [PSYoungGen: 317263K->19110K(325632K)] 649376K->357557K(1024704K), 0.0490810 secs] [Times: user=0.11 sys=0.00, real=0.05 secs] 
1671.285: [GC [PSYoungGen: 320934K->18596K(326272K)] 659381K->364929K(1025344K), 0.0617690 secs] [Times: user=0.13 sys=0.01, real=0.07 secs] 
1671.759: [GC [PSYoungGen: 321252K->17114K(325888K)] 667585K->370619K(1024960K), 0.0480400 secs] [Times: user=0.11 sys=0.00, real=0.05 secs] 
1672.273: [GC [PSYoungGen: 319766K->16629K(326848K)] 673271K->374937K(1025920K), 0.0811110 secs] [Times: user=0.11 sys=0.01, real=0.08 secs] 
1672.744: [GC [PSYoungGen: 320565K->19624K(326592K)] 678873K->384265K(1025664K), 0.0458880 secs] [Times: user=0.12 sys=0.00, real=0.05 secs] 
1673.187: [GC [PSYoungGen: 323560K->20163K(326016K)] 688201K->390708K(1025088K), 0.0640030 secs] [Times: user=0.11 sys=0.00, real=0.06 secs] 
1673.705: [GC [PSYoungGen: 323331K->14672K(317888K)] 693876K->393738K(1016960K), 0.0963150 secs] [Times: user=0.11 sys=0.00, real=0.10 secs] 
1674.183: [GC [PSYoungGen: 317840K->15511K(326336K)] 696906K->396702K(1025408K), 0.0494680 secs] [Times: user=0.08 sys=0.01, real=0.05 secs] 
1674.601: [GC [PSYoungGen: 318551K->18235K(326208K)] 699742K->405783K(1025280K), 0.0627110 secs] [Times: user=0.11 sys=0.00, real=0.06 secs] 
1675.008: [GC [PSYoungGen: 321275K->16441K(326976K)] 708823K->410755K(1026048K), 0.0473870 secs] [Times: user=0.11 sys=0.00, real=0.04 secs] 
1675.392: [GC [PSYoungGen: 320633K->19387K(326720K)] 714947K->419268K(1025792K), 0.0654020 secs] [Times: user=0.12 sys=0.01, real=0.07 secs] 
1675.863: [GC [PSYoungGen: 323579K->18219K(327168K)] 723460K->424621K(1026240K), 0.0544810 secs] [Times: user=0.12 sys=0.00, real=0.06 secs] 
1676.261: [GC [PSYoungGen: 322667K->18001K(326784K)] 729069K->429494K(1025856K), 0.0605320 secs] [Times: user=0.11 sys=0.00, real=0.06 secs] 
1676.670: [GC [PSYoungGen: 322449K->15336K(327424K)] 733942K->432221K(1026496K), 0.0351050 secs] [Times: user=0.10 sys=0.00, real=0.03 secs] 
1677.094: [GC [PSYoungGen: 320808K->15034K(327488K)] 737693K->437583K(1026560K), 0.0703770 secs] [Times: user=0.10 sys=0.00, real=0.07 secs] 
1677.496: [GC [PSYoungGen: 320506K->20914K(325824K)] 743055K->449800K(1024896K), 0.0761070 secs] [Times: user=0.13 sys=0.00, real=0.07 secs] 
1677.919: [GC [PSYoungGen: 324722K->20132K(323968K)] 753608K->458456K(1023040K), 0.0726320 secs] [Times: user=0.14 sys=0.00, real=0.07 secs] 
1678.332: [GC [PSYoungGen: 323940K->21466K(324736K)] 762264K->469661K(1023808K), 0.0730910 secs] [Times: user=0.15 sys=0.00, real=0.07 secs] 
1678.711: [GC [PSYoungGen: 322970K->20851K(322368K)] 771165K->477020K(1021440K), 0.0615930 secs] [Times: user=0.15 sys=0.01, real=0.06 secs] 
1679.146: [GC [PSYoungGen: 322355K->13674K(324608K)] 778524K->473513K(1023680K), 0.0473170 secs] [Times: user=0.09 sys=0.00, real=0.05 secs] 
1679.508: [GC [PSYoungGen: 313898K->19844K(324864K)] 773737K->483211K(1023936K), 0.0423050 secs] [Times: user=0.12 sys=0.01, real=0.04 secs] 
1679.874: [GC [PSYoungGen: 320068K->16863K(325248K)] 783435K->488354K(1024320K), 0.0484470 secs] [Times: user=0.11 sys=0.00, real=0.05 secs] 
1680.295: [GC [PSYoungGen: 317471K->18997K(324864K)] 788962K->497965K(1023936K), 0.0700530 secs] [Times: user=0.12 sys=0.00, real=0.07 secs] 
1680.651: [GC [PSYoungGen: 319605K->17938K(326080K)] 798573K->502083K(1025152K), 0.0575340 secs] [Times: user=0.12 sys=0.00, real=0.06 secs] 
1681.117: [GC [PSYoungGen: 320082K->21623K(323776K)] 804227K->513674K(1022848K), 0.0698530 secs] [Times: user=0.14 sys=0.00, real=0.07 secs] 
1681.513: [GC [PSYoungGen: 323767K->19438K(325568K)] 815818K->518199K(1024640K), 0.0531840 secs] [Times: user=0.12 sys=0.00, real=0.05 secs] 
1681.994: [GC [PSYoungGen: 320814K->18149K(325312K)] 819575K->522502K(1024384K), 0.0640010 secs] [Times: user=0.12 sys=0.00, real=0.07 secs] 
1682.409: [GC [PSYoungGen: 319525K->18898K(326336K)] 823878K->529327K(1025408K), 0.0468000 secs] [Times: user=0.12 sys=0.00, real=0.04 secs] 
1682.837: [GC [PSYoungGen: 321746K->16150K(326016K)] 832175K->531721K(1025088K), 0.0447830 secs] [Times: user=0.12 sys=0.00, real=0.05 secs] 
1683.190: [GC [PSYoungGen: 318998K->14331K(326016K)] 834569K->537102K(1025088K), 0.0481780 secs] [Times: user=0.11 sys=0.00, real=0.05 secs] 
1683.571: [GC [PSYoungGen: 317243K->18339K(326208K)] 840014K->546639K(1025280K), 0.0469340 secs] [Times: user=0.11 sys=0.00, real=0.05 secs] 
1683.959: [GC [PSYoungGen: 321251K->20720K(325568K)] 849551K->556137K(1024640K), 0.0561580 secs] [Times: user=0.13 sys=0.00, real=0.05 secs] 
1684.367: [GC [PSYoungGen: 323376K->17353K(326080K)] 858793K->562099K(1025152K), 0.0542740 secs] [Times: user=0.13 sys=0.00, real=0.05 secs] 
1684.795: [GC [PSYoungGen: 320008K->16052K(326528K)] 864754K->565524K(1025600K), 0.0532120 secs] [Times: user=0.10 sys=0.00, real=0.06 secs] 
1685.264: [GC [PSYoungGen: 319476K->17122K(326400K)] 868948K->571747K(1025472K), 0.0535900 secs] [Times: user=0.10 sys=0.00, real=0.06 secs] 
1685.680: [GC [PSYoungGen: 320546K->18610K(327104K)] 875171K->579599K(1026176K), 0.0993220 secs] [Times: user=0.11 sys=0.00, real=0.10 secs] 
1686.128: [GC [PSYoungGen: 323122K->18683K(326912K)] 884111K->587016K(1025984K), 0.0589640 secs] [Times: user=0.13 sys=0.00, real=0.06 secs] 
1686.492: [GC [PSYoungGen: 323195K->19513K(326912K)] 891528K->594841K(1025984K), 0.0529510 secs] [Times: user=0.12 sys=0.00, real=0.05 secs] 
1686.926: [GC [PSYoungGen: 324217K->17292K(327104K)] 899545K->601203K(1026176K), 0.0468570 secs] [Times: user=0.12 sys=0.00, real=0.05 secs] 
1687.343: [GC [PSYoungGen: 321996K->19839K(326912K)] 905907K->610160K(1025984K), 0.0768800 secs] [Times: user=0.11 sys=0.00, real=0.08 secs] 
1687.758: [GC [PSYoungGen: 324671K->18024K(327168K)] 914992K->617805K(1026240K), 0.0570710 secs] [Times: user=0.14 sys=0.00, real=0.05 secs] 
1688.190: [GC [PSYoungGen: 322856K->21996K(318784K)] 922637K->630860K(1017856K), 0.0546220 secs] [Times: user=0.14 sys=0.00, real=0.05 secs] 
1688.542: [GC [PSYoungGen: 318764K->17958K(323136K)] 927628K->632746K(1022208K), 0.0670570 secs] [Times: user=0.12 sys=0.00, real=0.07 secs] 
1688.966: [GC [PSYoungGen: 314726K->19709K(324096K)] 929514K->639211K(1023168K), 0.0555940 secs] [Times: user=0.12 sys=0.00, real=0.06 secs] 
1689.415: [GC [PSYoungGen: 317885K->18965K(323584K)] 937387K->645967K(1022656K), 0.0491350 secs] [Times: user=0.12 sys=0.00, real=0.05 secs] 
1689.869: [GC [PSYoungGen: 317141K->19115K(325120K)] 944143K->652642K(1024192K), 0.0525100 secs] [Times: user=0.12 sys=0.01, real=0.05 secs] 
1690.398: [GC [PSYoungGen: 319339K->12745K(313024K)] 952866K->649899K(1012096K), 0.0511760 secs] [Times: user=0.08 sys=0.00, real=0.06 secs] 
1690.778: [GC [PSYoungGen: 312969K->21135K(323968K)] 950123K->664136K(1023040K), 0.0637800 secs] [Times: user=0.12 sys=0.00, real=0.06 secs] 
1691.206: [GC [PSYoungGen: 320079K->16856K(324224K)] 963080K->669315K(1023296K), 0.0964230 secs] [Times: user=0.12 sys=0.00, real=0.10 secs] 
1691.693: [GC [PSYoungGen: 315800K->18706K(325120K)] 968259K->677787K(1024192K), 0.0631320 secs] [Times: user=0.13 sys=0.00, real=0.06 secs] 
1692.150: [GC [PSYoungGen: 318802K->19601K(324480K)] 977883K->687492K(1023552K), 0.0721150 secs] [Times: user=0.14 sys=0.00, real=0.07 secs] 
1692.566: [GC [PSYoungGen: 319697K->17401K(325632K)] 987588K->693824K(1024704K), 0.0515270 secs] [Times: user=0.13 sys=0.00, real=0.05 secs] 
1693.016: [GC [PSYoungGen: 318905K->15450K(325376K)] 995328K->696497K(1024448K), 0.0498590 secs] [Times: user=0.11 sys=0.00, real=0.05 secs] 
1693.360: [GC [PSYoungGen: 316954K->18136K(326144K)] 998001K->705590K(1025216K), 0.0503170 secs] [Times: user=0.12 sys=0.00, real=0.05 secs] 
1693.821: [GC [PSYoungGen: 320408K->19961K(325632K)] 1007862K->715319K(1024704K), 0.0629270 secs] [Times: user=0.14 sys=0.00, real=0.06 secs] 
1693.884: [Full GC [PSYoungGen: 19961K->0K(325632K)] [PSOldGen: 695358K->282609K(699072K)] 715319K->282609K(1024704K) [PSPermGen: 91535K->91478K(262144K)], 1.6735650 secs] [Times: user=1.67 sys=0.00, real=1.67 secs] 
1695.938: [GC [PSYoungGen: 302272K->22469K(324096K)] 584881K->305078K(1023168K), 0.0448860 secs] [Times: user=0.12 sys=0.00, real=0.05 secs] 
1696.300: [GC [PSYoungGen: 323077K->18982K(325056K)] 605686K->311559K(1024128K), 0.0457080 secs] [Times: user=0.13 sys=0.00, real=0.04 secs] 
1696.676: [GC [PSYoungGen: 319590K->18338K(325952K)] 612167K->319588K(1025024K), 0.0539710 secs] [Times: user=0.13 sys=0.00, real=0.06 secs] 
1697.059: [GC [PSYoungGen: 320354K->12788K(314816K)] 621604K->319042K(1013888K), 0.0474850 secs] [Times: user=0.09 sys=0.00, real=0.04 secs] 
1697.512: [GC [PSYoungGen: 314804K->16958K(325760K)] 621058K->327158K(1024832K), 0.0433770 secs] [Times: user=0.10 sys=0.00, real=0.04 secs] 
1697.918: [GC [PSYoungGen: 318654K->16868K(325440K)] 628854K->335386K(1024512K), 0.0541600 secs] [Times: user=0.12 sys=0.01, real=0.06 secs] 
1698.312: [GC [PSYoungGen: 318564K->21237K(324736K)] 637082K->345077K(1023808K), 0.0504530 secs] [Times: user=0.12 sys=0.00, real=0.05 secs] 
1698.700: [GC [PSYoungGen: 322613K->16870K(325440K)] 646453K->347408K(1024512K), 0.0547280 secs] [Times: user=0.11 sys=0.00, real=0.05 secs] 
1699.050: [GC [PSYoungGen: 318246K->22782K(323456K)] 648784K->357655K(1022528K), 0.0574590 secs] [Times: user=0.12 sys=0.00, real=0.05 secs] 
1699.420: [GC [PSYoungGen: 322494K->18086K(324608K)] 657367K->362704K(1023680K), 0.0412450 secs] [Times: user=0.13 sys=0.00, real=0.04 secs] 
1699.798: [GC [PSYoungGen: 317798K->17493K(325568K)] 662416K->366704K(1024640K), 0.0678370 secs] [Times: user=0.12 sys=0.01, real=0.07 secs] 
1700.147: [GC [PSYoungGen: 318741K->18761K(325184K)] 667952K->374642K(1024256K), 0.0536550 secs] [Times: user=0.11 sys=0.00, real=0.06 secs] 
1700.577: [GC [PSYoungGen: 320009K->17306K(326272K)] 675890K->380333K(1025344K), 0.0493240 secs] [Times: user=0.12 sys=0.01, real=0.05 secs] 
1701.001: [GC [PSYoungGen: 320090K->16495K(326016K)] 683117K->385743K(1025088K), 0.0409760 secs] [Times: user=0.11 sys=0.00, real=0.04 secs] 
1701.480: [GC [PSYoungGen: 319279K->19478K(326464K)] 688527K->393940K(1025536K), 0.0716650 secs] [Times: user=0.12 sys=0.01, real=0.07 secs] 
1701.935: [GC [PSYoungGen: 322902K->16535K(326464K)] 697364K->397042K(1025536K), 0.0589720 secs] [Times: user=0.11 sys=0.00, real=0.06 secs] 
1702.415: [GC [PSYoungGen: 319959K->15887K(326720K)] 700466K->404394K(1025792K), 0.0544860 secs] [Times: user=0.13 sys=0.00, real=0.06 secs] 
1702.826: [GC [PSYoungGen: 319695K->19545K(326592K)] 708202K->414808K(1025664K), 0.0617130 secs] [Times: user=0.12 sys=0.00, real=0.06 secs] 
1703.267: [GC [PSYoungGen: 323353K->14962K(326464K)] 718616K->418398K(1025536K), 0.0462670 secs] [Times: user=0.11 sys=0.00, real=0.05 secs] 
1703.645: [GC [PSYoungGen: 318514K->20365K(323968K)] 721950K->427942K(1023040K), 0.0392740 secs] [Times: user=0.12 sys=0.01, real=0.04 secs] 
1704.163: [GC [PSYoungGen: 323917K->19577K(326080K)] 731494K->433575K(1025152K), 0.0470440 secs] [Times: user=0.11 sys=0.00, real=0.05 secs] 
1704.573: [GC [PSYoungGen: 322233K->19088K(326080K)] 736231K->438160K(1025152K), 0.0507450 secs] [Times: user=0.13 sys=0.00, real=0.05 secs] 
1704.939: [GC [PSYoungGen: 321744K->14397K(325888K)] 740816K->441464K(1024960K), 0.0725460 secs] [Times: user=0.11 sys=0.00, real=0.08 secs] 
1705.312: [GC [PSYoungGen: 317053K->21499K(324160K)] 744120K->452614K(1023232K), 0.0534860 secs] [Times: user=0.12 sys=0.00, real=0.05 secs] 
1705.747: [GC [PSYoungGen: 324155K->18661K(325760K)] 755270K->458421K(1024832K), 0.0610400 secs] [Times: user=0.14 sys=0.00, real=0.06 secs] 
1706.141: [GC [PSYoungGen: 320229K->20668K(325312K)] 759989K->464506K(1024384K), 0.0505990 secs] [Times: user=0.13 sys=0.01, real=0.05 secs] 
1706.596: [GC [PSYoungGen: 322236K->15280K(325376K)] 766074K->466099K(1024448K), 0.0638220 secs] [Times: user=0.11 sys=0.00, real=0.07 secs] 
1707.074: [GC [PSYoungGen: 316528K->20598K(321856K)] 767347K->477032K(1020928K), 0.0565620 secs] [Times: user=0.13 sys=0.01, real=0.06 secs] 
1707.565: [GC [PSYoungGen: 321846K->15083K(325120K)] 778280K->479345K(1024192K), 0.0558270 secs] [Times: user=0.10 sys=0.00, real=0.05 secs] 
1707.927: [GC [PSYoungGen: 315819K->18634K(325120K)] 780081K->489041K(1024192K), 0.0505630 secs] [Times: user=0.12 sys=0.00, real=0.05 secs] 
1708.389: [GC [PSYoungGen: 319370K->19780K(325440K)] 789777K->498749K(1024512K), 0.0503800 secs] [Times: user=0.13 sys=0.00, real=0.05 secs] 
1708.764: [GC [PSYoungGen: 321284K->13683K(315200K)] 800253K->498725K(1014272K), 0.0553870 secs] [Times: user=0.10 sys=0.00, real=0.05 secs] 
1709.216: [GC [PSYoungGen: 315187K->19067K(325504K)] 800229K->506927K(1024576K), 0.0359830 secs] [Times: user=0.11 sys=0.00, real=0.04 secs] 
1709.642: [GC [PSYoungGen: 320379K->19371K(325312K)] 808239K->515110K(1024384K), 0.0540560 secs] [Times: user=0.13 sys=0.00, real=0.05 secs] 
1710.088: [GC [PSYoungGen: 320683K->15542K(325696K)] 816422K->518087K(1024768K), 0.0360230 secs] [Times: user=0.10 sys=0.00, real=0.04 secs] 
1710.451: [GC [PSYoungGen: 317302K->18077K(325568K)] 819847K->526080K(1024640K), 0.0538530 secs] [Times: user=0.11 sys=0.00, real=0.05 secs] 
1710.845: [GC [PSYoungGen: 319836K->16832K(326592K)] 827839K->531611K(1025664K), 0.0497620 secs] [Times: user=0.12 sys=0.00, real=0.05 secs] 
1711.261: [GC [PSYoungGen: 320128K->16542K(326208K)] 834907K->538640K(1025280K), 0.0475190 secs] [Times: user=0.11 sys=0.00, real=0.04 secs] 
1711.697: [GC [PSYoungGen: 319838K->17404K(327360K)] 841936K->542976K(1026432K), 0.0472810 secs] [Times: user=0.10 sys=0.00, real=0.05 secs] 
1712.097: [GC [PSYoungGen: 322172K->20486K(325312K)] 847744K->552973K(1024384K), 0.0484910 secs] [Times: user=0.12 sys=0.00, real=0.05 secs] 
1712.595: [GC [PSYoungGen: 325254K->22682K(324160K)] 857741K->564404K(1023232K), 0.0692620 secs] [Times: user=0.15 sys=0.00, real=0.07 secs] 
1712.973: [GC [PSYoungGen: 324058K->17033K(325440K)] 865780K->567162K(1024512K), 0.0437370 secs] [Times: user=0.13 sys=0.00, real=0.04 secs] 
1713.418: [GC [PSYoungGen: 318409K->16978K(326080K)] 868538K->571953K(1025152K), 0.0547180 secs] [Times: user=0.10 sys=0.01, real=0.06 secs] 
1713.943: [GC [PSYoungGen: 319314K->22228K(324608K)] 874289K->584912K(1023680K), 0.0771790 secs] [Times: user=0.13 sys=0.00, real=0.07 secs] 
1714.322: [GC [PSYoungGen: 324564K->17614K(325568K)] 887248K->590150K(1024640K), 0.0512650 secs] [Times: user=0.13 sys=0.00, real=0.05 secs] 
1714.706: [GC [PSYoungGen: 318798K->16735K(325120K)] 891334K->596275K(1024192K), 0.0529390 secs] [Times: user=0.12 sys=0.00, real=0.05 secs] 
1715.096: [GC [PSYoungGen: 317919K->18861K(326144K)] 897459K->604689K(1025216K), 0.0438720 secs] [Times: user=0.12 sys=0.01, real=0.04 secs] 
1715.525: [GC [PSYoungGen: 321325K->18152K(325824K)] 907153K->610395K(1024896K), 0.0668060 secs] [Times: user=0.13 sys=0.00, real=0.07 secs] 
1715.900: [GC [PSYoungGen: 320616K->18006K(326976K)] 912859K->614196K(1026048K), 0.0457000 secs] [Times: user=0.11 sys=0.00, real=0.05 secs] 
1716.279: [GC [PSYoungGen: 322070K->13515K(326592K)] 918260K->614982K(1025664K), 0.0634970 secs] [Times: user=0.10 sys=0.00, real=0.07 secs] 
1716.705: [GC [PSYoungGen: 317579K->21092K(325184K)] 919046K->627897K(1024256K), 0.0528650 secs] [Times: user=0.13 sys=0.00, real=0.05 secs] 
1717.049: [GC [PSYoungGen: 323364K->18801K(325888K)] 930169K->636063K(1024960K), 0.0580770 secs] [Times: user=0.14 sys=0.00, real=0.06 secs] 
1717.455: [GC [PSYoungGen: 321073K->18250K(326656K)] 938335K->641090K(1025728K), 0.0673390 secs] [Times: user=0.11 sys=0.01, real=0.07 secs] 
1717.935: [GC [PSYoungGen: 321610K->19474K(326208K)] 944450K->646677K(1025280K), 0.0502170 secs] [Times: user=0.12 sys=0.00, real=0.05 secs] 
1718.292: [GC [PSYoungGen: 322834K->18465K(327040K)] 950037K->652969K(1026112K), 0.0444740 secs] [Times: user=0.12 sys=0.00, real=0.04 secs] 
1718.727: [GC [PSYoungGen: 322657K->15402K(326656K)] 957161K->656912K(1025728K), 0.0502250 secs] [Times: user=0.11 sys=0.00, real=0.05 secs] 
1719.212: [GC [PSYoungGen: 319594K->15096K(326848K)] 961104K->662613K(1025920K), 0.0427890 secs] [Times: user=0.11 sys=0.00, real=0.05 secs] 
1719.579: [GC [PSYoungGen: 319416K->16997K(326912K)] 966933K->669996K(1025984K), 0.0492900 secs] [Times: user=0.11 sys=0.00, real=0.05 secs] 
1719.977: [GC [PSYoungGen: 321317K->15599K(327360K)] 974316K->673457K(1026432K), 0.0501830 secs] [Times: user=0.10 sys=0.00, real=0.05 secs] 
1720.357: [GC [PSYoungGen: 320751K->17689K(327296K)] 978609K->681453K(1026368K), 0.0525320 secs] [Times: user=0.12 sys=0.00, real=0.05 secs] 
1720.779: [GC [PSYoungGen: 322841K->21756K(318656K)] 986605K->694765K(1017728K), 0.0633120 secs] [Times: user=0.15 sys=0.00, real=0.06 secs] 
1721.244: [GC [PSYoungGen: 318652K->16977K(323200K)] 991661K->698732K(1022272K), 0.0446380 secs] [Times: user=0.12 sys=0.00, real=0.04 secs] 
1721.575: [GC [PSYoungGen: 313873K->19658K(323968K)] 995628K->704900K(1023040K), 0.0533400 secs] [Times: user=0.12 sys=0.00, real=0.05 secs] 
1721.971: [GC [PSYoungGen: 317706K->14074K(323584K)] 1002948K->708798K(1022656K), 0.0364030 secs] [Times: user=0.12 sys=0.00, real=0.04 secs] 
1722.007: [Full GC [PSYoungGen: 14074K->0K(323584K)] [PSOldGen: 694723K->318990K(699072K)] 708798K->318990K(1022656K) [PSPermGen: 91490K->91490K(262144K)], 1.5545800 secs] [Times: user=1.55 sys=0.00, real=1.55 secs] 
1723.918: [GC [PSYoungGen: 298035K->22707K(322048K)] 617026K->341698K(1021120K), 0.0465210 secs] [Times: user=0.11 sys=0.00, real=0.05 secs] 
1724.370: [GC [PSYoungGen: 319091K->18883K(322944K)] 638082K->350365K(1022016K), 0.0677980 secs] [Times: user=0.13 sys=0.00, real=0.07 secs] 
1724.757: [GC [PSYoungGen: 315267K->17707K(324160K)] 646749K->355620K(1023232K), 0.0455510 secs] [Times: user=0.11 sys=0.00, real=0.04 secs] 
1725.114: [GC [PSYoungGen: 316011K->15775K(323648K)] 653924K->361059K(1022720K), 0.0608230 secs] [Times: user=0.12 sys=0.00, real=0.06 secs] 
1725.611: [GC [PSYoungGen: 314079K->19952K(324480K)] 659363K->373684K(1023552K), 0.0617840 secs] [Times: user=0.13 sys=0.01, real=0.06 secs] 
1726.014: [GC [PSYoungGen: 319280K->16297K(324352K)] 673012K->379982K(1023424K), 0.0714500 secs] [Times: user=0.12 sys=0.00, real=0.07 secs] 
1726.442: [GC [PSYoungGen: 315622K->16301K(325056K)] 679307K->385000K(1024128K), 0.0463790 secs] [Times: user=0.10 sys=0.00, real=0.05 secs] 
1726.826: [GC [PSYoungGen: 316589K->18143K(324736K)] 685288K->392782K(1023808K), 0.0458230 secs] [Times: user=0.12 sys=0.00, real=0.04 secs] 
1727.189: [GC [PSYoungGen: 318427K->18343K(326144K)] 693066K->402024K(1025216K), 0.0511520 secs] [Times: user=0.12 sys=0.00, real=0.05 secs] 
1727.577: [GC [PSYoungGen: 320615K->15848K(325632K)] 704296K->404782K(1024704K), 0.0411020 secs] [Times: user=0.10 sys=0.00, real=0.04 secs] 
1728.038: [GC [PSYoungGen: 318120K->17861K(326784K)] 707054K->411958K(1025856K), 0.0473450 secs] [Times: user=0.12 sys=0.00, real=0.05 secs] 
1728.386: [GC [PSYoungGen: 321413K->14597K(326272K)] 715510K->416238K(1025344K), 0.0412890 secs] [Times: user=0.11 sys=0.00, real=0.04 secs] 
1728.850: [GC [PSYoungGen: 318149K->19459K(326336K)] 719790K->427010K(1025408K), 0.0374830 secs] [Times: user=0.11 sys=0.00, real=0.04 secs] 
1729.250: [GC [PSYoungGen: 323011K->19311K(322880K)] 730562K->434852K(1021952K), 0.0556340 secs] [Times: user=0.14 sys=0.00, real=0.06 secs] 
1729.698: [GC [PSYoungGen: 322863K->19005K(326592K)] 738404K->440470K(1025664K), 0.0358130 secs] [Times: user=0.11 sys=0.00, real=0.03 secs] 
1730.071: [GC [PSYoungGen: 322557K->18057K(326464K)] 744022K->447015K(1025536K), 0.0470880 secs] [Times: user=0.12 sys=0.00, real=0.05 secs] 
1730.490: [GC [PSYoungGen: 321609K->15677K(327104K)] 750567K->450176K(1026176K), 0.0481030 secs] [Times: user=0.10 sys=0.00, real=0.05 secs] 
1730.841: [GC [PSYoungGen: 320317K->17232K(327040K)] 754816K->456386K(1026112K), 0.0419720 secs] [Times: user=0.11 sys=0.00, real=0.04 secs] 
1731.236: [GC [PSYoungGen: 321872K->19248K(327168K)] 761026K->462513K(1026240K), 0.0511690 secs] [Times: user=0.11 sys=0.00, real=0.05 secs] 
1731.577: [GC [PSYoungGen: 324336K->17798K(327296K)] 767601K->468725K(1026368K), 0.0668930 secs] [Times: user=0.12 sys=0.00, real=0.06 secs] 
1732.015: [GC [PSYoungGen: 322886K->17012K(328000K)] 773813K->474542K(1027072K), 0.0361350 secs] [Times: user=0.12 sys=0.00, real=0.03 secs] 
1732.478: [GC [PSYoungGen: 323252K->16476K(327744K)] 780782K->479697K(1026816K), 0.0446570 secs] [Times: user=0.11 sys=0.00, real=0.04 secs] 
1732.825: [GC [PSYoungGen: 322716K->21361K(321600K)] 785937K->490599K(1020672K), 0.0571950 secs] [Times: user=0.12 sys=0.00, real=0.05 secs] 
1733.260: [GC [PSYoungGen: 321585K->15820K(324864K)] 790823K->495053K(1023936K), 0.0540890 secs] [Times: user=0.12 sys=0.00, real=0.06 secs] 
1733.702: [GC [PSYoungGen: 316044K->18138K(325568K)] 795277K->501845K(1024640K), 0.0526410 secs] [Times: user=0.12 sys=0.01, real=0.05 secs] 
1734.273: [GC [PSYoungGen: 319194K->17037K(324992K)] 802901K->505382K(1024064K), 0.0397670 secs] [Times: user=0.11 sys=0.01, real=0.04 secs] 
1734.699: [GC [PSYoungGen: 318093K->18271K(326400K)] 806438K->513667K(1025472K), 0.0649770 secs] [Times: user=0.13 sys=0.01, real=0.06 secs] 
1735.060: [GC [PSYoungGen: 321119K->18941K(325952K)] 816515K->520965K(1025024K), 0.0574230 secs] [Times: user=0.12 sys=0.00, real=0.06 secs] 
1735.464: [GC [PSYoungGen: 321789K->16195K(326720K)] 823813K->525289K(1025792K), 0.0485330 secs] [Times: user=0.12 sys=0.00, real=0.05 secs] 
1735.936: [GC [PSYoungGen: 320067K->15918K(326656K)] 829161K->528831K(1025728K), 0.0449560 secs] [Times: user=0.10 sys=0.00, real=0.04 secs] 
1736.338: [GC [PSYoungGen: 319790K->18025K(327232K)] 832703K->536389K(1026304K), 0.0488690 secs] [Times: user=0.11 sys=0.00, real=0.05 secs] 
1736.768: [GC [PSYoungGen: 322601K->17631K(326848K)] 840965K->545132K(1025920K), 0.0530550 secs] [Times: user=0.12 sys=0.01, real=0.05 secs] 
1737.205: [GC [PSYoungGen: 322207K->15888K(327744K)] 849708K->548619K(1026816K), 0.0498360 secs] [Times: user=0.11 sys=0.00, real=0.05 secs] 
1737.581: [GC [PSYoungGen: 321808K->18526K(327680K)] 854539K->556803K(1026752K), 0.0542600 secs] [Times: user=0.11 sys=0.00, real=0.05 secs] 
1738.175: [GC [PSYoungGen: 324446K->17063K(328064K)] 862723K->564055K(1027136K), 0.0532000 secs] [Times: user=0.13 sys=0.00, real=0.06 secs] 
1738.631: [GC [PSYoungGen: 323431K->17652K(327808K)] 870423K->569574K(1026880K), 0.0682650 secs] [Times: user=0.11 sys=0.00, real=0.07 secs] 
1739.050: [GC [PSYoungGen: 324020K->17797K(328768K)] 875942K->574293K(1027840K), 0.0464430 secs] [Times: user=0.11 sys=0.00, real=0.05 secs] 
1739.454: [GC [PSYoungGen: 325509K->20731K(328448K)] 882005K->585480K(1027520K), 0.0635770 secs] [Times: user=0.14 sys=0.00, real=0.07 secs] 
1739.834: [GC [PSYoungGen: 328439K->18482K(322304K)] 893189K->592430K(1021376K), 0.0806070 secs] [Times: user=0.13 sys=0.00, real=0.08 secs] 
1740.294: [GC [PSYoungGen: 319730K->19954K(325376K)] 893678K->599997K(1024448K), 0.0504290 secs] [Times: user=0.13 sys=0.00, real=0.05 secs] 
1740.692: [GC [PSYoungGen: 321202K->18528K(325952K)] 901245K->604471K(1025024K), 0.0628970 secs] [Times: user=0.12 sys=0.00, real=0.06 secs] 
1741.156: [GC [PSYoungGen: 320480K->20180K(325504K)] 906423K->612894K(1024576K), 0.0677700 secs] [Times: user=0.13 sys=0.00, real=0.07 secs] 
1741.590: [GC [PSYoungGen: 322132K->19360K(326208K)] 914846K->617134K(1025280K), 0.0561590 secs] [Times: user=0.12 sys=0.00, real=0.05 secs] 
1742.012: [GC [PSYoungGen: 321952K->15653K(325888K)] 919726K->619486K(1024960K), 0.0572360 secs] [Times: user=0.12 sys=0.00, real=0.06 secs] 
1742.497: [GC [PSYoungGen: 318245K->16900K(326272K)] 922078K->629594K(1025344K), 0.0694090 secs] [Times: user=0.13 sys=0.00, real=0.06 secs] 
1742.918: [GC [PSYoungGen: 319748K->18484K(326080K)] 932442K->637207K(1025152K), 0.0554250 secs] [Times: user=0.12 sys=0.00, real=0.05 secs] 
1743.384: [GC [PSYoungGen: 321332K->18631K(327104K)] 940055K->644024K(1026176K), 0.0379700 secs] [Times: user=0.12 sys=0.00, real=0.04 secs] 
1743.730: [GC [PSYoungGen: 322951K->16973K(326720K)] 948344K->649481K(1025792K), 0.0621620 secs] [Times: user=0.12 sys=0.00, real=0.06 secs] 
1744.169: [GC [PSYoungGen: 321293K->14978K(326848K)] 953801K->652361K(1025920K), 0.0526110 secs] [Times: user=0.11 sys=0.00, real=0.05 secs] 
1744.592: [GC [PSYoungGen: 319554K->18403K(327040K)] 956937K->663175K(1026112K), 0.0532630 secs] [Times: user=0.13 sys=0.00, real=0.05 secs] 
1744.984: [GC [PSYoungGen: 322979K->18441K(327616K)] 967751K->670781K(1026688K), 0.0591150 secs] [Times: user=0.13 sys=0.00, real=0.06 secs] 
1745.456: [GC [PSYoungGen: 323849K->20926K(326336K)] 976189K->680737K(1025408K), 0.0599860 secs] [Times: user=0.13 sys=0.00, real=0.06 secs] 
1745.940: [GC [PSYoungGen: 326334K->16503K(327040K)] 986145K->683257K(1026112K), 0.0993340 secs] [Times: user=0.11 sys=0.01, real=0.10 secs] 
1746.331: [GC [PSYoungGen: 320951K->19872K(324352K)] 987705K->689860K(1023424K), 0.0464730 secs] [Times: user=0.12 sys=0.00, real=0.05 secs] 
1746.715: [GC [PSYoungGen: 324320K->15164K(326592K)] 994308K->692625K(1025664K), 0.0498540 secs] [Times: user=0.12 sys=0.00, real=0.05 secs] 
1747.214: [GC [PSYoungGen: 319100K->21358K(325312K)] 996561K->703491K(1024384K), 0.0427600 secs] [Times: user=0.13 sys=0.00, real=0.05 secs] 
1747.630: [GC [PSYoungGen: 325294K->18231K(326464K)] 1007427K->706221K(1025536K), 0.0552360 secs] [Times: user=0.12 sys=0.00, real=0.05 secs] 
1748.058: [GC [PSYoungGen: 321143K->21292K(324224K)] 1009133K->715169K(1023296K), 0.0816240 secs] [Times: user=0.13 sys=0.00, real=0.08 secs] 
1748.140: [Full GC [PSYoungGen: 21292K->0K(324224K)] [PSOldGen: 693877K->323780K(699072K)] 715169K->323780K(1023296K) [PSPermGen: 91507K->91507K(262144K)], 1.7068160 secs] [Times: user=1.71 sys=0.01, real=1.70 secs] 
1750.164: [GC [PSYoungGen: 302912K->17214K(326080K)] 626692K->340995K(1025152K), 0.0377340 secs] [Times: user=0.09 sys=0.00, real=0.04 secs] 
1750.536: [GC [PSYoungGen: 319614K->18151K(325824K)] 643395K->346435K(1024896K), 0.0570280 secs] [Times: user=0.10 sys=0.00, real=0.06 secs] 
1750.932: [GC [PSYoungGen: 320551K->19767K(326400K)] 648835K->354017K(1025472K), 0.0589410 secs] [Times: user=0.11 sys=0.01, real=0.06 secs] 
1751.475: [GC [PSYoungGen: 323191K->18413K(326464K)] 657441K->361810K(1025536K), 0.0533020 secs] [Times: user=0.13 sys=0.00, real=0.06 secs] 
1751.931: [GC [PSYoungGen: 321837K->17254K(327040K)] 665234K->365501K(1026112K), 0.0452490 secs] [Times: user=0.11 sys=0.00, real=0.04 secs] 
1752.358: [GC [PSYoungGen: 321702K->19556K(326912K)] 669949K->373465K(1025984K), 0.0604600 secs] [Times: user=0.12 sys=0.00, real=0.06 secs] 
1752.789: [GC [PSYoungGen: 324004K->16750K(327104K)] 677913K->377113K(1026176K), 0.0430390 secs] [Times: user=0.10 sys=0.00, real=0.04 secs] 
1753.223: [GC [PSYoungGen: 321390K->15989K(327040K)] 681753K->381904K(1026112K), 0.0574810 secs] [Times: user=0.10 sys=0.01, real=0.06 secs] 
1753.635: [GC [PSYoungGen: 320629K->14664K(326848K)] 686544K->388719K(1025920K), 0.0640450 secs] [Times: user=0.12 sys=0.00, real=0.07 secs] 
1754.029: [GC [PSYoungGen: 319112K->18950K(326976K)] 693167K->398458K(1026048K), 0.0493360 secs] [Times: user=0.12 sys=0.00, real=0.04 secs] 
1754.457: [GC [PSYoungGen: 323398K->14931K(326848K)] 702906K->402631K(1025920K), 0.0531060 secs] [Times: user=0.10 sys=0.00, real=0.06 secs] 
1754.839: [GC [PSYoungGen: 319251K->18729K(326912K)] 706951K->413296K(1025984K), 0.0651910 secs] [Times: user=0.13 sys=0.01, real=0.06 secs] 
1755.331: [GC [PSYoungGen: 323049K->18787K(327104K)] 717616K->422296K(1026176K), 0.0659160 secs] [Times: user=0.13 sys=0.01, real=0.06 secs] 
1755.820: [GC [PSYoungGen: 323427K->21576K(326272K)] 726936K->430355K(1025344K), 0.0487650 secs] [Times: user=0.12 sys=0.00, real=0.05 secs] 
1756.214: [GC [PSYoungGen: 326216K->15561K(326144K)] 734995K->431621K(1025216K), 0.0475240 secs] [Times: user=0.12 sys=0.00, real=0.05 secs] 
1756.664: [GC [PSYoungGen: 318473K->17034K(326208K)] 734533K->437110K(1025280K), 0.0473590 secs] [Times: user=0.09 sys=0.00, real=0.05 secs] 
1757.087: [GC [PSYoungGen: 319946K->17683K(327104K)] 740022K->443967K(1026176K), 0.0525170 secs] [Times: user=0.12 sys=0.01, real=0.06 secs] 
1757.457: [GC [PSYoungGen: 321875K->19825K(326592K)] 748159K->451903K(1025664K), 0.0527060 secs] [Times: user=0.13 sys=0.00, real=0.06 secs] 
1757.930: [GC [PSYoungGen: 324017K->17844K(327232K)] 756095K->454608K(1026304K), 0.0607090 secs] [Times: user=0.11 sys=0.00, real=0.06 secs] 
1758.370: [GC [PSYoungGen: 322356K->14226K(326784K)] 759120K->458660K(1025856K), 0.0476000 secs] [Times: user=0.10 sys=0.00, real=0.04 secs] 
1758.911: [GC [PSYoungGen: 318733K->17041K(327360K)] 763167K->465249K(1026432K), 0.0631720 secs] [Times: user=0.12 sys=0.00, real=0.06 secs] 
1759.350: [GC [PSYoungGen: 321937K->18153K(327040K)] 770145K->473219K(1026112K), 0.0549970 secs] [Times: user=0.12 sys=0.00, real=0.05 secs] 
1759.760: [GC [PSYoungGen: 323049K->18909K(327488K)] 778115K->477367K(1026560K), 0.1283980 secs] [Times: user=0.11 sys=0.00, real=0.13 secs] 
1760.283: [GC [PSYoungGen: 324509K->17251K(327552K)] 782967K->481849K(1026624K), 0.0473540 secs] [Times: user=0.11 sys=0.01, real=0.05 secs] 
1760.733: [GC [PSYoungGen: 322851K->20800K(326464K)] 787449K->490840K(1025536K), 0.0694650 secs] [Times: user=0.12 sys=0.01, real=0.07 secs] 
1761.193: [GC [PSYoungGen: 325632K->18413K(327168K)] 795672K->495099K(1026240K), 0.0775240 secs] [Times: user=0.12 sys=0.00, real=0.08 secs] 
1761.650: [GC [PSYoungGen: 323245K->17280K(327680K)] 799931K->501392K(1026752K), 0.0549930 secs] [Times: user=0.12 sys=0.00, real=0.05 secs] 
1762.117: [GC [PSYoungGen: 322880K->18173K(327424K)] 806992K->505939K(1026496K), 0.0373090 secs] [Times: user=0.11 sys=0.00, real=0.04 secs] 
1762.577: [GC [PSYoungGen: 323773K->17766K(328320K)] 811539K->515396K(1027392K), 0.0629090 secs] [Times: user=0.13 sys=0.01, real=0.07 secs] 
1763.015: [GC [PSYoungGen: 324582K->14703K(328000K)] 822212K->517663K(1027072K), 0.0611490 secs] [Times: user=0.10 sys=0.00, real=0.06 secs] 
1763.489: [GC [PSYoungGen: 321519K->16280K(328192K)] 824479K->523361K(1027264K), 0.0602270 secs] [Times: user=0.10 sys=0.00, real=0.06 secs] 
1763.891: [GC [PSYoungGen: 323032K->19885K(326656K)] 830113K->533065K(1025728K), 0.0522010 secs] [Times: user=0.12 sys=0.00, real=0.05 secs] 
1764.281: [GC [PSYoungGen: 326637K->20526K(326464K)] 839817K->539841K(1025536K), 0.0595750 secs] [Times: user=0.13 sys=0.01, real=0.06 secs] 
1764.669: [GC [PSYoungGen: 325230K->16540K(327104K)] 844545K->541987K(1026176K), 0.0474340 secs] [Times: user=0.11 sys=0.00, real=0.05 secs] 
1765.015: [GC [PSYoungGen: 321244K->21034K(325760K)] 846691K->552756K(1024832K), 0.0634270 secs] [Times: user=0.13 sys=0.00, real=0.06 secs] 
1765.459: [GC [PSYoungGen: 324586K->12825K(316416K)] 856308K->551915K(1015488K), 0.0491420 secs] [Times: user=0.10 sys=0.00, real=0.05 secs] 
1765.801: [GC [PSYoungGen: 316377K->18371K(326400K)] 855467K->561185K(1025472K), 0.0664790 secs] [Times: user=0.11 sys=0.00, real=0.06 secs] 
1766.194: [GC [PSYoungGen: 321347K->16204K(326080K)] 864161K->569513K(1025152K), 0.0515500 secs] [Times: user=0.13 sys=0.00, real=0.05 secs] 
1766.632: [GC [PSYoungGen: 319180K->18075K(327040K)] 872489K->576954K(1026112K), 0.0747470 secs] [Times: user=0.11 sys=0.00, real=0.07 secs] 
1767.121: [GC [PSYoungGen: 322267K->19692K(326656K)] 881146K->584001K(1025728K), 0.0470070 secs] [Times: user=0.13 sys=0.00, real=0.04 secs] 
1767.524: [GC [PSYoungGen: 323884K->18910K(326848K)] 888193K->586361K(1025920K), 0.0619930 secs] [Times: user=0.11 sys=0.00, real=0.06 secs] 
1768.050: [GC [PSYoungGen: 322974K->19256K(326720K)] 890425K->592853K(1025792K), 0.0721150 secs] [Times: user=0.12 sys=0.00, real=0.07 secs] 
1768.523: [GC [PSYoungGen: 323320K->15692K(326848K)] 896917K->595707K(1025920K), 0.0574710 secs] [Times: user=0.11 sys=0.00, real=0.06 secs] 
1768.934: [GC [PSYoungGen: 319820K->14333K(318464K)] 899835K->597619K(1017536K), 0.0333800 secs] [Times: user=0.09 sys=0.00, real=0.03 secs] 
1769.329: [GC [PSYoungGen: 318461K->22004K(324416K)] 901747K->610633K(1023488K), 0.0580030 secs] [Times: user=0.13 sys=0.00, real=0.06 secs] 
1769.755: [GC [PSYoungGen: 323636K->16637K(325568K)] 912265K->615200K(1024640K), 0.0650540 secs] [Times: user=0.12 sys=0.00, real=0.07 secs] 
1770.175: [GC [PSYoungGen: 318269K->17570K(326528K)] 916832K->621693K(1025600K), 0.0375030 secs] [Times: user=0.12 sys=0.00, real=0.04 secs] 
1770.624: [GC [PSYoungGen: 320546K->15040K(325952K)] 924669K->625783K(1025024K), 0.0539420 secs] [Times: user=0.11 sys=0.01, real=0.05 secs] 
1770.994: [GC [PSYoungGen: 318016K->22396K(324096K)] 928759K->639120K(1023168K), 0.0533040 secs] [Times: user=0.13 sys=0.00, real=0.05 secs] 
1771.485: [GC [PSYoungGen: 323514K->16660K(325312K)] 940238K->645197K(1024384K), 0.0401710 secs] [Times: user=0.12 sys=0.01, real=0.04 secs] 
1771.804: [GC [PSYoungGen: 317780K->19666K(325568K)] 946317K->651657K(1024640K), 0.0471420 secs] [Times: user=0.12 sys=0.00, real=0.05 secs] 
1772.199: [GC [PSYoungGen: 321426K->14401K(316224K)] 953417K->651779K(1015296K), 0.0412400 secs] [Times: user=0.10 sys=0.00, real=0.05 secs] 
1772.541: [GC [PSYoungGen: 316161K->15968K(325888K)] 953539K->660693K(1024960K), 0.0526110 secs] [Times: user=0.11 sys=0.00, real=0.05 secs] 
1772.934: [GC [PSYoungGen: 317912K->14370K(325568K)] 962637K->665005K(1024640K), 0.0442530 secs] [Times: user=0.11 sys=0.00, real=0.04 secs] 
1773.388: [GC [PSYoungGen: 316322K->18608K(326080K)] 966957K->676280K(1025152K), 0.0696100 secs] [Times: user=0.13 sys=0.00, real=0.07 secs] 
1773.744: [GC [PSYoungGen: 321136K->16429K(325952K)] 978808K->681506K(1025024K), 0.0467300 secs] [Times: user=0.12 sys=0.00, real=0.04 secs] 
1774.198: [GC [PSYoungGen: 318957K->20964K(324864K)] 984034K->689987K(1023936K), 0.0443370 secs] [Times: user=0.12 sys=0.00, real=0.05 secs] 
1774.629: [GC [PSYoungGen: 322852K->15384K(325696K)] 991875K->695405K(1024768K), 0.0460470 secs] [Times: user=0.13 sys=0.00, real=0.05 secs] 
1775.013: [GC [PSYoungGen: 317272K->14539K(326080K)] 997293K->698899K(1025152K), 0.0901360 secs] [Times: user=0.21 sys=0.00, real=0.09 secs] 
1775.433: [GC [PSYoungGen: 317067K->16459K(325952K)] 1001427K->705388K(1025024K), 0.0459760 secs] [Times: user=0.11 sys=0.00, real=0.04 secs] 
1775.479: [Full GC [PSYoungGen: 16459K->0K(325952K)] [PSOldGen: 688928K->322735K(699072K)] 705388K->322735K(1025024K) [PSPermGen: 91521K->91521K(262144K)], 1.6323160 secs] [Times: user=1.61 sys=0.03, real=1.64 secs] 
1777.551: [GC [PSYoungGen: 302528K->21364K(324544K)] 625263K->344100K(1023616K), 0.0514600 secs] [Times: user=0.09 sys=0.00, real=0.05 secs] 
1777.938: [GC [PSYoungGen: 322996K->22094K(323776K)] 645732K->352196K(1022848K), 0.0699660 secs] [Times: user=0.13 sys=0.00, real=0.07 secs] 
1778.345: [GC [PSYoungGen: 323726K->15535K(324800K)] 653828K->351528K(1023872K), 0.0500990 secs] [Times: user=0.10 sys=0.00, real=0.05 secs] 
1778.678: [GC [PSYoungGen: 315369K->22072K(321920K)] 651362K->361064K(1020992K), 0.0546950 secs] [Times: user=0.12 sys=0.00, real=0.06 secs] 
1779.046: [GC [PSYoungGen: 321912K->14155K(323968K)] 660904K->362269K(1023040K), 0.0452440 secs] [Times: user=0.10 sys=0.00, real=0.05 secs] 
1779.391: [GC [PSYoungGen: 312523K->16906K(323904K)] 660637K->368390K(1022976K), 0.0340610 secs] [Times: user=0.09 sys=0.00, real=0.03 secs] 
1779.795: [GC [PSYoungGen: 315274K->17072K(325248K)] 666758K->376341K(1024320K), 0.0652890 secs] [Times: user=0.12 sys=0.00, real=0.06 secs] 
1780.268: [GC [PSYoungGen: 317424K->18979K(324608K)] 676693K->385410K(1023680K), 0.0477330 secs] [Times: user=0.12 sys=0.00, real=0.05 secs] 
1780.648: [GC [PSYoungGen: 319331K->17067K(325888K)] 685762K->392334K(1024960K), 0.0886690 secs] [Times: user=0.13 sys=0.00, real=0.09 secs] 
1781.065: [GC [PSYoungGen: 318827K->18877K(325376K)] 694094K->398755K(1024448K), 0.0420420 secs] [Times: user=0.11 sys=0.00, real=0.04 secs] 
1781.526: [GC [PSYoungGen: 320637K->18990K(326144K)] 700515K->407681K(1025216K), 0.0653140 secs] [Times: user=0.12 sys=0.00, real=0.07 secs] 
1781.971: [GC [PSYoungGen: 321646K->18541K(326016K)] 710337K->413063K(1025088K), 0.0518020 secs] [Times: user=0.12 sys=0.00, real=0.06 secs] 
1782.359: [GC [PSYoungGen: 321197K->16258K(326656K)] 715719K->416492K(1025728K), 0.0456090 secs] [Times: user=0.11 sys=0.00, real=0.05 secs] 
1782.808: [GC [PSYoungGen: 319874K->13978K(326464K)] 720108K->419690K(1025536K), 0.0713930 secs] [Times: user=0.10 sys=0.00, real=0.07 secs] 
1783.191: [GC [PSYoungGen: 317594K->18752K(326592K)] 723306K->430295K(1025664K), 0.0690570 secs] [Times: user=0.12 sys=0.00, real=0.07 secs] 
1783.615: [GC [PSYoungGen: 322368K->15341K(326528K)] 733911K->434977K(1025600K), 0.0455820 secs] [Times: user=0.11 sys=0.00, real=0.04 secs] 
1783.995: [GC [PSYoungGen: 318957K->20256K(325696K)] 738593K->444812K(1024768K), 0.0717530 secs] [Times: user=0.12 sys=0.00, real=0.07 secs] 
1784.408: [GC [PSYoungGen: 323168K->21006K(323968K)] 747724K->453496K(1023040K), 0.0641810 secs] [Times: user=0.13 sys=0.02, real=0.07 secs] 
1784.764: [GC [PSYoungGen: 323918K->21230K(324352K)] 756408K->462620K(1023424K), 0.0615080 secs] [Times: user=0.13 sys=0.00, real=0.06 secs] 
1785.148: [GC [PSYoungGen: 321582K->19926K(324928K)] 762972K->469173K(1024000K), 0.0688500 secs] [Times: user=0.14 sys=0.00, real=0.07 secs] 
1785.612: [GC [PSYoungGen: 320278K->17427K(325376K)] 769525K->472345K(1024448K), 0.0588300 secs] [Times: user=0.13 sys=0.01, real=0.06 secs] 
1786.094: [GC [PSYoungGen: 318224K->19876K(324928K)] 773143K->478454K(1024000K), 0.0482750 secs] [Times: user=0.11 sys=0.01, real=0.05 secs] 
1786.454: [GC [PSYoungGen: 320676K->16448K(325568K)] 779254K->480344K(1024640K), 0.0422280 secs] [Times: user=0.11 sys=0.00, real=0.04 secs] 
1786.885: [GC [PSYoungGen: 317888K->14171K(325376K)] 781784K->485459K(1024448K), 0.0773380 secs] [Times: user=0.10 sys=0.00, real=0.07 secs] 
1787.309: [GC [PSYoungGen: 315611K->16894K(325888K)] 786899K->492526K(1024960K), 0.0703680 secs] [Times: user=0.10 sys=0.00, real=0.07 secs] 
1787.700: [GC [PSYoungGen: 318718K->23091K(324928K)] 794350K->506024K(1024000K), 0.0682470 secs] [Times: user=0.15 sys=0.00, real=0.07 secs] 
1788.170: [GC [PSYoungGen: 324915K->18734K(324992K)] 807848K->511310K(1024064K), 0.0790390 secs] [Times: user=0.13 sys=0.01, real=0.08 secs] 
1788.555: [GC [PSYoungGen: 319150K->17303K(324928K)] 811726K->517123K(1024000K), 0.0467460 secs] [Times: user=0.12 sys=0.00, real=0.04 secs] 
1788.896: [GC [PSYoungGen: 317719K->15904K(325632K)] 817539K->523400K(1024704K), 0.0708760 secs] [Times: user=0.15 sys=0.01, real=0.07 secs] 
1789.325: [GC [PSYoungGen: 317472K->17005K(325440K)] 824968K->530080K(1024512K), 0.0431730 secs] [Times: user=0.11 sys=0.00, real=0.04 secs] 
1789.693: [GC [PSYoungGen: 318573K->16400K(326336K)] 831648K->535417K(1025408K), 0.0494260 secs] [Times: user=0.11 sys=0.00, real=0.05 secs] 
1790.086: [GC [PSYoungGen: 319248K->15625K(326016K)] 838265K->542594K(1025088K), 0.0459920 secs] [Times: user=0.11 sys=0.00, real=0.04 secs] 
1790.554: [GC [PSYoungGen: 318473K->19419K(326144K)] 845442K->550715K(1025216K), 0.0447530 secs] [Times: user=0.11 sys=0.00, real=0.04 secs] 
1790.963: [GC [PSYoungGen: 322587K->20472K(323648K)] 853883K->559616K(1022720K), 0.0651100 secs] [Times: user=0.14 sys=0.00, real=0.06 secs] 
1791.376: [GC [PSYoungGen: 323640K->18122K(326400K)] 862784K->563082K(1025472K), 0.0507130 secs] [Times: user=0.12 sys=0.01, real=0.05 secs] 
1791.803: [GC [PSYoungGen: 320906K->15459K(325888K)] 865866K->565593K(1024960K), 0.0626060 secs] [Times: user=0.11 sys=0.00, real=0.06 secs] 
1792.274: [GC [PSYoungGen: 318243K->21389K(324800K)] 868377K->576527K(1023872K), 0.0518300 secs] [Times: user=0.13 sys=0.00, real=0.05 secs] 
1792.745: [GC [PSYoungGen: 323149K->20356K(322176K)] 878287K->583765K(1021248K), 0.0584280 secs] [Times: user=0.13 sys=0.00, real=0.06 secs] 
1793.154: [GC [PSYoungGen: 322116K->14583K(325248K)] 885525K->585839K(1024320K), 0.0469190 secs] [Times: user=0.10 sys=0.00, real=0.04 secs] 
1793.605: [GC [PSYoungGen: 315703K->14348K(325312K)] 886959K->590560K(1024384K), 0.0562230 secs] [Times: user=0.09 sys=0.00, real=0.05 secs] 
1794.029: [GC [PSYoungGen: 315468K->18875K(325504K)] 891680K->601518K(1024576K), 0.0597210 secs] [Times: user=0.12 sys=0.00, real=0.06 secs] 
1794.399: [GC [PSYoungGen: 320187K->16457K(325312K)] 902830K->608521K(1024384K), 0.0497520 secs] [Times: user=0.13 sys=0.00, real=0.05 secs] 
1794.828: [GC [PSYoungGen: 317769K->13964K(325888K)] 909833K->611293K(1024960K), 0.0416730 secs] [Times: user=0.10 sys=0.00, real=0.04 secs] 
1795.272: [GC [PSYoungGen: 316236K->20401K(322688K)] 913565K->623220K(1021760K), 0.0695840 secs] [Times: user=0.13 sys=0.00, real=0.07 secs] 
1795.633: [GC [PSYoungGen: 322673K->20734K(324352K)] 925492K->632414K(1023424K), 0.0593540 secs] [Times: user=0.14 sys=0.00, real=0.06 secs] 
1796.051: [GC [PSYoungGen: 320958K->14999K(324864K)] 932638K->632893K(1023936K), 0.0572220 secs] [Times: user=0.10 sys=0.00, real=0.06 secs] 
1796.530: [GC [PSYoungGen: 315223K->21037K(323776K)] 933117K->643225K(1022848K), 0.0595780 secs] [Times: user=0.12 sys=0.00, real=0.06 secs] 
1796.962: [GC [PSYoungGen: 320365K->18859K(324416K)] 942553K->647998K(1023488K), 0.0486340 secs] [Times: user=0.13 sys=0.00, real=0.05 secs] 
1797.435: [GC [PSYoungGen: 318187K->16208K(325184K)] 947326K->651078K(1024256K), 0.0466160 secs] [Times: user=0.12 sys=0.00, real=0.04 secs] 
1797.851: [GC [PSYoungGen: 316688K->13695K(324800K)] 951558K->654296K(1023872K), 0.0564320 secs] [Times: user=0.11 sys=0.01, real=0.06 secs] 
1798.272: [GC [PSYoungGen: 314175K->16957K(325696K)] 954776K->662339K(1024768K), 0.0512700 secs] [Times: user=0.12 sys=0.00, real=0.06 secs] 
1798.749: [GC [PSYoungGen: 318269K->18854K(325120K)] 963651K->673641K(1024192K), 0.0537090 secs] [Times: user=0.13 sys=0.00, real=0.05 secs] 
1799.125: [GC [PSYoungGen: 320166K->16993K(326336K)] 974953K->681244K(1025408K), 0.0648700 secs] [Times: user=0.13 sys=0.01, real=0.06 secs] 
1799.521: [GC [PSYoungGen: 319649K->19324K(325824K)] 983900K->688812K(1024896K), 0.0475460 secs] [Times: user=0.12 sys=0.00, real=0.05 secs] 
1799.893: [GC [PSYoungGen: 321980K->17665K(326784K)] 991468K->693532K(1025856K), 0.0521180 secs] [Times: user=0.13 sys=0.00, real=0.05 secs] 
1800.308: [GC [PSYoungGen: 321153K->15442K(326208K)] 997020K->697168K(1025280K), 0.0473270 secs] [Times: user=0.11 sys=0.00, real=0.05 secs] 
1800.727: [GC [PSYoungGen: 318930K->15570K(327104K)] 1000656K->703788K(1026176K), 0.0605410 secs] [Times: user=0.11 sys=0.00, real=0.06 secs] 
1801.180: [GC [PSYoungGen: 320082K->17203K(326912K)] 1008300K->712581K(1025984K), 0.0634740 secs] [Times: user=0.15 sys=0.01, real=0.06 secs] 
1801.244: [Full GC [PSYoungGen: 17203K->0K(326912K)] [PSOldGen: 695377K->285814K(699072K)] 712581K->285814K(1025984K) [PSPermGen: 91538K->91476K(262144K)], 1.7582800 secs] [Times: user=1.75 sys=0.00, real=1.76 secs] 
1803.453: [GC [PSYoungGen: 304512K->20211K(326336K)] 590326K->306025K(1025408K), 0.0801610 secs] [Times: user=0.13 sys=0.00, real=0.08 secs] 
1803.900: [GC [PSYoungGen: 324659K->19163K(323648K)] 610473K->316074K(1022720K), 0.0492900 secs] [Times: user=0.14 sys=0.00, real=0.05 secs] 
1804.320: [GC [PSYoungGen: 323611K->12890K(326208K)] 620522K->318035K(1025280K), 0.0571770 secs] [Times: user=0.11 sys=0.00, real=0.06 secs] 
1804.821: [GC [PSYoungGen: 316442K->17509K(326528K)] 621587K->327183K(1025600K), 0.0421230 secs] [Times: user=0.10 sys=0.00, real=0.04 secs] 
1805.210: [GC [PSYoungGen: 321061K->18573K(327040K)] 630735K->337332K(1026112K), 0.0699000 secs] [Times: user=0.13 sys=0.00, real=0.07 secs] 
1805.604: [GC [PSYoungGen: 323085K->15864K(326976K)] 641844K->342183K(1026048K), 0.0627930 secs] [Times: user=0.11 sys=0.00, real=0.07 secs] 
1806.110: [GC [PSYoungGen: 320376K->15664K(327488K)] 646695K->349168K(1026560K), 0.0434840 secs] [Times: user=0.11 sys=0.00, real=0.04 secs] 
1806.474: [GC [PSYoungGen: 320944K->17432K(327296K)] 654448K->356486K(1026368K), 0.0513580 secs] [Times: user=0.11 sys=0.00, real=0.05 secs] 
1806.888: [GC [PSYoungGen: 322712K->14711K(327936K)] 661766K->359259K(1027008K), 0.0535420 secs] [Times: user=0.10 sys=0.00, real=0.05 secs] 
1807.314: [GC [PSYoungGen: 321015K->18794K(325120K)] 665563K->368208K(1024192K), 0.0616470 secs] [Times: user=0.12 sys=0.00, real=0.06 secs] 
1807.674: [GC [PSYoungGen: 325098K->16209K(328000K)] 674512K->372509K(1027072K), 0.0482930 secs] [Times: user=0.10 sys=0.00, real=0.05 secs] 
1808.112: [GC [PSYoungGen: 322385K->16614K(327680K)] 678685K->379342K(1026752K), 0.0429050 secs] [Times: user=0.12 sys=0.00, real=0.04 secs] 
1808.519: [GC [PSYoungGen: 322790K->20584K(326464K)] 685518K->390458K(1025536K), 0.0645900 secs] [Times: user=0.13 sys=0.00, real=0.06 secs] 
1808.888: [GC [PSYoungGen: 325928K->15140K(327424K)] 695802K->395485K(1026496K), 0.0529050 secs] [Times: user=0.12 sys=0.00, real=0.05 secs] 
1809.463: [GC [PSYoungGen: 320484K->15843K(327808K)] 700829K->400004K(1026880K), 0.0619050 secs] [Times: user=0.10 sys=0.00, real=0.06 secs] 
1809.938: [GC [PSYoungGen: 321699K->13762K(327552K)] 705860K->403327K(1026624K), 0.0615510 secs] [Times: user=0.10 sys=0.01, real=0.06 secs] 
1810.311: [GC [PSYoungGen: 319618K->21757K(321472K)] 709183K->415990K(1020544K), 0.0398160 secs] [Times: user=0.13 sys=0.00, real=0.04 secs] 
1810.736: [GC [PSYoungGen: 321469K->18355K(324608K)] 715702K->424863K(1023680K), 0.0627290 secs] [Times: user=0.14 sys=0.00, real=0.06 secs] 
1811.106: [GC [PSYoungGen: 318067K->19406K(325120K)] 724575K->431644K(1024192K), 0.0424800 secs] [Times: user=0.11 sys=0.00, real=0.05 secs] 
1811.522: [GC [PSYoungGen: 320078K->15707K(325056K)] 732316K->431097K(1024128K), 0.0493740 secs] [Times: user=0.11 sys=0.00, real=0.05 secs] 
1811.913: [GC [PSYoungGen: 316379K->14461K(325504K)] 731769K->435671K(1024576K), 0.0406450 secs] [Times: user=0.10 sys=0.00, real=0.04 secs] 
1812.252: [GC [PSYoungGen: 315837K->18220K(325376K)] 737047K->446084K(1024448K), 0.0474490 secs] [Times: user=0.12 sys=0.01, real=0.05 secs] 
1812.707: [GC [PSYoungGen: 319596K->18440K(326080K)] 747460K->454335K(1025152K), 0.0672150 secs] [Times: user=0.12 sys=0.01, real=0.06 secs] 
1813.168: [GC [PSYoungGen: 320840K->17086K(325824K)] 756735K->458420K(1024896K), 0.0384950 secs] [Times: user=0.11 sys=0.01, real=0.03 secs] 
1813.516: [GC [PSYoungGen: 319486K->14835K(326656K)] 760820K->462096K(1025728K), 0.0524530 secs] [Times: user=0.11 sys=0.00, real=0.06 secs] 
1814.004: [GC [PSYoungGen: 318579K->15895K(326592K)] 765840K->468475K(1025664K), 0.0466010 secs] [Times: user=0.10 sys=0.00, real=0.05 secs] 
1814.334: [GC [PSYoungGen: 319639K->17159K(327552K)] 772219K->475107K(1026624K), 0.0658160 secs] [Times: user=0.11 sys=0.00, real=0.07 secs] 
1814.791: [GC [PSYoungGen: 322247K->19746K(327040K)] 780195K->484951K(1026112K), 0.0390440 secs] [Times: user=0.13 sys=0.00, real=0.04 secs] 
1815.241: [GC [PSYoungGen: 324834K->11777K(326144K)] 790039K->483547K(1025216K), 0.0487540 secs] [Times: user=0.10 sys=0.00, real=0.05 secs] 
1815.650: [GC [PSYoungGen: 315457K->18140K(326592K)] 787227K->493087K(1025664K), 0.0545410 secs] [Times: user=0.10 sys=0.00, real=0.05 secs] 
1816.058: [GC [PSYoungGen: 321820K->16192K(327168K)] 796767K->499674K(1026240K), 0.0498200 secs] [Times: user=0.11 sys=0.00, real=0.05 secs] 
1816.452: [GC [PSYoungGen: 320576K->18271K(326720K)] 804058K->507693K(1025792K), 0.0448130 secs] [Times: user=0.12 sys=0.00, real=0.04 secs] 
1816.844: [GC [PSYoungGen: 322655K->13352K(327040K)] 812077K->509514K(1026112K), 0.0434160 secs] [Times: user=0.10 sys=0.00, real=0.04 secs] 
1817.298: [GC [PSYoungGen: 318056K->21690K(326400K)] 814218K->520664K(1025472K), 0.0587480 secs] [Times: user=0.13 sys=0.00, real=0.05 secs] 
1817.841: [GC [PSYoungGen: 326394K->13202K(325120K)] 825368K->521482K(1024192K), 0.0387490 secs] [Times: user=0.11 sys=0.00, real=0.04 secs] 
1818.338: [GC [PSYoungGen: 315218K->17379K(325760K)] 823498K->530982K(1024832K), 0.0716260 secs] [Times: user=0.10 sys=0.00, real=0.07 secs] 
1818.815: [GC [PSYoungGen: 319395K->17932K(326464K)] 832998K->537743K(1025536K), 0.0487640 secs] [Times: user=0.12 sys=0.01, real=0.05 secs] 
1819.289: [GC [PSYoungGen: 321092K->16631K(326208K)] 840902K->542024K(1025280K), 0.0451960 secs] [Times: user=0.10 sys=0.00, real=0.04 secs] 
1819.653: [GC [PSYoungGen: 319799K->19506K(326144K)] 845192K->550181K(1025216K), 0.0519310 secs] [Times: user=0.13 sys=0.00, real=0.05 secs] 
1820.126: [GC [PSYoungGen: 323186K->15307K(326592K)] 853861K->551708K(1025664K), 0.0616280 secs] [Times: user=0.12 sys=0.00, real=0.06 secs] 
1820.638: [GC [PSYoungGen: 318987K->17369K(327296K)] 855388K->559724K(1026368K), 0.0401860 secs] [Times: user=0.11 sys=0.00, real=0.05 secs] 
1821.056: [GC [PSYoungGen: 322009K->17337K(326848K)] 864364K->567870K(1025920K), 0.0512460 secs] [Times: user=0.12 sys=0.00, real=0.05 secs] 
1821.437: [GC [PSYoungGen: 321977K->16265K(328000K)] 872510K->572919K(1027072K), 0.0680120 secs] [Times: user=0.10 sys=0.01, real=0.07 secs] 
1821.910: [GC [PSYoungGen: 322441K->16915K(327680K)] 879095K->579691K(1026752K), 0.0445260 secs] [Times: user=0.12 sys=0.01, real=0.04 secs] 
1822.247: [GC [PSYoungGen: 323091K->19710K(327296K)] 885867K->586213K(1026368K), 0.0489270 secs] [Times: user=0.12 sys=0.00, real=0.05 secs] 
1822.657: [GC [PSYoungGen: 325950K->13812K(320064K)] 892453K->588075K(1019136K), 0.0488580 secs] [Times: user=0.11 sys=0.00, real=0.05 secs] 
1823.062: [GC [PSYoungGen: 320052K->18334K(327680K)] 894315K->597599K(1026752K), 0.0485310 secs] [Times: user=0.11 sys=0.01, real=0.05 secs] 
1823.497: [GC [PSYoungGen: 324190K->17956K(327680K)] 903455K->603397K(1026752K), 0.0569010 secs] [Times: user=0.12 sys=0.00, real=0.06 secs] 
1823.918: [GC [PSYoungGen: 323812K->18645K(327552K)] 909253K->612073K(1026624K), 0.0698030 secs] [Times: user=0.13 sys=0.01, real=0.07 secs] 
1824.289: [GC [PSYoungGen: 324501K->14088K(320000K)] 917929K->616048K(1019072K), 0.0440280 secs] [Times: user=0.11 sys=0.00, real=0.04 secs] 
1825.652: [GC [PSYoungGen: 319944K->18927K(327104K)] 921904K->625552K(1026176K), 0.0528550 secs] [Times: user=0.12 sys=0.00, real=0.05 secs] 
1826.090: [GC [PSYoungGen: 324143K->20057K(325312K)] 930768K->635559K(1024384K), 0.0798600 secs] [Times: user=0.14 sys=0.01, real=0.08 secs] 
1826.560: [GC [PSYoungGen: 325273K->16784K(327168K)] 940775K->638119K(1026240K), 0.0617340 secs] [Times: user=0.10 sys=0.00, real=0.06 secs] 
1826.988: [GC [PSYoungGen: 321232K->13100K(326784K)] 942567K->639987K(1025856K), 0.0463830 secs] [Times: user=0.10 sys=0.01, real=0.05 secs] 
1827.403: [GC [PSYoungGen: 317548K->12162K(326464K)] 944435K->644695K(1025536K), 0.0457900 secs] [Times: user=0.10 sys=0.01, real=0.04 secs] 
1827.854: [GC [PSYoungGen: 316093K->22695K(326656K)] 948626K->660729K(1025728K), 0.0507030 secs] [Times: user=0.14 sys=0.00, real=0.05 secs] 
1828.241: [GC [PSYoungGen: 326631K->14331K(323968K)] 964665K->661055K(1023040K), 0.0445820 secs] [Times: user=0.12 sys=0.00, real=0.04 secs] 
1828.652: [GC [PSYoungGen: 315451K->16460K(325312K)] 962175K->666255K(1024384K), 0.0383860 secs] [Times: user=0.11 sys=0.00, real=0.04 secs] 
1829.076: [GC [PSYoungGen: 317580K->15230K(326400K)] 967375K->670788K(1025472K), 0.0385470 secs] [Times: user=0.10 sys=0.00, real=0.04 secs] 
1829.518: [GC [PSYoungGen: 318078K->22077K(324928K)] 973636K->683682K(1024000K), 0.0526080 secs] [Times: user=0.14 sys=0.00, real=0.06 secs] 
1829.956: [GC [PSYoungGen: 324916K->12533K(324864K)] 986521K->683960K(1023936K), 0.0485840 secs] [Times: user=0.13 sys=0.00, real=0.05 secs] 
1830.405: [GC [PSYoungGen: 312885K->14878K(324928K)] 984312K->691283K(1024000K), 0.0463330 secs] [Times: user=0.11 sys=0.00, real=0.05 secs] 
1830.822: [GC [PSYoungGen: 315230K->19897K(324416K)] 991635K->702743K(1023488K), 0.0536350 secs] [Times: user=0.14 sys=0.00, real=0.05 secs] 
1831.327: [GC [PSYoungGen: 320249K->14167K(324928K)] 1003095K->703238K(1024000K), 0.0427390 secs] [Times: user=0.10 sys=0.00, real=0.05 secs] 
1831.764: [GC [PSYoungGen: 314519K->18661K(325248K)] 1003590K->713590K(1024320K), 0.0590300 secs] [Times: user=0.12 sys=0.00, real=0.06 secs] 
1831.824: [Full GC [PSYoungGen: 18661K->0K(325248K)] [PSOldGen: 694929K->326108K(699072K)] 713590K->326108K(1024320K) [PSPermGen: 91538K->91538K(262144K)], 1.6922710 secs] [Times: user=1.69 sys=0.00, real=1.69 secs] 
1833.907: [GC [PSYoungGen: 300992K->18205K(325248K)] 627100K->344313K(1024320K), 0.0398650 secs] [Times: user=0.09 sys=0.00, real=0.04 secs] 
1834.310: [GC [PSYoungGen: 319197K->17324K(326016K)] 645305K->352107K(1025088K), 0.0458450 secs] [Times: user=0.12 sys=0.00, real=0.04 secs] 
1834.720: [GC [PSYoungGen: 319276K->11489K(325440K)] 654059K->352763K(1024512K), 0.0476670 secs] [Times: user=0.09 sys=0.00, real=0.05 secs] 
1835.115: [GC [PSYoungGen: 313441K->18581K(325632K)] 654715K->366058K(1024704K), 0.0507400 secs] [Times: user=0.12 sys=0.00, real=0.05 secs] 
1835.520: [GC [PSYoungGen: 320469K->21383K(323328K)] 667946K->375615K(1022400K), 0.0688960 secs] [Times: user=0.13 sys=0.00, real=0.06 secs] 
1835.898: [GC [PSYoungGen: 323271K->17354K(325312K)] 677503K->378289K(1024384K), 0.0560300 secs] [Times: user=0.11 sys=0.00, real=0.06 secs] 
1836.343: [GC [PSYoungGen: 317770K->12790K(324608K)] 678705K->377323K(1023680K), 0.0337230 secs] [Times: user=0.08 sys=0.00, real=0.03 secs] 
1836.709: [GC [PSYoungGen: 313206K->18765K(325248K)] 677739K->389011K(1024320K), 0.0591820 secs] [Times: user=0.11 sys=0.00, real=0.06 secs] 
1837.236: [GC [PSYoungGen: 319757K->16192K(325248K)] 690003K->394935K(1024320K), 0.0486050 secs] [Times: user=0.11 sys=0.01, real=0.05 secs] 
1837.671: [GC [PSYoungGen: 317184K->14771K(326208K)] 695927K->398773K(1025280K), 0.0352740 secs] [Times: user=0.11 sys=0.00, real=0.03 secs] 
1838.063: [GC [PSYoungGen: 317363K->16902K(325888K)] 701365K->406479K(1024960K), 0.0404590 secs] [Times: user=0.10 sys=0.00, real=0.04 secs] 
1838.419: [GC [PSYoungGen: 319492K->17228K(327168K)] 709069K->411519K(1026240K), 0.0838800 secs] [Times: user=0.10 sys=0.00, real=0.09 secs] 
1838.902: [GC [PSYoungGen: 321676K->14110K(326784K)] 715967K->414771K(1025856K), 0.0469830 secs] [Times: user=0.10 sys=0.00, real=0.04 secs] 
1839.275: [GC [PSYoungGen: 318558K->19326K(326272K)] 719219K->427546K(1025344K), 0.0491470 secs] [Times: user=0.12 sys=0.00, real=0.05 secs] 
1839.693: [GC [PSYoungGen: 323390K->15728K(326784K)] 731610K->432839K(1025856K), 0.0370870 secs] [Times: user=0.12 sys=0.00, real=0.03 secs] 
1840.117: [GC [PSYoungGen: 319792K->18891K(326592K)] 736903K->440236K(1025664K), 0.0482730 secs] [Times: user=0.11 sys=0.00, real=0.05 secs] 
1840.573: [GC [PSYoungGen: 323211K->18705K(323072K)] 744556K->449059K(1022144K), 0.0503920 secs] [Times: user=0.13 sys=0.00, real=0.05 secs] 
1840.965: [GC [PSYoungGen: 323025K->13212K(326592K)] 753379K->450846K(1025664K), 0.0598000 secs] [Times: user=0.11 sys=0.00, real=0.06 secs] 
1841.447: [GC [PSYoungGen: 317148K->20077K(324032K)] 754782K->462697K(1023104K), 0.0745640 secs] [Times: user=0.12 sys=0.00, real=0.08 secs] 
1841.881: [GC [PSYoungGen: 324013K->20335K(324928K)] 766633K->469765K(1024000K), 0.0561190 secs] [Times: user=0.12 sys=0.01, real=0.06 secs] 
1842.343: [GC [PSYoungGen: 321839K->16893K(325504K)] 771269K->473732K(1024576K), 0.0532930 secs] [Times: user=0.11 sys=0.00, real=0.05 secs] 
1842.748: [GC [PSYoungGen: 318397K->14781K(326272K)] 775236K->478458K(1025344K), 0.0508500 secs] [Times: user=0.11 sys=0.00, real=0.05 secs] 
1843.106: [GC [PSYoungGen: 317629K->18036K(326080K)] 781306K->487253K(1025152K), 0.0620890 secs] [Times: user=0.11 sys=0.00, real=0.06 secs] 
1843.487: [GC [PSYoungGen: 320884K->14789K(326720K)] 790101K->491623K(1025792K), 0.0472160 secs] [Times: user=0.11 sys=0.00, real=0.05 secs] 
1843.956: [GC [PSYoungGen: 318533K->18990K(326528K)] 795367K->499930K(1025600K), 0.0406800 secs] [Times: user=0.12 sys=0.00, real=0.04 secs] 
1844.331: [GC [PSYoungGen: 322734K->16461K(326976K)] 803674K->505941K(1026048K), 0.0503710 secs] [Times: user=0.12 sys=0.01, real=0.06 secs] 
1844.717: [GC [PSYoungGen: 320461K->19003K(326528K)] 809941K->515336K(1025600K), 0.0609280 secs] [Times: user=0.13 sys=0.01, real=0.06 secs] 
1845.178: [GC [PSYoungGen: 323003K->17610K(327232K)] 819336K->521716K(1026304K), 0.0820840 secs] [Times: user=0.12 sys=0.00, real=0.08 secs] 
1845.598: [GC [PSYoungGen: 322122K->17590K(326784K)] 826228K->526246K(1025856K), 0.0436340 secs] [Times: user=0.11 sys=0.00, real=0.05 secs] 
1845.965: [GC [PSYoungGen: 322102K->14329K(327488K)] 830758K->529057K(1026560K), 0.0425430 secs] [Times: user=0.09 sys=0.00, real=0.04 secs] 
1846.289: [GC [PSYoungGen: 319929K->20769K(326400K)] 834657K->542646K(1025472K), 0.0464630 secs] [Times: user=0.13 sys=0.00, real=0.05 secs] 
1846.631: [GC [PSYoungGen: 326369K->16816K(327104K)] 848246K->549305K(1026176K), 0.0596570 secs] [Times: user=0.12 sys=0.02, real=0.06 secs] 
1847.009: [GC [PSYoungGen: 321072K->20365K(324672K)] 853561K->556042K(1023744K), 0.0520990 secs] [Times: user=0.12 sys=0.00, real=0.05 secs] 
1847.399: [GC [PSYoungGen: 324621K->14100K(326336K)] 860298K->554974K(1025408K), 0.0566690 secs] [Times: user=0.11 sys=0.00, real=0.06 secs] 
1847.750: [GC [PSYoungGen: 317396K->13827K(326400K)] 858270K->558959K(1025472K), 0.0298530 secs] [Times: user=0.10 sys=0.00, real=0.03 secs] 
1848.092: [GC [PSYoungGen: 317123K->21395K(324352K)] 862255K->574215K(1023424K), 0.0477140 secs] [Times: user=0.13 sys=0.00, real=0.04 secs] 
1848.482: [GC [PSYoungGen: 322639K->14292K(325376K)] 875459K->575071K(1024448K), 0.0459410 secs] [Times: user=0.13 sys=0.00, real=0.04 secs] 
1848.847: [GC [PSYoungGen: 315540K->19350K(325248K)] 876319K->584968K(1024320K), 0.0544220 secs] [Times: user=0.12 sys=0.01, real=0.05 secs] 
1849.254: [GC [PSYoungGen: 320598K->18027K(325376K)] 886216K->591406K(1024448K), 0.0652230 secs] [Times: user=0.13 sys=0.00, real=0.06 secs] 
1849.682: [GC [PSYoungGen: 319275K->16510K(326272K)] 892654K->595150K(1025344K), 0.0316070 secs] [Times: user=0.11 sys=0.00, real=0.03 secs] 
1850.131: [GC [PSYoungGen: 319038K->15892K(325760K)] 897678K->600098K(1024832K), 0.0565290 secs] [Times: user=0.11 sys=0.00, real=0.06 secs] 
1850.524: [GC [PSYoungGen: 318420K->18730K(326592K)] 902626K->608733K(1025664K), 0.0534570 secs] [Times: user=0.11 sys=0.00, real=0.05 secs] 
1850.925: [GC [PSYoungGen: 322410K->19844K(323584K)] 912413K->616468K(1022656K), 0.0522930 secs] [Times: user=0.13 sys=0.00, real=0.05 secs] 
1851.323: [GC [PSYoungGen: 323524K->15440K(326400K)] 920148K->618115K(1025472K), 0.0469160 secs] [Times: user=0.11 sys=0.00, real=0.04 secs] 
1851.823: [GC [PSYoungGen: 318544K->15231K(326208K)] 921219K->623764K(1025280K), 0.0404070 secs] [Times: user=0.10 sys=0.01, real=0.04 secs] 
1852.270: [GC [PSYoungGen: 318335K->21340K(324608K)] 926868K->637545K(1023680K), 0.0774080 secs] [Times: user=0.13 sys=0.00, real=0.08 secs] 
1852.642: [GC [PSYoungGen: 323100K->19103K(325632K)] 939305K->640970K(1024704K), 0.0696860 secs] [Times: user=0.11 sys=0.00, real=0.07 secs] 
1853.011: [GC [PSYoungGen: 320863K->14777K(325824K)] 942730K->639629K(1024896K), 0.0393200 secs] [Times: user=0.09 sys=0.00, real=0.04 secs] 
1853.417: [GC [PSYoungGen: 316793K->16904K(325696K)] 941645K->646946K(1024768K), 0.0405760 secs] [Times: user=0.11 sys=0.00, real=0.04 secs] 
1853.855: [GC [PSYoungGen: 318920K->12964K(325952K)] 948962K->649739K(1025024K), 0.0379090 secs] [Times: user=0.10 sys=0.00, real=0.03 secs] 
1854.292: [GC [PSYoungGen: 315748K->19914K(322752K)] 952523K->662277K(1021824K), 0.0648240 secs] [Times: user=0.11 sys=0.01, real=0.07 secs] 
1854.745: [GC [PSYoungGen: 322698K->18888K(325760K)] 965061K->668404K(1024832K), 0.0341410 secs] [Times: user=0.12 sys=0.01, real=0.03 secs] 
1855.139: [GC [PSYoungGen: 320840K->19865K(321856K)] 970356K->674425K(1020928K), 0.0590200 secs] [Times: user=0.12 sys=0.00, real=0.06 secs] 
1855.573: [GC [PSYoungGen: 321817K->16113K(325824K)] 976377K->678052K(1024896K), 0.0535200 secs] [Times: user=0.12 sys=0.00, real=0.05 secs] 
1856.043: [GC [PSYoungGen: 317873K->15717K(325440K)] 979812K->683751K(1024512K), 0.0827100 secs] [Times: user=0.10 sys=0.00, real=0.09 secs] 
1856.421: [GC [PSYoungGen: 317477K->17070K(326720K)] 985511K->691648K(1025792K), 0.0584950 secs] [Times: user=0.12 sys=0.00, real=0.06 secs] 
1856.852: [GC [PSYoungGen: 320430K->15040K(326144K)] 995008K->698694K(1025216K), 0.0729790 secs] [Times: user=0.12 sys=0.00, real=0.08 secs] 
1857.288: [GC [PSYoungGen: 318400K->19454K(326144K)] 1002054K->708529K(1025216K), 0.0443960 secs] [Times: user=0.12 sys=0.00, real=0.05 secs] 
1857.619: [GC [PSYoungGen: 323006K->17484K(326528K)] 1012081K->716329K(1025600K), 0.0549600 secs] [Times: user=0.13 sys=0.01, real=0.06 secs] 
1857.674: [Full GC [PSYoungGen: 17484K->0K(326528K)] [PSOldGen: 698845K->328862K(699072K)] 716329K->328862K(1025600K) [PSPermGen: 91550K->91550K(262144K)], 1.6077690 secs] [Times: user=1.61 sys=0.00, real=1.60 secs] 
1859.725: [GC [PSYoungGen: 303552K->21368K(325120K)] 632414K->350231K(1024192K), 0.0507490 secs] [Times: user=0.10 sys=0.00, real=0.05 secs] 
1860.084: [GC [PSYoungGen: 324024K->12727K(315392K)] 652887K->350354K(1014464K), 0.0526970 secs] [Times: user=0.10 sys=0.00, real=0.05 secs] 
1860.524: [GC [PSYoungGen: 315383K->19187K(325632K)] 653010K->363005K(1024704K), 0.0476960 secs] [Times: user=0.12 sys=0.00, real=0.04 secs] 
1861.077: [GC [PSYoungGen: 321075K->15860K(325696K)] 664893K->370189K(1024768K), 0.0640920 secs] [Times: user=0.12 sys=0.00, real=0.06 secs] 
1861.501: [GC [PSYoungGen: 317748K->15137K(326336K)] 672077K->377392K(1025408K), 0.0388770 secs] [Times: user=0.11 sys=0.01, real=0.04 secs] 
1861.939: [GC [PSYoungGen: 318049K->16568K(326080K)] 680304K->386273K(1025152K), 0.0491170 secs] [Times: user=0.11 sys=0.00, real=0.05 secs] 
1862.348: [GC [PSYoungGen: 319474K->18567K(326848K)] 689180K->396012K(1025920K), 0.0502290 secs] [Times: user=0.12 sys=0.00, real=0.05 secs] 
1862.747: [GC [PSYoungGen: 322759K->14774K(326848K)] 700204K->398845K(1025920K), 0.0385120 secs] [Times: user=0.11 sys=0.00, real=0.04 secs] 
1863.197: [GC [PSYoungGen: 318966K->16951K(327488K)] 703037K->405261K(1026560K), 0.0588020 secs] [Times: user=0.11 sys=0.00, real=0.06 secs] 
1863.611: [GC [PSYoungGen: 321911K->13896K(326976K)] 710221K->409560K(1026048K), 0.0304640 secs] [Times: user=0.11 sys=0.00, real=0.03 secs] 
1864.048: [GC [PSYoungGen: 318856K->17365K(327744K)] 714520K->419227K(1026816K), 0.0382230 secs] [Times: user=0.12 sys=0.00, real=0.04 secs] 
1864.536: [GC [PSYoungGen: 323093K->14153K(327488K)] 724955K->422311K(1026560K), 0.0565510 secs] [Times: user=0.10 sys=0.00, real=0.05 secs] 
1865.007: [GC [PSYoungGen: 319881K->15702K(328256K)] 728039K->431334K(1027328K), 0.0552180 secs] [Times: user=0.10 sys=0.00, real=0.05 secs] 
1865.413: [GC [PSYoungGen: 322262K->15289K(327808K)] 737894K->438515K(1026880K), 0.0424640 secs] [Times: user=0.11 sys=0.00, real=0.05 secs] 
1865.839: [GC [PSYoungGen: 321849K->14523K(328704K)] 745075K->441579K(1027776K), 0.0526590 secs] [Times: user=0.09 sys=0.01, real=0.05 secs] 
1866.255: [GC [PSYoungGen: 322235K->20773K(328512K)] 749291K->456177K(1027584K), 0.0695750 secs] [Times: user=0.13 sys=0.01, real=0.07 secs] 
1866.654: [GC [PSYoungGen: 328485K->19596K(320064K)] 763889K->465193K(1019136K), 0.0496370 secs] [Times: user=0.14 sys=0.01, real=0.05 secs] 
1867.085: [GC [PSYoungGen: 318668K->12425K(311552K)] 764265K->461398K(1010624K), 0.0319650 secs] [Times: user=0.08 sys=0.00, real=0.03 secs] 
1867.514: [GC [PSYoungGen: 311497K->20146K(323520K)] 760470K->471388K(1022592K), 0.0960130 secs] [Times: user=0.11 sys=0.00, real=0.10 secs] 
1867.948: [GC [PSYoungGen: 318306K->22990K(321216K)] 769549K->485900K(1020288K), 0.0591600 secs] [Times: user=0.15 sys=0.00, real=0.06 secs] 
1868.359: [GC [PSYoungGen: 321154K->15794K(323136K)] 784064K->485076K(1022208K), 0.0486320 secs] [Times: user=0.11 sys=0.00, real=0.05 secs] 
1868.761: [GC [PSYoungGen: 312050K->18192K(322624K)] 781332K->491324K(1021696K), 0.0625570 secs] [Times: user=0.11 sys=0.00, real=0.06 secs] 
1869.171: [GC [PSYoungGen: 314448K->17055K(324480K)] 787580K->496204K(1023552K), 0.0551770 secs] [Times: user=0.11 sys=0.01, real=0.06 secs] 
1869.539: [GC [PSYoungGen: 315871K->16525K(323840K)] 795020K->501717K(1022912K), 0.0488550 secs] [Times: user=0.11 sys=0.00, real=0.05 secs] 
1870.043: [GC [PSYoungGen: 315341K->18709K(325312K)] 800533K->509422K(1024384K), 0.0474340 secs] [Times: user=0.13 sys=0.00, real=0.05 secs] 
1870.628: [GC [PSYoungGen: 319509K->17783K(324992K)] 810222K->515771K(1024064K), 0.0553410 secs] [Times: user=0.11 sys=0.00, real=0.05 secs] 
1871.066: [GC [PSYoungGen: 318583K->19862K(325504K)] 816571K->525943K(1024576K), 0.0590750 secs] [Times: user=0.13 sys=0.00, real=0.06 secs] 
1871.451: [GC [PSYoungGen: 321750K->20237K(322176K)] 827831K->533077K(1021248K), 0.0788500 secs] [Times: user=0.13 sys=0.00, real=0.08 secs] 
1871.861: [GC [PSYoungGen: 322125K->16826K(325824K)] 834965K->535588K(1024896K), 0.0431550 secs] [Times: user=0.11 sys=0.00, real=0.04 secs] 
1872.339: [GC [PSYoungGen: 318586K->15530K(325440K)] 837348K->539552K(1024512K), 0.0422810 secs] [Times: user=0.11 sys=0.00, real=0.04 secs] 
1872.695: [GC [PSYoungGen: 317290K->15241K(326080K)] 841312K->545400K(1025152K), 0.0533330 secs] [Times: user=0.11 sys=0.00, real=0.06 secs] 
1873.089: [GC [PSYoungGen: 317769K->15800K(325952K)] 847928K->552941K(1025024K), 0.0451980 secs] [Times: user=0.11 sys=0.00, real=0.04 secs] 
1873.555: [GC [PSYoungGen: 318328K->19628K(325760K)] 855469K->564413K(1024832K), 0.0704770 secs] [Times: user=0.12 sys=0.00, real=0.08 secs] 
1873.916: [GC [PSYoungGen: 322284K->20330K(323008K)] 867069K->573482K(1022080K), 0.0430210 secs] [Times: user=0.13 sys=0.00, real=0.04 secs] 
1874.291: [GC [PSYoungGen: 322986K->16677K(326080K)] 876138K->580422K(1025152K), 0.0493870 secs] [Times: user=0.13 sys=0.00, real=0.05 secs] 
1874.750: [GC [PSYoungGen: 318949K->19289K(325696K)] 882694K->588335K(1024768K), 0.0728460 secs] [Times: user=0.12 sys=0.00, real=0.07 secs] 
1875.142: [GC [PSYoungGen: 321561K->17656K(326592K)] 890607K->592540K(1025664K), 0.0507030 secs] [Times: user=0.11 sys=0.00, real=0.05 secs] 
1875.663: [GC [PSYoungGen: 320824K->19252K(326080K)] 895708K->601687K(1025152K), 0.0518710 secs] [Times: user=0.12 sys=0.01, real=0.05 secs] 
1876.113: [GC [PSYoungGen: 322420K->17396K(326976K)] 904855K->604934K(1026048K), 0.0502680 secs] [Times: user=0.11 sys=0.01, real=0.05 secs] 
1876.556: [GC [PSYoungGen: 321396K->17082K(326528K)] 908934K->610402K(1025600K), 0.0868060 secs] [Times: user=0.11 sys=0.00, real=0.08 secs] 
1876.975: [GC [PSYoungGen: 321082K->16415K(327424K)] 914402K->614972K(1026496K), 0.0455840 secs] [Times: user=0.10 sys=0.00, real=0.05 secs] 
1877.394: [GC [PSYoungGen: 321567K->17230K(327232K)] 920124K->622649K(1026304K), 0.0674660 secs] [Times: user=0.12 sys=0.00, real=0.07 secs] 
1877.839: [GC [PSYoungGen: 322382K->17867K(328128K)] 927801K->629355K(1027200K), 0.0730110 secs] [Times: user=0.11 sys=0.00, real=0.07 secs] 
1878.343: [GC [PSYoungGen: 324299K->16001K(327808K)] 935787K->633790K(1026880K), 0.0740970 secs] [Times: user=0.12 sys=0.01, real=0.08 secs] 
1878.737: [GC [PSYoungGen: 322433K->19390K(327552K)] 940222K->641815K(1026624K), 0.0524310 secs] [Times: user=0.12 sys=0.00, real=0.05 secs] 
1879.135: [GC [PSYoungGen: 325630K->18891K(325184K)] 948055K->649777K(1024256K), 0.0572380 secs] [Times: user=0.14 sys=0.00, real=0.06 secs] 
1879.586: [GC [PSYoungGen: 325131K->15647K(327872K)] 956017K->652602K(1026944K), 0.0597810 secs] [Times: user=0.11 sys=0.00, real=0.06 secs] 
1879.996: [GC [PSYoungGen: 321823K->17937K(327808K)] 958778K->659283K(1026880K), 0.0514740 secs] [Times: user=0.10 sys=0.00, real=0.06 secs] 
1880.370: [GC [PSYoungGen: 324113K->13213K(327360K)] 965459K->660949K(1026432K), 0.0372880 secs] [Times: user=0.10 sys=0.00, real=0.04 secs] 
1880.768: [GC [PSYoungGen: 319197K->15350K(327744K)] 966933K->670083K(1026816K), 0.0708590 secs] [Times: user=0.11 sys=0.00, real=0.07 secs] 
1881.197: [GC [PSYoungGen: 321334K->21609K(318656K)] 976067K->685510K(1017728K), 0.0688570 secs] [Times: user=0.15 sys=0.00, real=0.06 secs] 
1881.600: [GC [PSYoungGen: 318633K->17329K(323264K)] 982534K->689226K(1022336K), 0.0523480 secs] [Times: user=0.12 sys=0.00, real=0.05 secs] 
1881.984: [GC [PSYoungGen: 314353K->20515K(323712K)] 986250K->695945K(1022784K), 0.0813680 secs] [Times: user=0.11 sys=0.00, real=0.08 secs] 
1882.396: [GC [PSYoungGen: 318563K->17108K(323776K)] 993993K->699037K(1022848K), 0.0603540 secs] [Times: user=0.12 sys=0.00, real=0.07 secs] 
1882.849: [GC [PSYoungGen: 315156K->16665K(324608K)] 997085K->704090K(1023680K), 0.0529840 secs] [Times: user=0.11 sys=0.01, real=0.05 secs] 
1883.194: [GC [PSYoungGen: 315993K->16574K(324224K)] 1003418K->710335K(1023296K), 0.0399510 secs] [Times: user=0.11 sys=0.00, real=0.04 secs] 
1883.234: [Full GC [PSYoungGen: 16574K->0K(324224K)] [PSOldGen: 693760K->322134K(699072K)] 710335K->322134K(1023296K) [PSPermGen: 91568K->91568K(262144K)], 1.6667940 secs] [Times: user=1.66 sys=0.00, real=1.67 secs] 
1885.294: [GC [PSYoungGen: 299328K->23235K(322368K)] 621462K->345370K(1021440K), 0.0415170 secs] [Times: user=0.12 sys=0.00, real=0.04 secs] 
1885.700: [GC [PSYoungGen: 321155K->15622K(323712K)] 643290K->351855K(1022784K), 0.0551830 secs] [Times: user=0.13 sys=0.00, real=0.05 secs] 
1886.067: [GC [PSYoungGen: 313542K->17259K(324544K)] 649775K->359312K(1023616K), 0.0397610 secs] [Times: user=0.11 sys=0.00, real=0.04 secs] 
1886.460: [GC [PSYoungGen: 316267K->16198K(323968K)] 658320K->362298K(1023040K), 0.0322620 secs] [Times: user=0.10 sys=0.00, real=0.03 secs] 
1886.844: [GC [PSYoungGen: 315206K->16221K(325248K)] 661306K->367172K(1024320K), 0.0531200 secs] [Times: user=0.10 sys=0.00, real=0.05 secs] 
1887.228: [GC [PSYoungGen: 316829K->18710K(324864K)] 667780K->377370K(1023936K), 0.0510340 secs] [Times: user=0.12 sys=0.00, real=0.05 secs] 
1887.713: [GC [PSYoungGen: 319318K->14275K(325504K)] 677978K->378595K(1024576K), 0.0749940 secs] [Times: user=0.09 sys=0.00, real=0.07 secs] 
1888.177: [GC [PSYoungGen: 315779K->21505K(323072K)] 680099K->391642K(1022144K), 0.0990330 secs] [Times: user=0.12 sys=0.00, real=0.10 secs] 
1888.588: [GC [PSYoungGen: 323009K->14518K(324800K)] 693146K->394400K(1023872K), 0.0372480 secs] [Times: user=0.12 sys=0.00, real=0.04 secs] 
1888.968: [GC [PSYoungGen: 314486K->19960K(319936K)] 694368K->405446K(1019008K), 0.0619610 secs] [Times: user=0.12 sys=0.00, real=0.07 secs] 
1889.437: [GC [PSYoungGen: 319928K->19886K(324480K)] 705414K->414496K(1023552K), 0.0536220 secs] [Times: user=0.13 sys=0.00, real=0.06 secs] 
1889.796: [GC [PSYoungGen: 319470K->19859K(324544K)] 714080K->419696K(1023616K), 0.0527950 secs] [Times: user=0.12 sys=0.00, real=0.05 secs] 
1890.184: [GC [PSYoungGen: 319443K->16133K(324864K)] 719280K->421958K(1023936K), 0.0647620 secs] [Times: user=0.11 sys=0.00, real=0.07 secs] 
1890.579: [GC [PSYoungGen: 316101K->16304K(324608K)] 721926K->426918K(1023680K), 0.0408830 secs] [Times: user=0.11 sys=0.00, real=0.04 secs] 
1890.932: [GC [PSYoungGen: 316272K->18894K(325504K)] 726886K->437028K(1024576K), 0.0412990 secs] [Times: user=0.12 sys=0.00, real=0.04 secs] 
1891.331: [GC [PSYoungGen: 320142K->16033K(325248K)] 738276K->442016K(1024320K), 0.0409240 secs] [Times: user=0.11 sys=0.00, real=0.04 secs] 
1891.682: [GC [PSYoungGen: 317281K->15081K(325952K)] 743264K->447009K(1025024K), 0.0391630 secs] [Times: user=0.11 sys=0.00, real=0.04 secs] 
1892.100: [GC [PSYoungGen: 317289K->15423K(325760K)] 749217K->454566K(1024832K), 0.0664000 secs] [Times: user=0.10 sys=0.00, real=0.06 secs] 
1892.484: [GC [PSYoungGen: 317631K->14627K(326336K)] 756774K->459965K(1025408K), 0.0407360 secs] [Times: user=0.10 sys=0.01, real=0.04 secs] 
1892.905: [GC [PSYoungGen: 317667K->16936K(326208K)] 763005K->469333K(1025280K), 0.0484250 secs] [Times: user=0.12 sys=0.00, real=0.05 secs] 
1893.361: [GC [PSYoungGen: 319976K->16237K(327360K)] 772373K->475557K(1026432K), 0.0589360 secs] [Times: user=0.11 sys=0.00, real=0.06 secs] 
1893.776: [GC [PSYoungGen: 321005K->19767K(324544K)] 780325K->484425K(1023616K), 0.0369530 secs] [Times: user=0.12 sys=0.00, real=0.04 secs] 
1894.166: [GC [PSYoungGen: 324535K->20825K(325184K)] 789193K->493135K(1024256K), 0.0454750 secs] [Times: user=0.13 sys=0.00, real=0.05 secs] 
1894.701: [GC [PSYoungGen: 323353K->16321K(326016K)] 795663K->497339K(1025088K), 0.0855620 secs] [Times: user=0.12 sys=0.00, real=0.08 secs] 
1895.178: [GC [PSYoungGen: 318849K->17377K(326976K)] 799867K->502122K(1026048K), 0.0714270 secs] [Times: user=0.10 sys=0.00, real=0.07 secs] 
1895.561: [GC [PSYoungGen: 321249K->18434K(326400K)] 805994K->509719K(1025472K), 0.0507320 secs] [Times: user=0.11 sys=0.00, real=0.05 secs] 
1895.975: [GC [PSYoungGen: 322306K->17221K(327552K)] 813591K->513679K(1026624K), 0.0558190 secs] [Times: user=0.12 sys=0.00, real=0.06 secs] 
1896.327: [GC [PSYoungGen: 322373K->18145K(327104K)] 818831K->519976K(1026176K), 0.0442010 secs] [Times: user=0.12 sys=0.00, real=0.05 secs] 
1896.737: [GC [PSYoungGen: 323297K->21754K(319808K)] 825128K->531161K(1018880K), 0.0488030 secs] [Times: user=0.14 sys=0.00, real=0.05 secs] 
1897.204: [GC [PSYoungGen: 319802K->18188K(323776K)] 829209K->536890K(1022848K), 0.0736410 secs] [Times: user=0.13 sys=0.00, real=0.07 secs] 
1897.585: [GC [PSYoungGen: 316236K->19078K(324864K)] 834938K->544914K(1023936K), 0.0551660 secs] [Times: user=0.12 sys=0.01, real=0.06 secs] 
1898.053: [GC [PSYoungGen: 318854K->16206K(324416K)] 844690K->547139K(1023488K), 0.0480500 secs] [Times: user=0.10 sys=0.00, real=0.05 secs] 
1898.476: [GC [PSYoungGen: 315982K->15862K(325184K)] 846915K->551212K(1024256K), 0.0367410 secs] [Times: user=0.10 sys=0.00, real=0.04 secs] 
1898.865: [GC [PSYoungGen: 316598K->15603K(325056K)] 851948K->557701K(1024128K), 0.0439810 secs] [Times: user=0.11 sys=0.00, real=0.04 secs] 
1899.237: [GC [PSYoungGen: 316339K->16254K(325696K)] 858437K->565161K(1024768K), 0.0695780 secs] [Times: user=0.11 sys=0.00, real=0.07 secs] 
1899.623: [GC [PSYoungGen: 317822K->15674K(325376K)] 866729K->569887K(1024448K), 0.0418350 secs] [Times: user=0.10 sys=0.01, real=0.04 secs] 
1900.044: [GC [PSYoungGen: 317242K->14919K(326080K)] 871455K->575803K(1025152K), 0.0468280 secs] [Times: user=0.10 sys=0.00, real=0.05 secs] 
1900.415: [GC [PSYoungGen: 317447K->17457K(325952K)] 878331K->585385K(1025024K), 0.0729480 secs] [Times: user=0.12 sys=0.00, real=0.07 secs] 
1900.873: [GC [PSYoungGen: 319985K->15591K(326912K)] 887913K->591147K(1025984K), 0.0479320 secs] [Times: user=0.12 sys=0.00, real=0.05 secs] 
1901.342: [GC [PSYoungGen: 319642K->18597K(326656K)] 895198K->601034K(1025728K), 0.0514810 secs] [Times: user=0.13 sys=0.00, real=0.05 secs] 
1901.761: [GC [PSYoungGen: 322661K->17078K(327360K)] 905098K->607979K(1026432K), 0.0708720 secs] [Times: user=0.12 sys=0.01, real=0.07 secs] 
1902.195: [GC [PSYoungGen: 321846K->17861K(326912K)] 912747K->612711K(1025984K), 0.0580530 secs] [Times: user=0.13 sys=0.00, real=0.06 secs] 
1902.602: [GC [PSYoungGen: 322629K->15194K(327744K)] 917479K->616007K(1026816K), 0.0553110 secs] [Times: user=0.09 sys=0.00, real=0.05 secs] 
1903.017: [GC [PSYoungGen: 321114K->17081K(327680K)] 921927K->623200K(1026752K), 0.0712830 secs] [Times: user=0.10 sys=0.00, real=0.07 secs] 
1903.443: [GC [PSYoungGen: 323001K->16979K(328576K)] 929120K->630619K(1027648K), 0.0597170 secs] [Times: user=0.12 sys=0.00, real=0.06 secs] 
1903.931: [GC [PSYoungGen: 324243K->18232K(328192K)] 937883K->640096K(1027264K), 0.0499700 secs] [Times: user=0.12 sys=0.01, real=0.05 secs] 
1904.278: [GC [PSYoungGen: 325496K->18039K(328640K)] 947360K->645908K(1027712K), 0.0528570 secs] [Times: user=0.11 sys=0.00, real=0.06 secs] 
1904.677: [GC [PSYoungGen: 325687K->19281K(326976K)] 953556K->652764K(1026048K), 0.0631760 secs] [Times: user=0.11 sys=0.01, real=0.07 secs] 
1905.063: [GC [PSYoungGen: 326929K->15713K(328320K)] 960412K->657124K(1027392K), 0.0442550 secs] [Times: user=0.11 sys=0.01, real=0.04 secs] 
1905.475: [GC [PSYoungGen: 322785K->20047K(327168K)] 964196K->666207K(1026240K), 0.0570490 secs] [Times: user=0.12 sys=0.00, real=0.06 secs] 
1905.902: [GC [PSYoungGen: 327119K->15345K(327744K)] 973279K->668938K(1026816K), 0.0463280 secs] [Times: user=0.11 sys=0.00, real=0.04 secs] 
1906.308: [GC [PSYoungGen: 321265K->18465K(327680K)] 974858K->674773K(1026752K), 0.0554960 secs] [Times: user=0.10 sys=0.01, real=0.06 secs] 
1906.663: [GC [PSYoungGen: 324385K->21426K(325696K)] 980693K->684408K(1024768K), 0.0689150 secs] [Times: user=0.13 sys=0.00, real=0.07 secs] 
1907.086: [GC [PSYoungGen: 325362K->17804K(326720K)] 988344K->688450K(1025792K), 0.0872180 secs] [Times: user=0.15 sys=0.01, real=0.09 secs] 
1907.554: [GC [PSYoungGen: 321740K->18920K(327232K)] 992386K->694524K(1026304K), 0.0503670 secs] [Times: user=0.12 sys=0.01, real=0.05 secs] 
1907.915: [GC [PSYoungGen: 323816K->22258K(327168K)] 999420K->705309K(1026240K), 0.0649820 secs] [Times: user=0.15 sys=0.01, real=0.06 secs] 
1908.317: [GC [PSYoungGen: 327154K->12729K(318720K)] 1010205K->703959K(1017792K), 0.0453380 secs] [Times: user=0.11 sys=0.00, real=0.05 secs] 
1908.362: [Full GC [PSYoungGen: 12729K->0K(318720K)] [PSOldGen: 691229K->293083K(699072K)] 703959K->293083K(1017792K) [PSPermGen: 91582K->91523K(262144K)], 1.9062270 secs] [Times: user=1.91 sys=0.00, real=1.90 secs] 
1910.628: [GC [PSYoungGen: 296384K->21956K(318400K)] 589467K->315040K(1017472K), 0.0417540 secs] [Times: user=0.10 sys=0.00, real=0.05 secs] 
1911.038: [GC [PSYoungGen: 318340K->17361K(323008K)] 611424K->319650K(1022080K), 0.0456970 secs] [Times: user=0.13 sys=0.00, real=0.05 secs] 
1911.419: [GC [PSYoungGen: 313297K->15541K(322432K)] 615586K->322697K(1021504K), 0.0406400 secs] [Times: user=0.10 sys=0.00, real=0.04 secs] 
1911.808: [GC [PSYoungGen: 311477K->18224K(324032K)] 618633K->330781K(1023104K), 0.0600620 secs] [Times: user=0.11 sys=0.00, real=0.06 secs] 
1912.218: [GC [PSYoungGen: 316016K->16620K(323264K)] 628573K->335449K(1022336K), 0.0422890 secs] [Times: user=0.11 sys=0.00, real=0.04 secs] 
1912.562: [GC [PSYoungGen: 314412K->18032K(325056K)] 633241K->345673K(1024128K), 0.0492570 secs] [Times: user=0.12 sys=0.01, real=0.05 secs] 
1912.994: [GC [PSYoungGen: 318000K->22420K(322432K)] 645641K->355101K(1021504K), 0.0492740 secs] [Times: user=0.13 sys=0.00, real=0.05 secs] 
1913.460: [GC [PSYoungGen: 322388K->18160K(324736K)] 655069K->358425K(1023808K), 0.0656580 secs] [Times: user=0.12 sys=0.00, real=0.07 secs] 
1913.863: [GC [PSYoungGen: 317552K->16587K(324160K)] 657817K->360906K(1023232K), 0.0475480 secs] [Times: user=0.09 sys=0.00, real=0.04 secs] 
1914.232: [GC [PSYoungGen: 315979K->15923K(325184K)] 660298K->366251K(1024256K), 0.0420800 secs] [Times: user=0.10 sys=0.00, real=0.05 secs] 
1914.630: [GC [PSYoungGen: 316577K->18712K(324992K)] 666905K->376325K(1024064K), 0.0782730 secs] [Times: user=0.11 sys=0.00, real=0.08 secs] 
1915.058: [GC [PSYoungGen: 319384K->15507K(325696K)] 676997K->381588K(1024768K), 0.0500790 secs] [Times: user=0.10 sys=0.00, real=0.05 secs] 
1915.447: [GC [PSYoungGen: 317331K->16779K(325632K)] 683412K->386072K(1024704K), 0.0356680 secs] [Times: user=0.10 sys=0.01, real=0.04 secs] 
1915.806: [GC [PSYoungGen: 318603K->15274K(326272K)] 687896K->392028K(1025344K), 0.0508510 secs] [Times: user=0.10 sys=0.00, real=0.05 secs] 
1916.195: [GC [PSYoungGen: 318186K->18792K(326144K)] 694940K->402696K(1025216K), 0.0369260 secs] [Times: user=0.12 sys=0.00, real=0.03 secs] 
1916.651: [GC [PSYoungGen: 321704K->15655K(326528K)] 705608K->407358K(1025600K), 0.0466920 secs] [Times: user=0.11 sys=0.00, real=0.05 secs] 
1917.041: [GC [PSYoungGen: 319015K->21136K(324544K)] 710718K->417798K(1023616K), 0.0551850 secs] [Times: user=0.12 sys=0.00, real=0.06 secs] 
1917.425: [GC [PSYoungGen: 324496K->14424K(325760K)] 721158K->417329K(1024832K), 0.0381540 secs] [Times: user=0.11 sys=0.00, real=0.04 secs] 
1917.799: [GC [PSYoungGen: 316440K->13995K(325760K)] 719345K->421989K(1024832K), 0.0398690 secs] [Times: user=0.09 sys=0.00, real=0.04 secs] 
1918.250: [GC [PSYoungGen: 316011K->16052K(326272K)] 724005K->431073K(1025344K), 0.0560780 secs] [Times: user=0.09 sys=0.00, real=0.06 secs] 
1918.657: [GC [PSYoungGen: 318580K->16159K(325760K)] 733601K->437718K(1024832K), 0.0497350 secs] [Times: user=0.10 sys=0.00, real=0.05 secs] 
1919.054: [GC [PSYoungGen: 318687K->20948K(324928K)] 740246K->450988K(1024000K), 0.0656870 secs] [Times: user=0.14 sys=0.00, real=0.06 secs] 
1919.448: [GC [PSYoungGen: 323092K->13371K(315520K)] 753132K->454261K(1014592K), 0.0470810 secs] [Times: user=0.11 sys=0.00, real=0.05 secs] 
1919.820: [GC [PSYoungGen: 315515K->18540K(325888K)] 756405K->462920K(1024960K), 0.0401130 secs] [Times: user=0.12 sys=0.00, real=0.04 secs] 
1920.254: [GC [PSYoungGen: 320684K->17154K(325760K)] 765064K->470414K(1024832K), 0.0371790 secs] [Times: user=0.12 sys=0.00, real=0.03 secs] 
1920.661: [GC [PSYoungGen: 319298K->18020K(326720K)] 772558K->476082K(1025792K), 0.0460110 secs] [Times: user=0.11 sys=0.00, real=0.05 secs] 
1921.043: [GC [PSYoungGen: 321700K->20232K(323968K)] 779762K->485321K(1023040K), 0.0458050 secs] [Times: user=0.12 sys=0.00, real=0.05 secs] 
1921.441: [GC [PSYoungGen: 323912K->17561K(326720K)] 789001K->488651K(1025792K), 0.0580400 secs] [Times: user=0.11 sys=0.00, real=0.06 secs] 
1921.965: [GC [PSYoungGen: 320921K->15716K(326144K)] 792011K->493100K(1025216K), 0.0410410 secs] [Times: user=0.11 sys=0.00, real=0.04 secs] 
1922.492: [GC [PSYoungGen: 319076K->18051K(327232K)] 796460K->501007K(1026304K), 0.0536240 secs] [Times: user=0.11 sys=0.00, real=0.06 secs] 
1922.870: [GC [PSYoungGen: 322755K->14407K(326976K)] 805711K->504430K(1026048K), 0.0417560 secs] [Times: user=0.11 sys=0.00, real=0.04 secs] 
1923.288: [GC [PSYoungGen: 319111K->16260K(327552K)] 809134K->512970K(1026624K), 0.0332220 secs] [Times: user=0.11 sys=0.00, real=0.03 secs] 
1923.687: [GC [PSYoungGen: 321476K->16320K(327168K)] 818186K->517732K(1026240K), 0.0544600 secs] [Times: user=0.11 sys=0.00, real=0.05 secs] 
1924.097: [GC [PSYoungGen: 321536K->15037K(328064K)] 822948K->524868K(1027136K), 0.0544050 secs] [Times: user=0.12 sys=0.00, real=0.05 secs] 
1924.558: [GC [PSYoungGen: 321533K->18422K(327936K)] 831364K->534316K(1027008K), 0.0579920 secs] [Times: user=0.12 sys=0.00, real=0.06 secs] 
1924.944: [GC [PSYoungGen: 324918K->18800K(327424K)] 840812K->542635K(1026496K), 0.0659000 secs] [Times: user=0.11 sys=0.01, real=0.06 secs] 
1925.323: [GC [PSYoungGen: 324656K->17574K(327680K)] 848491K->547635K(1026752K), 0.0536150 secs] [Times: user=0.11 sys=0.01, real=0.06 secs] 
1925.723: [GC [PSYoungGen: 323430K->14739K(328000K)] 853491K->551237K(1027072K), 0.0644830 secs] [Times: user=0.12 sys=0.00, real=0.07 secs] 
1926.155: [GC [PSYoungGen: 321235K->15115K(328000K)] 857733K->556830K(1027072K), 0.0407870 secs] [Times: user=0.10 sys=0.00, real=0.04 secs] 
1926.661: [GC [PSYoungGen: 321611K->15363K(328384K)] 863326K->559750K(1027456K), 0.0532380 secs] [Times: user=0.09 sys=0.00, real=0.05 secs] 
1927.083: [GC [PSYoungGen: 322371K->17989K(328128K)] 866758K->567605K(1027200K), 0.0569150 secs] [Times: user=0.11 sys=0.00, real=0.06 secs] 
1927.489: [GC [PSYoungGen: 324997K->12828K(327808K)] 874613K->570552K(1026880K), 0.0649860 secs] [Times: user=0.10 sys=0.00, real=0.07 secs] 
1927.923: [GC [PSYoungGen: 319445K->17113K(328064K)] 877169K->580915K(1027136K), 0.0421650 secs] [Times: user=0.12 sys=0.01, real=0.05 secs] 
1928.306: [GC [PSYoungGen: 323737K->15495K(328640K)] 887539K->586779K(1027712K), 0.0483110 secs] [Times: user=0.11 sys=0.00, real=0.05 secs] 
1928.706: [GC [PSYoungGen: 322951K->19387K(326848K)] 894235K->597108K(1025920K), 0.0472790 secs] [Times: user=0.12 sys=0.00, real=0.04 secs] 
1929.202: [GC [PSYoungGen: 326843K->15747K(328256K)] 904564K->600077K(1027328K), 0.0671260 secs] [Times: user=0.11 sys=0.00, real=0.07 secs] 
1929.668: [GC [PSYoungGen: 322435K->21242K(327936K)] 906765K->609543K(1027008K), 0.0695990 secs] [Times: user=0.12 sys=0.00, real=0.07 secs] 
1930.169: [GC [PSYoungGen: 327930K->21538K(314240K)] 916231K->619454K(1013312K), 0.0699870 secs] [Times: user=0.13 sys=0.00, real=0.07 secs] 
1930.571: [GC [PSYoungGen: 314210K->17603K(321088K)] 912126K->622649K(1020160K), 0.0505460 secs] [Times: user=0.11 sys=0.00, real=0.05 secs] 
1930.937: [GC [PSYoungGen: 310275K->17787K(322624K)] 915321K->628579K(1021696K), 0.0547380 secs] [Times: user=0.12 sys=0.00, real=0.05 secs] 
1931.325: [GC [PSYoungGen: 312763K->16372K(321856K)] 923555K->634891K(1020928K), 0.0648140 secs] [Times: user=0.11 sys=0.00, real=0.06 secs] 
1931.755: [GC [PSYoungGen: 311348K->13157K(322944K)] 929867K->636058K(1022016K), 0.0578510 secs] [Times: user=0.09 sys=0.00, real=0.06 secs] 
1932.141: [GC [PSYoungGen: 309669K->20637K(317184K)] 932570K->650108K(1016256K), 0.0586240 secs] [Times: user=0.14 sys=0.00, real=0.06 secs] 
1932.518: [GC [PSYoungGen: 317149K->18119K(323648K)] 946620K->658518K(1022720K), 0.0706180 secs] [Times: user=0.13 sys=0.01, real=0.07 secs] 
1932.967: [GC [PSYoungGen: 315079K->17896K(322816K)] 955478K->664276K(1021888K), 0.0465970 secs] [Times: user=0.12 sys=0.00, real=0.04 secs] 
1933.335: [GC [PSYoungGen: 314856K->19139K(324736K)] 961236K->669811K(1023808K), 0.0403170 secs] [Times: user=0.12 sys=0.00, real=0.04 secs] 
1933.799: [GC [PSYoungGen: 318787K->18457K(324416K)] 969459K->676331K(1023488K), 0.0817980 secs] [Times: user=0.12 sys=0.01, real=0.08 secs] 
1934.226: [GC [PSYoungGen: 318100K->18401K(325824K)] 975974K->682302K(1024896K), 0.0610440 secs] [Times: user=0.11 sys=0.01, real=0.06 secs] 
1934.536: [GC [PSYoungGen: 319969K->23022K(324608K)] 983870K->692751K(1023680K), 0.0538300 secs] [Times: user=0.13 sys=0.00, real=0.05 secs] 
1934.972: [GC [PSYoungGen: 324590K->15253K(324608K)] 994319K->691791K(1023680K), 0.0534110 secs] [Times: user=0.11 sys=0.00, real=0.06 secs] 
1935.402: [GC [PSYoungGen: 314965K->18479K(324608K)] 991503K->699425K(1023680K), 0.0491650 secs] [Times: user=0.11 sys=0.00, real=0.05 secs] 
1935.770: [GC [PSYoungGen: 318191K->17116K(325568K)] 999137K->707005K(1024640K), 0.0473080 secs] [Times: user=0.13 sys=0.00, real=0.05 secs] 
1935.817: [Full GC [PSYoungGen: 17116K->0K(325568K)] [PSOldGen: 689889K->330996K(699072K)] 707005K->330996K(1024640K) [PSPermGen: 91541K->91541K(262144K)], 1.6879510 secs] [Times: user=1.68 sys=0.00, real=1.69 secs] 
1937.900: [GC [PSYoungGen: 301312K->20955K(322304K)] 632308K->351951K(1021376K), 0.0431220 secs] [Times: user=0.10 sys=0.00, real=0.04 secs] 
1938.329: [GC [PSYoungGen: 322267K->16080K(325312K)] 653263K->356727K(1024384K), 0.0779270 secs] [Times: user=0.11 sys=0.00, real=0.08 secs] 
1938.772: [GC [PSYoungGen: 317072K->19645K(325184K)] 657719K->363069K(1024256K), 0.0395230 secs] [Times: user=0.11 sys=0.00, real=0.04 secs] 
1939.176: [GC [PSYoungGen: 320637K->16572K(325632K)] 664061K->367184K(1024704K), 0.0489820 secs] [Times: user=0.12 sys=0.00, real=0.05 secs] 
1939.568: [GC [PSYoungGen: 318076K->16427K(325376K)] 668688K->374317K(1024448K), 0.0409400 secs] [Times: user=0.11 sys=0.00, real=0.04 secs] 
1940.028: [GC [PSYoungGen: 317931K->16161K(326144K)] 675821K->379949K(1025216K), 0.0439800 secs] [Times: user=0.10 sys=0.00, real=0.04 secs] 
1940.533: [GC [PSYoungGen: 318689K->17325K(325888K)] 682477K->388628K(1024960K), 0.0717000 secs] [Times: user=0.13 sys=0.00, real=0.07 secs] 
1941.094: [GC [PSYoungGen: 319853K->15045K(326656K)] 691156K->394250K(1025728K), 0.0670040 secs] [Times: user=0.11 sys=0.00, real=0.07 secs] 
1941.441: [GC [PSYoungGen: 318789K->20778K(324544K)] 697994K->404533K(1023616K), 0.0556360 secs] [Times: user=0.12 sys=0.00, real=0.06 secs] 
1941.834: [GC [PSYoungGen: 324522K->15873K(326208K)] 708277K->406383K(1025280K), 0.0528430 secs] [Times: user=0.10 sys=0.00, real=0.06 secs] 
1942.293: [GC [PSYoungGen: 318529K->16178K(325952K)] 709039K->411310K(1025024K), 0.0551260 secs] [Times: user=0.10 sys=0.01, real=0.06 secs] 
1942.791: [GC [PSYoungGen: 318834K->14309K(326528K)] 713966K->415656K(1025600K), 0.0524750 secs] [Times: user=0.09 sys=0.00, real=0.05 secs] 
1943.232: [GC [PSYoungGen: 317797K->18609K(326464K)] 719144K->424385K(1025536K), 0.0440120 secs] [Times: user=0.11 sys=0.00, real=0.05 secs] 
1943.617: [GC [PSYoungGen: 322097K->19799K(325888K)] 727873K->433183K(1024960K), 0.0538660 secs] [Times: user=0.13 sys=0.00, real=0.05 secs] 
1944.035: [GC [PSYoungGen: 322711K->18994K(326208K)] 736095K->438125K(1025280K), 0.0548960 secs] [Times: user=0.13 sys=0.00, real=0.06 secs] 
1944.484: [GC [PSYoungGen: 321906K->16509K(326592K)] 741037K->442294K(1025664K), 0.0412480 secs] [Times: user=0.12 sys=0.00, real=0.04 secs] 
1944.848: [GC [PSYoungGen: 319869K->14898K(326272K)] 745654K->446602K(1025344K), 0.0574520 secs] [Times: user=0.10 sys=0.00, real=0.05 secs] 
1945.294: [GC [PSYoungGen: 318258K->17044K(327168K)] 749962K->453285K(1026240K), 0.0671730 secs] [Times: user=0.10 sys=0.00, real=0.07 secs] 
1945.715: [GC [PSYoungGen: 321364K->19284K(326656K)] 757605K->462659K(1025728K), 0.0861150 secs] [Times: user=0.13 sys=0.00, real=0.09 secs] 
1946.130: [GC [PSYoungGen: 323604K->20432K(325760K)] 766979K->472454K(1024832K), 0.0505740 secs] [Times: user=0.13 sys=0.00, real=0.05 secs] 
1946.500: [GC [PSYoungGen: 323600K->17734K(326336K)] 775622K->474231K(1025408K), 0.0400830 secs] [Times: user=0.11 sys=0.00, real=0.04 secs] 
1946.871: [GC [PSYoungGen: 320902K->13955K(326592K)] 777399K->478439K(1025664K), 0.0308600 secs] [Times: user=0.11 sys=0.00, real=0.03 secs] 
1947.212: [GC [PSYoungGen: 317891K->13731K(317696K)] 782375K->481037K(1016768K), 0.0439210 secs] [Times: user=0.08 sys=0.00, real=0.04 secs] 
1947.631: [GC [PSYoungGen: 317667K->17113K(327168K)] 784973K->488281K(1026240K), 0.0624060 secs] [Times: user=0.11 sys=0.00, real=0.06 secs] 
1948.035: [GC [PSYoungGen: 321369K->17416K(326592K)] 792537K->496393K(1025664K), 0.0380300 secs] [Times: user=0.12 sys=0.00, real=0.04 secs] 
1948.445: [GC [PSYoungGen: 321672K->13926K(327424K)] 800649K->500209K(1026496K), 0.0499030 secs] [Times: user=0.11 sys=0.00, real=0.05 secs] 
1948.890: [GC [PSYoungGen: 319398K->18022K(327488K)] 805681K->512042K(1026560K), 0.0529240 secs] [Times: user=0.12 sys=0.01, real=0.05 secs] 
1949.319: [GC [PSYoungGen: 323494K->15190K(327744K)] 817514K->516589K(1026816K), 0.0514490 secs] [Times: user=0.10 sys=0.00, real=0.05 secs] 
1949.711: [GC [PSYoungGen: 320982K->16730K(327552K)] 822381K->522588K(1026624K), 0.0773360 secs] [Times: user=0.10 sys=0.00, real=0.08 secs] 
1950.166: [GC [PSYoungGen: 322522K->16781K(328704K)] 828380K->527756K(1027776K), 0.0517650 secs] [Times: user=0.10 sys=0.00, real=0.06 secs] 
1950.501: [GC [PSYoungGen: 324237K->19118K(326592K)] 835212K->535305K(1025664K), 0.0489230 secs] [Times: user=0.11 sys=0.00, real=0.05 secs] 
1950.994: [GC [PSYoungGen: 326574K->19232K(327424K)] 842761K->542238K(1026496K), 0.0721720 secs] [Times: user=0.12 sys=0.00, real=0.07 secs] 
1951.479: [GC [PSYoungGen: 325344K->12869K(319040K)] 848350K->541253K(1018112K), 0.0481500 secs] [Times: user=0.09 sys=0.01, real=0.04 secs] 
1951.905: [GC [PSYoungGen: 318981K->18830K(327104K)] 847365K->551148K(1026176K), 0.0448100 secs] [Times: user=0.12 sys=0.00, real=0.05 secs] 
1952.383: [GC [PSYoungGen: 323918K->16894K(327296K)] 856236K->557430K(1026368K), 0.0680910 secs] [Times: user=0.11 sys=0.00, real=0.07 secs] 
1952.780: [GC [PSYoungGen: 321982K->12243K(327040K)] 862518K->559745K(1026112K), 0.0563930 secs] [Times: user=0.10 sys=0.00, real=0.05 secs] 
1953.257: [GC [PSYoungGen: 317587K->19672K(325056K)] 865089K->572873K(1024128K), 0.0360290 secs] [Times: user=0.13 sys=0.00, real=0.04 secs] 
1953.680: [GC [PSYoungGen: 325016K->18288K(326848K)] 878217K->581448K(1025920K), 0.0486110 secs] [Times: user=0.13 sys=0.00, real=0.05 secs] 
1954.094: [GC [PSYoungGen: 322480K->19842K(324096K)] 885640K->589353K(1023168K), 0.0650510 secs] [Times: user=0.13 sys=0.00, real=0.07 secs] 
1954.527: [GC [PSYoungGen: 324034K->14862K(326528K)] 893545K->590196K(1025600K), 0.0389640 secs] [Times: user=0.10 sys=0.00, real=0.04 secs] 
1954.937: [GC [PSYoungGen: 318222K->17659K(326336K)] 893556K->599190K(1025408K), 0.0485380 secs] [Times: user=0.11 sys=0.00, real=0.05 secs] 
1955.293: [GC [PSYoungGen: 321019K->15832K(327232K)] 902550K->604618K(1026304K), 0.0459520 secs] [Times: user=0.11 sys=0.01, real=0.05 secs] 
1955.653: [GC [PSYoungGen: 320472K->18016K(326912K)] 909258K->611438K(1025984K), 0.0471390 secs] [Times: user=0.11 sys=0.00, real=0.05 secs] 
1956.020: [GC [PSYoungGen: 322656K->19201K(326848K)] 916078K->621186K(1025920K), 0.0653310 secs] [Times: user=0.13 sys=0.00, real=0.06 secs] 
1956.458: [GC [PSYoungGen: 323905K->13869K(318592K)] 925890K->623681K(1017664K), 0.0513250 secs] [Times: user=0.11 sys=0.00, real=0.05 secs] 
1956.850: [GC [PSYoungGen: 318573K->19084K(326528K)] 928385K->632266K(1025600K), 0.0421860 secs] [Times: user=0.11 sys=0.00, real=0.04 secs] 
1957.378: [GC [PSYoungGen: 323148K->18839K(322944K)] 936330K->640337K(1022016K), 0.0841110 secs] [Times: user=0.13 sys=0.00, real=0.09 secs] 
1957.826: [GC [PSYoungGen: 322903K->19785K(325952K)] 944401K->648872K(1025024K), 0.0451560 secs] [Times: user=0.13 sys=0.00, real=0.05 secs] 
1958.286: [GC [PSYoungGen: 322950K->16672K(326336K)] 952037K->652095K(1025408K), 0.0534000 secs] [Times: user=0.12 sys=0.01, real=0.06 secs] 
1958.763: [GC [PSYoungGen: 319840K->18636K(326848K)] 955263K->658318K(1025920K), 0.0673060 secs] [Times: user=0.12 sys=0.00, real=0.07 secs] 
1959.190: [GC [PSYoungGen: 322700K->17037K(326720K)] 962382K->661669K(1025792K), 0.0529370 secs] [Times: user=0.12 sys=0.00, real=0.05 secs] 
1959.633: [GC [PSYoungGen: 321101K->14312K(327104K)] 965733K->666123K(1026176K), 0.0379620 secs] [Times: user=0.10 sys=0.00, real=0.04 secs] 
1960.071: [GC [PSYoungGen: 319144K->19263K(324096K)] 970955K->676674K(1023168K), 0.0569810 secs] [Times: user=0.13 sys=0.00, real=0.05 secs] 
1960.485: [GC [PSYoungGen: 324095K->18762K(326912K)] 981506K->684406K(1025984K), 0.0526990 secs] [Times: user=0.13 sys=0.01, real=0.05 secs] 
1960.949: [GC [PSYoungGen: 323074K->16770K(326912K)] 988719K->687709K(1025984K), 0.0483700 secs] [Times: user=0.11 sys=0.01, real=0.04 secs] 
1961.323: [GC [PSYoungGen: 321089K->19255K(326912K)] 992028K->697425K(1025984K), 0.0574560 secs] [Times: user=0.13 sys=0.00, real=0.06 secs] 
1961.754: [GC [PSYoungGen: 323959K->16888K(327104K)] 1002129K->702164K(1026176K), 0.0787260 secs] [Times: user=0.13 sys=0.00, real=0.08 secs] 
1962.204: [GC [PSYoungGen: 321592K->21410K(325504K)] 1006868K->713351K(1024576K), 0.0769100 secs] [Times: user=0.13 sys=0.01, real=0.08 secs] 
1962.281: [Full GC [PSYoungGen: 21410K->0K(325504K)] [PSOldGen: 691941K->338495K(699072K)] 713351K->338495K(1024576K) [PSPermGen: 91553K->91553K(262144K)], 1.6994880 secs] [Times: user=1.70 sys=0.00, real=1.70 secs] 
1964.313: [GC [PSYoungGen: 303424K->16468K(326464K)] 641919K->354963K(1025536K), 0.0429330 secs] [Times: user=0.08 sys=0.00, real=0.04 secs] 
1964.705: [GC [PSYoungGen: 319892K->17840K(327232K)] 658387K->364297K(1026304K), 0.0489750 secs] [Times: user=0.11 sys=0.00, real=0.05 secs] 
1965.073: [GC [PSYoungGen: 322288K->14985K(326720K)] 668745K->369313K(1025792K), 0.0442610 secs] [Times: user=0.11 sys=0.00, real=0.04 secs] 
1965.410: [GC [PSYoungGen: 319423K->16227K(327424K)] 673751K->374791K(1026496K), 0.0515460 secs] [Times: user=0.09 sys=0.00, real=0.05 secs] 
1965.884: [GC [PSYoungGen: 321315K->14550K(327168K)] 679879K->380207K(1026240K), 0.0627390 secs] [Times: user=0.10 sys=0.00, real=0.06 secs] 
1966.362: [GC [PSYoungGen: 319638K->18382K(327424K)] 685295K->392120K(1026496K), 0.0569500 secs] [Times: user=0.12 sys=0.00, real=0.05 secs] 
1966.750: [GC [PSYoungGen: 323726K->17194K(327424K)] 697464K->398257K(1026496K), 0.0477220 secs] [Times: user=0.11 sys=0.01, real=0.04 secs] 
1967.120: [GC [PSYoungGen: 322538K->14090K(327680K)] 703601K->400102K(1026752K), 0.0415200 secs] [Times: user=0.10 sys=0.00, real=0.04 secs] 
1967.479: [GC [PSYoungGen: 320202K->16386K(327808K)] 706214K->407647K(1026880K), 0.0420770 secs] [Times: user=0.11 sys=0.00, real=0.05 secs] 
1967.848: [GC [PSYoungGen: 322498K->19137K(327424K)] 713759K->418021K(1026496K), 0.0600510 secs] [Times: user=0.11 sys=0.00, real=0.06 secs] 
1968.319: [GC [PSYoungGen: 325249K->16440K(327808K)] 724133K->422903K(1026880K), 0.0458030 secs] [Times: user=0.12 sys=0.00, real=0.05 secs] 
1968.727: [GC [PSYoungGen: 322552K->19110K(327488K)] 729015K->429938K(1026560K), 0.0442080 secs] [Times: user=0.11 sys=0.00, real=0.05 secs] 
1969.066: [GC [PSYoungGen: 325222K->14177K(320320K)] 736050K->432640K(1019392K), 0.0396510 secs] [Times: user=0.10 sys=0.00, real=0.04 secs] 
1969.437: [GC [PSYoungGen: 320289K->12640K(327232K)] 738752K->435969K(1026304K), 0.0380020 secs] [Times: user=0.10 sys=0.00, real=0.04 secs] 
1969.814: [GC [PSYoungGen: 318112K->18390K(323904K)] 741441K->448330K(1022976K), 0.0467380 secs] [Times: user=0.11 sys=0.00, real=0.05 secs] 
1970.277: [GC [PSYoungGen: 323862K->19337K(326528K)] 753802K->457905K(1025600K), 0.0562610 secs] [Times: user=0.13 sys=0.00, real=0.06 secs] 
1970.697: [GC [PSYoungGen: 323657K->20985K(325312K)] 762225K->466059K(1024384K), 0.0773640 secs] [Times: user=0.12 sys=0.00, real=0.08 secs] 
1971.216: [GC [PSYoungGen: 325305K->20472K(324928K)] 770379K->470004K(1024000K), 0.0480050 secs] [Times: user=0.12 sys=0.00, real=0.05 secs] 
1971.683: [GC [PSYoungGen: 321834K->13504K(314944K)] 771365K->470971K(1014016K), 0.0441340 secs] [Times: user=0.10 sys=0.00, real=0.04 secs] 
1972.136: [GC [PSYoungGen: 314880K->17462K(325952K)] 772347K->481167K(1025024K), 0.0474490 secs] [Times: user=0.12 sys=0.00, real=0.05 secs] 
1972.469: [GC [PSYoungGen: 319286K->20569K(325376K)] 782991K->488859K(1024448K), 0.0524460 secs] [Times: user=0.12 sys=0.01, real=0.06 secs] 
1972.873: [GC [PSYoungGen: 322393K->17008K(325888K)] 790683K->491786K(1024960K), 0.0460350 secs] [Times: user=0.11 sys=0.01, real=0.04 secs] 
1973.256: [GC [PSYoungGen: 318768K->19932K(325376K)] 793546K->500477K(1024448K), 0.0504540 secs] [Times: user=0.12 sys=0.00, real=0.05 secs] 
1973.682: [GC [PSYoungGen: 321692K->13793K(325504K)] 802237K->501957K(1024576K), 0.0442100 secs] [Times: user=0.10 sys=0.00, real=0.04 secs] 
1974.126: [GC [PSYoungGen: 315425K->17692K(325568K)] 803589K->511195K(1024640K), 0.0501910 secs] [Times: user=0.11 sys=0.00, real=0.05 secs] 
1974.550: [GC [PSYoungGen: 319324K->20346K(325184K)] 812827K->520734K(1024256K), 0.0627440 secs] [Times: user=0.12 sys=0.00, real=0.07 secs] 
1974.900: [GC [PSYoungGen: 322106K->17108K(325632K)] 822494K->525911K(1024704K), 0.0477180 secs] [Times: user=0.12 sys=0.01, real=0.05 secs] 
1975.290: [GC [PSYoungGen: 318868K->14839K(326208K)] 827671K->531300K(1025280K), 0.0472010 secs] [Times: user=0.11 sys=0.00, real=0.05 secs] 
1975.789: [GC [PSYoungGen: 317687K->20700K(323584K)] 834148K->541178K(1022656K), 0.0532030 secs] [Times: user=0.12 sys=0.00, real=0.06 secs] 
1976.190: [GC [PSYoungGen: 323548K->16531K(326016K)] 844026K->543280K(1025088K), 0.0655210 secs] [Times: user=0.11 sys=0.00, real=0.07 secs] 
1976.698: [GC [PSYoungGen: 318611K->16595K(325568K)] 845360K->548284K(1024640K), 0.0503800 secs] [Times: user=0.10 sys=0.00, real=0.05 secs] 
1977.070: [GC [PSYoungGen: 318675K->19263K(326272K)] 850364K->557858K(1025344K), 0.0575800 secs] [Times: user=0.13 sys=0.00, real=0.06 secs] 
1977.507: [GC [PSYoungGen: 322431K->19743K(322944K)] 861026K->567382K(1022016K), 0.0888340 secs] [Times: user=0.14 sys=0.01, real=0.09 secs] 
1978.020: [GC [PSYoungGen: 322911K->21210K(324800K)] 870550K->574507K(1023872K), 0.0791040 secs] [Times: user=0.13 sys=0.00, real=0.08 secs] 
1978.523: [GC [PSYoungGen: 322586K->12038K(313472K)] 875883K->571153K(1012544K), 0.0418490 secs] [Times: user=0.10 sys=0.00, real=0.04 secs] 
1978.952: [GC [PSYoungGen: 313414K->18713K(325248K)] 872529K->582345K(1024320K), 0.0722860 secs] [Times: user=0.11 sys=0.00, real=0.07 secs] 
1979.364: [GC [PSYoungGen: 319385K->18692K(324928K)] 883017K->591303K(1024000K), 0.0532580 secs] [Times: user=0.13 sys=0.00, real=0.05 secs] 
1979.773: [GC [PSYoungGen: 319364K->17467K(326080K)] 891975K->594983K(1025152K), 0.0730870 secs] [Times: user=0.11 sys=0.00, real=0.07 secs] 
1980.147: [GC [PSYoungGen: 319547K->17952K(325504K)] 897063K->602406K(1024576K), 0.0509600 secs] [Times: user=0.12 sys=0.00, real=0.05 secs] 
1980.521: [GC [PSYoungGen: 320024K->19655K(326208K)] 904478K->614883K(1025280K), 0.0561730 secs] [Times: user=0.14 sys=0.00, real=0.06 secs] 
1980.893: [GC [PSYoungGen: 322951K->16022K(326400K)] 918179K->617281K(1025472K), 0.0498010 secs] [Times: user=0.11 sys=0.00, real=0.05 secs] 
1981.270: [GC [PSYoungGen: 319311K->16143K(326784K)] 920570K->621911K(1025856K), 0.0454290 secs] [Times: user=0.10 sys=0.00, real=0.05 secs] 
1981.658: [GC [PSYoungGen: 320015K->14292K(326592K)] 925783K->627131K(1025664K), 0.0401370 secs] [Times: user=0.12 sys=0.00, real=0.04 secs] 
1982.067: [GC [PSYoungGen: 318157K->17667K(327168K)] 930996K->636297K(1026240K), 0.0448370 secs] [Times: user=0.12 sys=0.00, real=0.04 secs] 
1982.476: [GC [PSYoungGen: 322051K->17930K(326720K)] 940681K->646589K(1025792K), 0.0915250 secs] [Times: user=0.13 sys=0.01, real=0.09 secs] 
1982.996: [GC [PSYoungGen: 322314K->14224K(327296K)] 950973K->649942K(1026368K), 0.0702750 secs] [Times: user=0.11 sys=0.00, real=0.07 secs] 
1983.388: [GC [PSYoungGen: 319440K->18754K(324032K)] 955158K->661073K(1023104K), 0.0617740 secs] [Times: user=0.13 sys=0.00, real=0.06 secs] 
1983.750: [GC [PSYoungGen: 323970K->19094K(326848K)] 966289K->670377K(1025920K), 0.0618620 secs] [Times: user=0.14 sys=0.00, real=0.06 secs] 
1984.311: [GC [PSYoungGen: 323670K->18320K(327040K)] 974953K->675267K(1026112K), 0.0614670 secs] [Times: user=0.12 sys=0.00, real=0.06 secs] 
1984.700: [GC [PSYoungGen: 322896K->18044K(327488K)] 979843K->682018K(1026560K), 0.0655440 secs] [Times: user=0.12 sys=0.00, real=0.07 secs] 
1985.157: [GC [PSYoungGen: 323260K->19769K(324992K)] 987234K->689334K(1024064K), 0.0945800 secs] [Times: user=0.13 sys=0.00, real=0.09 secs] 
1985.622: [GC [PSYoungGen: 324985K->14476K(326976K)] 994550K->690306K(1026048K), 0.0393370 secs] [Times: user=0.10 sys=0.00, real=0.04 secs] 
1986.010: [GC [PSYoungGen: 319052K->12103K(316736K)] 994882K->691354K(1015808K), 0.0369180 secs] [Times: user=0.09 sys=0.00, real=0.04 secs] 
1986.369: [GC [PSYoungGen: 316679K->21434K(324416K)] 995930K->705544K(1023488K), 0.0627730 secs] [Times: user=0.13 sys=0.01, real=0.06 secs] 
1986.844: [GC [PSYoungGen: 322938K->17496K(325504K)] 1007048K->714694K(1024576K), 0.0763400 secs] [Times: user=0.14 sys=0.00, real=0.07 secs] 
1986.921: [Full GC [PSYoungGen: 17496K->0K(325504K)] [PSOldGen: 697198K->331140K(699072K)] 714694K->331140K(1024576K) [PSPermGen: 91568K->91568K(262144K)], 1.6998900 secs] [Times: user=1.69 sys=0.01, real=1.70 secs] 
1989.019: [GC [PSYoungGen: 301504K->20271K(325120K)] 632644K->351411K(1024192K), 0.0494550 secs] [Times: user=0.10 sys=0.00, real=0.05 secs] 
1989.390: [GC [PSYoungGen: 322031K->15407K(325632K)] 653171K->354754K(1024704K), 0.0388060 secs] [Times: user=0.11 sys=0.00, real=0.04 secs] 
1989.787: [GC [PSYoungGen: 317167K->19638K(325504K)] 656514K->366095K(1024576K), 0.0500250 secs] [Times: user=0.12 sys=0.00, real=0.05 secs] 
1990.247: [GC [PSYoungGen: 321526K->17763K(325696K)] 667983K->371338K(1024768K), 0.0832760 secs] [Times: user=0.11 sys=0.00, real=0.08 secs] 
1990.730: [GC [PSYoungGen: 319651K->18310K(326592K)] 673226K->375282K(1025664K), 0.0405660 secs] [Times: user=0.10 sys=0.00, real=0.04 secs] 
1991.109: [GC [PSYoungGen: 321670K->18594K(326272K)] 678642K->381574K(1025344K), 0.0467500 secs] [Times: user=0.11 sys=0.01, real=0.05 secs] 
1991.472: [GC [PSYoungGen: 321954K->15931K(326976K)] 684934K->388559K(1026048K), 0.0424450 secs] [Times: user=0.11 sys=0.01, real=0.05 secs] 
1991.903: [GC [PSYoungGen: 320187K->16959K(326784K)] 692815K->396908K(1025856K), 0.0528820 secs] [Times: user=0.11 sys=0.00, real=0.06 secs] 
1992.328: [GC [PSYoungGen: 321215K->15334K(327424K)] 701164K->401174K(1026496K), 0.0518930 secs] [Times: user=0.10 sys=0.01, real=0.05 secs] 
1992.685: [GC [PSYoungGen: 320548K->21035K(326272K)] 706387K->413201K(1025344K), 0.0626100 secs] [Times: user=0.12 sys=0.00, real=0.06 secs] 
1993.149: [GC [PSYoungGen: 326251K->16902K(326912K)] 718417K->416183K(1025984K), 0.0414530 secs] [Times: user=0.11 sys=0.00, real=0.04 secs] 
1993.562: [GC [PSYoungGen: 320838K->19077K(326528K)] 720119K->425213K(1025600K), 0.0745310 secs] [Times: user=0.11 sys=0.01, real=0.08 secs] 
1994.016: [GC [PSYoungGen: 323013K->18384K(327104K)] 729149K->431845K(1026176K), 0.0522270 secs] [Times: user=0.12 sys=0.00, real=0.05 secs] 
1994.461: [GC [PSYoungGen: 322832K->19732K(326848K)] 736293K->438468K(1025920K), 0.0508350 secs] [Times: user=0.12 sys=0.00, real=0.05 secs] 
1994.982: [GC [PSYoungGen: 324180K->18730K(327040K)] 742916K->446349K(1026112K), 0.0441900 secs] [Times: user=0.13 sys=0.00, real=0.05 secs] 
1995.440: [GC [PSYoungGen: 323114K->16608K(326848K)] 750733K->450784K(1025920K), 0.0403900 secs] [Times: user=0.11 sys=0.00, real=0.04 secs] 
1995.878: [GC [PSYoungGen: 320992K->14525K(326976K)] 755168K->452343K(1026048K), 0.0465430 secs] [Times: user=0.10 sys=0.00, real=0.05 secs] 
1996.336: [GC [PSYoungGen: 319229K->17683K(327104K)] 757047K->461467K(1026176K), 0.0497380 secs] [Times: user=0.11 sys=0.00, real=0.05 secs] 
1996.735: [GC [PSYoungGen: 322387K->17943K(327872K)] 766171K->469442K(1026944K), 0.0769310 secs] [Times: user=0.12 sys=0.00, real=0.07 secs] 
1997.147: [GC [PSYoungGen: 323863K->20380K(326336K)] 775362K->478811K(1025408K), 0.0498700 secs] [Times: user=0.13 sys=0.00, real=0.05 secs] 
1997.602: [GC [PSYoungGen: 326300K->19465K(326976K)] 784731K->485137K(1026048K), 0.0666540 secs] [Times: user=0.13 sys=0.00, real=0.07 secs] 
1998.017: [GC [PSYoungGen: 324169K->18472K(327104K)] 789841K->488207K(1026176K), 0.0445120 secs] [Times: user=0.11 sys=0.00, real=0.04 secs] 
1998.376: [GC [PSYoungGen: 323176K->19792K(326976K)] 792911K->492156K(1026048K), 0.0416210 secs] [Times: user=0.11 sys=0.00, real=0.04 secs] 
1998.823: [GC [PSYoungGen: 324624K->14114K(318976K)] 796988K->493873K(1018048K), 0.0595570 secs] [Times: user=0.11 sys=0.01, real=0.06 secs] 
1999.207: [GC [PSYoungGen: 318946K->17194K(327232K)] 798705K->501652K(1026304K), 0.0533040 secs] [Times: user=0.11 sys=0.00, real=0.05 secs] 
1999.638: [GC [PSYoungGen: 321770K->18376K(326848K)] 806228K->510134K(1025920K), 0.0447000 secs] [Times: user=0.13 sys=0.01, real=0.04 secs] 
2000.145: [GC [PSYoungGen: 322952K->13570K(326784K)] 814710K->510570K(1025856K), 0.0507200 secs] [Times: user=0.10 sys=0.01, real=0.06 secs] 
2000.559: [GC [PSYoungGen: 318274K->18819K(327104K)] 815274K->520135K(1026176K), 0.0454060 secs] [Times: user=0.12 sys=0.00, real=0.04 secs] 
2001.012: [GC [PSYoungGen: 323523K->18292K(327296K)] 824839K->527028K(1026368K), 0.0671730 secs] [Times: user=0.11 sys=0.00, real=0.07 secs] 
2001.469: [GC [PSYoungGen: 323188K->19099K(327104K)] 831924K->536305K(1026176K), 0.0602940 secs] [Times: user=0.13 sys=0.00, real=0.06 secs] 
2001.907: [GC [PSYoungGen: 323995K->17511K(327616K)] 841201K->542901K(1026688K), 0.0591570 secs] [Times: user=0.12 sys=0.00, real=0.06 secs] 
2002.395: [GC [PSYoungGen: 322855K->14791K(327232K)] 848245K->547081K(1026304K), 0.0570950 secs] [Times: user=0.11 sys=0.00, real=0.06 secs] 
2002.816: [GC [PSYoungGen: 320135K->17270K(327936K)] 852425K->553616K(1027008K), 0.0479760 secs] [Times: user=0.11 sys=0.00, real=0.04 secs] 
2003.235: [GC [PSYoungGen: 323254K->15671K(327552K)] 859600K->558608K(1026624K), 0.0339960 secs] [Times: user=0.12 sys=0.00, real=0.04 secs] 
2003.622: [GC [PSYoungGen: 321655K->18479K(327936K)] 864592K->566079K(1027008K), 0.0451740 secs] [Times: user=0.11 sys=0.01, real=0.05 secs] 
2004.119: [GC [PSYoungGen: 324975K->18386K(328000K)] 872575K->572488K(1027072K), 0.0438090 secs] [Times: user=0.12 sys=0.00, real=0.04 secs] 
2004.518: [GC [PSYoungGen: 324882K->13914K(327680K)] 878984K->572781K(1026752K), 0.0313460 secs] [Times: user=0.10 sys=0.00, real=0.03 secs] 
2004.946: [GC [PSYoungGen: 320154K->17778K(327872K)] 879021K->580622K(1026944K), 0.0490790 secs] [Times: user=0.11 sys=0.00, real=0.05 secs] 
2005.403: [GC [PSYoungGen: 324018K->16949K(328448K)] 886862K->587745K(1027520K), 0.0429260 secs] [Times: user=0.12 sys=0.00, real=0.04 secs] 
2005.857: [GC [PSYoungGen: 323956K->16603K(328064K)] 894752K->596419K(1027136K), 0.0616700 secs] [Times: user=0.12 sys=0.00, real=0.06 secs] 
2006.316: [GC [PSYoungGen: 323611K->18340K(328576K)] 903427K->603594K(1027648K), 0.0478590 secs] [Times: user=0.11 sys=0.00, real=0.05 secs] 
2006.676: [GC [PSYoungGen: 326116K->17985K(328640K)] 911370K->609687K(1027712K), 0.0479150 secs] [Times: user=0.11 sys=0.00, real=0.05 secs] 
2007.067: [GC [PSYoungGen: 325761K->14851K(328576K)] 917463K->612336K(1027648K), 0.0402240 secs] [Times: user=0.10 sys=0.00, real=0.04 secs] 
2007.504: [GC [PSYoungGen: 322627K->20352K(328192K)] 920112K->622642K(1027264K), 0.0622460 secs] [Times: user=0.12 sys=0.01, real=0.06 secs] 
2007.862: [GC [PSYoungGen: 328128K->17172K(328192K)] 930418K->626644K(1027264K), 0.0552030 secs] [Times: user=0.13 sys=0.00, real=0.06 secs] 
2008.321: [GC [PSYoungGen: 324052K->18094K(328192K)] 933524K->632606K(1027264K), 0.0530060 secs] [Times: user=0.11 sys=0.00, real=0.05 secs] 
2008.709: [GC [PSYoungGen: 324974K->18998K(327936K)] 939486K->641862K(1027008K), 0.0555040 secs] [Times: user=0.13 sys=0.00, real=0.05 secs] 
2009.199: [GC [PSYoungGen: 325750K->17004K(328128K)] 948614K->646414K(1027200K), 0.0633180 secs] [Times: user=0.13 sys=0.01, real=0.06 secs] 
2009.592: [GC [PSYoungGen: 323756K->16924K(328640K)] 953166K->654349K(1027712K), 0.0642360 secs] [Times: user=0.12 sys=0.00, real=0.07 secs] 
2010.077: [GC [PSYoungGen: 324444K->17454K(328384K)] 961869K->661676K(1027456K), 0.0451150 secs] [Times: user=0.12 sys=0.00, real=0.04 secs] 
2010.490: [GC [PSYoungGen: 324974K->16002K(329024K)] 969196K->665932K(1028096K), 0.0510890 secs] [Times: user=0.12 sys=0.00, real=0.05 secs] 
2010.929: [GC [PSYoungGen: 324482K->15586K(328960K)] 974412K->671502K(1028032K), 0.0585940 secs] [Times: user=0.11 sys=0.00, real=0.06 secs] 
2011.318: [GC [PSYoungGen: 324066K->16560K(329280K)] 979982K->678398K(1028352K), 0.0453180 secs] [Times: user=0.11 sys=0.00, real=0.04 secs] 
2011.656: [GC [PSYoungGen: 325360K->18084K(329024K)] 987198K->686552K(1028096K), 0.0473810 secs] [Times: user=0.12 sys=0.00, real=0.05 secs] 
2012.113: [GC [PSYoungGen: 326884K->17595K(329344K)] 995352K->692590K(1028416K), 0.0625820 secs] [Times: user=0.11 sys=0.00, real=0.06 secs] 
2012.526: [GC [PSYoungGen: 326651K->20157K(329216K)] 1001646K->702333K(1028288K), 0.0797390 secs] [Times: user=0.13 sys=0.00, real=0.08 secs] 
2012.979: [GC [PSYoungGen: 329213K->17449K(323456K)] 1011389K->707308K(1022528K), 0.0460720 secs] [Times: user=0.12 sys=0.01, real=0.04 secs] 
2013.340: [GC [PSYoungGen: 320617K->15410K(326336K)] 1010476K->710780K(1025408K), 0.0711320 secs] [Times: user=0.11 sys=0.00, real=0.07 secs] 
2013.411: [Full GC [PSYoungGen: 15410K->0K(326336K)] [PSOldGen: 695369K->297020K(699072K)] 710780K->297020K(1025408K) [PSPermGen: 91582K->91525K(262144K)], 1.8184410 secs] [Times: user=1.81 sys=0.01, real=1.82 secs] 
2015.553: [GC [PSYoungGen: 303168K->21674K(324544K)] 600188K->318694K(1023616K), 0.0424730 secs] [Times: user=0.09 sys=0.00, real=0.04 secs] 
2015.930: [GC [PSYoungGen: 323050K->19414K(325440K)] 620070K->326020K(1024512K), 0.0528950 secs] [Times: user=0.13 sys=0.00, real=0.05 secs] 
2016.306: [GC [PSYoungGen: 320790K->16523K(325824K)] 627396K->329646K(1024896K), 0.0879100 secs] [Times: user=0.10 sys=0.01, real=0.09 secs] 
2016.694: [GC [PSYoungGen: 318475K->20177K(325632K)] 631598K->341288K(1024704K), 0.0485140 secs] [Times: user=0.13 sys=0.00, real=0.05 secs] 
2017.093: [GC [PSYoungGen: 322129K->16264K(325824K)] 643240K->344810K(1024896K), 0.0468690 secs] [Times: user=0.11 sys=0.01, real=0.05 secs] 
2017.430: [GC [PSYoungGen: 318216K->15933K(325632K)] 646762K->349287K(1024704K), 0.0403130 secs] [Times: user=0.10 sys=0.00, real=0.04 secs] 
2017.813: [GC [PSYoungGen: 317885K->17874K(326528K)] 651239K->356457K(1025600K), 0.0459250 secs] [Times: user=0.10 sys=0.00, real=0.05 secs] 
2018.302: [GC [PSYoungGen: 320914K->15956K(326016K)] 659497K->359495K(1025088K), 0.0712080 secs] [Times: user=0.10 sys=0.00, real=0.07 secs] 
2018.637: [GC [PSYoungGen: 318996K->21759K(324672K)] 662535K->369129K(1023744K), 0.0425780 secs] [Times: user=0.11 sys=0.00, real=0.05 secs] 
2019.034: [GC [PSYoungGen: 323647K->17626K(325696K)] 671017K->373134K(1024768K), 0.0486060 secs] [Times: user=0.12 sys=0.00, real=0.05 secs] 
2019.512: [GC [PSYoungGen: 319514K->20489K(325440K)] 675022K->381233K(1024512K), 0.0554850 secs] [Times: user=0.12 sys=0.00, real=0.05 secs] 
2019.942: [GC [PSYoungGen: 322631K->15400K(325824K)] 683376K->382075K(1024896K), 0.0558940 secs] [Times: user=0.11 sys=0.00, real=0.05 secs] 
2020.439: [GC [PSYoungGen: 317544K->19638K(325824K)] 684219K->390153K(1024896K), 0.0451850 secs] [Times: user=0.11 sys=0.00, real=0.04 secs] 
2020.850: [GC [PSYoungGen: 321782K->15676K(325824K)] 692297K->394696K(1024896K), 0.0466120 secs] [Times: user=0.11 sys=0.00, real=0.04 secs] 
2021.303: [GC [PSYoungGen: 317820K->17699K(326464K)] 696840K->402022K(1025536K), 0.0338240 secs] [Times: user=0.12 sys=0.00, real=0.03 secs] 
2021.734: [GC [PSYoungGen: 320611K->16388K(325952K)] 704934K->406622K(1025024K), 0.0554290 secs] [Times: user=0.11 sys=0.00, real=0.06 secs] 
2022.111: [GC [PSYoungGen: 319300K->15928K(326912K)] 709534K->411014K(1025984K), 0.0437020 secs] [Times: user=0.10 sys=0.00, real=0.04 secs] 
2022.533: [GC [PSYoungGen: 320056K->12695K(316864K)] 715142K->415736K(1015936K), 0.0448680 secs] [Times: user=0.10 sys=0.00, real=0.04 secs] 
2022.993: [GC [PSYoungGen: 316823K->18867K(326400K)] 719864K->425653K(1025472K), 0.0579650 secs] [Times: user=0.11 sys=0.00, real=0.06 secs] 
2023.423: [GC [PSYoungGen: 322291K->14684K(326464K)] 729077K->429830K(1025536K), 0.0552580 secs] [Times: user=0.10 sys=0.00, real=0.05 secs] 
2023.808: [GC [PSYoungGen: 318108K->19657K(325824K)] 733254K->440487K(1024896K), 0.0489610 secs] [Times: user=0.12 sys=0.00, real=0.05 secs] 
2024.164: [GC [PSYoungGen: 322569K->17686K(326208K)] 743399K->447260K(1025280K), 0.0481930 secs] [Times: user=0.12 sys=0.00, real=0.05 secs] 
2024.565: [GC [PSYoungGen: 320598K->15387K(326912K)] 750172K->450099K(1025984K), 0.0692670 secs] [Times: user=0.13 sys=0.01, real=0.07 secs] 
2024.969: [GC [PSYoungGen: 319451K->18049K(326656K)] 754163K->459653K(1025728K), 0.0576100 secs] [Times: user=0.12 sys=0.00, real=0.05 secs] 
2025.358: [GC [PSYoungGen: 322113K->18369K(327168K)] 763717K->466219K(1026240K), 0.0669630 secs] [Times: user=0.11 sys=0.01, real=0.07 secs] 
2025.849: [GC [PSYoungGen: 323137K->19511K(324288K)] 770987K->471788K(1023360K), 0.0579690 secs] [Times: user=0.10 sys=0.00, real=0.05 secs] 
2026.281: [GC [PSYoungGen: 324279K->16035K(327104K)] 776556K->477686K(1026176K), 0.0506960 secs] [Times: user=0.11 sys=0.00, real=0.05 secs] 
2026.676: [GC [PSYoungGen: 320483K->16594K(326848K)] 782134K->483940K(1025920K), 0.0517350 secs] [Times: user=0.11 sys=0.00, real=0.05 secs] 
2027.038: [GC [PSYoungGen: 321042K->16106K(327744K)] 788388K->490356K(1026816K), 0.0432690 secs] [Times: user=0.11 sys=0.01, real=0.05 secs] 
2027.536: [GC [PSYoungGen: 321834K->10055K(315840K)] 796084K->488377K(1014912K), 0.0309660 secs] [Times: user=0.08 sys=0.00, real=0.03 secs] 
2027.931: [GC [PSYoungGen: 315783K->19696K(325824K)] 794105K->502687K(1024896K), 0.0413620 secs] [Times: user=0.11 sys=0.00, real=0.04 secs] 
2028.347: [GC [PSYoungGen: 322992K->17576K(326400K)] 805983K->512145K(1025472K), 0.0541510 secs] [Times: user=0.13 sys=0.00, real=0.06 secs] 
2028.779: [GC [PSYoungGen: 320872K->16228K(327232K)] 815441K->517081K(1026304K), 0.0468850 secs] [Times: user=0.11 sys=0.00, real=0.04 secs] 
2029.189: [GC [PSYoungGen: 320676K->18755K(326720K)] 821529K->525020K(1025792K), 0.0762210 secs] [Times: user=0.12 sys=0.00, real=0.08 secs] 
2029.585: [GC [PSYoungGen: 323203K->19631K(326144K)] 829468K->532559K(1025216K), 0.0465600 secs] [Times: user=0.12 sys=0.00, real=0.05 secs] 
2030.017: [GC [PSYoungGen: 323311K->15195K(326592K)] 836239K->536125K(1025664K), 0.0382270 secs] [Times: user=0.12 sys=0.00, real=0.04 secs] 
2030.408: [GC [PSYoungGen: 318875K->15700K(327168K)] 839805K->541414K(1026240K), 0.0408360 secs] [Times: user=0.11 sys=0.00, real=0.04 secs] 
2030.808: [GC [PSYoungGen: 320148K->17951K(326784K)] 845862K->550134K(1025856K), 0.0459310 secs] [Times: user=0.12 sys=0.00, real=0.05 secs] 
2031.164: [GC [PSYoungGen: 322399K->18304K(327360K)] 854582K->557867K(1026432K), 0.0542850 secs] [Times: user=0.12 sys=0.00, real=0.05 secs] 
2031.714: [GC [PSYoungGen: 323456K->17527K(327296K)] 863019K->560891K(1026368K), 0.0734110 secs] [Times: user=0.11 sys=0.00, real=0.07 secs] 
2032.166: [GC [PSYoungGen: 322679K->21814K(318336K)] 866043K->574441K(1017408K), 0.0958570 secs] [Times: user=0.15 sys=0.00, real=0.10 secs] 
2032.534: [GC [PSYoungGen: 318326K->17217K(323008K)] 870953K->579266K(1022080K), 0.0842620 secs] [Times: user=0.13 sys=0.00, real=0.08 secs] 
2032.919: [GC [PSYoungGen: 313729K->18428K(324352K)] 875778K->583555K(1023424K), 0.0578750 secs] [Times: user=0.10 sys=0.00, real=0.06 secs] 
2033.370: [GC [PSYoungGen: 316860K->16800K(323584K)] 881987K->587533K(1022656K), 0.0566050 secs] [Times: user=0.11 sys=0.00, real=0.06 secs] 
2033.776: [GC [PSYoungGen: 315232K->19501K(324928K)] 885965K->595605K(1024000K), 0.0439010 secs] [Times: user=0.12 sys=0.00, real=0.05 secs] 
2034.165: [GC [PSYoungGen: 319661K->17243K(324736K)] 895765K->602129K(1023808K), 0.0445420 secs] [Times: user=0.12 sys=0.01, real=0.05 secs] 
2034.597: [GC [PSYoungGen: 317403K->17942K(325824K)] 902289K->610077K(1024896K), 0.0567210 secs] [Times: user=0.11 sys=0.00, real=0.06 secs] 
2034.993: [GC [PSYoungGen: 319574K->20202K(325312K)] 911709K->618161K(1024384K), 0.0452450 secs] [Times: user=0.14 sys=0.00, real=0.04 secs] 
2035.394: [GC [PSYoungGen: 321833K->21311K(324544K)] 919792K->625221K(1023616K), 0.0361790 secs] [Times: user=0.13 sys=0.00, real=0.04 secs] 
2035.807: [GC [PSYoungGen: 322041K->16819K(325120K)] 925952K->629623K(1024192K), 0.1072010 secs] [Times: user=0.12 sys=0.00, real=0.11 secs] 
2036.231: [GC [PSYoungGen: 317555K->20135K(325376K)] 930359K->638573K(1024448K), 0.0679140 secs] [Times: user=0.12 sys=0.00, real=0.06 secs] 
2036.625: [GC [PSYoungGen: 321383K->12443K(313728K)] 939821K->639203K(1012800K), 0.0621660 secs] [Times: user=0.11 sys=0.01, real=0.06 secs] 
2037.040: [GC [PSYoungGen: 313691K->19065K(325120K)] 940451K->648230K(1024192K), 0.0554040 secs] [Times: user=0.11 sys=0.00, real=0.06 secs] 
2037.454: [GC [PSYoungGen: 319481K->19611K(324800K)] 948646K->657736K(1023872K), 0.0532410 secs] [Times: user=0.13 sys=0.00, real=0.05 secs] 
2038.011: [GC [PSYoungGen: 320027K->20002K(325184K)] 958152K->665373K(1024256K), 0.0890540 secs] [Times: user=0.13 sys=0.00, real=0.09 secs] 
2038.419: [GC [PSYoungGen: 320866K->17533K(325184K)] 966237K->670002K(1024256K), 0.0483730 secs] [Times: user=0.13 sys=0.00, real=0.05 secs] 
2038.917: [GC [PSYoungGen: 318397K->16666K(325824K)] 970866K->675895K(1024896K), 0.0458780 secs] [Times: user=0.12 sys=0.00, real=0.05 secs] 
2039.274: [GC [PSYoungGen: 318554K->16290K(325568K)] 977783K->682980K(1024640K), 0.0527170 secs] [Times: user=0.11 sys=0.00, real=0.05 secs] 
2039.644: [GC [PSYoungGen: 318178K->19020K(326208K)] 984868K->691264K(1025280K), 0.0399570 secs] [Times: user=0.12 sys=0.00, real=0.04 secs] 
2040.044: [GC [PSYoungGen: 321804K->16431K(326080K)] 994048K->695170K(1025152K), 0.0477750 secs] [Times: user=0.11 sys=0.00, real=0.05 secs] 
2040.545: [GC [PSYoungGen: 319215K->18301K(326848K)] 997954K->703903K(1025920K), 0.0386860 secs] [Times: user=0.13 sys=0.00, real=0.04 secs] 
2040.958: [GC [PSYoungGen: 322094K->15397K(326464K)] 1007695K->708030K(1025536K), 0.0637370 secs] [Times: user=0.11 sys=0.00, real=0.07 secs] 
2041.022: [Full GC [PSYoungGen: 15397K->0K(326464K)] [PSOldGen: 692633K->338591K(699072K)] 708030K->338591K(1025536K) [PSPermGen: 91539K->91539K(262144K)], 1.7166190 secs] [Times: user=1.71 sys=0.00, real=1.71 secs] 
2043.139: [GC [PSYoungGen: 303808K->19599K(326464K)] 642399K->358191K(1025536K), 0.0417030 secs] [Times: user=0.11 sys=0.00, real=0.04 secs] 
2043.592: [GC [PSYoungGen: 323407K->15338K(326656K)] 661999K->364139K(1025728K), 0.0467220 secs] [Times: user=0.12 sys=0.00, real=0.05 secs] 
2044.033: [GC [PSYoungGen: 319146K->19376K(326464K)] 667947K->373197K(1025536K), 0.0541010 secs] [Times: user=0.12 sys=0.01, real=0.05 secs] 
2044.500: [GC [PSYoungGen: 323056K->16597K(326592K)] 676877K->374793K(1025664K), 0.0366370 secs] [Times: user=0.10 sys=0.00, real=0.04 secs] 
2044.873: [GC [PSYoungGen: 320277K->15165K(326912K)] 678473K->382230K(1025984K), 0.0489920 secs] [Times: user=0.11 sys=0.01, real=0.05 secs] 
2045.260: [GC [PSYoungGen: 319421K->14792K(326848K)] 686486K->390985K(1025920K), 0.0513570 secs] [Times: user=0.11 sys=0.00, real=0.05 secs] 
2045.728: [GC [PSYoungGen: 319048K->20892K(325312K)] 695241K->403943K(1024384K), 0.0478440 secs] [Times: user=0.13 sys=0.00, real=0.05 secs] 
2046.181: [GC [PSYoungGen: 323676K->16901K(326144K)] 706727K->410017K(1025216K), 0.0547150 secs] [Times: user=0.12 sys=0.01, real=0.06 secs] 
2046.617: [GC [PSYoungGen: 319685K->13467K(326336K)] 712801K->411639K(1025408K), 0.0491040 secs] [Times: user=0.10 sys=0.00, real=0.05 secs] 
2047.014: [GC [PSYoungGen: 316891K->22499K(325952K)] 715063K->425453K(1025024K), 0.0485260 secs] [Times: user=0.13 sys=0.00, real=0.05 secs] 
2047.389: [GC [PSYoungGen: 325923K->16290K(325056K)] 728877K->429567K(1024128K), 0.0498940 secs] [Times: user=0.13 sys=0.00, real=0.05 secs] 
2047.834: [GC [PSYoungGen: 317790K->14860K(325504K)] 731067K->433193K(1024576K), 0.0383860 secs] [Times: user=0.09 sys=0.01, real=0.04 secs] 
2048.198: [GC [PSYoungGen: 316364K->17846K(326144K)] 734697K->441673K(1025216K), 0.0343810 secs] [Times: user=0.11 sys=0.00, real=0.04 secs] 
2048.575: [GC [PSYoungGen: 320182K->18997K(325696K)] 744009K->448596K(1024768K), 0.0433080 secs] [Times: user=0.12 sys=0.01, real=0.04 secs] 
2048.951: [GC [PSYoungGen: 321333K->15273K(326336K)] 750932K->450420K(1025408K), 0.0396900 secs] [Times: user=0.10 sys=0.00, real=0.04 secs] 
2049.299: [GC [PSYoungGen: 318185K->20041K(323008K)] 753332K->460295K(1022080K), 0.0419230 secs] [Times: user=0.12 sys=0.00, real=0.04 secs] 
2049.710: [GC [PSYoungGen: 322953K->18713K(326016K)] 763207K->467202K(1025088K), 0.0500190 secs] [Times: user=0.12 sys=0.00, real=0.05 secs] 
2050.138: [GC [PSYoungGen: 321103K->14674K(325888K)] 769592K->471103K(1024960K), 0.0484260 secs] [Times: user=0.11 sys=0.00, real=0.05 secs] 
2050.511: [GC [PSYoungGen: 317074K->14852K(326272K)] 773503K->476220K(1025344K), 0.0357150 secs] [Times: user=0.10 sys=0.00, real=0.04 secs] 
2050.967: [GC [PSYoungGen: 317764K->21809K(324736K)] 779132K->488736K(1023808K), 0.0415400 secs] [Times: user=0.13 sys=0.00, real=0.04 secs] 
2051.315: [GC [PSYoungGen: 324721K->21364K(323648K)] 791648K->498613K(1022720K), 0.0697830 secs] [Times: user=0.14 sys=0.00, real=0.07 secs] 
2051.769: [GC [PSYoungGen: 320692K->15617K(324416K)] 797941K->497186K(1023488K), 0.0498540 secs] [Times: user=0.10 sys=0.00, real=0.05 secs] 
2052.226: [GC [PSYoungGen: 314945K->17110K(325312K)] 796514K->504655K(1024384K), 0.0444250 secs] [Times: user=0.11 sys=0.00, real=0.04 secs] 
2052.573: [GC [PSYoungGen: 317654K->18232K(324736K)] 805199K->513359K(1023808K), 0.0579570 secs] [Times: user=0.12 sys=0.00, real=0.05 secs] 
2052.957: [GC [PSYoungGen: 318776K->18308K(326144K)] 813903K->521053K(1025216K), 0.0626700 secs] [Times: user=0.12 sys=0.00, real=0.06 secs] 
2053.410: [GC [PSYoungGen: 320708K->18349K(325760K)] 823453K->527607K(1024832K), 0.0749460 secs] [Times: user=0.12 sys=0.00, real=0.08 secs] 
2053.881: [GC [PSYoungGen: 320749K->15366K(326592K)] 830007K->528456K(1025664K), 0.0432710 secs] [Times: user=0.09 sys=0.00, real=0.05 secs] 
2054.317: [GC [PSYoungGen: 318918K->17774K(326464K)] 832008K->536674K(1025536K), 0.0488030 secs] [Times: user=0.12 sys=0.00, real=0.05 secs] 
2054.726: [GC [PSYoungGen: 321326K->14439K(326912K)] 840226K->540814K(1025984K), 0.0411390 secs] [Times: user=0.11 sys=0.01, real=0.04 secs] 
2055.114: [GC [PSYoungGen: 318887K->17202K(326976K)] 845262K->551327K(1026048K), 0.0548180 secs] [Times: user=0.12 sys=0.01, real=0.05 secs] 
2055.564: [GC [PSYoungGen: 321650K->15543K(327680K)] 855775K->558209K(1026752K), 0.0436400 secs] [Times: user=0.12 sys=0.00, real=0.04 secs] 
2055.936: [GC [PSYoungGen: 321207K->17413K(327488K)] 863873K->567344K(1026560K), 0.0758290 secs] [Times: user=0.11 sys=0.00, real=0.07 secs] 
2056.305: [GC [PSYoungGen: 323077K->19095K(327488K)] 873008K->577178K(1026560K), 0.0423690 secs] [Times: user=0.13 sys=0.00, real=0.04 secs] 
2056.716: [GC [PSYoungGen: 325077K->12516K(318528K)] 883159K->577793K(1017600K), 0.0481430 secs] [Times: user=0.10 sys=0.00, real=0.05 secs] 
2057.103: [GC [PSYoungGen: 318488K->13496K(327232K)] 883765K->583771K(1026304K), 0.0401720 secs] [Times: user=0.10 sys=0.00, real=0.04 secs] 
2057.501: [GC [PSYoungGen: 318584K->16903K(327296K)] 888859K->592696K(1026368K), 0.0585550 secs] [Times: user=0.11 sys=0.01, real=0.06 secs] 
2057.996: [GC [PSYoungGen: 321991K->18497K(327360K)] 897784K->602816K(1026432K), 0.0641170 secs] [Times: user=0.13 sys=0.00, real=0.06 secs] 
2058.411: [GC [PSYoungGen: 324097K->15713K(327552K)] 908416K->607494K(1026624K), 0.0452840 secs] [Times: user=0.12 sys=0.00, real=0.05 secs] 
2058.806: [GC [PSYoungGen: 321313K->14115K(327936K)] 913094K->612125K(1027008K), 0.0461950 secs] [Times: user=0.10 sys=0.00, real=0.04 secs] 
2059.211: [GC [PSYoungGen: 320419K->21550K(327872K)] 918429K->624838K(1026944K), 0.0536310 secs] [Times: user=0.13 sys=0.00, real=0.06 secs] 
2059.571: [GC [PSYoungGen: 327854K->17227K(322752K)] 931142K->632527K(1021824K), 0.0434670 secs] [Times: user=0.15 sys=0.00, real=0.04 secs] 
2059.981: [GC [PSYoungGen: 318347K->14846K(325312K)] 933647K->637918K(1024384K), 0.0444090 secs] [Times: user=0.12 sys=0.00, real=0.05 secs] 
2060.559: [GC [PSYoungGen: 315966K->17447K(326080K)] 939038K->646440K(1025152K), 0.0447220 secs] [Times: user=0.13 sys=0.00, real=0.05 secs] 
2060.909: [GC [PSYoungGen: 319591K->19425K(325568K)] 948584K->653581K(1024640K), 0.0501590 secs] [Times: user=0.12 sys=0.00, real=0.05 secs] 
2061.228: [GC [PSYoungGen: 321569K->21298K(324224K)] 955725K->663237K(1023296K), 0.0650200 secs] [Times: user=0.13 sys=0.01, real=0.06 secs] 
2061.669: [GC [PSYoungGen: 321906K->16751K(325056K)] 963845K->668465K(1024128K), 0.0595500 secs] [Times: user=0.13 sys=0.00, real=0.06 secs] 
2062.055: [GC [PSYoungGen: 317359K->12938K(325184K)] 969073K->670750K(1024256K), 0.0501870 secs] [Times: user=0.11 sys=0.00, real=0.05 secs] 
2062.479: [GC [PSYoungGen: 314186K->19010K(325376K)] 971998K->681540K(1024448K), 0.0529260 secs] [Times: user=0.12 sys=0.00, real=0.05 secs] 
2062.856: [GC [PSYoungGen: 320242K->16393K(325888K)] 982772K->686437K(1024960K), 0.0456400 secs] [Times: user=0.12 sys=0.00, real=0.04 secs] 
2063.182: [GC [PSYoungGen: 318153K->13712K(325376K)] 988197K->688332K(1024448K), 0.0483290 secs] [Times: user=0.10 sys=0.00, real=0.05 secs] 
2063.631: [GC [PSYoungGen: 315465K->15417K(326336K)] 990085K->694387K(1025408K), 0.0541710 secs] [Times: user=0.10 sys=0.00, real=0.05 secs] 
2064.060: [GC [PSYoungGen: 318137K->22098K(324864K)] 997107K->706010K(1023936K), 0.0605070 secs] [Times: user=0.13 sys=0.00, real=0.06 secs] 
2064.565: [GC [PSYoungGen: 324818K->17780K(325504K)] 1008730K->711516K(1024576K), 0.0452670 secs] [Times: user=0.14 sys=0.00, real=0.04 secs] 
2064.611: [Full GC [PSYoungGen: 17780K->0K(325504K)] [PSOldGen: 693736K->335595K(699072K)] 711516K->335595K(1024576K) [PSPermGen: 91557K->91557K(262144K)], 1.7286110 secs] [Times: user=1.72 sys=0.00, real=1.73 secs] 
2066.685: [GC [PSYoungGen: 300992K->19283K(324992K)] 636587K->354879K(1024064K), 0.0380240 secs] [Times: user=0.09 sys=0.00, real=0.04 secs] 
2067.088: [GC [PSYoungGen: 320275K->15909K(325824K)] 655871K->360313K(1024896K), 0.0452380 secs] [Times: user=0.12 sys=0.01, real=0.04 secs] 
2067.493: [GC [PSYoungGen: 317733K->15285K(325504K)] 662137K->364170K(1024576K), 0.0456400 secs] [Times: user=0.11 sys=0.00, real=0.05 secs] 
2067.842: [GC [PSYoungGen: 317109K->13242K(326080K)] 665994K->368342K(1025152K), 0.0369590 secs] [Times: user=0.10 sys=0.00, real=0.04 secs] 
2068.248: [GC [PSYoungGen: 315898K->17223K(326080K)] 670998K->376391K(1025152K), 0.0631910 secs] [Times: user=0.10 sys=0.00, real=0.06 secs] 
2068.677: [GC [PSYoungGen: 319879K->17633K(326848K)] 679047K->383808K(1025920K), 0.0648360 secs] [Times: user=0.11 sys=0.01, real=0.06 secs] 
2069.002: [GC [PSYoungGen: 321505K->19615K(323520K)] 687680K->394701K(1022592K), 0.0473640 secs] [Times: user=0.13 sys=0.00, real=0.05 secs] 
2069.499: [GC [PSYoungGen: 323486K->17150K(327040K)] 698572K->399365K(1026112K), 0.0375670 secs] [Times: user=0.12 sys=0.00, real=0.04 secs] 
2070.030: [GC [PSYoungGen: 321150K->16887K(326464K)] 703365K->405384K(1025536K), 0.0526880 secs] [Times: user=0.10 sys=0.00, real=0.05 secs] 
2070.433: [GC [PSYoungGen: 320887K->16869K(327936K)] 709384K->410801K(1027008K), 0.0405750 secs] [Times: user=0.10 sys=0.01, real=0.04 secs] 
2070.841: [GC [PSYoungGen: 322789K->17093K(327488K)] 716721K->416546K(1026560K), 0.0398540 secs] [Times: user=0.11 sys=0.00, real=0.04 secs] 
2071.181: [GC [PSYoungGen: 323013K->19586K(327360K)] 722466K->426371K(1026432K), 0.0506600 secs] [Times: user=0.13 sys=0.01, real=0.05 secs] 
2071.606: [GC [PSYoungGen: 325826K->17440K(327872K)] 732611K->431334K(1026944K), 0.0459060 secs] [Times: user=0.11 sys=0.00, real=0.05 secs] 
2072.090: [GC [PSYoungGen: 323680K->15691K(328320K)] 737574K->435445K(1027392K), 0.0411120 secs] [Times: user=0.11 sys=0.00, real=0.04 secs] 
2072.479: [GC [PSYoungGen: 322763K->19712K(326848K)] 742517K->446669K(1025920K), 0.0566500 secs] [Times: user=0.13 sys=0.00, real=0.05 secs] 
2072.869: [GC [PSYoungGen: 326784K->18441K(327872K)] 753741K->454081K(1026944K), 0.0593680 secs] [Times: user=0.12 sys=0.01, real=0.06 secs] 
2073.348: [GC [PSYoungGen: 324617K->17791K(327808K)] 760257K->459550K(1026880K), 0.0761900 secs] [Times: user=0.11 sys=0.00, real=0.07 secs] 
2073.776: [GC [PSYoungGen: 323967K->19547K(327424K)] 765726K->466200K(1026496K), 0.0446150 secs] [Times: user=0.12 sys=0.00, real=0.05 secs] 
2074.144: [GC [PSYoungGen: 325659K->16422K(327808K)] 772312K->470123K(1026880K), 0.0477320 secs] [Times: user=0.11 sys=0.01, real=0.05 secs] 
2074.564: [GC [PSYoungGen: 322534K->16698K(328192K)] 776235K->476342K(1027264K), 0.0645660 secs] [Times: user=0.11 sys=0.00, real=0.07 secs] 
2075.031: [GC [PSYoungGen: 323386K->15533K(328000K)] 783030K->481474K(1027072K), 0.0401140 secs] [Times: user=0.11 sys=0.00, real=0.04 secs] 
2075.437: [GC [PSYoungGen: 322221K->18324K(328256K)] 788162K->489908K(1027328K), 0.0344360 secs] [Times: user=0.12 sys=0.00, real=0.03 secs] 
2075.877: [GC [PSYoungGen: 325324K->19155K(326208K)] 796908K->498610K(1025280K), 0.0766650 secs] [Times: user=0.12 sys=0.00, real=0.07 secs] 
2076.242: [GC [PSYoungGen: 326163K->21459K(325952K)] 805618K->505826K(1025024K), 0.0650090 secs] [Times: user=0.12 sys=0.01, real=0.06 secs] 
2076.632: [GC [PSYoungGen: 325907K->17600K(326976K)] 810274K->507561K(1026048K), 0.0405860 secs] [Times: user=0.10 sys=0.00, real=0.04 secs] 
2077.072: [GC [PSYoungGen: 322048K->20575K(326208K)] 812009K->515249K(1025280K), 0.0622720 secs] [Times: user=0.12 sys=0.00, real=0.06 secs] 
2077.422: [GC [PSYoungGen: 324639K->17701K(326784K)] 819313K->520081K(1025856K), 0.0502720 secs] [Times: user=0.11 sys=0.00, real=0.05 secs] 
2077.858: [GC [PSYoungGen: 321765K->18581K(327424K)] 824145K->525848K(1026496K), 0.0372900 secs] [Times: user=0.11 sys=0.01, real=0.03 secs] 
2078.240: [GC [PSYoungGen: 323669K->18012K(327168K)] 830936K->533408K(1026240K), 0.0575660 secs] [Times: user=0.13 sys=0.00, real=0.06 secs] 
2078.617: [GC [PSYoungGen: 323100K->14163K(327104K)] 838496K->535544K(1026176K), 0.0308270 secs] [Times: user=0.10 sys=0.00, real=0.04 secs] 
2079.055: [GC [PSYoungGen: 319507K->17375K(327424K)] 840888K->543233K(1026496K), 0.0982920 secs] [Times: user=0.10 sys=0.01, real=0.10 secs] 
2079.523: [GC [PSYoungGen: 322719K->19314K(327424K)] 848577K->552379K(1026496K), 0.0784590 secs] [Times: user=0.11 sys=0.00, real=0.08 secs] 
2079.995: [GC [PSYoungGen: 325042K->16349K(327616K)] 858107K->556944K(1026688K), 0.0608660 secs] [Times: user=0.11 sys=0.00, real=0.06 secs] 
2080.464: [GC [PSYoungGen: 322077K->17734K(328128K)] 862672K->566282K(1027200K), 0.0494530 secs] [Times: user=0.12 sys=0.00, real=0.05 secs] 
2080.913: [GC [PSYoungGen: 324102K->13585K(327744K)] 872650K->570368K(1026816K), 0.0429640 secs] [Times: user=0.11 sys=0.00, real=0.04 secs] 
2081.301: [GC [PSYoungGen: 319953K->16379K(328064K)] 876736K->577122K(1027136K), 0.0484220 secs] [Times: user=0.11 sys=0.00, real=0.05 secs] 
2081.717: [GC [PSYoungGen: 322747K->16291K(327808K)] 883490K->584042K(1026880K), 0.0443380 secs] [Times: user=0.12 sys=0.00, real=0.05 secs] 
2082.075: [GC [PSYoungGen: 322659K->17313K(328640K)] 890410K->591855K(1027712K), 0.0532350 secs] [Times: user=0.12 sys=0.01, real=0.06 secs] 
2082.508: [GC [PSYoungGen: 324769K->18200K(328320K)] 899311K->600193K(1027392K), 0.0480990 secs] [Times: user=0.13 sys=0.00, real=0.04 secs] 
2082.975: [GC [PSYoungGen: 325656K->16282K(328832K)] 907649K->605551K(1027904K), 0.0506710 secs] [Times: user=0.12 sys=0.01, real=0.05 secs] 
2083.317: [GC [PSYoungGen: 324250K->18495K(328640K)] 913519K->612055K(1027712K), 0.0512550 secs] [Times: user=0.12 sys=0.01, real=0.06 secs] 
2083.686: [GC [PSYoungGen: 326463K->20792K(318720K)] 920023K->625155K(1017792K), 0.0776830 secs] [Times: user=0.14 sys=0.01, real=0.08 secs] 
2084.127: [GC [PSYoungGen: 318712K->23739K(321664K)] 923075K->635655K(1020736K), 0.0650890 secs] [Times: user=0.14 sys=0.01, real=0.07 secs] 
2084.520: [GC [PSYoungGen: 321649K->14041K(322432K)] 933565K->631677K(1021504K), 0.0446850 secs] [Times: user=0.10 sys=0.00, real=0.04 secs] 
2084.946: [GC [PSYoungGen: 309529K->18474K(322496K)] 927165K->639027K(1021568K), 0.0391710 secs] [Times: user=0.11 sys=0.00, real=0.04 secs] 
2085.296: [GC [PSYoungGen: 313962K->16632K(323648K)] 934515K->644096K(1022720K), 0.0543190 secs] [Times: user=0.11 sys=0.01, real=0.06 secs] 
2085.725: [GC [PSYoungGen: 314040K->12461K(323264K)] 941504K->644522K(1022336K), 0.0397810 secs] [Times: user=0.09 sys=0.00, real=0.04 secs] 
2086.071: [GC [PSYoungGen: 309869K->15445K(323776K)] 941930K->652873K(1022848K), 0.0439430 secs] [Times: user=0.11 sys=0.00, real=0.04 secs] 
2086.471: [GC [PSYoungGen: 313109K->14277K(323392K)] 950537K->657695K(1022464K), 0.0550790 secs] [Times: user=0.10 sys=0.00, real=0.05 secs] 
2086.903: [GC [PSYoungGen: 311941K->15178K(324480K)] 955359K->665282K(1023552K), 0.0432080 secs] [Times: user=0.11 sys=0.00, real=0.04 secs] 
2087.277: [GC [PSYoungGen: 314186K->17796K(324032K)] 964290K->673857K(1023104K), 0.0564580 secs] [Times: user=0.11 sys=0.00, real=0.06 secs] 
2087.738: [GC [PSYoungGen: 316804K->16285K(325568K)] 972865K->678737K(1024640K), 0.0568560 secs] [Times: user=0.11 sys=0.00, real=0.05 secs] 
2088.117: [GC [PSYoungGen: 317341K->21226K(322304K)] 979793K->688880K(1021376K), 0.0561150 secs] [Times: user=0.13 sys=0.00, real=0.06 secs] 
2088.503: [GC [PSYoungGen: 322282K->16036K(325184K)] 989936K->693456K(1024256K), 0.0544140 secs] [Times: user=0.13 sys=0.00, real=0.05 secs] 
2088.917: [GC [PSYoungGen: 316452K->13320K(324736K)] 993872K->693606K(1023808K), 0.0440640 secs] [Times: user=0.10 sys=0.00, real=0.05 secs] 
2089.314: [GC [PSYoungGen: 313736K->16752K(325888K)] 994022K->701986K(1024960K), 0.0727910 secs] [Times: user=0.11 sys=0.00, real=0.07 secs] 
2089.707: [GC [PSYoungGen: 318320K->20913K(322496K)] 1003554K->715762K(1021568K), 0.0554230 secs] [Times: user=0.14 sys=0.00, real=0.06 secs] 
2089.762: [Full GC [PSYoungGen: 20913K->0K(322496K)] [PSOldGen: 694849K->345538K(699072K)] 715762K->345538K(1021568K) [PSPermGen: 91569K->91569K(262144K)], 1.7728970 secs] [Times: user=1.76 sys=0.00, real=1.77 secs] 
2091.863: [GC [PSYoungGen: 301568K->22385K(322688K)] 647106K->367924K(1021760K), 0.0504250 secs] [Times: user=0.11 sys=0.00, real=0.05 secs] 
2092.328: [GC [PSYoungGen: 320689K->15468K(323904K)] 666228K->370722K(1022976K), 0.0548530 secs] [Times: user=0.12 sys=0.00, real=0.06 secs] 
2092.729: [GC [PSYoungGen: 313772K->15319K(324672K)] 669026K->375742K(1023744K), 0.0385760 secs] [Times: user=0.11 sys=0.00, real=0.04 secs] 
2093.232: [GC [PSYoungGen: 314775K->22475K(321984K)] 675198K->390318K(1021056K), 0.0543650 secs] [Times: user=0.14 sys=0.01, real=0.05 secs] 
2093.680: [GC [PSYoungGen: 321931K->16810K(324160K)] 689774K->391596K(1023232K), 0.0717090 secs] [Times: user=0.11 sys=0.01, real=0.07 secs] 
2094.109: [GC [PSYoungGen: 314986K->15403K(323520K)] 689772K->392934K(1022592K), 0.0332740 secs] [Times: user=0.09 sys=0.00, real=0.04 secs] 
2094.581: [GC [PSYoungGen: 313579K->14801K(324800K)] 691110K->399637K(1023872K), 0.0590620 secs] [Times: user=0.12 sys=0.00, real=0.06 secs] 
2095.001: [GC [PSYoungGen: 314577K->16854K(324480K)] 699413K->407342K(1023552K), 0.0409440 secs] [Times: user=0.11 sys=0.00, real=0.04 secs] 
2095.394: [GC [PSYoungGen: 316623K->17789K(325952K)] 707111K->418398K(1025024K), 0.0611360 secs] [Times: user=0.13 sys=0.00, real=0.06 secs] 
2095.776: [GC [PSYoungGen: 319677K->20449K(322368K)] 720286K->428288K(1021440K), 0.0680370 secs] [Times: user=0.13 sys=0.00, real=0.07 secs] 
2096.224: [GC [PSYoungGen: 322337K->16236K(325824K)] 730176K->430563K(1024896K), 0.0560510 secs] [Times: user=0.10 sys=0.00, real=0.05 secs] 
2096.668: [GC [PSYoungGen: 317932K->15669K(325376K)] 732259K->434799K(1024448K), 0.0352430 secs] [Times: user=0.11 sys=0.01, real=0.04 secs] 
2097.081: [GC [PSYoungGen: 317365K->19462K(325632K)] 736495K->444198K(1024704K), 0.0602130 secs] [Times: user=0.12 sys=0.00, real=0.06 secs] 
2097.462: [GC [PSYoungGen: 321734K->15096K(325888K)] 746470K->449301K(1024960K), 0.0476040 secs] [Times: user=0.12 sys=0.00, real=0.04 secs] 
2097.892: [GC [PSYoungGen: 317368K->16276K(326528K)] 751573K->454400K(1025600K), 0.0579270 secs] [Times: user=0.10 sys=0.00, real=0.05 secs] 
2098.331: [GC [PSYoungGen: 319444K->16412K(326144K)] 757568K->459487K(1025216K), 0.0836360 secs] [Times: user=0.10 sys=0.00, real=0.08 secs] 
2098.871: [GC [PSYoungGen: 319580K->14810K(327168K)] 762655K->465460K(1026240K), 0.0500200 secs] [Times: user=0.11 sys=0.00, real=0.05 secs] 
2099.226: [GC [PSYoungGen: 319450K->19354K(324032K)] 770100K->475280K(1023104K), 0.0565720 secs] [Times: user=0.13 sys=0.00, real=0.06 secs] 
2099.704: [GC [PSYoungGen: 323994K->18466K(326848K)] 779920K->482364K(1025920K), 0.0968440 secs] [Times: user=0.12 sys=0.00, real=0.10 secs] 
2100.138: [GC [PSYoungGen: 322594K->17054K(326784K)] 786492K->486721K(1025856K), 0.0432390 secs] [Times: user=0.12 sys=0.00, real=0.05 secs] 
2100.538: [GC [PSYoungGen: 321179K->14770K(327424K)] 790846K->490091K(1026496K), 0.0410100 secs] [Times: user=0.11 sys=0.00, real=0.04 secs] 
2100.953: [GC [PSYoungGen: 320050K->16388K(327360K)] 795371K->497603K(1026432K), 0.0412040 secs] [Times: user=0.11 sys=0.00, real=0.04 secs] 
2101.420: [GC [PSYoungGen: 321668K->16158K(328192K)] 802883K->503257K(1027264K), 0.0478680 secs] [Times: user=0.11 sys=0.00, real=0.05 secs] 
2101.809: [GC [PSYoungGen: 322654K->14777K(327808K)] 809753K->509852K(1026880K), 0.0444470 secs] [Times: user=0.13 sys=0.00, real=0.05 secs] 
2102.366: [GC [PSYoungGen: 321273K->18377K(327872K)] 816348K->517246K(1026944K), 0.0444560 secs] [Times: user=0.11 sys=0.00, real=0.04 secs] 
2102.762: [GC [PSYoungGen: 325001K->15921K(328064K)] 823870K->520767K(1027136K), 0.0542100 secs] [Times: user=0.12 sys=0.00, real=0.05 secs] 
2103.222: [GC [PSYoungGen: 322545K->17657K(328448K)] 827391K->526232K(1027520K), 0.0437830 secs] [Times: user=0.11 sys=0.00, real=0.04 secs] 
2103.568: [GC [PSYoungGen: 324985K->16472K(328384K)] 833560K->531550K(1027456K), 0.0858880 secs] [Times: user=0.19 sys=0.00, real=0.09 secs] 
2103.996: [GC [PSYoungGen: 323800K->15693K(329024K)] 838878K->536724K(1028096K), 0.0367460 secs] [Times: user=0.11 sys=0.00, real=0.04 secs] 
2104.490: [GC [PSYoungGen: 324045K->19689K(328064K)] 845076K->547333K(1027136K), 0.0799370 secs] [Times: user=0.12 sys=0.00, real=0.08 secs] 
2104.919: [GC [PSYoungGen: 328041K->15493K(328448K)] 855685K->552149K(1027520K), 0.0517120 secs] [Times: user=0.13 sys=0.00, real=0.06 secs] 
2105.395: [GC [PSYoungGen: 322757K->14785K(328320K)] 859413K->558500K(1027392K), 0.0425780 secs] [Times: user=0.12 sys=0.00, real=0.04 secs] 
2105.863: [GC [PSYoungGen: 322049K->18512K(328000K)] 865764K->568976K(1027072K), 0.0892530 secs] [Times: user=0.12 sys=0.00, real=0.09 secs] 
2106.324: [GC [PSYoungGen: 325520K->19702K(326720K)] 875984K->578260K(1025792K), 0.0492300 secs] [Times: user=0.13 sys=0.00, real=0.05 secs] 
2106.705: [GC [PSYoungGen: 326710K->16749K(328064K)] 885268K->583982K(1027136K), 0.0548440 secs] [Times: user=0.12 sys=0.01, real=0.05 secs] 
2107.130: [GC [PSYoungGen: 322925K->19331K(327616K)] 890158K->592369K(1026688K), 0.0522410 secs] [Times: user=0.12 sys=0.00, real=0.06 secs] 
2107.505: [GC [PSYoungGen: 325507K->18469K(327680K)] 898545K->599021K(1026752K), 0.0383760 secs] [Times: user=0.14 sys=0.00, real=0.04 secs] 
2107.954: [GC [PSYoungGen: 324261K->17244K(327616K)] 904813K->604307K(1026688K), 0.0417680 secs] [Times: user=0.13 sys=0.00, real=0.04 secs] 
2108.354: [GC [PSYoungGen: 323036K->18579K(328064K)] 910099K->612471K(1027136K), 0.0481030 secs] [Times: user=0.14 sys=0.00, real=0.05 secs] 
2108.757: [GC [PSYoungGen: 325203K->14022K(320704K)] 919095K->613789K(1019776K), 0.0415830 secs] [Times: user=0.12 sys=0.00, real=0.04 secs] 
2109.154: [GC [PSYoungGen: 320646K->17982K(328000K)] 920413K->622679K(1027072K), 0.0429540 secs] [Times: user=0.12 sys=0.00, real=0.04 secs] 
2109.587: [GC [PSYoungGen: 324286K->15998K(327808K)] 928983K->628336K(1026880K), 0.0535990 secs] [Times: user=0.13 sys=0.00, real=0.05 secs] 
2110.000: [GC [PSYoungGen: 322302K->17138K(328576K)] 934640K->638387K(1027648K), 0.0482590 secs] [Times: user=0.13 sys=0.00, real=0.05 secs] 
2110.482: [GC [PSYoungGen: 324402K->20225K(327552K)] 945651K->650109K(1026624K), 0.0785080 secs] [Times: user=0.16 sys=0.00, real=0.08 secs] 
2110.881: [GC [PSYoungGen: 327489K->18312K(327936K)] 957373K->653655K(1027008K), 0.0418220 secs] [Times: user=0.13 sys=0.00, real=0.05 secs] 
2111.255: [GC [PSYoungGen: 324552K->17700K(327808K)] 959895K->660315K(1026880K), 0.0520190 secs] [Times: user=0.14 sys=0.01, real=0.05 secs] 
2111.621: [GC [PSYoungGen: 323940K->17508K(328640K)] 966555K->667791K(1027712K), 0.0503870 secs] [Times: user=0.12 sys=0.00, real=0.05 secs] 
2111.976: [GC [PSYoungGen: 324900K->18188K(328256K)] 975183K->676988K(1027328K), 0.0501950 secs] [Times: user=0.14 sys=0.00, real=0.05 secs] 
2112.373: [GC [PSYoungGen: 325580K->18953K(328320K)] 984380K->685069K(1027392K), 0.0576140 secs] [Times: user=0.13 sys=0.00, real=0.05 secs] 
2112.795: [GC [PSYoungGen: 326473K->17820K(328512K)] 992589K->689198K(1027584K), 0.0575070 secs] [Times: user=0.13 sys=0.00, real=0.06 secs] 
2113.386: [GC [PSYoungGen: 325340K->17096K(329024K)] 996718K->697528K(1028096K), 0.0684740 secs] [Times: user=0.13 sys=0.00, real=0.07 secs] 
2113.810: [GC [PSYoungGen: 325448K->20471K(328832K)] 1005880K->706944K(1027904K), 0.0710600 secs] [Times: user=0.13 sys=0.00, real=0.07 secs] 
2114.226: [GC [PSYoungGen: 328823K->17397K(323712K)] 1015296K->711974K(1022784K), 0.1270860 secs] [Times: user=0.16 sys=0.00, real=0.13 secs] 
2114.354: [Full GC [PSYoungGen: 17397K->0K(323712K)] [PSOldGen: 694577K->309979K(699072K)] 711974K->309979K(1022784K) [PSPermGen: 91586K->91524K(262144K)], 1.9644870 secs] [Times: user=1.96 sys=0.00, real=1.96 secs] 
2116.642: [GC [PSYoungGen: 303040K->16851K(326272K)] 613019K->326830K(1025344K), 0.0379370 secs] [Times: user=0.10 sys=0.00, real=0.04 secs] 
2117.130: [GC [PSYoungGen: 319891K->18823K(326784K)] 629870K->332646K(1025856K), 0.0550840 secs] [Times: user=0.11 sys=0.00, real=0.06 secs] 
2117.536: [GC [PSYoungGen: 322631K->16019K(326528K)] 636454K->339784K(1025600K), 0.0800150 secs] [Times: user=0.13 sys=0.00, real=0.08 secs] 
2117.945: [GC [PSYoungGen: 319827K->17023K(327104K)] 643592K->348553K(1026176K), 0.0461430 secs] [Times: user=0.12 sys=0.00, real=0.04 secs] 
2118.452: [GC [PSYoungGen: 321407K->17887K(326784K)] 652937K->355172K(1025856K), 0.0515050 secs] [Times: user=0.12 sys=0.01, real=0.06 secs] 
2118.777: [GC [PSYoungGen: 322271K->21988K(319168K)] 659556K->367554K(1018240K), 0.0511370 secs] [Times: user=0.14 sys=0.01, real=0.05 secs] 
2119.194: [GC [PSYoungGen: 319135K->15798K(323328K)] 664701K->371026K(1022400K), 0.0530420 secs] [Times: user=0.13 sys=0.00, real=0.05 secs] 
2119.685: [GC [PSYoungGen: 312950K->16246K(323712K)] 668178K->376998K(1022784K), 0.0573400 secs] [Times: user=0.11 sys=0.00, real=0.05 secs] 
2120.116: [GC [PSYoungGen: 313910K->19128K(323456K)] 674661K->384787K(1022528K), 0.0583900 secs] [Times: user=0.12 sys=0.00, real=0.06 secs] 
2120.522: [GC [PSYoungGen: 316792K->16793K(324608K)] 682451K->390277K(1023680K), 0.0422720 secs] [Times: user=0.13 sys=0.00, real=0.05 secs] 
2120.917: [GC [PSYoungGen: 316121K->14129K(324224K)] 689605K->394883K(1023296K), 0.0606110 secs] [Times: user=0.11 sys=0.00, real=0.06 secs] 
2121.309: [GC [PSYoungGen: 313457K->13320K(324224K)] 694211K->401451K(1023296K), 0.0494020 secs] [Times: user=0.11 sys=0.00, real=0.05 secs] 
2121.707: [GC [PSYoungGen: 312520K->17638K(324352K)] 700651K->411657K(1023424K), 0.0505620 secs] [Times: user=0.13 sys=0.01, real=0.05 secs] 
2122.091: [GC [PSYoungGen: 316838K->15522K(325440K)] 710857K->417455K(1024512K), 0.0527130 secs] [Times: user=0.12 sys=0.01, real=0.06 secs] 
2122.535: [GC [PSYoungGen: 316578K->16127K(325120K)] 718511K->423335K(1024192K), 0.0453960 secs] [Times: user=0.12 sys=0.00, real=0.04 secs] 
2123.002: [GC [PSYoungGen: 317183K->22225K(323456K)] 724391K->435083K(1022528K), 0.0656610 secs] [Times: user=0.14 sys=0.00, real=0.07 secs] 
2123.424: [GC [PSYoungGen: 322065K->17925K(324672K)] 734923K->438520K(1023744K), 0.0782820 secs] [Times: user=0.13 sys=0.01, real=0.07 secs] 
2123.856: [GC [PSYoungGen: 317765K->15229K(325504K)] 738360K->438734K(1024576K), 0.0385590 secs] [Times: user=0.10 sys=0.00, real=0.04 secs] 
2124.227: [GC [PSYoungGen: 316541K->16032K(325312K)] 740046K->447503K(1024384K), 0.0396390 secs] [Times: user=0.13 sys=0.00, real=0.04 secs] 
2124.589: [GC [PSYoungGen: 317344K->17283K(326528K)] 748815K->455485K(1025600K), 0.0388450 secs] [Times: user=0.13 sys=0.00, real=0.04 secs] 
2124.996: [GC [PSYoungGen: 320259K->19356K(325952K)] 758461K->465028K(1025024K), 0.0446350 secs] [Times: user=0.14 sys=0.00, real=0.04 secs] 
2125.375: [GC [PSYoungGen: 322332K->16173K(326656K)] 768004K->469621K(1025728K), 0.0838280 secs] [Times: user=0.13 sys=0.01, real=0.08 secs] 
2126.784: [GC [PSYoungGen: 319661K->14420K(326336K)] 773109K->470034K(1025408K), 0.0515740 secs] [Times: user=0.09 sys=0.00, real=0.05 secs] 
2127.210: [GC [PSYoungGen: 317908K->19283K(326208K)] 773522K->479822K(1025280K), 0.0758980 secs] [Times: user=0.12 sys=0.00, real=0.08 secs] 
2127.665: [GC [PSYoungGen: 322707K->18527K(326464K)] 783246K->488158K(1025536K), 0.0488730 secs] [Times: user=0.14 sys=0.00, real=0.05 secs] 
2128.065: [GC [PSYoungGen: 321951K->20574K(325312K)] 791582K->497299K(1024384K), 0.0632360 secs] [Times: user=0.15 sys=0.00, real=0.06 secs] 
2128.471: [GC [PSYoungGen: 322974K->18938K(325952K)] 799699K->503051K(1025024K), 0.0870910 secs] [Times: user=0.13 sys=0.01, real=0.09 secs] 
2128.946: [GC [PSYoungGen: 321338K->18348K(326464K)] 805451K->506442K(1025536K), 0.0556520 secs] [Times: user=0.14 sys=0.00, real=0.05 secs] 
2129.294: [GC [PSYoungGen: 321452K->19334K(326144K)] 809546K->515684K(1025216K), 0.0677840 secs] [Times: user=0.15 sys=0.01, real=0.07 secs] 
2129.722: [GC [PSYoungGen: 322438K->18359K(326848K)] 818788K->522837K(1025920K), 0.0555010 secs] [Times: user=0.14 sys=0.00, real=0.06 secs] 
2130.140: [GC [PSYoungGen: 322151K->11069K(314880K)] 826629K->521496K(1013952K), 0.0311220 secs] [Times: user=0.11 sys=0.00, real=0.03 secs] 
2130.613: [GC [PSYoungGen: 314877K->18298K(326400K)] 825304K->534251K(1025472K), 0.0539090 secs] [Times: user=0.13 sys=0.00, real=0.06 secs] 
2131.023: [GC [PSYoungGen: 321338K->19536K(326144K)] 837291K->542276K(1025216K), 0.0503530 secs] [Times: user=0.13 sys=0.00, real=0.05 secs] 
2131.424: [GC [PSYoungGen: 322576K->14623K(326208K)] 845316K->545074K(1025280K), 0.0730820 secs] [Times: user=0.13 sys=0.00, real=0.08 secs] 
2131.872: [GC [PSYoungGen: 317535K->16166K(326208K)] 847986K->551954K(1025280K), 0.0561590 secs] [Times: user=0.13 sys=0.00, real=0.06 secs] 
2132.291: [GC [PSYoungGen: 319078K->12206K(325952K)] 854866K->553547K(1025024K), 0.0431100 secs] [Times: user=0.11 sys=0.00, real=0.04 secs] 
2132.682: [GC [PSYoungGen: 315246K->17892K(326272K)] 856587K->566207K(1025344K), 0.0496420 secs] [Times: user=0.13 sys=0.00, real=0.05 secs] 
2133.084: [GC [PSYoungGen: 320932K->17821K(326784K)] 869247K->574258K(1025856K), 0.0499560 secs] [Times: user=0.13 sys=0.00, real=0.05 secs] 
2133.468: [GC [PSYoungGen: 321629K->16734K(326528K)] 878066K->581157K(1025600K), 0.0537610 secs] [Times: user=0.13 sys=0.00, real=0.05 secs] 
2133.987: [GC [PSYoungGen: 320542K->16153K(327680K)] 884965K->585955K(1026752K), 0.0612280 secs] [Times: user=0.13 sys=0.00, real=0.06 secs] 
2134.402: [GC [PSYoungGen: 321625K->18726K(327296K)] 891427K->592158K(1026368K), 0.0420450 secs] [Times: user=0.13 sys=0.00, real=0.04 secs] 
2134.875: [GC [PSYoungGen: 324198K->17897K(327680K)] 897630K->599872K(1026752K), 0.0629190 secs] [Times: user=0.13 sys=0.00, real=0.06 secs] 
2135.311: [GC [PSYoungGen: 323561K->16466K(327488K)] 905536K->607686K(1026560K), 0.0590790 secs] [Times: user=0.14 sys=0.00, real=0.06 secs] 
2135.639: [GC [PSYoungGen: 322130K->20613K(326336K)] 913350K->616742K(1025408K), 0.0644640 secs] [Times: user=0.13 sys=0.00, real=0.06 secs] 
2136.052: [GC [PSYoungGen: 325445K->17748K(327168K)] 921574K->621861K(1026240K), 0.0755270 secs] [Times: user=0.14 sys=0.01, real=0.08 secs] 
2136.477: [GC [PSYoungGen: 322580K->19499K(326912K)] 926693K->628847K(1025984K), 0.0631180 secs] [Times: user=0.14 sys=0.00, real=0.06 secs] 
2136.862: [GC [PSYoungGen: 324459K->15456K(327232K)] 933807K->633158K(1026304K), 0.0472070 secs] [Times: user=0.13 sys=0.00, real=0.05 secs] 
2137.263: [GC [PSYoungGen: 320416K->14771K(327296K)] 938118K->637895K(1026368K), 0.0556080 secs] [Times: user=0.12 sys=0.00, real=0.06 secs] 
2137.650: [GC [PSYoungGen: 319859K->16264K(327296K)] 942983K->645965K(1026368K), 0.0593420 secs] [Times: user=0.12 sys=0.00, real=0.06 secs] 
2138.047: [GC [PSYoungGen: 321352K->17349K(328064K)] 951053K->652290K(1027136K), 0.0362410 secs] [Times: user=0.13 sys=0.00, real=0.03 secs] 
2138.439: [GC [PSYoungGen: 323589K->15783K(327680K)] 958530K->658933K(1026752K), 0.0679480 secs] [Times: user=0.13 sys=0.00, real=0.07 secs] 
2138.865: [GC [PSYoungGen: 322023K->15252K(328384K)] 965173K->663686K(1027456K), 0.0582980 secs] [Times: user=0.11 sys=0.00, real=0.06 secs] 
2139.259: [GC [PSYoungGen: 322388K->16953K(328256K)] 970822K->669881K(1027328K), 0.0472840 secs] [Times: user=0.12 sys=0.00, real=0.05 secs] 
2139.682: [GC [PSYoungGen: 324089K->16167K(329024K)] 977017K->676209K(1028096K), 0.0629670 secs] [Times: user=0.13 sys=0.00, real=0.06 secs] 
2140.088: [GC [PSYoungGen: 324455K->17237K(328768K)] 984497K->681661K(1027840K), 0.0718560 secs] [Times: user=0.13 sys=0.00, real=0.07 secs] 
2140.601: [GC [PSYoungGen: 325525K->17231K(329408K)] 989949K->689232K(1028480K), 0.0486860 secs] [Times: user=0.14 sys=0.00, real=0.05 secs] 
2141.062: [GC [PSYoungGen: 326351K->18197K(329216K)] 998352K->695043K(1028288K), 0.0545290 secs] [Times: user=0.14 sys=0.00, real=0.06 secs] 
2141.502: [GC [PSYoungGen: 327317K->18279K(328960K)] 1004163K->701639K(1028032K), 0.0629930 secs] [Times: user=0.14 sys=0.00, real=0.06 secs] 
2141.945: [GC [PSYoungGen: 326951K->18633K(327360K)] 1010311K->709566K(1026432K), 0.0621510 secs] [Times: user=0.14 sys=0.01, real=0.07 secs] 
2142.007: [Full GC [PSYoungGen: 18633K->0K(327360K)] [PSOldGen: 690933K->354632K(699072K)] 709566K->354632K(1026432K) [PSPermGen: 91539K->91539K(262144K)], 1.7389980 secs] [Times: user=1.74 sys=0.00, real=1.73 secs] 
2144.148: [GC [PSYoungGen: 308672K->20659K(324736K)] 663304K->378301K(1023808K), 0.0513970 secs] [Times: user=0.12 sys=0.00, real=0.05 secs] 
2144.552: [GC [PSYoungGen: 324723K->15193K(326784K)] 682365K->384062K(1025856K), 0.0506600 secs] [Times: user=0.14 sys=0.00, real=0.05 secs] 
2144.946: [GC [PSYoungGen: 319257K->15620K(326976K)] 688126K->387446K(1026048K), 0.0476450 secs] [Times: user=0.11 sys=0.00, real=0.05 secs] 
2145.406: [GC [PSYoungGen: 319940K->21214K(325568K)] 691766K->398914K(1024640K), 0.0895530 secs] [Times: user=0.13 sys=0.00, real=0.09 secs] 
2145.770: [GC [PSYoungGen: 325534K->16423K(326400K)] 703234K->399593K(1025472K), 0.0540510 secs] [Times: user=0.14 sys=0.00, real=0.05 secs] 
2146.211: [GC [PSYoungGen: 319399K->17781K(326080K)] 702569K->404289K(1025152K), 0.0437350 secs] [Times: user=0.12 sys=0.00, real=0.04 secs] 
2146.576: [GC [PSYoungGen: 320757K->22582K(319360K)] 707265K->415734K(1018432K), 0.0431490 secs] [Times: user=0.14 sys=0.00, real=0.05 secs] 
2146.982: [GC [PSYoungGen: 319350K->15742K(323136K)] 712502K->419473K(1022208K), 0.0935080 secs] [Times: user=0.22 sys=0.00, real=0.09 secs] 
2147.389: [GC [PSYoungGen: 312510K->18488K(324096K)] 716241K->427318K(1023168K), 0.0565130 secs] [Times: user=0.12 sys=0.00, real=0.05 secs] 
2147.767: [GC [PSYoungGen: 316408K->17853K(323328K)] 725238K->432808K(1022400K), 0.0540870 secs] [Times: user=0.13 sys=0.01, real=0.06 secs] 
2148.161: [GC [PSYoungGen: 315765K->17200K(325120K)] 730720K->438098K(1024192K), 0.0509730 secs] [Times: user=0.14 sys=0.00, real=0.05 secs] 
2148.574: [GC [PSYoungGen: 317488K->13711K(324672K)] 738386K->440545K(1023744K), 0.0722770 secs] [Times: user=0.15 sys=0.01, real=0.07 secs] 
2149.002: [GC [PSYoungGen: 313999K->19691K(324928K)] 740833K->450491K(1024000K), 0.0680190 secs] [Times: user=0.12 sys=0.00, real=0.07 secs] 
2149.495: [GC [PSYoungGen: 320043K->18068K(324928K)] 750843K->457731K(1024000K), 0.0394070 secs] [Times: user=0.15 sys=0.00, real=0.04 secs] 
2150.036: [GC [PSYoungGen: 318420K->18267K(326080K)] 758083K->463868K(1025152K), 0.0604050 secs] [Times: user=0.12 sys=0.00, real=0.06 secs] 
2150.493: [GC [PSYoungGen: 320411K->14536K(325568K)] 766012K->464089K(1024640K), 0.0578610 secs] [Times: user=0.10 sys=0.00, real=0.06 secs] 
2150.914: [GC [PSYoungGen: 316680K->18398K(326336K)] 766233K->472373K(1025408K), 0.0458660 secs] [Times: user=0.13 sys=0.00, real=0.05 secs] 
2151.334: [GC [PSYoungGen: 321246K->16673K(326016K)] 775221K->481841K(1025088K), 0.0599230 secs] [Times: user=0.14 sys=0.00, real=0.06 secs] 
2151.740: [GC [PSYoungGen: 319521K->17082K(327104K)] 784689K->486930K(1026176K), 0.0827820 secs] [Times: user=0.13 sys=0.00, real=0.08 secs] 
2152.159: [GC [PSYoungGen: 321338K->15796K(326656K)] 791186K->491764K(1025728K), 0.0477510 secs] [Times: user=0.12 sys=0.00, real=0.04 secs] 
2152.584: [GC [PSYoungGen: 320052K->15598K(327424K)] 796020K->499035K(1026496K), 0.0675780 secs] [Times: user=0.14 sys=0.01, real=0.07 secs] 
2153.024: [GC [PSYoungGen: 320750K->17345K(327232K)] 804187K->505789K(1026304K), 0.0572700 secs] [Times: user=0.13 sys=0.01, real=0.06 secs] 
2153.401: [GC [PSYoungGen: 322497K->19921K(326720K)] 810941K->513715K(1025792K), 0.0493470 secs] [Times: user=0.13 sys=0.00, real=0.05 secs] 
2153.810: [GC [PSYoungGen: 325001K->18531K(327296K)] 818795K->520304K(1026368K), 0.0694760 secs] [Times: user=0.13 sys=0.01, real=0.07 secs] 
2154.261: [GC [PSYoungGen: 323619K->22001K(324992K)] 825392K->528496K(1024064K), 0.0406800 secs] [Times: user=0.13 sys=0.00, real=0.04 secs] 
2154.713: [GC [PSYoungGen: 324913K->11387K(314304K)] 831408K->524592K(1013376K), 0.0477900 secs] [Times: user=0.10 sys=0.00, real=0.05 secs] 
2155.056: [GC [PSYoungGen: 314299K->20361K(324736K)] 827504K->536920K(1023808K), 0.0485390 secs] [Times: user=0.13 sys=0.00, real=0.05 secs] 
2155.548: [GC [PSYoungGen: 321225K->13352K(314240K)] 837784K->537986K(1013312K), 0.0681710 secs] [Times: user=0.12 sys=0.01, real=0.07 secs] 
2156.080: [GC [PSYoungGen: 314216K->16170K(325632K)] 838850K->547206K(1024704K), 0.0632300 secs] [Times: user=0.12 sys=0.01, real=0.06 secs] 
2156.466: [GC [PSYoungGen: 317354K->19914K(325056K)] 848390K->557301K(1024128K), 0.0584670 secs] [Times: user=0.14 sys=0.00, real=0.06 secs] 
2156.977: [GC [PSYoungGen: 321098K->9977K(324096K)] 858485K->553601K(1023168K), 0.0633500 secs] [Times: user=0.10 sys=0.00, real=0.07 secs] 
2157.382: [GC [PSYoungGen: 309817K->18592K(324672K)] 853441K->564998K(1023744K), 0.0605720 secs] [Times: user=0.12 sys=0.00, real=0.06 secs] 
2157.789: [GC [PSYoungGen: 318432K->19859K(324160K)] 864838K->577487K(1023232K), 0.0645880 secs] [Times: user=0.15 sys=0.00, real=0.07 secs] 
2158.189: [GC [PSYoungGen: 319315K->18232K(324480K)] 876943K->584871K(1023552K), 0.0778490 secs] [Times: user=0.16 sys=0.00, real=0.08 secs] 
2158.570: [GC [PSYoungGen: 317688K->14682K(325120K)] 884327K->588774K(1024192K), 0.0444200 secs] [Times: user=0.12 sys=0.00, real=0.04 secs] 
2158.979: [GC [PSYoungGen: 315162K->17657K(324864K)] 889254K->596715K(1023936K), 0.0454820 secs] [Times: user=0.13 sys=0.00, real=0.05 secs] 
2159.470: [GC [PSYoungGen: 318137K->18556K(325760K)] 897195K->603767K(1024832K), 0.0497760 secs] [Times: user=0.13 sys=0.00, real=0.05 secs] 
2159.912: [GC [PSYoungGen: 320444K->16583K(325632K)] 905655K->607316K(1024704K), 0.0585610 secs] [Times: user=0.12 sys=0.00, real=0.06 secs] 
2160.340: [GC [PSYoungGen: 318471K->16800K(326848K)] 909204K->614966K(1025920K), 0.0561830 secs] [Times: user=0.13 sys=0.01, real=0.05 secs] 
2160.792: [GC [PSYoungGen: 320416K->16975K(326272K)] 918582K->620939K(1025344K), 0.0596720 secs] [Times: user=0.13 sys=0.00, real=0.06 secs] 
2161.207: [GC [PSYoungGen: 320591K->19142K(326848K)] 924555K->631218K(1025920K), 0.0450570 secs] [Times: user=0.14 sys=0.00, real=0.05 secs] 
2161.586: [GC [PSYoungGen: 323846K->16957K(327104K)] 935922K->636675K(1026176K), 0.0522490 secs] [Times: user=0.15 sys=0.00, real=0.05 secs] 
2162.048: [GC [PSYoungGen: 321661K->19315K(327040K)] 941379K->644552K(1026112K), 0.0970430 secs] [Times: user=0.24 sys=0.00, real=0.10 secs] 
2162.472: [GC [PSYoungGen: 324403K->15371K(327296K)] 949640K->647566K(1026368K), 0.0442280 secs] [Times: user=0.12 sys=0.00, real=0.04 secs] 
2162.865: [GC [PSYoungGen: 320459K->14202K(327360K)] 952654K->651757K(1026432K), 0.0441600 secs] [Times: user=0.12 sys=0.00, real=0.04 secs] 
2163.266: [GC [PSYoungGen: 319418K->18264K(327360K)] 956973K->660525K(1026432K), 0.0524360 secs] [Times: user=0.13 sys=0.00, real=0.05 secs] 
2163.699: [GC [PSYoungGen: 323480K->15124K(327552K)] 965741K->667551K(1026624K), 0.0831910 secs] [Times: user=0.13 sys=0.01, real=0.09 secs] 
2164.188: [GC [PSYoungGen: 320532K->20353K(325824K)] 972959K->679428K(1024896K), 0.0783070 secs] [Times: user=0.14 sys=0.02, real=0.08 secs] 
2164.593: [GC [PSYoungGen: 325761K->12753K(326272K)] 984836K->677198K(1025344K), 0.0543360 secs] [Times: user=0.10 sys=0.00, real=0.05 secs] 
2165.053: [GC [PSYoungGen: 316305K->14376K(326528K)] 980750K->680898K(1025600K), 0.0830170 secs] [Times: user=0.11 sys=0.00, real=0.08 secs] 
2165.638: [GC [PSYoungGen: 317928K->18051K(326784K)] 984450K->691456K(1025856K), 0.0756910 secs] [Times: user=0.14 sys=0.00, real=0.08 secs] 
2166.016: [GC [PSYoungGen: 322051K->17449K(326720K)] 995456K->698788K(1025792K), 0.0693880 secs] [Times: user=0.14 sys=0.00, real=0.07 secs] 
2166.533: [GC [PSYoungGen: 321449K->15633K(327488K)] 1002788K->700686K(1026560K), 0.0766090 secs] [Times: user=0.12 sys=0.00, real=0.07 secs] 
2167.053: [GC [PSYoungGen: 320721K->18620K(327104K)] 1005774K->710607K(1026176K), 0.0597030 secs] [Times: user=0.15 sys=0.00, real=0.06 secs] 
2167.113: [Full GC [PSYoungGen: 18620K->0K(327104K)] [PSOldGen: 691987K->358215K(699072K)] 710607K->358215K(1026176K) [PSPermGen: 91607K->91607K(262144K)], 1.6968480 secs] [Times: user=1.69 sys=0.00, real=1.69 secs] 
2169.149: [GC [PSYoungGen: 305088K->22177K(324480K)] 663303K->380392K(1023552K), 0.0478490 secs] [Times: user=0.13 sys=0.00, real=0.05 secs] 
2169.656: [GC [PSYoungGen: 324449K->18818K(325888K)] 682664K->385339K(1024960K), 0.0543380 secs] [Times: user=0.13 sys=0.00, real=0.05 secs] 
2170.040: [GC [PSYoungGen: 321090K->15275K(326144K)] 687611K->388092K(1025216K), 0.0517520 secs] [Times: user=0.11 sys=0.00, real=0.06 secs] 
2170.430: [GC [PSYoungGen: 317867K->15362K(325952K)] 690684K->393077K(1025024K), 0.0325450 secs] [Times: user=0.11 sys=0.00, real=0.04 secs] 
2170.862: [GC [PSYoungGen: 317954K->19572K(325824K)] 695669K->403590K(1024896K), 0.0586610 secs] [Times: user=0.14 sys=0.00, real=0.05 secs] 
2171.218: [GC [PSYoungGen: 322356K->22121K(324928K)] 706374K->413334K(1024000K), 0.0632540 secs] [Times: user=0.15 sys=0.00, real=0.06 secs] 
2171.629: [GC [PSYoungGen: 324905K->14970K(325120K)] 716118K->414302K(1024192K), 0.0449430 secs] [Times: user=0.12 sys=0.00, real=0.05 secs] 
2172.005: [GC [PSYoungGen: 315514K->18625K(324928K)] 714846K->423128K(1024000K), 0.0528810 secs] [Times: user=0.12 sys=0.00, real=0.05 secs] 
2172.359: [GC [PSYoungGen: 319169K->15090K(325632K)] 723672K->426114K(1024704K), 0.0460130 secs] [Times: user=0.12 sys=0.00, real=0.05 secs] 
2172.758: [GC [PSYoungGen: 316658K->15293K(325440K)] 727682K->431632K(1024512K), 0.0507610 secs] [Times: user=0.12 sys=0.00, real=0.05 secs] 
2173.110: [GC [PSYoungGen: 316861K->18615K(326016K)] 733200K->440135K(1025088K), 0.0665810 secs] [Times: user=0.13 sys=0.00, real=0.07 secs] 
2173.470: [GC [PSYoungGen: 321015K->17634K(325888K)] 742535K->447500K(1024960K), 0.0598640 secs] [Times: user=0.14 sys=0.02, real=0.06 secs] 
2173.863: [GC [PSYoungGen: 320023K->17064K(327040K)] 749889K->453324K(1026112K), 0.0690030 secs] [Times: user=0.13 sys=0.01, real=0.07 secs] 
2174.250: [GC [PSYoungGen: 321128K->20644K(324736K)] 757388K->461650K(1023808K), 0.0629380 secs] [Times: user=0.13 sys=0.00, real=0.07 secs] 
2174.682: [GC [PSYoungGen: 324708K->13706K(326080K)] 765714K->461310K(1025152K), 0.0524180 secs] [Times: user=0.11 sys=0.01, real=0.06 secs] 
2175.147: [GC [PSYoungGen: 316618K->18090K(326208K)] 764222K->469455K(1025280K), 0.0729730 secs] [Times: user=0.11 sys=0.01, real=0.07 secs] 
2175.563: [GC [PSYoungGen: 321002K->18472K(326656K)] 772367K->474871K(1025728K), 0.0542830 secs] [Times: user=0.13 sys=0.00, real=0.05 secs] 
2175.949: [GC [PSYoungGen: 322088K->16007K(326464K)] 778487K->477674K(1025536K), 0.0440900 secs] [Times: user=0.12 sys=0.00, real=0.05 secs] 
2176.308: [GC [PSYoungGen: 319623K->17122K(327424K)] 781290K->483184K(1026496K), 0.0508560 secs] [Times: user=0.13 sys=0.00, real=0.05 secs] 
2176.769: [GC [PSYoungGen: 321954K->18325K(326912K)] 788016K->492311K(1025984K), 0.0416450 secs] [Times: user=0.13 sys=0.00, real=0.04 secs] 
2177.140: [GC [PSYoungGen: 323157K->15291K(327616K)] 797143K->495291K(1026688K), 0.0489680 secs] [Times: user=0.13 sys=0.00, real=0.05 secs] 
2177.468: [GC [PSYoungGen: 320891K->17739K(327488K)] 800891K->502425K(1026560K), 0.0529520 secs] [Times: user=0.12 sys=0.00, real=0.05 secs] 
2177.852: [GC [PSYoungGen: 323339K->17787K(328128K)] 808025K->510026K(1027200K), 0.0527130 secs] [Times: user=0.13 sys=0.00, real=0.06 secs] 
2178.264: [GC [PSYoungGen: 324283K->18668K(327872K)] 816522K->517597K(1026944K), 0.0673610 secs] [Times: user=0.14 sys=0.00, real=0.06 secs] 
2178.840: [GC [PSYoungGen: 325164K->15845K(328128K)] 824093K->518228K(1027200K), 0.0762800 secs] [Times: user=0.11 sys=0.00, real=0.08 secs] 
2179.243: [GC [PSYoungGen: 322469K->16117K(328000K)] 824852K->525403K(1027072K), 0.0686930 secs] [Times: user=0.13 sys=0.00, real=0.06 secs] 
2179.730: [GC [PSYoungGen: 322741K->17821K(328512K)] 832027K->534716K(1027584K), 0.0494540 secs] [Times: user=0.13 sys=0.00, real=0.05 secs] 
2180.221: [GC [PSYoungGen: 325149K->17365K(328320K)] 842044K->542860K(1027392K), 0.0577610 secs] [Times: user=0.15 sys=0.00, real=0.06 secs] 
2180.688: [GC [PSYoungGen: 324693K->16293K(329024K)] 850188K->548171K(1028096K), 0.0681690 secs] [Times: user=0.13 sys=0.01, real=0.07 secs] 
2181.170: [GC [PSYoungGen: 324645K->17239K(328832K)] 856523K->553636K(1027904K), 0.0723990 secs] [Times: user=0.11 sys=0.01, real=0.07 secs] 
2181.642: [GC [PSYoungGen: 325588K->19752K(328000K)] 861985K->560809K(1027072K), 0.0540900 secs] [Times: user=0.13 sys=0.00, real=0.06 secs] 
2182.114: [GC [PSYoungGen: 327528K->17698K(328640K)] 868585K->567359K(1027712K), 0.0574420 secs] [Times: user=0.15 sys=0.00, real=0.05 secs] 
2182.538: [GC [PSYoungGen: 325474K->17036K(329152K)] 875135K->571516K(1028224K), 0.0617530 secs] [Times: user=0.13 sys=0.00, real=0.06 secs] 
2182.976: [GC [PSYoungGen: 325580K->15193K(328896K)] 880060K->577368K(1027968K), 0.0370700 secs] [Times: user=0.12 sys=0.00, real=0.04 secs] 
2183.331: [GC [PSYoungGen: 323737K->16996K(329344K)] 885912K->585839K(1028416K), 0.0538250 secs] [Times: user=0.13 sys=0.00, real=0.06 secs] 
2183.830: [GC [PSYoungGen: 325860K->16236K(329024K)] 894703K->590433K(1028096K), 0.0479940 secs] [Times: user=0.13 sys=0.00, real=0.05 secs] 
2184.271: [GC [PSYoungGen: 325100K->18544K(328960K)] 899297K->598887K(1028032K), 0.0501080 secs] [Times: user=0.13 sys=0.00, real=0.05 secs] 
2184.649: [GC [PSYoungGen: 327472K->19483K(328448K)] 907815K->606575K(1027520K), 0.0499490 secs] [Times: user=0.15 sys=0.00, real=0.05 secs] 
2185.050: [GC [PSYoungGen: 328411K->18155K(328768K)] 915503K->611184K(1027840K), 0.0849730 secs] [Times: user=0.13 sys=0.00, real=0.09 secs] 
2185.438: [GC [PSYoungGen: 326123K->14820K(322816K)] 919152K->613457K(1021888K), 0.0391890 secs] [Times: user=0.13 sys=0.00, real=0.04 secs] 
2185.820: [GC [PSYoungGen: 322788K->17818K(328768K)] 921425K->621943K(1027840K), 0.0373190 secs] [Times: user=0.13 sys=0.00, real=0.04 secs] 
2186.249: [GC [PSYoungGen: 325722K->17079K(328640K)] 929847K->627735K(1027712K), 0.0517990 secs] [Times: user=0.13 sys=0.00, real=0.05 secs] 
2186.638: [GC [PSYoungGen: 324983K->17575K(329280K)] 935639K->635221K(1028352K), 0.0516320 secs] [Times: user=0.14 sys=0.00, real=0.05 secs] 
2187.077: [GC [PSYoungGen: 326439K->15497K(329088K)] 944085K->637520K(1028160K), 0.0593390 secs] [Times: user=0.11 sys=0.00, real=0.06 secs] 
2187.513: [GC [PSYoungGen: 324361K->18390K(328896K)] 946384K->645003K(1027968K), 0.0591970 secs] [Times: user=0.13 sys=0.00, real=0.05 secs] 
2188.003: [GC [PSYoungGen: 327062K->14645K(323328K)] 953675K->649733K(1022400K), 0.0465000 secs] [Times: user=0.14 sys=0.00, real=0.05 secs] 
2188.433: [GC [PSYoungGen: 323317K->16731K(329280K)] 958405K->657948K(1028352K), 0.0624560 secs] [Times: user=0.13 sys=0.01, real=0.07 secs] 
2188.794: [GC [PSYoungGen: 325467K->13523K(328960K)] 966684K->661353K(1028032K), 0.0601790 secs] [Times: user=0.12 sys=0.00, real=0.06 secs] 
2189.197: [GC [PSYoungGen: 322259K->16849K(329280K)] 970089K->669251K(1028352K), 0.0675100 secs] [Times: user=0.12 sys=0.00, real=0.07 secs] 
2189.618: [GC [PSYoungGen: 325649K->17783K(329024K)] 978051K->677709K(1028096K), 0.0562370 secs] [Times: user=0.13 sys=0.01, real=0.06 secs] 
2190.015: [GC [PSYoungGen: 326583K->20265K(320512K)] 986509K->689394K(1019584K), 0.0592830 secs] [Times: user=0.15 sys=0.00, real=0.06 secs] 
2190.474: [GC [PSYoungGen: 320489K->17074K(324864K)] 989618K->691549K(1023936K), 0.0479980 secs] [Times: user=0.13 sys=0.01, real=0.04 secs] 
2190.930: [GC [PSYoungGen: 317298K->14835K(325440K)] 991773K->693324K(1024512K), 0.0741970 secs] [Times: user=0.11 sys=0.00, real=0.08 secs] 
2191.374: [GC [PSYoungGen: 316147K->19762K(321088K)] 994636K->704686K(1020160K), 0.0543370 secs] [Times: user=0.15 sys=0.00, real=0.05 secs] 
2191.792: [GC [PSYoungGen: 321074K->18093K(325824K)] 1005998K->711204K(1024896K), 0.0584980 secs] [Times: user=0.14 sys=0.00, real=0.06 secs] 
2191.851: [Full GC [PSYoungGen: 18093K->0K(325824K)] [PSOldGen: 693111K->352750K(699072K)] 711204K->352750K(1024896K) [PSPermGen: 91619K->91619K(262144K)], 1.7573350 secs] [Times: user=1.73 sys=0.03, real=1.76 secs] 
2194.005: [GC [PSYoungGen: 301632K->21604K(323264K)] 654382K->374354K(1022336K), 0.0716010 secs] [Times: user=0.11 sys=0.01, real=0.07 secs] 
2194.362: [GC [PSYoungGen: 323236K->15600K(325184K)] 675986K->377244K(1024256K), 0.0519310 secs] [Times: user=0.12 sys=0.00, real=0.05 secs] 
2194.830: [GC [PSYoungGen: 316336K->18015K(325056K)] 677980K->386191K(1024128K), 0.0576220 secs] [Times: user=0.13 sys=0.00, real=0.06 secs] 
2195.228: [GC [PSYoungGen: 318751K->18593K(326144K)] 686927K->393313K(1025216K), 0.0591710 secs] [Times: user=0.13 sys=0.00, real=0.07 secs] 
2195.624: [GC [PSYoungGen: 321057K->19339K(325824K)] 695777K->402632K(1024896K), 0.0706790 secs] [Times: user=0.14 sys=0.00, real=0.07 secs] 
2196.104: [GC [PSYoungGen: 321803K->19490K(326208K)] 705096K->414598K(1025280K), 0.0911320 secs] [Times: user=0.15 sys=0.01, real=0.10 secs] 
2196.501: [GC [PSYoungGen: 322402K->14748K(317696K)] 717510K->412515K(1016768K), 0.0620510 secs] [Times: user=0.11 sys=0.00, real=0.06 secs] 
2196.914: [GC [PSYoungGen: 317660K->13067K(325504K)] 715427K->413732K(1024576K), 0.0428120 secs] [Times: user=0.10 sys=0.00, real=0.05 secs] 
2197.359: [GC [PSYoungGen: 315211K->18000K(325824K)] 715876K->425429K(1024896K), 0.0787220 secs] [Times: user=0.12 sys=0.00, real=0.08 secs] 
2197.750: [GC [PSYoungGen: 320144K->21823K(324224K)] 727573K->436387K(1023296K), 0.0528220 secs] [Times: user=0.15 sys=0.00, real=0.05 secs] 
2198.171: [GC [PSYoungGen: 322815K->17704K(325248K)] 737379K->439955K(1024320K), 0.0717030 secs] [Times: user=0.13 sys=0.00, real=0.07 secs] 
2198.613: [GC [PSYoungGen: 318691K->14031K(325696K)] 740942K->444123K(1024768K), 0.0515650 secs] [Times: user=0.12 sys=0.00, real=0.05 secs] 
2199.088: [GC [PSYoungGen: 316047K->20016K(322048K)] 746139K->455070K(1021120K), 0.0511250 secs] [Times: user=0.13 sys=0.00, real=0.05 secs] 
2199.541: [GC [PSYoungGen: 322032K->16930K(325888K)] 757086K->460046K(1024960K), 0.0575150 secs] [Times: user=0.14 sys=0.00, real=0.06 secs] 
2200.045: [GC [PSYoungGen: 318754K->14552K(325440K)] 761870K->462914K(1024512K), 0.0386450 secs] [Times: user=0.11 sys=0.00, real=0.03 secs] 
2200.440: [GC [PSYoungGen: 316376K->17287K(326592K)] 764738K->470221K(1025664K), 0.0541270 secs] [Times: user=0.12 sys=0.00, real=0.05 secs] 
2200.793: [GC [PSYoungGen: 320327K->17735K(325952K)] 773261K->475834K(1025024K), 0.0575760 secs] [Times: user=0.12 sys=0.00, real=0.06 secs] 
2201.240: [GC [PSYoungGen: 320775K->16794K(327360K)] 778874K->480927K(1026432K), 0.0532750 secs] [Times: user=0.12 sys=0.00, real=0.05 secs] 
2201.601: [GC [PSYoungGen: 321626K->16918K(326976K)] 785759K->486685K(1026048K), 0.0445140 secs] [Times: user=0.13 sys=0.00, real=0.05 secs] 
2202.005: [GC [PSYoungGen: 321750K->21679K(320512K)] 791517K->498097K(1019584K), 0.0452960 secs] [Times: user=0.15 sys=0.00, real=0.05 secs] 
2202.348: [GC [PSYoungGen: 320495K->15130K(324160K)] 796913K->500135K(1023232K), 0.0552300 secs] [Times: user=0.12 sys=0.00, real=0.05 secs] 
2202.706: [GC [PSYoungGen: 313946K->16303K(324672K)] 798951K->503275K(1023744K), 0.0566680 secs] [Times: user=0.10 sys=0.00, real=0.05 secs] 
2203.115: [GC [PSYoungGen: 315759K->15060K(324288K)] 802731K->509974K(1023360K), 0.0495570 secs] [Times: user=0.13 sys=0.00, real=0.05 secs] 
2203.569: [GC [PSYoungGen: 314516K->20165K(324480K)] 809430K->520475K(1023552K), 0.0658700 secs] [Times: user=0.13 sys=0.00, real=0.06 secs] 
2204.199: [GC [PSYoungGen: 320005K->17618K(324672K)] 820315K->526202K(1023744K), 0.0558580 secs] [Times: user=0.14 sys=0.00, real=0.05 secs] 
2204.636: [GC [PSYoungGen: 317458K->19427K(325376K)] 826042K->534882K(1024448K), 0.0452600 secs] [Times: user=0.14 sys=0.00, real=0.04 secs] 
2205.048: [GC [PSYoungGen: 320611K->13723K(314944K)] 836066K->536191K(1014016K), 0.0650040 secs] [Times: user=0.11 sys=0.00, real=0.06 secs] 
2205.525: [GC [PSYoungGen: 314907K->15801K(325568K)] 837375K->541925K(1024640K), 0.0473690 secs] [Times: user=0.10 sys=0.00, real=0.05 secs] 
2205.918: [GC [PSYoungGen: 317113K->15181K(325248K)] 843237K->548004K(1024320K), 0.0607010 secs] [Times: user=0.11 sys=0.00, real=0.06 secs] 
2206.384: [GC [PSYoungGen: 316493K->16667K(326400K)] 849316K->557942K(1025472K), 0.0653620 secs] [Times: user=0.13 sys=0.00, real=0.07 secs] 
2206.770: [GC [PSYoungGen: 319451K->17291K(325888K)] 860726K->565590K(1024960K), 0.0528910 secs] [Times: user=0.13 sys=0.00, real=0.05 secs] 
2207.143: [GC [PSYoungGen: 320075K->19722K(326080K)] 868374K->575511K(1025152K), 0.0600000 secs] [Times: user=0.14 sys=0.00, real=0.06 secs] 
2207.577: [GC [PSYoungGen: 323274K->18516K(326528K)] 879063K->581679K(1025600K), 0.0802020 secs] [Times: user=0.13 sys=0.00, real=0.08 secs] 
2207.967: [GC [PSYoungGen: 322068K->16534K(327040K)] 885231K->585560K(1026112K), 0.0680200 secs] [Times: user=0.13 sys=0.00, real=0.06 secs] 
2208.474: [GC [PSYoungGen: 320726K->14161K(326656K)] 889752K->588190K(1025728K), 0.0423960 secs] [Times: user=0.12 sys=0.00, real=0.04 secs] 
2208.819: [GC [PSYoungGen: 318353K->15425K(327232K)] 892382K->594503K(1026304K), 0.0757940 secs] [Times: user=0.12 sys=0.01, real=0.07 secs] 
2209.323: [GC [PSYoungGen: 320129K->13864K(326976K)] 899207K->599833K(1026048K), 0.0431390 secs] [Times: user=0.11 sys=0.00, real=0.04 secs] 
2209.737: [GC [PSYoungGen: 318568K->16583K(327808K)] 904537K->608752K(1026880K), 0.0485600 secs] [Times: user=0.13 sys=0.00, real=0.04 secs] 
2210.223: [GC [PSYoungGen: 322119K->20862K(326400K)] 914288K->622243K(1025472K), 0.1139110 secs] [Times: user=0.24 sys=0.01, real=0.11 secs] 
2210.662: [GC [PSYoungGen: 326398K->18831K(326592K)] 927779K->627859K(1025664K), 0.0568470 secs] [Times: user=0.14 sys=0.00, real=0.06 secs] 
2211.031: [GC [PSYoungGen: 322639K->17622K(326656K)] 931667K->632743K(1025728K), 0.0544400 secs] [Times: user=0.14 sys=0.00, real=0.05 secs] 
2211.446: [GC [PSYoungGen: 321430K->14865K(327168K)] 936551K->636785K(1026240K), 0.0458270 secs] [Times: user=0.12 sys=0.00, real=0.05 secs] 
2211.833: [GC [PSYoungGen: 319569K->19260K(323968K)] 941489K->646046K(1023040K), 0.0529320 secs] [Times: user=0.13 sys=0.00, real=0.05 secs] 
2212.208: [GC [PSYoungGen: 323964K->17395K(327360K)] 950750K->650741K(1026432K), 0.0679000 secs] [Times: user=0.13 sys=0.00, real=0.06 secs] 
2212.671: [GC [PSYoungGen: 322099K->16080K(326848K)] 955445K->654700K(1025920K), 0.0521760 secs] [Times: user=0.11 sys=0.00, real=0.05 secs] 
2213.050: [GC [PSYoungGen: 320784K->16584K(328000K)] 959404K->663071K(1027072K), 0.0537960 secs] [Times: user=0.14 sys=0.00, real=0.05 secs] 
2213.442: [GC [PSYoungGen: 322696K->18828K(327616K)] 969183K->671235K(1026688K), 0.0679840 secs] [Times: user=0.14 sys=0.00, real=0.07 secs] 
2213.781: [GC [PSYoungGen: 324940K->19640K(326912K)] 977347K->680308K(1025984K), 0.0461170 secs] [Times: user=0.15 sys=0.00, real=0.05 secs] 
2214.181: [GC [PSYoungGen: 324856K->13882K(319104K)] 985524K->682610K(1018176K), 0.0699290 secs] [Times: user=0.13 sys=0.00, real=0.07 secs] 
2214.636: [GC [PSYoungGen: 319098K->17117K(327744K)] 987826K->689821K(1026816K), 0.0419670 secs] [Times: user=0.12 sys=0.00, real=0.04 secs] 
2215.064: [GC [PSYoungGen: 322589K->16957K(327232K)] 995293K->697601K(1026304K), 0.0487250 secs] [Times: user=0.13 sys=0.01, real=0.05 secs] 
2215.472: [GC [PSYoungGen: 322411K->15422K(328256K)] 1003055K->702953K(1027328K), 0.0708110 secs] [Times: user=0.12 sys=0.00, real=0.07 secs] 
2215.952: [GC [PSYoungGen: 322302K->19140K(326080K)] 1009833K->712313K(1025152K), 0.0522520 secs] [Times: user=0.14 sys=0.00, real=0.05 secs] 
2216.005: [Full GC [PSYoungGen: 19140K->0K(326080K)] [PSOldGen: 693173K->325506K(699072K)] 712313K->325506K(1025152K) [PSPermGen: 91630K->91579K(262144K)], 1.9617720 secs] [Times: user=1.96 sys=0.00, real=1.96 secs] 
2218.309: [GC [PSYoungGen: 306880K->18883K(327488K)] 632386K->344390K(1026560K), 0.0520080 secs] [Times: user=0.11 sys=0.00, real=0.05 secs] 
2218.671: [GC [PSYoungGen: 324739K->17060K(327680K)] 650246K->351622K(1026752K), 0.0511770 secs] [Times: user=0.14 sys=0.01, real=0.05 secs] 
2219.134: [GC [PSYoungGen: 322916K->15734K(328256K)] 657478K->358931K(1027328K), 0.0788980 secs] [Times: user=0.12 sys=0.00, real=0.08 secs] 
2219.523: [GC [PSYoungGen: 322614K->19434K(326336K)] 665811K->367641K(1025408K), 0.0763580 secs] [Times: user=0.13 sys=0.01, real=0.08 secs] 
2219.899: [GC [PSYoungGen: 326314K->16831K(328128K)] 674521K->371395K(1027200K), 0.0484350 secs] [Times: user=0.13 sys=0.00, real=0.04 secs] 
2220.284: [GC [PSYoungGen: 323263K->13731K(327808K)] 677827K->373878K(1026880K), 0.0467270 secs] [Times: user=0.11 sys=0.00, real=0.05 secs] 
2220.681: [GC [PSYoungGen: 320163K->13615K(327680K)] 680310K->378136K(1026752K), 0.0510060 secs] [Times: user=0.10 sys=0.01, real=0.05 secs] 
2221.120: [GC [PSYoungGen: 319727K->13918K(327808K)] 684248K->383298K(1026880K), 0.0404280 secs] [Times: user=0.11 sys=0.00, real=0.04 secs] 
2221.544: [GC [PSYoungGen: 320030K->16401K(328384K)] 689410K->393138K(1027456K), 0.0532700 secs] [Times: user=0.13 sys=0.00, real=0.05 secs] 
2222.007: [GC [PSYoungGen: 323153K->20680K(327488K)] 699890K->404212K(1026560K), 0.0553780 secs] [Times: user=0.14 sys=0.00, real=0.06 secs] 
2222.417: [GC [PSYoungGen: 327432K->17947K(327232K)] 710964K->411050K(1026304K), 0.0685870 secs] [Times: user=0.15 sys=0.01, real=0.07 secs] 
2222.833: [GC [PSYoungGen: 323163K->16636K(327360K)] 716266K->416716K(1026432K), 0.0505190 secs] [Times: user=0.13 sys=0.01, real=0.05 secs] 
2223.255: [GC [PSYoungGen: 321852K->18091K(327872K)] 721932K->422609K(1026944K), 0.0570940 secs] [Times: user=0.12 sys=0.02, real=0.06 secs] 
2223.680: [GC [PSYoungGen: 324264K->12466K(318656K)] 728782K->422726K(1017728K), 0.0443500 secs] [Times: user=0.10 sys=0.00, real=0.04 secs] 
2224.076: [GC [PSYoungGen: 318642K->19877K(326144K)] 728902K->435274K(1025216K), 0.0782480 secs] [Times: user=0.16 sys=0.00, real=0.08 secs] 
2224.498: [GC [PSYoungGen: 324069K->20795K(324992K)] 739466K->444646K(1024064K), 0.0668600 secs] [Times: user=0.15 sys=0.00, real=0.07 secs] 
2224.919: [GC [PSYoungGen: 324987K->19130K(325824K)] 748838K->450656K(1024896K), 0.0774770 secs] [Times: user=0.18 sys=0.01, real=0.07 secs] 
2225.436: [GC [PSYoungGen: 321402K->13119K(315392K)] 752928K->450867K(1014464K), 0.0707230 secs] [Times: user=0.11 sys=0.00, real=0.07 secs] 
2225.816: [GC [PSYoungGen: 315391K->14750K(326080K)] 753139K->457735K(1025152K), 0.0434210 secs] [Times: user=0.11 sys=0.00, real=0.05 secs] 
2226.251: [GC [PSYoungGen: 317086K->17125K(325760K)] 760071K->467700K(1024832K), 0.0966560 secs] [Times: user=0.13 sys=0.01, real=0.09 secs] 
2226.696: [GC [PSYoungGen: 319461K->15427K(326976K)] 770036K->470168K(1026048K), 0.0643490 secs] [Times: user=0.11 sys=0.00, real=0.07 secs] 
2227.066: [GC [PSYoungGen: 319491K->19426K(323520K)] 774232K->478538K(1022592K), 0.0456160 secs] [Times: user=0.13 sys=0.00, real=0.05 secs] 
2227.494: [GC [PSYoungGen: 323490K->16842K(327104K)] 782602K->487098K(1026176K), 0.0658100 secs] [Times: user=0.15 sys=0.01, real=0.07 secs] 
2227.946: [GC [PSYoungGen: 320970K->18078K(326528K)] 791226K->494490K(1025600K), 0.0623540 secs] [Times: user=0.14 sys=0.01, real=0.06 secs] 
2228.408: [GC [PSYoungGen: 322206K->14824K(327360K)] 798618K->497267K(1026432K), 0.0478500 secs] [Times: user=0.13 sys=0.00, real=0.05 secs] 
2228.759: [GC [PSYoungGen: 319912K->16841K(327232K)] 802355K->504652K(1026304K), 0.0599940 secs] [Times: user=0.12 sys=0.01, real=0.06 secs] 
2229.247: [GC [PSYoungGen: 321929K->16409K(328320K)] 809740K->511350K(1027392K), 0.0799100 secs] [Times: user=0.13 sys=0.00, real=0.08 secs] 
2229.678: [GC [PSYoungGen: 323097K->14600K(327872K)] 818038K->514493K(1026944K), 0.0480570 secs] [Times: user=0.11 sys=0.00, real=0.05 secs] 
2230.082: [GC [PSYoungGen: 321288K->17273K(328576K)] 821181K->521963K(1027648K), 0.0453210 secs] [Times: user=0.12 sys=0.00, real=0.04 secs] 
2230.461: [GC [PSYoungGen: 324729K->17861K(328384K)] 829419K->529638K(1027456K), 0.0525520 secs] [Times: user=0.15 sys=0.00, real=0.05 secs] 
2230.904: [GC [PSYoungGen: 325317K->17868K(328576K)] 837094K->534971K(1027648K), 0.0634210 secs] [Times: user=0.13 sys=0.00, real=0.06 secs] 
2231.446: [GC [PSYoungGen: 325452K->15464K(328512K)] 842555K->541207K(1027584K), 0.0548110 secs] [Times: user=0.15 sys=0.00, real=0.06 secs] 
2231.853: [GC [PSYoungGen: 323048K->16751K(329088K)] 848791K->549537K(1028160K), 0.0474360 secs] [Times: user=0.12 sys=0.00, real=0.05 secs] 
2232.270: [GC [PSYoungGen: 325039K->18646K(328704K)] 857825K->556608K(1027776K), 0.0698370 secs] [Times: user=0.13 sys=0.00, real=0.07 secs] 
2232.705: [GC [PSYoungGen: 326934K->20405K(326976K)] 864896K->566642K(1026048K), 0.0698410 secs] [Times: user=0.15 sys=0.00, real=0.07 secs] 
2233.210: [GC [PSYoungGen: 326645K->17534K(327872K)] 872882K->573515K(1026944K), 0.0595190 secs] [Times: user=0.14 sys=0.00, real=0.06 secs] 
2233.598: [GC [PSYoungGen: 323774K->17025K(328576K)] 879755K->578920K(1027648K), 0.0528610 secs] [Times: user=0.14 sys=0.00, real=0.06 secs] 
2234.010: [GC [PSYoungGen: 324289K->15752K(328192K)] 886184K->584117K(1027264K), 0.0415830 secs] [Times: user=0.13 sys=0.00, real=0.04 secs] 
2234.417: [GC [PSYoungGen: 323016K->14419K(328512K)] 891381K->588538K(1027584K), 0.0555490 secs] [Times: user=0.12 sys=0.00, real=0.06 secs] 
2234.839: [GC [PSYoungGen: 322067K->16336K(328576K)] 896186K->596374K(1027648K), 0.0524790 secs] [Times: user=0.12 sys=0.00, real=0.06 secs] 
2235.245: [GC [PSYoungGen: 323984K->15835K(329088K)] 904022K->601828K(1028160K), 0.0579110 secs] [Times: user=0.15 sys=0.01, real=0.06 secs] 
2235.646: [GC [PSYoungGen: 324315K->17842K(328896K)] 910308K->609180K(1027968K), 0.0512130 secs] [Times: user=0.14 sys=0.00, real=0.05 secs] 
2236.072: [GC [PSYoungGen: 326322K->19947K(327488K)] 917660K->619312K(1026560K), 0.0778800 secs] [Times: user=0.14 sys=0.00, real=0.07 secs] 
2236.514: [GC [PSYoungGen: 326955K->16197K(328256K)] 926320K->622054K(1027328K), 0.0510270 secs] [Times: user=0.12 sys=0.00, real=0.05 secs] 
2236.926: [GC [PSYoungGen: 323205K->14124K(328256K)] 929062K->627128K(1027328K), 0.0522210 secs] [Times: user=0.13 sys=0.00, real=0.05 secs] 
2237.306: [GC [PSYoungGen: 321388K->14743K(328384K)] 934392K->631793K(1027456K), 0.0448180 secs] [Times: user=0.11 sys=0.00, real=0.04 secs] 
2237.701: [GC [PSYoungGen: 322007K->18429K(328000K)] 939057K->639742K(1027072K), 0.0437950 secs] [Times: user=0.13 sys=0.01, real=0.05 secs] 
2238.111: [GC [PSYoungGen: 325437K->16008K(328256K)] 946750K->645878K(1027328K), 0.0542850 secs] [Times: user=0.13 sys=0.01, real=0.06 secs] 
2238.645: [GC [PSYoungGen: 323012K->13645K(328320K)] 952881K->648635K(1027392K), 0.0430360 secs] [Times: user=0.11 sys=0.01, real=0.04 secs] 
2239.035: [GC [PSYoungGen: 321037K->17694K(328448K)] 956027K->657479K(1027520K), 0.0564530 secs] [Times: user=0.14 sys=0.00, real=0.05 secs] 
2239.417: [GC [PSYoungGen: 325086K->17357K(328576K)] 964871K->665030K(1027648K), 0.0621690 secs] [Times: user=0.12 sys=0.00, real=0.06 secs] 
2239.884: [GC [PSYoungGen: 324877K->16135K(328448K)] 972550K->670228K(1027520K), 0.0519710 secs] [Times: user=0.13 sys=0.00, real=0.05 secs] 
2240.336: [GC [PSYoungGen: 323655K->15651K(329152K)] 977748K->673100K(1028224K), 0.0511330 secs] [Times: user=0.12 sys=0.00, real=0.05 secs] 
2240.811: [GC [PSYoungGen: 324259K->18159K(328960K)] 981708K->681364K(1028032K), 0.0588060 secs] [Times: user=0.13 sys=0.00, real=0.06 secs] 
2241.301: [GC [PSYoungGen: 326767K->15179K(329088K)] 989972K->684774K(1028160K), 0.0380920 secs] [Times: user=0.12 sys=0.00, real=0.04 secs] 
2241.721: [GC [PSYoungGen: 323723K->13847K(328960K)] 993318K->690038K(1028032K), 0.0408530 secs] [Times: user=0.11 sys=0.00, real=0.04 secs] 
2242.126: [GC [PSYoungGen: 322391K->16551K(329344K)] 998582K->698424K(1028416K), 0.0650690 secs] [Times: user=0.12 sys=0.00, real=0.06 secs] 
2242.516: [GC [PSYoungGen: 325415K->15725K(329024K)] 1007288K->703174K(1028096K), 0.0500860 secs] [Times: user=0.13 sys=0.00, real=0.05 secs] 
2242.995: [GC [PSYoungGen: 324589K->19414K(327936K)] 1012038K->712472K(1027008K), 0.0442510 secs] [Times: user=0.15 sys=0.00, real=0.04 secs] 
2243.040: [Full GC [PSYoungGen: 19414K->0K(327936K)] [PSOldGen: 693057K->357971K(699072K)] 712472K->357971K(1027008K) [PSPermGen: 91602K->91602K(262144K)], 1.7695260 secs] [Times: user=1.77 sys=0.00, real=1.77 secs] 
2245.245: [GC [PSYoungGen: 308032K->18739K(326784K)] 666003K->376711K(1025856K), 0.0481670 secs] [Times: user=0.10 sys=0.00, real=0.05 secs] 
2245.616: [GC [PSYoungGen: 326771K->19717K(327104K)] 684743K->387097K(1026176K), 0.0561310 secs] [Times: user=0.15 sys=0.00, real=0.05 secs] 
2246.080: [GC [PSYoungGen: 325701K->18094K(327744K)] 693081K->390666K(1026816K), 0.0504660 secs] [Times: user=0.13 sys=0.00, real=0.05 secs] 
2246.447: [GC [PSYoungGen: 324078K->17488K(328128K)] 696650K->395651K(1027200K), 0.0495370 secs] [Times: user=0.13 sys=0.00, real=0.05 secs] 
2246.862: [GC [PSYoungGen: 323920K->15428K(327808K)] 702083K->399513K(1026880K), 0.0627020 secs] [Times: user=0.12 sys=0.01, real=0.06 secs] 
2247.283: [GC [PSYoungGen: 321860K->21223K(319936K)] 705945K->413459K(1019008K), 0.0795390 secs] [Times: user=0.15 sys=0.00, real=0.07 secs] 
2247.807: [GC [PSYoungGen: 319911K->22066K(320768K)] 712147K->425104K(1019840K), 0.0748390 secs] [Times: user=0.17 sys=0.01, real=0.07 secs] 
2248.180: [GC [PSYoungGen: 320754K->17807K(323968K)] 723792K->425758K(1023040K), 0.0475720 secs] [Times: user=0.12 sys=0.00, real=0.05 secs] 
2248.564: [GC [PSYoungGen: 315663K->18549K(323392K)] 723614K->430077K(1022464K), 0.0489070 secs] [Times: user=0.12 sys=0.00, real=0.04 secs] 
2249.046: [GC [PSYoungGen: 316405K->14538K(324544K)] 727933K->433350K(1023616K), 0.0466390 secs] [Times: user=0.12 sys=0.00, real=0.04 secs] 
2249.439: [GC [PSYoungGen: 314250K->17637K(324608K)] 733062K->440922K(1023680K), 0.0498510 secs] [Times: user=0.12 sys=0.01, real=0.05 secs] 
2249.838: [GC [PSYoungGen: 317344K->19772K(325184K)] 740630K->453702K(1024256K), 0.0623550 secs] [Times: user=0.16 sys=0.01, real=0.06 secs] 
2250.272: [GC [PSYoungGen: 320636K->16513K(325184K)] 754566K->455929K(1024256K), 0.0584160 secs] [Times: user=0.11 sys=0.01, real=0.06 secs] 
2250.729: [GC [PSYoungGen: 317377K->14547K(325504K)] 756793K->457735K(1024576K), 0.0566170 secs] [Times: user=0.10 sys=0.00, real=0.06 secs] 
2251.077: [GC [PSYoungGen: 316051K->19338K(325504K)] 759239K->469018K(1024576K), 0.0466960 secs] [Times: user=0.14 sys=0.00, real=0.05 secs] 
2251.442: [GC [PSYoungGen: 320842K->14304K(325504K)] 770522K->473141K(1024576K), 0.0611550 secs] [Times: user=0.13 sys=0.00, real=0.06 secs] 
2251.834: [GC [PSYoungGen: 315808K->12560K(314112K)] 774645K->477024K(1013184K), 0.0448690 secs] [Times: user=0.11 sys=0.00, real=0.04 secs] 
2252.175: [GC [PSYoungGen: 314064K->18563K(325440K)] 778528K->488782K(1024512K), 0.0726630 secs] [Times: user=0.13 sys=0.00, real=0.07 secs] 
2252.627: [GC [PSYoungGen: 319811K->19838K(321088K)] 790030K->497983K(1020160K), 0.0811010 secs] [Times: user=0.15 sys=0.00, real=0.08 secs] 
2253.070: [GC [PSYoungGen: 321086K->19204K(325184K)] 799231K->501944K(1024256K), 0.0507170 secs] [Times: user=0.14 sys=0.00, real=0.07 secs] 
2253.557: [GC [PSYoungGen: 320068K->16825K(325184K)] 802808K->505050K(1024256K), 0.0708100 secs] [Times: user=0.13 sys=0.00, real=0.07 secs] 
2253.983: [GC [PSYoungGen: 317689K->14732K(325888K)] 805914K->508759K(1024960K), 0.0437580 secs] [Times: user=0.12 sys=0.00, real=0.05 secs] 
2254.350: [GC [PSYoungGen: 316876K->18658K(325760K)] 810903K->517835K(1024832K), 0.0552310 secs] [Times: user=0.13 sys=0.00, real=0.06 secs] 
2254.773: [GC [PSYoungGen: 320802K->16291K(326400K)] 819979K->524007K(1025472K), 0.0582880 secs] [Times: user=0.14 sys=0.00, real=0.06 secs] 
2255.168: [GC [PSYoungGen: 319203K->18753K(326016K)] 826919K->531596K(1025088K), 0.0533270 secs] [Times: user=0.13 sys=0.01, real=0.05 secs] 
2255.556: [GC [PSYoungGen: 321665K->19607K(325952K)] 834508K->540262K(1025024K), 0.0619430 secs] [Times: user=0.16 sys=0.00, real=0.06 secs] 
2256.052: [GC [PSYoungGen: 322519K->17643K(326208K)] 843174K->544716K(1025280K), 0.0626410 secs] [Times: user=0.12 sys=0.00, real=0.07 secs] 
2256.475: [GC [PSYoungGen: 320555K->19565K(326400K)] 847628K->551142K(1025472K), 0.0499430 secs] [Times: user=0.12 sys=0.00, real=0.05 secs] 
2256.897: [GC [PSYoungGen: 323245K->16628K(326592K)] 854822K->555440K(1025664K), 0.0496090 secs] [Times: user=0.13 sys=0.00, real=0.05 secs] 
2257.276: [GC [PSYoungGen: 320308K->13763K(326464K)] 859120K->559792K(1025536K), 0.0476070 secs] [Times: user=0.11 sys=0.00, real=0.04 secs] 
2257.749: [GC [PSYoungGen: 317571K->16595K(326656K)] 863600K->566624K(1025728K), 0.0615290 secs] [Times: user=0.13 sys=0.00, real=0.06 secs] 
2258.179: [GC [PSYoungGen: 320403K->15929K(327360K)] 870432K->571993K(1026432K), 0.0472810 secs] [Times: user=0.12 sys=0.00, real=0.05 secs] 
2258.607: [GC [PSYoungGen: 320889K->16939K(327104K)] 876953K->579848K(1026176K), 0.0897310 secs] [Times: user=0.12 sys=0.00, real=0.09 secs] 
2259.069: [GC [PSYoungGen: 321899K->17193K(328256K)] 884808K->585649K(1027328K), 0.0617720 secs] [Times: user=0.13 sys=0.00, real=0.06 secs] 
2259.457: [GC [PSYoungGen: 323817K->16863K(327872K)] 892273K->588664K(1026944K), 0.0672000 secs] [Times: user=0.11 sys=0.00, real=0.06 secs] 
2259.834: [GC [PSYoungGen: 323487K->16538K(328896K)] 895288K->593283K(1027968K), 0.0576360 secs] [Times: user=0.11 sys=0.00, real=0.05 secs] 
2260.170: [GC [PSYoungGen: 324570K->19884K(327936K)] 901315K->604682K(1027008K), 0.0631700 secs] [Times: user=0.14 sys=0.01, real=0.06 secs] 
2260.578: [GC [PSYoungGen: 327916K->17599K(328512K)] 912714K->609784K(1027584K), 0.0630410 secs] [Times: user=0.14 sys=0.00, real=0.06 secs] 
2260.975: [GC [PSYoungGen: 324799K->20977K(328192K)] 916984K->620692K(1027264K), 0.0565200 secs] [Times: user=0.15 sys=0.01, real=0.06 secs] 
2261.351: [GC [PSYoungGen: 328177K->17407K(322176K)] 927892K->625686K(1021248K), 0.0694640 secs] [Times: user=0.14 sys=0.00, real=0.07 secs] 
2261.804: [GC [PSYoungGen: 318271K->18679K(325184K)] 926550K->631690K(1024256K), 0.0891790 secs] [Times: user=0.17 sys=0.01, real=0.09 secs] 
2262.229: [GC [PSYoungGen: 319543K->17608K(326080K)] 932554K->638421K(1025152K), 0.1051740 secs] [Times: user=0.15 sys=0.01, real=0.10 secs] 
2262.661: [GC [PSYoungGen: 319816K->19998K(325632K)] 940629K->646767K(1024704K), 0.0601280 secs] [Times: user=0.15 sys=0.00, real=0.06 secs] 
2263.126: [GC [PSYoungGen: 322202K->13626K(325312K)] 948972K->649395K(1024384K), 0.0610550 secs] [Times: user=0.12 sys=0.00, real=0.06 secs] 
2263.591: [GC [PSYoungGen: 315386K->13611K(315392K)] 951155K->654765K(1014464K), 0.0448300 secs] [Times: user=0.11 sys=0.00, real=0.05 secs] 
2263.957: [GC [PSYoungGen: 315371K->16863K(326016K)] 956525K->665196K(1025088K), 0.0517150 secs] [Times: user=0.13 sys=0.00, real=0.05 secs] 
2264.449: [GC [PSYoungGen: 318815K->17350K(325440K)] 967148K->673986K(1024512K), 0.0540400 secs] [Times: user=0.14 sys=0.01, real=0.05 secs] 
2264.881: [GC [PSYoungGen: 319302K->20625K(325312K)] 975938K->683556K(1024384K), 0.0727220 secs] [Times: user=0.14 sys=0.01, real=0.07 secs] 
2265.310: [GC [PSYoungGen: 323025K->16345K(325952K)] 985956K->685117K(1025024K), 0.0508240 secs] [Times: user=0.13 sys=0.00, real=0.05 secs] 
2265.744: [GC [PSYoungGen: 318745K->16037K(326528K)] 987517K->689962K(1025600K), 0.0722670 secs] [Times: user=0.11 sys=0.00, real=0.08 secs] 
2266.209: [GC [PSYoungGen: 319333K->16129K(326272K)] 993258K->695901K(1025344K), 0.0477160 secs] [Times: user=0.12 sys=0.00, real=0.05 secs] 
2266.623: [GC [PSYoungGen: 319425K->15917K(327168K)] 999197K->701284K(1026240K), 0.0533090 secs] [Times: user=0.12 sys=0.00, real=0.06 secs] 
2266.997: [GC [PSYoungGen: 320429K->19045K(326848K)] 1005796K->710643K(1025920K), 0.0505600 secs] [Times: user=0.13 sys=0.00, real=0.05 secs] 
2267.047: [Full GC [PSYoungGen: 19045K->0K(326848K)] [PSOldGen: 691597K->361407K(699072K)] 710643K->361407K(1025920K) [PSPermGen: 91616K->91616K(262144K)], 1.7641150 secs] [Times: user=1.76 sys=0.01, real=1.76 secs] 
2269.148: [GC [PSYoungGen: 304512K->20834K(325440K)] 665919K->382241K(1024512K), 0.0431110 secs] [Times: user=0.12 sys=0.00, real=0.04 secs] 
2269.596: [GC [PSYoungGen: 323746K->17367K(326208K)] 685153K->386865K(1025280K), 0.0466980 secs] [Times: user=0.12 sys=0.01, real=0.04 secs] 
2270.049: [GC [PSYoungGen: 320279K->15469K(326848K)] 689777K->390238K(1025920K), 0.0629740 secs] [Times: user=0.12 sys=0.00, real=0.06 secs] 
2270.436: [GC [PSYoungGen: 319533K->15471K(326720K)] 694302K->395298K(1025792K), 0.0384970 secs] [Times: user=0.12 sys=0.00, real=0.03 secs] 
2270.828: [GC [PSYoungGen: 319535K->20547K(325632K)] 699362K->403811K(1024704K), 0.0524550 secs] [Times: user=0.12 sys=0.00, real=0.05 secs] 
2271.231: [GC [PSYoungGen: 323715K->17757K(326336K)] 706979K->409904K(1025408K), 0.0655450 secs] [Times: user=0.13 sys=0.01, real=0.07 secs] 
2271.623: [GC [PSYoungGen: 320925K->16535K(327168K)] 713072K->415229K(1026240K), 0.0451090 secs] [Times: user=0.13 sys=0.00, real=0.05 secs] 
2271.999: [GC [PSYoungGen: 321047K->14177K(326848K)] 719741K->419831K(1025920K), 0.0442490 secs] [Times: user=0.12 sys=0.00, real=0.04 secs] 
2272.412: [GC [PSYoungGen: 318689K->14541K(327104K)] 724343K->425318K(1026176K), 0.0314040 secs] [Times: user=0.11 sys=0.00, real=0.03 secs] 
2272.858: [GC [PSYoungGen: 319181K->16065K(327040K)] 729958K->432163K(1026112K), 0.0408650 secs] [Times: user=0.12 sys=0.00, real=0.04 secs] 
2273.227: [GC [PSYoungGen: 320697K->16709K(328000K)] 736795K->438431K(1027072K), 0.0384250 secs] [Times: user=0.12 sys=0.01, real=0.03 secs] 
2273.611: [GC [PSYoungGen: 322757K->18823K(327552K)] 744479K->447600K(1026624K), 0.0525100 secs] [Times: user=0.14 sys=0.01, real=0.05 secs] 
2273.984: [GC [PSYoungGen: 324871K->19496K(326848K)] 753648K->455192K(1025920K), 0.0667260 secs] [Times: user=0.14 sys=0.00, real=0.07 secs] 
2274.398: [GC [PSYoungGen: 324584K->10289K(315392K)] 760280K->451935K(1014464K), 0.0474910 secs] [Times: user=0.10 sys=0.00, real=0.04 secs] 
2274.806: [GC [PSYoungGen: 315377K->22886K(321088K)] 757023K->467383K(1020160K), 0.0714900 secs] [Times: user=0.13 sys=0.00, real=0.08 secs] 
2275.241: [GC [PSYoungGen: 321062K->14352K(323840K)] 765559K->471875K(1022912K), 0.0686270 secs] [Times: user=0.14 sys=0.00, real=0.07 secs] 
2275.575: [GC [PSYoungGen: 312528K->18039K(324608K)] 770051K->480323K(1023680K), 0.0381470 secs] [Times: user=0.12 sys=0.00, real=0.04 secs] 
2275.933: [GC [PSYoungGen: 317239K->14100K(324096K)] 779523K->483480K(1023168K), 0.0496650 secs] [Times: user=0.12 sys=0.00, real=0.05 secs] 
2276.341: [GC [PSYoungGen: 313300K->17285K(325504K)] 782680K->492443K(1024576K), 0.0850510 secs] [Times: user=0.15 sys=0.00, real=0.08 secs] 
2276.740: [GC [PSYoungGen: 318149K->17094K(324864K)] 793307K->498960K(1023936K), 0.0439060 secs] [Times: user=0.14 sys=0.00, real=0.04 secs] 
2277.175: [GC [PSYoungGen: 317958K->15426K(326528K)] 799824K->502201K(1025600K), 0.0380270 secs] [Times: user=0.12 sys=0.00, real=0.04 secs] 
2277.500: [GC [PSYoungGen: 318594K->18021K(326144K)] 805369K->510354K(1025216K), 0.0604670 secs] [Times: user=0.12 sys=0.00, real=0.06 secs] 
2277.970: [GC [PSYoungGen: 321189K->16768K(327232K)] 813522K->517129K(1026304K), 0.0477710 secs] [Times: user=0.13 sys=0.00, real=0.05 secs] 
2278.476: [GC [PSYoungGen: 321142K->14663K(326656K)] 821503K->523089K(1025728K), 0.0648550 secs] [Times: user=0.13 sys=0.01, real=0.07 secs] 
2278.899: [GC [PSYoungGen: 319047K->18130K(327360K)] 827473K->531241K(1026432K), 0.0614200 secs] [Times: user=0.13 sys=0.00, real=0.06 secs] 
2279.365: [GC [PSYoungGen: 323346K->16002K(327360K)] 836457K->536518K(1026432K), 0.0538310 secs] [Times: user=0.13 sys=0.00, real=0.06 secs] 
2279.778: [GC [PSYoungGen: 321210K->12614K(327360K)] 841727K->539116K(1026432K), 0.0340710 secs] [Times: user=0.11 sys=0.01, real=0.03 secs] 
2280.148: [GC [PSYoungGen: 318214K->15948K(327552K)] 844716K->546922K(1026624K), 0.0532490 secs] [Times: user=0.14 sys=0.00, real=0.05 secs] 
2280.588: [GC [PSYoungGen: 321548K->15476K(328448K)] 852522K->552750K(1027520K), 0.0521750 secs] [Times: user=0.12 sys=0.00, real=0.06 secs] 
2280.972: [GC [PSYoungGen: 322471K->15482K(328064K)] 859744K->559496K(1027136K), 0.0525060 secs] [Times: user=0.12 sys=0.00, real=0.05 secs] 
2281.362: [GC [PSYoungGen: 322482K->16676K(329024K)] 866496K->567746K(1028096K), 0.0555160 secs] [Times: user=0.12 sys=0.00, real=0.05 secs] 
2281.736: [GC [PSYoungGen: 324964K->17962K(328768K)] 876034K->573485K(1027840K), 0.0366580 secs] [Times: user=0.12 sys=0.00, real=0.04 secs] 
2282.207: [GC [PSYoungGen: 326250K->20642K(319616K)] 881773K->585530K(1018688K), 0.0875260 secs] [Times: user=0.15 sys=0.00, real=0.09 secs] 
2282.581: [GC [PSYoungGen: 319585K->21189K(320192K)] 884473K->593963K(1019264K), 0.0693600 secs] [Times: user=0.17 sys=0.00, real=0.07 secs] 
2283.040: [GC [PSYoungGen: 320133K->16206K(324096K)] 892907K->592704K(1023168K), 0.0645440 secs] [Times: user=0.12 sys=0.00, real=0.06 secs] 
2283.407: [GC [PSYoungGen: 314446K->15736K(323648K)] 890944K->598296K(1022720K), 0.0586430 secs] [Times: user=0.14 sys=0.00, real=0.06 secs] 
2283.757: [GC [PSYoungGen: 313976K->16316K(324992K)] 896536K->606075K(1024064K), 0.0557290 secs] [Times: user=0.13 sys=0.00, real=0.06 secs] 
2284.172: [GC [PSYoungGen: 316284K->20166K(324480K)] 906043K->615272K(1023552K), 0.0557230 secs] [Times: user=0.13 sys=0.00, real=0.05 secs] 
2284.537: [GC [PSYoungGen: 320134K->16364K(325184K)] 915240K->620042K(1024256K), 0.0480160 secs] [Times: user=0.13 sys=0.00, real=0.05 secs] 
2284.911: [GC [PSYoungGen: 316780K->17404K(324736K)] 920458K->626947K(1023808K), 0.0597470 secs] [Times: user=0.16 sys=0.00, real=0.06 secs] 
2285.421: [GC [PSYoungGen: 317820K->14259K(325824K)] 927363K->630208K(1024896K), 0.0463420 secs] [Times: user=0.12 sys=0.01, real=0.04 secs] 
2285.788: [GC [PSYoungGen: 316339K->12807K(314944K)] 932288K->634529K(1014016K), 0.0762000 secs] [Times: user=0.11 sys=0.00, real=0.07 secs] 
2286.234: [GC [PSYoungGen: 314887K->15121K(326080K)] 936609K->641259K(1025152K), 0.0447360 secs] [Times: user=0.11 sys=0.01, real=0.05 secs] 
2286.649: [GC [PSYoungGen: 317393K->15357K(325696K)] 943531K->647268K(1024768K), 0.0504130 secs] [Times: user=0.13 sys=0.00, real=0.05 secs] 
2287.023: [GC [PSYoungGen: 317629K->19440K(325632K)] 949540K->658092K(1024704K), 0.0521410 secs] [Times: user=0.14 sys=0.01, real=0.05 secs] 
2287.471: [GC [PSYoungGen: 322096K->18038K(326080K)] 960748K->666443K(1025152K), 0.0625550 secs] [Times: user=0.15 sys=0.01, real=0.06 secs] 
2287.889: [GC [PSYoungGen: 320694K->18957K(326080K)] 969099K->673502K(1025152K), 0.0622550 secs] [Times: user=0.13 sys=0.00, real=0.06 secs] 
2288.386: [GC [PSYoungGen: 321869K->19738K(322688K)] 976414K->680839K(1021760K), 0.0929060 secs] [Times: user=0.14 sys=0.01, real=0.10 secs] 
2288.794: [GC [PSYoungGen: 322650K->13762K(325824K)] 983751K->681666K(1024896K), 0.0638130 secs] [Times: user=0.12 sys=0.00, real=0.06 secs] 
2289.199: [GC [PSYoungGen: 315906K->17164K(325824K)] 983810K->689899K(1024896K), 0.0678370 secs] [Times: user=0.12 sys=0.00, real=0.06 secs] 
2289.636: [GC [PSYoungGen: 319308K->14954K(326720K)] 992043K->694188K(1025792K), 0.0721850 secs] [Times: user=0.13 sys=0.00, real=0.07 secs] 
2290.015: [GC [PSYoungGen: 318634K->21436K(325120K)] 997868K->707593K(1024192K), 0.0499370 secs] [Times: user=0.15 sys=0.00, real=0.05 secs] 
2290.369: [GC [PSYoungGen: 325116K->19795K(325056K)] 1011273K->713427K(1024128K), 0.0508590 secs] [Times: user=0.15 sys=0.00, real=0.05 secs] 
2290.420: [Full GC [PSYoungGen: 19795K->0K(325056K)] [PSOldGen: 693632K->365341K(699072K)] 713427K->365341K(1024128K) [PSPermGen: 91630K->91630K(262144K)], 1.7824330 secs] [Times: user=1.78 sys=0.00, real=1.78 secs] 
2292.698: [GC [PSYoungGen: 301120K->22618K(323776K)] 666461K->387959K(1022848K), 0.0619290 secs] [Times: user=0.13 sys=0.01, real=0.07 secs] 
2293.112: [GC [PSYoungGen: 323738K->17003K(324672K)] 689079K->393402K(1023744K), 0.0537300 secs] [Times: user=0.15 sys=0.00, real=0.05 secs] 
2293.583: [GC [PSYoungGen: 316267K->15833K(324096K)] 692666K->399089K(1023168K), 0.0675050 secs] [Times: user=0.14 sys=0.00, real=0.07 secs] 
2294.004: [GC [PSYoungGen: 315097K->22650K(322688K)] 698353K->411449K(1021760K), 0.0592580 secs] [Times: user=0.15 sys=0.00, real=0.06 secs] 
2294.376: [GC [PSYoungGen: 320826K->14475K(323840K)] 709625K->406483K(1022912K), 0.0504360 secs] [Times: user=0.11 sys=0.00, real=0.05 secs] 
2294.770: [GC [PSYoungGen: 312651K->15183K(324288K)] 704659K->411686K(1023360K), 0.0724290 secs] [Times: user=0.12 sys=0.00, real=0.07 secs] 
2295.236: [GC [PSYoungGen: 313935K->18548K(323968K)] 710438K->422022K(1023040K), 0.0427170 secs] [Times: user=0.14 sys=0.00, real=0.04 secs] 
2295.663: [GC [PSYoungGen: 317300K->16987K(325248K)] 720774K->428303K(1024320K), 0.0581900 secs] [Times: user=0.14 sys=0.01, real=0.06 secs] 
2296.146: [GC [PSYoungGen: 317403K->13360K(324672K)] 728719K->431434K(1023744K), 0.0565040 secs] [Times: user=0.11 sys=0.00, real=0.06 secs] 
2296.531: [GC [PSYoungGen: 313776K->19178K(325184K)] 731850K->444821K(1024256K), 0.0611140 secs] [Times: user=0.15 sys=0.00, real=0.06 secs] 
2296.928: [GC [PSYoungGen: 320042K->19744K(320640K)] 745685K->455104K(1019712K), 0.0789080 secs] [Times: user=0.14 sys=0.00, real=0.08 secs] 
2297.411: [GC [PSYoungGen: 320608K->20441K(324224K)] 755968K->460381K(1023296K), 0.0515920 secs] [Times: user=0.13 sys=0.00, real=0.05 secs] 
2297.770: [GC [PSYoungGen: 320138K->18615K(324608K)] 760078K->466166K(1023680K), 0.0638170 secs] [Times: user=0.14 sys=0.00, real=0.06 secs] 
2298.207: [GC [PSYoungGen: 318327K->16390K(325440K)] 765878K->470592K(1024512K), 0.0665970 secs] [Times: user=0.13 sys=0.00, real=0.07 secs] 
2298.660: [GC [PSYoungGen: 317382K->20572K(325056K)] 771584K->478075K(1024128K), 0.0595150 secs] [Times: user=0.13 sys=0.00, real=0.06 secs] 
2299.090: [GC [PSYoungGen: 321564K->13691K(324800K)] 779067K->478343K(1023872K), 0.0550030 secs] [Times: user=0.11 sys=0.00, real=0.06 secs] 
2299.499: [GC [PSYoungGen: 314039K->14226K(324928K)] 778691K->485323K(1024000K), 0.0530910 secs] [Times: user=0.13 sys=0.00, real=0.06 secs] 
2299.895: [GC [PSYoungGen: 314578K->17545K(325632K)] 785675K->495118K(1024704K), 0.0667260 secs] [Times: user=0.13 sys=0.01, real=0.07 secs] 
2300.243: [GC [PSYoungGen: 318729K->17707K(325056K)] 796302K->503299K(1024128K), 0.0538430 secs] [Times: user=0.15 sys=0.00, real=0.05 secs] 
2300.607: [GC [PSYoungGen: 318891K->12839K(325888K)] 804483K->504699K(1024960K), 0.0423390 secs] [Times: user=0.11 sys=0.01, real=0.04 secs] 
2301.014: [GC [PSYoungGen: 315367K->19766K(322304K)] 807227K->517884K(1021376K), 0.0652120 secs] [Times: user=0.13 sys=0.00, real=0.06 secs] 
2301.431: [GC [PSYoungGen: 322294K->18508K(325760K)] 820412K->525766K(1024832K), 0.0761230 secs] [Times: user=0.16 sys=0.01, real=0.07 secs] 
2301.907: [GC [PSYoungGen: 320332K->19323K(325568K)] 827590K->535344K(1024640K), 0.0649660 secs] [Times: user=0.13 sys=0.01, real=0.07 secs] 
2302.314: [GC [PSYoungGen: 321139K->11644K(324928K)] 837161K->533415K(1024000K), 0.0423140 secs] [Times: user=0.10 sys=0.00, real=0.04 secs] 
2302.694: [GC [PSYoungGen: 312764K->16971K(325312K)] 834535K->542880K(1024384K), 0.0512710 secs] [Times: user=0.12 sys=0.01, real=0.05 secs] 
2303.109: [GC [PSYoungGen: 318091K->16028K(326528K)] 844000K->551965K(1025600K), 0.0561040 secs] [Times: user=0.14 sys=0.00, real=0.06 secs] 
2303.560: [GC [PSYoungGen: 319068K->12632K(326016K)] 855005K->553285K(1025088K), 0.0409380 secs] [Times: user=0.11 sys=0.00, real=0.05 secs] 
2303.989: [GC [PSYoungGen: 315672K->19677K(325376K)] 856325K->565607K(1024448K), 0.0572900 secs] [Times: user=0.13 sys=0.02, real=0.06 secs] 
2304.411: [GC [PSYoungGen: 321949K->18542K(325888K)] 867879K->570783K(1024960K), 0.0573110 secs] [Times: user=0.13 sys=0.00, real=0.05 secs] 
2304.761: [GC [PSYoungGen: 320814K->20403K(324608K)] 873055K->580507K(1023680K), 0.0620680 secs] [Times: user=0.15 sys=0.00, real=0.06 secs] 
2305.276: [GC [PSYoungGen: 321395K->12425K(313472K)] 881499K->580699K(1012544K), 0.0644520 secs] [Times: user=0.12 sys=0.00, real=0.07 secs] 
2305.706: [GC [PSYoungGen: 313417K->18403K(325312K)] 881691K->591215K(1024384K), 0.0385190 secs] [Times: user=0.13 sys=0.00, real=0.04 secs] 
2306.066: [GC [PSYoungGen: 319331K->16945K(325120K)] 892143K->600277K(1024192K), 0.0595490 secs] [Times: user=0.15 sys=0.00, real=0.06 secs] 
2306.528: [GC [PSYoungGen: 317873K->11738K(325504K)] 901205K->602149K(1024576K), 0.0487190 secs] [Times: user=0.12 sys=0.00, real=0.05 secs] 
2306.862: [GC [PSYoungGen: 313754K->16539K(325760K)] 904165K->611045K(1024832K), 0.0543690 secs] [Times: user=0.12 sys=0.00, real=0.05 secs] 
2307.303: [GC [PSYoungGen: 318555K->13963K(326720K)] 913061K->617071K(1025792K), 0.0446090 secs] [Times: user=0.12 sys=0.00, real=0.04 secs] 
2307.691: [GC [PSYoungGen: 317643K->18630K(326464K)] 920751K->628588K(1025536K), 0.0599850 secs] [Times: user=0.14 sys=0.01, real=0.06 secs] 
2308.151: [GC [PSYoungGen: 322310K->19825K(325312K)] 932268K->636803K(1024384K), 0.0883150 secs] [Times: user=0.14 sys=0.00, real=0.09 secs] 
2308.595: [GC [PSYoungGen: 322097K->14026K(325888K)] 939075K->639299K(1024960K), 0.0534110 secs] [Times: user=0.12 sys=0.00, real=0.05 secs] 
2308.978: [GC [PSYoungGen: 316298K->16912K(326592K)] 941571K->649001K(1025664K), 0.0671760 secs] [Times: user=0.14 sys=0.00, real=0.07 secs] 
2309.394: [GC [PSYoungGen: 320080K->19477K(326080K)] 952169K->656871K(1025152K), 0.0588720 secs] [Times: user=0.14 sys=0.00, real=0.06 secs] 
2309.828: [GC [PSYoungGen: 322645K->14457K(326400K)] 960039K->659054K(1025472K), 0.0600380 secs] [Times: user=0.12 sys=0.00, real=0.06 secs] 
2310.335: [GC [PSYoungGen: 317497K->13650K(326144K)] 962094K->662680K(1025216K), 0.0610520 secs] [Times: user=0.11 sys=0.00, real=0.06 secs] 
2310.744: [GC [PSYoungGen: 316690K->19048K(325888K)] 965720K->673815K(1024960K), 0.0564750 secs] [Times: user=0.13 sys=0.00, real=0.05 secs] 
2311.147: [GC [PSYoungGen: 321960K->17527K(326208K)] 976727K->680787K(1025280K), 0.0636510 secs] [Times: user=0.16 sys=0.00, real=0.07 secs] 
2311.625: [GC [PSYoungGen: 320439K->16545K(327104K)] 983699K->685718K(1026176K), 0.0499310 secs] [Times: user=0.12 sys=0.00, real=0.05 secs] 
2312.080: [GC [PSYoungGen: 320673K->17403K(326528K)] 989846K->694258K(1025600K), 0.0565580 secs] [Times: user=0.15 sys=0.00, real=0.06 secs] 
2312.561: [GC [PSYoungGen: 321531K->19482K(326400K)] 998386K->702575K(1025472K), 0.0497600 secs] [Times: user=0.14 sys=0.01, real=0.05 secs] 
2313.025: [GC [PSYoungGen: 323802K->17051K(326912K)] 1006895K->704517K(1025984K), 0.0546630 secs] [Times: user=0.13 sys=0.00, real=0.05 secs] 
2313.391: [GC [PSYoungGen: 321371K->19113K(326848K)] 1008837K->710312K(1025920K), 0.0414440 secs] [Times: user=0.14 sys=0.00, real=0.04 secs] 
2313.432: [Full GC [PSYoungGen: 19113K->0K(326848K)] [PSOldGen: 691199K->326368K(699072K)] 710312K->326368K(1025920K) [PSPermGen: 91645K->91592K(262144K)], 1.8750950 secs] [Times: user=1.87 sys=0.00, real=1.88 secs] 
2315.735: [GC [PSYoungGen: 304831K->22311K(327168K)] 631200K->349390K(1026240K), 0.0358480 secs] [Times: user=0.12 sys=0.00, real=0.03 secs] 
2316.060: [GC [PSYoungGen: 327143K->17113K(324864K)] 654222K->354547K(1023936K), 0.0641760 secs] [Times: user=0.14 sys=0.01, real=0.07 secs] 
2316.477: [GC [PSYoungGen: 319641K->18207K(326016K)] 657075K->359872K(1025088K), 0.0480810 secs] [Times: user=0.12 sys=0.00, real=0.05 secs] 
2316.907: [GC [PSYoungGen: 320730K->16411K(326720K)] 662395K->368165K(1025792K), 0.0637100 secs] [Times: user=0.15 sys=0.00, real=0.06 secs] 
2317.281: [GC [PSYoungGen: 320091K->18412K(326464K)] 671845K->376776K(1025536K), 0.0672690 secs] [Times: user=0.13 sys=0.00, real=0.07 secs] 
2317.751: [GC [PSYoungGen: 322092K->13670K(326464K)] 680456K->375540K(1025536K), 0.0358640 secs] [Times: user=0.10 sys=0.00, real=0.04 secs] 
2318.132: [GC [PSYoungGen: 317606K->14225K(326720K)] 679476K->382305K(1025792K), 0.0520520 secs] [Times: user=0.13 sys=0.00, real=0.06 secs] 
2318.532: [GC [PSYoungGen: 318161K->14646K(326912K)] 686241K->389989K(1025984K), 0.0531520 secs] [Times: user=0.13 sys=0.00, real=0.06 secs] 
2318.913: [GC [PSYoungGen: 318838K->16630K(326784K)] 694181K->397866K(1025856K), 0.0486240 secs] [Times: user=0.12 sys=0.00, real=0.05 secs] 
2319.318: [GC [PSYoungGen: 320822K->17915K(327552K)] 702058K->407076K(1026624K), 0.0662850 secs] [Times: user=0.14 sys=0.00, real=0.07 secs] 
2319.860: [GC [PSYoungGen: 323451K->17655K(327488K)] 712612K->411555K(1026560K), 0.0532370 secs] [Times: user=0.12 sys=0.01, real=0.05 secs] 
2320.275: [GC [PSYoungGen: 323191K->15575K(328000K)] 717091K->414344K(1027072K), 0.0564550 secs] [Times: user=0.13 sys=0.00, real=0.05 secs] 
2320.708: [GC [PSYoungGen: 321879K->20373K(326720K)] 720648K->423463K(1025792K), 0.0749720 secs] [Times: user=0.14 sys=0.01, real=0.07 secs] 
2321.158: [GC [PSYoungGen: 326677K->21257K(325248K)] 729767K->432220K(1024320K), 0.0640000 secs] [Times: user=0.14 sys=0.01, real=0.06 secs] 
2321.623: [GC [PSYoungGen: 324169K->17150K(326208K)] 735132K->435002K(1025280K), 0.0511660 secs] [Times: user=0.12 sys=0.00, real=0.05 secs] 
2322.085: [GC [PSYoungGen: 320062K->14526K(326720K)] 737914K->436897K(1025792K), 0.0438430 secs] [Times: user=0.11 sys=0.00, real=0.04 secs] 
2322.607: [GC [PSYoungGen: 318398K->18239K(326656K)] 740769K->448900K(1025728K), 0.0835220 secs] [Times: user=0.13 sys=0.01, real=0.08 secs] 
2323.036: [GC [PSYoungGen: 322111K->15026K(326976K)] 752772K->453993K(1026048K), 0.0563800 secs] [Times: user=0.13 sys=0.00, real=0.05 secs] 
2323.433: [GC [PSYoungGen: 319346K->18148K(326848K)] 758313K->461930K(1025920K), 0.0657750 secs] [Times: user=0.12 sys=0.00, real=0.07 secs] 
2323.824: [GC [PSYoungGen: 322468K->15001K(327296K)] 766250K->464964K(1026368K), 0.0516040 secs] [Times: user=0.12 sys=0.00, real=0.06 secs] 
2324.260: [GC [PSYoungGen: 319961K->18026K(327168K)] 769924K->474091K(1026240K), 0.0524250 secs] [Times: user=0.12 sys=0.01, real=0.05 secs] 
2324.628: [GC [PSYoungGen: 322986K->16920K(327872K)] 779051K->479644K(1026944K), 0.0541560 secs] [Times: user=0.13 sys=0.00, real=0.05 secs] 
2325.066: [GC [PSYoungGen: 322712K->19369K(327424K)] 785436K->488414K(1026496K), 0.0386670 secs] [Times: user=0.14 sys=0.00, real=0.04 secs] 
2325.486: [GC [PSYoungGen: 325161K->15248K(327616K)] 794206K->489735K(1026688K), 0.0585950 secs] [Times: user=0.13 sys=0.00, real=0.06 secs] 
2325.937: [GC [PSYoungGen: 320848K->20766K(326400K)] 795335K->498294K(1025472K), 0.0511850 secs] [Times: user=0.13 sys=0.00, real=0.05 secs] 
2326.375: [GC [PSYoungGen: 326366K->16663K(327104K)] 803894K->503541K(1026176K), 0.0532900 secs] [Times: user=0.14 sys=0.00, real=0.06 secs] 
2326.759: [GC [PSYoungGen: 320983K->21991K(326336K)] 807861K->514552K(1025408K), 0.0504240 secs] [Times: user=0.15 sys=0.01, real=0.05 secs] 
2327.201: [GC [PSYoungGen: 326311K->18171K(326336K)] 818872K->519081K(1025408K), 0.0653910 secs] [Times: user=0.15 sys=0.00, real=0.07 secs] 
2327.616: [GC [PSYoungGen: 321339K->18039K(326336K)] 822249K->524577K(1025408K), 0.0387830 secs] [Times: user=0.14 sys=0.00, real=0.03 secs] 
2327.946: [GC [PSYoungGen: 321207K->18698K(326976K)] 827745K->535410K(1026048K), 0.0671980 secs] [Times: user=0.14 sys=0.00, real=0.06 secs] 
2328.349: [GC [PSYoungGen: 323018K->19504K(326848K)] 839730K->544768K(1025920K), 0.0663440 secs] [Times: user=0.14 sys=0.00, real=0.07 secs] 
2328.774: [GC [PSYoungGen: 323824K->17169K(327168K)] 849088K->547429K(1026240K), 0.0593220 secs] [Times: user=0.12 sys=0.00, real=0.06 secs] 
2329.148: [GC [PSYoungGen: 321745K->16093K(326912K)] 852005K->552368K(1025984K), 0.0485870 secs] [Times: user=0.12 sys=0.00, real=0.05 secs] 
2329.567: [GC [PSYoungGen: 320669K->17861K(327680K)] 856944K->559623K(1026752K), 0.0658690 secs] [Times: user=0.12 sys=0.00, real=0.06 secs] 
2330.108: [GC [PSYoungGen: 323333K->18022K(327296K)] 865095K->567538K(1026368K), 0.0797000 secs] [Times: user=0.15 sys=0.00, real=0.08 secs] 
2330.476: [GC [PSYoungGen: 323494K->15176K(327872K)] 873010K->570605K(1026944K), 0.0489110 secs] [Times: user=0.11 sys=0.00, real=0.04 secs] 
2330.927: [GC [PSYoungGen: 321544K->20763K(327168K)] 876973K->579358K(1026240K), 0.0418030 secs] [Times: user=0.13 sys=0.00, real=0.04 secs] 
2331.433: [GC [PSYoungGen: 327131K->12164K(326016K)] 885726K->579202K(1025088K), 0.0508510 secs] [Times: user=0.12 sys=0.00, real=0.05 secs] 
2331.917: [GC [PSYoungGen: 315844K->14461K(326592K)] 882882K->583984K(1025664K), 0.0628500 secs] [Times: user=0.11 sys=0.00, real=0.06 secs] 
2332.332: [GC [PSYoungGen: 318141K->16905K(327232K)] 887664K->593347K(1026304K), 0.0528070 secs] [Times: user=0.13 sys=0.00, real=0.05 secs] 
2332.745: [GC [PSYoungGen: 321289K->18922K(326656K)] 897731K->602140K(1025728K), 0.0594200 secs] [Times: user=0.13 sys=0.00, real=0.06 secs] 
2333.131: [GC [PSYoungGen: 323306K->15255K(327232K)] 906524K->605055K(1026304K), 0.0473250 secs] [Times: user=0.13 sys=0.01, real=0.05 secs] 
2333.502: [GC [PSYoungGen: 320023K->19504K(324288K)] 909823K->611705K(1023360K), 0.0522820 secs] [Times: user=0.13 sys=0.00, real=0.05 secs] 
2333.908: [GC [PSYoungGen: 324272K->21153K(325056K)] 916473K->623205K(1024128K), 0.0635960 secs] [Times: user=0.17 sys=0.00, real=0.06 secs] 
2334.334: [GC [PSYoungGen: 323553K->12844K(315264K)] 925605K->623139K(1014336K), 0.0477530 secs] [Times: user=0.13 sys=0.00, real=0.05 secs] 
2334.738: [GC [PSYoungGen: 315244K->18625K(325824K)] 925539K->633907K(1024896K), 0.0481130 secs] [Times: user=0.14 sys=0.00, real=0.05 secs] 
2335.186: [GC [PSYoungGen: 320641K->10911K(312960K)] 935922K->634312K(1012032K), 0.0512820 secs] [Times: user=0.11 sys=0.00, real=0.06 secs] 
2335.586: [GC [PSYoungGen: 312927K->18450K(325440K)] 936328K->646492K(1024512K), 0.0505210 secs] [Times: user=0.12 sys=0.00, real=0.05 secs] 
2336.021: [GC [PSYoungGen: 319762K->18867K(325376K)] 947804K->655143K(1024448K), 0.0810470 secs] [Times: user=0.14 sys=0.01, real=0.08 secs] 
2336.387: [GC [PSYoungGen: 320179K->17873K(325824K)] 956455K->660922K(1024896K), 0.0386140 secs] [Times: user=0.14 sys=0.00, real=0.03 secs] 
2336.759: [GC [PSYoungGen: 319633K->18290K(325440K)] 962682K->667740K(1024512K), 0.0768820 secs] [Times: user=0.13 sys=0.00, real=0.07 secs] 
2337.182: [GC [PSYoungGen: 320050K->16777K(326592K)] 969500K->672571K(1025664K), 0.0626640 secs] [Times: user=0.13 sys=0.00, real=0.06 secs] 
2337.614: [GC [PSYoungGen: 319945K->17808K(326080K)] 975739K->679162K(1025152K), 0.0497420 secs] [Times: user=0.13 sys=0.00, real=0.05 secs] 
2337.977: [GC [PSYoungGen: 320976K->16932K(327424K)] 982330K->684876K(1026496K), 0.0729030 secs] [Times: user=0.13 sys=0.00, real=0.07 secs] 
2338.358: [GC [PSYoungGen: 321764K->17921K(326912K)] 989708K->690695K(1025984K), 0.0460580 secs] [Times: user=0.13 sys=0.00, real=0.04 secs] 
2338.785: [GC [PSYoungGen: 322753K->13685K(327360K)] 995527K->692717K(1026432K), 0.0431170 secs] [Times: user=0.12 sys=0.00, real=0.05 secs] 
2339.190: [GC [PSYoungGen: 319157K->17220K(327488K)] 998189K->701283K(1026560K), 0.0458300 secs] [Times: user=0.12 sys=0.00, real=0.04 secs] 
2339.582: [GC [PSYoungGen: 322692K->14744K(327936K)] 1006755K->706919K(1027008K), 0.0515090 secs] [Times: user=0.14 sys=0.00, real=0.05 secs] 
2339.634: [Full GC [PSYoungGen: 14744K->0K(327936K)] [PSOldGen: 692174K->365521K(699072K)] 706919K->365521K(1027008K) [PSPermGen: 91599K->91599K(262144K)], 1.7574910 secs] [Times: user=1.75 sys=0.01, real=1.76 secs] 
2341.873: [GC [PSYoungGen: 306304K->21542K(327872K)] 671825K->389231K(1026944K), 0.0617420 secs] [Times: user=0.12 sys=0.00, real=0.06 secs] 
2342.228: [GC [PSYoungGen: 327846K->20575K(322752K)] 695535K->395642K(1021824K), 0.0616140 secs] [Times: user=0.14 sys=0.00, real=0.06 secs] 
2342.620: [GC [PSYoungGen: 321695K->21395K(322560K)] 696762K->402932K(1021632K), 0.0906000 secs] [Times: user=0.15 sys=0.00, real=0.09 secs] 
2343.132: [GC [PSYoungGen: 322507K->19167K(324928K)] 704044K->406740K(1024000K), 0.0543450 secs] [Times: user=0.13 sys=0.01, real=0.05 secs] 
2343.489: [GC [PSYoungGen: 319199K->19725K(324608K)] 706772K->412252K(1023680K), 0.0576160 secs] [Times: user=0.13 sys=0.00, real=0.05 secs] 
2343.895: [GC [PSYoungGen: 319757K->14687K(324992K)] 712284K->413906K(1024064K), 0.0575880 secs] [Times: user=0.12 sys=0.00, real=0.06 secs] 
2344.327: [GC [PSYoungGen: 315167K->19124K(324992K)] 714386K->424351K(1024064K), 0.0537490 secs] [Times: user=0.14 sys=0.02, real=0.06 secs] 
2344.722: [GC [PSYoungGen: 319604K->17889K(325760K)] 724831K->431071K(1024832K), 0.0623700 secs] [Times: user=0.13 sys=0.00, real=0.06 secs] 
2345.115: [GC [PSYoungGen: 319329K->15423K(325184K)] 732511K->434591K(1024256K), 0.0634710 secs] [Times: user=0.12 sys=0.00, real=0.07 secs] 
2345.553: [GC [PSYoungGen: 316863K->18906K(326080K)] 736031K->442144K(1025152K), 0.0862040 secs] [Times: user=0.13 sys=0.00, real=0.09 secs] 
2346.058: [GC [PSYoungGen: 321370K->14174K(325888K)] 744608K->443259K(1024960K), 0.0620240 secs] [Times: user=0.12 sys=0.01, real=0.07 secs] 
2346.499: [GC [PSYoungGen: 316636K->19582K(325696K)] 745721K->453608K(1024768K), 0.0482830 secs] [Times: user=0.13 sys=0.00, real=0.04 secs] 
2346.976: [GC [PSYoungGen: 321726K->20527K(322688K)] 755752K->464353K(1021760K), 0.0953110 secs] [Times: user=0.15 sys=0.00, real=0.10 secs] 
2347.361: [GC [PSYoungGen: 322671K->18291K(325888K)] 766497K->469178K(1024960K), 0.0985930 secs] [Times: user=0.13 sys=0.02, real=0.10 secs] 
2347.864: [GC [PSYoungGen: 320051K->17045K(325376K)] 770938K->473309K(1024448K), 0.0400730 secs] [Times: user=0.12 sys=0.00, real=0.04 secs] 
2348.237: [GC [PSYoungGen: 318805K->20045K(325760K)] 775069K->480680K(1024832K), 0.0796680 secs] [Times: user=0.14 sys=0.00, real=0.08 secs] 
2348.644: [GC [PSYoungGen: 322573K->16451K(326016K)] 783208K->484228K(1025088K), 0.0517940 secs] [Times: user=0.15 sys=0.00, real=0.05 secs] 
2349.044: [GC [PSYoungGen: 318979K->17756K(326720K)] 786756K->491344K(1025792K), 0.0382350 secs] [Times: user=0.13 sys=0.00, real=0.04 secs] 
2349.406: [GC [PSYoungGen: 321244K->17411K(326272K)] 794832K->497606K(1025344K), 0.0547890 secs] [Times: user=0.12 sys=0.00, real=0.06 secs] 
2349.773: [GC [PSYoungGen: 320899K->15558K(327168K)] 801094K->503232K(1026240K), 0.0433500 secs] [Times: user=0.12 sys=0.01, real=0.04 secs] 
2350.221: [GC [PSYoungGen: 320326K->17330K(327104K)] 808000K->510911K(1026176K), 0.0924650 secs] [Times: user=0.11 sys=0.01, real=0.09 secs] 
2350.602: [GC [PSYoungGen: 322098K->18969K(327424K)] 815679K->518055K(1026496K), 0.0666360 secs] [Times: user=0.13 sys=0.01, real=0.07 secs] 
2351.015: [GC [PSYoungGen: 324441K->17650K(327488K)] 823527K->524381K(1026560K), 0.0854660 secs] [Times: user=0.21 sys=0.00, real=0.09 secs] 
2351.435: [GC [PSYoungGen: 323122K->14913K(327744K)] 829853K->529387K(1026816K), 0.0685680 secs] [Times: user=0.13 sys=0.00, real=0.07 secs] 
2351.881: [GC [PSYoungGen: 321025K->18372K(327808K)] 835499K->537701K(1026880K), 0.0674000 secs] [Times: user=0.12 sys=0.00, real=0.07 secs] 
2352.350: [GC [PSYoungGen: 324484K->19885K(326976K)] 843813K->546406K(1026048K), 0.0500280 secs] [Times: user=0.14 sys=0.00, real=0.05 secs] 
2352.738: [GC [PSYoungGen: 325229K->17280K(327424K)] 851750K->550277K(1026496K), 0.0730970 secs] [Times: user=0.13 sys=0.00, real=0.08 secs] 
2353.118: [GC [PSYoungGen: 322624K->18395K(327936K)] 855621K->555077K(1027008K), 0.0531360 secs] [Times: user=0.12 sys=0.01, real=0.06 secs] 
2353.547: [GC [PSYoungGen: 324571K->15868K(327744K)] 861253K->561374K(1026816K), 0.0478300 secs] [Times: user=0.14 sys=0.00, real=0.05 secs] 
2354.000: [GC [PSYoungGen: 322044K->16599K(328192K)] 867550K->570693K(1027264K), 0.1361190 secs] [Times: user=0.14 sys=0.00, real=0.13 secs] 
2354.503: [GC [PSYoungGen: 323223K->16633K(327936K)] 877317K->574652K(1027008K), 0.0502780 secs] [Times: user=0.11 sys=0.00, real=0.05 secs] 
2354.914: [GC [PSYoungGen: 323257K->17089K(328704K)] 881276K->582614K(1027776K), 0.0504900 secs] [Times: user=0.13 sys=0.01, real=0.05 secs] 
2355.258: [GC [PSYoungGen: 324673K->20789K(328384K)] 890198K->594392K(1027456K), 0.0528280 secs] [Times: user=0.14 sys=0.01, real=0.06 secs] 
2355.773: [GC [PSYoungGen: 328373K->15639K(321472K)] 901976K->596811K(1020544K), 0.0519820 secs] [Times: user=0.14 sys=0.00, real=0.05 secs] 
2356.153: [GC [PSYoungGen: 315991K->19324K(324928K)] 897163K->605646K(1024000K), 0.0803910 secs] [Times: user=0.13 sys=0.01, real=0.08 secs] 
2356.580: [GC [PSYoungGen: 319676K->15056K(325184K)] 905998K->607775K(1024256K), 0.0693370 secs] [Times: user=0.13 sys=0.00, real=0.07 secs] 
2356.984: [GC [PSYoungGen: 315920K->19142K(325184K)] 908639K->617180K(1024256K), 0.0401250 secs] [Times: user=0.13 sys=0.00, real=0.04 secs] 
2357.476: [GC [PSYoungGen: 320006K->15928K(325632K)] 918044K->619440K(1024704K), 0.0768500 secs] [Times: user=0.11 sys=0.00, real=0.08 secs] 
2357.864: [GC [PSYoungGen: 317432K->19599K(325376K)] 920944K->630172K(1024448K), 0.0604260 secs] [Times: user=0.14 sys=0.01, real=0.06 secs] 
2358.275: [GC [PSYoungGen: 321103K->17339K(326016K)] 931676K->635279K(1025088K), 0.1251910 secs] [Times: user=0.13 sys=0.01, real=0.13 secs] 
2358.806: [GC [PSYoungGen: 319419K->19800K(325568K)] 937359K->643175K(1024640K), 0.0833890 secs] [Times: user=0.13 sys=0.00, real=0.08 secs] 
2359.266: [GC [PSYoungGen: 321880K->15305K(325952K)] 945255K->645728K(1025024K), 0.0598010 secs] [Times: user=0.13 sys=0.00, real=0.06 secs] 
2359.651: [GC [PSYoungGen: 317705K->17514K(325952K)] 948128K->653237K(1025024K), 0.0489730 secs] [Times: user=0.12 sys=0.00, real=0.05 secs] 
2360.051: [GC [PSYoungGen: 319914K->15109K(326528K)] 955637K->657802K(1025600K), 0.0612110 secs] [Times: user=0.13 sys=0.01, real=0.06 secs] 
2360.428: [GC [PSYoungGen: 318597K->15449K(326464K)] 961290K->664675K(1025536K), 0.0532550 secs] [Times: user=0.12 sys=0.00, real=0.06 secs] 
2360.826: [GC [PSYoungGen: 318937K->18288K(326912K)] 968163K->674150K(1025984K), 0.0589940 secs] [Times: user=0.14 sys=0.00, real=0.06 secs] 
2361.183: [GC [PSYoungGen: 322352K->19107K(326656K)] 978214K->683241K(1025728K), 0.0687520 secs] [Times: user=0.15 sys=0.01, real=0.07 secs] 
2361.692: [GC [PSYoungGen: 323171K->17406K(327232K)] 987305K->689803K(1026304K), 0.0763140 secs] [Times: user=0.16 sys=0.00, real=0.07 secs] 
2362.138: [GC [PSYoungGen: 321918K->17896K(326784K)] 994315K->697196K(1025856K), 0.0412140 secs] [Times: user=0.14 sys=0.00, real=0.04 secs] 
2362.561: [GC [PSYoungGen: 322408K->17184K(327936K)] 1001708K->705693K(1027008K), 0.0564050 secs] [Times: user=0.14 sys=0.00, real=0.05 secs] 
2362.983: [GC [PSYoungGen: 323232K->15561K(327616K)] 1011741K->711456K(1026688K), 0.0662950 secs] [Times: user=0.13 sys=0.00, real=0.06 secs] 
2363.050: [Full GC [PSYoungGen: 15561K->0K(327616K)] [PSOldGen: 695895K->360772K(699072K)] 711456K->360772K(1026688K) [PSPermGen: 91616K->91616K(262144K)], 1.8327150 secs] [Times: user=1.82 sys=0.01, real=1.84 secs] 
2365.223: [GC [PSYoungGen: 306048K->21463K(325824K)] 666820K->382236K(1024896K), 0.0505850 secs] [Times: user=0.11 sys=0.00, real=0.05 secs] 
2365.555: [GC [PSYoungGen: 325783K->16330K(326912K)] 686556K->386929K(1025984K), 0.0487420 secs] [Times: user=0.14 sys=0.00, real=0.05 secs] 
2365.928: [GC [PSYoungGen: 320650K->16312K(327360K)] 691249K->393957K(1026432K), 0.0630250 secs] [Times: user=0.13 sys=0.00, real=0.07 secs] 
2366.378: [GC [PSYoungGen: 321272K->15723K(327104K)] 698917K->399188K(1026176K), 0.0740160 secs] [Times: user=0.12 sys=0.00, real=0.08 secs] 
2366.759: [GC [PSYoungGen: 320683K->19570K(326784K)] 704148K->409426K(1025856K), 0.0487880 secs] [Times: user=0.16 sys=0.00, real=0.05 secs] 
2367.209: [GC [PSYoungGen: 324402K->16803K(327168K)] 714258K->413846K(1026240K), 0.0460020 secs] [Times: user=0.12 sys=0.00, real=0.05 secs] 
2367.599: [GC [PSYoungGen: 321635K->19169K(327232K)] 718678K->424897K(1026304K), 0.0604060 secs] [Times: user=0.15 sys=0.00, real=0.06 secs] 
2368.052: [GC [PSYoungGen: 324385K->20064K(325312K)] 730113K->431982K(1024384K), 0.0612930 secs] [Times: user=0.14 sys=0.00, real=0.06 secs] 
2368.432: [GC [PSYoungGen: 325280K->16976K(327232K)] 737198K->436870K(1026304K), 0.0437880 secs] [Times: user=0.13 sys=0.01, real=0.04 secs] 
2368.813: [GC [PSYoungGen: 321616K->18013K(326912K)] 741510K->441831K(1025984K), 0.0493110 secs] [Times: user=0.12 sys=0.00, real=0.05 secs] 
2369.282: [GC [PSYoungGen: 322653K->17284K(327872K)] 746471K->444920K(1026944K), 0.0426290 secs] [Times: user=0.11 sys=0.01, real=0.04 secs] 
2369.768: [GC [PSYoungGen: 323204K->19697K(327552K)] 750840K->454664K(1026624K), 0.0531150 secs] [Times: user=0.14 sys=0.00, real=0.06 secs] 
2370.137: [GC [PSYoungGen: 325617K->16637K(327744K)] 760584K->457982K(1026816K), 0.0379560 secs] [Times: user=0.13 sys=0.00, real=0.04 secs] 
2370.558: [GC [PSYoungGen: 322429K->15912K(327552K)] 763774K->462027K(1026624K), 0.0497860 secs] [Times: user=0.12 sys=0.00, real=0.05 secs] 
2370.992: [GC [PSYoungGen: 321704K->17848K(328128K)] 767819K->469750K(1027200K), 0.0540140 secs] [Times: user=0.13 sys=0.00, real=0.05 secs] 
2371.371: [GC [PSYoungGen: 324280K->15070K(327808K)] 776182K->471503K(1026880K), 0.0417260 secs] [Times: user=0.11 sys=0.00, real=0.04 secs] 
2371.840: [GC [PSYoungGen: 321502K->19304K(327424K)] 777935K->484948K(1026496K), 0.0825590 secs] [Times: user=0.15 sys=0.00, real=0.09 secs] 
2372.337: [GC [PSYoungGen: 325288K->14798K(320832K)] 790932K->488062K(1019904K), 0.0616120 secs] [Times: user=0.13 sys=0.00, real=0.06 secs] 
2372.759: [GC [PSYoungGen: 320782K->17285K(328128K)] 794046K->494477K(1027200K), 0.0518700 secs] [Times: user=0.12 sys=0.00, real=0.05 secs] 
2373.214: [GC [PSYoungGen: 323589K->16260K(327680K)] 800781K->500313K(1026752K), 0.0534870 secs] [Times: user=0.12 sys=0.01, real=0.05 secs] 
2373.707: [GC [PSYoungGen: 322564K->15791K(328512K)] 806617K->504183K(1027584K), 0.0574530 secs] [Times: user=0.11 sys=0.00, real=0.06 secs] 
2374.095: [GC [PSYoungGen: 323183K->15230K(328384K)] 811575K->509369K(1027456K), 0.0476900 secs] [Times: user=0.13 sys=0.00, real=0.05 secs] 
2374.538: [GC [PSYoungGen: 322620K->20922K(319744K)] 816759K->524076K(1018816K), 0.0586760 secs] [Times: user=0.15 sys=0.00, real=0.06 secs] 
2374.977: [GC [PSYoungGen: 319738K->15221K(324160K)] 822892K->526784K(1023232K), 0.0460550 secs] [Times: user=0.13 sys=0.00, real=0.05 secs] 
2375.327: [GC [PSYoungGen: 314037K->16825K(324928K)] 825600K->532038K(1024000K), 0.0411350 secs] [Times: user=0.11 sys=0.00, real=0.04 secs] 
2375.756: [GC [PSYoungGen: 316601K->17062K(324352K)] 831814K->538333K(1023424K), 0.0713610 secs] [Times: user=0.16 sys=0.00, real=0.07 secs] 
2376.111: [GC [PSYoungGen: 316838K->19046K(325568K)] 838109K->547842K(1024640K), 0.0671000 secs] [Times: user=0.14 sys=0.00, real=0.07 secs] 
2376.626: [GC [PSYoungGen: 320550K->17607K(325440K)] 849346K->553786K(1024512K), 0.0702590 secs] [Times: user=0.13 sys=0.00, real=0.07 secs] 
2377.060: [GC [PSYoungGen: 319111K->15853K(326400K)] 855290K->560120K(1025472K), 0.0506930 secs] [Times: user=0.15 sys=0.00, real=0.05 secs] 
2377.409: [GC [PSYoungGen: 318893K->14699K(326144K)] 863160K->563153K(1025216K), 0.0399380 secs] [Times: user=0.11 sys=0.00, real=0.04 secs] 
2377.819: [GC [PSYoungGen: 317739K->16533K(326848K)] 866193K->569949K(1025920K), 0.0492460 secs] [Times: user=0.14 sys=0.00, real=0.05 secs] 
2378.215: [GC [PSYoungGen: 320277K->14918K(326400K)] 873693K->575037K(1025472K), 0.0803450 secs] [Times: user=0.11 sys=0.00, real=0.08 secs] 
2378.648: [GC [PSYoungGen: 318662K->18555K(326976K)] 878781K->585505K(1026048K), 0.0406230 secs] [Times: user=0.13 sys=0.00, real=0.04 secs] 
2379.096: [GC [PSYoungGen: 323003K->18966K(323456K)] 889953K->594719K(1022528K), 0.0489990 secs] [Times: user=0.15 sys=0.00, real=0.05 secs] 
2379.525: [GC [PSYoungGen: 323414K->14950K(326976K)] 899167K->597368K(1026048K), 0.0657160 secs] [Times: user=0.11 sys=0.00, real=0.06 secs] 
2379.897: [GC [PSYoungGen: 319270K->14347K(326848K)] 901688K->601699K(1025920K), 0.0488680 secs] [Times: user=0.13 sys=0.00, real=0.05 secs] 
2380.314: [GC [PSYoungGen: 318667K->16748K(327552K)] 906019K->610567K(1026624K), 0.0540010 secs] [Times: user=0.12 sys=0.00, real=0.05 secs] 
2380.687: [GC [PSYoungGen: 321836K->15032K(327040K)] 915655K->616937K(1026112K), 0.0613320 secs] [Times: user=0.13 sys=0.00, real=0.06 secs] 
2381.026: [GC [PSYoungGen: 320120K->18740K(327168K)] 922025K->627064K(1026240K), 0.0514950 secs] [Times: user=0.14 sys=0.00, real=0.05 secs] 
2381.535: [GC [PSYoungGen: 324212K->15458K(327488K)] 932536K->629293K(1026560K), 0.0473380 secs] [Times: user=0.12 sys=0.00, real=0.04 secs] 
2381.863: [GC [PSYoungGen: 320930K->13545K(327680K)] 934765K->633364K(1026752K), 0.0448130 secs] [Times: user=0.11 sys=0.00, real=0.04 secs] 
2382.242: [GC [PSYoungGen: 319529K->18850K(324864K)] 939348K->645272K(1023936K), 0.0573030 secs] [Times: user=0.13 sys=0.01, real=0.06 secs] 
2382.636: [GC [PSYoungGen: 324834K->16102K(327808K)] 951256K->649998K(1026880K), 0.1098250 secs] [Times: user=0.17 sys=0.00, real=0.11 secs] 
2383.144: [GC [PSYoungGen: 321766K->15878K(327360K)] 955662K->656090K(1026432K), 0.0501820 secs] [Times: user=0.13 sys=0.00, real=0.05 secs] 
2383.585: [GC [PSYoungGen: 321542K->14014K(328256K)] 961754K->660667K(1027328K), 0.0459590 secs] [Times: user=0.13 sys=0.00, real=0.04 secs] 
2384.060: [GC [PSYoungGen: 320958K->17566K(328192K)] 967611K->668864K(1027264K), 0.0922790 secs] [Times: user=0.13 sys=0.00, real=0.09 secs] 
2384.481: [GC [PSYoungGen: 324510K->19040K(327232K)] 975808K->675714K(1026304K), 0.0626170 secs] [Times: user=0.13 sys=0.01, real=0.07 secs] 
2384.907: [GC [PSYoungGen: 325024K->18543K(324544K)] 981698K->685656K(1023616K), 0.0539420 secs] [Times: user=0.15 sys=0.00, real=0.05 secs] 
2385.332: [GC [PSYoungGen: 324527K->17644K(327808K)] 991640K->690954K(1026880K), 0.0488220 secs] [Times: user=0.14 sys=0.00, real=0.05 secs] 
2385.744: [GC [PSYoungGen: 323500K->21628K(327488K)] 996810K->701823K(1026560K), 0.0668240 secs] [Times: user=0.15 sys=0.00, real=0.06 secs] 
2386.183: [GC [PSYoungGen: 327484K->14441K(325696K)] 1007679K->700327K(1024768K), 0.0482560 secs] [Times: user=0.12 sys=0.00, real=0.05 secs] 
2386.567: [GC [PSYoungGen: 318121K->19032K(322752K)] 1004007K->711749K(1021824K), 0.0594790 secs] [Times: user=0.14 sys=0.00, real=0.06 secs] 
2386.627: [Full GC [PSYoungGen: 19032K->0K(322752K)] [PSOldGen: 692717K->368733K(699072K)] 711749K->368733K(1021824K) [PSPermGen: 91629K->91629K(262144K)], 1.8188510 secs] [Times: user=1.82 sys=0.00, real=1.82 secs] 
2388.774: [GC [PSYoungGen: 303680K->17984K(326784K)] 672413K->386718K(1025856K), 0.0589830 secs] [Times: user=0.11 sys=0.00, real=0.05 secs] 
2389.199: [GC [PSYoungGen: 321728K->17991K(326464K)] 690462K->395772K(1025536K), 0.0667880 secs] [Times: user=0.13 sys=0.01, real=0.07 secs] 
2389.590: [GC [PSYoungGen: 321735K->16029K(327296K)] 699516K->399521K(1026368K), 0.0531770 secs] [Times: user=0.12 sys=0.01, real=0.05 secs] 
2390.030: [GC [PSYoungGen: 320852K->17633K(327040K)] 704344K->405890K(1026112K), 0.0457460 secs] [Times: user=0.12 sys=0.00, real=0.05 secs] 
2390.498: [GC [PSYoungGen: 322465K->18256K(327808K)] 710722K->413233K(1026880K), 0.0723660 secs] [Times: user=0.14 sys=0.01, real=0.07 secs] 
2390.885: [GC [PSYoungGen: 324239K->14003K(320000K)] 719216K->414562K(1019072K), 0.0402330 secs] [Times: user=0.12 sys=0.00, real=0.04 secs] 
2391.307: [GC [PSYoungGen: 319987K->14055K(327616K)] 720546K->420787K(1026688K), 0.0497160 secs] [Times: user=0.12 sys=0.00, real=0.05 secs] 
2391.679: [GC [PSYoungGen: 319783K->18069K(327616K)] 726515K->431616K(1026688K), 0.0508380 secs] [Times: user=0.13 sys=0.00, real=0.05 secs] 
2392.043: [GC [PSYoungGen: 323797K->18353K(327488K)] 737344K->440381K(1026560K), 0.0528340 secs] [Times: user=0.13 sys=0.00, real=0.06 secs] 
2392.487: [GC [PSYoungGen: 323953K->20290K(325952K)] 745981K->450485K(1025024K), 0.0601240 secs] [Times: user=0.16 sys=0.01, real=0.06 secs] 
2392.944: [GC [PSYoungGen: 325890K->18706K(326912K)] 756085K->457181K(1025984K), 0.0708620 secs] [Times: user=0.14 sys=0.00, real=0.08 secs] 
2393.367: [GC [PSYoungGen: 322962K->18401K(326848K)] 761437K->460145K(1025920K), 0.0557920 secs] [Times: user=0.12 sys=0.00, real=0.05 secs] 
2393.788: [GC [PSYoungGen: 322657K->15555K(327232K)] 764401K->464634K(1026304K), 0.0474150 secs] [Times: user=0.13 sys=0.00, real=0.05 secs] 
2394.198: [GC [PSYoungGen: 320387K->19192K(324032K)] 769466K->474334K(1023104K), 0.0674370 secs] [Times: user=0.14 sys=0.00, real=0.07 secs] 
2394.653: [GC [PSYoungGen: 324024K->15057K(327104K)] 779166K->477308K(1026176K), 0.0521590 secs] [Times: user=0.12 sys=0.00, real=0.05 secs] 
2395.095: [GC [PSYoungGen: 319697K->18519K(327040K)] 781948K->486125K(1026112K), 0.0520630 secs] [Times: user=0.12 sys=0.00, real=0.06 secs] 
2395.544: [GC [PSYoungGen: 323159K->17614K(327552K)] 790765K->493380K(1026624K), 0.0957980 secs] [Times: user=0.14 sys=0.00, real=0.10 secs] 
2395.922: [GC [PSYoungGen: 322830K->20217K(325440K)] 798596K->502361K(1024512K), 0.0571300 secs] [Times: user=0.14 sys=0.00, real=0.06 secs] 
2396.375: [GC [PSYoungGen: 325433K->15788K(327168K)] 807577K->506513K(1026240K), 0.0700960 secs] [Times: user=0.13 sys=0.00, real=0.07 secs] 
2396.737: [GC [PSYoungGen: 320428K->16217K(326976K)] 811153K->513913K(1026048K), 0.0534660 secs] [Times: user=0.13 sys=0.00, real=0.05 secs] 
2397.130: [GC [PSYoungGen: 320857K->19898K(326400K)] 818553K->523873K(1025472K), 0.0527110 secs] [Times: user=0.13 sys=0.00, real=0.05 secs] 
2397.596: [GC [PSYoungGen: 324218K->14934K(326912K)] 828193K->529081K(1025984K), 0.0528860 secs] [Times: user=0.12 sys=0.01, real=0.05 secs] 
2398.108: [GC [PSYoungGen: 319254K->17110K(327424K)] 833401K->536932K(1026496K), 0.0410410 secs] [Times: user=0.13 sys=0.00, real=0.04 secs] 
2398.573: [GC [PSYoungGen: 322006K->15109K(326976K)] 841828K->541084K(1026048K), 0.0739510 secs] [Times: user=0.12 sys=0.01, real=0.08 secs] 
2399.048: [GC [PSYoungGen: 320005K->15048K(327616K)] 845980K->548650K(1026688K), 0.0519760 secs] [Times: user=0.12 sys=0.00, real=0.05 secs] 
2399.442: [GC [PSYoungGen: 320648K->15888K(327488K)] 854250K->556844K(1026560K), 0.0716770 secs] [Times: user=0.12 sys=0.00, real=0.07 secs] 
2399.867: [GC [PSYoungGen: 321488K->16283K(328320K)] 862444K->563626K(1027392K), 0.0730350 secs] [Times: user=0.12 sys=0.00, real=0.07 secs] 
2400.280: [GC [PSYoungGen: 323031K->13569K(327936K)] 870374K->566218K(1027008K), 0.0403890 secs] [Times: user=0.11 sys=0.00, real=0.04 secs] 
2400.641: [GC [PSYoungGen: 320321K->17097K(328448K)] 872970K->577027K(1027520K), 0.0598110 secs] [Times: user=0.13 sys=0.00, real=0.06 secs] 
2401.150: [GC [PSYoungGen: 324297K->18125K(328256K)] 884227K->585678K(1027328K), 0.0505670 secs] [Times: user=0.14 sys=0.00, real=0.05 secs] 
2401.540: [GC [PSYoungGen: 325325K->21175K(321920K)] 892878K->594162K(1020992K), 0.0751010 secs] [Times: user=0.14 sys=0.00, real=0.08 secs] 
2401.926: [GC [PSYoungGen: 321911K->17121K(325120K)] 894898K->599658K(1024192K), 0.0618560 secs] [Times: user=0.16 sys=0.00, real=0.07 secs] 
2402.341: [GC [PSYoungGen: 317857K->13417K(325440K)] 900394K->600634K(1024512K), 0.0447300 secs] [Times: user=0.11 sys=0.00, real=0.04 secs] 
2402.742: [GC [PSYoungGen: 315049K->16901K(325568K)] 902266K->608342K(1024640K), 0.0517670 secs] [Times: user=0.12 sys=0.00, real=0.05 secs] 
2403.120: [GC [PSYoungGen: 318533K->14917K(326400K)] 909974K->613338K(1025472K), 0.0616920 secs] [Times: user=0.11 sys=0.01, real=0.06 secs] 
2403.544: [GC [PSYoungGen: 318021K->15425K(326208K)] 916442K->619927K(1025280K), 0.0728080 secs] [Times: user=0.12 sys=0.00, real=0.08 secs] 
2403.942: [GC [PSYoungGen: 318529K->19197K(326144K)] 923031K->631375K(1025216K), 0.1008010 secs] [Times: user=0.18 sys=0.00, real=0.10 secs] 
2404.479: [GC [PSYoungGen: 322614K->17305K(326464K)] 934792K->638407K(1025536K), 0.0789030 secs] [Times: user=0.13 sys=0.00, real=0.08 secs] 
2404.975: [GC [PSYoungGen: 320729K->15655K(327296K)] 941831K->642178K(1026368K), 0.1206710 secs] [Times: user=0.12 sys=0.00, real=0.12 secs] 
2405.372: [GC [PSYoungGen: 320423K->16982K(326976K)] 946946K->648819K(1026048K), 0.0468130 secs] [Times: user=0.12 sys=0.00, real=0.05 secs] 
2405.759: [GC [PSYoungGen: 321750K->20345K(326144K)] 953587K->660000K(1025216K), 0.0674900 secs] [Times: user=0.14 sys=0.01, real=0.06 secs] 
2406.298: [GC [PSYoungGen: 324793K->15515K(326976K)] 964448K->661359K(1026048K), 0.0959080 secs] [Times: user=0.12 sys=0.00, real=0.09 secs] 
2406.784: [GC [PSYoungGen: 319963K->17553K(327552K)] 965807K->667030K(1026624K), 0.0525860 secs] [Times: user=0.12 sys=0.00, real=0.05 secs] 
2407.159: [GC [PSYoungGen: 322833K->19251K(327232K)] 972310K->675176K(1026304K), 0.0611380 secs] [Times: user=0.16 sys=0.00, real=0.06 secs] 
2407.559: [GC [PSYoungGen: 324531K->11008K(326080K)] 980456K->675437K(1025152K), 0.0407160 secs] [Times: user=0.11 sys=0.01, real=0.04 secs] 
2407.926: [GC [PSYoungGen: 314816K->15853K(326656K)] 979245K->685718K(1025728K), 0.0493160 secs] [Times: user=0.13 sys=0.00, real=0.05 secs] 
2408.364: [GC [PSYoungGen: 319661K->19060K(326464K)] 989526K->699604K(1025536K), 0.0625410 secs] [Times: user=0.15 sys=0.00, real=0.06 secs] 
2408.923: [GC [PSYoungGen: 323124K->21168K(325248K)] 1003668K->708352K(1024320K), 0.0587690 secs] [Times: user=0.15 sys=0.00, real=0.06 secs] 
2409.366: [GC [PSYoungGen: 325232K->15313K(326080K)] 1012416K->710422K(1025152K), 0.0630660 secs] [Times: user=0.13 sys=0.01, real=0.07 secs] 
2409.430: [Full GC [PSYoungGen: 15313K->0K(326080K)] [PSOldGen: 695108K->335379K(699072K)] 710422K->335379K(1025152K) [PSPermGen: 91643K->91586K(262144K)], 1.8747470 secs] [Times: user=1.88 sys=0.00, real=1.87 secs] 
2411.681: [GC [PSYoungGen: 302336K->22625K(324992K)] 637715K->358004K(1024064K), 0.0479880 secs] [Times: user=0.12 sys=0.00, real=0.05 secs] 
2412.065: [GC [PSYoungGen: 324961K->16818K(325248K)] 660340K->363615K(1024320K), 0.0715040 secs] [Times: user=0.15 sys=0.01, real=0.07 secs] 
2412.496: [GC [PSYoungGen: 317554K->18006K(324992K)] 664351K->369578K(1024064K), 0.0489520 secs] [Times: user=0.13 sys=0.00, real=0.05 secs] 
2412.962: [GC [PSYoungGen: 318735K->16295K(326144K)] 670308K->372820K(1025216K), 0.0544810 secs] [Times: user=0.12 sys=0.00, real=0.05 secs] 
2413.360: [GC [PSYoungGen: 318695K->19231K(325760K)] 675220K->382843K(1024832K), 0.0529950 secs] [Times: user=0.13 sys=0.01, real=0.05 secs] 
2413.809: [GC [PSYoungGen: 321631K->16298K(326400K)] 685243K->387713K(1025472K), 0.0940410 secs] [Times: user=0.13 sys=0.00, real=0.09 secs] 
2414.261: [GC [PSYoungGen: 319274K->21781K(324800K)] 690689K->398281K(1023872K), 0.0487250 secs] [Times: user=0.14 sys=0.00, real=0.05 secs] 
2414.700: [GC [PSYoungGen: 324751K->14505K(325440K)] 701251K->401134K(1024512K), 0.0808490 secs] [Times: user=0.13 sys=0.00, real=0.08 secs] 
2415.118: [GC [PSYoungGen: 315817K->15270K(325376K)] 702446K->407550K(1024448K), 0.0431960 secs] [Times: user=0.11 sys=0.00, real=0.05 secs] 
2415.594: [GC [PSYoungGen: 316582K->15965K(326080K)] 708862K->415578K(1025152K), 0.0395590 secs] [Times: user=0.14 sys=0.00, real=0.04 secs] 
2416.004: [GC [PSYoungGen: 318237K->15995K(325696K)] 717850K->422575K(1024768K), 0.0602180 secs] [Times: user=0.13 sys=0.00, real=0.06 secs] 
2416.434: [GC [PSYoungGen: 318267K->16879K(327040K)] 724847K->429233K(1026112K), 0.0492920 secs] [Times: user=0.12 sys=0.00, real=0.05 secs] 
2416.882: [GC [PSYoungGen: 320879K->14558K(326464K)] 733233K->432937K(1025536K), 0.0526940 secs] [Times: user=0.11 sys=0.00, real=0.05 secs] 
2417.377: [GC [PSYoungGen: 318558K->14496K(327296K)] 736937K->437386K(1026368K), 0.0484320 secs] [Times: user=0.11 sys=0.00, real=0.05 secs] 
2417.787: [GC [PSYoungGen: 319456K->18985K(323968K)] 742346K->448913K(1023040K), 0.0518500 secs] [Times: user=0.14 sys=0.00, real=0.06 secs] 
2418.188: [GC [PSYoungGen: 323945K->18448K(326848K)] 753873K->458424K(1025920K), 0.0973200 secs] [Times: user=0.14 sys=0.01, real=0.10 secs] 
2418.605: [GC [PSYoungGen: 322768K->15907K(326912K)] 762744K->462496K(1025984K), 0.0716260 secs] [Times: user=0.12 sys=0.01, real=0.07 secs] 
2419.083: [GC [PSYoungGen: 320227K->15389K(327552K)] 766816K->467119K(1026624K), 0.0492020 secs] [Times: user=0.13 sys=0.00, real=0.05 secs] 
2419.429: [GC [PSYoungGen: 320733K->14441K(327296K)] 772463K->476608K(1026368K), 0.0509380 secs] [Times: user=0.13 sys=0.00, real=0.06 secs] 
2419.944: [GC [PSYoungGen: 319785K->19924K(326272K)] 781952K->487502K(1025344K), 0.0923280 secs] [Times: user=0.13 sys=0.00, real=0.09 secs] 
2420.348: [GC [PSYoungGen: 324372K->18801K(323264K)] 791950K->493201K(1022336K), 0.0500700 secs] [Times: user=0.14 sys=0.00, real=0.05 secs] 
2420.860: [GC [PSYoungGen: 323249K->20870K(325120K)] 797649K->502869K(1024192K), 0.0566530 secs] [Times: user=0.14 sys=0.00, real=0.05 secs] 
2421.310: [GC [PSYoungGen: 323270K->16351K(325952K)] 805269K->503107K(1025024K), 0.0498730 secs] [Times: user=0.13 sys=0.00, real=0.05 secs] 
2421.695: [GC [PSYoungGen: 318751K->20765K(324992K)] 805507K->512888K(1024064K), 0.0730890 secs] [Times: user=0.13 sys=0.01, real=0.07 secs] 
2422.088: [GC [PSYoungGen: 322653K->17441K(325696K)] 814776K->517165K(1024768K), 0.0719130 secs] [Times: user=0.15 sys=0.00, real=0.08 secs] 
2422.604: [GC [PSYoungGen: 319329K->17449K(326784K)] 819053K->521258K(1025856K), 0.0421640 secs] [Times: user=0.12 sys=0.00, real=0.04 secs] 
2423.014: [GC [PSYoungGen: 321001K->13282K(326272K)] 824810K->523591K(1025344K), 0.0474870 secs] [Times: user=0.12 sys=0.00, real=0.05 secs] 
2423.381: [GC [PSYoungGen: 316834K->20885K(324992K)] 827143K->538289K(1024064K), 0.0554070 secs] [Times: user=0.13 sys=0.00, real=0.05 secs] 
2423.809: [GC [PSYoungGen: 322901K->17192K(325760K)] 840305K->545615K(1024832K), 0.0557810 secs] [Times: user=0.13 sys=0.00, real=0.06 secs] 
2424.296: [GC [PSYoungGen: 319208K->16999K(326784K)] 847631K->549281K(1025856K), 0.0705200 secs] [Times: user=0.13 sys=0.00, real=0.07 secs] 
2424.693: [GC [PSYoungGen: 320615K->17350K(326336K)] 852897K->554302K(1025408K), 0.0571560 secs] [Times: user=0.14 sys=0.00, real=0.05 secs] 
2425.105: [GC [PSYoungGen: 320966K->18345K(327424K)] 857918K->563084K(1026496K), 0.0715060 secs] [Times: user=0.13 sys=0.00, real=0.07 secs] 
2425.495: [GC [PSYoungGen: 323561K->14303K(327296K)] 868300K->564773K(1026368K), 0.0568590 secs] [Times: user=0.11 sys=0.01, real=0.06 secs] 
2425.857: [GC [PSYoungGen: 319519K->18251K(327424K)] 869989K->572441K(1026496K), 0.0531720 secs] [Times: user=0.14 sys=0.00, real=0.05 secs] 
2426.214: [GC [PSYoungGen: 323531K->13095K(318400K)] 877721K->575044K(1017472K), 0.0856430 secs] [Times: user=0.18 sys=0.01, real=0.08 secs] 
2426.645: [GC [PSYoungGen: 318375K->17676K(327424K)] 880324K->585076K(1026496K), 0.0493610 secs] [Times: user=0.13 sys=0.00, real=0.05 secs] 
2427.896: [GC [PSYoungGen: 322751K->14139K(327168K)] 890151K->590554K(1026240K), 0.0472710 secs] [Times: user=0.13 sys=0.01, real=0.05 secs] 
2428.315: [GC [PSYoungGen: 319227K->18000K(327488K)] 895642K->600538K(1026560K), 0.0512660 secs] [Times: user=0.13 sys=0.00, real=0.05 secs] 
2428.729: [GC [PSYoungGen: 323472K->16077K(327488K)] 906010K->605437K(1026560K), 0.0493100 secs] [Times: user=0.12 sys=0.00, real=0.05 secs] 
2429.095: [GC [PSYoungGen: 321549K->19818K(326592K)] 910909K->615795K(1025664K), 0.0722590 secs] [Times: user=0.14 sys=0.00, real=0.07 secs] 
2429.431: [GC [PSYoungGen: 324778K->20073K(325056K)] 920755K->623784K(1024128K), 0.0543110 secs] [Times: user=0.14 sys=0.00, real=0.05 secs] 
2429.922: [GC [PSYoungGen: 325033K->13103K(326272K)] 928744K->622993K(1025344K), 0.0702780 secs] [Times: user=0.11 sys=0.00, real=0.07 secs] 
2430.351: [GC [PSYoungGen: 316527K->14801K(326464K)] 926417K->628978K(1025536K), 0.0654070 secs] [Times: user=0.12 sys=0.00, real=0.06 secs] 
2430.840: [GC [PSYoungGen: 318225K->20424K(325184K)] 932402K->639996K(1024256K), 0.0537080 secs] [Times: user=0.13 sys=0.01, real=0.06 secs] 
2431.241: [GC [PSYoungGen: 322824K->17324K(325952K)] 942396K->647867K(1025024K), 0.0614750 secs] [Times: user=0.15 sys=0.00, real=0.06 secs] 
2431.655: [GC [PSYoungGen: 319724K->14706K(326656K)] 950267K->653295K(1025728K), 0.0669140 secs] [Times: user=0.13 sys=0.00, real=0.07 secs] 
2431.998: [GC [PSYoungGen: 318386K->18596K(326528K)] 956975K->662151K(1025600K), 0.0596110 secs] [Times: user=0.14 sys=0.00, real=0.06 secs] 
2432.393: [GC [PSYoungGen: 322276K->13193K(326400K)] 965831K->660473K(1025472K), 0.0532050 secs] [Times: user=0.10 sys=0.00, real=0.05 secs] 
2432.925: [GC [PSYoungGen: 316745K->16922K(326528K)] 964025K->670043K(1025600K), 0.1001500 secs] [Times: user=0.14 sys=0.00, real=0.10 secs] 
2433.396: [GC [PSYoungGen: 320458K->19210K(326336K)] 973580K->680682K(1025408K), 0.0467180 secs] [Times: user=0.15 sys=0.00, real=0.05 secs] 
2433.885: [GC [PSYoungGen: 323146K->18286K(326720K)] 984618K->689090K(1025792K), 0.0641940 secs] [Times: user=0.15 sys=0.00, real=0.06 secs] 
2434.296: [GC [PSYoungGen: 322222K->14573K(326912K)] 993026K->691241K(1025984K), 0.0527910 secs] [Times: user=0.12 sys=0.00, real=0.05 secs] 
2434.665: [GC [PSYoungGen: 318765K->17733K(326784K)] 995433K->703023K(1025856K), 0.0519440 secs] [Times: user=0.14 sys=0.00, real=0.05 secs] 
2435.081: [GC [PSYoungGen: 321925K->15685K(327488K)] 1007215K->706661K(1026560K), 0.0512600 secs] [Times: user=0.14 sys=0.00, real=0.06 secs] 
2435.132: [Full GC [PSYoungGen: 15685K->0K(327488K)] [PSOldGen: 690975K->364350K(699072K)] 706661K->364350K(1026560K) [PSPermGen: 91602K->91602K(262144K)], 1.8081770 secs] [Times: user=1.81 sys=0.00, real=1.80 secs] 
2437.303: [GC [PSYoungGen: 305152K->22010K(327168K)] 669502K->387234K(1026240K), 0.0494990 secs] [Times: user=0.11 sys=0.00, real=0.05 secs] 
2437.818: [GC [PSYoungGen: 327162K->17477K(325632K)] 692386K->395407K(1024704K), 0.0687630 secs] [Times: user=0.15 sys=0.00, real=0.07 secs] 
2438.237: [GC [PSYoungGen: 320773K->18059K(326400K)] 698703K->400651K(1025472K), 0.0369400 secs] [Times: user=0.12 sys=0.01, real=0.04 secs] 
2438.557: [GC [PSYoungGen: 321355K->17900K(327040K)] 703947K->408992K(1026112K), 0.0472760 secs] [Times: user=0.13 sys=0.00, real=0.05 secs] 
2438.988: [GC [PSYoungGen: 322156K->18268K(326720K)] 713248K->417528K(1025792K), 0.0599050 secs] [Times: user=0.13 sys=0.00, real=0.06 secs] 
2439.434: [GC [PSYoungGen: 322524K->20245K(326272K)] 721784K->425694K(1025344K), 0.0642320 secs] [Times: user=0.13 sys=0.00, real=0.06 secs] 
2439.799: [GC [PSYoungGen: 324309K->14636K(318720K)] 729758K->427082K(1017792K), 0.0352050 secs] [Times: user=0.12 sys=0.00, real=0.04 secs] 
2440.153: [GC [PSYoungGen: 318700K->19239K(326464K)] 731146K->436838K(1025536K), 0.0475510 secs] [Times: user=0.12 sys=0.01, real=0.04 secs] 
2440.611: [GC [PSYoungGen: 322919K->17873K(326592K)] 740518K->443015K(1025664K), 0.0486370 secs] [Times: user=0.13 sys=0.00, real=0.05 secs] 
2440.994: [GC [PSYoungGen: 321553K->12491K(326272K)] 746695K->443957K(1025344K), 0.0441760 secs] [Times: user=0.11 sys=0.00, real=0.04 secs] 
2441.390: [GC [PSYoungGen: 316299K->17799K(326656K)] 747765K->453655K(1025728K), 0.0908900 secs] [Times: user=0.18 sys=0.01, real=0.09 secs] 
2441.821: [GC [PSYoungGen: 321607K->16487K(327360K)] 757463K->460525K(1026432K), 0.0561300 secs] [Times: user=0.15 sys=0.00, real=0.06 secs] 
2442.146: [GC [PSYoungGen: 321319K->17235K(326976K)] 765357K->468502K(1026048K), 0.0536600 secs] [Times: user=0.13 sys=0.00, real=0.05 secs] 
2442.586: [GC [PSYoungGen: 322067K->18181K(327936K)] 773334K->476683K(1027008K), 0.0710890 secs] [Times: user=0.13 sys=0.01, real=0.07 secs] 
2442.959: [GC [PSYoungGen: 324421K->18639K(327808K)] 782923K->484498K(1026880K), 0.0512480 secs] [Times: user=0.14 sys=0.00, real=0.05 secs] 
2443.358: [GC [PSYoungGen: 324879K->17604K(328192K)] 790738K->489311K(1027264K), 0.0607720 secs] [Times: user=0.13 sys=0.01, real=0.06 secs] 
2443.756: [GC [PSYoungGen: 324100K->19360K(327808K)] 795807K->496582K(1026880K), 0.0485860 secs] [Times: user=0.13 sys=0.01, real=0.05 secs] 
2444.168: [GC [PSYoungGen: 325856K->19552K(327232K)] 803078K->502934K(1026304K), 0.0710470 secs] [Times: user=0.12 sys=0.00, real=0.07 secs] 
2444.650: [GC [PSYoungGen: 325152K->17554K(327552K)] 808534K->508248K(1026624K), 0.0545150 secs] [Times: user=0.13 sys=0.00, real=0.06 secs] 
2445.054: [GC [PSYoungGen: 323154K->21222K(326144K)] 813848K->519431K(1025216K), 0.0494640 secs] [Times: user=0.14 sys=0.00, real=0.05 secs] 
2445.414: [GC [PSYoungGen: 325798K->15987K(327040K)] 824007K->520133K(1026112K), 0.0554830 secs] [Times: user=0.14 sys=0.01, real=0.05 secs] 
2445.775: [GC [PSYoungGen: 320563K->18921K(327168K)] 824709K->529092K(1026240K), 0.0608360 secs] [Times: user=0.14 sys=0.00, real=0.06 secs] 
2446.323: [GC [PSYoungGen: 323689K->18104K(327104K)] 833860K->535754K(1026176K), 0.0698540 secs] [Times: user=0.14 sys=0.01, real=0.07 secs] 
2446.791: [GC [PSYoungGen: 322872K->18109K(327936K)] 840522K->540933K(1027008K), 0.0491960 secs] [Times: user=0.12 sys=0.00, real=0.05 secs] 
2447.204: [GC [PSYoungGen: 324093K->16312K(327552K)] 846917K->543585K(1026624K), 0.0662560 secs] [Times: user=0.12 sys=0.00, real=0.06 secs] 
2447.692: [GC [PSYoungGen: 322294K->16205K(328064K)] 849567K->550382K(1027136K), 0.0462300 secs] [Times: user=0.14 sys=0.00, real=0.05 secs] 
2448.233: [GC [PSYoungGen: 322765K->20437K(327040K)] 856942K->559451K(1026112K), 0.0772750 secs] [Times: user=0.13 sys=0.00, real=0.07 secs] 
2448.667: [GC [PSYoungGen: 326997K->14728K(327168K)] 866011K->559217K(1026240K), 0.0647940 secs] [Times: user=0.12 sys=0.03, real=0.06 secs] 
2449.052: [GC [PSYoungGen: 319808K->17404K(327296K)] 864297K->567099K(1026368K), 0.0533800 secs] [Times: user=0.13 sys=0.00, real=0.06 secs] 
2449.507: [GC [PSYoungGen: 322492K->19216K(327296K)] 872187K->575653K(1026368K), 0.0602430 secs] [Times: user=0.14 sys=0.00, real=0.06 secs] 
2449.898: [GC [PSYoungGen: 324688K->17159K(327488K)] 881125K->582306K(1026560K), 0.0871450 secs] [Times: user=0.12 sys=0.00, real=0.09 secs] 
2450.233: [GC [PSYoungGen: 322631K->18446K(327936K)] 887778K->588075K(1027008K), 0.0815860 secs] [Times: user=0.13 sys=0.00, real=0.08 secs] 
2450.612: [GC [PSYoungGen: 324686K->19487K(325760K)] 894315K->593004K(1024832K), 0.0538920 secs] [Times: user=0.13 sys=0.00, real=0.06 secs] 
2451.055: [GC [PSYoungGen: 325727K->14971K(327424K)] 899244K->595978K(1026496K), 0.0532150 secs] [Times: user=0.12 sys=0.00, real=0.05 secs] 
2451.427: [GC [PSYoungGen: 320571K->18798K(327552K)] 901578K->605934K(1026624K), 0.0693920 secs] [Times: user=0.14 sys=0.00, real=0.07 secs] 
2451.970: [GC [PSYoungGen: 324398K->14635K(327296K)] 911534K->610689K(1026368K), 0.0729860 secs] [Times: user=0.14 sys=0.01, real=0.07 secs] 
2452.446: [GC [PSYoungGen: 319979K->14290K(319680K)] 916033K->616604K(1018752K), 0.0813300 secs] [Times: user=0.12 sys=0.00, real=0.08 secs] 
2452.849: [GC [PSYoungGen: 319634K->20526K(325824K)] 921947K->627783K(1024896K), 0.0708860 secs] [Times: user=0.13 sys=0.00, real=0.07 secs] 
2453.252: [GC [PSYoungGen: 324206K->15559K(326592K)] 931463K->631630K(1025664K), 0.0443380 secs] [Times: user=0.13 sys=0.01, real=0.05 secs] 
2453.684: [GC [PSYoungGen: 319239K->18241K(326976K)] 935310K->641762K(1026048K), 0.0614180 secs] [Times: user=0.14 sys=0.00, real=0.06 secs] 
2454.126: [GC [PSYoungGen: 322561K->14172K(326848K)] 946082K->643259K(1025920K), 0.0548480 secs] [Times: user=0.13 sys=0.00, real=0.05 secs] 
2454.514: [GC [PSYoungGen: 318492K->14329K(327040K)] 947579K->646224K(1026112K), 0.0384230 secs] [Times: user=0.10 sys=0.00, real=0.03 secs] 
2454.994: [GC [PSYoungGen: 318841K->21949K(326464K)] 950736K->661086K(1025536K), 0.0803510 secs] [Times: user=0.15 sys=0.01, real=0.09 secs] 
2455.373: [GC [PSYoungGen: 326461K->17456K(326080K)] 965598K->665501K(1025152K), 0.0543020 secs] [Times: user=0.13 sys=0.00, real=0.06 secs] 
2455.768: [GC [PSYoungGen: 320496K->18256K(326272K)] 968541K->669849K(1025344K), 0.0524920 secs] [Times: user=0.13 sys=0.00, real=0.05 secs] 
2456.170: [GC [PSYoungGen: 321296K->17880K(326912K)] 972889K->674117K(1025984K), 0.0583580 secs] [Times: user=0.13 sys=0.00, real=0.06 secs] 
2456.568: [GC [PSYoungGen: 321816K->16901K(326528K)] 978053K->678932K(1025600K), 0.0506500 secs] [Times: user=0.13 sys=0.00, real=0.05 secs] 
2456.999: [GC [PSYoungGen: 320837K->18984K(327104K)] 982868K->686728K(1026176K), 0.0640540 secs] [Times: user=0.13 sys=0.01, real=0.06 secs] 
2457.457: [GC [PSYoungGen: 323944K->15493K(327232K)] 991688K->689551K(1026304K), 0.1002530 secs] [Times: user=0.12 sys=0.00, real=0.10 secs] 
2457.960: [GC [PSYoungGen: 320453K->19444K(326720K)] 994511K->697832K(1025792K), 0.0728830 secs] [Times: user=0.16 sys=0.00, real=0.07 secs] 
2458.435: [GC [PSYoungGen: 324020K->15433K(327040K)] 1002408K->701583K(1026112K), 0.0822530 secs] [Times: user=0.13 sys=0.00, real=0.09 secs] 
2458.949: [GC [PSYoungGen: 320009K->18196K(327360K)] 1006159K->708548K(1026432K), 0.0555170 secs] [Times: user=0.12 sys=0.00, real=0.05 secs] 
2459.005: [Full GC [PSYoungGen: 18196K->0K(327360K)] [PSOldGen: 690351K->370836K(699072K)] 708548K->370836K(1026432K) [PSPermGen: 91616K->91616K(262144K)], 1.8282780 secs] [Times: user=1.83 sys=0.00, real=1.83 secs] 
2461.124: [GC [PSYoungGen: 305024K->22122K(327168K)] 675860K->395050K(1026240K), 0.0467870 secs] [Times: user=0.13 sys=0.01, real=0.05 secs] 
2461.546: [GC [PSYoungGen: 327146K->17248K(324352K)] 700074K->401625K(1023424K), 0.0602900 secs] [Times: user=0.14 sys=0.00, real=0.06 secs] 
2461.875: [GC [PSYoungGen: 319264K->20860K(322880K)] 703641K->413617K(1021952K), 0.0695910 secs] [Times: user=0.14 sys=0.01, real=0.06 secs] 
2462.307: [GC [PSYoungGen: 322876K->16380K(325568K)] 715633K->416705K(1024640K), 0.0632110 secs] [Times: user=0.13 sys=0.00, real=0.06 secs] 
2462.693: [GC [PSYoungGen: 317756K->14731K(325312K)] 718081K->418906K(1024384K), 0.0456920 secs] [Times: user=0.11 sys=0.00, real=0.05 secs] 
2463.056: [GC [PSYoungGen: 316107K->17119K(326080K)] 720282K->426432K(1025152K), 0.0484950 secs] [Times: user=0.13 sys=0.00, real=0.04 secs] 
2463.400: [GC [PSYoungGen: 319263K->16811K(325568K)] 728576K->433843K(1024640K), 0.0462060 secs] [Times: user=0.12 sys=0.00, real=0.05 secs] 
2463.814: [GC [PSYoungGen: 318955K->17956K(326912K)] 735987K->442602K(1025984K), 0.0693750 secs] [Times: user=0.15 sys=0.00, real=0.07 secs] 
2464.257: [GC [PSYoungGen: 321828K->16380K(326464K)] 746474K->448282K(1025536K), 0.0417110 secs] [Times: user=0.12 sys=0.00, real=0.04 secs] 
2464.681: [GC [PSYoungGen: 320252K->18193K(327424K)] 752154K->456169K(1026496K), 0.0542430 secs] [Times: user=0.12 sys=0.00, real=0.05 secs] 
2465.053: [GC [PSYoungGen: 323281K->11858K(316992K)] 761257K->454962K(1016064K), 0.0510920 secs] [Times: user=0.10 sys=0.00, real=0.05 secs] 
2465.531: [GC [PSYoungGen: 316946K->21097K(324928K)] 760050K->469684K(1024000K), 0.0787940 secs] [Times: user=0.13 sys=0.00, real=0.08 secs] 
2465.946: [GC [PSYoungGen: 323369K->20023K(322304K)] 771956K->478634K(1021376K), 0.0691950 secs] [Times: user=0.16 sys=0.00, real=0.07 secs] 
2466.309: [GC [PSYoungGen: 322295K->18010K(326080K)] 780906K->484110K(1025152K), 0.0608060 secs] [Times: user=0.13 sys=0.00, real=0.06 secs] 
2466.749: [GC [PSYoungGen: 320154K->18356K(325568K)] 786254K->488451K(1024640K), 0.0608020 secs] [Times: user=0.12 sys=0.00, real=0.06 secs] 
2467.186: [GC [PSYoungGen: 320500K->17140K(326848K)] 790595K->493507K(1025920K), 0.0547360 secs] [Times: user=0.13 sys=0.00, real=0.05 secs] 
2467.582: [GC [PSYoungGen: 320884K->18134K(326400K)] 797251K->501135K(1025472K), 0.0380930 secs] [Times: user=0.13 sys=0.00, real=0.04 secs] 
2468.009: [GC [PSYoungGen: 321872K->17023K(327488K)] 804872K->508907K(1026560K), 0.0481060 secs] [Times: user=0.14 sys=0.00, real=0.05 secs] 
2468.460: [GC [PSYoungGen: 322175K->16710K(327168K)] 814059K->513580K(1026240K), 0.0678640 secs] [Times: user=0.13 sys=0.01, real=0.07 secs] 
2468.847: [GC [PSYoungGen: 321862K->20348K(326592K)] 818732K->522609K(1025664K), 0.0702230 secs] [Times: user=0.14 sys=0.01, real=0.07 secs] 
2469.314: [GC [PSYoungGen: 325180K->18017K(327168K)] 827441K->527162K(1026240K), 0.0382110 secs] [Times: user=0.14 sys=0.00, real=0.04 secs] 
2469.798: [GC [PSYoungGen: 322849K->14290K(327168K)] 831994K->529290K(1026240K), 0.0496440 secs] [Times: user=0.12 sys=0.00, real=0.05 secs] 
2470.185: [GC [PSYoungGen: 319506K->15942K(327360K)] 834506K->537396K(1026432K), 0.0681160 secs] [Times: user=0.12 sys=0.01, real=0.07 secs] 
2470.757: [GC [PSYoungGen: 321158K->20881K(325760K)] 842612K->547194K(1024832K), 0.0683420 secs] [Times: user=0.13 sys=0.00, real=0.07 secs] 
2471.207: [GC [PSYoungGen: 324689K->15587K(326656K)] 851002K->549333K(1025728K), 0.0485750 secs] [Times: user=0.12 sys=0.00, real=0.04 secs] 
2471.521: [GC [PSYoungGen: 319395K->19825K(326080K)] 853141K->558174K(1025152K), 0.0579890 secs] [Times: user=0.13 sys=0.00, real=0.06 secs] 
2471.948: [GC [PSYoungGen: 323249K->20178K(323648K)] 861598K->565548K(1022720K), 0.0545360 secs] [Times: user=0.13 sys=0.00, real=0.05 secs] 
2472.328: [GC [PSYoungGen: 323602K->14424K(325952K)] 868972K->566626K(1025024K), 0.0527240 secs] [Times: user=0.12 sys=0.00, real=0.05 secs] 
2472.738: [GC [PSYoungGen: 316952K->19218K(326016K)] 869154K->575976K(1025088K), 0.0468560 secs] [Times: user=0.14 sys=0.00, real=0.04 secs] 
2473.103: [GC [PSYoungGen: 321746K->14580K(326080K)] 878504K->579955K(1025152K), 0.0696400 secs] [Times: user=0.18 sys=0.00, real=0.07 secs] 
2473.535: [GC [PSYoungGen: 317157K->18653K(326016K)] 882532K->588398K(1025088K), 0.0495080 secs] [Times: user=0.13 sys=0.00, real=0.05 secs] 
2473.953: [GC [PSYoungGen: 321245K->18593K(326400K)] 890990K->597186K(1025472K), 0.0797750 secs] [Times: user=0.15 sys=0.01, real=0.08 secs] 
2474.412: [GC [PSYoungGen: 321697K->21286K(324416K)] 900290K->606676K(1023488K), 0.0711520 secs] [Times: user=0.15 sys=0.01, real=0.07 secs] 
2474.824: [GC [PSYoungGen: 324390K->19319K(325696K)] 909780K->613069K(1024768K), 0.0611610 secs] [Times: user=0.15 sys=0.00, real=0.06 secs] 
2475.231: [GC [PSYoungGen: 321143K->17412K(325632K)] 914893K->615276K(1024704K), 0.0649060 secs] [Times: user=0.13 sys=0.00, real=0.06 secs] 
2475.718: [GC [PSYoungGen: 319227K->17379K(326528K)] 917091K->621881K(1025600K), 0.0595850 secs] [Times: user=0.14 sys=0.00, real=0.06 secs] 
2476.168: [GC [PSYoungGen: 320547K->17297K(326144K)] 925049K->627546K(1025216K), 0.0583590 secs] [Times: user=0.13 sys=0.00, real=0.06 secs] 
2476.534: [GC [PSYoungGen: 320465K->15508K(326976K)] 930714K->632364K(1026048K), 0.0461000 secs] [Times: user=0.12 sys=0.00, real=0.05 secs] 
2476.902: [GC [PSYoungGen: 319892K->16577K(326912K)] 936748K->639946K(1025984K), 0.0640390 secs] [Times: user=0.13 sys=0.01, real=0.06 secs] 
2477.338: [GC [PSYoungGen: 320961K->18638K(327296K)] 944330K->647810K(1026368K), 0.0537890 secs] [Times: user=0.14 sys=0.01, real=0.05 secs] 
2477.811: [GC [PSYoungGen: 323662K->18186K(327232K)] 952834K->655969K(1026304K), 0.0619360 secs] [Times: user=0.14 sys=0.00, real=0.06 secs] 
2478.187: [GC [PSYoungGen: 323210K->18665K(327680K)] 960993K->663633K(1026752K), 0.0609770 secs] [Times: user=0.15 sys=0.01, real=0.07 secs] 
2478.569: [GC [PSYoungGen: 324457K->18415K(327616K)] 969425K->667711K(1026688K), 0.0474110 secs] [Times: user=0.12 sys=0.00, real=0.04 secs] 
2478.994: [GC [PSYoungGen: 324207K->20502K(326592K)] 973503K->676775K(1025664K), 0.0765860 secs] [Times: user=0.17 sys=0.01, real=0.08 secs] 
2479.396: [GC [PSYoungGen: 325462K->15592K(327232K)] 981735K->679180K(1026304K), 0.0640250 secs] [Times: user=0.14 sys=0.00, real=0.07 secs] 
2479.774: [GC [PSYoungGen: 320552K->16087K(327360K)] 984140K->684113K(1026432K), 0.0446620 secs] [Times: user=0.13 sys=0.00, real=0.05 secs] 
2480.193: [GC [PSYoungGen: 321175K->15697K(327232K)] 989201K->690712K(1026304K), 0.0628490 secs] [Times: user=0.13 sys=0.01, real=0.06 secs] 
2480.545: [GC [PSYoungGen: 320785K->18916K(327296K)] 995800K->699404K(1026368K), 0.0615970 secs] [Times: user=0.13 sys=0.00, real=0.06 secs] 
2480.944: [GC [PSYoungGen: 324132K->15607K(327360K)] 1004620K->703620K(1026432K), 0.0480830 secs] [Times: user=0.14 sys=0.00, real=0.05 secs] 
2481.340: [GC [PSYoungGen: 320823K->16118K(327680K)] 1008836K->709811K(1026752K), 0.0569690 secs] [Times: user=0.13 sys=0.01, real=0.05 secs] 
2481.397: [Full GC [PSYoungGen: 16118K->0K(327680K)] [PSOldGen: 693693K->367005K(699072K)] 709811K->367005K(1026752K) [PSPermGen: 91628K->91628K(262144K)], 1.8843580 secs] [Times: user=1.88 sys=0.00, real=1.89 secs] 
2483.606: [GC [PSYoungGen: 305645K->20805K(326528K)] 672650K->387810K(1025600K), 0.0369820 secs] [Times: user=0.11 sys=0.00, real=0.04 secs] 
2484.050: [GC [PSYoungGen: 326469K->17496K(327296K)] 693474K->392927K(1026368K), 0.0502590 secs] [Times: user=0.13 sys=0.00, real=0.05 secs] 
2484.498: [GC [PSYoungGen: 322136K->15698K(326848K)] 697567K->399346K(1025920K), 0.0948090 secs] [Times: user=0.13 sys=0.01, real=0.10 secs] 
2484.973: [GC [PSYoungGen: 320338K->17198K(327872K)] 703986K->406017K(1026944K), 0.0551180 secs] [Times: user=0.12 sys=0.01, real=0.05 secs] 
2485.346: [GC [PSYoungGen: 322990K->17017K(327424K)] 711809K->413168K(1026496K), 0.0689950 secs] [Times: user=0.14 sys=0.01, real=0.07 secs] 
2485.790: [GC [PSYoungGen: 322809K->19015K(327808K)] 718960K->419773K(1026880K), 0.0385490 secs] [Times: user=0.13 sys=0.00, real=0.03 secs] 
2486.229: [GC [PSYoungGen: 325511K->14233K(320768K)] 726269K->422844K(1019840K), 0.0605530 secs] [Times: user=0.13 sys=0.00, real=0.06 secs] 
2486.713: [GC [PSYoungGen: 320729K->20155K(326528K)] 729340K->434250K(1025600K), 0.0808470 secs] [Times: user=0.14 sys=0.00, real=0.08 secs] 
2487.121: [GC [PSYoungGen: 324987K->18499K(327168K)] 739082K->441182K(1026240K), 0.0596910 secs] [Times: user=0.14 sys=0.00, real=0.06 secs] 
2487.610: [GC [PSYoungGen: 323331K->19385K(326912K)] 746014K->448939K(1025984K), 0.0882280 secs] [Times: user=0.12 sys=0.01, real=0.08 secs] 
2488.049: [GC [PSYoungGen: 324089K->18321K(327104K)] 753643K->455080K(1026176K), 0.0609510 secs] [Times: user=0.14 sys=0.00, real=0.07 secs] 
2488.485: [GC [PSYoungGen: 323025K->15864K(327424K)] 759784K->456488K(1026496K), 0.0533840 secs] [Times: user=0.11 sys=0.00, real=0.05 secs] 
2488.939: [GC [PSYoungGen: 321144K->19694K(324992K)] 761768K->465983K(1024064K), 0.0621710 secs] [Times: user=0.13 sys=0.00, real=0.07 secs] 
2489.449: [GC [PSYoungGen: 324974K->16279K(327296K)] 771263K->470725K(1026368K), 0.0614520 secs] [Times: user=0.13 sys=0.01, real=0.07 secs] 
2489.906: [GC [PSYoungGen: 321175K->16370K(327104K)] 775621K->477528K(1026176K), 0.0587830 secs] [Times: user=0.12 sys=0.00, real=0.06 secs] 
2490.385: [GC [PSYoungGen: 321266K->18033K(327808K)] 782424K->485262K(1026880K), 0.0691470 secs] [Times: user=0.12 sys=0.00, real=0.07 secs] 
2490.951: [GC [PSYoungGen: 323889K->19366K(327552K)] 791118K->495101K(1026624K), 0.0668270 secs] [Times: user=0.14 sys=0.00, real=0.06 secs] 
2491.368: [GC [PSYoungGen: 325222K->15945K(327680K)] 800957K->496824K(1026752K), 0.0643800 secs] [Times: user=0.11 sys=0.00, real=0.07 secs] 
2491.861: [GC [PSYoungGen: 321673K->19286K(325056K)] 802552K->507695K(1024128K), 0.0563160 secs] [Times: user=0.14 sys=0.01, real=0.05 secs] 
2492.244: [GC [PSYoungGen: 325014K->15936K(327552K)] 813423K->513533K(1026624K), 0.0856630 secs] [Times: user=0.12 sys=0.00, real=0.08 secs] 
2492.772: [GC [PSYoungGen: 321408K->16077K(327424K)] 819005K->519055K(1026496K), 0.0388210 secs] [Times: user=0.12 sys=0.00, real=0.04 secs] 
2493.214: [GC [PSYoungGen: 321549K->14369K(327488K)] 824527K->519491K(1026560K), 0.0343490 secs] [Times: user=0.11 sys=0.00, real=0.03 secs] 
2493.544: [GC [PSYoungGen: 320097K->14893K(327616K)] 825219K->526616K(1026688K), 0.0378760 secs] [Times: user=0.13 sys=0.00, real=0.04 secs] 
2494.017: [GC [PSYoungGen: 320616K->17067K(328192K)] 832338K->534687K(1027264K), 0.0463220 secs] [Times: user=0.13 sys=0.00, real=0.05 secs] 
2494.449: [GC [PSYoungGen: 323499K->18620K(327744K)] 841119K->544398K(1026816K), 0.0610470 secs] [Times: user=0.14 sys=0.00, real=0.07 secs] 
2494.781: [GC [PSYoungGen: 325052K->19886K(326720K)] 850830K->552789K(1025792K), 0.0581250 secs] [Times: user=0.15 sys=0.00, real=0.05 secs] 
2495.231: [GC [PSYoungGen: 325102K->17882K(327360K)] 858005K->556391K(1026432K), 0.0556070 secs] [Times: user=0.13 sys=0.00, real=0.05 secs] 
2495.677: [GC [PSYoungGen: 323098K->17570K(328064K)] 861607K->564366K(1027136K), 0.0535120 secs] [Times: user=0.14 sys=0.01, real=0.06 secs] 
2496.023: [GC [PSYoungGen: 323810K->16528K(327680K)] 870606K->570231K(1026752K), 0.0488160 secs] [Times: user=0.12 sys=0.00, real=0.05 secs] 
2496.446: [GC [PSYoungGen: 322768K->16848K(328576K)] 876471K->575741K(1027648K), 0.0602020 secs] [Times: user=0.12 sys=0.00, real=0.06 secs] 
2496.840: [GC [PSYoungGen: 324240K->18491K(328320K)] 883133K->585424K(1027392K), 0.0547360 secs] [Times: user=0.15 sys=0.00, real=0.06 secs] 
2497.230: [GC [PSYoungGen: 325883K->15925K(328576K)] 892816K->590533K(1027648K), 0.0518160 secs] [Times: user=0.13 sys=0.01, real=0.06 secs] 
2497.665: [GC [PSYoungGen: 323509K->18212K(328512K)] 898117K->597640K(1027584K), 0.0532530 secs] [Times: user=0.12 sys=0.00, real=0.05 secs] 
2498.049: [GC [PSYoungGen: 325796K->13618K(328000K)] 905224K->600623K(1027072K), 0.0960070 secs] [Times: user=0.11 sys=0.00, real=0.10 secs] 
2498.529: [GC [PSYoungGen: 320754K->18188K(328320K)] 907759K->609121K(1027392K), 0.0832580 secs] [Times: user=0.12 sys=0.00, real=0.09 secs] 
2498.988: [GC [PSYoungGen: 325324K->17680K(328512K)] 916257K->615111K(1027584K), 0.0593260 secs] [Times: user=0.14 sys=0.00, real=0.06 secs] 
2499.327: [GC [PSYoungGen: 325008K->16132K(328320K)] 922439K->622124K(1027392K), 0.0629500 secs] [Times: user=0.14 sys=0.00, real=0.06 secs] 
2499.798: [GC [PSYoungGen: 323460K->16729K(329024K)] 929452K->628413K(1028096K), 0.0685640 secs] [Times: user=0.12 sys=0.00, real=0.07 secs] 
2500.225: [GC [PSYoungGen: 324953K->20233K(328512K)] 936637K->639153K(1027584K), 0.0623200 secs] [Times: user=0.15 sys=0.00, real=0.06 secs] 
2500.614: [GC [PSYoungGen: 328457K->17567K(328512K)] 947377K->643773K(1027584K), 0.0435520 secs] [Times: user=0.15 sys=0.00, real=0.04 secs] 
2501.026: [GC [PSYoungGen: 325087K->16131K(328512K)] 951293K->647648K(1027584K), 0.0594670 secs] [Times: user=0.15 sys=0.00, real=0.06 secs] 
2501.533: [GC [PSYoungGen: 323651K->18428K(328512K)] 955168K->656303K(1027584K), 0.0619400 secs] [Times: user=0.14 sys=0.00, real=0.06 secs] 
2501.901: [GC [PSYoungGen: 326076K->16420K(328576K)] 963951K->658820K(1027648K), 0.0537650 secs] [Times: user=0.14 sys=0.00, real=0.06 secs] 
2502.291: [GC [PSYoungGen: 324068K->17824K(328896K)] 966468K->664747K(1027968K), 0.0441450 secs] [Times: user=0.12 sys=0.00, real=0.05 secs] 
2502.668: [GC [PSYoungGen: 325984K->19770K(327936K)] 972907K->673337K(1027008K), 0.0422670 secs] [Times: user=0.13 sys=0.00, real=0.04 secs] 
2503.116: [GC [PSYoungGen: 327930K->16589K(328512K)] 981497K->676081K(1027584K), 0.0719130 secs] [Times: user=0.13 sys=0.00, real=0.07 secs] 
2503.528: [GC [PSYoungGen: 323917K->14962K(328320K)] 983409K->681367K(1027392K), 0.0591680 secs] [Times: user=0.12 sys=0.00, real=0.06 secs] 
2504.045: [GC [PSYoungGen: 322290K->17912K(328576K)] 988695K->690663K(1027648K), 0.0608260 secs] [Times: user=0.13 sys=0.01, real=0.06 secs] 
2504.433: [GC [PSYoungGen: 325432K->14693K(328448K)] 998183K->696493K(1027520K), 0.0416670 secs] [Times: user=0.13 sys=0.00, real=0.04 secs] 
2504.782: [GC [PSYoungGen: 322201K->16372K(328768K)] 1004001K->702233K(1027840K), 0.0514820 secs] [Times: user=0.12 sys=0.00, real=0.06 secs] 
2505.164: [GC [PSYoungGen: 324084K->20730K(328448K)] 1009945K->713428K(1027520K), 0.0592910 secs] [Times: user=0.14 sys=0.00, real=0.06 secs] 
2505.224: [Full GC [PSYoungGen: 20730K->0K(328448K)] [PSOldGen: 692697K->341932K(699072K)] 713428K->341932K(1027520K) [PSPermGen: 91643K->91587K(262144K)], 2.1034410 secs] [Times: user=2.10 sys=0.00, real=2.10 secs] 
2507.747: [GC [PSYoungGen: 307712K->21039K(320512K)] 649644K->363589K(1019584K), 0.0520580 secs] [Times: user=0.12 sys=0.00, real=0.05 secs] 
2508.162: [GC [PSYoungGen: 320495K->18033K(324480K)] 663045K->371633K(1023552K), 0.0484510 secs] [Times: user=0.15 sys=0.00, real=0.04 secs] 
2508.552: [GC [PSYoungGen: 317489K->16850K(325440K)] 671089K->376625K(1024512K), 0.0589280 secs] [Times: user=0.14 sys=0.01, real=0.06 secs] 
2508.952: [GC [PSYoungGen: 317906K->18085K(325120K)] 677681K->381523K(1024192K), 0.0754580 secs] [Times: user=0.13 sys=0.01, real=0.07 secs] 
2509.497: [GC [PSYoungGen: 319141K->17305K(326400K)] 682579K->387697K(1025472K), 0.0560510 secs] [Times: user=0.13 sys=0.01, real=0.06 secs] 
2509.880: [GC [PSYoungGen: 320217K->14936K(326016K)] 690609K->391422K(1025088K), 0.0463510 secs] [Times: user=0.12 sys=0.00, real=0.05 secs] 
2510.313: [GC [PSYoungGen: 317848K->17713K(326848K)] 694334K->399725K(1025920K), 0.0489830 secs] [Times: user=0.12 sys=0.00, real=0.05 secs] 
2510.822: [GC [PSYoungGen: 321393K->14261K(326336K)] 703405K->403251K(1025408K), 0.0601770 secs] [Times: user=0.12 sys=0.00, real=0.06 secs] 
2511.265: [GC [PSYoungGen: 317941K->17901K(327104K)] 706931K->410543K(1026176K), 0.0510880 secs] [Times: user=0.12 sys=0.00, real=0.05 secs] 
2511.731: [GC [PSYoungGen: 322221K->19341K(326720K)] 714863K->420167K(1025792K), 0.0554390 secs] [Times: user=0.14 sys=0.00, real=0.06 secs] 
2512.117: [GC [PSYoungGen: 323661K->12773K(326272K)] 724487K->423102K(1025344K), 0.0523390 secs] [Times: user=0.12 sys=0.01, real=0.05 secs] 
2512.575: [GC [PSYoungGen: 316453K->19861K(323584K)] 726782K->432692K(1022656K), 0.0676020 secs] [Times: user=0.15 sys=0.00, real=0.06 secs] 
2513.020: [GC [PSYoungGen: 323541K->17718K(326656K)] 736372K->439191K(1025728K), 0.0598130 secs] [Times: user=0.14 sys=0.00, real=0.06 secs] 
2513.403: [GC [PSYoungGen: 321014K->18797K(326144K)] 742487K->445909K(1025216K), 0.0492930 secs] [Times: user=0.13 sys=0.00, real=0.05 secs] 
2513.987: [GC [PSYoungGen: 322093K->16493K(326976K)] 749205K->452430K(1026048K), 0.0739940 secs] [Times: user=0.15 sys=0.00, real=0.07 secs] 
2514.392: [GC [PSYoungGen: 320620K->15881K(326656K)] 756558K->458065K(1025728K), 0.0484020 secs] [Times: user=0.12 sys=0.01, real=0.05 secs] 
2514.845: [GC [PSYoungGen: 320009K->15222K(327360K)] 762193K->462419K(1026432K), 0.0504580 secs] [Times: user=0.12 sys=0.00, real=0.05 secs] 
2515.275: [GC [PSYoungGen: 320310K->21681K(326784K)] 767507K->474866K(1025856K), 0.0598490 secs] [Times: user=0.14 sys=0.00, real=0.06 secs] 
2515.681: [GC [PSYoungGen: 326769K->17683K(326656K)] 779954K->481901K(1025728K), 0.0907400 secs] [Times: user=0.14 sys=0.00, real=0.09 secs] 
2516.063: [GC [PSYoungGen: 321619K->16300K(326720K)] 785837K->485833K(1025792K), 0.0562740 secs] [Times: user=0.12 sys=0.00, real=0.06 secs] 
2516.446: [GC [PSYoungGen: 320236K->18473K(327104K)] 789769K->492672K(1026176K), 0.0520990 secs] [Times: user=0.13 sys=0.00, real=0.05 secs] 
2516.936: [GC [PSYoungGen: 323049K->13127K(317760K)] 797248K->494509K(1016832K), 0.0633450 secs] [Times: user=0.11 sys=0.00, real=0.06 secs] 
2517.314: [GC [PSYoungGen: 317703K->21786K(324544K)] 799085K->507246K(1023616K), 0.0525960 secs] [Times: user=0.13 sys=0.00, real=0.06 secs] 
2517.677: [GC [PSYoungGen: 323674K->16981K(325696K)] 809134K->511457K(1024768K), 0.0398420 secs] [Times: user=0.13 sys=0.00, real=0.04 secs] 
2518.024: [GC [PSYoungGen: 318869K->19832K(325568K)] 813345K->520321K(1024640K), 0.0684660 secs] [Times: user=0.13 sys=0.01, real=0.07 secs] 
2518.460: [GC [PSYoungGen: 322104K->20231K(322560K)] 822593K->527276K(1021632K), 0.0521390 secs] [Times: user=0.13 sys=0.00, real=0.05 secs] 
2518.904: [GC [PSYoungGen: 322503K->17729K(326144K)] 829548K->531745K(1025216K), 0.0561180 secs] [Times: user=0.13 sys=0.00, real=0.05 secs] 
2519.288: [GC [PSYoungGen: 319937K->17703K(325568K)] 833953K->538651K(1024640K), 0.0540720 secs] [Times: user=0.14 sys=0.00, real=0.05 secs] 
2519.746: [GC [PSYoungGen: 319911K->16714K(326912K)] 840859K->545443K(1025984K), 0.0494550 secs] [Times: user=0.13 sys=0.00, real=0.05 secs] 
2520.203: [GC [PSYoungGen: 320714K->16159K(326592K)] 849443K->548865K(1025664K), 0.0789110 secs] [Times: user=0.11 sys=0.00, real=0.08 secs] 
2520.645: [GC [PSYoungGen: 320159K->18533K(327232K)] 852865K->555287K(1026304K), 0.0586380 secs] [Times: user=0.12 sys=0.00, real=0.05 secs] 
2521.083: [GC [PSYoungGen: 323365K->16022K(327104K)] 860119K->560700K(1026176K), 0.0541440 secs] [Times: user=0.13 sys=0.01, real=0.06 secs] 
2521.515: [GC [PSYoungGen: 320854K->12767K(326656K)] 865532K->561470K(1025728K), 0.0417490 secs] [Times: user=0.11 sys=0.00, real=0.04 secs] 
2521.860: [GC [PSYoungGen: 317343K->17447K(327040K)] 866046K->572241K(1026112K), 0.0735710 secs] [Times: user=0.12 sys=0.00, real=0.07 secs] 
2522.247: [GC [PSYoungGen: 322018K->20482K(325888K)] 876812K->582900K(1024960K), 0.0754460 secs] [Times: user=0.15 sys=0.00, real=0.07 secs] 
2522.630: [GC [PSYoungGen: 324290K->19391K(323200K)] 886708K->589333K(1022272K), 0.0474480 secs] [Times: user=0.14 sys=0.00, real=0.05 secs] 
2523.005: [GC [PSYoungGen: 323199K->18905K(326592K)] 893141K->594543K(1025664K), 0.0459830 secs] [Times: user=0.13 sys=0.00, real=0.04 secs] 
2523.497: [GC [PSYoungGen: 322521K->16756K(326528K)] 898159K->596190K(1025600K), 0.0995660 secs] [Times: user=0.12 sys=0.00, real=0.10 secs] 
2523.907: [GC [PSYoungGen: 320372K->20009K(326144K)] 899806K->603982K(1025216K), 0.0624020 secs] [Times: user=0.13 sys=0.00, real=0.06 secs] 
2524.377: [GC [PSYoungGen: 323561K->15046K(326528K)] 907534K->607620K(1025600K), 0.1071830 secs] [Times: user=0.14 sys=0.00, real=0.10 secs] 
2525.034: [GC [PSYoungGen: 318598K->17354K(327040K)] 911172K->614663K(1026112K), 0.0630210 secs] [Times: user=0.14 sys=0.00, real=0.07 secs] 
2525.413: [GC [PSYoungGen: 321418K->18532K(326528K)] 918727K->622736K(1025600K), 0.0583570 secs] [Times: user=0.14 sys=0.00, real=0.06 secs] 
2525.818: [GC [PSYoungGen: 322596K->16256K(327360K)] 926800K->628977K(1026432K), 0.0707140 secs] [Times: user=0.12 sys=0.01, real=0.07 secs] 
2526.282: [GC [PSYoungGen: 321280K->17924K(327168K)] 934001K->635715K(1026240K), 0.0843390 secs] [Times: user=0.12 sys=0.01, real=0.09 secs] 
2526.703: [GC [PSYoungGen: 322948K->19853K(326912K)] 940739K->641698K(1025984K), 0.0917340 secs] [Times: user=0.13 sys=0.00, real=0.09 secs] 
2527.247: [GC [PSYoungGen: 324941K->17407K(327296K)] 946786K->642520K(1026368K), 0.0441470 secs] [Times: user=0.12 sys=0.01, real=0.04 secs] 
2527.690: [GC [PSYoungGen: 322495K->16017K(327744K)] 947608K->645985K(1026816K), 0.0422790 secs] [Times: user=0.13 sys=0.00, real=0.04 secs] 
2528.059: [GC [PSYoungGen: 321937K->16949K(327680K)] 951905K->655373K(1026752K), 0.0555720 secs] [Times: user=0.14 sys=0.00, real=0.05 secs] 
2528.515: [GC [PSYoungGen: 322869K->19093K(327680K)] 961293K->662041K(1026752K), 0.0716160 secs] [Times: user=0.13 sys=0.00, real=0.08 secs] 
2529.073: [GC [PSYoungGen: 325333K->17425K(327872K)] 968281K->664685K(1026944K), 0.0696090 secs] [Times: user=0.12 sys=0.00, real=0.07 secs] 
2529.494: [GC [PSYoungGen: 323665K->18301K(328320K)] 970925K->670557K(1027392K), 0.1103790 secs] [Times: user=0.15 sys=0.00, real=0.11 secs] 
2529.945: [GC [PSYoungGen: 325309K->17211K(328192K)] 977565K->677126K(1027264K), 0.0438370 secs] [Times: user=0.14 sys=0.00, real=0.05 secs] 
2530.326: [GC [PSYoungGen: 324219K->14868K(328320K)] 984134K->680018K(1027392K), 0.0460420 secs] [Times: user=0.13 sys=0.00, real=0.04 secs] 
2530.689: [GC [PSYoungGen: 322260K->18493K(325888K)] 987410K->690960K(1024960K), 0.0581230 secs] [Times: user=0.14 sys=0.00, real=0.06 secs] 
2531.152: [GC [PSYoungGen: 325885K->18029K(328576K)] 998352K->697863K(1027648K), 0.0815140 secs] [Times: user=0.14 sys=0.00, real=0.08 secs] 
2531.568: [GC [PSYoungGen: 325485K->18479K(328384K)] 1005319K->703599K(1027456K), 0.0491680 secs] [Times: user=0.13 sys=0.01, real=0.05 secs] 
2532.003: [GC [PSYoungGen: 325920K->14792K(328192K)] 1011040K->706324K(1027264K), 0.0822610 secs] [Times: user=0.15 sys=0.00, real=0.09 secs] 
2532.087: [Full GC [PSYoungGen: 14792K->0K(328192K)] [PSOldGen: 691532K->372761K(699072K)] 706324K->372761K(1027264K) [PSPermGen: 91600K->91600K(262144K)], 1.9145880 secs] [Times: user=1.89 sys=0.03, real=1.91 secs] 
2534.342: [GC [PSYoungGen: 307264K->19399K(326720K)] 680025K->392161K(1025792K), 0.0476090 secs] [Times: user=0.11 sys=0.00, real=0.05 secs] 
2534.812: [GC [PSYoungGen: 326663K->16367K(328192K)] 699425K->397807K(1027264K), 0.1243550 secs] [Times: user=0.16 sys=0.00, real=0.13 secs] 
2535.318: [GC [PSYoungGen: 323055K->19138K(325888K)] 704495K->406840K(1024960K), 0.0532810 secs] [Times: user=0.13 sys=0.00, real=0.05 secs] 
2535.792: [GC [PSYoungGen: 325821K->14644K(327680K)] 713522K->408543K(1026752K), 0.0405860 secs] [Times: user=0.12 sys=0.01, real=0.04 secs] 
2536.175: [GC [PSYoungGen: 320756K->18690K(324864K)] 714655K->418786K(1023936K), 0.0487970 secs] [Times: user=0.13 sys=0.00, real=0.05 secs] 
2536.530: [GC [PSYoungGen: 324802K->15955K(327936K)] 724898K->425816K(1027008K), 0.0660750 secs] [Times: user=0.14 sys=0.00, real=0.06 secs] 
2536.899: [GC [PSYoungGen: 322131K->17033K(327744K)] 731992K->431108K(1026816K), 0.0577800 secs] [Times: user=0.11 sys=0.00, real=0.06 secs] 
2537.296: [GC [PSYoungGen: 323209K->18993K(327808K)] 737284K->440639K(1026880K), 0.0562100 secs] [Times: user=0.14 sys=0.00, real=0.06 secs] 
2537.682: [GC [PSYoungGen: 325617K->15301K(328064K)] 747263K->444169K(1027136K), 0.0609620 secs] [Times: user=0.13 sys=0.00, real=0.06 secs] 
2538.122: [GC [PSYoungGen: 321925K->15885K(328256K)] 750793K->449913K(1027328K), 0.0469070 secs] [Times: user=0.12 sys=0.01, real=0.05 secs] 
2538.503: [GC [PSYoungGen: 322701K->16187K(328064K)] 756729K->456346K(1027136K), 0.0464410 secs] [Times: user=0.12 sys=0.00, real=0.05 secs] 
2538.869: [GC [PSYoungGen: 323003K->14155K(328384K)] 763162K->459645K(1027456K), 0.0376660 secs] [Times: user=0.12 sys=0.00, real=0.03 secs] 
2539.245: [GC [PSYoungGen: 321547K->15473K(328448K)] 767037K->468641K(1027520K), 0.0640070 secs] [Times: user=0.14 sys=0.00, real=0.07 secs] 
2539.620: [GC [PSYoungGen: 322865K->17171K(328896K)] 776033K->477988K(1027968K), 0.0401300 secs] [Times: user=0.13 sys=0.00, real=0.04 secs] 
2540.027: [GC [PSYoungGen: 325203K->18674K(326720K)] 786020K->483499K(1025792K), 0.0537640 secs] [Times: user=0.15 sys=0.00, real=0.05 secs] 
2540.416: [GC [PSYoungGen: 326706K->17678K(328640K)] 791531K->490108K(1027712K), 0.0587600 secs] [Times: user=0.14 sys=0.02, real=0.06 secs] 
2540.774: [GC [PSYoungGen: 325326K->13390K(321088K)] 797756K->491920K(1020160K), 0.0426380 secs] [Times: user=0.11 sys=0.00, real=0.04 secs] 
2541.201: [GC [PSYoungGen: 321038K->12540K(328000K)] 799568K->495409K(1027072K), 0.0497700 secs] [Times: user=0.10 sys=0.00, real=0.05 secs] 
2541.668: [GC [PSYoungGen: 319419K->17369K(328192K)] 802288K->505311K(1027264K), 0.0447390 secs] [Times: user=0.12 sys=0.01, real=0.04 secs] 
2542.103: [GC [PSYoungGen: 324249K->17671K(328256K)] 812191K->512824K(1027328K), 0.0697160 secs] [Times: user=0.13 sys=0.00, real=0.07 secs] 
2542.522: [GC [PSYoungGen: 324679K->17505K(328256K)] 819832K->519687K(1027328K), 0.0819980 secs] [Times: user=0.21 sys=0.01, real=0.08 secs] 
2542.952: [GC [PSYoungGen: 324513K->18582K(327680K)] 826695K->530632K(1026752K), 0.0603910 secs] [Times: user=0.14 sys=0.00, real=0.06 secs] 
2543.343: [GC [PSYoungGen: 325078K->13016K(319552K)] 837128K->532115K(1018624K), 0.0390920 secs] [Times: user=0.11 sys=0.00, real=0.04 secs] 
2543.734: [GC [PSYoungGen: 319512K->15465K(328256K)] 838611K->539798K(1027328K), 0.0614310 secs] [Times: user=0.11 sys=0.00, real=0.06 secs] 
2544.092: [GC [PSYoungGen: 322089K->16252K(327872K)] 846422K->544304K(1026944K), 0.0440830 secs] [Times: user=0.13 sys=0.01, real=0.04 secs] 
2544.524: [GC [PSYoungGen: 322876K->20425K(326528K)] 850928K->555985K(1025600K), 0.0516820 secs] [Times: user=0.15 sys=0.00, real=0.05 secs] 
2544.953: [GC [PSYoungGen: 326153K->13483K(327616K)] 861713K->557812K(1026688K), 0.0724320 secs] [Times: user=0.13 sys=0.00, real=0.07 secs] 
2545.438: [GC [PSYoungGen: 319211K->17809K(327616K)] 863540K->568397K(1026688K), 0.0523510 secs] [Times: user=0.13 sys=0.00, real=0.06 secs] 
2545.943: [GC [PSYoungGen: 323537K->18485K(324224K)] 874125K->577635K(1023296K), 0.0617520 secs] [Times: user=0.15 sys=0.00, real=0.06 secs] 
2546.383: [GC [PSYoungGen: 324181K->16565K(327936K)] 883331K->583725K(1027008K), 0.0470040 secs] [Times: user=0.13 sys=0.01, real=0.05 secs] 
2546.806: [GC [PSYoungGen: 322421K->18697K(327424K)] 889581K->591198K(1026496K), 0.0575340 secs] [Times: user=0.12 sys=0.00, real=0.06 secs] 
2547.276: [GC [PSYoungGen: 324553K->15306K(327872K)] 897054K->593871K(1026944K), 0.1141040 secs] [Times: user=0.12 sys=0.00, real=0.12 secs] 
2547.724: [GC [PSYoungGen: 321354K->19067K(325120K)] 899919K->604228K(1024192K), 0.0610200 secs] [Times: user=0.14 sys=0.00, real=0.06 secs] 
2548.124: [GC [PSYoungGen: 325115K->15931K(327808K)] 910276K->607739K(1026880K), 0.0466650 secs] [Times: user=0.13 sys=0.00, real=0.05 secs] 
2548.524: [GC [PSYoungGen: 321723K->18496K(327488K)] 913531K->613919K(1026560K), 0.0451060 secs] [Times: user=0.12 sys=0.00, real=0.05 secs] 
2548.898: [GC [PSYoungGen: 324288K->15084K(327872K)] 919711K->618447K(1026944K), 0.0510530 secs] [Times: user=0.12 sys=0.00, real=0.05 secs] 
2549.314: [GC [PSYoungGen: 321196K->16316K(327744K)] 924559K->626136K(1026816K), 0.0477080 secs] [Times: user=0.12 sys=0.00, real=0.05 secs] 
2549.748: [GC [PSYoungGen: 322428K->17018K(328576K)] 932248K->633103K(1027648K), 0.0826450 secs] [Times: user=0.13 sys=0.01, real=0.09 secs] 
2550.164: [GC [PSYoungGen: 324346K->17967K(328256K)] 940431K->640818K(1027328K), 0.0505190 secs] [Times: user=0.14 sys=0.00, real=0.05 secs] 
2550.587: [GC [PSYoungGen: 325295K->13696K(328320K)] 948146K->643638K(1027392K), 0.0496660 secs] [Times: user=0.13 sys=0.00, real=0.05 secs] 
2551.032: [GC [PSYoungGen: 321088K->16494K(328448K)] 951030K->651642K(1027520K), 0.0540800 secs] [Times: user=0.12 sys=0.01, real=0.05 secs] 
2551.511: [GC [PSYoungGen: 323886K->16287K(329216K)] 959034K->658370K(1028288K), 0.0680360 secs] [Times: user=0.14 sys=0.00, real=0.07 secs] 
2551.897: [GC [PSYoungGen: 324831K->18505K(328832K)] 966914K->666361K(1027904K), 0.0514390 secs] [Times: user=0.13 sys=0.00, real=0.06 secs] 
2552.276: [GC [PSYoungGen: 327049K->18003K(328704K)] 974905K->673625K(1027776K), 0.0555560 secs] [Times: user=0.14 sys=0.00, real=0.06 secs] 
2552.680: [GC [PSYoungGen: 326035K->16483K(328768K)] 981657K->677718K(1027840K), 0.0587030 secs] [Times: user=0.14 sys=0.00, real=0.05 secs] 
2553.070: [GC [PSYoungGen: 324515K->15340K(329216K)] 985750K->683947K(1028288K), 0.0654190 secs] [Times: user=0.12 sys=0.01, real=0.06 secs] 
2553.441: [GC [PSYoungGen: 324140K->18543K(327360K)] 992747K->693498K(1026432K), 0.0796410 secs] [Times: user=0.15 sys=0.00, real=0.08 secs] 
2553.781: [GC [PSYoungGen: 327343K->19598K(327616K)] 1002298K->701495K(1026688K), 0.0583190 secs] [Times: user=0.14 sys=0.00, real=0.06 secs] 
2554.169: [GC [PSYoungGen: 326606K->14108K(321152K)] 1008503K->704239K(1020224K), 0.0570000 secs] [Times: user=0.13 sys=0.00, real=0.05 secs] 
2554.227: [Full GC [PSYoungGen: 14108K->0K(321152K)] [PSOldGen: 690131K->371715K(699072K)] 704239K->371715K(1020224K) [PSPermGen: 91619K->91619K(262144K)], 1.8577480 secs] [Times: user=1.86 sys=0.00, real=1.86 secs] 
2556.477: [GC [PSYoungGen: 307008K->21113K(325824K)] 678723K->392828K(1024896K), 0.0430090 secs] [Times: user=0.11 sys=0.00, real=0.05 secs] 
2556.879: [GC [PSYoungGen: 325561K->18564K(326976K)] 697276K->401573K(1026048K), 0.0683940 secs] [Times: user=0.15 sys=0.00, real=0.07 secs] 
2557.306: [GC [PSYoungGen: 323012K->16927K(327488K)] 706021K->405937K(1026560K), 0.0492020 secs] [Times: user=0.12 sys=0.00, real=0.05 secs] 
2557.761: [GC [PSYoungGen: 321951K->14952K(327040K)] 710961K->409252K(1026112K), 0.0563280 secs] [Times: user=0.11 sys=0.00, real=0.05 secs] 
2558.161: [GC [PSYoungGen: 319976K->19125K(326976K)] 714276K->419776K(1026048K), 0.0716510 secs] [Times: user=0.14 sys=0.00, real=0.07 secs] 
2558.659: [GC [PSYoungGen: 324085K->18520K(327232K)] 724736K->425476K(1026304K), 0.0656470 secs] [Times: user=0.13 sys=0.00, real=0.07 secs] 
2559.070: [GC [PSYoungGen: 323480K->15293K(327424K)] 730436K->429612K(1026496K), 0.0489640 secs] [Times: user=0.13 sys=0.00, real=0.05 secs] 
2559.541: [GC [PSYoungGen: 320509K->17712K(327296K)] 734828K->437666K(1026368K), 0.0473630 secs] [Times: user=0.13 sys=0.00, real=0.04 secs] 
2559.988: [GC [PSYoungGen: 322922K->20374K(326336K)] 742876K->447963K(1025408K), 0.0720950 secs] [Times: user=0.16 sys=0.01, real=0.08 secs] 
2560.438: [GC [PSYoungGen: 324950K->20970K(325568K)] 752539K->453453K(1024640K), 0.0619340 secs] [Times: user=0.14 sys=0.00, real=0.07 secs] 
2560.904: [GC [PSYoungGen: 325546K->17184K(326656K)] 758029K->456191K(1025728K), 0.0855730 secs] [Times: user=0.13 sys=0.00, real=0.08 secs] 
2561.386: [GC [PSYoungGen: 320608K->16504K(326272K)] 759615K->460125K(1025344K), 0.0693750 secs] [Times: user=0.11 sys=0.00, real=0.07 secs] 
2561.837: [GC [PSYoungGen: 319928K->16075K(327104K)] 763549K->463493K(1026176K), 0.0444960 secs] [Times: user=0.11 sys=0.01, real=0.05 secs] 
2562.297: [GC [PSYoungGen: 320587K->15943K(326912K)] 768005K->470224K(1025984K), 0.0821840 secs] [Times: user=0.13 sys=0.00, real=0.09 secs] 
2562.708: [GC [PSYoungGen: 320455K->18067K(327552K)] 774736K->479957K(1026624K), 0.0642940 secs] [Times: user=0.14 sys=0.00, real=0.07 secs] 
2563.106: [GC [PSYoungGen: 323475K->15810K(327360K)] 785365K->484035K(1026432K), 0.0687000 secs] [Times: user=0.12 sys=0.00, real=0.07 secs] 
2563.499: [GC [PSYoungGen: 321218K->16909K(328128K)] 789443K->490785K(1027200K), 0.0695800 secs] [Times: user=0.14 sys=0.02, real=0.07 secs] 
2564.014: [GC [PSYoungGen: 323277K->18878K(327744K)] 797153K->500612K(1026816K), 0.0860700 secs] [Times: user=0.14 sys=0.00, real=0.08 secs] 
2564.418: [GC [PSYoungGen: 325246K->17078K(328256K)] 806980K->504646K(1027328K), 0.0488760 secs] [Times: user=0.13 sys=0.00, real=0.05 secs] 
2564.851: [GC [PSYoungGen: 323766K->16440K(327936K)] 811334K->509274K(1027008K), 0.0737270 secs] [Times: user=0.13 sys=0.00, real=0.07 secs] 
2565.277: [GC [PSYoungGen: 323128K->17277K(328832K)] 815962K->516848K(1027904K), 0.0494360 secs] [Times: user=0.12 sys=0.00, real=0.05 secs] 
2565.686: [GC [PSYoungGen: 325117K->18384K(328512K)] 824688K->522598K(1027584K), 0.0470950 secs] [Times: user=0.12 sys=0.00, real=0.05 secs] 
2566.107: [GC [PSYoungGen: 326220K->14465K(328512K)] 830433K->526207K(1027584K), 0.0712200 secs] [Times: user=0.13 sys=0.00, real=0.07 secs] 
2566.559: [GC [PSYoungGen: 322233K->14785K(322624K)] 833975K->531044K(1021696K), 0.0433940 secs] [Times: user=0.11 sys=0.00, real=0.05 secs] 
2567.000: [GC [PSYoungGen: 322561K->15271K(328704K)] 838820K->535348K(1027776K), 0.0452720 secs] [Times: user=0.11 sys=0.00, real=0.05 secs] 
2567.432: [GC [PSYoungGen: 323047K->17434K(328576K)] 843124K->545426K(1027648K), 0.0638870 secs] [Times: user=0.13 sys=0.00, real=0.06 secs] 
2567.801: [GC [PSYoungGen: 325207K->19239K(327808K)] 853199K->553291K(1026880K), 0.0509090 secs] [Times: user=0.13 sys=0.00, real=0.05 secs] 
2568.250: [GC [PSYoungGen: 326375K->16658K(328320K)] 860427K->559278K(1027392K), 0.0587600 secs] [Times: user=0.13 sys=0.00, real=0.06 secs] 
2568.665: [GC [PSYoungGen: 323794K->18852K(328064K)] 866414K->567655K(1027136K), 0.0454690 secs] [Times: user=0.13 sys=0.01, real=0.05 secs] 
2569.152: [GC [PSYoungGen: 326116K->18199K(328384K)] 874919K->573845K(1027456K), 0.0813230 secs] [Times: user=0.14 sys=0.00, real=0.08 secs] 
2569.695: [GC [PSYoungGen: 325463K->20203K(326976K)] 881109K->581656K(1026048K), 0.0969020 secs] [Times: user=0.14 sys=0.00, real=0.10 secs] 
2570.149: [GC [PSYoungGen: 326059K->20179K(326080K)] 887512K->587940K(1025152K), 0.0569410 secs] [Times: user=0.15 sys=0.00, real=0.06 secs] 
2570.551: [GC [PSYoungGen: 326035K->21061K(325632K)] 893796K->595977K(1024704K), 0.0852730 secs] [Times: user=0.15 sys=0.00, real=0.09 secs] 
2571.038: [GC [PSYoungGen: 324357K->19685K(323008K)] 899273K->600021K(1022080K), 0.0659980 secs] [Times: user=0.14 sys=0.01, real=0.07 secs] 
2571.478: [GC [PSYoungGen: 322981K->14500K(325952K)] 903317K->600008K(1025024K), 0.0583160 secs] [Times: user=0.11 sys=0.01, real=0.06 secs] 
2571.858: [GC [PSYoungGen: 317284K->20759K(323584K)] 902792K->610344K(1022656K), 0.0525600 secs] [Times: user=0.13 sys=0.00, real=0.05 secs] 
2572.310: [GC [PSYoungGen: 323543K->18871K(325952K)] 913128K->615719K(1025024K), 0.0552020 secs] [Times: user=0.15 sys=0.01, real=0.06 secs] 
2572.682: [GC [PSYoungGen: 320951K->15726K(325632K)] 917799K->619745K(1024704K), 0.0606190 secs] [Times: user=0.13 sys=0.00, real=0.07 secs] 
2573.016: [GC [PSYoungGen: 317806K->15142K(326080K)] 921825K->625934K(1025152K), 0.0618110 secs] [Times: user=0.14 sys=0.00, real=0.06 secs] 
2573.403: [GC [PSYoungGen: 317798K->18050K(326080K)] 928590K->634806K(1025152K), 0.0581550 secs] [Times: user=0.13 sys=0.01, real=0.05 secs] 
2573.737: [GC [PSYoungGen: 320706K->22907K(323840K)] 937462K->648988K(1022912K), 0.0757680 secs] [Times: user=0.15 sys=0.01, real=0.07 secs] 
2574.180: [GC [PSYoungGen: 323771K->17967K(325184K)] 949852K->651091K(1024256K), 0.0630330 secs] [Times: user=0.14 sys=0.00, real=0.07 secs] 
2574.559: [GC [PSYoungGen: 318831K->20539K(325184K)] 951955K->659056K(1024256K), 0.0734670 secs] [Times: user=0.15 sys=0.00, real=0.07 secs] 
2574.988: [GC [PSYoungGen: 321915K->14144K(315584K)] 960432K->657307K(1014656K), 0.0570200 secs] [Times: user=0.11 sys=0.01, real=0.06 secs] 
2575.381: [GC [PSYoungGen: 315520K->14071K(325120K)] 958682K->661720K(1024192K), 0.0479920 secs] [Times: user=0.12 sys=0.00, real=0.05 secs] 
2575.718: [GC [PSYoungGen: 314935K->18027K(325184K)] 962584K->671740K(1024256K), 0.0564260 secs] [Times: user=0.14 sys=0.00, real=0.06 secs] 
2576.085: [GC [PSYoungGen: 318891K->18146K(326144K)] 972604K->680633K(1025216K), 0.0544140 secs] [Times: user=0.14 sys=0.01, real=0.05 secs] 
2576.486: [GC [PSYoungGen: 320482K->17211K(325696K)] 982969K->687763K(1024768K), 0.0494590 secs] [Times: user=0.13 sys=0.00, real=0.05 secs] 
2576.900: [GC [PSYoungGen: 319547K->14074K(326464K)] 990099K->692053K(1025536K), 0.0469580 secs] [Times: user=0.13 sys=0.00, real=0.05 secs] 
2577.315: [GC [PSYoungGen: 317626K->19433K(323008K)] 995605K->703323K(1022080K), 0.0468040 secs] [Times: user=0.13 sys=0.00, real=0.04 secs] 
2577.656: [GC [PSYoungGen: 322985K->18467K(326528K)] 1006875K->710847K(1025600K), 0.0642280 secs] [Times: user=0.14 sys=0.01, real=0.06 secs] 
2577.720: [Full GC [PSYoungGen: 18467K->0K(326528K)] [PSOldGen: 692380K->379658K(699072K)] 710847K->379658K(1025600K) [PSPermGen: 91633K->91633K(262144K)], 1.8649380 secs] [Times: user=1.87 sys=0.00, real=1.87 secs] 
2579.877: [GC [PSYoungGen: 303296K->22956K(326272K)] 682954K->403111K(1025344K), 0.0472540 secs] [Times: user=0.13 sys=0.00, real=0.05 secs] 
2580.244: [GC [PSYoungGen: 326250K->14432K(323456K)] 706405K->407121K(1022528K), 0.1074100 secs] [Times: user=0.15 sys=0.01, real=0.10 secs] 
2580.682: [GC [PSYoungGen: 314650K->19681K(324864K)] 707340K->416784K(1023936K), 0.0461230 secs] [Times: user=0.13 sys=0.00, real=0.05 secs] 
2581.039: [GC [PSYoungGen: 319905K->13932K(324864K)] 717008K->419652K(1023936K), 0.0503270 secs] [Times: user=0.14 sys=0.00, real=0.05 secs] 
2581.478: [GC [PSYoungGen: 314156K->17786K(324864K)] 719876K->429899K(1023936K), 0.0479570 secs] [Times: user=0.13 sys=0.00, real=0.05 secs] 
2581.900: [GC [PSYoungGen: 318010K->16523K(325952K)] 730123K->435946K(1025024K), 0.0461100 secs] [Times: user=0.13 sys=0.00, real=0.05 secs] 
2582.329: [GC [PSYoungGen: 318475K->17277K(325504K)] 737898K->443546K(1024576K), 0.0486980 secs] [Times: user=0.13 sys=0.00, real=0.05 secs] 
2582.767: [GC [PSYoungGen: 319229K->17016K(326976K)] 745498K->449566K(1026048K), 0.0504960 secs] [Times: user=0.12 sys=0.00, real=0.05 secs] 
2583.123: [GC [PSYoungGen: 320952K->14773K(326464K)] 753502K->454149K(1025536K), 0.0467160 secs] [Times: user=0.12 sys=0.00, real=0.05 secs] 
2583.521: [GC [PSYoungGen: 318709K->17264K(327488K)] 758085K->462843K(1026560K), 0.0596020 secs] [Times: user=0.13 sys=0.00, real=0.06 secs] 
2583.899: [GC [PSYoungGen: 322288K->12583K(327040K)] 767867K->464689K(1026112K), 0.0398490 secs] [Times: user=0.12 sys=0.00, real=0.04 secs] 
2584.284: [GC [PSYoungGen: 317607K->19789K(326080K)] 769713K->477031K(1025152K), 0.0433890 secs] [Times: user=0.12 sys=0.00, real=0.05 secs] 
2584.692: [GC [PSYoungGen: 323597K->18187K(326656K)] 780839K->486479K(1025728K), 0.0719870 secs] [Times: user=0.16 sys=0.00, real=0.08 secs] 
2585.144: [GC [PSYoungGen: 321995K->16941K(327296K)] 790287K->490613K(1026368K), 0.0628950 secs] [Times: user=0.13 sys=0.00, real=0.07 secs] 
2585.587: [GC [PSYoungGen: 321510K->16312K(326784K)] 795182K->495688K(1025856K), 0.0540680 secs] [Times: user=0.13 sys=0.01, real=0.05 secs] 
2585.994: [GC [PSYoungGen: 320888K->17940K(327808K)] 800264K->504348K(1026880K), 0.0590730 secs] [Times: user=0.13 sys=0.01, real=0.06 secs] 
2586.428: [GC [PSYoungGen: 323924K->18117K(327680K)] 810332K->512534K(1026752K), 0.0453250 secs] [Times: user=0.14 sys=0.00, real=0.04 secs] 
2586.814: [GC [PSYoungGen: 324101K->19624K(326976K)] 818518K->518493K(1026048K), 0.0489210 secs] [Times: user=0.13 sys=0.00, real=0.05 secs] 
2587.173: [GC [PSYoungGen: 324968K->17846K(327424K)] 823837K->524568K(1026496K), 0.0712190 secs] [Times: user=0.14 sys=0.00, real=0.07 secs] 
2587.617: [GC [PSYoungGen: 323190K->19436K(327232K)] 829912K->534598K(1026304K), 0.0533210 secs] [Times: user=0.15 sys=0.00, real=0.05 secs] 
2588.009: [GC [PSYoungGen: 324908K->21825K(327360K)] 840070K->542850K(1026432K), 0.0691960 secs] [Times: user=0.15 sys=0.00, real=0.07 secs] 
2588.410: [GC [PSYoungGen: 327297K->14713K(325184K)] 848322K->543596K(1024256K), 0.0593140 secs] [Times: user=0.12 sys=0.01, real=0.06 secs] 
2588.863: [GC [PSYoungGen: 317753K->17874K(326272K)] 846636K->549933K(1025344K), 0.0671480 secs] [Times: user=0.13 sys=0.00, real=0.07 secs] 
2589.310: [GC [PSYoungGen: 320914K->16070K(326976K)] 852973K->556809K(1026048K), 0.0558750 secs] [Times: user=0.14 sys=0.00, real=0.06 secs] 
2589.687: [GC [PSYoungGen: 320326K->19148K(326784K)] 861065K->565714K(1025856K), 0.0780300 secs] [Times: user=0.20 sys=0.01, real=0.07 secs] 
2590.119: [GC [PSYoungGen: 323404K->17465K(327360K)] 869970K->572054K(1026432K), 0.0582130 secs] [Times: user=0.14 sys=0.00, real=0.06 secs] 
2590.477: [GC [PSYoungGen: 322233K->18060K(326912K)] 876822K->578093K(1025984K), 0.0460170 secs] [Times: user=0.13 sys=0.00, real=0.04 secs] 
2590.829: [GC [PSYoungGen: 322828K->16158K(327808K)] 882861K->582641K(1026880K), 0.0569730 secs] [Times: user=0.14 sys=0.01, real=0.06 secs] 
2591.196: [GC [PSYoungGen: 322137K->18596K(327680K)] 888621K->590379K(1026752K), 0.0514630 secs] [Times: user=0.14 sys=0.00, real=0.05 secs] 
2591.632: [GC [PSYoungGen: 324580K->11990K(326656K)] 896363K->589880K(1025728K), 0.0982040 secs] [Times: user=0.12 sys=0.00, real=0.10 secs] 
2592.090: [GC [PSYoungGen: 316950K->20680K(325696K)] 894840K->604020K(1024768K), 0.0615190 secs] [Times: user=0.14 sys=0.00, real=0.06 secs] 
2592.524: [GC [PSYoungGen: 325640K->19537K(326080K)] 908980K->614165K(1025152K), 0.0911510 secs] [Times: user=0.16 sys=0.01, real=0.10 secs] 
2592.895: [GC [PSYoungGen: 322577K->18291K(326272K)] 917205K->619173K(1025344K), 0.0540500 secs] [Times: user=0.13 sys=0.00, real=0.06 secs] 
2593.379: [GC [PSYoungGen: 321331K->18623K(326784K)] 922212K->623332K(1025856K), 0.0655960 secs] [Times: user=0.12 sys=0.00, real=0.06 secs] 
2593.764: [GC [PSYoungGen: 322495K->16646K(326592K)] 927204K->630224K(1025664K), 0.0541460 secs] [Times: user=0.13 sys=0.00, real=0.06 secs] 
2594.151: [GC [PSYoungGen: 320518K->18685K(327168K)] 934096K->637521K(1026240K), 0.0489680 secs] [Times: user=0.14 sys=0.00, real=0.05 secs] 
2594.651: [GC [PSYoungGen: 323389K->17242K(327040K)] 942225K->640835K(1026112K), 0.0685880 secs] [Times: user=0.13 sys=0.00, real=0.07 secs] 
2595.170: [GC [PSYoungGen: 321946K->14301K(327232K)] 945539K->647668K(1026304K), 0.0472490 secs] [Times: user=0.15 sys=0.00, real=0.05 secs] 
2595.606: [GC [PSYoungGen: 319517K->15972K(327360K)] 952884K->656566K(1026432K), 0.0400050 secs] [Times: user=0.14 sys=0.00, real=0.04 secs] 
2596.015: [GC [PSYoungGen: 321188K->18868K(327296K)] 961782K->666842K(1026368K), 0.0526920 secs] [Times: user=0.14 sys=0.00, real=0.06 secs] 
2596.417: [GC [PSYoungGen: 324212K->16722K(327424K)] 972186K->673615K(1026496K), 0.0551200 secs] [Times: user=0.14 sys=0.00, real=0.05 secs] 
2596.855: [GC [PSYoungGen: 322066K->16624K(328064K)] 978959K->680795K(1027136K), 0.0552870 secs] [Times: user=0.13 sys=0.00, real=0.06 secs] 
2597.294: [GC [PSYoungGen: 322992K->15651K(327808K)] 987163K->686040K(1026880K), 0.0934250 secs] [Times: user=0.13 sys=0.01, real=0.10 secs] 
2597.724: [GC [PSYoungGen: 322019K->19956K(326976K)] 992408K->694968K(1026048K), 0.0518220 secs] [Times: user=0.14 sys=0.00, real=0.05 secs] 
2598.198: [GC [PSYoungGen: 325675K->16224K(327616K)] 1000686K->697040K(1026688K), 0.0457680 secs] [Times: user=0.13 sys=0.00, real=0.04 secs] 
2598.666: [GC [PSYoungGen: 321952K->20085K(326656K)] 1002768K->705254K(1025728K), 0.0493820 secs] [Times: user=0.13 sys=0.00, real=0.05 secs] 
2599.082: [GC [PSYoungGen: 325045K->16615K(327232K)] 1010214K->711679K(1026304K), 0.0510310 secs] [Times: user=0.14 sys=0.00, real=0.05 secs] 
2599.133: [Full GC [PSYoungGen: 16615K->0K(327232K)] [PSOldGen: 695063K->346213K(699072K)] 711679K->346213K(1026304K) [PSPermGen: 91641K->91588K(262144K)], 2.0322230 secs] [Times: user=2.03 sys=0.01, real=2.03 secs] 
2601.510: [GC [PSYoungGen: 304960K->21419K(325504K)] 651173K->367633K(1024576K), 0.0530460 secs] [Times: user=0.12 sys=0.00, real=0.05 secs] 
2601.935: [GC [PSYoungGen: 324971K->17983K(326528K)] 671185K->373758K(1025600K), 0.0584830 secs] [Times: user=0.14 sys=0.00, real=0.06 secs] 
2602.393: [GC [PSYoungGen: 321535K->15421K(327040K)] 677310K->379312K(1026112K), 0.0680670 secs] [Times: user=0.13 sys=0.00, real=0.07 secs] 
2602.870: [GC [PSYoungGen: 319933K->15096K(326976K)] 683824K->381918K(1026048K), 0.0413780 secs] [Times: user=0.11 sys=0.00, real=0.04 secs] 
2603.289: [GC [PSYoungGen: 319608K->17768K(327424K)] 686430K->390087K(1026496K), 0.0510750 secs] [Times: user=0.12 sys=0.00, real=0.05 secs] 
2603.670: [GC [PSYoungGen: 322792K->16055K(327104K)] 695111K->395360K(1026176K), 0.1122320 secs] [Times: user=0.12 sys=0.00, real=0.11 secs] 
2604.166: [GC [PSYoungGen: 321079K->13705K(327296K)] 700384K->397911K(1026368K), 0.0424240 secs] [Times: user=0.11 sys=0.00, real=0.05 secs] 
2604.500: [GC [PSYoungGen: 319177K->18206K(327488K)] 703383K->406715K(1026560K), 0.0411450 secs] [Times: user=0.13 sys=0.00, real=0.04 secs] 
2604.907: [GC [PSYoungGen: 323678K->19049K(327040K)] 712187K->416904K(1026112K), 0.0671900 secs] [Times: user=0.15 sys=0.00, real=0.07 secs] 
2605.444: [GC [PSYoungGen: 324137K->21397K(326528K)] 721992K->424908K(1025600K), 0.0834420 secs] [Times: user=0.14 sys=0.00, real=0.09 secs] 
2605.857: [GC [PSYoungGen: 326485K->17671K(326784K)] 729996K->426120K(1025856K), 0.0519940 secs] [Times: user=0.14 sys=0.01, real=0.05 secs] 
2606.312: [GC [PSYoungGen: 321479K->16826K(326528K)] 729928K->430859K(1025600K), 0.0450700 secs] [Times: user=0.12 sys=0.00, real=0.04 secs] 
2606.780: [GC [PSYoungGen: 320634K->17646K(327616K)] 734667K->437259K(1026688K), 0.0601220 secs] [Times: user=0.13 sys=0.00, real=0.06 secs] 
2607.239: [GC [PSYoungGen: 322926K->17689K(327168K)] 742539K->442392K(1026240K), 0.0476990 secs] [Times: user=0.12 sys=0.00, real=0.04 secs] 
2607.639: [GC [PSYoungGen: 322969K->17419K(328384K)] 747672K->449003K(1027456K), 0.0501040 secs] [Times: user=0.13 sys=0.00, real=0.05 secs] 
2608.054: [GC [PSYoungGen: 324299K->20795K(327680K)] 755883K->457346K(1026752K), 0.0495590 secs] [Times: user=0.13 sys=0.00, real=0.05 secs] 
2608.472: [GC [PSYoungGen: 327675K->17001K(327744K)] 764226K->459983K(1026816K), 0.0526410 secs] [Times: user=0.13 sys=0.00, real=0.05 secs] 
2608.908: [GC [PSYoungGen: 322921K->16172K(327680K)] 765903K->463925K(1026752K), 0.0530020 secs] [Times: user=0.12 sys=0.00, real=0.05 secs] 
2609.272: [GC [PSYoungGen: 322092K->17739K(328256K)] 769845K->470024K(1027328K), 0.0624000 secs] [Times: user=0.13 sys=0.01, real=0.06 secs] 
2609.705: [GC [PSYoungGen: 324363K->19289K(327872K)] 776648K->478619K(1026944K), 0.0653020 secs] [Times: user=0.13 sys=0.01, real=0.07 secs] 
2610.145: [GC [PSYoungGen: 325913K->17620K(328320K)] 785243K->483137K(1027392K), 0.0586590 secs] [Times: user=0.14 sys=0.00, real=0.06 secs] 
2610.614: [GC [PSYoungGen: 324436K->19325K(328000K)] 789953K->490824K(1027072K), 0.0705010 secs] [Times: user=0.13 sys=0.00, real=0.07 secs] 
2611.061: [GC [PSYoungGen: 326141K->14519K(327616K)] 797640K->495144K(1026688K), 0.0501230 secs] [Times: user=0.12 sys=0.00, real=0.05 secs] 
2611.441: [GC [PSYoungGen: 320759K->15591K(327872K)] 801384K->501154K(1026944K), 0.0547490 secs] [Times: user=0.12 sys=0.01, real=0.05 secs] 
2611.876: [GC [PSYoungGen: 321824K->19892K(326912K)] 807386K->509665K(1025984K), 0.0691160 secs] [Times: user=0.13 sys=0.00, real=0.07 secs] 
2612.312: [GC [PSYoungGen: 325236K->16218K(327424K)] 815009K->513806K(1026496K), 0.0706150 secs] [Times: user=0.13 sys=0.00, real=0.07 secs] 
2612.737: [GC [PSYoungGen: 321562K->20141K(326464K)] 819150K->523887K(1025536K), 0.0783950 secs] [Times: user=0.13 sys=0.00, real=0.08 secs] 
2613.176: [GC [PSYoungGen: 324717K->22463K(327040K)] 828463K->535919K(1026112K), 0.0660170 secs] [Times: user=0.16 sys=0.00, real=0.07 secs] 
2613.629: [GC [PSYoungGen: 327039K->18583K(318720K)] 840495K->539910K(1017792K), 0.0735230 secs] [Times: user=0.14 sys=0.00, real=0.07 secs] 
2614.109: [GC [PSYoungGen: 314839K->16905K(322880K)] 836166K->542826K(1021952K), 0.0657620 secs] [Times: user=0.12 sys=0.00, real=0.06 secs] 
2614.503: [GC [PSYoungGen: 313161K->18177K(323840K)] 839082K->549257K(1022912K), 0.0529390 secs] [Times: user=0.15 sys=0.00, real=0.05 secs] 
2615.031: [GC [PSYoungGen: 315777K->10111K(307712K)] 846857K->545356K(1006784K), 0.0328990 secs] [Times: user=0.09 sys=0.00, real=0.03 secs] 
2615.394: [GC [PSYoungGen: 307711K->18539K(323712K)] 842956K->556380K(1022784K), 0.0604340 secs] [Times: user=0.13 sys=0.00, real=0.06 secs] 
2615.936: [GC [PSYoungGen: 315819K->23771K(321088K)] 853660K->570008K(1020160K), 0.0703450 secs] [Times: user=0.18 sys=0.01, real=0.07 secs] 
2616.407: [GC [PSYoungGen: 321051K->17275K(322944K)] 867288K->573640K(1022016K), 0.0982080 secs] [Times: user=0.16 sys=0.00, real=0.10 secs] 
2616.895: [GC [PSYoungGen: 313083K->11084K(322368K)] 869448K->570990K(1021440K), 0.0639270 secs] [Times: user=0.10 sys=0.00, real=0.07 secs] 
2617.315: [GC [PSYoungGen: 306892K->19202K(322880K)] 866798K->582485K(1021952K), 0.0536810 secs] [Times: user=0.13 sys=0.00, real=0.05 secs] 
2617.709: [GC [PSYoungGen: 315074K->14150K(322496K)] 878357K->588383K(1021568K), 0.0618730 secs] [Times: user=0.14 sys=0.00, real=0.06 secs] 
2618.092: [GC [PSYoungGen: 310022K->16659K(323840K)] 884255K->594957K(1022912K), 0.0478150 secs] [Times: user=0.11 sys=0.00, real=0.05 secs] 
2618.484: [GC [PSYoungGen: 314131K->18969K(323136K)] 892429K->605563K(1022208K), 0.0737060 secs] [Times: user=0.14 sys=0.00, real=0.07 secs] 
2618.948: [GC [PSYoungGen: 316441K->17802K(324800K)] 903035K->609900K(1023872K), 0.0494390 secs] [Times: user=0.14 sys=0.01, real=0.05 secs] 
2619.372: [GC [PSYoungGen: 317194K->15766K(324096K)] 909292K->612106K(1023168K), 0.0438130 secs] [Times: user=0.12 sys=0.00, real=0.04 secs] 
2619.730: [GC [PSYoungGen: 315158K->15213K(325504K)] 911498K->617312K(1024576K), 0.0572040 secs] [Times: user=0.11 sys=0.00, real=0.05 secs] 
2620.099: [GC [PSYoungGen: 316397K->19262K(325184K)] 918496K->628884K(1024256K), 0.0565820 secs] [Times: user=0.14 sys=0.01, real=0.06 secs] 
2620.485: [GC [PSYoungGen: 320446K->16615K(325952K)] 930068K->634159K(1025024K), 0.0491110 secs] [Times: user=0.14 sys=0.00, real=0.05 secs] 
2620.849: [GC [PSYoungGen: 318503K->17587K(325440K)] 936047K->641811K(1024512K), 0.0622080 secs] [Times: user=0.15 sys=0.00, real=0.06 secs] 
2621.231: [GC [PSYoungGen: 319475K->19452K(326080K)] 943699K->648911K(1025152K), 0.0678560 secs] [Times: user=0.14 sys=0.00, real=0.06 secs] 
2621.631: [GC [PSYoungGen: 322492K->17073K(326272K)] 951951K->652645K(1025344K), 0.0534080 secs] [Times: user=0.13 sys=0.01, real=0.05 secs] 
2621.967: [GC [PSYoungGen: 320113K->17949K(327104K)] 955685K->659469K(1026176K), 0.0586460 secs] [Times: user=0.14 sys=0.01, real=0.06 secs] 
2622.343: [GC [PSYoungGen: 322269K->19939K(326720K)] 963789K->670984K(1025792K), 0.0729510 secs] [Times: user=0.15 sys=0.00, real=0.07 secs] 
2622.716: [GC [PSYoungGen: 324259K->18903K(326784K)] 975304K->674930K(1025856K), 0.0527350 secs] [Times: user=0.14 sys=0.00, real=0.05 secs] 
2623.082: [GC [PSYoungGen: 322903K->16850K(326720K)] 978930K->678468K(1025792K), 0.0548980 secs] [Times: user=0.12 sys=0.00, real=0.05 secs] 
2623.473: [GC [PSYoungGen: 320850K->17383K(327488K)] 982468K->684375K(1026560K), 0.0527610 secs] [Times: user=0.13 sys=0.00, real=0.05 secs] 
2623.903: [GC [PSYoungGen: 322464K->18230K(327104K)] 989456K->691647K(1026176K), 0.0596300 secs] [Times: user=0.14 sys=0.00, real=0.06 secs] 
2624.269: [GC [PSYoungGen: 323318K->20125K(326720K)] 996735K->702151K(1025792K), 0.0722770 secs] [Times: user=0.14 sys=0.00, real=0.08 secs] 
2624.732: [GC [PSYoungGen: 325085K->18936K(327232K)] 1007111K->705490K(1026304K), 0.0538030 secs] [Times: user=0.13 sys=0.00, real=0.05 secs] 
2625.129: [GC [PSYoungGen: 323896K->19040K(327424K)] 1010450K->712068K(1026496K), 0.0798120 secs] [Times: user=0.16 sys=0.00, real=0.08 secs] 
2625.209: [Full GC [PSYoungGen: 19040K->0K(327424K)] [PSOldGen: 693027K->380086K(699072K)] 712068K->380086K(1026496K) [PSPermGen: 91605K->91605K(262144K)], 1.9412900 secs] [Times: user=1.94 sys=0.00, real=1.95 secs] 
2627.530: [GC [PSYoungGen: 305280K->22064K(327360K)] 685366K->404991K(1026432K), 0.0631390 secs] [Times: user=0.13 sys=0.00, real=0.07 secs] 
2628.027: [GC [PSYoungGen: 327344K->13899K(322624K)] 710271K->413251K(1021696K), 0.0827350 secs] [Times: user=0.13 sys=0.01, real=0.08 secs] 
2628.438: [GC [PSYoungGen: 314379K->14501K(315008K)] 713731K->419278K(1014080K), 0.0496160 secs] [Times: user=0.11 sys=0.00, real=0.05 secs] 
2628.795: [GC [PSYoungGen: 314981K->18243K(325504K)] 719758K->427595K(1024576K), 0.0408150 secs] [Times: user=0.12 sys=0.01, real=0.04 secs] 
2629.147: [GC [PSYoungGen: 319171K->18448K(324928K)] 728523K->436642K(1024000K), 0.0509190 secs] [Times: user=0.14 sys=0.01, real=0.05 secs] 
2629.487: [GC [PSYoungGen: 319376K->21646K(324416K)] 737570K->448591K(1023488K), 0.0649210 secs] [Times: user=0.15 sys=0.00, real=0.07 secs] 
2629.949: [GC [PSYoungGen: 322510K->14410K(315328K)] 749455K->449786K(1014400K), 0.0614150 secs] [Times: user=0.12 sys=0.00, real=0.06 secs] 
2630.413: [GC [PSYoungGen: 315274K->13374K(324800K)] 750650K->451416K(1023872K), 0.0478180 secs] [Times: user=0.10 sys=0.00, real=0.05 secs] 
2630.768: [GC [PSYoungGen: 313726K->17378K(324928K)] 751768K->460017K(1024000K), 0.0548790 secs] [Times: user=0.12 sys=0.00, real=0.06 secs] 
2631.237: [GC [PSYoungGen: 317730K->17811K(326144K)] 760369K->467162K(1025216K), 0.0479220 secs] [Times: user=0.13 sys=0.00, real=0.05 secs] 
2631.627: [GC [PSYoungGen: 320019K->17074K(325568K)] 769370K->473285K(1024640K), 0.0536160 secs] [Times: user=0.14 sys=0.00, real=0.05 secs] 
2632.043: [GC [PSYoungGen: 319282K->18729K(326720K)] 775493K->480834K(1025792K), 0.0594860 secs] [Times: user=0.13 sys=0.00, real=0.06 secs] 
2632.391: [GC [PSYoungGen: 322537K->16246K(326592K)] 784642K->483536K(1025664K), 0.0531130 secs] [Times: user=0.12 sys=0.00, real=0.05 secs] 
2632.779: [GC [PSYoungGen: 320054K->16832K(327360K)] 787344K->489238K(1026432K), 0.0547440 secs] [Times: user=0.11 sys=0.00, real=0.06 secs] 
2633.159: [GC [PSYoungGen: 321664K->17710K(326976K)] 794070K->497438K(1026048K), 0.0541610 secs] [Times: user=0.14 sys=0.01, real=0.06 secs] 
2633.641: [GC [PSYoungGen: 322539K->18059K(327936K)] 802267K->505989K(1027008K), 0.0647910 secs] [Times: user=0.14 sys=0.00, real=0.07 secs] 
2634.104: [GC [PSYoungGen: 324235K->19633K(325824K)] 812165K->515078K(1024896K), 0.0455710 secs] [Times: user=0.16 sys=0.00, real=0.04 secs] 
2634.467: [GC [PSYoungGen: 325809K->14236K(327168K)] 821254K->515911K(1026240K), 0.0462290 secs] [Times: user=0.12 sys=0.00, real=0.05 secs] 
2634.897: [GC [PSYoungGen: 319452K->16832K(327360K)] 821127K->523728K(1026432K), 0.0542630 secs] [Times: user=0.13 sys=0.00, real=0.06 secs] 
2635.221: [GC [PSYoungGen: 322048K->20799K(326080K)] 828944K->536115K(1025152K), 0.0492620 secs] [Times: user=0.16 sys=0.00, real=0.05 secs] 
2635.652: [GC [PSYoungGen: 325119K->16148K(326912K)] 840435K->539100K(1025984K), 0.0512600 secs] [Times: user=0.13 sys=0.00, real=0.05 secs] 
2636.058: [GC [PSYoungGen: 320468K->12749K(326400K)] 843420K->540565K(1025472K), 0.0430050 secs] [Times: user=0.12 sys=0.00, real=0.04 secs] 
2636.410: [GC [PSYoungGen: 316813K->21234K(325312K)] 844629K->553777K(1024384K), 0.0409630 secs] [Times: user=0.14 sys=0.00, real=0.04 secs] 
2636.844: [GC [PSYoungGen: 325298K->15202K(326080K)] 857841K->556191K(1025152K), 0.0560270 secs] [Times: user=0.14 sys=0.00, real=0.05 secs] 
2637.284: [GC [PSYoungGen: 317594K->16357K(325824K)] 858583K->562225K(1024896K), 0.0552380 secs] [Times: user=0.12 sys=0.00, real=0.05 secs] 
2637.685: [GC [PSYoungGen: 318757K->15752K(326848K)] 864625K->566643K(1025920K), 0.0423360 secs] [Times: user=0.12 sys=0.00, real=0.04 secs] 
2638.142: [GC [PSYoungGen: 319624K->17069K(326528K)] 870515K->571981K(1025600K), 0.0861510 secs] [Times: user=0.13 sys=0.00, real=0.08 secs] 
2638.588: [GC [PSYoungGen: 320941K->14804K(327552K)] 875853K->576463K(1026624K), 0.0495800 secs] [Times: user=0.12 sys=0.00, real=0.05 secs] 
2638.948: [GC [PSYoungGen: 320276K->19173K(324672K)] 881935K->586278K(1023744K), 0.0563270 secs] [Times: user=0.13 sys=0.00, real=0.06 secs] 
2639.339: [GC [PSYoungGen: 324645K->16064K(327552K)] 891750K->591905K(1026624K), 0.0454120 secs] [Times: user=0.13 sys=0.00, real=0.05 secs] 
2639.665: [GC [PSYoungGen: 321280K->13971K(327168K)] 897121K->594652K(1026240K), 0.0500570 secs] [Times: user=0.12 sys=0.00, real=0.05 secs] 
2640.034: [GC [PSYoungGen: 319187K->19085K(326784K)] 899868K->607181K(1025856K), 0.0683940 secs] [Times: user=0.13 sys=0.01, real=0.07 secs] 
2640.407: [GC [PSYoungGen: 323917K->20717K(325568K)] 912013K->617949K(1024640K), 0.0782970 secs] [Times: user=0.16 sys=0.00, real=0.08 secs] 
2640.778: [GC [PSYoungGen: 325547K->17217K(326848K)] 922779K->619954K(1025920K), 0.0670060 secs] [Times: user=0.13 sys=0.00, real=0.07 secs] 
2641.229: [GC [PSYoungGen: 320833K->19225K(326272K)] 923570K->626711K(1025344K), 0.0720410 secs] [Times: user=0.13 sys=0.01, real=0.07 secs] 
2641.603: [GC [PSYoungGen: 322841K->17883K(327040K)] 930327K->633493K(1026112K), 0.0626190 secs] [Times: user=0.15 sys=0.00, real=0.06 secs] 
2641.993: [GC [PSYoungGen: 322075K->16242K(326656K)] 937685K->639256K(1025728K), 0.0514190 secs] [Times: user=0.14 sys=0.00, real=0.05 secs] 
2642.390: [GC [PSYoungGen: 320434K->15250K(327424K)] 943448K->645634K(1026496K), 0.0462020 secs] [Times: user=0.12 sys=0.01, real=0.05 secs] 
2642.819: [GC [PSYoungGen: 320466K->14779K(327296K)] 950850K->651230K(1026368K), 0.0466820 secs] [Times: user=0.13 sys=0.00, real=0.05 secs] 
2643.184: [GC [PSYoungGen: 319995K->16709K(328000K)] 956446K->660351K(1027072K), 0.0519110 secs] [Times: user=0.15 sys=0.00, real=0.05 secs] 
2643.557: [GC [PSYoungGen: 322757K->19449K(325504K)] 966399K->671989K(1024576K), 0.1060360 secs] [Times: user=0.14 sys=0.01, real=0.11 secs] 
2643.987: [GC [PSYoungGen: 325497K->21146K(325568K)] 978037K->678837K(1024640K), 0.0477630 secs] [Times: user=0.14 sys=0.01, real=0.05 secs] 
2644.430: [GC [PSYoungGen: 324698K->15449K(326528K)] 982389K->680971K(1025600K), 0.0552600 secs] [Times: user=0.15 sys=0.00, real=0.06 secs] 
2644.770: [GC [PSYoungGen: 319001K->20712K(325312K)] 984523K->690043K(1024384K), 0.0667800 secs] [Times: user=0.14 sys=0.00, real=0.07 secs] 
2645.198: [GC [PSYoungGen: 323240K->16596K(326016K)] 992571K->693745K(1025088K), 0.0479180 secs] [Times: user=0.14 sys=0.00, real=0.05 secs] 
2645.604: [GC [PSYoungGen: 319124K->15151K(326528K)] 996273K->698519K(1025600K), 0.0531330 secs] [Times: user=0.14 sys=0.00, real=0.05 secs] 
2646.033: [GC [PSYoungGen: 318575K->14085K(326400K)] 1001943K->704108K(1025472K), 0.0648330 secs] [Times: user=0.12 sys=0.00, real=0.07 secs] 
2646.098: [Full GC [PSYoungGen: 14085K->0K(326400K)] [PSOldGen: 690023K->379985K(699072K)] 704108K->379985K(1025472K) [PSPermGen: 91619K->91619K(262144K)], 1.9890130 secs] [Times: user=1.99 sys=0.00, real=1.99 secs] 
2648.398: [GC [PSYoungGen: 303424K->21968K(324096K)] 683409K->401953K(1023168K), 0.0486140 secs] [Times: user=0.12 sys=0.00, real=0.05 secs] 
2648.780: [GC [PSYoungGen: 323088K->15088K(325312K)] 703073K->407180K(1024384K), 0.0722870 secs] [Times: user=0.16 sys=0.00, real=0.07 secs] 
2649.214: [GC [PSYoungGen: 316208K->14531K(325760K)] 708300K->411577K(1024832K), 0.0662650 secs] [Times: user=0.12 sys=0.00, real=0.06 secs] 
2649.667: [GC [PSYoungGen: 316352K->16533K(325568K)] 713398K->419989K(1024640K), 0.0548750 secs] [Times: user=0.13 sys=0.00, real=0.05 secs] 
2650.074: [GC [PSYoungGen: 318357K->15223K(326656K)] 721813K->425123K(1025728K), 0.0363920 secs] [Times: user=0.14 sys=0.00, real=0.03 secs] 
2650.452: [GC [PSYoungGen: 318711K->21197K(324736K)] 728611K->438114K(1023808K), 0.0756880 secs] [Times: user=0.16 sys=0.00, real=0.08 secs] 
2651.015: [GC [PSYoungGen: 324685K->17288K(326272K)] 741602K->440094K(1025344K), 0.0471710 secs] [Times: user=0.12 sys=0.00, real=0.04 secs] 
2651.442: [GC [PSYoungGen: 319688K->11308K(325632K)] 742494K->438918K(1024704K), 0.0364590 secs] [Times: user=0.10 sys=0.00, real=0.04 secs] 
2651.892: [GC [PSYoungGen: 313708K->19637K(324992K)] 741318K->451592K(1024064K), 0.0543620 secs] [Times: user=0.14 sys=0.01, real=0.06 secs] 
2652.244: [GC [PSYoungGen: 321013K->15314K(325440K)] 752968K->459754K(1024512K), 0.0582360 secs] [Times: user=0.15 sys=0.00, real=0.05 secs] 
2652.630: [GC [PSYoungGen: 316690K->17216K(326400K)] 761130K->468310K(1025472K), 0.0588910 secs] [Times: user=0.13 sys=0.00, real=0.06 secs] 
2653.098: [GC [PSYoungGen: 320000K->20981K(323776K)] 771094K->478580K(1022848K), 0.0687520 secs] [Times: user=0.14 sys=0.00, real=0.07 secs] 
2653.574: [GC [PSYoungGen: 323765K->16918K(326080K)] 781364K->483084K(1025152K), 0.0441280 secs] [Times: user=0.13 sys=0.01, real=0.05 secs] 
2653.990: [GC [PSYoungGen: 318998K->19482K(325504K)] 785164K->492015K(1024576K), 0.0645280 secs] [Times: user=0.14 sys=0.01, real=0.07 secs] 
2654.395: [GC [PSYoungGen: 321562K->16495K(326336K)] 794095K->495375K(1025408K), 0.0538780 secs] [Times: user=0.13 sys=0.00, real=0.05 secs] 
2654.794: [GC [PSYoungGen: 319215K->17889K(325888K)] 798095K->503226K(1024960K), 0.1051170 secs] [Times: user=0.12 sys=0.00, real=0.11 secs] 
2655.234: [GC [PSYoungGen: 320609K->18011K(327040K)] 805946K->510843K(1026112K), 0.0532600 secs] [Times: user=0.13 sys=0.00, real=0.06 secs] 
2655.644: [GC [PSYoungGen: 322267K->14396K(326720K)] 815099K->512664K(1025792K), 0.0450630 secs] [Times: user=0.11 sys=0.00, real=0.05 secs] 
2656.005: [GC [PSYoungGen: 318652K->17345K(327488K)] 816920K->521695K(1026560K), 0.0615900 secs] [Times: user=0.14 sys=0.00, real=0.07 secs] 
2656.347: [GC [PSYoungGen: 322305K->15459K(326976K)] 826655K->525615K(1026048K), 0.0613630 secs] [Times: user=0.12 sys=0.00, real=0.06 secs] 
2656.726: [GC [PSYoungGen: 320417K->19095K(327040K)] 830573K->534629K(1026112K), 0.0634410 secs] [Times: user=0.14 sys=0.00, real=0.06 secs] 
2657.118: [GC [PSYoungGen: 324311K->14905K(327360K)] 839845K->540003K(1026432K), 0.1132950 secs] [Times: user=0.31 sys=0.00, real=0.11 secs] 
2657.587: [GC [PSYoungGen: 320121K->17207K(327872K)] 845219K->546999K(1026944K), 0.0458310 secs] [Times: user=0.12 sys=0.00, real=0.04 secs] 
2658.051: [GC [PSYoungGen: 323063K->18339K(327488K)] 852855K->554455K(1026560K), 0.0498000 secs] [Times: user=0.13 sys=0.00, real=0.05 secs] 
2658.482: [GC [PSYoungGen: 324195K->17406K(328192K)] 860311K->562205K(1027264K), 0.0534060 secs] [Times: user=0.14 sys=0.00, real=0.05 secs] 
2658.972: [GC [PSYoungGen: 323902K->15162K(327808K)] 868701K->565967K(1026880K), 0.0493400 secs] [Times: user=0.13 sys=0.00, real=0.05 secs] 
2659.360: [GC [PSYoungGen: 321658K->16295K(328576K)] 872463K->572019K(1027648K), 0.0536730 secs] [Times: user=0.12 sys=0.00, real=0.05 secs] 
2659.816: [GC [PSYoungGen: 323623K->16629K(328256K)] 879347K->578469K(1027328K), 0.0378240 secs] [Times: user=0.13 sys=0.00, real=0.03 secs] 
2660.234: [GC [PSYoungGen: 323957K->14800K(328960K)] 885797K->583773K(1028032K), 0.0409530 secs] [Times: user=0.12 sys=0.00, real=0.04 secs] 
2660.593: [GC [PSYoungGen: 323216K->19692K(328128K)] 892189K->595404K(1027200K), 0.0620220 secs] [Times: user=0.14 sys=0.00, real=0.06 secs] 
2660.990: [GC [PSYoungGen: 328108K->15177K(328320K)] 903820K->598128K(1027392K), 0.0471810 secs] [Times: user=0.12 sys=0.00, real=0.05 secs] 
2661.447: [GC [PSYoungGen: 322185K->21168K(328192K)] 905136K->609988K(1027264K), 0.0620550 secs] [Times: user=0.14 sys=0.00, real=0.06 secs] 
2661.838: [GC [PSYoungGen: 328176K->15410K(322304K)] 916996K->612227K(1021376K), 0.0786330 secs] [Times: user=0.14 sys=0.00, real=0.08 secs] 
2662.213: [GC [PSYoungGen: 316402K->16973K(325248K)] 913219K->617526K(1024320K), 0.0442250 secs] [Times: user=0.12 sys=0.00, real=0.05 secs] 
2662.637: [GC [PSYoungGen: 317965K->16606K(326272K)] 918518K->623823K(1025344K), 0.0680070 secs] [Times: user=0.13 sys=0.00, real=0.06 secs] 
2663.130: [GC [PSYoungGen: 319198K->14381K(325824K)] 926415K->627819K(1024896K), 0.0618840 secs] [Times: user=0.14 sys=0.00, real=0.06 secs] 
2663.503: [GC [PSYoungGen: 316973K->17703K(326720K)] 930411K->635151K(1025792K), 0.0553800 secs] [Times: user=0.13 sys=0.00, real=0.06 secs] 
2663.874: [GC [PSYoungGen: 321255K->18947K(326336K)] 938703K->645371K(1025408K), 0.0622400 secs] [Times: user=0.17 sys=0.01, real=0.06 secs] 
2664.288: [GC [PSYoungGen: 322499K->15453K(326848K)] 948923K->652871K(1025920K), 0.0580090 secs] [Times: user=0.15 sys=0.00, real=0.06 secs] 
2664.804: [GC [PSYoungGen: 319389K->17217K(326592K)] 956807K->658096K(1025664K), 0.0370080 secs] [Times: user=0.12 sys=0.01, real=0.04 secs] 
2665.165: [GC [PSYoungGen: 321153K->17246K(327808K)] 962032K->664987K(1026880K), 0.0418020 secs] [Times: user=0.15 sys=0.00, real=0.05 secs] 
2665.547: [GC [PSYoungGen: 322910K->19152K(327360K)] 970651K->675028K(1026432K), 0.0603470 secs] [Times: user=0.15 sys=0.00, real=0.06 secs] 
2665.970: [GC [PSYoungGen: 324816K->19543K(326912K)] 980692K->684441K(1025984K), 0.0684140 secs] [Times: user=0.16 sys=0.00, real=0.07 secs] 
2666.472: [GC [PSYoungGen: 324503K->19799K(324800K)] 989401K->687289K(1023872K), 0.1144020 secs] [Times: user=0.13 sys=0.00, real=0.11 secs] 
2666.916: [GC [PSYoungGen: 324759K->13069K(326208K)] 992249K->689161K(1025280K), 0.0513980 secs] [Times: user=0.14 sys=0.00, real=0.06 secs] 
2667.511: [GC [PSYoungGen: 316621K->19219K(322816K)] 992713K->700013K(1021888K), 0.0759380 secs] [Times: user=0.17 sys=0.00, real=0.08 secs] 
2667.963: [GC [PSYoungGen: 322771K->18039K(326784K)] 1003565K->705808K(1025856K), 0.0583940 secs] [Times: user=0.14 sys=0.00, real=0.06 secs] 
2668.021: [Full GC [PSYoungGen: 18039K->0K(326784K)] [PSOldGen: 687768K->378342K(699072K)] 705808K->378342K(1025856K) [PSPermGen: 91636K->91636K(262144K)], 1.9526280 secs] [Times: user=1.95 sys=0.00, real=1.95 secs] 
2670.361: [GC [PSYoungGen: 303680K->20088K(323776K)] 682022K->398430K(1022848K), 0.0358610 secs] [Times: user=0.12 sys=0.00, real=0.03 secs] 
2670.842: [GC [PSYoungGen: 323768K->15640K(326528K)] 702110K->404486K(1025600K), 0.0625200 secs] [Times: user=0.14 sys=0.00, real=0.06 secs] 
2671.220: [GC [PSYoungGen: 319000K->16815K(326336K)] 707846K->410949K(1025408K), 0.0474760 secs] [Times: user=0.13 sys=0.00, real=0.04 secs] 
2671.621: [GC [PSYoungGen: 320175K->14143K(326784K)] 714309K->414956K(1025856K), 0.0495640 secs] [Times: user=0.12 sys=0.00, real=0.05 secs] 
2672.009: [GC [PSYoungGen: 318335K->17498K(326848K)] 719148K->423737K(1025920K), 0.0533250 secs] [Times: user=0.13 sys=0.01, real=0.05 secs] 
2672.358: [GC [PSYoungGen: 321690K->18038K(327488K)] 727929K->431555K(1026560K), 0.0580560 secs] [Times: user=0.14 sys=0.00, real=0.05 secs] 
2672.846: [GC [PSYoungGen: 323254K->16446K(327232K)] 736771K->437452K(1026304K), 0.0394730 secs] [Times: user=0.13 sys=0.00, real=0.04 secs] 
2673.174: [GC [PSYoungGen: 321662K->21292K(325632K)] 742668K->449118K(1024704K), 0.0573000 secs] [Times: user=0.14 sys=0.01, real=0.06 secs] 
2673.612: [GC [PSYoungGen: 325228K->15524K(326720K)] 753054K->450669K(1025792K), 0.0636860 secs] [Times: user=0.12 sys=0.01, real=0.06 secs] 
2674.139: [GC [PSYoungGen: 319460K->16534K(327232K)] 754605K->454111K(1026304K), 0.0419640 secs] [Times: user=0.11 sys=0.00, real=0.04 secs] 
2674.566: [GC [PSYoungGen: 321110K->21308K(325888K)] 758687K->463369K(1024960K), 0.0537300 secs] [Times: user=0.14 sys=0.00, real=0.06 secs] 
2674.941: [GC [PSYoungGen: 325884K->17103K(326720K)] 767945K->468839K(1025792K), 0.0500040 secs] [Times: user=0.14 sys=0.00, real=0.05 secs] 
2675.370: [GC [PSYoungGen: 320591K->14606K(326272K)] 772327K->471523K(1025344K), 0.0470580 secs] [Times: user=0.12 sys=0.00, real=0.04 secs] 
2675.740: [GC [PSYoungGen: 318094K->18202K(326912K)] 775011K->478741K(1025984K), 0.0452450 secs] [Times: user=0.13 sys=0.00, real=0.04 secs] 
2676.123: [GC [PSYoungGen: 322330K->17318K(326720K)] 782869K->487414K(1025792K), 0.0522940 secs] [Times: user=0.13 sys=0.00, real=0.05 secs] 
2676.615: [GC [PSYoungGen: 321446K->18960K(327168K)] 791542K->497866K(1026240K), 0.0774240 secs] [Times: user=0.14 sys=0.00, real=0.08 secs] 
2677.077: [GC [PSYoungGen: 324048K->19205K(324352K)] 802954K->502367K(1023424K), 0.0580370 secs] [Times: user=0.14 sys=0.00, real=0.06 secs] 
2677.455: [GC [PSYoungGen: 324293K->16114K(327360K)] 807455K->504144K(1026432K), 0.0664220 secs] [Times: user=0.12 sys=0.01, real=0.07 secs] 
2677.858: [GC [PSYoungGen: 321138K->16317K(327168K)] 809168K->511979K(1026240K), 0.0620160 secs] [Times: user=0.14 sys=0.00, real=0.07 secs] 
2678.286: [GC [PSYoungGen: 321341K->18181K(327744K)] 817003K->521394K(1026816K), 0.0688620 secs] [Times: user=0.13 sys=0.00, real=0.07 secs] 
2678.723: [GC [PSYoungGen: 324037K->16266K(327616K)] 827250K->527873K(1026688K), 0.0693980 secs] [Times: user=0.14 sys=0.00, real=0.07 secs] 
2679.164: [GC [PSYoungGen: 322122K->15575K(328064K)] 833729K->532904K(1027136K), 0.0598210 secs] [Times: user=0.11 sys=0.00, real=0.06 secs] 
2679.618: [GC [PSYoungGen: 322071K->18463K(327936K)] 839400K->540758K(1027008K), 0.0622710 secs] [Times: user=0.14 sys=0.00, real=0.07 secs] 
2680.001: [GC [PSYoungGen: 324959K->18378K(328064K)] 847254K->548463K(1027136K), 0.0578160 secs] [Times: user=0.13 sys=0.00, real=0.06 secs] 
2680.449: [GC [PSYoungGen: 324938K->19656K(326272K)] 855023K->555151K(1025344K), 0.0946470 secs] [Times: user=0.15 sys=0.00, real=0.09 secs] 
2680.893: [GC [PSYoungGen: 326216K->16829K(327936K)] 861711K->556305K(1027008K), 0.0507400 secs] [Times: user=0.13 sys=0.00, real=0.05 secs] 
2681.274: [GC [PSYoungGen: 322877K->19650K(325760K)] 862353K->566589K(1024832K), 0.0550320 secs] [Times: user=0.14 sys=0.00, real=0.05 secs] 
2681.647: [GC [PSYoungGen: 325698K->19522K(327040K)] 872637K->574688K(1026112K), 0.0634700 secs] [Times: user=0.14 sys=0.00, real=0.07 secs] 
2682.184: [GC [PSYoungGen: 324610K->15653K(327296K)] 879776K->577924K(1026368K), 0.1067120 secs] [Times: user=0.14 sys=0.00, real=0.11 secs] 
2682.608: [GC [PSYoungGen: 320741K->13279K(326720K)] 883012K->581821K(1025792K), 0.0421010 secs] [Times: user=0.12 sys=0.00, real=0.05 secs] 
2682.988: [GC [PSYoungGen: 317855K->16800K(327040K)] 886397K->592555K(1026112K), 0.0616880 secs] [Times: user=0.13 sys=0.00, real=0.07 secs] 
2683.435: [GC [PSYoungGen: 321376K->21164K(325504K)] 897131K->602997K(1024576K), 0.0698490 secs] [Times: user=0.14 sys=0.00, real=0.07 secs] 
2683.875: [GC [PSYoungGen: 324588K->16407K(326464K)] 906421K->606953K(1025536K), 0.0677710 secs] [Times: user=0.13 sys=0.00, real=0.07 secs] 
2684.339: [GC [PSYoungGen: 319831K->14721K(326848K)] 910377K->611111K(1025920K), 0.1351050 secs] [Times: user=0.18 sys=0.01, real=0.14 secs] 
2684.871: [GC [PSYoungGen: 318849K->20222K(324352K)] 915239K->620872K(1023424K), 0.0646070 secs] [Times: user=0.13 sys=0.00, real=0.06 secs] 
2685.281: [GC [PSYoungGen: 324350K->13325K(326016K)] 925000K->621604K(1025088K), 0.0445430 secs] [Times: user=0.11 sys=0.00, real=0.04 secs] 
2685.716: [GC [PSYoungGen: 316109K->18861K(321664K)] 924388K->631858K(1020736K), 0.0502530 secs] [Times: user=0.15 sys=0.00, real=0.05 secs] 
2686.131: [GC [PSYoungGen: 321645K->13954K(326144K)] 934642K->633344K(1025216K), 0.0698530 secs] [Times: user=0.14 sys=0.00, real=0.07 secs] 
2686.556: [GC [PSYoungGen: 316674K->19845K(322624K)] 936064K->644315K(1021696K), 0.0589900 secs] [Times: user=0.14 sys=0.00, real=0.06 secs] 
2686.946: [GC [PSYoungGen: 322565K->16418K(326208K)] 947035K->649578K(1025280K), 0.0505340 secs] [Times: user=0.14 sys=0.00, real=0.05 secs] 
2687.322: [GC [PSYoungGen: 318817K->16436K(325696K)] 951977K->655231K(1024768K), 0.0537450 secs] [Times: user=0.14 sys=0.00, real=0.05 secs] 
2687.692: [GC [PSYoungGen: 318836K->19192K(326336K)] 957631K->663261K(1025408K), 0.0675610 secs] [Times: user=0.13 sys=0.01, real=0.07 secs] 
2688.114: [GC [PSYoungGen: 322744K->17507K(326528K)] 966813K->669077K(1025600K), 0.0558820 secs] [Times: user=0.14 sys=0.00, real=0.05 secs] 
2688.596: [GC [PSYoungGen: 321059K->16702K(327424K)] 972629K->673711K(1026496K), 0.0728980 secs] [Times: user=0.12 sys=0.00, real=0.07 secs] 
2688.991: [GC [PSYoungGen: 321598K->19119K(326976K)] 978607K->682522K(1026048K), 0.0521060 secs] [Times: user=0.14 sys=0.00, real=0.05 secs] 
2689.388: [GC [PSYoungGen: 324015K->15498K(327360K)] 987418K->688655K(1026432K), 0.0701390 secs] [Times: user=0.14 sys=0.01, real=0.07 secs] 
2689.924: [GC [PSYoungGen: 320522K->17929K(327168K)] 993679K->695553K(1026240K), 0.0599900 secs] [Times: user=0.12 sys=0.00, real=0.06 secs] 
2690.302: [GC [PSYoungGen: 322953K->16934K(328000K)] 1000577K->700576K(1027072K), 0.0702580 secs] [Times: user=0.13 sys=0.00, real=0.07 secs] 
2690.798: [GC [PSYoungGen: 322982K->12627K(327552K)] 1006624K->702728K(1026624K), 0.0510250 secs] [Times: user=0.11 sys=0.01, real=0.05 secs] 
2690.849: [Full GC [PSYoungGen: 12627K->0K(327552K)] [PSOldGen: 690101K->342694K(699072K)] 702728K->342694K(1026624K) [PSPermGen: 91648K->91589K(262144K)], 2.0698760 secs] [Times: user=2.07 sys=0.00, real=2.07 secs] 
2693.279: [GC [PSYoungGen: 306048K->21862K(324544K)] 648742K->365061K(1023616K), 0.0997680 secs] [Times: user=0.13 sys=0.00, real=0.10 secs] 
2693.702: [GC [PSYoungGen: 324518K->19540K(322240K)] 667717K->372937K(1021312K), 0.0512780 secs] [Times: user=0.16 sys=0.00, real=0.05 secs] 
2694.145: [GC [PSYoungGen: 322196K->16152K(326208K)] 675593K->376826K(1025280K), 0.0726220 secs] [Times: user=0.13 sys=0.00, real=0.07 secs] 
2694.570: [GC [PSYoungGen: 318737K->19040K(325888K)] 679411K->385130K(1024960K), 0.0798820 secs] [Times: user=0.16 sys=0.00, real=0.08 secs] 
2695.077: [GC [PSYoungGen: 321632K->15227K(326400K)] 687722K->387325K(1025472K), 0.0812630 secs] [Times: user=0.11 sys=0.00, real=0.08 secs] 
2695.513: [GC [PSYoungGen: 318331K->17770K(326208K)] 690429K->393457K(1025280K), 0.0799940 secs] [Times: user=0.12 sys=0.01, real=0.08 secs] 
2695.952: [GC [PSYoungGen: 320874K->17463K(327296K)] 696561K->402821K(1026368K), 0.0580490 secs] [Times: user=0.15 sys=0.00, real=0.05 secs] 
2696.460: [GC [PSYoungGen: 322039K->18318K(326784K)] 707397K->409738K(1025856K), 0.0579250 secs] [Times: user=0.12 sys=0.00, real=0.06 secs] 
2696.910: [GC [PSYoungGen: 322894K->15379K(327552K)] 714314K->413065K(1026624K), 0.0489390 secs] [Times: user=0.12 sys=0.00, real=0.05 secs] 
2697.335: [GC [PSYoungGen: 320851K->19849K(325376K)] 718537K->423332K(1024448K), 0.0678960 secs] [Times: user=0.14 sys=0.01, real=0.07 secs] 
2697.739: [GC [PSYoungGen: 325321K->20970K(325504K)] 728804K->430138K(1024576K), 0.0595640 secs] [Times: user=0.16 sys=0.01, real=0.06 secs] 
2698.214: [GC [PSYoungGen: 324010K->16311K(326272K)] 733178K->433458K(1025344K), 0.0627890 secs] [Times: user=0.13 sys=0.00, real=0.06 secs] 
2698.605: [GC [PSYoungGen: 319351K->14357K(326400K)] 736498K->437375K(1025472K), 0.0519940 secs] [Times: user=0.13 sys=0.00, real=0.05 secs] 
2699.042: [GC [PSYoungGen: 317781K->15081K(326464K)] 740799K->443829K(1025536K), 0.0761160 secs] [Times: user=0.13 sys=0.00, real=0.07 secs] 
2699.520: [GC [PSYoungGen: 318505K->19322K(326144K)] 747253K->455070K(1025216K), 0.0898220 secs] [Times: user=0.13 sys=0.00, real=0.09 secs] 
2699.959: [GC [PSYoungGen: 322618K->14521K(326400K)] 758366K->458934K(1025472K), 0.0504320 secs] [Times: user=0.13 sys=0.00, real=0.05 secs] 
2700.444: [GC [PSYoungGen: 317817K->18706K(326400K)] 762230K->470405K(1025472K), 0.0805140 secs] [Times: user=0.18 sys=0.00, real=0.08 secs] 
2700.920: [GC [PSYoungGen: 322130K->17635K(326464K)] 773829K->474682K(1025536K), 0.0725420 secs] [Times: user=0.13 sys=0.00, real=0.08 secs] 
2701.448: [GC [PSYoungGen: 321059K->14716K(327040K)] 778106K->476966K(1026112K), 0.0609110 secs] [Times: user=0.12 sys=0.00, real=0.06 secs] 
2701.828: [GC [PSYoungGen: 319164K->18687K(326912K)] 781414K->488088K(1025984K), 0.0622810 secs] [Times: user=0.13 sys=0.00, real=0.06 secs] 
2702.223: [GC [PSYoungGen: 323135K->19884K(326016K)] 792536K->498348K(1025088K), 0.0477520 secs] [Times: user=0.15 sys=0.01, real=0.04 secs] 
2702.603: [GC [PSYoungGen: 323308K->17164K(326464K)] 801772K->500972K(1025536K), 0.0517350 secs] [Times: user=0.13 sys=0.00, real=0.05 secs] 
2703.063: [GC [PSYoungGen: 320588K->15584K(327168K)] 804396K->504102K(1026240K), 0.0473940 secs] [Times: user=0.12 sys=0.00, real=0.04 secs] 
2703.504: [GC [PSYoungGen: 320224K->16222K(326976K)] 808742K->509424K(1026048K), 0.0722630 secs] [Times: user=0.11 sys=0.00, real=0.07 secs] 
2703.896: [GC [PSYoungGen: 320862K->15805K(327744K)] 814064K->515867K(1026816K), 0.0525740 secs] [Times: user=0.13 sys=0.00, real=0.05 secs] 
2704.370: [GC [PSYoungGen: 321533K->18752K(327488K)] 821595K->524137K(1026560K), 0.0705450 secs] [Times: user=0.16 sys=0.01, real=0.07 secs] 
2704.781: [GC [PSYoungGen: 324480K->17579K(327936K)] 829865K->529468K(1027008K), 0.0612750 secs] [Times: user=0.15 sys=0.01, real=0.07 secs] 
2705.308: [GC [PSYoungGen: 323563K->17780K(327552K)] 835452K->536992K(1026624K), 0.0688170 secs] [Times: user=0.15 sys=0.00, real=0.07 secs] 
2705.773: [GC [PSYoungGen: 323764K->19026K(327616K)] 842976K->544552K(1026688K), 0.0412300 secs] [Times: user=0.14 sys=0.00, real=0.04 secs] 
2706.202: [GC [PSYoungGen: 325266K->18549K(327872K)] 850792K->553911K(1026944K), 0.0723220 secs] [Times: user=0.15 sys=0.00, real=0.07 secs] 
2706.661: [GC [PSYoungGen: 324789K->16035K(328064K)] 860151K->560852K(1027136K), 0.0515020 secs] [Times: user=0.13 sys=0.00, real=0.06 secs] 
2707.077: [GC [PSYoungGen: 322531K->12602K(319104K)] 867348K->560711K(1018176K), 0.0332410 secs] [Times: user=0.11 sys=0.00, real=0.03 secs] 
2707.430: [GC [PSYoungGen: 319098K->21860K(321344K)] 867207K->574841K(1020416K), 0.0851160 secs] [Times: user=0.14 sys=0.01, real=0.09 secs] 
2707.845: [GC [PSYoungGen: 321316K->16818K(324480K)] 874297K->579609K(1023552K), 0.0523780 secs] [Times: user=0.14 sys=0.00, real=0.05 secs] 
2708.403: [GC [PSYoungGen: 316274K->12224K(324480K)] 879065K->578968K(1023552K), 0.0529910 secs] [Times: user=0.10 sys=0.00, real=0.05 secs] 
2708.872: [GC [PSYoungGen: 312192K->20669K(320640K)] 878936K->591600K(1019712K), 0.0484080 secs] [Times: user=0.13 sys=0.00, real=0.05 secs] 
2709.411: [GC [PSYoungGen: 320626K->18892K(324480K)] 891558K->601156K(1023552K), 0.0568690 secs] [Times: user=0.15 sys=0.00, real=0.06 secs] 
2709.867: [GC [PSYoungGen: 318087K->16046K(324224K)] 900352K->604436K(1023296K), 0.0472600 secs] [Times: user=0.12 sys=0.00, real=0.05 secs] 
2710.354: [GC [PSYoungGen: 315246K->15688K(325312K)] 903636K->608016K(1024384K), 0.0502030 secs] [Times: user=0.11 sys=0.00, real=0.05 secs] 
2710.693: [GC [PSYoungGen: 316424K->17898K(324928K)] 908752K->615434K(1024000K), 0.0515660 secs] [Times: user=0.12 sys=0.00, real=0.05 secs] 
2711.065: [GC [PSYoungGen: 318634K->16669K(326272K)] 916170K->620954K(1025344K), 0.0507400 secs] [Times: user=0.14 sys=0.00, real=0.05 secs] 
2711.503: [GC [PSYoungGen: 319261K->14050K(325824K)] 923546K->625787K(1024896K), 0.0690370 secs] [Times: user=0.14 sys=0.00, real=0.06 secs] 
2711.923: [GC [PSYoungGen: 316642K->17922K(326592K)] 928379K->635265K(1025664K), 0.0471060 secs] [Times: user=0.13 sys=0.00, real=0.04 secs] 
2712.381: [GC [PSYoungGen: 321346K->14315K(326336K)] 938689K->638522K(1025408K), 0.0594580 secs] [Times: user=0.13 sys=0.00, real=0.06 secs] 
2712.772: [GC [PSYoungGen: 317739K->20441K(325184K)] 941946K->651041K(1024256K), 0.1055780 secs] [Times: user=0.13 sys=0.00, real=0.11 secs] 
2713.184: [GC [PSYoungGen: 322841K->15018K(325952K)] 953441K->653404K(1025024K), 0.0545470 secs] [Times: user=0.13 sys=0.00, real=0.05 secs] 
2713.569: [GC [PSYoungGen: 317418K->19344K(325696K)] 955804K->663881K(1024768K), 0.0685670 secs] [Times: user=0.14 sys=0.02, real=0.07 secs] 
2713.964: [GC [PSYoungGen: 321744K->17527K(325952K)] 966281K->668487K(1025024K), 0.0739150 secs] [Times: user=0.15 sys=0.01, real=0.07 secs] 
2714.405: [GC [PSYoungGen: 319927K->17752K(326848K)] 970887K->672997K(1025920K), 0.0672940 secs] [Times: user=0.12 sys=0.00, real=0.06 secs] 
2714.861: [GC [PSYoungGen: 321560K->18798K(326464K)] 976805K->678173K(1025536K), 0.0715540 secs] [Times: user=0.13 sys=0.00, real=0.07 secs] 
2715.245: [GC [PSYoungGen: 322606K->18837K(326848K)] 981981K->687182K(1025920K), 0.0578630 secs] [Times: user=0.14 sys=0.00, real=0.05 secs] 
2715.629: [GC [PSYoungGen: 323029K->14877K(326848K)] 991374K->690626K(1025920K), 0.0543320 secs] [Times: user=0.13 sys=0.00, real=0.06 secs] 
2716.058: [GC [PSYoungGen: 319069K->18897K(326784K)] 994818K->700960K(1025856K), 0.0730010 secs] [Times: user=0.13 sys=0.00, real=0.07 secs] 
2716.479: [GC [PSYoungGen: 323089K->17789K(326848K)] 1005152K->707837K(1025920K), 0.0706830 secs] [Times: user=0.13 sys=0.00, real=0.07 secs] 
2716.550: [Full GC [PSYoungGen: 17789K->0K(326848K)] [PSOldGen: 690048K->388141K(699072K)] 707837K->388141K(1025920K) [PSPermGen: 91602K->91602K(262144K)], 1.9364600 secs] [Times: user=1.94 sys=0.00, real=1.94 secs] 
2718.870: [GC [PSYoungGen: 304192K->21036K(325568K)] 692333K->409178K(1024640K), 0.0331220 secs] [Times: user=0.12 sys=0.00, real=0.03 secs] 
2719.240: [GC [PSYoungGen: 324332K->17619K(326400K)] 712474K->417304K(1025472K), 0.0604360 secs] [Times: user=0.14 sys=0.00, real=0.06 secs] 
2719.660: [GC [PSYoungGen: 320915K->15526K(326976K)] 720600K->423434K(1026048K), 0.0581250 secs] [Times: user=0.13 sys=0.00, real=0.06 secs] 
2720.045: [GC [PSYoungGen: 319846K->17555K(326848K)] 727754K->430998K(1025920K), 0.0383710 secs] [Times: user=0.13 sys=0.00, real=0.04 secs] 
2720.368: [GC [PSYoungGen: 321875K->18101K(327680K)] 735318K->438499K(1026752K), 0.0789820 secs] [Times: user=0.21 sys=0.01, real=0.08 secs] 
2720.815: [GC [PSYoungGen: 323701K->18816K(327424K)] 744099K->448802K(1026496K), 0.0741670 secs] [Times: user=0.15 sys=0.01, real=0.07 secs] 
2721.287: [GC [PSYoungGen: 324416K->18636K(327744K)] 754402K->454167K(1026816K), 0.0430930 secs] [Times: user=0.13 sys=0.00, real=0.04 secs] 
2721.799: [GC [PSYoungGen: 324556K->15283K(327680K)] 760087K->457384K(1026752K), 0.0459590 secs] [Times: user=0.12 sys=0.00, real=0.05 secs] 
2722.198: [GC [PSYoungGen: 321203K->19254K(327296K)] 763304K->466349K(1026368K), 0.0515960 secs] [Times: user=0.13 sys=0.00, real=0.05 secs] 
2722.624: [GC [PSYoungGen: 324726K->15244K(327488K)] 771821K->469018K(1026560K), 0.0487290 secs] [Times: user=0.13 sys=0.00, real=0.05 secs] 
2722.983: [GC [PSYoungGen: 320716K->19603K(326848K)] 774490K->480614K(1025920K), 0.0786280 secs] [Times: user=0.14 sys=0.00, real=0.08 secs] 
2723.395: [GC [PSYoungGen: 324435K->16268K(327168K)] 785446K->485032K(1026240K), 0.0629430 secs] [Times: user=0.13 sys=0.00, real=0.07 secs] 
2723.838: [GC [PSYoungGen: 321100K->14572K(327232K)] 789864K->486454K(1026304K), 0.0487190 secs] [Times: user=0.10 sys=0.01, real=0.05 secs] 
2724.194: [GC [PSYoungGen: 319660K->14234K(327296K)] 791542K->492768K(1026368K), 0.0500840 secs] [Times: user=0.12 sys=0.00, real=0.05 secs] 
2724.586: [GC [PSYoungGen: 319322K->18007K(327424K)] 797856K->502929K(1026496K), 0.0546950 secs] [Times: user=0.13 sys=0.01, real=0.05 secs] 
2724.984: [GC [PSYoungGen: 323223K->15967K(327296K)] 808145K->511271K(1026368K), 0.0526370 secs] [Times: user=0.14 sys=0.00, real=0.06 secs] 
2725.339: [GC [PSYoungGen: 321183K->19034K(327104K)] 816487K->517753K(1026176K), 0.0477290 secs] [Times: user=0.13 sys=0.01, real=0.05 secs] 
2725.803: [GC [PSYoungGen: 324378K->18170K(327424K)] 823097K->523844K(1026496K), 0.0953110 secs] [Times: user=0.14 sys=0.02, real=0.10 secs] 
2726.245: [GC [PSYoungGen: 323514K->17272K(328000K)] 829188K->528968K(1027072K), 0.0667230 secs] [Times: user=0.13 sys=0.00, real=0.06 secs] 
2726.682: [GC [PSYoungGen: 323320K->17608K(327552K)] 835016K->534835K(1026624K), 0.0792080 secs] [Times: user=0.13 sys=0.00, real=0.08 secs] 
2727.167: [GC [PSYoungGen: 323656K->17837K(328512K)] 840883K->542557K(1027584K), 0.0497790 secs] [Times: user=0.14 sys=0.00, real=0.05 secs] 
2727.734: [GC [PSYoungGen: 325165K->13774K(321152K)] 849885K->543857K(1020224K), 0.0488060 secs] [Times: user=0.12 sys=0.01, real=0.05 secs] 
2729.096: [GC [PSYoungGen: 321102K->17278K(328576K)] 851185K->552371K(1027648K), 0.0677330 secs] [Times: user=0.13 sys=0.01, real=0.06 secs] 
2729.518: [GC [PSYoungGen: 324606K->19539K(326912K)] 859699K->559718K(1025984K), 0.0490650 secs] [Times: user=0.13 sys=0.00, real=0.05 secs] 
2729.924: [GC [PSYoungGen: 326867K->14167K(327808K)] 867046K->561016K(1026880K), 0.0518610 secs] [Times: user=0.12 sys=0.00, real=0.06 secs] 
2730.319: [GC [PSYoungGen: 320535K->19007K(325376K)] 867384K->569935K(1024448K), 0.0582910 secs] [Times: user=0.13 sys=0.00, real=0.06 secs] 
2730.768: [GC [PSYoungGen: 325375K->14297K(327616K)] 876303K->573818K(1026688K), 0.0808130 secs] [Times: user=0.13 sys=0.00, real=0.08 secs] 
2731.163: [GC [PSYoungGen: 320025K->15642K(327616K)] 879546K->580122K(1026688K), 0.0461030 secs] [Times: user=0.12 sys=0.00, real=0.05 secs] 
2731.546: [GC [PSYoungGen: 321370K->15606K(328192K)] 885850K->584979K(1027264K), 0.0439850 secs] [Times: user=0.13 sys=0.00, real=0.04 secs] 
2732.026: [GC [PSYoungGen: 322166K->16894K(327872K)] 891539K->591202K(1026944K), 0.0712180 secs] [Times: user=0.13 sys=0.00, real=0.07 secs] 
2732.407: [GC [PSYoungGen: 323454K->13482K(328320K)] 897762K->596334K(1027392K), 0.0388970 secs] [Times: user=0.13 sys=0.00, real=0.04 secs] 
2732.842: [GC [PSYoungGen: 320874K->18592K(326016K)] 903726K->605796K(1025088K), 0.0596970 secs] [Times: user=0.12 sys=0.01, real=0.06 secs] 
2733.210: [GC [PSYoungGen: 325984K->16441K(328512K)] 913188K->611885K(1027584K), 0.0673830 secs] [Times: user=0.13 sys=0.00, real=0.07 secs] 
2733.578: [GC [PSYoungGen: 323513K->15489K(328064K)] 918957K->615067K(1027136K), 0.0487080 secs] [Times: user=0.12 sys=0.00, real=0.05 secs] 
2733.956: [GC [PSYoungGen: 322561K->18629K(328000K)] 922139K->625259K(1027072K), 0.0606440 secs] [Times: user=0.16 sys=0.00, real=0.06 secs] 
2734.366: [GC [PSYoungGen: 325893K->17627K(328384K)] 932523K->631630K(1027456K), 0.0595400 secs] [Times: user=0.14 sys=0.00, real=0.06 secs] 
2734.742: [GC [PSYoungGen: 324891K->14585K(328512K)] 938894K->633594K(1027584K), 0.0595690 secs] [Times: user=0.12 sys=0.00, real=0.06 secs] 
2735.217: [GC [PSYoungGen: 322105K->18441K(326016K)] 941114K->643645K(1025088K), 0.0850070 secs] [Times: user=0.13 sys=0.00, real=0.09 secs] 
2735.716: [GC [PSYoungGen: 325958K->19134K(327360K)] 951161K->650093K(1026432K), 0.0711890 secs] [Times: user=0.13 sys=0.01, real=0.08 secs] 
2736.171: [GC [PSYoungGen: 325246K->20164K(326336K)] 956205K->658027K(1025408K), 0.0730670 secs] [Times: user=0.14 sys=0.00, real=0.07 secs] 
2736.651: [GC [PSYoungGen: 326276K->20152K(326080K)] 964139K->664247K(1025152K), 0.0728130 secs] [Times: user=0.16 sys=0.01, real=0.07 secs] 
2736.991: [GC [PSYoungGen: 323832K->14180K(317888K)] 967927K->665359K(1016960K), 0.0433780 secs] [Times: user=0.12 sys=0.00, real=0.04 secs] 
2737.375: [GC [PSYoungGen: 317860K->18025K(326784K)] 969039K->673624K(1025856K), 0.0646110 secs] [Times: user=0.12 sys=0.01, real=0.07 secs] 
2737.818: [GC [PSYoungGen: 321833K->16116K(326528K)] 977432K->680337K(1025600K), 0.0721170 secs] [Times: user=0.15 sys=0.01, real=0.07 secs] 
2738.219: [GC [PSYoungGen: 319924K->19176K(326656K)] 984145K->690986K(1025728K), 0.0769900 secs] [Times: user=0.14 sys=0.01, real=0.07 secs] 
2738.624: [GC [PSYoungGen: 323496K->15686K(326912K)] 995306K->694283K(1025984K), 0.0568860 secs] [Times: user=0.15 sys=0.01, real=0.06 secs] 
2739.001: [GC [PSYoungGen: 320006K->16890K(327616K)] 998603K->699162K(1026688K), 0.0474470 secs] [Times: user=0.13 sys=0.00, real=0.05 secs] 
2739.436: [GC [PSYoungGen: 322170K->16577K(327168K)] 1004442K->705234K(1026240K), 0.0657750 secs] [Times: user=0.12 sys=0.00, real=0.07 secs] 
2739.929: [GC [PSYoungGen: 321857K->16732K(328320K)] 1010514K->712949K(1027392K), 0.0777840 secs] [Times: user=0.13 sys=0.00, real=0.07 secs] 
2740.007: [Full GC [PSYoungGen: 16732K->0K(328320K)] [PSOldGen: 696217K->386804K(699072K)] 712949K->386804K(1027392K) [PSPermGen: 91618K->91618K(262144K)], 1.8967340 secs] [Times: user=1.89 sys=0.00, real=1.90 secs] 
2742.176: [GC [PSYoungGen: 306752K->18572K(327936K)] 693556K->405377K(1027008K), 0.0405450 secs] [Times: user=0.11 sys=0.00, real=0.04 secs] 
2742.521: [GC [PSYoungGen: 325324K->13702K(327808K)] 712129K->407347K(1026880K), 0.0617050 secs] [Times: user=0.12 sys=0.01, real=0.06 secs] 
2742.937: [GC [PSYoungGen: 320198K->21486K(328000K)] 713843K->420676K(1027072K), 0.0794970 secs] [Times: user=0.16 sys=0.00, real=0.08 secs] 
2743.379: [GC [PSYoungGen: 327982K->15247K(321856K)] 727172K->423428K(1020928K), 0.0679170 secs] [Times: user=0.14 sys=0.00, real=0.06 secs] 
2743.753: [GC [PSYoungGen: 315599K->19013K(324928K)] 723780K->432893K(1024000K), 0.0586780 secs] [Times: user=0.15 sys=0.00, real=0.06 secs] 
2744.100: [GC [PSYoungGen: 319365K->20474K(324480K)] 733245K->440287K(1023552K), 0.0535280 secs] [Times: user=0.14 sys=0.00, real=0.05 secs] 
2744.502: [GC [PSYoungGen: 320570K->18140K(324800K)] 740383K->444737K(1023872K), 0.0461460 secs] [Times: user=0.13 sys=0.00, real=0.04 secs] 
2744.901: [GC [PSYoungGen: 318236K->13487K(325120K)] 744833K->448027K(1024192K), 0.0703730 secs] [Times: user=0.12 sys=0.00, real=0.07 secs] 
2745.350: [GC [PSYoungGen: 314479K->20165K(321216K)] 749019K->458644K(1020288K), 0.0636530 secs] [Times: user=0.13 sys=0.00, real=0.06 secs] 
2745.818: [GC [PSYoungGen: 321157K->16797K(325440K)] 759636K->464116K(1024512K), 0.0511210 secs] [Times: user=0.15 sys=0.00, real=0.06 secs] 
2746.237: [GC [PSYoungGen: 317661K->15882K(324928K)] 764980K->468138K(1024000K), 0.0495160 secs] [Times: user=0.14 sys=0.00, real=0.05 secs] 
2746.612: [GC [PSYoungGen: 316746K->17916K(326208K)] 769002K->477106K(1025280K), 0.0541110 secs] [Times: user=0.13 sys=0.00, real=0.06 secs] 
2747.043: [GC [PSYoungGen: 320380K->10494K(312960K)] 779570K->472420K(1012032K), 0.0562630 secs] [Times: user=0.10 sys=0.00, real=0.05 secs] 
2747.404: [GC [PSYoungGen: 312958K->17869K(325952K)] 774884K->484990K(1025024K), 0.0656190 secs] [Times: user=0.13 sys=0.00, real=0.07 secs] 
2747.913: [GC [PSYoungGen: 319885K->19175K(325568K)] 787006K->494611K(1024640K), 0.0614120 secs] [Times: user=0.14 sys=0.00, real=0.06 secs] 
2748.395: [GC [PSYoungGen: 321191K->15576K(326144K)] 796627K->495096K(1025216K), 0.0495300 secs] [Times: user=0.11 sys=0.01, real=0.05 secs] 
2748.756: [GC [PSYoungGen: 317976K->14868K(325760K)] 797496K->500384K(1024832K), 0.0589180 secs] [Times: user=0.12 sys=0.00, real=0.06 secs] 
2749.158: [GC [PSYoungGen: 317268K->19247K(325888K)] 802784K->509644K(1024960K), 0.0578690 secs] [Times: user=0.13 sys=0.00, real=0.06 secs] 
2749.560: [GC [PSYoungGen: 322031K->14197K(326144K)] 812428K->512664K(1025216K), 0.0361400 secs] [Times: user=0.12 sys=0.01, real=0.03 secs] 
2749.934: [GC [PSYoungGen: 316981K->22840K(323072K)] 815448K->525296K(1022144K), 0.0502030 secs] [Times: user=0.15 sys=0.01, real=0.05 secs] 
2750.314: [GC [PSYoungGen: 322680K->15267K(324672K)] 825136K->523390K(1023744K), 0.0484010 secs] [Times: user=0.12 sys=0.00, real=0.05 secs] 
2750.765: [GC [PSYoungGen: 315107K->16726K(325696K)] 823230K->529707K(1024768K), 0.0688940 secs] [Times: user=0.11 sys=0.01, real=0.07 secs] 
2751.158: [GC [PSYoungGen: 317974K->19411K(325056K)] 830955K->539720K(1024128K), 0.0559650 secs] [Times: user=0.14 sys=0.00, real=0.06 secs] 
2751.552: [GC [PSYoungGen: 320659K->20025K(324864K)] 840968K->549981K(1023936K), 0.0629140 secs] [Times: user=0.15 sys=0.01, real=0.06 secs] 
2751.905: [GC [PSYoungGen: 320889K->15511K(325184K)] 850845K->550903K(1024256K), 0.0539660 secs] [Times: user=0.12 sys=0.00, real=0.05 secs] 
2752.356: [GC [PSYoungGen: 316375K->13355K(325376K)] 851767K->553826K(1024448K), 0.0936110 secs] [Times: user=0.11 sys=0.00, real=0.10 secs] 
2752.869: [GC [PSYoungGen: 314731K->15402K(325440K)] 855202K->560976K(1024512K), 0.0527460 secs] [Times: user=0.12 sys=0.00, real=0.05 secs] 
2753.299: [GC [PSYoungGen: 316778K->17153K(326464K)] 862352K->570774K(1025536K), 0.0517290 secs] [Times: user=0.14 sys=0.00, real=0.06 secs] 
2753.830: [GC [PSYoungGen: 320001K->14693K(325888K)] 873622K->574505K(1024960K), 0.0446280 secs] [Times: user=0.13 sys=0.00, real=0.05 secs] 
2754.273: [GC [PSYoungGen: 317541K->16845K(327232K)] 877353K->584192K(1026304K), 0.0655570 secs] [Times: user=0.14 sys=0.00, real=0.06 secs] 
2754.653: [GC [PSYoungGen: 321293K->17405K(326720K)] 888640K->591149K(1025792K), 0.0591410 secs] [Times: user=0.14 sys=0.01, real=0.06 secs] 
2755.073: [GC [PSYoungGen: 321853K->17517K(327744K)] 895597K->598844K(1026816K), 0.0635260 secs] [Times: user=0.13 sys=0.01, real=0.06 secs] 
2755.606: [GC [PSYoungGen: 323309K->18329K(327552K)] 904636K->606835K(1026624K), 0.0821250 secs] [Times: user=0.14 sys=0.00, real=0.08 secs] 
2756.018: [GC [PSYoungGen: 324121K->14701K(327808K)] 912627K->610100K(1026880K), 0.0531660 secs] [Times: user=0.11 sys=0.00, real=0.06 secs] 
2756.459: [GC [PSYoungGen: 320685K->12833K(318848K)] 916084K->613536K(1017920K), 0.0444170 secs] [Times: user=0.11 sys=0.00, real=0.05 secs] 
2756.825: [GC [PSYoungGen: 318817K->17630K(327680K)] 919520K->624968K(1026752K), 0.0545420 secs] [Times: user=0.14 sys=0.01, real=0.05 secs] 
2757.333: [GC [PSYoungGen: 323422K->16625K(327616K)] 930760K->631927K(1026688K), 0.0788230 secs] [Times: user=0.13 sys=0.00, real=0.08 secs] 
2757.766: [GC [PSYoungGen: 322417K->13062K(327936K)] 937719K->632022K(1027008K), 0.0345750 secs] [Times: user=0.11 sys=0.00, real=0.04 secs] 
2758.124: [GC [PSYoungGen: 319686K->18512K(325184K)] 938646K->642492K(1024256K), 0.0592390 secs] [Times: user=0.13 sys=0.00, real=0.06 secs] 
2758.489: [GC [PSYoungGen: 325136K->17507K(327872K)] 949116K->650355K(1026944K), 0.0724070 secs] [Times: user=0.14 sys=0.00, real=0.08 secs] 
2758.987: [GC [PSYoungGen: 323619K->16842K(327744K)] 956467K->654583K(1026816K), 0.0677120 secs] [Times: user=0.11 sys=0.01, real=0.07 secs] 
2759.351: [GC [PSYoungGen: 322954K->19804K(326720K)] 960695K->663875K(1025792K), 0.0617010 secs] [Times: user=0.15 sys=0.00, real=0.06 secs] 
2759.743: [GC [PSYoungGen: 325276K->19888K(325376K)] 969347K->669669K(1024448K), 0.0492210 secs] [Times: user=0.13 sys=0.01, real=0.05 secs] 
2760.143: [GC [PSYoungGen: 325360K->14655K(326976K)] 975141K->671287K(1026048K), 0.0606430 secs] [Times: user=0.12 sys=0.01, real=0.06 secs] 
2760.494: [GC [PSYoungGen: 319039K->17178K(326912K)] 975671K->678932K(1025984K), 0.0520630 secs] [Times: user=0.13 sys=0.00, real=0.05 secs] 
2760.876: [GC [PSYoungGen: 321562K->19843K(326336K)] 983316K->689413K(1025408K), 0.0556920 secs] [Times: user=0.15 sys=0.00, real=0.06 secs] 
2761.290: [GC [PSYoungGen: 324163K->18080K(326912K)] 993733K->697170K(1025984K), 0.0831880 secs] [Times: user=0.14 sys=0.00, real=0.09 secs] 
2761.680: [GC [PSYoungGen: 322400K->16807K(327552K)] 1001490K->701889K(1026624K), 0.0520160 secs] [Times: user=0.12 sys=0.00, real=0.06 secs] 
2762.170: [GC [PSYoungGen: 321959K->16995K(327104K)] 1007041K->707422K(1026176K), 0.0562190 secs] [Times: user=0.12 sys=0.01, real=0.06 secs] 
2762.226: [Full GC [PSYoungGen: 16995K->0K(327104K)] [PSOldGen: 690426K->387279K(699072K)] 707422K->387279K(1026176K) [PSPermGen: 91633K->91633K(262144K)], 1.9329210 secs] [Times: user=1.93 sys=0.00, real=1.93 secs] 
2764.512: [GC [PSYoungGen: 305152K->21546K(324096K)] 692431K->410861K(1023168K), 0.0496110 secs] [Times: user=0.13 sys=0.01, real=0.05 secs] 
2764.996: [GC [PSYoungGen: 324074K->16890K(326016K)] 713389K->415179K(1025088K), 0.0472730 secs] [Times: user=0.14 sys=0.00, real=0.05 secs] 
2765.373: [GC [PSYoungGen: 319418K->17418K(326912K)] 717707K->421874K(1025984K), 0.0639050 secs] [Times: user=0.13 sys=0.00, real=0.06 secs] 
2765.749: [GC [PSYoungGen: 321226K->20967K(324800K)] 725682K->431196K(1023872K), 0.0656980 secs] [Times: user=0.14 sys=0.00, real=0.07 secs] 
2766.138: [GC [PSYoungGen: 324775K->18130K(326656K)] 735004K->433174K(1025728K), 0.0589000 secs] [Times: user=0.13 sys=0.00, real=0.06 secs] 
2766.549: [GC [PSYoungGen: 321487K->13367K(326208K)] 736531K->435766K(1025280K), 0.0417790 secs] [Times: user=0.12 sys=0.00, real=0.04 secs] 
2766.936: [GC [PSYoungGen: 316727K->15346K(326528K)] 739126K->440766K(1025600K), 0.0416050 secs] [Times: user=0.10 sys=0.00, real=0.04 secs] 
2767.360: [GC [PSYoungGen: 318706K->17328K(326336K)] 744126K->449787K(1025408K), 0.0789940 secs] [Times: user=0.14 sys=0.00, real=0.08 secs] 
2767.801: [GC [PSYoungGen: 320688K->19700K(326400K)] 753147K->460123K(1025472K), 0.0866570 secs] [Times: user=0.14 sys=0.00, real=0.09 secs] 
2768.218: [GC [PSYoungGen: 323636K->15994K(326720K)] 764059K->462773K(1025792K), 0.0445600 secs] [Times: user=0.12 sys=0.00, real=0.05 secs] 
2768.643: [GC [PSYoungGen: 319930K->14997K(327040K)] 766709K->464949K(1026112K), 0.0842050 secs] [Times: user=0.10 sys=0.00, real=0.08 secs] 
2769.106: [GC [PSYoungGen: 319509K->17815K(326976K)] 769461K->473441K(1026048K), 0.0622420 secs] [Times: user=0.13 sys=0.00, real=0.06 secs] 
2769.522: [GC [PSYoungGen: 322327K->20150K(326208K)] 777953K->483314K(1025280K), 0.0459820 secs] [Times: user=0.14 sys=0.00, real=0.05 secs] 
2769.990: [GC [PSYoungGen: 324214K->20515K(324608K)] 787378K->489795K(1023680K), 0.0731350 secs] [Times: user=0.14 sys=0.00, real=0.08 secs] 
2770.323: [GC [PSYoungGen: 324579K->18243K(326592K)] 793859K->494130K(1025664K), 0.1065310 secs] [Times: user=0.16 sys=0.01, real=0.10 secs] 
2770.739: [GC [PSYoungGen: 321475K->20744K(324032K)] 797362K->501044K(1023104K), 0.0432610 secs] [Times: user=0.14 sys=0.00, real=0.05 secs] 
2771.149: [GC [PSYoungGen: 323970K->16686K(326272K)] 804270K->502688K(1025344K), 0.0447480 secs] [Times: user=0.13 sys=0.00, real=0.05 secs] 
2771.584: [GC [PSYoungGen: 319470K->19038K(326016K)] 805472K->511578K(1025088K), 0.0612930 secs] [Times: user=0.17 sys=0.00, real=0.06 secs] 
2772.024: [GC [PSYoungGen: 321818K->19453K(326464K)] 814359K->517614K(1025536K), 0.0588630 secs] [Times: user=0.14 sys=0.00, real=0.06 secs] 
2772.441: [GC [PSYoungGen: 322877K->13718K(317184K)] 821038K->518032K(1016256K), 0.0628520 secs] [Times: user=0.12 sys=0.01, real=0.07 secs] 
2772.890: [GC [PSYoungGen: 317142K->17055K(326592K)] 821456K->524290K(1025664K), 0.0798830 secs] [Times: user=0.13 sys=0.00, real=0.08 secs] 
2773.286: [GC [PSYoungGen: 320287K->20241K(326144K)] 827522K->534158K(1025216K), 0.0616730 secs] [Times: user=0.14 sys=0.00, real=0.06 secs] 
2773.736: [GC [PSYoungGen: 323473K->16258K(326400K)] 837390K->538498K(1025472K), 0.0560770 secs] [Times: user=0.13 sys=0.00, real=0.05 secs] 
2774.160: [GC [PSYoungGen: 319298K->18052K(326144K)] 841538K->543708K(1025216K), 0.0509170 secs] [Times: user=0.13 sys=0.00, real=0.05 secs] 
2774.668: [GC [PSYoungGen: 321092K->16976K(327168K)] 846748K->550979K(1026240K), 0.0556610 secs] [Times: user=0.13 sys=0.00, real=0.06 secs] 
2775.112: [GC [PSYoungGen: 321488K->15717K(326848K)] 855491K->555873K(1025920K), 0.0583710 secs] [Times: user=0.12 sys=0.00, real=0.06 secs] 
2775.530: [GC [PSYoungGen: 320229K->20204K(326272K)] 860385K->565158K(1025344K), 0.0556170 secs] [Times: user=0.13 sys=0.01, real=0.06 secs] 
2776.046: [GC [PSYoungGen: 324268K->15191K(326784K)] 869222K->566480K(1025856K), 0.0680400 secs] [Times: user=0.12 sys=0.00, real=0.07 secs] 
2776.486: [GC [PSYoungGen: 319255K->18044K(327104K)] 870544K->574093K(1026176K), 0.0865200 secs] [Times: user=0.12 sys=0.00, real=0.08 secs] 
2776.927: [GC [PSYoungGen: 322428K->14749K(326784K)] 878477K->579245K(1025856K), 0.0533400 secs] [Times: user=0.13 sys=0.01, real=0.05 secs] 
2777.348: [GC [PSYoungGen: 319133K->15765K(327360K)] 883629K->587657K(1026432K), 0.0508650 secs] [Times: user=0.12 sys=0.00, real=0.05 secs] 
2777.738: [GC [PSYoungGen: 320725K->16274K(327104K)] 892617K->593627K(1026176K), 0.0545060 secs] [Times: user=0.12 sys=0.00, real=0.05 secs] 
2778.104: [GC [PSYoungGen: 321234K->18277K(327744K)] 898587K->601247K(1026816K), 0.0573760 secs] [Times: user=0.13 sys=0.01, real=0.05 secs] 
2778.514: [GC [PSYoungGen: 324197K->17181K(327680K)] 907167K->606819K(1026752K), 0.0429140 secs] [Times: user=0.15 sys=0.00, real=0.04 secs] 
2778.961: [GC [PSYoungGen: 323101K->19878K(327040K)] 912739K->616826K(1026112K), 0.0696480 secs] [Times: user=0.15 sys=0.00, real=0.07 secs] 
2779.435: [GC [PSYoungGen: 325606K->16002K(327616K)] 922554K->621858K(1026688K), 0.0405630 secs] [Times: user=0.14 sys=0.00, real=0.04 secs] 
2779.855: [GC [PSYoungGen: 321730K->15761K(327936K)] 927586K->628952K(1027008K), 0.0637630 secs] [Times: user=0.15 sys=0.01, real=0.06 secs] 
2780.238: [GC [PSYoungGen: 322001K->15394K(327808K)] 935192K->636000K(1026880K), 0.0607600 secs] [Times: user=0.13 sys=0.00, real=0.06 secs] 
2780.655: [GC [PSYoungGen: 321634K->14726K(328128K)] 942240K->640334K(1027200K), 0.0533070 secs] [Times: user=0.12 sys=0.00, real=0.05 secs] 
2781.122: [GC [PSYoungGen: 321478K->15287K(328128K)] 947086K->645452K(1027200K), 0.0561480 secs] [Times: user=0.14 sys=0.00, real=0.06 secs] 
2781.459: [GC [PSYoungGen: 322039K->17426K(328512K)] 952204K->653477K(1027584K), 0.0512210 secs] [Times: user=0.13 sys=0.00, real=0.05 secs] 
2781.855: [GC [PSYoungGen: 324818K->10418K(317824K)] 960869K->652291K(1016896K), 0.0427360 secs] [Times: user=0.11 sys=0.01, real=0.05 secs] 
2782.286: [GC [PSYoungGen: 317810K->16027K(328448K)] 959683K->661141K(1027520K), 0.0447100 secs] [Times: user=0.11 sys=0.00, real=0.04 secs] 
2782.612: [GC [PSYoungGen: 322843K->19091K(325952K)] 967957K->671901K(1025024K), 0.0577850 secs] [Times: user=0.16 sys=0.00, real=0.06 secs] 
2783.007: [GC [PSYoungGen: 325907K->19267K(326656K)] 978717K->680362K(1025728K), 0.0441000 secs] [Times: user=0.14 sys=0.00, real=0.04 secs] 
2783.477: [GC [PSYoungGen: 324227K->15050K(327232K)] 985322K->683727K(1026304K), 0.0893070 secs] [Times: user=0.12 sys=0.01, real=0.09 secs] 
2783.910: [GC [PSYoungGen: 320010K->17180K(327808K)] 988687K->690424K(1026880K), 0.0669900 secs] [Times: user=0.12 sys=0.00, real=0.07 secs] 
2784.315: [GC [PSYoungGen: 323036K->19025K(324928K)] 996280K->699379K(1024000K), 0.0633050 secs] [Times: user=0.14 sys=0.00, real=0.06 secs] 
2784.708: [GC [PSYoungGen: 324881K->13094K(327168K)] 1005235K->701388K(1026240K), 0.0644610 secs] [Times: user=0.11 sys=0.00, real=0.06 secs] 
2785.129: [GC [PSYoungGen: 318182K->13418K(327296K)] 1006476K->705893K(1026368K), 0.0558600 secs] [Times: user=0.12 sys=0.00, real=0.06 secs] 
2785.185: [Full GC [PSYoungGen: 13418K->0K(327296K)] [PSOldGen: 692474K->351866K(699072K)] 705893K->351866K(1026368K) [PSPermGen: 91650K->91591K(262144K)], 2.1078340 secs] [Times: user=2.10 sys=0.01, real=2.10 secs] 
2787.652: [GC [PSYoungGen: 305088K->21720K(324416K)] 656954K->373587K(1023488K), 0.0737650 secs] [Times: user=0.13 sys=0.00, real=0.08 secs] 
2788.041: [GC [PSYoungGen: 323992K->18752K(321088K)] 675859K->383035K(1020160K), 0.0502830 secs] [Times: user=0.16 sys=0.00, real=0.05 secs] 
2788.489: [GC [PSYoungGen: 321024K->20080K(324800K)] 685307K->392147K(1023872K), 0.0516450 secs] [Times: user=0.15 sys=0.00, real=0.05 secs] 
2788.965: [GC [PSYoungGen: 321190K->18325K(325312K)] 693257K->396368K(1024384K), 0.0476540 secs] [Times: user=0.13 sys=0.00, real=0.04 secs] 
2789.322: [GC [PSYoungGen: 319445K->15587K(325952K)] 697488K->399746K(1025024K), 0.0484110 secs] [Times: user=0.12 sys=0.00, real=0.05 secs] 
2789.697: [GC [PSYoungGen: 317667K->18310K(325632K)] 701826K->408682K(1024704K), 0.0491970 secs] [Times: user=0.13 sys=0.01, real=0.05 secs] 
2790.061: [GC [PSYoungGen: 320390K->18015K(326528K)] 710762K->416425K(1025600K), 0.0712180 secs] [Times: user=0.15 sys=0.01, real=0.07 secs] 
2790.512: [GC [PSYoungGen: 321183K->20391K(323584K)] 719593K->424660K(1022656K), 0.0635410 secs] [Times: user=0.14 sys=0.00, real=0.07 secs] 
2790.948: [GC [PSYoungGen: 323547K->16053K(326272K)] 727815K->426767K(1025344K), 0.0766080 secs] [Times: user=0.14 sys=0.00, real=0.07 secs] 
2791.368: [GC [PSYoungGen: 318773K->16458K(325952K)] 729487K->432557K(1025024K), 0.0490700 secs] [Times: user=0.12 sys=0.00, real=0.05 secs] 
2791.773: [GC [PSYoungGen: 319178K->16508K(327040K)] 735277K->437509K(1026112K), 0.0361560 secs] [Times: user=0.12 sys=0.01, real=0.04 secs] 
2792.179: [GC [PSYoungGen: 320700K->19405K(326656K)] 741701K->447479K(1025728K), 0.1126060 secs] [Times: user=0.15 sys=0.00, real=0.11 secs] 
2792.745: [GC [PSYoungGen: 323597K->12843K(326272K)] 751671K->445711K(1025344K), 0.0444750 secs] [Times: user=0.10 sys=0.00, real=0.05 secs] 
2793.113: [GC [PSYoungGen: 316395K->21115K(324672K)] 749263K->456952K(1023744K), 0.0633530 secs] [Times: user=0.12 sys=0.00, real=0.07 secs] 
2793.463: [GC [PSYoungGen: 324667K->14400K(325696K)] 760504K->463690K(1024768K), 0.0563910 secs] [Times: user=0.14 sys=0.00, real=0.06 secs] 
2793.866: [GC [PSYoungGen: 316160K->16455K(325568K)] 765450K->473077K(1024640K), 0.0476060 secs] [Times: user=0.13 sys=0.00, real=0.04 secs] 
2794.289: [GC [PSYoungGen: 318215K->18000K(326528K)] 774837K->480764K(1025600K), 0.0707900 secs] [Times: user=0.13 sys=0.00, real=0.07 secs] 
2794.643: [GC [PSYoungGen: 321296K->14632K(326272K)] 784060K->483040K(1025344K), 0.0475390 secs] [Times: user=0.12 sys=0.00, real=0.05 secs] 
2795.054: [GC [PSYoungGen: 317928K->16342K(327168K)] 786336K->489452K(1026240K), 0.0455200 secs] [Times: user=0.12 sys=0.01, real=0.05 secs] 
2795.425: [GC [PSYoungGen: 320662K->17785K(326656K)] 793772K->497182K(1025728K), 0.0407310 secs] [Times: user=0.13 sys=0.00, real=0.04 secs] 
2795.781: [GC [PSYoungGen: 322105K->16458K(327808K)] 801502K->504395K(1026880K), 0.0643850 secs] [Times: user=0.13 sys=0.00, real=0.06 secs] 
2796.168: [GC [PSYoungGen: 322122K->15192K(327360K)] 810059K->508973K(1026432K), 0.0519790 secs] [Times: user=0.12 sys=0.00, real=0.05 secs] 
2796.526: [GC [PSYoungGen: 320856K->16724K(328448K)] 814637K->517952K(1027520K), 0.0535980 secs] [Times: user=0.14 sys=0.00, real=0.05 secs] 
2796.949: [GC [PSYoungGen: 323668K->11101K(318080K)] 824896K->518691K(1017152K), 0.0463230 secs] [Times: user=0.12 sys=0.00, real=0.04 secs] 
2797.316: [GC [PSYoungGen: 318045K->16206K(328448K)] 825635K->526883K(1027520K), 0.0470860 secs] [Times: user=0.12 sys=0.01, real=0.04 secs] 
2797.799: [GC [PSYoungGen: 323086K->16503K(327936K)] 833763K->535879K(1027008K), 0.0537300 secs] [Times: user=0.14 sys=0.00, real=0.05 secs] 
2798.241: [GC [PSYoungGen: 323383K->17922K(328448K)] 842759K->543353K(1027520K), 0.0536440 secs] [Times: user=0.13 sys=0.00, real=0.05 secs] 
2798.673: [GC [PSYoungGen: 325698K->16282K(328640K)] 851129K->547200K(1027712K), 0.0576510 secs] [Times: user=0.12 sys=0.01, real=0.06 secs] 
2799.044: [GC [PSYoungGen: 324058K->17309K(329088K)] 854976K->553718K(1028160K), 0.0527610 secs] [Times: user=0.14 sys=0.00, real=0.06 secs] 
2799.569: [GC [PSYoungGen: 325981K->15306K(329088K)] 862390K->561407K(1028160K), 0.0945110 secs] [Times: user=0.21 sys=0.00, real=0.09 secs] 
2800.022: [GC [PSYoungGen: 323978K->16956K(329472K)] 870079K->570804K(1028544K), 0.0598550 secs] [Times: user=0.14 sys=0.00, real=0.06 secs] 
2800.418: [GC [PSYoungGen: 326204K->16933K(329280K)] 880052K->575295K(1028352K), 0.0618200 secs] [Times: user=0.12 sys=0.00, real=0.06 secs] 
2800.847: [GC [PSYoungGen: 326181K->15886K(329856K)] 884543K->583265K(1028928K), 0.0608650 secs] [Times: user=0.15 sys=0.00, real=0.06 secs] 
2801.328: [GC [PSYoungGen: 325838K->16951K(329600K)] 893217K->588676K(1028672K), 0.0520780 secs] [Times: user=0.12 sys=0.00, real=0.05 secs] 
2801.703: [GC [PSYoungGen: 326903K->17737K(329600K)] 898628K->594664K(1028672K), 0.0465840 secs] [Times: user=0.12 sys=0.00, real=0.05 secs] 
2802.100: [GC [PSYoungGen: 327817K->14637K(329792K)] 904744K->597908K(1028864K), 0.0564500 secs] [Times: user=0.12 sys=0.01, real=0.05 secs] 
2802.555: [GC [PSYoungGen: 324717K->16595K(330048K)] 907988K->604426K(1029120K), 0.0485960 secs] [Times: user=0.13 sys=0.00, real=0.05 secs] 
2802.919: [GC [PSYoungGen: 326931K->16875K(329792K)] 914762K->612839K(1028864K), 0.0568330 secs] [Times: user=0.14 sys=0.00, real=0.05 secs] 
2803.316: [GC [PSYoungGen: 327211K->18592K(329152K)] 923175K->622982K(1028224K), 0.0635930 secs] [Times: user=0.14 sys=0.00, real=0.07 secs] 
2803.736: [GC [PSYoungGen: 328416K->17352K(329664K)] 932806K->629619K(1028736K), 0.0566660 secs] [Times: user=0.14 sys=0.00, real=0.06 secs] 
2804.117: [GC [PSYoungGen: 327176K->15539K(329856K)] 939443K->634204K(1028928K), 0.0360130 secs] [Times: user=0.12 sys=0.00, real=0.04 secs] 
2804.535: [GC [PSYoungGen: 325619K->19646K(329728K)] 944284K->643992K(1028800K), 0.0511940 secs] [Times: user=0.14 sys=0.00, real=0.05 secs] 
2804.955: [GC [PSYoungGen: 329726K->17583K(324992K)] 954072K->646099K(1024064K), 0.0518810 secs] [Times: user=0.12 sys=0.00, real=0.06 secs] 
2805.432: [GC [PSYoungGen: 322799K->16643K(327360K)] 951315K->652619K(1026432K), 0.0436700 secs] [Times: user=0.13 sys=0.00, real=0.04 secs] 
2805.837: [GC [PSYoungGen: 321859K->15691K(327808K)] 957835K->658028K(1026880K), 0.0738940 secs] [Times: user=0.13 sys=0.00, real=0.07 secs] 
2806.312: [GC [PSYoungGen: 321675K->17158K(327680K)] 964012K->664548K(1026752K), 0.0546220 secs] [Times: user=0.13 sys=0.00, real=0.05 secs] 
2806.733: [GC [PSYoungGen: 323142K->14951K(328256K)] 970532K->668346K(1027328K), 0.0499210 secs] [Times: user=0.12 sys=0.00, real=0.05 secs] 
2807.229: [GC [PSYoungGen: 321959K->14809K(328256K)] 975354K->672683K(1027328K), 0.0543550 secs] [Times: user=0.12 sys=0.00, real=0.05 secs] 
2807.616: [GC [PSYoungGen: 321817K->18839K(327680K)] 979691K->682328K(1026752K), 0.0519200 secs] [Times: user=0.13 sys=0.00, real=0.06 secs] 
2808.070: [GC [PSYoungGen: 325335K->13823K(320320K)] 988824K->685660K(1019392K), 0.0632310 secs] [Times: user=0.13 sys=0.00, real=0.06 secs] 
2808.476: [GC [PSYoungGen: 320319K->18968K(327168K)] 992156K->697713K(1026240K), 0.0657950 secs] [Times: user=0.13 sys=0.00, real=0.07 secs] 
2808.936: [GC [PSYoungGen: 324568K->19532K(325184K)] 1003313K->705708K(1024256K), 0.0653160 secs] [Times: user=0.15 sys=0.00, real=0.07 secs] 
2809.376: [GC [PSYoungGen: 325132K->14437K(327104K)] 1011308K->706781K(1026176K), 0.0722610 secs] [Times: user=0.12 sys=0.00, real=0.08 secs] 
2809.448: [Full GC [PSYoungGen: 14437K->0K(327104K)] [PSOldGen: 692344K->384227K(699072K)] 706781K->384227K(1026176K) [PSPermGen: 91605K->91605K(262144K)], 2.0319090 secs] [Times: user=2.03 sys=0.00, real=2.03 secs] 
2811.825: [GC [PSYoungGen: 304704K->22389K(327104K)] 688931K->406915K(1026176K), 0.0740480 secs] [Times: user=0.12 sys=0.00, real=0.08 secs] 
2812.275: [GC [PSYoungGen: 327093K->13480K(323904K)] 711619K->409768K(1022976K), 0.0572730 secs] [Times: user=0.13 sys=0.00, real=0.06 secs] 
2812.642: [GC [PSYoungGen: 314984K->16566K(325504K)] 711272K->417030K(1024576K), 0.0391560 secs] [Times: user=0.12 sys=0.00, real=0.04 secs] 
2813.008: [GC [PSYoungGen: 318070K->17471K(326592K)] 718534K->426584K(1025664K), 0.0551220 secs] [Times: user=0.14 sys=0.00, real=0.06 secs] 
2813.563: [GC [PSYoungGen: 320639K->16595K(326080K)] 729752K->431699K(1025152K), 0.0747920 secs] [Times: user=0.12 sys=0.01, real=0.07 secs] 
2814.036: [GC [PSYoungGen: 319763K->14644K(327232K)] 734867K->433873K(1026304K), 0.0501550 secs] [Times: user=0.12 sys=0.01, real=0.05 secs] 
2814.405: [GC [PSYoungGen: 319468K->19536K(324416K)] 738696K->444924K(1023488K), 0.0691880 secs] [Times: user=0.13 sys=0.00, real=0.07 secs] 
2814.817: [GC [PSYoungGen: 324368K->14808K(326912K)] 749756K->449428K(1025984K), 0.0405390 secs] [Times: user=0.13 sys=0.00, real=0.04 secs] 
2815.224: [GC [PSYoungGen: 318936K->13950K(326720K)] 753556K->453363K(1025792K), 0.0621660 secs] [Times: user=0.11 sys=0.00, real=0.06 secs] 
2815.604: [GC [PSYoungGen: 318078K->16483K(327616K)] 757491K->461188K(1026688K), 0.0650560 secs] [Times: user=0.12 sys=0.00, real=0.07 secs] 
2816.099: [GC [PSYoungGen: 321571K->17599K(326976K)] 766276K->467584K(1026048K), 0.0746400 secs] [Times: user=0.14 sys=0.01, real=0.07 secs] 
2816.484: [GC [PSYoungGen: 322687K->17517K(327936K)] 772672K->474113K(1027008K), 0.0468390 secs] [Times: user=0.14 sys=0.00, real=0.05 secs] 
2816.948: [GC [PSYoungGen: 323693K->17503K(327744K)] 780289K->482550K(1026816K), 0.0590830 secs] [Times: user=0.13 sys=0.01, real=0.06 secs] 
2817.380: [GC [PSYoungGen: 323679K->14463K(328192K)] 788726K->487188K(1027264K), 0.1036900 secs] [Times: user=0.11 sys=0.00, real=0.10 secs] 
2817.822: [GC [PSYoungGen: 321279K->21309K(328128K)] 794004K->500273K(1027200K), 0.1076800 secs] [Times: user=0.15 sys=0.00, real=0.11 secs] 
2818.305: [GC [PSYoungGen: 328125K->14581K(321472K)] 807089K->501214K(1020544K), 0.0528000 secs] [Times: user=0.12 sys=0.01, real=0.05 secs] 
2818.711: [GC [PSYoungGen: 314677K->17841K(324800K)] 801310K->509379K(1023872K), 0.0574210 secs] [Times: user=0.12 sys=0.01, real=0.05 secs] 
2819.159: [GC [PSYoungGen: 317937K->12607K(325056K)] 809474K->512995K(1024128K), 0.0728450 secs] [Times: user=0.12 sys=0.00, real=0.07 secs] 
2819.583: [GC [PSYoungGen: 313471K->18795K(325184K)] 813859K->522298K(1024256K), 0.0567560 secs] [Times: user=0.12 sys=0.00, real=0.06 secs] 
2820.003: [GC [PSYoungGen: 319659K->17056K(325952K)] 823162K->529055K(1025024K), 0.0498890 secs] [Times: user=0.13 sys=0.00, real=0.05 secs] 
2820.394: [GC [PSYoungGen: 318752K->15172K(325248K)] 830751K->535698K(1024320K), 0.0845610 secs] [Times: user=0.14 sys=0.00, real=0.08 secs] 
2820.820: [GC [PSYoungGen: 316868K->17458K(326656K)] 837394K->544088K(1025728K), 0.0501650 secs] [Times: user=0.13 sys=0.00, real=0.05 secs] 
2821.264: [GC [PSYoungGen: 320882K->16293K(326272K)] 847512K->549951K(1025344K), 0.0601970 secs] [Times: user=0.13 sys=0.00, real=0.06 secs] 
2821.626: [GC [PSYoungGen: 319717K->18603K(326912K)] 853375K->558439K(1025984K), 0.0756660 secs] [Times: user=0.14 sys=0.00, real=0.08 secs] 
2822.045: [GC [PSYoungGen: 323179K->15529K(327040K)] 863015K->562701K(1026112K), 0.0465200 secs] [Times: user=0.13 sys=0.00, real=0.05 secs] 
2822.428: [GC [PSYoungGen: 320105K->14882K(327488K)] 867277K->567709K(1026560K), 0.0471950 secs] [Times: user=0.13 sys=0.00, real=0.05 secs] 
2822.843: [GC [PSYoungGen: 320226K->18825K(324224K)] 873053K->577330K(1023296K), 0.0573520 secs] [Times: user=0.13 sys=0.00, real=0.05 secs] 
2823.322: [GC [PSYoungGen: 324169K->16630K(327744K)] 882674K->582366K(1026816K), 0.0806740 secs] [Times: user=0.13 sys=0.01, real=0.08 secs] 
2823.794: [GC [PSYoungGen: 322102K->17748K(327232K)] 887838K->589219K(1026304K), 0.0584250 secs] [Times: user=0.13 sys=0.00, real=0.06 secs] 
2824.187: [GC [PSYoungGen: 323220K->15796K(328128K)] 894691K->595082K(1027200K), 0.0485980 secs] [Times: user=0.13 sys=0.00, real=0.05 secs] 
2824.568: [GC [PSYoungGen: 322292K->16557K(327872K)] 901578K->601340K(1026944K), 0.0430060 secs] [Times: user=0.13 sys=0.00, real=0.05 secs] 
2824.891: [GC [PSYoungGen: 323053K->20920K(318848K)] 907836K->615716K(1017920K), 0.0522930 secs] [Times: user=0.15 sys=0.00, real=0.05 secs] 
2825.251: [GC [PSYoungGen: 318840K->17401K(323712K)] 913636K->622475K(1022784K), 0.0541850 secs] [Times: user=0.14 sys=0.00, real=0.05 secs] 
2825.634: [GC [PSYoungGen: 315321K->21483K(323328K)] 920395K->634093K(1022400K), 0.0945730 secs] [Times: user=0.19 sys=0.01, real=0.09 secs] 
2826.140: [GC [PSYoungGen: 319659K->11183K(309376K)] 932269K->632125K(1008448K), 0.0437680 secs] [Times: user=0.11 sys=0.00, real=0.05 secs] 
2826.489: [GC [PSYoungGen: 309359K->12800K(323264K)] 930301K->637047K(1022336K), 0.0495000 secs] [Times: user=0.12 sys=0.00, real=0.05 secs] 
2826.998: [GC [PSYoungGen: 309824K->20307K(317376K)] 934071K->650883K(1016448K), 0.0618290 secs] [Times: user=0.14 sys=0.00, real=0.06 secs] 
2827.363: [GC [PSYoungGen: 317331K->13378K(323200K)] 947907K->652988K(1022272K), 0.0571290 secs] [Times: user=0.13 sys=0.00, real=0.05 secs] 
2827.751: [GC [PSYoungGen: 310146K->16343K(323072K)] 949756K->660414K(1022144K), 0.0477680 secs] [Times: user=0.12 sys=0.00, real=0.05 secs] 
2828.115: [GC [PSYoungGen: 313111K->17268K(324736K)] 957182K->668719K(1023808K), 0.0625440 secs] [Times: user=0.14 sys=0.01, real=0.06 secs] 
2828.580: [GC [PSYoungGen: 316468K->17439K(323968K)] 967919K->675168K(1023040K), 0.0638620 secs] [Times: user=0.13 sys=0.00, real=0.07 secs] 
2829.063: [GC [PSYoungGen: 316639K->16419K(325952K)] 974368K->679244K(1025024K), 0.0520790 secs] [Times: user=0.14 sys=0.00, real=0.05 secs] 
2829.440: [GC [PSYoungGen: 318243K->20387K(325376K)] 981068K->690763K(1024448K), 0.0646650 secs] [Times: user=0.15 sys=0.00, real=0.07 secs] 
2829.949: [GC [PSYoungGen: 322211K->16480K(325888K)] 992587K->695027K(1024960K), 0.0611240 secs] [Times: user=0.14 sys=0.00, real=0.06 secs] 
2830.413: [GC [PSYoungGen: 318240K->16823K(325376K)] 996787K->700913K(1024448K), 0.0698180 secs] [Times: user=0.13 sys=0.00, real=0.07 secs] 
2830.816: [GC [PSYoungGen: 318583K->15023K(326656K)] 1002673K->705361K(1025728K), 0.0661370 secs] [Times: user=0.14 sys=0.01, real=0.07 secs] 
2830.882: [Full GC [PSYoungGen: 15023K->0K(326656K)] [PSOldGen: 690338K->389691K(699072K)] 705361K->389691K(1025728K) [PSPermGen: 91620K->91620K(262144K)], 1.9286330 secs] [Times: user=1.92 sys=0.00, real=1.92 secs] 
2833.124: [GC [PSYoungGen: 303616K->19962K(323584K)] 693307K->409653K(1022656K), 0.0610860 secs] [Times: user=0.11 sys=0.00, real=0.06 secs] 
2833.635: [GC [PSYoungGen: 323578K->17980K(326528K)] 713269K->420401K(1025600K), 0.0825580 secs] [Times: user=0.15 sys=0.00, real=0.08 secs] 
2834.110: [GC [PSYoungGen: 321148K->22773K(325952K)] 723569K->428495K(1025024K), 0.0545280 secs] [Times: user=0.15 sys=0.00, real=0.06 secs] 
2834.480: [GC [PSYoungGen: 325941K->16023K(324800K)] 731663K->430193K(1023872K), 0.0463640 secs] [Times: user=0.13 sys=0.00, real=0.05 secs] 
2834.878: [GC [PSYoungGen: 317271K->16284K(325376K)] 731441K->434561K(1024448K), 0.0427200 secs] [Times: user=0.13 sys=0.00, real=0.04 secs] 
2835.197: [GC [PSYoungGen: 317532K->18359K(326080K)] 735809K->442034K(1025152K), 0.0527300 secs] [Times: user=0.15 sys=0.00, real=0.05 secs] 
2835.593: [GC [PSYoungGen: 320695K->18997K(325760K)] 744370K->449129K(1024832K), 0.0532340 secs] [Times: user=0.13 sys=0.00, real=0.05 secs] 
2836.214: [GC [PSYoungGen: 321333K->16690K(326528K)] 751465K->454739K(1025600K), 0.0552990 secs] [Times: user=0.12 sys=0.00, real=0.05 secs] 
2836.579: [GC [PSYoungGen: 319922K->18209K(326208K)] 757971K->460624K(1025280K), 0.0415550 secs] [Times: user=0.12 sys=0.00, real=0.04 secs] 
2836.973: [GC [PSYoungGen: 321441K->16382K(327104K)] 763856K->464316K(1026176K), 0.0587140 secs] [Times: user=0.12 sys=0.00, real=0.05 secs] 
2837.378: [GC [PSYoungGen: 320830K->16065K(326848K)] 768764K->469170K(1025920K), 0.0592610 secs] [Times: user=0.12 sys=0.00, real=0.06 secs] 
2837.862: [GC [PSYoungGen: 320513K->21313K(325440K)] 773618K->481170K(1024512K), 0.0767310 secs] [Times: user=0.14 sys=0.01, real=0.08 secs] 
2838.330: [GC [PSYoungGen: 324609K->17700K(326400K)] 784466K->488432K(1025472K), 0.0564610 secs] [Times: user=0.14 sys=0.00, real=0.06 secs] 
2838.824: [GC [PSYoungGen: 320996K->16826K(327168K)] 791728K->492250K(1026240K), 0.0600790 secs] [Times: user=0.12 sys=0.00, real=0.06 secs] 
2839.232: [GC [PSYoungGen: 321402K->16644K(326912K)] 796826K->499292K(1025984K), 0.0511340 secs] [Times: user=0.13 sys=0.00, real=0.05 secs] 
2839.686: [GC [PSYoungGen: 321220K->16654K(327744K)] 803868K->506456K(1026816K), 0.0573910 secs] [Times: user=0.15 sys=0.00, real=0.05 secs] 
2840.065: [GC [PSYoungGen: 322382K->16932K(327488K)] 812184K->513306K(1026560K), 0.0488300 secs] [Times: user=0.13 sys=0.00, real=0.05 secs] 
2840.442: [GC [PSYoungGen: 322660K->16455K(328256K)] 819034K->520688K(1027328K), 0.0475570 secs] [Times: user=0.13 sys=0.00, real=0.05 secs] 
2840.983: [GC [PSYoungGen: 323271K->17257K(328064K)] 827504K->527020K(1027136K), 0.0629100 secs] [Times: user=0.13 sys=0.00, real=0.07 secs] 
2841.315: [GC [PSYoungGen: 324073K->19982K(327360K)] 833836K->534636K(1026432K), 0.0491150 secs] [Times: user=0.13 sys=0.01, real=0.05 secs] 
2841.767: [GC [PSYoungGen: 326478K->14600K(321152K)] 841132K->535241K(1020224K), 0.0578600 secs] [Times: user=0.13 sys=0.00, real=0.06 secs] 
2842.150: [GC [PSYoungGen: 321096K->15315K(328000K)] 841737K->540826K(1027072K), 0.0416040 secs] [Times: user=0.12 sys=0.00, real=0.04 secs] 
2842.536: [GC [PSYoungGen: 321683K->17018K(327872K)] 847194K->547763K(1026944K), 0.0408710 secs] [Times: user=0.13 sys=0.00, real=0.04 secs] 
2842.936: [GC [PSYoungGen: 323386K->15214K(328448K)] 854131K->552747K(1027520K), 0.0380490 secs] [Times: user=0.12 sys=0.00, real=0.04 secs] 
2843.297: [GC [PSYoungGen: 322542K->20548K(327936K)] 860075K->565367K(1027008K), 0.0539790 secs] [Times: user=0.14 sys=0.00, real=0.05 secs] 
2843.638: [GC [PSYoungGen: 327876K->20346K(325760K)] 872695K->573016K(1024832K), 0.0598540 secs] [Times: user=0.16 sys=0.00, real=0.06 secs] 
2844.044: [GC [PSYoungGen: 324538K->18752K(326848K)] 877208K->579422K(1025920K), 0.0754090 secs] [Times: user=0.14 sys=0.00, real=0.07 secs] 
2844.548: [GC [PSYoungGen: 322944K->12282K(326144K)] 883614K->577855K(1025216K), 0.0553350 secs] [Times: user=0.11 sys=0.00, real=0.05 secs] 
2844.922: [GC [PSYoungGen: 315834K->17029K(326528K)] 881407K->586880K(1025600K), 0.0495950 secs] [Times: user=0.12 sys=0.00, real=0.05 secs] 
2845.298: [GC [PSYoungGen: 320581K->19258K(326528K)] 890432K->596749K(1025600K), 0.0522840 secs] [Times: user=0.13 sys=0.00, real=0.05 secs] 
2845.739: [GC [PSYoungGen: 323322K->18334K(326784K)] 900813K->603200K(1025856K), 0.0526960 secs] [Times: user=0.13 sys=0.00, real=0.05 secs] 
2846.143: [GC [PSYoungGen: 322398K->17359K(327488K)] 907264K->609594K(1026560K), 0.0540310 secs] [Times: user=0.14 sys=0.01, real=0.06 secs] 
2846.547: [GC [PSYoungGen: 322319K->15986K(326976K)] 914554K->612526K(1026048K), 0.0502510 secs] [Times: user=0.13 sys=0.00, real=0.05 secs] 
2847.001: [GC [PSYoungGen: 320935K->16697K(328000K)] 917475K->619258K(1027072K), 0.0467900 secs] [Times: user=0.13 sys=0.00, real=0.05 secs] 
2847.529: [GC [PSYoungGen: 322873K->13800K(327680K)] 925434K->621312K(1026752K), 0.0763240 secs] [Times: user=0.12 sys=0.00, real=0.08 secs] 
2847.938: [GC [PSYoungGen: 319976K->20021K(326464K)] 927488K->632374K(1025536K), 0.0472930 secs] [Times: user=0.14 sys=0.01, real=0.05 secs] 
2848.373: [GC [PSYoungGen: 324853K->20708K(325568K)] 937206K->642391K(1024640K), 0.0755650 secs] [Times: user=0.16 sys=0.00, real=0.08 secs] 
2848.867: [GC [PSYoungGen: 325540K->14176K(326272K)] 947223K->641370K(1025344K), 0.0451340 secs] [Times: user=0.11 sys=0.00, real=0.04 secs] 
2849.263: [GC [PSYoungGen: 317344K->12519K(315712K)] 944538K->642784K(1014784K), 0.0408520 secs] [Times: user=0.11 sys=0.00, real=0.04 secs] 
2849.691: [GC [PSYoungGen: 315687K->17193K(326656K)] 945952K->655106K(1025728K), 0.0746690 secs] [Times: user=0.16 sys=0.00, real=0.08 secs] 
2850.225: [GC [PSYoungGen: 320470K->15609K(326144K)] 958383K->661469K(1025216K), 0.0466450 secs] [Times: user=0.13 sys=0.01, real=0.04 secs] 
2850.602: [GC [PSYoungGen: 318905K->18517K(326784K)] 964765K->669010K(1025856K), 0.0510790 secs] [Times: user=0.13 sys=0.00, real=0.05 secs] 
2850.968: [GC [PSYoungGen: 322837K->15589K(326912K)] 973330K->671886K(1025984K), 0.0521680 secs] [Times: user=0.13 sys=0.00, real=0.05 secs] 
2851.438: [GC [PSYoungGen: 319909K->18177K(327296K)] 976206K->682084K(1026368K), 0.0554670 secs] [Times: user=0.14 sys=0.00, real=0.05 secs] 
2851.791: [GC [PSYoungGen: 323265K->15730K(327296K)] 987172K->687196K(1026368K), 0.0535890 secs] [Times: user=0.13 sys=0.00, real=0.06 secs] 
2852.222: [GC [PSYoungGen: 320818K->16949K(328064K)] 992284K->694850K(1027136K), 0.0577780 secs] [Times: user=0.14 sys=0.01, real=0.06 secs] 
2852.622: [GC [PSYoungGen: 323125K->21436K(327616K)] 1001026K->706392K(1026688K), 0.0614840 secs] [Times: user=0.15 sys=0.00, real=0.06 secs] 
2853.053: [GC [PSYoungGen: 327612K->14910K(321216K)] 1012568K->708770K(1020288K), 0.0689650 secs] [Times: user=0.12 sys=0.01, real=0.07 secs] 
2853.122: [Full GC [PSYoungGen: 14910K->0K(321216K)] [PSOldGen: 693860K->388414K(699072K)] 708770K->388414K(1020288K) [PSPermGen: 91637K->91637K(262144K)], 2.0147270 secs] [Times: user=2.01 sys=0.00, real=2.02 secs] 
2855.428: [GC [PSYoungGen: 299328K->21027K(320384K)] 687742K->409441K(1019456K), 0.0351340 secs] [Times: user=0.12 sys=0.00, real=0.03 secs] 
2855.803: [GC [PSYoungGen: 320355K->13847K(323968K)] 708769K->413076K(1023040K), 0.0547910 secs] [Times: user=0.13 sys=0.00, real=0.06 secs] 
2856.269: [GC [PSYoungGen: 312215K->21424K(319808K)] 711444K->425121K(1018880K), 0.0437050 secs] [Times: user=0.13 sys=0.00, real=0.04 secs] 
2856.625: [GC [PSYoungGen: 319792K->16417K(323904K)] 723489K->426408K(1022976K), 0.0607180 secs] [Times: user=0.12 sys=0.00, real=0.07 secs] 
2857.016: [GC [PSYoungGen: 314145K->16081K(323328K)] 724136K->428634K(1022400K), 0.0603290 secs] [Times: user=0.10 sys=0.01, real=0.06 secs] 
2857.394: [GC [PSYoungGen: 313809K->18757K(324672K)] 726362K->437168K(1023744K), 0.0500470 secs] [Times: user=0.12 sys=0.00, real=0.05 secs] 
2857.866: [GC [PSYoungGen: 318277K->13820K(324352K)] 736688K->441788K(1023424K), 0.0601270 secs] [Times: user=0.13 sys=0.01, real=0.06 secs] 
2858.265: [GC [PSYoungGen: 313340K->14512K(324992K)] 741308K->447086K(1024064K), 0.0708570 secs] [Times: user=0.11 sys=0.00, real=0.07 secs] 
2858.706: [GC [PSYoungGen: 314736K->21551K(321792K)] 747310K->459994K(1020864K), 0.0541010 secs] [Times: user=0.14 sys=0.00, real=0.05 secs] 
2859.073: [GC [PSYoungGen: 321775K->18590K(324480K)] 760218K->465161K(1023552K), 0.0591320 secs] [Times: user=0.15 sys=0.00, real=0.06 secs] 
2859.502: [GC [PSYoungGen: 317662K->14817K(324096K)] 764233K->467998K(1023168K), 0.0525670 secs] [Times: user=0.12 sys=0.00, real=0.05 secs] 
2859.997: [GC [PSYoungGen: 313889K->18725K(324928K)] 767070K->476917K(1024000K), 0.0709700 secs] [Times: user=0.13 sys=0.00, real=0.07 secs] 
2860.402: [GC [PSYoungGen: 318885K->19223K(324736K)] 777077K->484957K(1023808K), 0.0567810 secs] [Times: user=0.15 sys=0.00, real=0.06 secs] 
2860.782: [GC [PSYoungGen: 319383K->16912K(325568K)] 785117K->489054K(1024640K), 0.1096790 secs] [Times: user=0.13 sys=0.00, real=0.11 secs] 
2861.265: [GC [PSYoungGen: 317968K->17841K(324992K)] 790110K->497978K(1024064K), 0.0922020 secs] [Times: user=0.14 sys=0.00, real=0.10 secs] 
2861.699: [GC [PSYoungGen: 318897K->16454K(326464K)] 799034K->501583K(1025536K), 0.0404130 secs] [Times: user=0.12 sys=0.00, real=0.04 secs] 
2862.057: [GC [PSYoungGen: 319494K->18919K(326080K)] 804623K->510551K(1025152K), 0.0535730 secs] [Times: user=0.13 sys=0.00, real=0.05 secs] 
2862.464: [GC [PSYoungGen: 321949K->15427K(326656K)] 813581K->512501K(1025728K), 0.0381770 secs] [Times: user=0.12 sys=0.00, real=0.04 secs] 
2862.935: [GC [PSYoungGen: 319107K->15619K(326528K)] 816181K->517715K(1025600K), 0.0657790 secs] [Times: user=0.11 sys=0.00, real=0.07 secs] 
2863.359: [GC [PSYoungGen: 319299K->15560K(327168K)] 821395K->523271K(1026240K), 0.0632360 secs] [Times: user=0.13 sys=0.00, real=0.06 secs] 
2863.733: [GC [PSYoungGen: 320136K->19546K(324160K)] 827847K->532703K(1023232K), 0.0610740 secs] [Times: user=0.13 sys=0.00, real=0.06 secs] 
2864.161: [GC [PSYoungGen: 324122K->16153K(327104K)] 837279K->536260K(1026176K), 0.0637110 secs] [Times: user=0.13 sys=0.00, real=0.06 secs] 
2864.526: [GC [PSYoungGen: 320529K->15674K(326784K)] 840636K->542398K(1025856K), 0.0486300 secs] [Times: user=0.12 sys=0.00, real=0.05 secs] 
2864.931: [GC [PSYoungGen: 320058K->13373K(327104K)] 846782K->547079K(1026176K), 0.0397700 secs] [Times: user=0.11 sys=0.01, real=0.04 secs] 
2865.339: [GC [PSYoungGen: 318333K->19812K(324800K)] 852039K->557502K(1023872K), 0.0474000 secs] [Times: user=0.14 sys=0.00, real=0.04 secs] 
2865.762: [GC [PSYoungGen: 324763K->14279K(326784K)] 862453K->564020K(1025856K), 0.0577850 secs] [Times: user=0.14 sys=0.00, real=0.06 secs] 
2866.098: [GC [PSYoungGen: 318215K->20151K(324096K)] 867956K->575386K(1023168K), 0.0606190 secs] [Times: user=0.16 sys=0.00, real=0.06 secs] 
2866.556: [GC [PSYoungGen: 324087K->17472K(326592K)] 879322K->581873K(1025664K), 0.0578180 secs] [Times: user=0.14 sys=0.00, real=0.06 secs] 
2867.073: [GC [PSYoungGen: 320640K->18178K(326080K)] 885041K->586444K(1025152K), 0.0588880 secs] [Times: user=0.12 sys=0.00, real=0.06 secs] 
2867.523: [GC [PSYoungGen: 321346K->17119K(327296K)] 889612K->591356K(1026368K), 0.0503940 secs] [Times: user=0.13 sys=0.00, real=0.05 secs] 
2867.938: [GC [PSYoungGen: 321631K->18284K(326720K)] 895868K->598790K(1025792K), 0.0563320 secs] [Times: user=0.15 sys=0.00, real=0.05 secs] 
2868.375: [GC [PSYoungGen: 322796K->12937K(326848K)] 903302K->598673K(1025920K), 0.0419370 secs] [Times: user=0.12 sys=0.00, real=0.04 secs] 
2868.819: [GC [PSYoungGen: 317641K->22397K(327104K)] 903377K->611597K(1026176K), 0.0773910 secs] [Times: user=0.15 sys=0.00, real=0.07 secs] 
2869.399: [GC [PSYoungGen: 327101K->16052K(322496K)] 916301K->614463K(1021568K), 0.0858880 secs] [Times: user=0.19 sys=0.00, real=0.08 secs] 
2869.925: [GC [PSYoungGen: 316148K->14954K(324800K)] 914559K->618160K(1023872K), 0.0559430 secs] [Times: user=0.12 sys=0.00, real=0.06 secs] 
2870.371: [GC [PSYoungGen: 315050K->19146K(325056K)] 918256K->629054K(1024128K), 0.0504910 secs] [Times: user=0.13 sys=0.01, real=0.05 secs] 
2870.837: [GC [PSYoungGen: 319754K->18106K(325056K)] 929662K->636058K(1024128K), 0.0667900 secs] [Times: user=0.14 sys=0.00, real=0.07 secs] 
2871.272: [GC [PSYoungGen: 318714K->17345K(326144K)] 936666K->642022K(1025216K), 0.0481510 secs] [Times: user=0.14 sys=0.01, real=0.05 secs] 
2871.732: [GC [PSYoungGen: 319553K->13031K(325568K)] 944230K->643295K(1024640K), 0.0691080 secs] [Times: user=0.12 sys=0.00, real=0.07 secs] 
2872.152: [GC [PSYoungGen: 315239K->16972K(326592K)] 945503K->652219K(1025664K), 0.0540690 secs] [Times: user=0.13 sys=0.00, real=0.05 secs] 
2872.582: [GC [PSYoungGen: 320012K->17771K(325952K)] 955259K->659654K(1025024K), 0.0472680 secs] [Times: user=0.14 sys=0.00, real=0.05 secs] 
2873.001: [GC [PSYoungGen: 320811K->15694K(327168K)] 962694K->665217K(1026240K), 0.0794230 secs] [Times: user=0.14 sys=0.00, real=0.08 secs] 
2873.459: [GC [PSYoungGen: 320270K->18534K(326912K)] 969793K->672606K(1025984K), 0.0505710 secs] [Times: user=0.12 sys=0.00, real=0.05 secs] 
2873.844: [GC [PSYoungGen: 323110K->16839K(327616K)] 977182K->678335K(1026688K), 0.0499400 secs] [Times: user=0.13 sys=0.00, real=0.05 secs] 
2874.252: [GC [PSYoungGen: 322119K->15375K(327168K)] 983615K->682965K(1026240K), 0.0468900 secs] [Times: user=0.13 sys=0.00, real=0.05 secs] 
2874.657: [GC [PSYoungGen: 320655K->18988K(327168K)] 988245K->694290K(1026240K), 0.0432640 secs] [Times: user=0.15 sys=0.00, real=0.05 secs] 
2875.123: [GC [PSYoungGen: 324460K->17151K(327488K)] 999762K->697887K(1026560K), 0.0666370 secs] [Times: user=0.13 sys=0.00, real=0.07 secs] 
2875.593: [GC [PSYoungGen: 322623K->16285K(328256K)] 1003359K->702071K(1027328K), 0.0396870 secs] [Times: user=0.13 sys=0.00, real=0.04 secs] 
2876.014: [GC [PSYoungGen: 323037K->16595K(328000K)] 1008823K->707514K(1027072K), 0.0526610 secs] [Times: user=0.12 sys=0.00, real=0.05 secs] 
2876.066: [Full GC [PSYoungGen: 16595K->0K(328000K)] [PSOldGen: 690918K->357706K(699072K)] 707514K->357706K(1027072K) [PSPermGen: 91649K->91590K(262144K)], 2.2451370 secs] [Times: user=2.24 sys=0.01, real=2.25 secs] 
2878.632: [GC [PSYoungGen: 306752K->20927K(325632K)] 664458K->379765K(1024704K), 0.0493940 secs] [Times: user=0.12 sys=0.00, real=0.05 secs] 
2879.189: [GC [PSYoungGen: 325631K->15771K(327104K)] 684469K->385460K(1026176K), 0.1014140 secs] [Times: user=0.13 sys=0.00, real=0.11 secs] 
2879.675: [GC [PSYoungGen: 320475K->19459K(326784K)] 690164K->393628K(1025856K), 0.0661220 secs] [Times: user=0.15 sys=0.01, real=0.07 secs] 
2880.034: [GC [PSYoungGen: 324035K->21208K(325824K)] 698204K->403238K(1024896K), 0.0802700 secs] [Times: user=0.15 sys=0.00, real=0.08 secs] 
2880.527: [GC [PSYoungGen: 325784K->18079K(326656K)] 707814K->406514K(1025728K), 0.0692080 secs] [Times: user=0.12 sys=0.00, real=0.07 secs] 
2880.916: [GC [PSYoungGen: 321375K->17016K(326144K)] 709810K->410978K(1025216K), 0.0513330 secs] [Times: user=0.14 sys=0.01, real=0.05 secs] 
2881.338: [GC [PSYoungGen: 320312K->17927K(327424K)] 714274K->419681K(1026496K), 0.0531950 secs] [Times: user=0.13 sys=0.00, real=0.06 secs] 
2881.747: [GC [PSYoungGen: 322823K->17567K(326976K)] 724577K->426880K(1026048K), 0.0717560 secs] [Times: user=0.13 sys=0.00, real=0.08 secs] 
2882.119: [GC [PSYoungGen: 322463K->21745K(320832K)] 731776K->437696K(1019904K), 0.0637990 secs] [Times: user=0.15 sys=0.00, real=0.07 secs] 
2882.536: [GC [PSYoungGen: 320817K->13570K(312704K)] 736768K->434992K(1011776K), 0.0413570 secs] [Times: user=0.11 sys=0.00, real=0.04 secs] 
2882.946: [GC [PSYoungGen: 312642K->19377K(324352K)] 734064K->444767K(1023424K), 0.0403160 secs] [Times: user=0.13 sys=0.01, real=0.04 secs] 
2883.357: [GC [PSYoungGen: 318193K->16423K(323968K)] 743583K->450809K(1023040K), 0.0714010 secs] [Times: user=0.15 sys=0.01, real=0.07 secs] 
2883.793: [GC [PSYoungGen: 315239K->18524K(325184K)] 749625K->456406K(1024256K), 0.0558990 secs] [Times: user=0.17 sys=0.00, real=0.05 secs] 
2884.204: [GC [PSYoungGen: 318876K->17849K(324672K)] 756758K->463558K(1023744K), 0.0501020 secs] [Times: user=0.14 sys=0.00, real=0.05 secs] 
2884.603: [GC [PSYoungGen: 318201K->18110K(326272K)] 763910K->469649K(1025344K), 0.0470200 secs] [Times: user=0.13 sys=0.00, real=0.05 secs] 
2885.128: [GC [PSYoungGen: 320574K->13070K(325696K)] 772113K->469946K(1024768K), 0.0419250 secs] [Times: user=0.11 sys=0.00, real=0.05 secs] 
2885.539: [GC [PSYoungGen: 315534K->15573K(326080K)] 772410K->477195K(1025152K), 0.0603590 secs] [Times: user=0.12 sys=0.00, real=0.06 secs] 
2886.021: [GC [PSYoungGen: 318037K->19583K(325888K)] 779659K->487883K(1024960K), 0.0652510 secs] [Times: user=0.14 sys=0.00, real=0.06 secs] 
2886.536: [GC [PSYoungGen: 322047K->16022K(326208K)] 790347K->492690K(1025280K), 0.0571350 secs] [Times: user=0.13 sys=0.00, real=0.06 secs] 
2886.866: [GC [PSYoungGen: 318678K->14896K(325952K)] 795346K->496962K(1025024K), 0.0566720 secs] [Times: user=0.12 sys=0.01, real=0.06 secs] 
2887.285: [GC [PSYoungGen: 317552K->14759K(326528K)] 799618K->503063K(1025600K), 0.0583580 secs] [Times: user=0.12 sys=0.00, real=0.06 secs] 
2887.748: [GC [PSYoungGen: 318115K->17937K(326336K)] 806418K->513052K(1025408K), 0.0519980 secs] [Times: user=0.14 sys=0.00, real=0.06 secs] 
2888.138: [GC [PSYoungGen: 321297K->19491K(326144K)] 816412K->521048K(1025216K), 0.0633180 secs] [Times: user=0.14 sys=0.00, real=0.07 secs] 
2888.598: [GC [PSYoungGen: 322915K->17012K(326464K)] 824472K->526637K(1025536K), 0.0513090 secs] [Times: user=0.13 sys=0.00, real=0.05 secs] 
2889.107: [GC [PSYoungGen: 320436K->20217K(325824K)] 830061K->536760K(1024896K), 0.0645110 secs] [Times: user=0.14 sys=0.00, real=0.07 secs] 
2889.504: [GC [PSYoungGen: 323513K->14322K(326400K)] 840056K->536835K(1025472K), 0.0649400 secs] [Times: user=0.11 sys=0.00, real=0.06 secs] 
2889.924: [GC [PSYoungGen: 317618K->13014K(326144K)] 840131K->538477K(1025216K), 0.0409710 secs] [Times: user=0.10 sys=0.00, real=0.04 secs] 
2890.278: [GC [PSYoungGen: 316054K->16537K(326272K)] 841517K->547342K(1025344K), 0.0647140 secs] [Times: user=0.15 sys=0.00, real=0.07 secs] 
2890.637: [GC [PSYoungGen: 319577K->16426K(327360K)] 850382K->553945K(1026432K), 0.0507620 secs] [Times: user=0.13 sys=0.00, real=0.05 secs] 
2890.995: [GC [PSYoungGen: 321130K->16839K(326848K)] 858649K->560427K(1025920K), 0.0483280 secs] [Times: user=0.12 sys=0.00, real=0.05 secs] 
2891.437: [GC [PSYoungGen: 321543K->18904K(327232K)] 865131K->569928K(1026304K), 0.0740300 secs] [Times: user=0.13 sys=0.00, real=0.08 secs] 
2891.786: [GC [PSYoungGen: 324504K->12286K(317888K)] 875528K->571462K(1016960K), 0.0429100 secs] [Times: user=0.12 sys=0.00, real=0.04 secs] 
2892.227: [GC [PSYoungGen: 317879K->18247K(327104K)] 877055K->584045K(1026176K), 0.0762960 secs] [Times: user=0.14 sys=0.00, real=0.08 secs] 
2892.753: [GC [PSYoungGen: 323079K->19413K(324288K)] 888877K->593962K(1023360K), 0.0482920 secs] [Times: user=0.14 sys=0.00, real=0.05 secs] 
2893.168: [GC [PSYoungGen: 324245K->16184K(327168K)] 898794K->598524K(1026240K), 0.0674770 secs] [Times: user=0.14 sys=0.00, real=0.07 secs] 
2893.625: [GC [PSYoungGen: 320568K->18769K(326720K)] 902908K->606196K(1025792K), 0.1290700 secs] [Times: user=0.14 sys=0.00, real=0.13 secs] 
2894.072: [GC [PSYoungGen: 323153K->16291K(327424K)] 910580K->611723K(1026496K), 0.0424760 secs] [Times: user=0.14 sys=0.00, real=0.04 secs] 
2894.403: [GC [PSYoungGen: 321251K->18244K(327040K)] 916683K->620073K(1026112K), 0.0424090 secs] [Times: user=0.13 sys=0.00, real=0.04 secs] 
2894.838: [GC [PSYoungGen: 323204K->19111K(326976K)] 925033K->629828K(1026048K), 0.0669550 secs] [Times: user=0.15 sys=0.00, real=0.07 secs] 
2895.182: [GC [PSYoungGen: 324071K->18582K(327232K)] 934788K->635523K(1026304K), 0.0505110 secs] [Times: user=0.13 sys=0.00, real=0.05 secs] 
2895.647: [GC [PSYoungGen: 323542K->17865K(327552K)] 940483K->640576K(1026624K), 0.0686700 secs] [Times: user=0.14 sys=0.00, real=0.07 secs] 
2896.070: [GC [PSYoungGen: 323145K->18280K(327232K)] 945856K->647130K(1026304K), 0.0620700 secs] [Times: user=0.13 sys=0.02, real=0.07 secs] 
2896.476: [GC [PSYoungGen: 323560K->18027K(328000K)] 952410K->650000K(1027072K), 0.0699970 secs] [Times: user=0.13 sys=0.00, real=0.07 secs] 
2896.902: [GC [PSYoungGen: 324267K->19343K(327744K)] 956240K->658492K(1026816K), 0.0530250 secs] [Times: user=0.13 sys=0.01, real=0.05 secs] 
2897.288: [GC [PSYoungGen: 325583K->18555K(327808K)] 964732K->666459K(1026880K), 0.0575880 secs] [Times: user=0.14 sys=0.00, real=0.06 secs] 
2897.684: [GC [PSYoungGen: 324603K->18814K(327744K)] 972507K->673990K(1026816K), 0.0646780 secs] [Times: user=0.17 sys=0.01, real=0.06 secs] 
2898.104: [GC [PSYoungGen: 324862K->14266K(327360K)] 980038K->677075K(1026432K), 0.0556450 secs] [Times: user=0.12 sys=0.00, real=0.05 secs] 
2898.497: [GC [PSYoungGen: 319994K->19302K(325056K)] 982803K->685440K(1024128K), 0.0460760 secs] [Times: user=0.14 sys=0.00, real=0.05 secs] 
2898.907: [GC [PSYoungGen: 325030K->15349K(327424K)] 991168K->690526K(1026496K), 0.0719190 secs] [Times: user=0.13 sys=0.00, real=0.07 secs] 
2899.364: [GC [PSYoungGen: 320629K->17266K(327360K)] 995806K->697213K(1026432K), 0.0578640 secs] [Times: user=0.14 sys=0.00, real=0.05 secs] 
2899.806: [GC [PSYoungGen: 322546K->15799K(327936K)] 1002493K->703795K(1027008K), 0.0637950 secs] [Times: user=0.16 sys=0.00, real=0.06 secs] 
2899.870: [Full GC [PSYoungGen: 15799K->0K(327936K)] [PSOldGen: 687996K->395055K(699072K)] 703795K->395055K(1027008K) [PSPermGen: 91602K->91602K(262144K)], 1.9501740 secs] [Times: user=1.95 sys=0.00, real=1.95 secs] 
2902.172: [GC [PSYoungGen: 306240K->21567K(327808K)] 701295K->417251K(1026880K), 0.0591800 secs] [Times: user=0.12 sys=0.01, real=0.05 secs] 
2902.562: [GC [PSYoungGen: 327807K->21679K(314240K)] 723491K->429888K(1013312K), 0.0687960 secs] [Times: user=0.17 sys=0.00, real=0.06 secs] 
2902.956: [GC [PSYoungGen: 314223K->13888K(306496K)] 722432K->430477K(1005568K), 0.0652910 secs] [Times: user=0.12 sys=0.00, real=0.06 secs] 
2903.362: [GC [PSYoungGen: 306432K->19314K(321792K)] 723021K->439336K(1020864K), 0.0541020 secs] [Times: user=0.13 sys=0.00, real=0.05 secs] 
2903.722: [GC [PSYoungGen: 312562K->15426K(320960K)] 732584K->443662K(1020032K), 0.0487540 secs] [Times: user=0.13 sys=0.00, real=0.04 secs] 
2904.149: [GC [PSYoungGen: 308674K->13495K(322048K)] 736910K->445356K(1021120K), 0.0327770 secs] [Times: user=0.11 sys=0.00, real=0.04 secs] 
2904.515: [GC [PSYoungGen: 308087K->16862K(322048K)] 739948K->453879K(1021120K), 0.0629720 secs] [Times: user=0.12 sys=0.00, real=0.06 secs] 
2904.961: [GC [PSYoungGen: 311454K->19675K(323008K)] 748471K->466577K(1022080K), 0.0704110 secs] [Times: user=0.14 sys=0.00, real=0.07 secs] 
2905.397: [GC [PSYoungGen: 315995K->13968K(322816K)] 762897K->468216K(1021888K), 0.0440220 secs] [Times: user=0.13 sys=0.00, real=0.04 secs] 
2905.835: [GC [PSYoungGen: 310288K->18109K(323840K)] 764536K->480283K(1022912K), 0.0780090 secs] [Times: user=0.13 sys=0.00, real=0.08 secs] 
2906.287: [GC [PSYoungGen: 315581K->16740K(323136K)] 777755K->487073K(1022208K), 0.0895450 secs] [Times: user=0.12 sys=0.00, real=0.09 secs] 
2906.793: [GC [PSYoungGen: 314212K->14592K(324672K)] 784545K->490430K(1023744K), 0.0578700 secs] [Times: user=0.11 sys=0.00, real=0.05 secs] 
2907.161: [GC [PSYoungGen: 314240K->15828K(324480K)] 790078K->497478K(1023552K), 0.0758890 secs] [Times: user=0.12 sys=0.00, real=0.08 secs] 
2907.610: [GC [PSYoungGen: 315476K->16075K(325696K)] 797126K->504609K(1024768K), 0.0426390 secs] [Times: user=0.14 sys=0.00, real=0.04 secs] 
2908.059: [GC [PSYoungGen: 317451K->18983K(325184K)] 805985K->515169K(1024256K), 0.0680190 secs] [Times: user=0.14 sys=0.00, real=0.07 secs] 
2908.428: [GC [PSYoungGen: 320359K->16344K(326144K)] 816545K->521483K(1025216K), 0.0560560 secs] [Times: user=0.13 sys=0.00, real=0.06 secs] 
2908.796: [GC [PSYoungGen: 318680K->14795K(325696K)] 823819K->526637K(1024768K), 0.0563720 secs] [Times: user=0.14 sys=0.00, real=0.06 secs] 
2909.345: [GC [PSYoungGen: 317131K->18458K(326400K)] 828973K->535885K(1025472K), 0.0573540 secs] [Times: user=0.14 sys=0.00, real=0.05 secs] 
2909.781: [GC [PSYoungGen: 321754K->16244K(326400K)] 839181K->539851K(1025472K), 0.0637590 secs] [Times: user=0.14 sys=0.00, real=0.07 secs] 
2910.331: [GC [PSYoungGen: 319540K->14699K(327040K)] 843147K->547403K(1026112K), 0.0575430 secs] [Times: user=0.14 sys=0.00, real=0.06 secs] 
2910.751: [GC [PSYoungGen: 319083K->19717K(324160K)] 851787K->556848K(1023232K), 0.0680550 secs] [Times: user=0.14 sys=0.00, real=0.07 secs] 
2911.299: [GC [PSYoungGen: 324101K->17455K(326976K)] 861232K->560880K(1026048K), 0.0414150 secs] [Times: user=0.13 sys=0.00, real=0.04 secs] 
2911.753: [GC [PSYoungGen: 321455K->14199K(326528K)] 864880K->563391K(1025600K), 0.0442250 secs] [Times: user=0.12 sys=0.00, real=0.05 secs] 
2912.164: [GC [PSYoungGen: 318199K->14740K(327232K)] 867391K->569372K(1026304K), 0.1105500 secs] [Times: user=0.14 sys=0.00, real=0.12 secs] 
2912.595: [GC [PSYoungGen: 319508K->17011K(327040K)] 874140K->578942K(1026112K), 0.0422800 secs] [Times: user=0.13 sys=0.00, real=0.04 secs] 
2913.031: [GC [PSYoungGen: 321777K->14900K(327872K)] 883708K->583185K(1026944K), 0.0602250 secs] [Times: user=0.12 sys=0.01, real=0.06 secs] 
2913.370: [GC [PSYoungGen: 320884K->20497K(326528K)] 889169K->592620K(1025600K), 0.0628560 secs] [Times: user=0.14 sys=0.01, real=0.06 secs] 
2913.797: [GC [PSYoungGen: 326481K->19033K(326400K)] 898604K->600008K(1025472K), 0.0608350 secs] [Times: user=0.14 sys=0.00, real=0.06 secs] 
2914.222: [GC [PSYoungGen: 322841K->18915K(322752K)] 903816K->604782K(1021824K), 0.0533130 secs] [Times: user=0.14 sys=0.00, real=0.06 secs] 
2914.632: [GC [PSYoungGen: 322723K->14519K(326656K)] 908590K->603959K(1025728K), 0.0417170 secs] [Times: user=0.11 sys=0.00, real=0.04 secs] 
2915.000: [GC [PSYoungGen: 318199K->19419K(323136K)] 907639K->614564K(1022208K), 0.0659840 secs] [Times: user=0.13 sys=0.01, real=0.07 secs] 
2915.370: [GC [PSYoungGen: 323099K->15395K(326592K)] 918244K->618408K(1025664K), 0.0482220 secs] [Times: user=0.13 sys=0.00, real=0.05 secs] 
2915.739: [GC [PSYoungGen: 318819K->18561K(326336K)] 921832K->627859K(1025408K), 0.1167930 secs] [Times: user=0.25 sys=0.00, real=0.12 secs] 
2916.233: [GC [PSYoungGen: 321985K->14855K(326784K)] 931283K->631531K(1025856K), 0.0513280 secs] [Times: user=0.14 sys=0.00, real=0.05 secs] 
2916.607: [GC [PSYoungGen: 318791K->13738K(326656K)] 935467K->636901K(1025728K), 0.0499130 secs] [Times: user=0.12 sys=0.00, real=0.05 secs] 
2917.028: [GC [PSYoungGen: 317674K->16047K(327296K)] 940837K->645993K(1026368K), 0.0511320 secs] [Times: user=0.13 sys=0.00, real=0.05 secs] 
2917.448: [GC [PSYoungGen: 320687K->16329K(326848K)] 950633K->653339K(1025920K), 0.0616860 secs] [Times: user=0.13 sys=0.01, real=0.06 secs] 
2917.869: [GC [PSYoungGen: 320969K->19262K(326912K)] 957979K->661544K(1025984K), 0.0500100 secs] [Times: user=0.13 sys=0.00, real=0.05 secs] 
2918.327: [GC [PSYoungGen: 324478K->17792K(327360K)] 966760K->668433K(1026432K), 0.0534590 secs] [Times: user=0.14 sys=0.00, real=0.05 secs] 
2918.824: [GC [PSYoungGen: 323008K->20407K(325952K)] 973649K->676634K(1025024K), 0.0797250 secs] [Times: user=0.14 sys=0.00, real=0.08 secs] 
2919.286: [GC [PSYoungGen: 324343K->15303K(326720K)] 980570K->676513K(1025792K), 0.0697150 secs] [Times: user=0.13 sys=0.00, real=0.07 secs] 
2919.706: [GC [PSYoungGen: 319239K->17971K(327168K)] 980449K->685430K(1026240K), 0.0903500 secs] [Times: user=0.13 sys=0.01, real=0.09 secs] 
2920.113: [GC [PSYoungGen: 322547K->17154K(326912K)] 990006K->691847K(1025984K), 0.0410610 secs] [Times: user=0.14 sys=0.00, real=0.04 secs] 
2920.536: [GC [PSYoungGen: 321730K->17167K(328128K)] 996423K->700034K(1027200K), 0.0595120 secs] [Times: user=0.13 sys=0.01, real=0.06 secs] 
2920.975: [GC [PSYoungGen: 323471K->17454K(327680K)] 1006338K->706509K(1026752K), 0.0720930 secs] [Times: user=0.13 sys=0.00, real=0.08 secs] 
2921.465: [GC [PSYoungGen: 323758K->15205K(328512K)] 1012813K->711747K(1027584K), 0.0579140 secs] [Times: user=0.14 sys=0.00, real=0.06 secs] 
2921.523: [Full GC [PSYoungGen: 15205K->0K(328512K)] [PSOldGen: 696542K->392457K(699072K)] 711747K->392457K(1027584K) [PSPermGen: 91618K->91618K(262144K)], 2.0503440 secs] [Times: user=2.05 sys=0.00, real=2.05 secs] 
2923.867: [GC [PSYoungGen: 307456K->20986K(328448K)] 699913K->414733K(1027520K), 0.0730710 secs] [Times: user=0.12 sys=0.00, real=0.07 secs] 
2924.271: [GC [PSYoungGen: 328442K->17556K(326400K)] 722189K->422693K(1025472K), 0.0577170 secs] [Times: user=0.15 sys=0.00, real=0.06 secs] 
2924.639: [GC [PSYoungGen: 322900K->19534K(324928K)] 728037K->430615K(1024000K), 0.0667710 secs] [Times: user=0.13 sys=0.00, real=0.06 secs] 
2925.077: [GC [PSYoungGen: 324878K->17345K(327552K)] 735959K->432334K(1026624K), 0.0456110 secs] [Times: user=0.11 sys=0.00, real=0.04 secs] 
2925.550: [GC [PSYoungGen: 322497K->17476K(327104K)] 737486K->438489K(1026176K), 0.0528970 secs] [Times: user=0.14 sys=0.01, real=0.05 secs] 
2925.953: [GC [PSYoungGen: 322628K->16073K(328064K)] 743641K->443607K(1027136K), 0.0726660 secs] [Times: user=0.12 sys=0.02, real=0.07 secs] 
2926.366: [GC [PSYoungGen: 322567K->15191K(327936K)] 750102K->449499K(1027008K), 0.0554340 secs] [Times: user=0.11 sys=0.00, real=0.06 secs] 
2926.784: [GC [PSYoungGen: 321687K->18627K(327808K)] 755995K->458299K(1026880K), 0.0409860 secs] [Times: user=0.13 sys=0.00, real=0.04 secs] 
2927.165: [GC [PSYoungGen: 324995K->18380K(327936K)] 764667K->464438K(1027008K), 0.0447910 secs] [Times: user=0.13 sys=0.00, real=0.05 secs] 
2927.573: [GC [PSYoungGen: 324748K->18820K(327872K)] 770806K->467448K(1026944K), 0.0605390 secs] [Times: user=0.11 sys=0.00, real=0.06 secs] 
2928.000: [GC [PSYoungGen: 325188K->14428K(320832K)] 773816K->470389K(1019904K), 0.0491210 secs] [Times: user=0.12 sys=0.00, real=0.05 secs] 
2928.418: [GC [PSYoungGen: 320796K->18216K(327872K)] 776757K->479323K(1026944K), 0.0574570 secs] [Times: user=0.11 sys=0.00, real=0.05 secs] 
2928.922: [GC [PSYoungGen: 324328K->16019K(327744K)] 785435K->485119K(1026816K), 0.0505880 secs] [Times: user=0.13 sys=0.00, real=0.05 secs] 
2929.275: [GC [PSYoungGen: 322131K->18211K(328128K)] 791231K->493123K(1027200K), 0.0522030 secs] [Times: user=0.13 sys=0.00, real=0.06 secs] 
2929.724: [GC [PSYoungGen: 324899K->16486K(328064K)] 799811K->499168K(1027136K), 0.0595090 secs] [Times: user=0.13 sys=0.01, real=0.06 secs] 
2930.123: [GC [PSYoungGen: 323174K->16540K(328640K)] 805856K->503759K(1027712K), 0.0379520 secs] [Times: user=0.11 sys=0.00, real=0.04 secs] 
2930.519: [GC [PSYoungGen: 324060K->18535K(328384K)] 811279K->514385K(1027456K), 0.0755740 secs] [Times: user=0.14 sys=0.01, real=0.07 secs] 
2931.034: [GC [PSYoungGen: 326055K->14264K(328128K)] 821905K->519548K(1027200K), 0.0671150 secs] [Times: user=0.13 sys=0.00, real=0.07 secs] 
2931.588: [GC [PSYoungGen: 321400K->14806K(328320K)] 826684K->523922K(1027392K), 0.0409860 secs] [Times: user=0.11 sys=0.00, real=0.04 secs] 
2931.976: [GC [PSYoungGen: 321942K->20617K(326336K)] 831058K->534528K(1025408K), 0.0585890 secs] [Times: user=0.13 sys=0.00, real=0.06 secs] 
2932.357: [GC [PSYoungGen: 325833K->17615K(327360K)] 839744K->538147K(1026432K), 0.0494460 secs] [Times: user=0.13 sys=0.00, real=0.05 secs] 
2932.732: [GC [PSYoungGen: 322831K->16352K(328000K)] 843363K->544608K(1027072K), 0.0578240 secs] [Times: user=0.13 sys=0.00, real=0.06 secs] 
2933.229: [GC [PSYoungGen: 322592K->18144K(327744K)] 850848K->551899K(1026816K), 0.0796690 secs] [Times: user=0.13 sys=0.00, real=0.08 secs] 
2933.711: [GC [PSYoungGen: 324384K->13929K(327808K)] 858139K->553524K(1026880K), 0.0623500 secs] [Times: user=0.13 sys=0.01, real=0.06 secs] 
2934.151: [GC [PSYoungGen: 320297K->18535K(324928K)] 859892K->563354K(1024000K), 0.0727360 secs] [Times: user=0.12 sys=0.00, real=0.07 secs] 
2934.630: [GC [PSYoungGen: 324903K->16922K(328256K)] 869722K->569328K(1027328K), 0.0517870 secs] [Times: user=0.14 sys=0.00, real=0.05 secs] 
2935.086: [GC [PSYoungGen: 323482K->19946K(326528K)] 875888K->577897K(1025600K), 0.0549060 secs] [Times: user=0.13 sys=0.00, real=0.06 secs] 
2935.456: [GC [PSYoungGen: 326506K->17222K(328000K)] 884457K->583717K(1027072K), 0.0565770 secs] [Times: user=0.14 sys=0.01, real=0.06 secs] 
2935.840: [GC [PSYoungGen: 323270K->15039K(327552K)] 889765K->586865K(1026624K), 0.0498630 secs] [Times: user=0.11 sys=0.01, real=0.05 secs] 
2936.196: [GC [PSYoungGen: 321087K->16625K(328384K)] 892913K->593581K(1027456K), 0.0458980 secs] [Times: user=0.13 sys=0.00, real=0.05 secs] 
2936.664: [GC [PSYoungGen: 323569K->19200K(326208K)] 900525K->603063K(1025280K), 0.0531060 secs] [Times: user=0.13 sys=0.00, real=0.06 secs] 
2937.040: [GC [PSYoungGen: 326144K->15122K(328064K)] 910007K->604691K(1027136K), 0.0472610 secs] [Times: user=0.12 sys=0.00, real=0.05 secs] 
2937.508: [GC [PSYoungGen: 321682K->16044K(328000K)] 911251K->609553K(1027072K), 0.0894310 secs] [Times: user=0.13 sys=0.00, real=0.09 secs] 
2937.915: [GC [PSYoungGen: 322604K->13976K(328192K)] 916113K->613119K(1027264K), 0.0415960 secs] [Times: user=0.12 sys=0.00, real=0.04 secs] 
2938.315: [GC [PSYoungGen: 320984K->17297K(328256K)] 920127K->621435K(1027328K), 0.0606900 secs] [Times: user=0.13 sys=0.00, real=0.06 secs] 
2938.731: [GC [PSYoungGen: 324305K->14947K(328576K)] 928443K->626523K(1027648K), 0.0602600 secs] [Times: user=0.13 sys=0.00, real=0.06 secs] 
2939.166: [GC [PSYoungGen: 322458K->16016K(328448K)] 934034K->631954K(1027520K), 0.0670740 secs] [Times: user=0.13 sys=0.00, real=0.07 secs] 
2939.607: [GC [PSYoungGen: 323536K->18473K(328256K)] 939474K->640449K(1027328K), 0.0651270 secs] [Times: user=0.15 sys=0.00, real=0.07 secs] 
2939.993: [GC [PSYoungGen: 326121K->17949K(328576K)] 948097K->646164K(1027648K), 0.0487470 secs] [Times: user=0.13 sys=0.00, real=0.05 secs] 
2940.413: [GC [PSYoungGen: 325597K->16797K(328960K)] 953812K->652892K(1028032K), 0.0530830 secs] [Times: user=0.14 sys=0.00, real=0.05 secs] 
2940.846: [GC [PSYoungGen: 324829K->16680K(328576K)] 960924K->657040K(1027648K), 0.0483880 secs] [Times: user=0.12 sys=0.00, real=0.05 secs] 
2941.292: [GC [PSYoungGen: 324712K->15928K(329472K)] 965072K->663175K(1028544K), 0.0725180 secs] [Times: user=0.12 sys=0.00, real=0.07 secs] 
2941.698: [GC [PSYoungGen: 325176K->20000K(329280K)] 972423K->676650K(1028352K), 0.0681450 secs] [Times: user=0.15 sys=0.01, real=0.06 secs] 
2942.086: [GC [PSYoungGen: 329248K->18482K(321856K)] 985898K->682781K(1020928K), 0.0533830 secs] [Times: user=0.14 sys=0.00, real=0.06 secs] 
2942.484: [GC [PSYoungGen: 320114K->20411K(322048K)] 984413K->689864K(1021120K), 0.0563950 secs] [Times: user=0.14 sys=0.00, real=0.06 secs] 
2942.888: [GC [PSYoungGen: 322043K->18479K(325824K)] 991496K->693484K(1024896K), 0.0511240 secs] [Times: user=0.14 sys=0.01, real=0.06 secs] 
2943.369: [GC [PSYoungGen: 320111K->15716K(325312K)] 995116K->698012K(1024384K), 0.0526660 secs] [Times: user=0.13 sys=0.00, real=0.05 secs] 
2943.719: [GC [PSYoungGen: 317348K->17111K(326272K)] 999644K->705375K(1025344K), 0.0499730 secs] [Times: user=0.14 sys=0.00, real=0.05 secs] 
2944.164: [GC [PSYoungGen: 319767K->14322K(325888K)] 1008031K->710415K(1024960K), 0.0483000 secs] [Times: user=0.12 sys=0.00, real=0.05 secs] 
2944.213: [Full GC [PSYoungGen: 14322K->0K(325888K)] [PSOldGen: 696092K->396545K(699072K)] 710415K->396545K(1024960K) [PSPermGen: 91630K->91630K(262144K)], 1.9669670 secs] [Times: user=1.96 sys=0.00, real=1.97 secs] 
2946.557: [GC [PSYoungGen: 302656K->21660K(324288K)] 699201K->418205K(1023360K), 0.0443030 secs] [Times: user=0.12 sys=0.00, real=0.05 secs] 
2946.955: [GC [PSYoungGen: 322652K->11620K(312640K)] 719197K->416799K(1011712K), 0.0413130 secs] [Times: user=0.14 sys=0.00, real=0.04 secs] 
2947.325: [GC [PSYoungGen: 312612K->16607K(325376K)] 717791K->427260K(1024448K), 0.0456590 secs] [Times: user=0.13 sys=0.00, real=0.05 secs] 
2947.678: [GC [PSYoungGen: 317279K->22391K(323072K)] 727932K->439752K(1022144K), 0.0470300 secs] [Times: user=0.15 sys=0.00, real=0.05 secs] 
2948.072: [GC [PSYoungGen: 323063K->13717K(324224K)] 740424K->438740K(1023296K), 0.0535110 secs] [Times: user=0.12 sys=0.01, real=0.05 secs] 
2948.395: [GC [PSYoungGen: 312661K->17292K(324224K)] 737684K->447262K(1023296K), 0.0420560 secs] [Times: user=0.12 sys=0.00, real=0.04 secs] 
2948.728: [GC [PSYoungGen: 316231K->16132K(325504K)] 746201K->455197K(1024576K), 0.0586760 secs] [Times: user=0.13 sys=0.00, real=0.06 secs] 
2949.095: [GC [PSYoungGen: 317124K->15542K(324992K)] 756189K->459459K(1024064K), 0.0609820 secs] [Times: user=0.11 sys=0.00, real=0.06 secs] 
2949.495: [GC [PSYoungGen: 316534K->19201K(325632K)] 760451K->469517K(1024704K), 0.0557620 secs] [Times: user=0.12 sys=0.00, real=0.06 secs] 
2949.914: [GC [PSYoungGen: 321217K->14896K(325760K)] 771533K->471854K(1024832K), 0.0492250 secs] [Times: user=0.12 sys=0.00, real=0.05 secs] 
2950.269: [GC [PSYoungGen: 316912K->17985K(326272K)] 773870K->481768K(1025344K), 0.0461400 secs] [Times: user=0.13 sys=0.00, real=0.05 secs] 
2950.763: [GC [PSYoungGen: 320769K->15226K(326016K)] 784552K->485949K(1025088K), 0.0600250 secs] [Times: user=0.13 sys=0.01, real=0.06 secs] 
2951.162: [GC [PSYoungGen: 318010K->19061K(326208K)] 788733K->494122K(1025280K), 0.0468860 secs] [Times: user=0.13 sys=0.00, real=0.04 secs] 
2951.535: [GC [PSYoungGen: 322357K->15653K(326400K)] 797418K->496456K(1025472K), 0.0643880 secs] [Times: user=0.11 sys=0.00, real=0.06 secs] 
2951.965: [GC [PSYoungGen: 318944K->18199K(326848K)] 799747K->504545K(1025920K), 0.0830340 secs] [Times: user=0.12 sys=0.01, real=0.08 secs] 
2952.337: [GC [PSYoungGen: 322263K->21989K(326080K)] 808609K->516749K(1025152K), 0.0625930 secs] [Times: user=0.15 sys=0.00, real=0.06 secs] 
2952.766: [GC [PSYoungGen: 326053K->15017K(325440K)] 820813K->516986K(1024512K), 0.0485490 secs] [Times: user=0.12 sys=0.01, real=0.05 secs] 
2953.185: [GC [PSYoungGen: 317033K->16644K(325760K)] 819002K->521116K(1024832K), 0.0461200 secs] [Times: user=0.12 sys=0.01, real=0.05 secs] 
2953.633: [GC [PSYoungGen: 318660K->15634K(326592K)] 823132K->527240K(1025664K), 0.0599720 secs] [Times: user=0.13 sys=0.00, real=0.06 secs] 
2954.100: [GC [PSYoungGen: 318994K->15151K(326272K)] 830600K->534093K(1025344K), 0.0566520 secs] [Times: user=0.12 sys=0.01, real=0.05 secs] 
2954.493: [GC [PSYoungGen: 318511K->20715K(325184K)] 837453K->546096K(1024256K), 0.0684680 secs] [Times: user=0.14 sys=0.00, real=0.07 secs] 
2954.867: [GC [PSYoungGen: 323243K->15821K(326016K)] 848624K->547299K(1025088K), 0.0643280 secs] [Times: user=0.13 sys=0.00, real=0.07 secs] 
2955.312: [GC [PSYoungGen: 318349K->15238K(326656K)] 849827K->552195K(1025728K), 0.0385980 secs] [Times: user=0.11 sys=0.00, real=0.04 secs] 
2955.677: [GC [PSYoungGen: 318790K->19768K(323328K)] 855747K->564226K(1022400K), 0.0533110 secs] [Times: user=0.15 sys=0.01, real=0.06 secs] 
2956.060: [GC [PSYoungGen: 323320K->19904K(325440K)] 867778K->569988K(1024512K), 0.0620710 secs] [Times: user=0.15 sys=0.00, real=0.07 secs] 
2956.551: [GC [PSYoungGen: 322048K->10021K(312192K)] 872132K->564769K(1011264K), 0.0382700 secs] [Times: user=0.10 sys=0.00, real=0.03 secs] 
2956.884: [GC [PSYoungGen: 312165K->17532K(325632K)] 866913K->575644K(1024704K), 0.0431580 secs] [Times: user=0.12 sys=0.00, real=0.04 secs] 
2957.255: [GC [PSYoungGen: 318844K->18212K(325184K)] 876956K->586001K(1024256K), 0.0652810 secs] [Times: user=0.15 sys=0.00, real=0.06 secs] 
2957.694: [GC [PSYoungGen: 319524K->12214K(325568K)] 887313K->587263K(1024640K), 0.0491530 secs] [Times: user=0.11 sys=0.00, real=0.05 secs] 
2958.017: [GC [PSYoungGen: 314102K->21892K(323840K)] 889151K->601838K(1022912K), 0.0623680 secs] [Times: user=0.14 sys=0.01, real=0.06 secs] 
2958.525: [GC [PSYoungGen: 323780K->16125K(325056K)] 903726K->608838K(1024128K), 0.0610050 secs] [Times: user=0.15 sys=0.00, real=0.06 secs] 
2958.915: [GC [PSYoungGen: 316093K->17282K(324416K)] 908806K->615158K(1023488K), 0.0505110 secs] [Times: user=0.13 sys=0.01, real=0.05 secs] 
2959.257: [GC [PSYoungGen: 317250K->16130K(326208K)] 915126K->623115K(1025280K), 0.0461060 secs] [Times: user=0.14 sys=0.01, real=0.05 secs] 
2959.672: [GC [PSYoungGen: 318530K->17882K(325696K)] 925515K->630909K(1024768K), 0.0542130 secs] [Times: user=0.15 sys=0.00, real=0.05 secs] 
2960.123: [GC [PSYoungGen: 320282K->16858K(327040K)] 933309K->638659K(1026112K), 0.0700200 secs] [Times: user=0.13 sys=0.00, real=0.07 secs] 
2960.500: [GC [PSYoungGen: 320858K->18024K(326464K)] 942659K->645400K(1025536K), 0.0648020 secs] [Times: user=0.13 sys=0.00, real=0.07 secs] 
2960.880: [GC [PSYoungGen: 322024K->17175K(327680K)] 949400K->650979K(1026752K), 0.0540050 secs] [Times: user=0.13 sys=0.00, real=0.06 secs] 
2961.281: [GC [PSYoungGen: 322583K->17477K(327232K)] 956387K->659336K(1026304K), 0.0586830 secs] [Times: user=0.14 sys=0.00, real=0.05 secs] 
2961.718: [GC [PSYoungGen: 322885K->20220K(326592K)] 964744K->666929K(1025664K), 0.0476900 secs] [Times: user=0.12 sys=0.00, real=0.05 secs] 
2962.109: [GC [PSYoungGen: 325308K->17970K(327296K)] 972017K->672753K(1026368K), 0.0643050 secs] [Times: user=0.15 sys=0.01, real=0.07 secs] 
2962.560: [GC [PSYoungGen: 323058K->12910K(326848K)] 977841K->676426K(1025920K), 0.0594240 secs] [Times: user=0.14 sys=0.00, real=0.06 secs] 
2962.955: [GC [PSYoungGen: 317870K->18353K(327232K)] 981386K->686907K(1026304K), 0.0639570 secs] [Times: user=0.15 sys=0.00, real=0.06 secs] 
2963.399: [GC [PSYoungGen: 323313K->17467K(327680K)] 991867K->692903K(1026752K), 0.0492620 secs] [Times: user=0.14 sys=0.00, real=0.05 secs] 
2963.745: [GC [PSYoungGen: 322939K->17078K(327296K)] 998375K->696733K(1026368K), 0.0518520 secs] [Times: user=0.13 sys=0.01, real=0.05 secs] 
2964.170: [GC [PSYoungGen: 322550K->19089K(327488K)] 1002205K->707347K(1026560K), 0.0781480 secs] [Times: user=0.15 sys=0.00, real=0.08 secs] 
2964.249: [Full GC [PSYoungGen: 19089K->0K(327488K)] [PSOldGen: 688257K->371129K(699072K)] 707347K->371129K(1026560K) [PSPermGen: 91644K->91589K(262144K)], 2.1741980 secs] [Times: user=2.17 sys=0.00, real=2.18 secs] 
2966.808: [GC [PSYoungGen: 306112K->17976K(327808K)] 677241K->389106K(1026880K), 0.0446990 secs] [Times: user=0.10 sys=0.00, real=0.05 secs] 
2967.182: [GC [PSYoungGen: 324088K->18222K(328128K)] 695218K->395118K(1027200K), 0.0487740 secs] [Times: user=0.13 sys=0.00, real=0.04 secs] 
2967.619: [GC [PSYoungGen: 324846K->17845K(328000K)] 701742K->404658K(1027072K), 0.0844440 secs] [Times: user=0.14 sys=0.00, real=0.09 secs] 
2968.068: [GC [PSYoungGen: 324469K->17892K(328640K)] 711282K->412723K(1027712K), 0.0783450 secs] [Times: user=0.16 sys=0.00, real=0.08 secs] 
2968.464: [GC [PSYoungGen: 325412K->16156K(328384K)] 720243K->418996K(1027456K), 0.0672560 secs] [Times: user=0.13 sys=0.00, real=0.06 secs] 
2968.954: [GC [PSYoungGen: 323676K->19936K(327552K)] 726516K->429535K(1026624K), 0.0918710 secs] [Times: user=0.14 sys=0.00, real=0.09 secs] 
2969.407: [GC [PSYoungGen: 326684K->15245K(322048K)] 736283K->428957K(1021120K), 0.0544690 secs] [Times: user=0.12 sys=0.00, real=0.05 secs] 
2969.844: [GC [PSYoungGen: 321997K->20195K(326784K)] 735709K->438186K(1025856K), 0.0551220 secs] [Times: user=0.14 sys=0.00, real=0.05 secs] 
2970.285: [GC [PSYoungGen: 325539K->14446K(319808K)] 743530K->441612K(1018880K), 0.0664900 secs] [Times: user=0.12 sys=0.00, real=0.06 secs] 
2970.694: [GC [PSYoungGen: 319790K->13608K(327040K)] 746956K->446965K(1026112K), 0.0370970 secs] [Times: user=0.12 sys=0.00, real=0.03 secs] 
2971.127: [GC [PSYoungGen: 318440K->15835K(327168K)] 751797K->454984K(1026240K), 0.0393630 secs] [Times: user=0.13 sys=0.00, real=0.04 secs] 
2971.635: [GC [PSYoungGen: 320667K->16851K(328000K)] 759816K->464095K(1027072K), 0.0812860 secs] [Times: user=0.14 sys=0.00, real=0.08 secs] 
2972.051: [GC [PSYoungGen: 322825K->18132K(327488K)] 770069K->469136K(1026560K), 0.0486430 secs] [Times: user=0.14 sys=0.00, real=0.05 secs] 
2972.555: [GC [PSYoungGen: 324116K->16113K(328256K)] 775120K->474891K(1027328K), 0.0653360 secs] [Times: user=0.12 sys=0.01, real=0.06 secs] 
2972.892: [GC [PSYoungGen: 322865K->20386K(327168K)] 781643K->484123K(1026240K), 0.0559360 secs] [Times: user=0.14 sys=0.00, real=0.06 secs] 
2973.319: [GC [PSYoungGen: 327138K->16323K(327744K)] 790875K->489005K(1026816K), 0.0774100 secs] [Times: user=0.14 sys=0.00, real=0.08 secs] 
2973.862: [GC [PSYoungGen: 321987K->16605K(327424K)] 794669K->493906K(1026496K), 0.1313500 secs] [Times: user=0.13 sys=0.00, real=0.14 secs] 
2974.298: [GC [PSYoungGen: 322269K->17426K(328384K)] 799570K->500709K(1027456K), 0.0633680 secs] [Times: user=0.13 sys=0.00, real=0.06 secs] 
2974.837: [GC [PSYoungGen: 324434K->18077K(328128K)] 807717K->508296K(1027200K), 0.0749530 secs] [Times: user=0.21 sys=0.00, real=0.07 secs] 
2975.318: [GC [PSYoungGen: 325085K->14461K(328320K)] 815304K->509689K(1027392K), 0.0529430 secs] [Times: user=0.11 sys=0.00, real=0.05 secs] 
2975.667: [GC [PSYoungGen: 321725K->19516K(326784K)] 816953K->518574K(1025856K), 0.0615630 secs] [Times: user=0.13 sys=0.00, real=0.06 secs] 
2976.109: [GC [PSYoungGen: 326780K->14674K(327872K)] 825838K->522241K(1026944K), 0.0595310 secs] [Times: user=0.12 sys=0.00, real=0.06 secs] 
2976.479: [GC [PSYoungGen: 320850K->18452K(324672K)] 828417K->531842K(1023744K), 0.0508380 secs] [Times: user=0.13 sys=0.00, real=0.05 secs] 
2976.884: [GC [PSYoungGen: 324628K->16233K(328064K)] 838018K->536705K(1027136K), 0.0529740 secs] [Times: user=0.14 sys=0.00, real=0.05 secs] 
2977.219: [GC [PSYoungGen: 322537K->14771K(327744K)] 843009K->540642K(1026816K), 0.0476350 secs] [Times: user=0.12 sys=0.00, real=0.05 secs] 
2977.583: [GC [PSYoungGen: 321075K->19327K(327104K)] 846946K->551588K(1026176K), 0.0536780 secs] [Times: user=0.14 sys=0.00, real=0.06 secs] 
2978.046: [GC [PSYoungGen: 325055K->14203K(327616K)] 857316K->556225K(1026688K), 0.0478400 secs] [Times: user=0.13 sys=0.00, real=0.04 secs] 
2978.418: [GC [PSYoungGen: 319931K->15897K(328000K)] 861953K->562643K(1027072K), 0.0466600 secs] [Times: user=0.12 sys=0.00, real=0.05 secs] 
2978.801: [GC [PSYoungGen: 322009K->18757K(327616K)] 868755K->572045K(1026688K), 0.0659470 secs] [Times: user=0.14 sys=0.00, real=0.07 secs] 
2979.267: [GC [PSYoungGen: 324869K->18529K(327552K)] 878157K->578953K(1026624K), 0.0615640 secs] [Times: user=0.14 sys=0.00, real=0.06 secs] 
2979.690: [GC [PSYoungGen: 324240K->18113K(327616K)] 884663K->585918K(1026688K), 0.0640310 secs] [Times: user=0.14 sys=0.01, real=0.07 secs] 
2980.134: [GC [PSYoungGen: 323841K->15401K(327872K)] 891646K->589793K(1026944K), 0.0478210 secs] [Times: user=0.14 sys=0.00, real=0.04 secs] 
2980.552: [GC [PSYoungGen: 321449K->15159K(327680K)] 895841K->596648K(1026752K), 0.0517280 secs] [Times: user=0.13 sys=0.00, real=0.06 secs] 
2980.963: [GC [PSYoungGen: 321207K->20534K(326208K)] 902696K->610119K(1025280K), 0.0876930 secs] [Times: user=0.15 sys=0.00, real=0.09 secs] 
2981.405: [GC [PSYoungGen: 325236K->16516K(327104K)] 914821K->612930K(1026176K), 0.0525190 secs] [Times: user=0.13 sys=0.00, real=0.05 secs] 
2981.834: [GC [PSYoungGen: 321220K->16082K(327808K)] 917634K->617915K(1026880K), 0.0472900 secs] [Times: user=0.13 sys=0.00, real=0.05 secs] 
2982.264: [GC [PSYoungGen: 321874K->17831K(327488K)] 923707K->626703K(1026560K), 0.0498360 secs] [Times: user=0.14 sys=0.00, real=0.05 secs] 
2982.640: [GC [PSYoungGen: 323623K->17535K(328256K)] 932495K->633249K(1027328K), 0.0484640 secs] [Times: user=0.14 sys=0.00, real=0.05 secs] 
2983.051: [GC [PSYoungGen: 324223K->18262K(327936K)] 939937K->639203K(1027008K), 0.0430060 secs] [Times: user=0.13 sys=0.00, real=0.05 secs] 
2983.410: [GC [PSYoungGen: 324950K->17324K(328576K)] 945891K->645461K(1027648K), 0.0454270 secs] [Times: user=0.14 sys=0.00, real=0.05 secs] 
2983.874: [GC [PSYoungGen: 324652K->14894K(328256K)] 952789K->648649K(1027328K), 0.0767170 secs] [Times: user=0.14 sys=0.01, real=0.07 secs] 
2984.317: [GC [PSYoungGen: 322222K->14844K(328576K)] 955977K->652536K(1027648K), 0.0450160 secs] [Times: user=0.12 sys=0.00, real=0.04 secs] 
2984.701: [GC [PSYoungGen: 322492K->19664K(327360K)] 960184K->665696K(1026432K), 0.0566590 secs] [Times: user=0.15 sys=0.00, real=0.06 secs] 
2985.116: [GC [PSYoungGen: 327312K->13346K(327552K)] 973344K->668534K(1026624K), 0.0456150 secs] [Times: user=0.13 sys=0.00, real=0.04 secs] 
2985.525: [GC [PSYoungGen: 319330K->18778K(324800K)] 974518K->680848K(1023872K), 0.0722590 secs] [Times: user=0.14 sys=0.00, real=0.07 secs] 
2985.921: [GC [PSYoungGen: 324762K->16861K(328000K)] 986832K->686151K(1027072K), 0.0733250 secs] [Times: user=0.14 sys=0.00, real=0.07 secs] 
2986.339: [GC [PSYoungGen: 322845K->18783K(327488K)] 992135K->693476K(1026560K), 0.0562040 secs] [Times: user=0.13 sys=0.01, real=0.06 secs] 
2986.768: [GC [PSYoungGen: 324767K->20877K(325824K)] 999460K->704525K(1024896K), 0.0845170 secs] [Times: user=0.15 sys=0.00, real=0.08 secs] 
2987.203: [GC [PSYoungGen: 324941K->18131K(326784K)] 1008589K->708241K(1025856K), 0.0640900 secs] [Times: user=0.16 sys=0.01, real=0.07 secs] 
2987.267: [Full GC [PSYoungGen: 18131K->0K(326784K)] [PSOldGen: 690109K->396018K(699072K)] 708241K->396018K(1025856K) [PSPermGen: 91606K->91606K(262144K)], 2.0289090 secs] [Times: user=2.02 sys=0.00, real=2.03 secs] 
2989.628: [GC [PSYoungGen: 304064K->21477K(325184K)] 700082K->417495K(1024256K), 0.0540310 secs] [Times: user=0.14 sys=0.01, real=0.05 secs] 
2990.129: [GC [PSYoungGen: 324261K->17587K(326144K)] 720279K->426553K(1025216K), 0.0723110 secs] [Times: user=0.15 sys=0.00, real=0.07 secs] 
2990.517: [GC [PSYoungGen: 320371K->16756K(326912K)] 729337K->434347K(1025984K), 0.0661660 secs] [Times: user=0.13 sys=0.00, real=0.06 secs] 
2990.989: [GC [PSYoungGen: 320753K->15961K(326592K)] 738344K->439868K(1025664K), 0.0605340 secs] [Times: user=0.13 sys=0.01, real=0.06 secs] 
2991.534: [GC [PSYoungGen: 319961K->17236K(327488K)] 743868K->446497K(1026560K), 0.0844930 secs] [Times: user=0.13 sys=0.00, real=0.09 secs] 
2991.994: [GC [PSYoungGen: 322260K->16735K(327040K)] 751521K->451554K(1026112K), 0.0499130 secs] [Times: user=0.13 sys=0.00, real=0.05 secs] 
2992.468: [GC [PSYoungGen: 321759K->20111K(326656K)] 756578K->461734K(1025728K), 0.0747540 secs] [Times: user=0.14 sys=0.00, real=0.07 secs] 
2992.890: [GC [PSYoungGen: 325071K->17040K(327232K)] 766694K->467817K(1026304K), 0.0596910 secs] [Times: user=0.13 sys=0.00, real=0.06 secs] 
2993.300: [GC [PSYoungGen: 322000K->16265K(327744K)] 772777K->472704K(1026816K), 0.0484410 secs] [Times: user=0.12 sys=0.00, real=0.05 secs] 
2993.727: [GC [PSYoungGen: 322057K->18639K(327552K)] 778496K->480540K(1026624K), 0.0566820 secs] [Times: user=0.13 sys=0.00, real=0.05 secs] 
2994.151: [GC [PSYoungGen: 324431K->19156K(327488K)] 786332K->490998K(1026560K), 0.0902700 secs] [Times: user=0.18 sys=0.01, real=0.09 secs] 
2994.632: [GC [PSYoungGen: 324884K->15168K(320960K)] 796726K->494723K(1020032K), 0.0542990 secs] [Times: user=0.13 sys=0.00, real=0.06 secs] 
2995.019: [GC [PSYoungGen: 320896K->18409K(327680K)] 800451K->501485K(1026752K), 0.0559620 secs] [Times: user=0.13 sys=0.00, real=0.05 secs] 
2995.344: [GC [PSYoungGen: 324137K->21161K(326912K)] 807213K->510228K(1025984K), 0.0707240 secs] [Times: user=0.15 sys=0.00, real=0.07 secs] 
2995.762: [GC [PSYoungGen: 326889K->15630K(326784K)] 815956K->511218K(1025856K), 0.0546500 secs] [Times: user=0.13 sys=0.00, real=0.06 secs] 
2996.159: [GC [PSYoungGen: 319822K->18446K(326848K)] 815410K->518737K(1025920K), 0.0529540 secs] [Times: user=0.13 sys=0.00, real=0.05 secs] 
2996.647: [GC [PSYoungGen: 322638K->15872K(327232K)] 822929K->523579K(1026304K), 0.0443910 secs] [Times: user=0.13 sys=0.00, real=0.04 secs] 
2997.012: [GC [PSYoungGen: 320704K->17360K(327104K)] 828411K->530218K(1026176K), 0.0517390 secs] [Times: user=0.14 sys=0.00, real=0.06 secs] 
2997.376: [GC [PSYoungGen: 322192K->16566K(327872K)] 835050K->536179K(1026944K), 0.0636130 secs] [Times: user=0.13 sys=0.01, real=0.07 secs] 
2997.759: [GC [PSYoungGen: 322550K->18040K(327616K)] 842163K->543521K(1026688K), 0.0671620 secs] [Times: user=0.13 sys=0.00, real=0.06 secs] 
2998.187: [GC [PSYoungGen: 324024K->19885K(327168K)] 849505K->551604K(1026240K), 0.0636700 secs] [Times: user=0.13 sys=0.00, real=0.07 secs] 
2998.618: [GC [PSYoungGen: 325613K->18177K(327616K)] 857332K->556318K(1026688K), 0.0549090 secs] [Times: user=0.13 sys=0.00, real=0.05 secs] 
2999.035: [GC [PSYoungGen: 323905K->18317K(328064K)] 862046K->561813K(1027136K), 0.0546450 secs] [Times: user=0.13 sys=0.00, real=0.06 secs] 
2999.470: [GC [PSYoungGen: 324749K->16261K(327872K)] 868245K->566304K(1026944K), 0.0444670 secs] [Times: user=0.12 sys=0.00, real=0.04 secs] 
2999.851: [GC [PSYoungGen: 322693K->17608K(328512K)] 872736K->572441K(1027584K), 0.0535660 secs] [Times: user=0.13 sys=0.00, real=0.05 secs] 
3000.246: [GC [PSYoungGen: 324744K->17519K(328128K)] 879577K->578307K(1027200K), 0.0520840 secs] [Times: user=0.13 sys=0.00, real=0.06 secs] 
3000.675: [GC [PSYoungGen: 324655K->16003K(328832K)] 885443K->583226K(1027904K), 0.0507150 secs] [Times: user=0.12 sys=0.00, real=0.05 secs] 
3001.015: [GC [PSYoungGen: 324099K->17280K(328768K)] 891322K->590422K(1027840K), 0.0435260 secs] [Times: user=0.13 sys=0.00, real=0.05 secs] 
3001.357: [GC [PSYoungGen: 325376K->20081K(327680K)] 898518K->599886K(1026752K), 0.0540670 secs] [Times: user=0.15 sys=0.00, real=0.06 secs] 
3001.806: [GC [PSYoungGen: 327345K->19097K(326400K)] 907150K->606087K(1025472K), 0.0742090 secs] [Times: user=0.14 sys=0.00, real=0.08 secs] 
3002.221: [GC [PSYoungGen: 326361K->17738K(328576K)] 913351K->611875K(1027648K), 0.0501130 secs] [Times: user=0.14 sys=0.00, real=0.05 secs] 
3002.655: [GC [PSYoungGen: 325066K->15755K(328256K)] 919203K->614715K(1027328K), 0.0543800 secs] [Times: user=0.12 sys=0.00, real=0.06 secs] 
3003.164: [GC [PSYoungGen: 323083K->16696K(328640K)] 922043K->621748K(1027712K), 0.0583280 secs] [Times: user=0.14 sys=0.00, real=0.06 secs] 
3003.598: [GC [PSYoungGen: 324344K->18269K(328512K)] 929396K->628988K(1027584K), 0.0550420 secs] [Times: user=0.14 sys=0.00, real=0.05 secs] 
3004.073: [GC [PSYoungGen: 325917K->16622K(328896K)] 936636K->634398K(1027968K), 0.0553900 secs] [Times: user=0.15 sys=0.00, real=0.06 secs] 
3004.434: [GC [PSYoungGen: 324718K->17334K(328704K)] 942494K->641613K(1027776K), 0.0643750 secs] [Times: user=0.13 sys=0.01, real=0.06 secs] 
3004.803: [GC [PSYoungGen: 325430K->20296K(327616K)] 949709K->652037K(1026688K), 0.0562090 secs] [Times: user=0.16 sys=0.00, real=0.06 secs] 
3005.250: [GC [PSYoungGen: 327560K->14757K(322048K)] 959301K->653609K(1021120K), 0.0504720 secs] [Times: user=0.13 sys=0.00, real=0.05 secs] 
3005.667: [GC [PSYoungGen: 322021K->19205K(327680K)] 960873K->662872K(1026752K), 0.0796200 secs] [Times: user=0.13 sys=0.01, real=0.08 secs] 
3006.067: [GC [PSYoungGen: 325573K->18104K(327936K)] 969240K->670803K(1027008K), 0.0598070 secs] [Times: user=0.15 sys=0.00, real=0.06 secs] 
3006.538: [GC [PSYoungGen: 324472K->17175K(328448K)] 977171K->676092K(1027520K), 0.0669170 secs] [Times: user=0.12 sys=0.00, real=0.06 secs] 
3006.974: [GC [PSYoungGen: 324311K->17804K(328192K)] 983228K->681282K(1027264K), 0.0489420 secs] [Times: user=0.13 sys=0.00, real=0.05 secs] 
3007.343: [GC [PSYoungGen: 324940K->16816K(328896K)] 988418K->689107K(1027968K), 0.0551180 secs] [Times: user=0.15 sys=0.00, real=0.05 secs] 
3007.863: [GC [PSYoungGen: 324912K->18431K(328704K)] 997203K->696790K(1027776K), 0.0622770 secs] [Times: user=0.13 sys=0.01, real=0.06 secs] 
3008.301: [GC [PSYoungGen: 326527K->16876K(329024K)] 1004886K->699745K(1028096K), 0.0484400 secs] [Times: user=0.14 sys=0.00, real=0.05 secs] 
3008.684: [GC [PSYoungGen: 325292K->19180K(327616K)] 1008161K->705905K(1026688K), 0.0564620 secs] [Times: user=0.13 sys=0.00, real=0.06 secs] 
3009.128: [GC [PSYoungGen: 327596K->17526K(328960K)] 1014321K->711394K(1028032K), 0.0595380 secs] [Times: user=0.14 sys=0.00, real=0.06 secs] 
3009.188: [Full GC [PSYoungGen: 17526K->0K(328960K)] [PSOldGen: 693867K->402958K(699072K)] 711394K->402958K(1028032K) [PSPermGen: 91616K->91616K(262144K)], 2.0501940 secs] [Times: user=2.04 sys=0.00, real=2.05 secs] 
3011.617: [GC [PSYoungGen: 308160K->20539K(328704K)] 711118K->424132K(1027776K), 0.0451300 secs] [Times: user=0.12 sys=0.00, real=0.05 secs] 
3012.102: [GC [PSYoungGen: 328699K->14348K(326656K)] 732292K->425516K(1025728K), 0.0458660 secs] [Times: user=0.12 sys=0.00, real=0.04 secs] 
3012.468: [GC [PSYoungGen: 320204K->18935K(324800K)] 731372K->433557K(1023872K), 0.0592430 secs] [Times: user=0.13 sys=0.00, real=0.06 secs] 
3012.947: [GC [PSYoungGen: 324791K->13954K(327104K)] 739413K->432723K(1026176K), 0.0315510 secs] [Times: user=0.12 sys=0.00, real=0.03 secs] 
3013.340: [GC [PSYoungGen: 319170K->16902K(327360K)] 737939K->439649K(1026432K), 0.0528030 secs] [Times: user=0.11 sys=0.00, real=0.05 secs] 
3013.763: [GC [PSYoungGen: 322118K->16025K(327936K)] 744865K->443267K(1027008K), 0.0474660 secs] [Times: user=0.12 sys=0.00, real=0.05 secs] 
3014.206: [GC [PSYoungGen: 322201K->16551K(327744K)] 749443K->450014K(1026816K), 0.0536030 secs] [Times: user=0.13 sys=0.00, real=0.05 secs] 
3014.631: [GC [PSYoungGen: 322727K->16121K(328512K)] 756190K->453778K(1027584K), 0.0604730 secs] [Times: user=0.12 sys=0.00, real=0.06 secs] 
3015.059: [GC [PSYoungGen: 323385K->17296K(328256K)] 761042K->460221K(1027328K), 0.0479250 secs] [Times: user=0.12 sys=0.00, real=0.04 secs] 
3015.515: [GC [PSYoungGen: 324560K->14840K(328704K)] 767485K->466523K(1027776K), 0.0556510 secs] [Times: user=0.13 sys=0.00, real=0.06 secs] 
3015.956: [GC [PSYoungGen: 322872K->17368K(328768K)] 774555K->473934K(1027840K), 0.0685230 secs] [Times: user=0.13 sys=0.00, real=0.07 secs] 
3016.400: [GC [PSYoungGen: 325400K->15150K(329024K)] 781966K->474021K(1028096K), 0.0895790 secs] [Times: user=0.12 sys=0.00, real=0.09 secs] 
3016.818: [GC [PSYoungGen: 323630K->18952K(327488K)] 782501K->485402K(1026560K), 0.0553560 secs] [Times: user=0.15 sys=0.00, real=0.06 secs] 
3017.245: [GC [PSYoungGen: 327432K->15983K(328832K)] 793882K->490753K(1027904K), 0.0609550 secs] [Times: user=0.13 sys=0.01, real=0.06 secs] 
3017.657: [GC [PSYoungGen: 323887K->19996K(327936K)] 798657K->501069K(1027008K), 0.0632520 secs] [Times: user=0.14 sys=0.01, real=0.06 secs] 
3018.014: [GC [PSYoungGen: 327900K->21137K(325952K)] 808973K->511246K(1025024K), 0.0678640 secs] [Times: user=0.15 sys=0.00, real=0.07 secs] 
3018.392: [GC [PSYoungGen: 325585K->19122K(323584K)] 815694K->516671K(1022656K), 0.0665540 secs] [Times: user=0.14 sys=0.01, real=0.06 secs] 
3018.858: [GC [PSYoungGen: 323570K->16961K(327232K)] 821119K->519251K(1026304K), 0.0690770 secs] [Times: user=0.11 sys=0.00, real=0.07 secs] 
3019.321: [GC [PSYoungGen: 321598K->18144K(326912K)] 823888K->527955K(1025984K), 0.0846740 secs] [Times: user=0.14 sys=0.00, real=0.08 secs] 
3019.712: [GC [PSYoungGen: 322784K->17563K(327936K)] 832595K->533121K(1027008K), 0.0430250 secs] [Times: user=0.14 sys=0.00, real=0.04 secs] 
3020.104: [GC [PSYoungGen: 323547K->16069K(327552K)] 839105K->535598K(1026624K), 0.0671230 secs] [Times: user=0.11 sys=0.00, real=0.07 secs] 
3020.641: [GC [PSYoungGen: 322053K->16404K(328256K)] 841582K->541362K(1027328K), 0.0929590 secs] [Times: user=0.15 sys=0.00, real=0.09 secs] 
3021.209: [GC [PSYoungGen: 323220K->17626K(328064K)] 848178K->547709K(1027136K), 0.0677120 secs] [Times: user=0.12 sys=0.00, real=0.07 secs] 
3021.647: [GC [PSYoungGen: 324442K->19557K(327680K)] 854525K->555136K(1026752K), 0.0546380 secs] [Times: user=0.13 sys=0.00, real=0.06 secs] 
3022.040: [GC [PSYoungGen: 326309K->15702K(328128K)] 861888K->559553K(1027200K), 0.0605260 secs] [Times: user=0.13 sys=0.00, real=0.07 secs] 
3022.465: [GC [PSYoungGen: 322454K->18220K(328256K)] 866305K->567255K(1027328K), 0.0547430 secs] [Times: user=0.14 sys=0.00, real=0.05 secs] 
3022.851: [GC [PSYoungGen: 325100K->16554K(328128K)] 874135K->572221K(1027200K), 0.0532620 secs] [Times: user=0.13 sys=0.00, real=0.05 secs] 
3023.258: [GC [PSYoungGen: 323434K->18056K(328576K)] 879101K->579119K(1027648K), 0.0667900 secs] [Times: user=0.14 sys=0.00, real=0.07 secs] 
3023.811: [GC [PSYoungGen: 325576K->19843K(327424K)] 886639K->586254K(1026496K), 0.1081100 secs] [Times: user=0.15 sys=0.00, real=0.10 secs] 
3024.273: [GC [PSYoungGen: 327359K->20167K(327040K)] 893770K->593696K(1026112K), 0.0617590 secs] [Times: user=0.15 sys=0.00, real=0.06 secs] 
3024.719: [GC [PSYoungGen: 325767K->19092K(324736K)] 899296K->598328K(1023808K), 0.0573170 secs] [Times: user=0.13 sys=0.00, real=0.06 secs] 
3025.159: [GC [PSYoungGen: 324692K->16342K(327616K)] 903928K->602215K(1026688K), 0.0857130 secs] [Times: user=0.12 sys=0.01, real=0.09 secs] 
3025.601: [GC [PSYoungGen: 321942K->16999K(327488K)] 907815K->606590K(1026560K), 0.0527010 secs] [Times: user=0.12 sys=0.00, real=0.06 secs] 
3026.011: [GC [PSYoungGen: 322599K->11388K(326400K)] 912190K->607166K(1025472K), 0.0398270 secs] [Times: user=0.11 sys=0.01, real=0.03 secs] 
3026.414: [GC [PSYoungGen: 316092K->16653K(327104K)] 911870K->618093K(1026176K), 0.0530650 secs] [Times: user=0.13 sys=0.00, real=0.05 secs] 
3026.784: [GC [PSYoungGen: 321357K->15356K(327744K)] 922797K->624630K(1026816K), 0.0557970 secs] [Times: user=0.13 sys=0.00, real=0.05 secs] 
3027.273: [GC [PSYoungGen: 321148K->18454K(327552K)] 930422K->633238K(1026624K), 0.0602330 secs] [Times: user=0.13 sys=0.00, real=0.06 secs] 
3027.635: [GC [PSYoungGen: 324246K->15367K(327808K)] 939030K->636210K(1026880K), 0.0574150 secs] [Times: user=0.15 sys=0.00, real=0.06 secs] 
3027.990: [GC [PSYoungGen: 321351K->18220K(327680K)] 942194K->644634K(1026752K), 0.0463760 secs] [Times: user=0.13 sys=0.00, real=0.05 secs] 
3028.412: [GC [PSYoungGen: 324204K->15472K(328000K)] 950618K->648345K(1027072K), 0.0789030 secs] [Times: user=0.12 sys=0.00, real=0.08 secs] 
3028.839: [GC [PSYoungGen: 321776K->17110K(327808K)] 954649K->655462K(1026880K), 0.0562330 secs] [Times: user=0.14 sys=0.00, real=0.06 secs] 
3030.172: [GC [PSYoungGen: 323414K->17999K(328384K)] 961766K->663195K(1027456K), 0.0547780 secs] [Times: user=0.14 sys=0.00, real=0.05 secs] 
3030.550: [GC [PSYoungGen: 325263K->20119K(327424K)] 970459K->672635K(1026496K), 0.0545200 secs] [Times: user=0.15 sys=0.01, real=0.06 secs] 
3030.912: [GC [PSYoungGen: 327383K->18103K(327808K)] 979899K->678675K(1026880K), 0.0832250 secs] [Times: user=0.19 sys=0.02, real=0.09 secs] 
3031.384: [GC [PSYoungGen: 324087K->16118K(327680K)] 984659K->683048K(1026752K), 0.0386830 secs] [Times: user=0.15 sys=0.00, real=0.04 secs] 
3031.751: [GC [PSYoungGen: 322102K->18205K(328128K)] 989032K->691716K(1027200K), 0.0837850 secs] [Times: user=0.14 sys=0.00, real=0.09 secs] 
3032.239: [GC [PSYoungGen: 324893K->19888K(326592K)] 998404K->698015K(1025664K), 0.0636260 secs] [Times: user=0.14 sys=0.01, real=0.07 secs] 
3032.721: [GC [PSYoungGen: 326576K->17740K(327936K)] 1004703K->703385K(1027008K), 0.0666660 secs] [Times: user=0.14 sys=0.00, real=0.07 secs] 
3033.120: [GC [PSYoungGen: 323724K->17606K(327552K)] 1009369K->709600K(1026624K), 0.0529070 secs] [Times: user=0.13 sys=0.00, real=0.06 secs] 
3033.173: [Full GC [PSYoungGen: 17606K->0K(327552K)] [PSOldGen: 691994K->397343K(699072K)] 709600K->397343K(1026624K) [PSPermGen: 91633K->91633K(262144K)], 2.0418950 secs] [Times: user=2.04 sys=0.00, real=2.04 secs] 
3035.613: [GC [PSYoungGen: 305984K->19392K(327808K)] 703327K->416736K(1026880K), 0.0654120 secs] [Times: user=0.11 sys=0.01, real=0.06 secs] 
3036.071: [GC [PSYoungGen: 326016K->15993K(328064K)] 723360K->424132K(1027136K), 0.0666330 secs] [Times: user=0.14 sys=0.00, real=0.07 secs] 
3036.462: [GC [PSYoungGen: 322617K->17168K(328384K)] 730756K->429333K(1027456K), 0.0542920 secs] [Times: user=0.12 sys=0.01, real=0.05 secs] 
3036.889: [GC [PSYoungGen: 324112K->15854K(328064K)] 736277K->433404K(1027136K), 0.0461410 secs] [Times: user=0.13 sys=0.00, real=0.05 secs] 
3037.310: [GC [PSYoungGen: 322798K->19636K(327552K)] 740348K->444279K(1026624K), 0.0694590 secs] [Times: user=0.15 sys=0.00, real=0.07 secs] 
3037.638: [GC [PSYoungGen: 326129K->16217K(328000K)] 750771K->449054K(1027072K), 0.0497810 secs] [Times: user=0.13 sys=0.00, real=0.05 secs] 
3038.136: [GC [PSYoungGen: 322713K->19935K(327104K)] 755550K->458747K(1026176K), 0.0839380 secs] [Times: user=0.15 sys=0.00, real=0.08 secs] 
3038.524: [GC [PSYoungGen: 325663K->17618K(327616K)] 764475K->463965K(1026688K), 0.0486990 secs] [Times: user=0.13 sys=0.00, real=0.04 secs] 
3038.908: [GC [PSYoungGen: 323346K->16084K(328128K)] 769693K->467025K(1027200K), 0.0371060 secs] [Times: user=0.12 sys=0.00, real=0.04 secs] 
3039.268: [GC [PSYoungGen: 322708K->17272K(328000K)] 773649K->473380K(1027072K), 0.0520810 secs] [Times: user=0.12 sys=0.00, real=0.05 secs] 
3039.635: [GC [PSYoungGen: 323896K->18266K(328512K)] 780004K->480091K(1027584K), 0.0517060 secs] [Times: user=0.13 sys=0.00, real=0.05 secs] 
3040.034: [GC [PSYoungGen: 325722K->20377K(327872K)] 787547K->488915K(1026944K), 0.0681920 secs] [Times: user=0.13 sys=0.00, real=0.06 secs] 
3040.427: [GC [PSYoungGen: 327833K->17967K(328192K)] 796371K->493076K(1027264K), 0.0625150 secs] [Times: user=0.13 sys=0.01, real=0.06 secs] 
3040.880: [GC [PSYoungGen: 324527K->17525K(327872K)] 799636K->497265K(1026944K), 0.0733880 secs] [Times: user=0.13 sys=0.00, real=0.08 secs] 
3041.317: [GC [PSYoungGen: 324085K->16709K(328576K)] 803825K->501688K(1027648K), 0.0435400 secs] [Times: user=0.13 sys=0.00, real=0.04 secs] 
3041.806: [GC [PSYoungGen: 324229K->17930K(328448K)] 809208K->508772K(1027520K), 0.0648790 secs] [Times: user=0.13 sys=0.01, real=0.06 secs] 
3042.238: [GC [PSYoungGen: 325450K->18956K(328448K)] 816292K->516307K(1027520K), 0.0569990 secs] [Times: user=0.14 sys=0.00, real=0.06 secs] 
3042.691: [GC [PSYoungGen: 326729K->15880K(328640K)] 824081K->519879K(1027712K), 0.0603900 secs] [Times: user=0.14 sys=0.02, real=0.06 secs] 
3043.171: [GC [PSYoungGen: 323656K->16762K(328768K)] 827655K->526019K(1027840K), 0.0740750 secs] [Times: user=0.12 sys=0.00, real=0.08 secs] 
3043.661: [GC [PSYoungGen: 324666K->18297K(328640K)] 833923K->534654K(1027712K), 0.0635760 secs] [Times: user=0.14 sys=0.00, real=0.07 secs] 
3044.064: [GC [PSYoungGen: 326201K->18304K(328896K)] 842558K->540703K(1027968K), 0.0593790 secs] [Times: user=0.14 sys=0.00, real=0.05 secs] 
3044.553: [GC [PSYoungGen: 326528K->14542K(322816K)] 848927K->543046K(1021888K), 0.0861110 secs] [Times: user=0.11 sys=0.00, real=0.09 secs] 
3044.987: [GC [PSYoungGen: 322766K->17328K(328960K)] 851270K->550537K(1028032K), 0.0511650 secs] [Times: user=0.14 sys=0.00, real=0.05 secs] 
3045.448: [GC [PSYoungGen: 325424K->14809K(328640K)] 858633K->555474K(1027712K), 0.0465830 secs] [Times: user=0.12 sys=0.00, real=0.05 secs] 
3045.899: [GC [PSYoungGen: 322905K->17591K(329024K)] 863570K->564375K(1028096K), 0.0517680 secs] [Times: user=0.13 sys=0.00, real=0.05 secs] 
3046.303: [GC [PSYoungGen: 325943K->17647K(328832K)] 872727K->570538K(1027904K), 0.0554190 secs] [Times: user=0.15 sys=0.00, real=0.06 secs] 
3046.703: [GC [PSYoungGen: 325999K->17107K(329472K)] 878890K->574622K(1028544K), 0.0517940 secs] [Times: user=0.14 sys=0.01, real=0.06 secs] 
3047.122: [GC [PSYoungGen: 326227K->16617K(329152K)] 883742K->579637K(1028224K), 0.0450580 secs] [Times: user=0.12 sys=0.00, real=0.05 secs] 
3047.542: [GC [PSYoungGen: 325737K->18594K(329024K)] 888757K->586949K(1028096K), 0.0546340 secs] [Times: user=0.13 sys=0.00, real=0.06 secs] 
3047.975: [GC [PSYoungGen: 327778K->15843K(329344K)] 896133K->591519K(1028416K), 0.0472960 secs] [Times: user=0.13 sys=0.00, real=0.04 secs] 
3048.444: [GC [PSYoungGen: 325026K->19667K(328128K)] 900702K->599644K(1027200K), 0.0553040 secs] [Times: user=0.13 sys=0.01, real=0.06 secs] 
3048.799: [GC [PSYoungGen: 327699K->20301K(328384K)] 907676K->607422K(1027456K), 0.0762580 secs] [Times: user=0.15 sys=0.02, real=0.08 secs] 
3049.446: [GC [PSYoungGen: 328333K->17638K(328384K)] 915454K->611347K(1027456K), 0.1008010 secs] [Times: user=0.15 sys=0.00, real=0.10 secs] 
3049.897: [GC [PSYoungGen: 324902K->12450K(319744K)] 918611K->612631K(1018816K), 0.0528770 secs] [Times: user=0.11 sys=0.01, real=0.05 secs] 
3050.314: [GC [PSYoungGen: 319714K->11801K(326912K)] 919895K->615312K(1025984K), 0.0534630 secs] [Times: user=0.10 sys=0.00, real=0.06 secs] 
3050.799: [GC [PSYoungGen: 317005K->20649K(325888K)] 920515K->628362K(1024960K), 0.0673360 secs] [Times: user=0.14 sys=0.00, real=0.07 secs] 
3051.276: [GC [PSYoungGen: 325865K->16120K(326848K)] 933578K->634556K(1025920K), 0.0831440 secs] [Times: user=0.16 sys=0.00, real=0.08 secs] 
3051.849: [GC [PSYoungGen: 319864K->16553K(326400K)] 938300K->640954K(1025472K), 0.0529240 secs] [Times: user=0.12 sys=0.00, real=0.05 secs] 
3052.306: [GC [PSYoungGen: 320297K->17951K(327488K)] 944698K->649158K(1026560K), 0.0681380 secs] [Times: user=0.15 sys=0.00, real=0.06 secs] 
3052.780: [GC [PSYoungGen: 323292K->14372K(327360K)] 954500K->651794K(1026432K), 0.0710190 secs] [Times: user=0.12 sys=0.00, real=0.07 secs] 
3053.278: [GC [PSYoungGen: 319716K->17181K(327936K)] 957138K->659883K(1027008K), 0.0752590 secs] [Times: user=0.12 sys=0.00, real=0.07 secs] 
3053.730: [GC [PSYoungGen: 323165K->20379K(326400K)] 965867K->669672K(1025472K), 0.0730310 secs] [Times: user=0.15 sys=0.00, real=0.07 secs] 
3054.124: [GC [PSYoungGen: 326363K->18696K(327040K)] 975656K->678316K(1026112K), 0.0627130 secs] [Times: user=0.15 sys=0.00, real=0.07 secs] 
3054.527: [GC [PSYoungGen: 323272K->17192K(327040K)] 982892K->682695K(1026112K), 0.0800510 secs] [Times: user=0.13 sys=0.00, real=0.08 secs] 
3054.988: [GC [PSYoungGen: 321768K->18128K(327680K)] 987271K->688638K(1026752K), 0.0486610 secs] [Times: user=0.14 sys=0.00, real=0.05 secs] 
3055.376: [GC [PSYoungGen: 323792K->15958K(327488K)] 994302K->693006K(1026560K), 0.0526670 secs] [Times: user=0.14 sys=0.00, real=0.05 secs] 
3055.797: [GC [PSYoungGen: 321622K->13797K(327616K)] 998670K->697024K(1026688K), 0.0627380 secs] [Times: user=0.12 sys=0.00, real=0.06 secs] 
3056.244: [GC [PSYoungGen: 319781K->19219K(325248K)] 1003008K->708113K(1024320K), 0.0856730 secs] [Times: user=0.14 sys=0.01, real=0.09 secs] 
3056.640: [GC [PSYoungGen: 325203K->19252K(326720K)] 1014097K->716733K(1025792K), 0.0826380 secs] [Times: user=0.15 sys=0.00, real=0.08 secs] 
3056.723: [Full GC [PSYoungGen: 19252K->0K(326720K)] [PSOldGen: 697481K->367231K(699072K)] 716733K->367231K(1025792K) [PSPermGen: 91646K->91588K(262144K)], 2.2499680 secs] [Times: user=2.21 sys=0.04, real=2.25 secs] 
3059.298: [GC [PSYoungGen: 304576K->22458K(327040K)] 671807K->390735K(1026112K), 0.0541110 secs] [Times: user=0.12 sys=0.01, real=0.05 secs] 
3059.739: [GC [PSYoungGen: 327034K->16852K(324352K)] 695311K->395169K(1023424K), 0.0649640 secs] [Times: user=0.14 sys=0.00, real=0.06 secs] 
3060.141: [GC [PSYoungGen: 318729K->13236K(315136K)] 697046K->395518K(1014208K), 0.0366780 secs] [Times: user=0.11 sys=0.00, real=0.04 secs] 
3060.505: [GC [PSYoungGen: 315124K->19172K(325504K)] 697406K->408547K(1024576K), 0.0664730 secs] [Times: user=0.14 sys=0.01, real=0.07 secs] 
3060.859: [GC [PSYoungGen: 320676K->16051K(325504K)] 710051K->414078K(1024576K), 0.0556540 secs] [Times: user=0.15 sys=0.00, real=0.05 secs] 
3061.245: [GC [PSYoungGen: 317555K->21293K(324224K)] 715582K->422789K(1023296K), 0.0532120 secs] [Times: user=0.13 sys=0.01, real=0.06 secs] 
3061.669: [GC [PSYoungGen: 321901K->18700K(325056K)] 723397K->430732K(1024128K), 0.0594840 secs] [Times: user=0.15 sys=0.00, real=0.06 secs] 
3062.066: [GC [PSYoungGen: 319308K->18135K(325952K)] 731340K->435862K(1025024K), 0.0768310 secs] [Times: user=0.13 sys=0.00, real=0.08 secs] 
3062.525: [GC [PSYoungGen: 320023K->15682K(325440K)] 737750K->440737K(1024512K), 0.0522950 secs] [Times: user=0.14 sys=0.00, real=0.06 secs] 
3062.937: [GC [PSYoungGen: 317570K->17010K(326592K)] 742625K->450869K(1025664K), 0.0743780 secs] [Times: user=0.15 sys=0.00, real=0.07 secs] 
3063.320: [GC [PSYoungGen: 320231K->18924K(326144K)] 754090K->459101K(1025216K), 0.0915030 secs] [Times: user=0.14 sys=0.01, real=0.09 secs] 
3063.747: [GC [PSYoungGen: 322156K->19227K(326592K)] 762333K->465228K(1025664K), 0.0569120 secs] [Times: user=0.14 sys=0.00, real=0.05 secs] 
3064.189: [GC [PSYoungGen: 322907K->19649K(323392K)] 768908K->472398K(1022464K), 0.1042760 secs] [Times: user=0.15 sys=0.03, real=0.10 secs] 
3064.670: [GC [PSYoungGen: 323329K->20537K(325632K)] 776078K->480314K(1024704K), 0.0972130 secs] [Times: user=0.15 sys=0.00, real=0.10 secs] 
3065.333: [GC [PSYoungGen: 323065K->18109K(326016K)] 782842K->486469K(1025088K), 0.0758650 secs] [Times: user=0.15 sys=0.00, real=0.08 secs] 
3065.747: [GC [PSYoungGen: 320637K->16885K(326720K)] 788997K->491978K(1025792K), 0.0687190 secs] [Times: user=0.14 sys=0.00, real=0.06 secs] 
3066.366: [GC [PSYoungGen: 320565K->17128K(326464K)] 795658K->498435K(1025536K), 0.1741280 secs] [Times: user=0.20 sys=0.03, real=0.18 secs] 
3066.889: [GC [PSYoungGen: 320808K->16566K(327168K)] 802115K->503018K(1026240K), 0.0792060 secs] [Times: user=0.12 sys=0.01, real=0.08 secs] 
3067.326: [GC [PSYoungGen: 321206K->14936K(326976K)] 807658K->506697K(1026048K), 0.0409290 secs] [Times: user=0.12 sys=0.00, real=0.05 secs] 
3067.773: [GC [PSYoungGen: 319576K->19064K(326976K)] 811337K->516052K(1026048K), 0.0475950 secs] [Times: user=0.14 sys=0.00, real=0.05 secs] 
3068.164: [GC [PSYoungGen: 323640K->19533K(324160K)] 820628K->522974K(1023232K), 0.0561750 secs] [Times: user=0.14 sys=0.01, real=0.06 secs] 
3068.529: [GC [PSYoungGen: 324109K->18969K(326976K)] 827550K->531445K(1026048K), 0.0696300 secs] [Times: user=0.15 sys=0.00, real=0.07 secs] 
3068.924: [GC [PSYoungGen: 323289K->17677K(326848K)] 835765K->536133K(1025920K), 0.0530530 secs] [Times: user=0.14 sys=0.00, real=0.05 secs] 
3069.337: [GC [PSYoungGen: 321997K->18972K(327424K)] 840453K->543882K(1026496K), 0.0686000 secs] [Times: user=0.14 sys=0.00, real=0.06 secs] 
3069.758: [GC [PSYoungGen: 324252K->16375K(327360K)] 849162K->547167K(1026432K), 0.0578490 secs] [Times: user=0.13 sys=0.00, real=0.05 secs] 
3070.157: [GC [PSYoungGen: 321655K->20018K(326720K)] 852447K->556413K(1025792K), 0.0538570 secs] [Times: user=0.14 sys=0.01, real=0.06 secs] 
3070.594: [GC [PSYoungGen: 324722K->13026K(317760K)] 861117K->560442K(1016832K), 0.0456520 secs] [Times: user=0.13 sys=0.00, real=0.05 secs] 
3071.002: [GC [PSYoungGen: 317730K->18293K(326976K)] 865146K->569977K(1026048K), 0.0495940 secs] [Times: user=0.14 sys=0.00, real=0.05 secs] 
3071.353: [GC [PSYoungGen: 322421K->22206K(326336K)] 874105K->579305K(1025408K), 0.0574170 secs] [Times: user=0.16 sys=0.00, real=0.06 secs] 
3071.812: [GC [PSYoungGen: 326334K->12625K(324416K)] 883433K->576761K(1023488K), 0.0708410 secs] [Times: user=0.12 sys=0.00, real=0.07 secs] 
3072.193: [GC [PSYoungGen: 313873K->19358K(325376K)] 878009K->587668K(1024448K), 0.0512930 secs] [Times: user=0.13 sys=0.00, real=0.05 secs] 
3072.565: [GC [PSYoungGen: 320606K->18505K(325760K)] 888916K->595914K(1024832K), 0.0581640 secs] [Times: user=0.14 sys=0.00, real=0.06 secs] 
3072.993: [GC [PSYoungGen: 320137K->19105K(325376K)] 897546K->603017K(1024448K), 0.0708050 secs] [Times: user=0.17 sys=0.01, real=0.07 secs] 
3073.522: [GC [PSYoungGen: 320737K->17980K(326400K)] 904649K->606033K(1025472K), 0.0477890 secs] [Times: user=0.13 sys=0.00, real=0.05 secs] 
3073.997: [GC [PSYoungGen: 320764K->14585K(325888K)] 908817K->608273K(1024960K), 0.0582990 secs] [Times: user=0.12 sys=0.00, real=0.06 secs] 
3074.363: [GC [PSYoungGen: 317369K->15922K(326592K)] 911057K->615670K(1025664K), 0.0640380 secs] [Times: user=0.14 sys=0.00, real=0.06 secs] 
3074.839: [GC [PSYoungGen: 319346K->18465K(326336K)] 919094K->625552K(1025408K), 0.0635650 secs] [Times: user=0.14 sys=0.00, real=0.06 secs] 
3075.222: [GC [PSYoungGen: 321889K->17514K(327296K)] 928976K->632390K(1026368K), 0.0684500 secs] [Times: user=0.15 sys=0.00, real=0.07 secs] 
3075.630: [GC [PSYoungGen: 322090K->13629K(326784K)] 936966K->635324K(1025856K), 0.0477520 secs] [Times: user=0.13 sys=0.00, real=0.05 secs] 
3076.019: [GC [PSYoungGen: 318205K->19637K(326208K)] 939900K->645374K(1025280K), 0.0707890 secs] [Times: user=0.13 sys=0.00, real=0.07 secs] 
3076.498: [GC [PSYoungGen: 323445K->19010K(326656K)] 949182K->653039K(1025728K), 0.0569050 secs] [Times: user=0.15 sys=0.00, real=0.06 secs] 
3076.955: [GC [PSYoungGen: 322818K->18195K(326912K)] 956847K->660910K(1025984K), 0.0732450 secs] [Times: user=0.13 sys=0.00, real=0.07 secs] 
3077.382: [GC [PSYoungGen: 322259K->16792K(326656K)] 964974K->663990K(1025728K), 0.0689470 secs] [Times: user=0.15 sys=0.00, real=0.07 secs] 
3077.794: [GC [PSYoungGen: 320856K->16846K(327616K)] 968054K->669264K(1026688K), 0.0557160 secs] [Times: user=0.14 sys=0.00, real=0.06 secs] 
3078.237: [GC [PSYoungGen: 322254K->17310K(327296K)] 974672K->675279K(1026368K), 0.0519600 secs] [Times: user=0.13 sys=0.00, real=0.06 secs] 
3078.713: [GC [PSYoungGen: 322718K->17007K(328320K)] 980687K->679809K(1027392K), 0.0875310 secs] [Times: user=0.13 sys=0.00, real=0.09 secs] 
3079.089: [GC [PSYoungGen: 323808K->19858K(326720K)] 986609K->688211K(1025792K), 0.0457600 secs] [Times: user=0.15 sys=0.00, real=0.04 secs] 
3079.530: [GC [PSYoungGen: 326674K->16724K(328064K)] 995027K->692157K(1027136K), 0.0560460 secs] [Times: user=0.13 sys=0.00, real=0.05 secs] 
3079.990: [GC [PSYoungGen: 323092K->14625K(327808K)] 998525K->694929K(1026880K), 0.0619320 secs] [Times: user=0.13 sys=0.00, real=0.06 secs] 
3080.355: [GC [PSYoungGen: 320993K->21552K(321920K)] 1001297K->706868K(1020992K), 0.0739550 secs] [Times: user=0.15 sys=0.00, real=0.08 secs] 
3080.740: [GC [PSYoungGen: 321904K->17200K(324928K)] 1007220K->709854K(1024000K), 0.0563510 secs] [Times: user=0.16 sys=0.01, real=0.05 secs] 
3080.797: [Full GC [PSYoungGen: 17200K->0K(324928K)] [PSOldGen: 692654K->408435K(699072K)] 709854K->408435K(1024000K) [PSPermGen: 91602K->91602K(262144K)], 2.0602100 secs] [Times: user=2.05 sys=0.00, real=2.06 secs] 
3083.249: [GC [PSYoungGen: 300352K->18156K(325952K)] 708787K->426591K(1025024K), 0.0422860 secs] [Times: user=0.10 sys=0.00, real=0.05 secs] 
3083.668: [GC [PSYoungGen: 319980K->17114K(325376K)] 728415K->431235K(1024448K), 0.0692220 secs] [Times: user=0.14 sys=0.01, real=0.07 secs] 
3084.095: [GC [PSYoungGen: 318938K->18387K(326720K)] 733059K->438448K(1025792K), 0.0523250 secs] [Times: user=0.13 sys=0.00, real=0.05 secs] 
3084.576: [GC [PSYoungGen: 321939K->13268K(326336K)] 742000K->438842K(1025408K), 0.0490570 secs] [Times: user=0.12 sys=0.01, real=0.05 secs] 
3085.002: [GC [PSYoungGen: 316820K->17285K(326848K)] 742394K->448782K(1025920K), 0.0681330 secs] [Times: user=0.14 sys=0.00, real=0.07 secs] 
3085.524: [GC [PSYoungGen: 321029K->19125K(326400K)] 752526K->459209K(1025472K), 0.0952160 secs] [Times: user=0.14 sys=0.00, real=0.09 secs] 
3085.991: [GC [PSYoungGen: 322869K->16872K(327168K)] 762953K->466211K(1026240K), 0.0789380 secs] [Times: user=0.14 sys=0.00, real=0.07 secs] 
3086.465: [GC [PSYoungGen: 321320K->19815K(326784K)] 770659K->475331K(1025856K), 0.0730260 secs] [Times: user=0.13 sys=0.00, real=0.07 secs] 
3086.901: [GC [PSYoungGen: 324263K->21320K(325248K)] 779779K->480697K(1024320K), 0.0480730 secs] [Times: user=0.14 sys=0.00, real=0.04 secs] 
3087.265: [GC [PSYoungGen: 323848K->16690K(326016K)] 783225K->484043K(1025088K), 0.0532560 secs] [Times: user=0.14 sys=0.01, real=0.05 secs] 
3087.675: [GC [PSYoungGen: 319218K->16248K(326464K)] 786571K->488425K(1025536K), 0.0535080 secs] [Times: user=0.13 sys=0.00, real=0.05 secs] 
3088.106: [GC [PSYoungGen: 319480K->19241K(326272K)] 791657K->497311K(1025344K), 0.0613550 secs] [Times: user=0.14 sys=0.00, real=0.06 secs] 
3088.462: [GC [PSYoungGen: 322473K->15725K(326592K)] 800543K->503027K(1025664K), 0.0663240 secs] [Times: user=0.14 sys=0.00, real=0.06 secs] 
3088.875: [GC [PSYoungGen: 319277K->17496K(326464K)] 806579K->510065K(1025536K), 0.0412030 secs] [Times: user=0.14 sys=0.00, real=0.04 secs] 
3089.309: [GC [PSYoungGen: 321048K->15300K(327104K)] 813617K->516372K(1026176K), 0.0514850 secs] [Times: user=0.14 sys=0.00, real=0.05 secs] 
3089.696: [GC [PSYoungGen: 319940K->20566K(325248K)] 821012K->525456K(1024320K), 0.0766360 secs] [Times: user=0.14 sys=0.00, real=0.08 secs] 
3090.092: [GC [PSYoungGen: 325206K->18014K(326912K)] 830096K->528660K(1025984K), 0.0509510 secs] [Times: user=0.14 sys=0.00, real=0.05 secs] 
3090.594: [GC [PSYoungGen: 321886K->17726K(326464K)] 832532K->536505K(1025536K), 0.0415440 secs] [Times: user=0.14 sys=0.00, real=0.04 secs] 
3090.998: [GC [PSYoungGen: 321598K->15183K(327360K)] 840377K->541506K(1026432K), 0.0539390 secs] [Times: user=0.14 sys=0.00, real=0.06 secs] 
3091.484: [GC [PSYoungGen: 320399K->16425K(327360K)] 846722K->546962K(1026432K), 0.0687820 secs] [Times: user=0.13 sys=0.00, real=0.07 secs] 
3091.919: [GC [PSYoungGen: 321641K->19948K(326592K)] 852178K->556693K(1025664K), 0.0846710 secs] [Times: user=0.14 sys=0.00, real=0.09 secs] 
3092.372: [GC [PSYoungGen: 324652K->13083K(317824K)] 861397K->556865K(1016896K), 0.0945100 secs] [Times: user=0.13 sys=0.00, real=0.09 secs] 
3092.832: [GC [PSYoungGen: 317787K->19419K(326272K)] 861569K->570187K(1025344K), 0.0664700 secs] [Times: user=0.14 sys=0.00, real=0.06 secs] 
3093.252: [GC [PSYoungGen: 322971K->20120K(323712K)] 873739K->580604K(1022784K), 0.0665450 secs] [Times: user=0.16 sys=0.01, real=0.06 secs] 
3093.731: [GC [PSYoungGen: 323672K->14829K(326208K)] 884156K->581595K(1025280K), 0.0904250 secs] [Times: user=0.11 sys=0.00, real=0.10 secs] 
3094.235: [GC [PSYoungGen: 317613K->17148K(326080K)] 884379K->588846K(1025152K), 0.0635360 secs] [Times: user=0.12 sys=0.01, real=0.06 secs] 
3094.712: [GC [PSYoungGen: 319932K->18690K(326784K)] 891630K->598265K(1025856K), 0.0629280 secs] [Times: user=0.16 sys=0.00, real=0.06 secs] 
3095.133: [GC [PSYoungGen: 322690K->16865K(326720K)] 902265K->602822K(1025792K), 0.0758030 secs] [Times: user=0.13 sys=0.00, real=0.07 secs] 
3095.554: [GC [PSYoungGen: 320865K->19182K(326912K)] 906822K->612079K(1025984K), 0.0795180 secs] [Times: user=0.13 sys=0.02, real=0.08 secs] 
3095.972: [GC [PSYoungGen: 323758K->11168K(315776K)] 916655K->611619K(1014848K), 0.0420390 secs] [Times: user=0.12 sys=0.00, real=0.04 secs] 
3096.413: [GC [PSYoungGen: 315744K->12851K(326272K)] 916195K->617890K(1025344K), 0.0421490 secs] [Times: user=0.11 sys=0.00, real=0.04 secs] 
3096.773: [GC [PSYoungGen: 316019K->20050K(323264K)] 921058K->633301K(1022336K), 0.0523230 secs] [Times: user=0.15 sys=0.00, real=0.05 secs] 
3097.258: [GC [PSYoungGen: 323218K->19185K(325312K)] 936469K->641195K(1024384K), 0.0659580 secs] [Times: user=0.15 sys=0.00, real=0.07 secs] 
3097.678: [GC [PSYoungGen: 320689K->17430K(325504K)] 942699K->646295K(1024576K), 0.0583170 secs] [Times: user=0.15 sys=0.00, real=0.06 secs] 
3098.157: [GC [PSYoungGen: 318934K->16485K(326592K)] 947799K->652239K(1025664K), 0.0449400 secs] [Times: user=0.13 sys=0.00, real=0.05 secs] 
3098.582: [GC [PSYoungGen: 319653K->20406K(323584K)] 955407K->659995K(1022656K), 0.0549880 secs] [Times: user=0.15 sys=0.00, real=0.06 secs] 
3099.025: [GC [PSYoungGen: 323574K->17909K(326400K)] 963163K->666346K(1025472K), 0.0728530 secs] [Times: user=0.14 sys=0.00, real=0.07 secs] 
3099.450: [GC [PSYoungGen: 320757K->13277K(325952K)] 969194K->668995K(1025024K), 0.0526990 secs] [Times: user=0.12 sys=0.00, real=0.06 secs] 
3099.788: [GC [PSYoungGen: 316125K->14378K(326400K)] 971843K->674552K(1025472K), 0.0395860 secs] [Times: user=0.12 sys=0.00, real=0.04 secs] 
3100.171: [GC [PSYoungGen: 317546K->19010K(322240K)] 977720K->686109K(1021312K), 0.0775960 secs] [Times: user=0.15 sys=0.00, real=0.08 secs] 
3100.540: [GC [PSYoungGen: 322178K->18682K(326208K)] 989277K->692815K(1025280K), 0.0577360 secs] [Times: user=0.14 sys=0.01, real=0.06 secs] 
3101.073: [GC [PSYoungGen: 321594K->16526K(326208K)] 995727K->695748K(1025280K), 0.0623370 secs] [Times: user=0.13 sys=0.00, real=0.06 secs] 
3101.467: [GC [PSYoungGen: 319438K->18720K(326592K)] 998660K->702898K(1025664K), 0.0629790 secs] [Times: user=0.14 sys=0.01, real=0.06 secs] 
3101.871: [GC [PSYoungGen: 322528K->16347K(326656K)] 1006706K->709053K(1025728K), 0.0647020 secs] [Times: user=0.13 sys=0.01, real=0.07 secs] 
3101.935: [Full GC [PSYoungGen: 16347K->0K(326656K)] [PSOldGen: 692706K->400608K(699072K)] 709053K->400608K(1025728K) [PSPermGen: 91620K->91620K(262144K)], 2.0033190 secs] [Times: user=1.90 sys=0.11, real=2.00 secs] 
3104.328: [GC [PSYoungGen: 303808K->22368K(324032K)] 704416K->423338K(1023104K), 0.1017960 secs] [Times: user=0.12 sys=0.00, real=0.10 secs] 
3104.791: [GC [PSYoungGen: 324000K->15768K(325568K)] 724970K->433379K(1024640K), 0.0641020 secs] [Times: user=0.15 sys=0.00, real=0.07 secs] 
3105.215: [GC [PSYoungGen: 317400K->18039K(326272K)] 735011K->442814K(1025344K), 0.0726980 secs] [Times: user=0.13 sys=0.00, real=0.07 secs] 
3105.758: [GC [PSYoungGen: 320631K->16774K(325824K)] 745406K->449643K(1024896K), 0.0942820 secs] [Times: user=0.13 sys=0.00, real=0.09 secs] 
3106.199: [GC [PSYoungGen: 319366K->19652K(326144K)] 752235K->457437K(1025216K), 0.0583130 secs] [Times: user=0.14 sys=0.00, real=0.06 secs] 
3106.657: [GC [PSYoungGen: 322948K->15774K(326400K)] 760733K->459631K(1025472K), 0.0446580 secs] [Times: user=0.13 sys=0.00, real=0.04 secs] 
3107.172: [GC [PSYoungGen: 319070K->15890K(326848K)] 762927K->465621K(1025920K), 0.0642500 secs] [Times: user=0.12 sys=0.01, real=0.07 secs] 
3107.550: [GC [PSYoungGen: 319826K->17593K(326592K)] 769557K->471903K(1025664K), 0.0591230 secs] [Times: user=0.12 sys=0.01, real=0.06 secs] 
3107.975: [GC [PSYoungGen: 321529K->15762K(327488K)] 775839K->476727K(1026560K), 0.0446980 secs] [Times: user=0.13 sys=0.00, real=0.04 secs] 
3108.365: [GC [PSYoungGen: 321042K->19145K(327296K)] 782007K->485405K(1026368K), 0.0488160 secs] [Times: user=0.15 sys=0.00, real=0.05 secs] 
3108.798: [GC [PSYoungGen: 324425K->16102K(327552K)] 790685K->490297K(1026624K), 0.0640880 secs] [Times: user=0.16 sys=0.00, real=0.06 secs] 
3109.434: [GC [PSYoungGen: 321446K->19686K(325056K)] 795641K->497060K(1024128K), 0.0518030 secs] [Times: user=0.13 sys=0.00, real=0.06 secs] 
3109.928: [GC [PSYoungGen: 325030K->12758K(326464K)] 802404K->496223K(1025536K), 0.0470680 secs] [Times: user=0.11 sys=0.00, real=0.05 secs] 
3110.351: [GC [PSYoungGen: 316822K->14866K(326784K)] 800287K->504123K(1025856K), 0.0595170 secs] [Times: user=0.12 sys=0.01, real=0.06 secs] 
3110.761: [GC [PSYoungGen: 318930K->14622K(327168K)] 808187K->509595K(1026240K), 0.0636410 secs] [Times: user=0.12 sys=0.01, real=0.07 secs] 
3111.254: [GC [PSYoungGen: 319262K->15304K(326976K)] 814235K->515331K(1026048K), 0.0464260 secs] [Times: user=0.12 sys=0.00, real=0.05 secs] 
3111.741: [GC [PSYoungGen: 319944K->14662K(327744K)] 819971K->520387K(1026816K), 0.0995260 secs] [Times: user=0.11 sys=0.00, real=0.10 secs] 
3112.267: [GC [PSYoungGen: 320390K->21643K(327424K)] 826115K->530416K(1026496K), 0.0508750 secs] [Times: user=0.14 sys=0.00, real=0.05 secs] 
3112.685: [GC [PSYoungGen: 327371K->17804K(325760K)] 836144K->534823K(1024832K), 0.0526890 secs] [Times: user=0.14 sys=0.00, real=0.05 secs] 
3113.054: [GC [PSYoungGen: 321484K->18418K(326592K)] 838503K->541348K(1025664K), 0.0443120 secs] [Times: user=0.13 sys=0.00, real=0.05 secs] 
3113.420: [GC [PSYoungGen: 322098K->19131K(326272K)] 845028K->547370K(1025344K), 0.0409990 secs] [Times: user=0.14 sys=0.00, real=0.04 secs] 
3113.780: [GC [PSYoungGen: 322555K->18431K(326464K)] 850794K->551165K(1025536K), 0.0560700 secs] [Times: user=0.13 sys=0.00, real=0.06 secs] 
3114.180: [GC [PSYoungGen: 321855K->18103K(326912K)] 854589K->558346K(1025984K), 0.0543410 secs] [Times: user=0.13 sys=0.00, real=0.06 secs] 
3114.600: [GC [PSYoungGen: 322103K->18407K(326592K)] 862346K->563008K(1025664K), 0.0366150 secs] [Times: user=0.14 sys=0.00, real=0.04 secs] 
3115.061: [GC [PSYoungGen: 322407K->14299K(326912K)] 867008K->568837K(1025984K), 0.0724490 secs] [Times: user=0.12 sys=0.00, real=0.07 secs] 
3115.515: [GC [PSYoungGen: 318747K->11948K(316416K)] 873285K->571031K(1015488K), 0.0571430 secs] [Times: user=0.10 sys=0.00, real=0.06 secs] 
3115.927: [GC [PSYoungGen: 316396K->20132K(325312K)] 875479K->585383K(1024384K), 0.0651610 secs] [Times: user=0.15 sys=0.01, real=0.06 secs] 
3116.388: [GC [PSYoungGen: 322532K->19804K(322240K)] 887783K->594417K(1021312K), 0.0554490 secs] [Times: user=0.15 sys=0.00, real=0.05 secs] 
3116.783: [GC [PSYoungGen: 322204K->15175K(325888K)] 896817K->597807K(1024960K), 0.0536990 secs] [Times: user=0.13 sys=0.00, real=0.06 secs] 
3117.211: [GC [PSYoungGen: 317127K->21009K(323008K)] 899759K->606823K(1022080K), 0.0588480 secs] [Times: user=0.15 sys=0.00, real=0.06 secs] 
3117.536: [GC [PSYoungGen: 322961K->20310K(324416K)] 908775K->613424K(1023488K), 0.0680360 secs] [Times: user=0.14 sys=0.00, real=0.06 secs] 
3117.897: [GC [PSYoungGen: 320278K->19127K(324736K)] 913392K->619584K(1023808K), 0.0591030 secs] [Times: user=0.14 sys=0.00, real=0.06 secs] 
3118.335: [GC [PSYoungGen: 319095K->19016K(325184K)] 919552K->625541K(1024256K), 0.0660190 secs] [Times: user=0.14 sys=0.00, real=0.07 secs] 
3118.806: [GC [PSYoungGen: 319624K->16693K(324928K)] 926149K->630229K(1024000K), 0.0391800 secs] [Times: user=0.14 sys=0.00, real=0.04 secs] 
3119.234: [GC [PSYoungGen: 317301K->15974K(325888K)] 930837K->633572K(1024960K), 0.0674620 secs] [Times: user=0.12 sys=0.00, real=0.07 secs] 
3119.624: [GC [PSYoungGen: 317926K->15824K(325568K)] 935524K->637918K(1024640K), 0.0603500 secs] [Times: user=0.13 sys=0.00, real=0.06 secs] 
3120.040: [GC [PSYoungGen: 317776K->16948K(326592K)] 939870K->644739K(1025664K), 0.0481980 secs] [Times: user=0.12 sys=0.00, real=0.05 secs] 
3120.547: [GC [PSYoungGen: 320180K->12397K(326144K)] 947971K->647928K(1025216K), 0.0813880 secs] [Times: user=0.19 sys=0.00, real=0.08 secs] 
3120.947: [GC [PSYoungGen: 315629K->16915K(326912K)] 951160K->657268K(1025984K), 0.0553330 secs] [Times: user=0.12 sys=0.00, real=0.05 secs] 
3121.419: [GC [PSYoungGen: 320595K->18793K(326272K)] 960948K->666120K(1025344K), 0.0814840 secs] [Times: user=0.14 sys=0.00, real=0.08 secs] 
3121.986: [GC [PSYoungGen: 322473K->18635K(326784K)] 969800K->674192K(1025856K), 0.0621380 secs] [Times: user=0.14 sys=0.00, real=0.06 secs] 
3122.426: [GC [PSYoungGen: 322699K->17038K(326784K)] 978256K->680538K(1025856K), 0.0432720 secs] [Times: user=0.13 sys=0.00, real=0.05 secs] 
3122.795: [GC [PSYoungGen: 321102K->16276K(327616K)] 984602K->685457K(1026688K), 0.0544480 secs] [Times: user=0.13 sys=0.01, real=0.06 secs] 
3123.182: [GC [PSYoungGen: 321684K->17570K(327296K)] 990865K->691962K(1026368K), 0.0667930 secs] [Times: user=0.12 sys=0.00, real=0.07 secs] 
3123.635: [GC [PSYoungGen: 322978K->17778K(328128K)] 997370K->698998K(1027200K), 0.0656000 secs] [Times: user=0.14 sys=0.00, real=0.07 secs] 
3124.061: [GC [PSYoungGen: 324334K->18978K(327936K)] 1005554K->705856K(1027008K), 0.0544950 secs] [Times: user=0.15 sys=0.00, real=0.05 secs] 
3124.421: [GC [PSYoungGen: 325538K->13897K(327552K)] 1012416K->707474K(1026624K), 0.0532530 secs] [Times: user=0.11 sys=0.01, real=0.05 secs] 
3124.474: [Full GC [PSYoungGen: 13897K->0K(327552K)] [PSOldGen: 693577K->403234K(699072K)] 707474K->403234K(1026624K) [PSPermGen: 91630K->91630K(262144K)], 2.0290180 secs] [Times: user=2.03 sys=0.00, real=2.03 secs] 
3126.843: [GC [PSYoungGen: 305984K->19179K(325184K)] 709218K->422413K(1024256K), 0.0597200 secs] [Times: user=0.11 sys=0.00, real=0.06 secs] 
3127.323: [GC [PSYoungGen: 325163K->16078K(327680K)] 728397K->428241K(1026752K), 0.0720120 secs] [Times: user=0.13 sys=0.00, real=0.07 secs] 
3127.783: [GC [PSYoungGen: 321678K->17400K(327424K)] 733841K->436373K(1026496K), 0.0775990 secs] [Times: user=0.13 sys=0.00, real=0.08 secs] 
3128.198: [GC [PSYoungGen: 323000K->17189K(328512K)] 741973K->442658K(1027584K), 0.0596440 secs] [Times: user=0.12 sys=0.00, real=0.06 secs] 
3128.603: [GC [PSYoungGen: 324261K->14668K(328064K)] 749730K->444092K(1027136K), 0.0410800 secs] [Times: user=0.11 sys=0.00, real=0.04 secs] 
3128.914: [GC [PSYoungGen: 321740K->18465K(328064K)] 751164K->451102K(1027136K), 0.0623070 secs] [Times: user=0.14 sys=0.00, real=0.06 secs] 
3129.339: [GC [PSYoungGen: 325473K->18854K(325888K)] 758110K->457155K(1024960K), 0.0486850 secs] [Times: user=0.12 sys=0.01, real=0.05 secs] 
3129.680: [GC [PSYoungGen: 325862K->21423K(321664K)] 764163K->465266K(1020736K), 0.0570420 secs] [Times: user=0.15 sys=0.00, real=0.06 secs] 
3130.129: [GC [PSYoungGen: 321647K->14813K(324864K)] 765490K->466815K(1023936K), 0.0514120 secs] [Times: user=0.13 sys=0.00, real=0.05 secs] 
3130.527: [GC [PSYoungGen: 315037K->16481K(325376K)] 767039K->472789K(1024448K), 0.0616650 secs] [Times: user=0.12 sys=0.00, real=0.07 secs] 
3130.976: [GC [PSYoungGen: 317281K->14879K(324928K)] 773589K->475801K(1024000K), 0.0669180 secs] [Times: user=0.14 sys=0.01, real=0.07 secs] 
3131.346: [GC [PSYoungGen: 315679K->13679K(325504K)] 776601K->481412K(1024576K), 0.0512300 secs] [Times: user=0.11 sys=0.00, real=0.05 secs] 
3131.795: [GC [PSYoungGen: 315183K->17114K(325504K)] 782916K->489223K(1024576K), 0.0613670 secs] [Times: user=0.12 sys=0.01, real=0.06 secs] 
3132.171: [GC [PSYoungGen: 318618K->17265K(326720K)] 790727K->497093K(1025792K), 0.0507580 secs] [Times: user=0.14 sys=0.00, real=0.05 secs] 
3132.676: [GC [PSYoungGen: 320689K->17584K(326208K)] 800517K->505852K(1025280K), 0.0619930 secs] [Times: user=0.14 sys=0.00, real=0.07 secs] 
3133.117: [GC [PSYoungGen: 321008K->16730K(327552K)] 809276K->510691K(1026624K), 0.0460040 secs] [Times: user=0.13 sys=0.00, real=0.05 secs] 
3133.499: [GC [PSYoungGen: 321869K->19399K(327104K)] 815830K->518509K(1026176K), 0.1126770 secs] [Times: user=0.12 sys=0.00, real=0.11 secs] 
3133.968: [GC [PSYoungGen: 324546K->16520K(327552K)] 823656K->523874K(1026624K), 0.0542090 secs] [Times: user=0.13 sys=0.00, real=0.05 secs] 
3134.359: [GC [PSYoungGen: 321800K->15881K(327232K)] 829154K->528717K(1026304K), 0.0378350 secs] [Times: user=0.11 sys=0.00, real=0.04 secs] 
3134.748: [GC [PSYoungGen: 321161K->16013K(328064K)] 833997K->536255K(1027136K), 0.0690890 secs] [Times: user=0.13 sys=0.00, real=0.07 secs] 
3135.173: [GC [PSYoungGen: 322381K->16535K(327808K)] 842623K->544236K(1026880K), 0.0714450 secs] [Times: user=0.13 sys=0.00, real=0.07 secs] 
3135.603: [GC [PSYoungGen: 322891K->17122K(328768K)] 850591K->550925K(1027840K), 0.0522710 secs] [Times: user=0.14 sys=0.00, real=0.05 secs] 
3136.006: [GC [PSYoungGen: 324770K->19398K(327104K)] 858573K->558936K(1026176K), 0.0519380 secs] [Times: user=0.13 sys=0.00, real=0.05 secs] 
3136.417: [GC [PSYoungGen: 327046K->16467K(328512K)] 866584K->565047K(1027584K), 0.0398660 secs] [Times: user=0.13 sys=0.00, real=0.04 secs] 
3136.858: [GC [PSYoungGen: 323731K->14653K(328256K)] 872311K->569297K(1027328K), 0.0951350 secs] [Times: user=0.11 sys=0.00, real=0.10 secs] 
3137.295: [GC [PSYoungGen: 321917K->18525K(328064K)] 876561K->576407K(1027136K), 0.0405460 secs] [Times: user=0.12 sys=0.01, real=0.04 secs] 
3137.693: [GC [PSYoungGen: 325533K->15489K(328256K)] 883415K->583098K(1027328K), 0.0633920 secs] [Times: user=0.13 sys=0.00, real=0.06 secs] 
3138.153: [GC [PSYoungGen: 322497K->18811K(327808K)] 890106K->591154K(1026880K), 0.0478770 secs] [Times: user=0.13 sys=0.01, real=0.05 secs] 
3138.551: [GC [PSYoungGen: 325563K->15933K(328128K)] 897906K->595462K(1027200K), 0.0574380 secs] [Times: user=0.13 sys=0.00, real=0.06 secs] 
3138.968: [GC [PSYoungGen: 322685K->18668K(327872K)] 902214K->603530K(1026944K), 0.0543630 secs] [Times: user=0.14 sys=0.00, real=0.06 secs] 
3139.387: [GC [PSYoungGen: 325420K->18060K(328128K)] 910282K->611105K(1027200K), 0.0744410 secs] [Times: user=0.14 sys=0.00, real=0.08 secs] 
3139.822: [GC [PSYoungGen: 324812K->19942K(326976K)] 917857K->618396K(1026048K), 0.0556160 secs] [Times: user=0.14 sys=0.00, real=0.06 secs] 
3140.192: [GC [PSYoungGen: 325670K->21849K(327616K)] 924124K->626958K(1026688K), 0.0587640 secs] [Times: user=0.16 sys=0.01, real=0.06 secs] 
3140.602: [GC [PSYoungGen: 327567K->16050K(325696K)] 932676K->626857K(1024768K), 0.0496010 secs] [Times: user=0.12 sys=0.00, real=0.05 secs] 
3141.092: [GC [PSYoungGen: 319858K->15989K(326656K)] 930665K->631591K(1025728K), 0.0572670 secs] [Times: user=0.12 sys=0.00, real=0.06 secs] 
3141.482: [GC [PSYoungGen: 319797K->18986K(326848K)] 935399K->642168K(1025920K), 0.0609950 secs] [Times: user=0.15 sys=0.01, real=0.06 secs] 
3141.838: [GC [PSYoungGen: 323178K->18475K(326848K)] 946360K->648740K(1025920K), 0.0591390 secs] [Times: user=0.15 sys=0.01, real=0.06 secs] 
3142.259: [GC [PSYoungGen: 322663K->17236K(327424K)] 952928K->652015K(1026496K), 0.0648780 secs] [Times: user=0.13 sys=0.01, real=0.06 secs] 
3142.669: [GC [PSYoungGen: 322196K->18177K(327040K)] 956975K->658880K(1026112K), 0.0765790 secs] [Times: user=0.13 sys=0.01, real=0.07 secs] 
3143.108: [GC [PSYoungGen: 323137K->18121K(327936K)] 963840K->662699K(1027008K), 0.0560460 secs] [Times: user=0.13 sys=0.01, real=0.06 secs] 
3143.477: [GC [PSYoungGen: 324233K->19493K(327680K)] 968811K->671707K(1026752K), 0.0632330 secs] [Times: user=0.14 sys=0.01, real=0.07 secs] 
3143.932: [GC [PSYoungGen: 325605K->20165K(326912K)] 977819K->679499K(1025984K), 0.0530270 secs] [Times: user=0.15 sys=0.00, real=0.05 secs] 
3144.313: [GC [PSYoungGen: 325253K->17434K(327296K)] 984587K->682934K(1026368K), 0.0661070 secs] [Times: user=0.13 sys=0.00, real=0.07 secs] 
3144.711: [GC [PSYoungGen: 322522K->17126K(327744K)] 988022K->685908K(1026816K), 0.0473550 secs] [Times: user=0.13 sys=0.00, real=0.04 secs] 
3145.142: [GC [PSYoungGen: 322918K->21492K(327296K)] 991700K->695065K(1026368K), 0.0456000 secs] [Times: user=0.16 sys=0.00, real=0.04 secs] 
3145.559: [GC [PSYoungGen: 327284K->15413K(326272K)] 1000857K->696643K(1025344K), 0.0509490 secs] [Times: user=0.12 sys=0.00, real=0.05 secs] 
3145.956: [GC [PSYoungGen: 319477K->17312K(326784K)] 1000707K->702752K(1025856K), 0.0590730 secs] [Times: user=0.13 sys=0.00, real=0.06 secs] 
3146.312: [GC [PSYoungGen: 321376K->18255K(327424K)] 1006816K->710622K(1026496K), 0.0514120 secs] [Times: user=0.14 sys=0.00, real=0.05 secs] 
3146.363: [Full GC [PSYoungGen: 18255K->0K(327424K)] [PSOldGen: 692367K->373799K(699072K)] 710622K->373799K(1026496K) [PSPermGen: 91645K->91588K(262144K)], 2.2292770 secs] [Times: user=2.22 sys=0.00, real=2.23 secs] 
3148.955: [GC [PSYoungGen: 305024K->20648K(325696K)] 678823K->394447K(1024768K), 0.0537310 secs] [Times: user=0.12 sys=0.00, real=0.05 secs] 
3149.334: [GC [PSYoungGen: 325672K->17631K(327168K)] 699471K->401270K(1026240K), 0.0416770 secs] [Times: user=0.15 sys=0.00, real=0.04 secs] 
3149.664: [GC [PSYoungGen: 322143K->15373K(326848K)] 705782K->405244K(1025920K), 0.0533380 secs] [Times: user=0.12 sys=0.00, real=0.05 secs] 
3150.088: [GC [PSYoungGen: 319885K->11927K(325952K)] 709756K->407429K(1025024K), 0.0331430 secs] [Times: user=0.10 sys=0.00, real=0.04 secs] 
3150.432: [GC [PSYoungGen: 315479K->17455K(326528K)] 710981K->419939K(1025600K), 0.0698650 secs] [Times: user=0.13 sys=0.00, real=0.07 secs] 
3150.846: [GC [PSYoungGen: 321007K->15114K(327168K)] 723491K->424459K(1026240K), 0.0504120 secs] [Times: user=0.13 sys=0.01, real=0.05 secs] 
3151.281: [GC [PSYoungGen: 319818K->16091K(327040K)] 729163K->430353K(1026112K), 0.0627370 secs] [Times: user=0.12 sys=0.01, real=0.06 secs] 
3151.710: [GC [PSYoungGen: 320795K->16516K(327936K)] 735057K->437699K(1027008K), 0.0469340 secs] [Times: user=0.13 sys=0.00, real=0.05 secs] 
3152.221: [GC [PSYoungGen: 322436K->15461K(327488K)] 743619K->443534K(1026560K), 0.0517260 secs] [Times: user=0.13 sys=0.00, real=0.05 secs] 
3152.631: [GC [PSYoungGen: 321381K->21174K(325824K)] 749454K->455802K(1024896K), 0.0614520 secs] [Times: user=0.14 sys=0.01, real=0.06 secs] 
3152.996: [GC [PSYoungGen: 325622K->16126K(326976K)] 760250K->460035K(1026048K), 0.0495200 secs] [Times: user=0.14 sys=0.00, real=0.05 secs] 
3153.410: [GC [PSYoungGen: 320574K->12390K(326656K)] 764483K->462665K(1025728K), 0.0417620 secs] [Times: user=0.11 sys=0.00, real=0.04 secs] 
3153.817: [GC [PSYoungGen: 316838K->15388K(326976K)] 767113K->470966K(1026048K), 0.0597140 secs] [Times: user=0.13 sys=0.00, real=0.06 secs] 
3154.278: [GC [PSYoungGen: 319836K->16267K(327872K)] 775414K->479049K(1026944K), 0.0524580 secs] [Times: user=0.14 sys=0.00, real=0.06 secs] 
3154.762: [GC [PSYoungGen: 321995K->16675K(327360K)] 784777K->484835K(1026432K), 0.0565070 secs] [Times: user=0.13 sys=0.00, real=0.05 secs] 
3155.178: [GC [PSYoungGen: 322403K->19433K(327040K)] 790563K->494720K(1026112K), 0.0812170 secs] [Times: user=0.13 sys=0.00, real=0.08 secs] 
3155.609: [GC [PSYoungGen: 325289K->17069K(327680K)] 800576K->499506K(1026752K), 0.0575790 secs] [Times: user=0.14 sys=0.00, real=0.06 secs] 
3156.061: [GC [PSYoungGen: 322925K->14969K(328256K)] 805362K->503598K(1027328K), 0.0645930 secs] [Times: user=0.13 sys=0.00, real=0.07 secs] 
3156.577: [GC [PSYoungGen: 321849K->13979K(328128K)] 810478K->507644K(1027200K), 0.0630550 secs] [Times: user=0.11 sys=0.00, real=0.06 secs] 
3156.940: [GC [PSYoungGen: 320859K->14208K(328384K)] 814524K->511255K(1027456K), 0.0398800 secs] [Times: user=0.11 sys=0.00, real=0.04 secs] 
3157.334: [GC [PSYoungGen: 321344K->15626K(328256K)] 818391K->520350K(1027328K), 0.0612320 secs] [Times: user=0.14 sys=0.01, real=0.06 secs] 
3157.758: [GC [PSYoungGen: 322762K->14901K(329024K)] 827486K->527510K(1028096K), 0.0499600 secs] [Times: user=0.12 sys=0.00, real=0.05 secs] 
3158.139: [GC [PSYoungGen: 323189K->19675K(328000K)] 835798K->537610K(1027072K), 0.0509610 secs] [Times: user=0.13 sys=0.00, real=0.05 secs] 
3158.574: [GC [PSYoungGen: 327963K->18919K(327232K)] 845898K->543604K(1026304K), 0.0558720 secs] [Times: user=0.15 sys=0.01, real=0.05 secs] 
3158.982: [GC [PSYoungGen: 324775K->15380K(327680K)] 849460K->548942K(1026752K), 0.0554740 secs] [Times: user=0.13 sys=0.00, real=0.05 secs] 
3159.391: [GC [PSYoungGen: 321236K->17913K(327936K)] 854798K->555484K(1027008K), 0.0541660 secs] [Times: user=0.12 sys=0.00, real=0.05 secs] 
3159.875: [GC [PSYoungGen: 324281K->19588K(326016K)] 861852K->564140K(1025088K), 0.0764930 secs] [Times: user=0.14 sys=0.00, real=0.08 secs] 
3160.238: [GC [PSYoungGen: 325956K->13712K(327232K)] 870508K->564006K(1026304K), 0.0383440 secs] [Times: user=0.13 sys=0.00, real=0.04 secs] 
3160.679: [GC [PSYoungGen: 318800K->15431K(327296K)] 869094K->570260K(1026368K), 0.0464780 secs] [Times: user=0.12 sys=0.00, real=0.05 secs] 
3161.083: [GC [PSYoungGen: 320519K->18779K(327040K)] 875348K->578907K(1026112K), 0.0861680 secs] [Times: user=0.14 sys=0.00, real=0.08 secs] 
3161.521: [GC [PSYoungGen: 323995K->18006K(327360K)] 884123K->585044K(1026432K), 0.1116420 secs] [Times: user=0.13 sys=0.00, real=0.12 secs] 
3162.093: [GC [PSYoungGen: 323209K->16376K(327872K)] 890247K->590840K(1026944K), 0.0597430 secs] [Times: user=0.13 sys=0.00, real=0.06 secs] 
3162.530: [GC [PSYoungGen: 322168K->18280K(327424K)] 896632K->600211K(1026496K), 0.0518570 secs] [Times: user=0.14 sys=0.01, real=0.06 secs] 
3162.989: [GC [PSYoungGen: 324072K->17571K(328064K)] 906003K->605596K(1027136K), 0.0644520 secs] [Times: user=0.13 sys=0.00, real=0.07 secs] 
3163.400: [GC [PSYoungGen: 323939K->17734K(327808K)] 911964K->610159K(1026880K), 0.0492450 secs] [Times: user=0.13 sys=0.00, real=0.05 secs] 
3163.891: [GC [PSYoungGen: 324102K->14560K(328192K)] 916527K->612260K(1027264K), 0.0472690 secs] [Times: user=0.12 sys=0.00, real=0.05 secs] 
3164.289: [GC [PSYoungGen: 321440K->19245K(326144K)] 919140K->622386K(1025216K), 0.0671410 secs] [Times: user=0.13 sys=0.01, real=0.07 secs] 
3164.769: [GC [PSYoungGen: 326125K->16019K(328064K)] 929266K->628006K(1027136K), 0.0600060 secs] [Times: user=0.14 sys=0.00, real=0.06 secs] 
3165.140: [GC [PSYoungGen: 322323K->16446K(327744K)] 934310K->631536K(1026816K), 0.0878370 secs] [Times: user=0.13 sys=0.00, real=0.09 secs] 
3165.560: [GC [PSYoungGen: 322750K->20807K(326336K)] 937840K->642144K(1025408K), 0.0599100 secs] [Times: user=0.14 sys=0.00, real=0.06 secs] 
3165.983: [GC [PSYoungGen: 326012K->15983K(327360K)] 947348K->645167K(1026432K), 0.0999140 secs] [Times: user=0.13 sys=0.00, real=0.10 secs] 
3166.390: [GC [PSYoungGen: 321199K->19327K(326976K)] 950383K->652787K(1026048K), 0.0615400 secs] [Times: user=0.13 sys=0.00, real=0.06 secs] 
3166.950: [GC [PSYoungGen: 324415K->16901K(327296K)] 957875K->654741K(1026368K), 0.0530200 secs] [Times: user=0.12 sys=0.00, real=0.06 secs] 
3167.353: [GC [PSYoungGen: 321989K->13128K(327168K)] 959829K->654721K(1026240K), 0.0419810 secs] [Times: user=0.11 sys=0.00, real=0.04 secs] 
3167.778: [GC [PSYoungGen: 318472K->21594K(326976K)] 960065K->668574K(1026048K), 0.0746830 secs] [Times: user=0.14 sys=0.01, real=0.08 secs] 
3168.153: [GC [PSYoungGen: 326938K->16616K(326336K)] 973918K->672812K(1025408K), 0.0604140 secs] [Times: user=0.15 sys=0.00, real=0.07 secs] 
3168.529: [GC [PSYoungGen: 320424K->14664K(326656K)] 976620K->675880K(1025728K), 0.0438640 secs] [Times: user=0.12 sys=0.00, real=0.05 secs] 
3168.883: [GC [PSYoungGen: 318472K->18257K(326848K)] 979688K->684078K(1025920K), 0.0572780 secs] [Times: user=0.14 sys=0.00, real=0.06 secs] 
3169.347: [GC [PSYoungGen: 322385K->16932K(326784K)] 988206K->688688K(1025856K), 0.0583610 secs] [Times: user=0.14 sys=0.00, real=0.06 secs] 
3169.872: [GC [PSYoungGen: 321060K->16447K(327744K)] 992816K->695813K(1026816K), 0.0550490 secs] [Times: user=0.15 sys=0.01, real=0.06 secs] 
3170.234: [GC [PSYoungGen: 322047K->20741K(326400K)] 1001413K->705388K(1025472K), 0.0436970 secs] [Times: user=0.14 sys=0.00, real=0.04 secs] 
3170.728: [GC [PSYoungGen: 326341K->17287K(327360K)] 1010988K->711210K(1026432K), 0.0674260 secs] [Times: user=0.15 sys=0.00, real=0.07 secs] 
3170.795: [Full GC [PSYoungGen: 17287K->0K(327360K)] [PSOldGen: 693923K->407951K(699072K)] 711210K->407951K(1026432K) [PSPermGen: 91605K->91605K(262144K)], 2.1030740 secs] [Times: user=2.09 sys=0.02, real=2.10 secs] 
3173.323: [GC [PSYoungGen: 304704K->19181K(326848K)] 712655K->427133K(1025920K), 0.0805130 secs] [Times: user=0.11 sys=0.00, real=0.09 secs] 
3173.811: [GC [PSYoungGen: 323885K->17294K(327616K)] 731837K->433265K(1026688K), 0.0580420 secs] [Times: user=0.13 sys=0.00, real=0.06 secs] 
3174.259: [GC [PSYoungGen: 322574K->19263K(327168K)] 738545K->442440K(1026240K), 0.0540730 secs] [Times: user=0.13 sys=0.00, real=0.05 secs] 
3174.706: [GC [PSYoungGen: 324543K->20094K(326528K)] 747720K->450446K(1025600K), 0.0795990 secs] [Times: user=0.14 sys=0.02, real=0.08 secs] 
3175.137: [GC [PSYoungGen: 324542K->21794K(326272K)] 754894K->456336K(1025344K), 0.0472540 secs] [Times: user=0.14 sys=0.00, real=0.04 secs] 
3175.553: [GC [PSYoungGen: 326242K->12968K(324864K)] 760784K->454334K(1023936K), 0.0609800 secs] [Times: user=0.11 sys=0.00, real=0.06 secs] 
3175.972: [GC [PSYoungGen: 314600K->16295K(325568K)] 755966K->461957K(1024640K), 0.0529270 secs] [Times: user=0.13 sys=0.00, real=0.06 secs] 
3176.331: [GC [PSYoungGen: 317927K->18800K(326080K)] 763589K->472138K(1025152K), 0.0420950 secs] [Times: user=0.14 sys=0.01, real=0.04 secs] 
3176.771: [GC [PSYoungGen: 321328K->14319K(325952K)] 774666K->476476K(1025024K), 0.0520620 secs] [Times: user=0.14 sys=0.00, real=0.05 secs] 
3177.144: [GC [PSYoungGen: 316847K->17344K(326656K)] 779004K->483559K(1025728K), 0.0482110 secs] [Times: user=0.13 sys=0.00, real=0.05 secs] 
3177.578: [GC [PSYoungGen: 320576K->16432K(326080K)] 786791K->489149K(1025152K), 0.0489280 secs] [Times: user=0.13 sys=0.00, real=0.05 secs] 
3177.949: [GC [PSYoungGen: 319664K->16088K(327360K)] 792381K->496596K(1026432K), 0.0565090 secs] [Times: user=0.13 sys=0.00, real=0.06 secs] 
3178.422: [GC [PSYoungGen: 320984K->19555K(324480K)] 801492K->507331K(1023552K), 0.0638510 secs] [Times: user=0.14 sys=0.00, real=0.07 secs] 
3178.785: [GC [PSYoungGen: 324451K->16632K(327296K)] 812227K->510757K(1026368K), 0.0589970 secs] [Times: user=0.12 sys=0.00, real=0.05 secs] 
3179.187: [GC [PSYoungGen: 321400K->18317K(326976K)] 815525K->517280K(1026048K), 0.0500110 secs] [Times: user=0.12 sys=0.00, real=0.05 secs] 
3179.562: [GC [PSYoungGen: 323085K->14684K(327424K)] 822048K->522297K(1026496K), 0.0498450 secs] [Times: user=0.13 sys=0.00, real=0.05 secs] 
3180.017: [GC [PSYoungGen: 320028K->17777K(327424K)] 827641K->532783K(1026496K), 0.0565250 secs] [Times: user=0.15 sys=0.00, real=0.05 secs] 
3180.552: [GC [PSYoungGen: 323121K->15924K(327936K)] 838127K->538343K(1027008K), 0.0522700 secs] [Times: user=0.13 sys=0.00, real=0.05 secs] 
3180.948: [GC [PSYoungGen: 322036K->16381K(327680K)] 844455K->543290K(1026752K), 0.0550770 secs] [Times: user=0.13 sys=0.00, real=0.05 secs] 
3181.361: [GC [PSYoungGen: 322493K->17695K(328448K)] 849402K->551458K(1027520K), 0.0590730 secs] [Times: user=0.15 sys=0.00, real=0.06 secs] 
3181.764: [GC [PSYoungGen: 324895K->18193K(328256K)] 858658K->558690K(1027328K), 0.0645060 secs] [Times: user=0.14 sys=0.01, real=0.07 secs] 
3182.223: [GC [PSYoungGen: 325385K->16777K(328704K)] 865882K->564530K(1027776K), 0.0602940 secs] [Times: user=0.16 sys=0.00, real=0.06 secs] 
3182.689: [GC [PSYoungGen: 324361K->16043K(328384K)] 872114K->571374K(1027456K), 0.0549660 secs] [Times: user=0.14 sys=0.00, real=0.05 secs] 
3183.147: [GC [PSYoungGen: 323627K->20066K(327360K)] 878958K->579949K(1026432K), 0.0548520 secs] [Times: user=0.13 sys=0.00, real=0.05 secs] 
3183.541: [GC [PSYoungGen: 326818K->18610K(325376K)] 886701K->585235K(1024448K), 0.0568660 secs] [Times: user=0.15 sys=0.00, real=0.06 secs] 
3183.988: [GC [PSYoungGen: 325362K->18627K(328064K)] 891987K->589795K(1027136K), 0.0676430 secs] [Times: user=0.13 sys=0.01, real=0.07 secs] 
3184.379: [GC [PSYoungGen: 325251K->21418K(328064K)] 896419K->599569K(1027136K), 0.0948700 secs] [Times: user=0.16 sys=0.00, real=0.09 secs] 
3184.852: [GC [PSYoungGen: 328042K->15542K(321024K)] 906193K->601556K(1020096K), 0.0481330 secs] [Times: user=0.13 sys=0.00, real=0.05 secs] 
3185.303: [GC [PSYoungGen: 315126K->16680K(324544K)] 901140K->607437K(1023616K), 0.0488710 secs] [Times: user=0.13 sys=0.00, real=0.05 secs] 
3185.654: [GC [PSYoungGen: 316264K->17853K(325504K)] 907021K->615248K(1024576K), 0.0424130 secs] [Times: user=0.13 sys=0.00, real=0.05 secs] 
3186.065: [GC [PSYoungGen: 318781K->16945K(324928K)] 916176K->622977K(1024000K), 0.0445520 secs] [Times: user=0.14 sys=0.00, real=0.05 secs] 
3186.530: [GC [PSYoungGen: 317873K->16306K(326144K)] 923905K->630013K(1025216K), 0.0482920 secs] [Times: user=0.14 sys=0.00, real=0.05 secs] 
3186.927: [GC [PSYoungGen: 318770K->14785K(325824K)] 932477K->633987K(1024896K), 0.0476740 secs] [Times: user=0.12 sys=0.00, real=0.04 secs] 
3187.344: [GC [PSYoungGen: 317249K->16749K(326592K)] 936451K->641500K(1025664K), 0.0624430 secs] [Times: user=0.15 sys=0.00, real=0.07 secs] 
3187.730: [GC [PSYoungGen: 319981K->16725K(326144K)] 944732K->649689K(1025216K), 0.0586030 secs] [Times: user=0.14 sys=0.01, real=0.06 secs] 
3188.151: [GC [PSYoungGen: 319957K->19270K(326592K)] 952921K->657658K(1025664K), 0.0659660 secs] [Times: user=0.15 sys=0.00, real=0.07 secs] 
3188.624: [GC [PSYoungGen: 323334K->15867K(326784K)] 961722K->660428K(1025856K), 0.0580770 secs] [Times: user=0.12 sys=0.00, real=0.06 secs] 
3189.129: [GC [PSYoungGen: 319931K->18016K(327296K)] 964492K->669962K(1026368K), 0.0525230 secs] [Times: user=0.14 sys=0.00, real=0.05 secs] 
3189.586: [GC [PSYoungGen: 322848K->14198K(327040K)] 974794K->669028K(1026112K), 0.0545090 secs] [Times: user=0.13 sys=0.00, real=0.06 secs] 
3190.012: [GC [PSYoungGen: 319030K->17103K(327744K)] 973860K->676543K(1026816K), 0.0662420 secs] [Times: user=0.12 sys=0.00, real=0.07 secs] 
3190.467: [GC [PSYoungGen: 322575K->16976K(327232K)] 982015K->686289K(1026304K), 0.0545280 secs] [Times: user=0.14 sys=0.00, real=0.05 secs] 
3190.816: [GC [PSYoungGen: 322448K->17075K(328576K)] 991761K->694720K(1027648K), 0.0574580 secs] [Times: user=0.15 sys=0.01, real=0.05 secs] 
3191.259: [GC [PSYoungGen: 324275K->19434K(326656K)] 1001920K->702085K(1025728K), 0.0519330 secs] [Times: user=0.13 sys=0.00, real=0.05 secs] 
3191.715: [GC [PSYoungGen: 326632K->17290K(328512K)] 1009283K->705620K(1027584K), 0.0424580 secs] [Times: user=0.12 sys=0.00, real=0.05 secs] 
3192.092: [GC [PSYoungGen: 324362K->12169K(319296K)] 1012692K->706975K(1018368K), 0.0438240 secs] [Times: user=0.12 sys=0.00, real=0.05 secs] 
3192.136: [Full GC [PSYoungGen: 12169K->0K(319296K)] [PSOldGen: 694805K->405276K(699072K)] 706975K->405276K(1018368K) [PSPermGen: 91620K->91620K(262144K)], 2.0452900 secs] [Times: user=2.04 sys=0.00, real=2.04 secs] 
3194.515: [GC [PSYoungGen: 307072K->20076K(326528K)] 712348K->425352K(1025600K), 0.0695940 secs] [Times: user=0.11 sys=0.01, real=0.07 secs] 
3194.950: [GC [PSYoungGen: 325036K->18634K(323648K)] 730312K->432307K(1022720K), 0.0528400 secs] [Times: user=0.13 sys=0.00, real=0.05 secs] 
3195.383: [GC [PSYoungGen: 323594K->14152K(327168K)] 737267K->435825K(1026240K), 0.0705060 secs] [Times: user=0.14 sys=0.00, real=0.07 secs] 
3195.852: [GC [PSYoungGen: 318984K->20869K(325760K)] 740657K->448068K(1024832K), 0.0669310 secs] [Times: user=0.14 sys=0.01, real=0.07 secs] 
3196.260: [GC [PSYoungGen: 325701K->17101K(326784K)] 752900K->450949K(1025856K), 0.0500010 secs] [Times: user=0.13 sys=0.00, real=0.05 secs] 
3196.737: [GC [PSYoungGen: 320653K->16066K(326272K)] 754501K->456162K(1025344K), 0.0455570 secs] [Times: user=0.12 sys=0.00, real=0.05 secs] 
3197.210: [GC [PSYoungGen: 319618K->19311K(326592K)] 759714K->464039K(1025664K), 0.0615250 secs] [Times: user=0.13 sys=0.00, real=0.06 secs] 
3197.657: [GC [PSYoungGen: 323503K->13431K(317632K)] 768231K->467296K(1016704K), 0.0529260 secs] [Times: user=0.12 sys=0.00, real=0.05 secs] 
3198.041: [GC [PSYoungGen: 317623K->15996K(327104K)] 771488K->474366K(1026176K), 0.0561470 secs] [Times: user=0.11 sys=0.00, real=0.05 secs] 
3198.375: [GC [PSYoungGen: 320252K->17769K(326656K)] 778622K->482587K(1025728K), 0.0665480 secs] [Times: user=0.14 sys=0.00, real=0.07 secs] 
3198.754: [GC [PSYoungGen: 322025K->16949K(327808K)] 786843K->487981K(1026880K), 0.0613590 secs] [Times: user=0.13 sys=0.01, real=0.06 secs] 
3199.222: [GC [PSYoungGen: 322549K->20612K(326272K)] 793581K->496923K(1025344K), 0.0665590 secs] [Times: user=0.14 sys=0.00, real=0.07 secs] 
3199.595: [GC [PSYoungGen: 326212K->18648K(326976K)] 802523K->500681K(1026048K), 0.0532160 secs] [Times: user=0.13 sys=0.00, real=0.06 secs] 
3199.995: [GC [PSYoungGen: 323096K->14403K(326976K)] 805129K->503559K(1026048K), 0.0865130 secs] [Times: user=0.12 sys=0.00, real=0.09 secs] 
3200.430: [GC [PSYoungGen: 318851K->16867K(327424K)] 808007K->510966K(1026496K), 0.0525990 secs] [Times: user=0.13 sys=0.00, real=0.05 secs] 
3200.878: [GC [PSYoungGen: 321763K->17821K(326976K)] 815862K->519514K(1026048K), 0.0745360 secs] [Times: user=0.14 sys=0.00, real=0.07 secs] 
3201.356: [GC [PSYoungGen: 322717K->16766K(328064K)] 824410K->523329K(1027136K), 0.0681980 secs] [Times: user=0.12 sys=0.00, real=0.07 secs] 
3201.812: [GC [PSYoungGen: 323006K->18199K(327680K)] 829569K->531444K(1026752K), 0.0782110 secs] [Times: user=0.15 sys=0.00, real=0.08 secs] 
3202.218: [GC [PSYoungGen: 324439K->17418K(328448K)] 837684K->538186K(1027520K), 0.0508590 secs] [Times: user=0.14 sys=0.00, real=0.06 secs] 
3202.558: [GC [PSYoungGen: 324490K->13651K(328128K)] 845258K->539966K(1027200K), 0.0344490 secs] [Times: user=0.11 sys=0.00, real=0.04 secs] 
3202.914: [GC [PSYoungGen: 320723K->21298K(321024K)] 847038K->554201K(1020096K), 0.0628220 secs] [Times: user=0.15 sys=0.00, real=0.06 secs] 
3203.362: [GC [PSYoungGen: 321010K->10198K(309952K)] 853913K->550072K(1009024K), 0.0431800 secs] [Times: user=0.10 sys=0.00, real=0.04 secs] 
3203.681: [GC [PSYoungGen: 309910K->21655K(322304K)] 849784K->566290K(1021376K), 0.0619000 secs] [Times: user=0.13 sys=0.00, real=0.06 secs] 
3204.013: [GC [PSYoungGen: 318423K->14274K(323136K)] 863058K->570485K(1022208K), 0.0489790 secs] [Times: user=0.15 sys=0.00, real=0.05 secs] 
3204.390: [GC [PSYoungGen: 311042K->19739K(323328K)] 867253K->578381K(1022400K), 0.0732000 secs] [Times: user=0.13 sys=0.00, real=0.07 secs] 
3204.841: [GC [PSYoungGen: 317019K->18470K(323392K)] 875661K->586862K(1022464K), 0.0680220 secs] [Times: user=0.17 sys=0.00, real=0.07 secs] 
3205.326: [GC [PSYoungGen: 315750K->17114K(324608K)] 884142K->593405K(1023680K), 0.0780790 secs] [Times: user=0.15 sys=0.00, real=0.08 secs] 
3205.820: [GC [PSYoungGen: 316122K->17820K(323904K)] 892413K->598689K(1022976K), 0.0549790 secs] [Times: user=0.15 sys=0.00, real=0.05 secs] 
3206.299: [GC [PSYoungGen: 316828K->17538K(325888K)] 897697K->604965K(1024960K), 0.1030360 secs] [Times: user=0.19 sys=0.01, real=0.10 secs] 
3206.815: [GC [PSYoungGen: 319162K->16432K(325248K)] 906589K->607164K(1024320K), 0.0394100 secs] [Times: user=0.12 sys=0.01, real=0.04 secs] 
3207.204: [GC [PSYoungGen: 318064K->15731K(326592K)] 908796K->611063K(1025664K), 0.0485430 secs] [Times: user=0.12 sys=0.01, real=0.05 secs] 
3207.604: [GC [PSYoungGen: 319091K->16288K(326272K)] 914423K->620830K(1025344K), 0.1336940 secs] [Times: user=0.13 sys=0.00, real=0.13 secs] 
3208.145: [GC [PSYoungGen: 319648K->22008K(324416K)] 924190K->632921K(1023488K), 0.0751570 secs] [Times: user=0.15 sys=0.00, real=0.08 secs] 
3208.591: [GC [PSYoungGen: 323896K->15397K(325696K)] 934809K->634559K(1024768K), 0.0729500 secs] [Times: user=0.13 sys=0.00, real=0.07 secs] 
3209.063: [GC [PSYoungGen: 317285K->21327K(324288K)] 936447K->644494K(1023360K), 0.0805520 secs] [Times: user=0.13 sys=0.00, real=0.08 secs] 
3209.523: [GC [PSYoungGen: 322063K->18492K(325120K)] 945230K->648115K(1024192K), 0.0542300 secs] [Times: user=0.13 sys=0.00, real=0.05 secs] 
3209.985: [GC [PSYoungGen: 319228K->15165K(325632K)] 948851K->650947K(1024704K), 0.0538470 secs] [Times: user=0.12 sys=0.00, real=0.05 secs] 
3210.421: [GC [PSYoungGen: 316797K->19516K(325504K)] 952579K->659015K(1024576K), 0.0773050 secs] [Times: user=0.13 sys=0.00, real=0.07 secs] 
3210.806: [GC [PSYoungGen: 321148K->19453K(325568K)] 960647K->667984K(1024640K), 0.0600520 secs] [Times: user=0.15 sys=0.00, real=0.06 secs] 
3211.247: [GC [PSYoungGen: 321085K->15993K(325568K)] 969616K->673687K(1024640K), 0.0516870 secs] [Times: user=0.14 sys=0.00, real=0.05 secs] 
3211.675: [GC [PSYoungGen: 317625K->14659K(325888K)] 975319K->677099K(1024960K), 0.0693960 secs] [Times: user=0.12 sys=0.00, real=0.07 secs] 
3212.106: [GC [PSYoungGen: 316867K->18339K(325824K)] 979307K->686852K(1024896K), 0.0697350 secs] [Times: user=0.13 sys=0.00, real=0.07 secs] 
3212.581: [GC [PSYoungGen: 320547K->20558K(325056K)] 989060K->696706K(1024128K), 0.0669720 secs] [Times: user=0.16 sys=0.00, real=0.06 secs] 
3213.036: [GC [PSYoungGen: 322318K->16204K(325632K)] 998466K->696025K(1024704K), 0.0354860 secs] [Times: user=0.12 sys=0.00, real=0.04 secs] 
3213.497: [GC [PSYoungGen: 317964K->14620K(326016K)] 997785K->697435K(1025088K), 0.0417110 secs] [Times: user=0.11 sys=0.01, real=0.04 secs] 
3213.843: [GC [PSYoungGen: 317084K->14348K(325952K)] 999899K->703161K(1025024K), 0.0738070 secs] [Times: user=0.11 sys=0.00, real=0.07 secs] 
3213.917: [Full GC [PSYoungGen: 14348K->0K(325952K)] [PSOldGen: 688812K->410997K(699072K)] 703161K->410997K(1025024K) [PSPermGen: 91634K->91634K(262144K)], 2.1266340 secs] [Times: user=2.13 sys=0.00, real=2.13 secs] 
3216.357: [GC [PSYoungGen: 302464K->21967K(323776K)] 713461K->432965K(1022848K), 0.0454990 secs] [Times: user=0.12 sys=0.00, real=0.05 secs] 
3216.770: [GC [PSYoungGen: 322319K->16786K(324928K)] 733317K->441367K(1024000K), 0.0618070 secs] [Times: user=0.16 sys=0.00, real=0.06 secs] 
3217.210: [GC [PSYoungGen: 317138K->16205K(325888K)] 741719K->447635K(1024960K), 0.0833820 secs] [Times: user=0.13 sys=0.00, real=0.09 secs] 
3217.751: [GC [PSYoungGen: 318093K->16627K(325504K)] 749523K->453161K(1024576K), 0.0467400 secs] [Times: user=0.12 sys=0.00, real=0.04 secs] 
3218.222: [GC [PSYoungGen: 318515K->13410K(326272K)] 755049K->454356K(1025344K), 0.0587250 secs] [Times: user=0.10 sys=0.00, real=0.06 secs] 
3218.671: [GC [PSYoungGen: 316570K->18731K(321920K)] 757516K->464910K(1020992K), 0.0515650 secs] [Times: user=0.13 sys=0.00, real=0.05 secs] 
3219.019: [GC [PSYoungGen: 321899K->20371K(325120K)] 768078K->473397K(1024192K), 0.0557000 secs] [Times: user=0.14 sys=0.00, real=0.06 secs] 
3219.487: [GC [PSYoungGen: 322259K->16532K(325696K)] 775285K->476772K(1024768K), 0.0600920 secs] [Times: user=0.15 sys=0.01, real=0.06 secs] 
3219.872: [GC [PSYoungGen: 318420K->17522K(326656K)] 778660K->481175K(1025728K), 0.0438610 secs] [Times: user=0.12 sys=0.00, real=0.04 secs] 
3220.350: [GC [PSYoungGen: 320815K->18853K(326144K)] 784467K->489072K(1025216K), 0.0752530 secs] [Times: user=0.15 sys=0.00, real=0.07 secs] 
3220.834: [GC [PSYoungGen: 322149K->16735K(327104K)] 792368K->497252K(1026176K), 0.0897710 secs] [Times: user=0.15 sys=0.00, real=0.09 secs] 
3221.224: [GC [PSYoungGen: 320991K->15990K(326656K)] 801508K->504779K(1025728K), 0.0531110 secs] [Times: user=0.14 sys=0.00, real=0.05 secs] 
3221.609: [GC [PSYoungGen: 320246K->17303K(327808K)] 809035K->509140K(1026880K), 0.0723620 secs] [Times: user=0.13 sys=0.01, real=0.08 secs] 
3222.162: [GC [PSYoungGen: 322967K->18729K(327360K)] 814804K->517740K(1026432K), 0.0763400 secs] [Times: user=0.13 sys=0.00, real=0.07 secs] 
3222.562: [GC [PSYoungGen: 324393K->19125K(327296K)] 823404K->524814K(1026368K), 0.0507190 secs] [Times: user=0.13 sys=0.00, real=0.05 secs] 
3222.949: [GC [PSYoungGen: 324597K->16323K(327488K)] 830286K->528373K(1026560K), 0.0496490 secs] [Times: user=0.13 sys=0.00, real=0.05 secs] 
3223.374: [GC [PSYoungGen: 321795K->17946K(328000K)] 833845K->534477K(1027072K), 0.0544400 secs] [Times: user=0.14 sys=0.01, real=0.05 secs] 
3223.761: [GC [PSYoungGen: 324186K->17279K(327744K)] 840717K->540752K(1026816K), 0.0528730 secs] [Times: user=0.14 sys=0.00, real=0.06 secs] 
3224.150: [GC [PSYoungGen: 323519K->14913K(328192K)] 846992K->544886K(1027264K), 0.0480500 secs] [Times: user=0.12 sys=0.00, real=0.05 secs] 
3224.535: [GC [PSYoungGen: 321921K->17055K(328256K)] 851894K->551977K(1027328K), 0.0556610 secs] [Times: user=0.12 sys=0.00, real=0.05 secs] 
3224.962: [GC [PSYoungGen: 324063K->18034K(328704K)] 858985K->559861K(1027776K), 0.0733320 secs] [Times: user=0.13 sys=0.00, real=0.07 secs] 
3225.421: [GC [PSYoungGen: 325874K->16539K(328640K)] 867701K->566208K(1027712K), 0.0719120 secs] [Times: user=0.13 sys=0.00, real=0.07 secs] 
3225.834: [GC [PSYoungGen: 324379K->19044K(328256K)] 874048K->574009K(1027328K), 0.0535100 secs] [Times: user=0.14 sys=0.01, real=0.05 secs] 
3226.281: [GC [PSYoungGen: 326692K->18082K(328576K)] 881657K->578027K(1027648K), 0.0454690 secs] [Times: user=0.13 sys=0.00, real=0.04 secs] 
3226.694: [GC [PSYoungGen: 325730K->17313K(328960K)] 885675K->583394K(1028032K), 0.0502960 secs] [Times: user=0.14 sys=0.00, real=0.05 secs] 
3227.080: [GC [PSYoungGen: 325409K->16358K(328640K)] 891490K->589818K(1027712K), 0.0605340 secs] [Times: user=0.20 sys=0.00, real=0.06 secs] 
3227.472: [GC [PSYoungGen: 324454K->15059K(328960K)] 897914K->596085K(1028032K), 0.0491150 secs] [Times: user=0.14 sys=0.00, real=0.04 secs] 
3227.891: [GC [PSYoungGen: 323603K->15318K(329024K)] 904629K->600711K(1028096K), 0.0499920 secs] [Times: user=0.11 sys=0.00, real=0.05 secs] 
3228.275: [GC [PSYoungGen: 323862K->15864K(329216K)] 909255K->607043K(1028288K), 0.0733980 secs] [Times: user=0.13 sys=0.00, real=0.07 secs] 
3228.714: [GC [PSYoungGen: 324600K->20280K(329024K)] 915779K->619171K(1028096K), 0.0823240 secs] [Times: user=0.17 sys=0.00, real=0.08 secs] 
3229.118: [GC [PSYoungGen: 329016K->17178K(322752K)] 927907K->625588K(1021824K), 0.0607220 secs] [Times: user=0.16 sys=0.00, real=0.06 secs] 
3229.524: [GC [PSYoungGen: 319450K->15087K(325888K)] 927860K->627132K(1024960K), 0.0435060 secs] [Times: user=0.12 sys=0.00, real=0.04 secs] 
3230.008: [GC [PSYoungGen: 317359K->15403K(326208K)] 929404K->632887K(1025280K), 0.0629930 secs] [Times: user=0.11 sys=0.01, real=0.06 secs] 
3230.415: [GC [PSYoungGen: 318123K->19350K(326016K)] 935607K->644827K(1025088K), 0.0606530 secs] [Times: user=0.15 sys=0.00, real=0.06 secs] 
3230.778: [GC [PSYoungGen: 322070K->16876K(326528K)] 947547K->650430K(1025600K), 0.0417530 secs] [Times: user=0.14 sys=0.00, real=0.04 secs] 
3231.182: [GC [PSYoungGen: 319980K->15554K(326080K)] 953534K->656813K(1025152K), 0.0650140 secs] [Times: user=0.13 sys=0.00, real=0.07 secs] 
3231.562: [GC [PSYoungGen: 318658K->18187K(326976K)] 959917K->665734K(1026048K), 0.0700750 secs] [Times: user=0.14 sys=0.00, real=0.07 secs] 
3232.024: [GC [PSYoungGen: 322379K->15095K(326720K)] 969926K->670157K(1025792K), 0.1120000 secs] [Times: user=0.13 sys=0.00, real=0.11 secs] 
3232.498: [GC [PSYoungGen: 319287K->16577K(327488K)] 974349K->676969K(1026560K), 0.0557100 secs] [Times: user=0.13 sys=0.00, real=0.06 secs] 
3232.879: [GC [PSYoungGen: 321665K->16702K(327104K)] 982057K->683066K(1026176K), 0.0532440 secs] [Times: user=0.14 sys=0.00, real=0.06 secs] 
3233.239: [GC [PSYoungGen: 321790K->19225K(327168K)] 988154K->691548K(1026240K), 0.0450670 secs] [Times: user=0.15 sys=0.00, real=0.05 secs] 
3233.624: [GC [PSYoungGen: 324825K->21629K(327232K)] 997148K->702624K(1026304K), 0.0674370 secs] [Times: user=0.16 sys=0.00, real=0.06 secs] 
3234.028: [GC [PSYoungGen: 327229K->15609K(325952K)] 1008224K->703344K(1025024K), 0.0542260 secs] [Times: user=0.14 sys=0.00, real=0.05 secs] 
3234.363: [GC [PSYoungGen: 319289K->19726K(323456K)] 1007024K->712133K(1022528K), 0.0678660 secs] [Times: user=0.13 sys=0.00, real=0.07 secs] 
3234.431: [Full GC [PSYoungGen: 19726K->0K(323456K)] [PSOldGen: 692407K->378921K(699072K)] 712133K->378921K(1022528K) [PSPermGen: 91647K->91588K(262144K)], 2.3650940 secs] [Times: user=2.36 sys=0.00, real=2.37 secs] 
3237.116: [GC [PSYoungGen: 303680K->18775K(326464K)] 682601K->397697K(1025536K), 0.0576730 secs] [Times: user=0.11 sys=0.00, real=0.06 secs] 
3237.519: [GC [PSYoungGen: 322071K->18605K(326336K)] 700993K->405715K(1025408K), 0.0618660 secs] [Times: user=0.16 sys=0.01, real=0.06 secs] 
3237.933: [GC [PSYoungGen: 321901K->16992K(327040K)] 709011K->411421K(1026112K), 0.0484070 secs] [Times: user=0.13 sys=0.01, real=0.04 secs] 
3238.267: [GC [PSYoungGen: 321248K->21244K(325504K)] 715677K->420408K(1024576K), 0.0585390 secs] [Times: user=0.14 sys=0.00, real=0.06 secs] 
3238.744: [GC [PSYoungGen: 325500K->19957K(325952K)] 724664K->429110K(1025024K), 0.0918350 secs] [Times: user=0.15 sys=0.00, real=0.09 secs] 
3239.131: [GC [PSYoungGen: 322613K->19185K(326080K)] 731766K->434209K(1025152K), 0.0690000 secs] [Times: user=0.13 sys=0.00, real=0.07 secs] 
3239.517: [GC [PSYoungGen: 321841K->19240K(326464K)] 736865K->439687K(1025536K), 0.0528750 secs] [Times: user=0.13 sys=0.01, real=0.05 secs] 
3239.998: [GC [PSYoungGen: 322472K->15269K(326272K)] 742919K->441570K(1025344K), 0.1294530 secs] [Times: user=0.12 sys=0.01, real=0.13 secs] 
3240.482: [GC [PSYoungGen: 318501K->20700K(325440K)] 744802K->451119K(1024512K), 0.0707200 secs] [Times: user=0.14 sys=0.00, real=0.07 secs] 
3240.933: [GC [PSYoungGen: 322972K->16367K(325888K)] 753391K->453394K(1024960K), 0.0669540 secs] [Times: user=0.12 sys=0.00, real=0.07 secs] 
3241.317: [GC [PSYoungGen: 318639K->16777K(326336K)] 755666K->461276K(1025408K), 0.0831900 secs] [Times: user=0.17 sys=0.01, real=0.08 secs] 
3241.734: [GC [PSYoungGen: 319689K->16474K(326080K)] 764188K->465267K(1025152K), 0.0396850 secs] [Times: user=0.12 sys=0.00, real=0.04 secs] 
3242.100: [GC [PSYoungGen: 319386K->15284K(326592K)] 768179K->470645K(1025664K), 0.0542700 secs] [Times: user=0.13 sys=0.00, real=0.06 secs] 
3242.485: [GC [PSYoungGen: 318964K->19571K(323264K)] 774325K->481665K(1022336K), 0.0840450 secs] [Times: user=0.14 sys=0.00, real=0.08 secs] 
3242.902: [GC [PSYoungGen: 323251K->17691K(326912K)] 785345K->488764K(1025984K), 0.0454910 secs] [Times: user=0.15 sys=0.01, real=0.05 secs] 
3243.305: [GC [PSYoungGen: 321499K->18961K(326400K)] 792572K->495841K(1025472K), 0.0562250 secs] [Times: user=0.14 sys=0.00, real=0.05 secs] 
3243.659: [GC [PSYoungGen: 322769K->16448K(327168K)] 799649K->500006K(1026240K), 0.0558240 secs] [Times: user=0.13 sys=0.01, real=0.06 secs] 
3244.044: [GC [PSYoungGen: 321088K->15291K(326976K)] 804646K->505972K(1026048K), 0.0536570 secs] [Times: user=0.11 sys=0.00, real=0.06 secs] 
3244.623: [GC [PSYoungGen: 319931K->17595K(327680K)] 810612K->513781K(1026752K), 0.0848390 secs] [Times: user=0.12 sys=0.00, real=0.09 secs] 
3245.087: [GC [PSYoungGen: 323003K->17376K(327232K)] 819189K->519058K(1026304K), 0.0788390 secs] [Times: user=0.13 sys=0.01, real=0.08 secs] 
3245.574: [GC [PSYoungGen: 322784K->12558K(327168K)] 824466K->522935K(1026240K), 0.0573050 secs] [Times: user=0.12 sys=0.00, real=0.05 secs] 
3245.937: [GC [PSYoungGen: 318286K->17955K(327616K)] 828663K->533265K(1026688K), 0.0589950 secs] [Times: user=0.13 sys=0.00, real=0.06 secs] 
3246.292: [GC [PSYoungGen: 323683K->17851K(327936K)] 838993K->540829K(1027008K), 0.0513760 secs] [Times: user=0.14 sys=0.00, real=0.06 secs] 
3246.724: [GC [PSYoungGen: 324027K->18303K(327744K)] 847005K->547809K(1026816K), 0.0623170 secs] [Times: user=0.13 sys=0.01, real=0.06 secs] 
3247.141: [GC [PSYoungGen: 324479K->17851K(328192K)] 853985K->552826K(1027264K), 0.0708810 secs] [Times: user=0.13 sys=0.00, real=0.07 secs] 
3247.640: [GC [PSYoungGen: 324475K->18754K(327936K)] 859450K->559899K(1027008K), 0.0641470 secs] [Times: user=0.14 sys=0.01, real=0.07 secs] 
3248.058: [GC [PSYoungGen: 325375K->13567K(327552K)] 866521K->558537K(1026624K), 0.0590090 secs] [Times: user=0.12 sys=0.00, real=0.06 secs] 
3248.478: [GC [PSYoungGen: 319679K->15168K(327808K)] 864649K->564398K(1026880K), 0.0418310 secs] [Times: user=0.12 sys=0.00, real=0.04 secs] 
3248.921: [GC [PSYoungGen: 321280K->19489K(326912K)] 870510K->575107K(1025984K), 0.0844800 secs] [Times: user=0.13 sys=0.00, real=0.09 secs] 
3249.302: [GC [PSYoungGen: 324833K->22056K(327424K)] 880451K->586277K(1026496K), 0.0576240 secs] [Times: user=0.16 sys=0.00, real=0.06 secs] 
3249.752: [GC [PSYoungGen: 327400K->17757K(319744K)] 891621K->588157K(1018816K), 0.0455120 secs] [Times: user=0.14 sys=0.00, real=0.05 secs] 
3250.126: [GC [PSYoungGen: 315421K->15536K(323584K)] 885821K->592734K(1022656K), 0.0455920 secs] [Times: user=0.13 sys=0.00, real=0.04 secs] 
3250.516: [GC [PSYoungGen: 313200K->20103K(323840K)] 890398K->602101K(1022912K), 0.0503250 secs] [Times: user=0.14 sys=0.00, real=0.05 secs] 
3250.901: [GC [PSYoungGen: 318279K->15053K(323840K)] 900277K->604155K(1022912K), 0.0583190 secs] [Times: user=0.14 sys=0.01, real=0.06 secs] 
3251.327: [GC [PSYoungGen: 313229K->18991K(324416K)] 902331K->613694K(1023488K), 0.0509040 secs] [Times: user=0.13 sys=0.00, real=0.05 secs] 
3251.741: [GC [PSYoungGen: 317935K->15493K(324032K)] 912638K->616842K(1023104K), 0.0537900 secs] [Times: user=0.13 sys=0.00, real=0.06 secs] 
3252.145: [GC [PSYoungGen: 314437K->15370K(324928K)] 915786K->621295K(1024000K), 0.0462780 secs] [Times: user=0.12 sys=0.00, real=0.05 secs] 
3252.504: [GC [PSYoungGen: 315466K->17064K(324672K)] 921391K->629709K(1023744K), 0.0587810 secs] [Times: user=0.13 sys=0.00, real=0.06 secs] 
3252.927: [GC [PSYoungGen: 317160K->17185K(326144K)] 929805K->636972K(1025216K), 0.0663590 secs] [Times: user=0.16 sys=0.00, real=0.06 secs] 
3253.318: [GC [PSYoungGen: 319393K->17291K(325568K)] 939180K->643815K(1024640K), 0.0494120 secs] [Times: user=0.13 sys=0.01, real=0.05 secs] 
3253.678: [GC [PSYoungGen: 319490K->15725K(326912K)] 946014K->647972K(1025984K), 0.0567240 secs] [Times: user=0.13 sys=0.00, real=0.05 secs] 
3254.039: [GC [PSYoungGen: 319789K->17889K(326656K)] 952036K->656342K(1025728K), 0.0634910 secs] [Times: user=0.14 sys=0.00, real=0.06 secs] 
3254.424: [GC [PSYoungGen: 321953K->15690K(327424K)] 960406K->661344K(1026496K), 0.0401320 secs] [Times: user=0.13 sys=0.00, real=0.04 secs] 
3254.874: [GC [PSYoungGen: 320842K->18722K(327232K)] 966496K->671581K(1026304K), 0.0654920 secs] [Times: user=0.15 sys=0.00, real=0.07 secs] 
3255.243: [GC [PSYoungGen: 323874K->17522K(327744K)] 976733K->677344K(1026816K), 0.0548670 secs] [Times: user=0.14 sys=0.00, real=0.06 secs] 
3255.623: [GC [PSYoungGen: 323122K->14858K(327360K)] 982944K->681209K(1026432K), 0.0641970 secs] [Times: user=0.13 sys=0.00, real=0.07 secs] 
3256.056: [GC [PSYoungGen: 320458K->16870K(328192K)] 986809K->687830K(1027264K), 0.0592370 secs] [Times: user=0.14 sys=0.00, real=0.06 secs] 
3256.475: [GC [PSYoungGen: 323302K->20462K(326912K)] 994262K->697247K(1025984K), 0.0628410 secs] [Times: user=0.14 sys=0.00, real=0.07 secs] 
3256.924: [GC [PSYoungGen: 326894K->19432K(326848K)] 1003679K->706144K(1025920K), 0.0804240 secs] [Times: user=0.15 sys=0.00, real=0.08 secs] 
3257.346: [GC [PSYoungGen: 324136K->17704K(327104K)] 1010848K->709841K(1026176K), 0.0550210 secs] [Times: user=0.13 sys=0.00, real=0.06 secs] 
3257.401: [Full GC [PSYoungGen: 17704K->0K(327104K)] [PSOldGen: 692136K->415319K(699072K)] 709841K->415319K(1026176K) [PSPermGen: 91602K->91602K(262144K)], 2.0789620 secs] [Times: user=2.07 sys=0.01, real=2.08 secs] 
3259.859: [GC [PSYoungGen: 304704K->17922K(327872K)] 720023K->433242K(1026944K), 0.0409520 secs] [Times: user=0.10 sys=0.00, real=0.04 secs] 
3260.233: [GC [PSYoungGen: 323842K->17904K(327552K)] 739162K->444306K(1026624K), 0.0607130 secs] [Times: user=0.14 sys=0.01, real=0.06 secs] 
3260.605: [GC [PSYoungGen: 323824K->19182K(327808K)] 750226K->452576K(1026880K), 0.0662830 secs] [Times: user=0.14 sys=0.00, real=0.07 secs] 
3261.008: [GC [PSYoungGen: 325677K->16515K(328000K)] 759070K->458235K(1027072K), 0.0569470 secs] [Times: user=0.13 sys=0.00, real=0.05 secs] 
3261.426: [GC [PSYoungGen: 323011K->16748K(328320K)] 764731K->463514K(1027392K), 0.0550780 secs] [Times: user=0.13 sys=0.01, real=0.06 secs] 
3261.743: [GC [PSYoungGen: 323687K->21176K(328128K)] 770452K->475109K(1027200K), 0.0606660 secs] [Times: user=0.15 sys=0.00, real=0.06 secs] 
3262.184: [GC [PSYoungGen: 328120K->16465K(321728K)] 782053K->474671K(1020800K), 0.0776780 secs] [Times: user=0.11 sys=0.00, real=0.08 secs] 
3262.596: [GC [PSYoungGen: 316817K->16247K(324928K)] 775023K->479703K(1024000K), 0.0443440 secs] [Times: user=0.12 sys=0.00, real=0.05 secs] 
3262.939: [GC [PSYoungGen: 316599K->18828K(325568K)] 780055K->492131K(1024640K), 0.0551110 secs] [Times: user=0.14 sys=0.00, real=0.05 secs] 
3263.300: [GC [PSYoungGen: 320061K->15689K(325184K)] 793365K->496529K(1024256K), 0.0609060 secs] [Times: user=0.13 sys=0.00, real=0.06 secs] 
3263.768: [GC [PSYoungGen: 316937K->17136K(326080K)] 797777K->501345K(1025152K), 0.0570190 secs] [Times: user=0.12 sys=0.00, real=0.05 secs] 
3264.191: [GC [PSYoungGen: 319408K->16324K(325696K)] 803617K->509252K(1024768K), 0.0556460 secs] [Times: user=0.13 sys=0.00, real=0.05 secs] 
3264.610: [GC [PSYoungGen: 318596K->20516K(325440K)] 811524K->520200K(1024512K), 0.0516060 secs] [Times: user=0.14 sys=0.00, real=0.05 secs] 
3265.035: [GC [PSYoungGen: 322788K->17364K(325888K)] 822472K->524199K(1024960K), 0.0392300 secs] [Times: user=0.13 sys=0.00, real=0.04 secs] 
3265.432: [GC [PSYoungGen: 319635K->11450K(325056K)] 826471K->523476K(1024128K), 0.0417520 secs] [Times: user=0.11 sys=0.00, real=0.04 secs] 
3265.811: [GC [PSYoungGen: 313338K->21807K(323712K)] 825364K->539100K(1022784K), 0.0557110 secs] [Times: user=0.13 sys=0.00, real=0.05 secs] 
3266.175: [GC [PSYoungGen: 323695K->18958K(324992K)] 840988K->545375K(1024064K), 0.0578700 secs] [Times: user=0.15 sys=0.00, real=0.06 secs] 
3266.626: [GC [PSYoungGen: 319182K->14190K(324736K)] 845599K->547266K(1023808K), 0.0452230 secs] [Times: user=0.12 sys=0.00, real=0.05 secs] 
3267.072: [GC [PSYoungGen: 314414K->14264K(325120K)] 847490K->554434K(1024192K), 0.0474950 secs] [Times: user=0.12 sys=0.00, real=0.05 secs] 
3267.447: [GC [PSYoungGen: 314872K->17945K(324992K)] 855042K->563608K(1024064K), 0.0502330 secs] [Times: user=0.12 sys=0.00, real=0.05 secs] 
3267.863: [GC [PSYoungGen: 318553K->18730K(325696K)] 864216K->571687K(1024768K), 0.0744520 secs] [Times: user=0.14 sys=0.00, real=0.07 secs] 
3268.222: [GC [PSYoungGen: 320490K->18575K(325568K)] 873447K->578041K(1024640K), 0.0492550 secs] [Times: user=0.14 sys=0.00, real=0.05 secs] 
3268.595: [GC [PSYoungGen: 320335K->16998K(326400K)] 879801K->583458K(1025472K), 0.0626990 secs] [Times: user=0.14 sys=0.01, real=0.06 secs] 
3268.963: [GC [PSYoungGen: 319782K->19659K(325888K)] 886242K->590976K(1024960K), 0.0622520 secs] [Times: user=0.14 sys=0.00, real=0.06 secs] 
3269.361: [GC [PSYoungGen: 322443K->18222K(326528K)] 893760K->595859K(1025600K), 0.0730490 secs] [Times: user=0.13 sys=0.00, real=0.07 secs] 
3269.786: [GC [PSYoungGen: 321390K->19868K(326144K)] 899027K->606507K(1025216K), 0.0643200 secs] [Times: user=0.15 sys=0.00, real=0.07 secs] 
3270.141: [GC [PSYoungGen: 323036K->13830K(325888K)] 909675K->606009K(1024960K), 0.0863020 secs] [Times: user=0.11 sys=0.00, real=0.08 secs] 
3270.639: [GC [PSYoungGen: 316484K->13278K(315968K)] 908663K->610937K(1015040K), 0.0421170 secs] [Times: user=0.11 sys=0.00, real=0.04 secs] 
3271.092: [GC [PSYoungGen: 315933K->18203K(326208K)] 913592K->621751K(1025280K), 0.0620170 secs] [Times: user=0.13 sys=0.00, real=0.06 secs] 
3271.460: [GC [PSYoungGen: 320859K->16698K(325952K)] 924407K->628257K(1025024K), 0.0571360 secs] [Times: user=0.14 sys=0.00, real=0.05 secs] 
3271.900: [GC [PSYoungGen: 319354K->17600K(327104K)] 930913K->634911K(1026176K), 0.0594430 secs] [Times: user=0.14 sys=0.00, real=0.06 secs] 
3272.303: [GC [PSYoungGen: 321920K->14079K(326720K)] 939231K->638028K(1025792K), 0.0582280 secs] [Times: user=0.11 sys=0.00, real=0.06 secs] 
3272.674: [GC [PSYoungGen: 318399K->20636K(325440K)] 942348K->650796K(1024512K), 0.0558690 secs] [Times: user=0.15 sys=0.00, real=0.06 secs] 
3273.150: [GC [PSYoungGen: 323669K->20708K(323776K)] 953829K->658531K(1022848K), 0.0722890 secs] [Times: user=0.15 sys=0.00, real=0.07 secs] 
3273.541: [GC [PSYoungGen: 323748K->17969K(326080K)] 961571K->663292K(1025152K), 0.0724220 secs] [Times: user=0.15 sys=0.00, real=0.07 secs] 
3273.943: [GC [PSYoungGen: 320113K->15309K(325568K)] 965436K->664145K(1024640K), 0.0497430 secs] [Times: user=0.12 sys=0.00, real=0.05 secs] 
3274.503: [GC [PSYoungGen: 317453K->19848K(325632K)] 966289K->674500K(1024704K), 0.0777500 secs] [Times: user=0.13 sys=0.00, real=0.08 secs] 
3274.946: [GC [PSYoungGen: 322248K->20191K(322624K)] 976900K->682691K(1021696K), 0.0628580 secs] [Times: user=0.15 sys=0.00, real=0.07 secs] 
3275.367: [GC [PSYoungGen: 322591K->18874K(325824K)] 985091K->686726K(1024896K), 0.0659720 secs] [Times: user=0.13 sys=0.00, real=0.07 secs] 
3275.820: [GC [PSYoungGen: 320762K->16368K(325568K)] 988614K->689479K(1024640K), 0.0633650 secs] [Times: user=0.14 sys=0.00, real=0.06 secs] 
3276.195: [GC [PSYoungGen: 318256K->16242K(326400K)] 991367K->694630K(1025472K), 0.0562080 secs] [Times: user=0.14 sys=0.00, real=0.06 secs] 
3276.597: [GC [PSYoungGen: 319282K->15408K(326144K)] 997670K->700756K(1025216K), 0.0595230 secs] [Times: user=0.13 sys=0.00, real=0.06 secs] 
3277.035: [GC [PSYoungGen: 318448K->17771K(326976K)] 1003796K->709415K(1026048K), 0.0562330 secs] [Times: user=0.14 sys=0.00, real=0.06 secs] 
3277.091: [Full GC [PSYoungGen: 17771K->0K(326976K)] [PSOldGen: 691644K->417595K(699072K)] 709415K->417595K(1026048K) [PSPermGen: 91616K->91616K(262144K)], 2.1974490 secs] [Times: user=2.16 sys=0.03, real=2.19 secs] 
3279.611: [GC [PSYoungGen: 304000K->21188K(325248K)] 721595K->438784K(1024320K), 0.0680380 secs] [Times: user=0.12 sys=0.01, real=0.06 secs] 
3280.058: [GC [PSYoungGen: 325188K->15699K(326272K)] 742784K->441884K(1025344K), 0.0544090 secs] [Times: user=0.14 sys=0.00, real=0.06 secs] 
3280.518: [GC [PSYoungGen: 318547K->11775K(314624K)] 744732K->442778K(1013696K), 0.0450990 secs] [Times: user=0.10 sys=0.00, real=0.05 secs] 
3280.932: [GC [PSYoungGen: 314623K->16911K(326464K)] 745626K->453185K(1025536K), 0.0427790 secs] [Times: user=0.12 sys=0.00, real=0.04 secs] 
3281.343: [GC [PSYoungGen: 319695K->14418K(325824K)] 755969K->461576K(1024896K), 0.0482390 secs] [Times: user=0.14 sys=0.00, real=0.05 secs] 
3281.739: [GC [PSYoungGen: 317202K->16443K(327168K)] 764360K->468826K(1026240K), 0.0974080 secs] [Times: user=0.12 sys=0.00, real=0.10 secs] 
3282.232: [GC [PSYoungGen: 320763K->16192K(326656K)] 773146K->473484K(1025728K), 0.0677830 secs] [Times: user=0.12 sys=0.00, real=0.06 secs] 
3282.790: [GC [PSYoungGen: 320512K->16656K(328128K)] 777804K->478246K(1027200K), 0.0687860 secs] [Times: user=0.12 sys=0.01, real=0.07 secs] 
3283.263: [GC [PSYoungGen: 322896K->20572K(326848K)] 784486K->488916K(1025920K), 0.0827370 secs] [Times: user=0.15 sys=0.02, real=0.08 secs] 
3283.609: [GC [PSYoungGen: 326812K->19964K(326144K)] 795156K->498939K(1025216K), 0.0679910 secs] [Times: user=0.16 sys=0.00, real=0.07 secs] 
3284.014: [GC [PSYoungGen: 323772K->16594K(326656K)] 802747K->498462K(1025728K), 0.0652930 secs] [Times: user=0.11 sys=0.00, real=0.06 secs] 
3284.437: [GC [PSYoungGen: 320402K->18502K(327104K)] 802270K->505654K(1026176K), 0.0492680 secs] [Times: user=0.13 sys=0.00, real=0.05 secs] 
3284.828: [GC [PSYoungGen: 323142K->17115K(327040K)] 810294K->512243K(1026112K), 0.0570390 secs] [Times: user=0.13 sys=0.00, real=0.06 secs] 
3285.264: [GC [PSYoungGen: 321755K->16908K(327936K)] 816883K->517528K(1027008K), 0.0501670 secs] [Times: user=0.13 sys=0.00, real=0.05 secs] 
3285.621: [GC [PSYoungGen: 322892K->18801K(327552K)] 823512K->526088K(1026624K), 0.0535770 secs] [Times: user=0.14 sys=0.00, real=0.05 secs] 
3286.036: [GC [PSYoungGen: 324785K->18564K(327808K)] 832072K->534040K(1026880K), 0.0580500 secs] [Times: user=0.16 sys=0.00, real=0.06 secs] 
3286.483: [GC [PSYoungGen: 324676K->16977K(327808K)] 840152K->537412K(1026880K), 0.0653600 secs] [Times: user=0.12 sys=0.00, real=0.06 secs] 
3286.827: [GC [PSYoungGen: 323089K->12666K(327232K)] 843524K->538551K(1026304K), 0.0562310 secs] [Times: user=0.11 sys=0.00, real=0.06 secs] 
3287.269: [GC [PSYoungGen: 318522K->18211K(327680K)] 844407K->548884K(1026752K), 0.0730260 secs] [Times: user=0.12 sys=0.00, real=0.08 secs] 
3287.687: [GC [PSYoungGen: 324067K->19635K(326848K)] 854740K->557056K(1025920K), 0.0577780 secs] [Times: user=0.14 sys=0.00, real=0.06 secs] 
3288.050: [GC [PSYoungGen: 324723K->18806K(323904K)] 862144K->566392K(1022976K), 0.0590330 secs] [Times: user=0.15 sys=0.01, real=0.06 secs] 
3288.455: [GC [PSYoungGen: 323894K->18950K(327104K)] 871480K->571045K(1026176K), 0.0562950 secs] [Times: user=0.13 sys=0.01, real=0.05 secs] 
3288.851: [GC [PSYoungGen: 323782K->17178K(327168K)] 875877K->576244K(1026240K), 0.0787290 secs] [Times: user=0.13 sys=0.01, real=0.08 secs] 
3289.333: [GC [PSYoungGen: 322010K->18297K(327744K)] 881076K->583456K(1026816K), 0.0468800 secs] [Times: user=0.14 sys=0.01, real=0.04 secs] 
3289.749: [GC [PSYoungGen: 324085K->15933K(327552K)] 889244K->588767K(1026624K), 0.0494140 secs] [Times: user=0.13 sys=0.00, real=0.05 secs] 
3290.281: [GC [PSYoungGen: 321725K->16870K(328128K)] 894559K->595794K(1027200K), 0.0810630 secs] [Times: user=0.13 sys=0.01, real=0.09 secs] 
3290.683: [GC [PSYoungGen: 323302K->21372K(327808K)] 902226K->604690K(1026880K), 0.0689620 secs] [Times: user=0.13 sys=0.00, real=0.07 secs] 
3291.061: [GC [PSYoungGen: 327804K->16049K(323456K)] 911122K->607698K(1022528K), 0.0594950 secs] [Times: user=0.12 sys=0.00, real=0.05 secs] 
3291.395: [GC [PSYoungGen: 317809K->14541K(325632K)] 909458K->612271K(1024704K), 0.0615270 secs] [Times: user=0.12 sys=0.01, real=0.06 secs] 
3291.855: [GC [PSYoungGen: 316301K->17110K(326144K)] 914031K->621932K(1025216K), 0.0576290 secs] [Times: user=0.14 sys=0.00, real=0.06 secs] 
3292.288: [GC [PSYoungGen: 319382K->16020K(325632K)] 924204K->628313K(1024704K), 0.0670480 secs] [Times: user=0.13 sys=0.00, real=0.07 secs] 
3292.680: [GC [PSYoungGen: 318292K->16405K(326784K)] 930585K->633406K(1025856K), 0.0545910 secs] [Times: user=0.13 sys=0.00, real=0.06 secs] 
3293.133: [GC [PSYoungGen: 320085K->15311K(326400K)] 937086K->639621K(1025472K), 0.0598840 secs] [Times: user=0.12 sys=0.01, real=0.06 secs] 
3293.527: [GC [PSYoungGen: 318991K->17402K(327424K)] 943301K->649252K(1026496K), 0.0529880 secs] [Times: user=0.14 sys=0.01, real=0.05 secs] 
3293.944: [GC [PSYoungGen: 322298K->13772K(326976K)] 954148K->652553K(1026048K), 0.0638380 secs] [Times: user=0.13 sys=0.00, real=0.06 secs] 
3294.393: [GC [PSYoungGen: 318657K->13818K(327360K)] 957438K->657619K(1026432K), 0.0444410 secs] [Times: user=0.13 sys=0.00, real=0.04 secs] 
3294.874: [GC [PSYoungGen: 318970K->19604K(324800K)] 962771K->668058K(1023872K), 0.0490480 secs] [Times: user=0.12 sys=0.00, real=0.05 secs] 
3295.217: [GC [PSYoungGen: 324743K->19358K(326016K)] 973197K->677008K(1025088K), 0.0703780 secs] [Times: user=0.16 sys=0.00, real=0.07 secs] 
3295.681: [GC [PSYoungGen: 322654K->14491K(326400K)] 980304K->678002K(1025472K), 0.0566600 secs] [Times: user=0.12 sys=0.00, real=0.06 secs] 
3296.123: [GC [PSYoungGen: 317785K->15768K(326976K)] 981296K->682826K(1026048K), 0.0494410 secs] [Times: user=0.13 sys=0.00, real=0.05 secs] 
3296.436: [GC [PSYoungGen: 319832K->20370K(324480K)] 986890K->695381K(1023552K), 0.0434110 secs] [Times: user=0.14 sys=0.00, real=0.04 secs] 
3296.829: [GC [PSYoungGen: 324434K->19163K(325952K)] 999445K->701492K(1025024K), 0.0725010 secs] [Times: user=0.16 sys=0.00, real=0.07 secs] 
3297.292: [GC [PSYoungGen: 321819K->19758K(322432K)] 1004148K->707628K(1021504K), 0.0941620 secs] [Times: user=0.14 sys=0.00, real=0.09 secs] 
3297.731: [GC [PSYoungGen: 322414K->15906K(326144K)] 1010284K->712234K(1025216K), 0.0502010 secs] [Times: user=0.14 sys=0.00, real=0.05 secs] 
3297.781: [Full GC [PSYoungGen: 15906K->0K(326144K)] [PSOldGen: 696328K->413034K(699072K)] 712234K->413034K(1025216K) [PSPermGen: 91630K->91630K(262144K)], 2.1270990 secs] [Times: user=2.12 sys=0.00, real=2.13 secs] 
3300.368: [GC [PSYoungGen: 302400K->16154K(325760K)] 715434K->429189K(1024832K), 0.0529910 secs] [Times: user=0.10 sys=0.00, real=0.05 secs] 
3300.786: [GC [PSYoungGen: 318554K->18340K(326656K)] 731589K->440521K(1025728K), 0.0617480 secs] [Times: user=0.16 sys=0.00, real=0.06 secs] 
3301.226: [GC [PSYoungGen: 322014K->14755K(326528K)] 744195K->444818K(1025600K), 0.0634850 secs] [Times: user=0.13 sys=0.00, real=0.06 secs] 
3301.674: [GC [PSYoungGen: 318435K->12549K(326272K)] 748498K->446517K(1025344K), 0.0551280 secs] [Times: user=0.11 sys=0.00, real=0.05 secs] 
3302.035: [GC [PSYoungGen: 316101K->16939K(326528K)] 750069K->457163K(1025600K), 0.0458100 secs] [Times: user=0.13 sys=0.01, real=0.04 secs] 
3302.471: [GC [PSYoungGen: 320491K->14862K(327360K)] 760715K->464814K(1026432K), 0.0540520 secs] [Times: user=0.14 sys=0.00, real=0.06 secs] 
3302.905: [GC [PSYoungGen: 319822K->18695K(327104K)] 769774K->474553K(1026176K), 0.0386540 secs] [Times: user=0.13 sys=0.00, real=0.04 secs] 
3303.260: [GC [PSYoungGen: 323655K->18304K(326976K)] 779513K->482483K(1026048K), 0.0572750 secs] [Times: user=0.15 sys=0.01, real=0.06 secs] 
3303.651: [GC [PSYoungGen: 322880K->17126K(327040K)] 787059K->489865K(1026112K), 0.0524930 secs] [Times: user=0.14 sys=0.00, real=0.06 secs] 
3304.016: [GC [PSYoungGen: 321702K->13376K(327296K)] 794441K->492500K(1026368K), 0.0652530 secs] [Times: user=0.11 sys=0.00, real=0.06 secs] 
3304.465: [GC [PSYoungGen: 318720K->16003K(327424K)] 797844K->498187K(1026496K), 0.0566220 secs] [Times: user=0.11 sys=0.00, real=0.05 secs] 
3304.858: [GC [PSYoungGen: 321347K->17057K(328192K)] 803531K->507105K(1027264K), 0.0826350 secs] [Times: user=0.13 sys=0.00, real=0.08 secs] 
3305.300: [GC [PSYoungGen: 323617K->16474K(327872K)] 813665K->514077K(1026944K), 0.0715290 secs] [Times: user=0.13 sys=0.00, real=0.07 secs] 
3305.723: [GC [PSYoungGen: 323034K->15064K(328832K)] 820637K->516581K(1027904K), 0.0511800 secs] [Times: user=0.12 sys=0.00, real=0.05 secs] 
3306.107: [GC [PSYoungGen: 323032K->19051K(327040K)] 824549K->526810K(1026112K), 0.0749660 secs] [Times: user=0.13 sys=0.00, real=0.07 secs] 
3306.639: [GC [PSYoungGen: 327019K->20497K(326336K)] 834778K->538497K(1025408K), 0.0595010 secs] [Times: user=0.15 sys=0.00, real=0.06 secs] 
3307.004: [GC [PSYoungGen: 325585K->17962K(327296K)] 843585K->543856K(1026368K), 0.0546490 secs] [Times: user=0.14 sys=0.01, real=0.05 secs] 
3307.435: [GC [PSYoungGen: 323050K->18692K(327232K)] 848944K->548527K(1026304K), 0.0536260 secs] [Times: user=0.15 sys=0.00, real=0.05 secs] 
3307.872: [GC [PSYoungGen: 323908K->15416K(327360K)] 853743K->551379K(1026432K), 0.0699970 secs] [Times: user=0.12 sys=0.00, real=0.07 secs] 
3308.342: [GC [PSYoungGen: 320630K->17325K(327936K)] 856593K->557206K(1027008K), 0.0562030 secs] [Times: user=0.12 sys=0.00, real=0.06 secs] 
3308.839: [GC [PSYoungGen: 323304K->20283K(326272K)] 863186K->567563K(1025344K), 0.0709170 secs] [Times: user=0.13 sys=0.00, real=0.07 secs] 
3309.220: [GC [PSYoungGen: 326267K->16842K(327616K)] 873547K->570085K(1026688K), 0.0563660 secs] [Times: user=0.13 sys=0.00, real=0.06 secs] 
3309.581: [GC [PSYoungGen: 322186K->16816K(327232K)] 875429K->575172K(1026304K), 0.0536940 secs] [Times: user=0.13 sys=0.00, real=0.06 secs] 
3309.939: [GC [PSYoungGen: 322160K->17081K(328320K)] 880516K->581891K(1027392K), 0.0852260 secs] [Times: user=0.13 sys=0.00, real=0.09 secs] 
3310.516: [GC [PSYoungGen: 323833K->13882K(327936K)] 888643K->583863K(1027008K), 0.0668790 secs] [Times: user=0.11 sys=0.00, real=0.06 secs] 
3310.923: [GC [PSYoungGen: 320634K->18307K(328000K)] 890615K->592863K(1027072K), 0.0563350 secs] [Times: user=0.12 sys=0.00, real=0.06 secs] 
3311.357: [GC [PSYoungGen: 324931K->15669K(328064K)] 899487K->598993K(1027136K), 0.0763970 secs] [Times: user=0.13 sys=0.00, real=0.07 secs] 
3311.776: [GC [PSYoungGen: 322281K->18736K(327744K)] 905605K->608511K(1026816K), 0.0404660 secs] [Times: user=0.14 sys=0.00, real=0.04 secs] 
3312.217: [GC [PSYoungGen: 325232K->15253K(328000K)] 915007K->614162K(1027072K), 0.0898400 secs] [Times: user=0.15 sys=0.01, real=0.09 secs] 
3312.661: [GC [PSYoungGen: 321749K->18187K(328128K)] 920658K->623054K(1027200K), 0.0692050 secs] [Times: user=0.14 sys=0.00, real=0.07 secs] 
3313.059: [GC [PSYoungGen: 324939K->19855K(326656K)] 929806K->631457K(1025728K), 0.0585180 secs] [Times: user=0.15 sys=0.00, real=0.06 secs] 
3313.448: [GC [PSYoungGen: 326607K->16474K(327808K)] 938209K->633855K(1026880K), 0.0577390 secs] [Times: user=0.15 sys=0.00, real=0.06 secs] 
3313.913: [GC [PSYoungGen: 322266K->14662K(327488K)] 939647K->637604K(1026560K), 0.0369980 secs] [Times: user=0.12 sys=0.00, real=0.04 secs] 
3314.317: [GC [PSYoungGen: 320454K->12996K(327424K)] 943396K->639439K(1026496K), 0.0391830 secs] [Times: user=0.10 sys=0.00, real=0.04 secs] 
3314.659: [GC [PSYoungGen: 318724K->15028K(327616K)] 945167K->645965K(1026688K), 0.0520350 secs] [Times: user=0.12 sys=0.00, real=0.05 secs] 
3315.054: [GC [PSYoungGen: 320756K->17220K(328128K)] 951693K->656498K(1027200K), 0.0688890 secs] [Times: user=0.14 sys=0.00, real=0.07 secs] 
3315.502: [GC [PSYoungGen: 323716K->17404K(327872K)] 962994K->663014K(1026944K), 0.0626810 secs] [Times: user=0.13 sys=0.00, real=0.06 secs] 
3315.888: [GC [PSYoungGen: 323900K->15247K(328512K)] 969510K->666601K(1027584K), 0.0510230 secs] [Times: user=0.14 sys=0.00, real=0.05 secs] 
3316.300: [GC [PSYoungGen: 322511K->16078K(328256K)] 973865K->672645K(1027328K), 0.0592890 secs] [Times: user=0.13 sys=0.00, real=0.06 secs] 
3316.789: [GC [PSYoungGen: 323342K->20596K(320832K)] 979909K->684907K(1019904K), 0.0641900 secs] [Times: user=0.16 sys=0.00, real=0.06 secs] 
3317.220: [GC [PSYoungGen: 320820K->15714K(324864K)] 985131K->687292K(1023936K), 0.0477820 secs] [Times: user=0.14 sys=0.00, real=0.05 secs] 
3317.633: [GC [PSYoungGen: 315938K->17009K(325888K)] 987516K->694583K(1024960K), 0.0488680 secs] [Times: user=0.13 sys=0.00, real=0.05 secs] 
3318.085: [GC [PSYoungGen: 318641K->16153K(325248K)] 996215K->698594K(1024320K), 0.0499500 secs] [Times: user=0.13 sys=0.00, real=0.05 secs] 
3318.481: [GC [PSYoungGen: 317785K->15717K(326592K)] 1000226K->702658K(1025664K), 0.0550190 secs] [Times: user=0.12 sys=0.00, real=0.06 secs] 
3318.868: [GC [PSYoungGen: 319077K->18564K(326272K)] 1006018K->711397K(1025344K), 0.0486750 secs] [Times: user=0.13 sys=0.00, real=0.05 secs] 
3318.917: [Full GC [PSYoungGen: 18564K->0K(326272K)] [PSOldGen: 692832K->382725K(699072K)] 711397K->382725K(1025344K) [PSPermGen: 91644K->91588K(262144K)], 2.1763790 secs] [Times: user=2.18 sys=0.00, real=2.17 secs] 
3321.468: [GC [PSYoungGen: 303360K->22212K(324096K)] 686085K->404937K(1023168K), 0.0701800 secs] [Times: user=0.13 sys=0.02, real=0.07 secs] 
3321.894: [GC [PSYoungGen: 323460K->16060K(325376K)] 706185K->409603K(1024448K), 0.0673970 secs] [Times: user=0.14 sys=0.00, real=0.07 secs] 
3322.306: [GC [PSYoungGen: 317308K->17192K(326272K)] 710851K->416642K(1025344K), 0.0523540 secs] [Times: user=0.12 sys=0.00, real=0.05 secs] 
3322.683: [GC [PSYoungGen: 319656K->17901K(325696K)] 719106K->423939K(1024768K), 0.0565780 secs] [Times: user=0.13 sys=0.00, real=0.06 secs] 
3323.069: [GC [PSYoungGen: 320365K->16931K(327104K)] 726403K->430351K(1026176K), 0.0551280 secs] [Times: user=0.13 sys=0.00, real=0.05 secs] 
3323.475: [GC [PSYoungGen: 321251K->15768K(326720K)] 734671K->434947K(1025792K), 0.0622880 secs] [Times: user=0.14 sys=0.00, real=0.07 secs] 
3323.836: [GC [PSYoungGen: 320088K->19313K(326784K)] 739267K->445227K(1025856K), 0.0559750 secs] [Times: user=0.13 sys=0.00, real=0.06 secs] 
3324.214: [GC [PSYoungGen: 323889K->17010K(327040K)] 749803K->450682K(1026112K), 0.0500160 secs] [Times: user=0.14 sys=0.00, real=0.05 secs] 
3324.615: [GC [PSYoungGen: 321586K->13947K(327168K)] 755258K->452371K(1026240K), 0.0405620 secs] [Times: user=0.11 sys=0.00, real=0.04 secs] 
3324.998: [GC [PSYoungGen: 319035K->18198K(327296K)] 757459K->461905K(1026368K), 0.0592000 secs] [Times: user=0.13 sys=0.00, real=0.06 secs] 
3325.402: [GC [PSYoungGen: 323286K->12893K(326912K)] 766993K->462999K(1025984K), 0.0398480 secs] [Times: user=0.11 sys=0.00, real=0.04 secs] 
3325.790: [GC [PSYoungGen: 317725K->17730K(327168K)] 767831K->473296K(1026240K), 0.0500210 secs] [Times: user=0.12 sys=0.00, real=0.05 secs] 
3326.233: [GC [PSYoungGen: 322562K->18486K(327232K)] 778128K->481571K(1026304K), 0.0633110 secs] [Times: user=0.15 sys=0.00, real=0.06 secs] 
3326.648: [GC [PSYoungGen: 323574K->19740K(324864K)] 786659K->490106K(1023936K), 0.0592750 secs] [Times: user=0.14 sys=0.00, real=0.06 secs] 
3327.038: [GC [PSYoungGen: 324828K->17997K(327104K)] 795194K->494481K(1026176K), 0.0556540 secs] [Times: user=0.15 sys=0.00, real=0.05 secs] 
3327.484: [GC [PSYoungGen: 322381K->13149K(326784K)] 798865K->495071K(1025856K), 0.0485960 secs] [Times: user=0.12 sys=0.00, real=0.05 secs] 
3327.865: [GC [PSYoungGen: 317533K->20403K(325440K)] 799455K->509183K(1024512K), 0.0674330 secs] [Times: user=0.15 sys=0.00, real=0.07 secs] 
3328.248: [GC [PSYoungGen: 323187K->18046K(326144K)] 811967K->513806K(1025216K), 0.0571030 secs] [Times: user=0.13 sys=0.00, real=0.05 secs] 
3328.633: [GC [PSYoungGen: 320830K->18265K(326720K)] 816590K->519263K(1025792K), 0.0552220 secs] [Times: user=0.13 sys=0.00, real=0.06 secs] 
3328.967: [GC [PSYoungGen: 321945K->18661K(326464K)] 822943K->527708K(1025536K), 0.0581350 secs] [Times: user=0.14 sys=0.00, real=0.05 secs] 
3329.399: [GC [PSYoungGen: 322341K->16561K(327168K)] 831388K->531446K(1026240K), 0.0598510 secs] [Times: user=0.12 sys=0.01, real=0.06 secs] 
3329.853: [GC [PSYoungGen: 321009K->17378K(326784K)] 835894K->535996K(1025856K), 0.0462240 secs] [Times: user=0.13 sys=0.00, real=0.05 secs] 
3331.056: [GC [PSYoungGen: 321822K->15359K(327680K)] 840440K->540186K(1026752K), 0.0422040 secs] [Times: user=0.12 sys=0.00, real=0.05 secs] 
3331.483: [GC [PSYoungGen: 321151K->16715K(327616K)] 845978K->547880K(1026688K), 0.0677130 secs] [Times: user=0.12 sys=0.00, real=0.07 secs] 
3331.916: [GC [PSYoungGen: 322507K->19357K(327296K)] 853672K->557624K(1026368K), 0.0712810 secs] [Times: user=0.15 sys=0.01, real=0.07 secs] 
3332.336: [GC [PSYoungGen: 325209K->16460K(327680K)] 863475K->560739K(1026752K), 0.0507320 secs] [Times: user=0.13 sys=0.00, real=0.06 secs] 
3332.844: [GC [PSYoungGen: 322315K->16339K(328192K)] 866595K->564824K(1027264K), 0.0674690 secs] [Times: user=0.11 sys=0.00, real=0.07 secs] 
3333.254: [GC [PSYoungGen: 322963K->19009K(327936K)] 871448K->573610K(1027008K), 0.0662470 secs] [Times: user=0.14 sys=0.01, real=0.07 secs] 
3333.698: [GC [PSYoungGen: 325619K->21203K(326016K)] 880220K->583448K(1025088K), 0.0647500 secs] [Times: user=0.16 sys=0.00, real=0.06 secs] 
3334.096: [GC [PSYoungGen: 325651K->16147K(326976K)] 887896K->583493K(1026048K), 0.0445360 secs] [Times: user=0.13 sys=0.00, real=0.05 secs] 
3334.569: [GC [PSYoungGen: 320595K->16371K(327424K)] 887941K->587574K(1026496K), 0.0671950 secs] [Times: user=0.12 sys=0.00, real=0.06 secs] 
3335.160: [GC [PSYoungGen: 321459K->14618K(327168K)] 892662K->592342K(1026240K), 0.0690030 secs] [Times: user=0.11 sys=0.00, real=0.07 secs] 
3335.648: [GC [PSYoungGen: 319706K->16878K(327808K)] 897430K->600346K(1026880K), 0.0534900 secs] [Times: user=0.14 sys=0.00, real=0.06 secs] 
3336.050: [GC [PSYoungGen: 322542K->21688K(327360K)] 906010K->613285K(1026432K), 0.0569850 secs] [Times: user=0.15 sys=0.00, real=0.05 secs] 
3336.446: [GC [PSYoungGen: 327352K->19575K(320448K)] 918949K->619852K(1019520K), 0.0654790 secs] [Times: user=0.15 sys=0.00, real=0.07 secs] 
3336.899: [GC [PSYoungGen: 317879K->16393K(323904K)] 918156K->622978K(1022976K), 0.0764450 secs] [Times: user=0.15 sys=0.01, real=0.07 secs] 
3337.297: [GC [PSYoungGen: 314697K->15396K(324416K)] 921282K->628066K(1023488K), 0.0574330 secs] [Times: user=0.13 sys=0.00, real=0.06 secs] 
3337.720: [GC [PSYoungGen: 314532K->17534K(324224K)] 927202K->634338K(1023296K), 0.0552440 secs] [Times: user=0.13 sys=0.00, real=0.05 secs] 
3338.164: [GC [PSYoungGen: 316670K->17027K(325504K)] 933474K->642562K(1024576K), 0.0520800 secs] [Times: user=0.14 sys=0.00, real=0.05 secs] 
3338.561: [GC [PSYoungGen: 318083K->17777K(325056K)] 943618K->650010K(1024128K), 0.0508250 secs] [Times: user=0.13 sys=0.00, real=0.05 secs] 
3339.008: [GC [PSYoungGen: 318833K->16905K(326464K)] 951066K->654227K(1025536K), 0.0439470 secs] [Times: user=0.13 sys=0.00, real=0.05 secs] 
3339.376: [GC [PSYoungGen: 319945K->13850K(326080K)] 957267K->657111K(1025152K), 0.0463270 secs] [Times: user=0.12 sys=0.01, real=0.05 secs] 
3339.816: [GC [PSYoungGen: 316890K->16587K(326784K)] 960151K->666117K(1025856K), 0.0619690 secs] [Times: user=0.13 sys=0.00, real=0.06 secs] 
3340.238: [GC [PSYoungGen: 320203K->15017K(326336K)] 969733K->669835K(1025408K), 0.0506210 secs] [Times: user=0.11 sys=0.00, real=0.06 secs] 
3340.579: [GC [PSYoungGen: 318633K->21809K(324480K)] 973451K->684019K(1023552K), 0.0499310 secs] [Times: user=0.16 sys=0.00, real=0.05 secs] 
3340.956: [GC [PSYoungGen: 323697K->18476K(325696K)] 985907K->690985K(1024768K), 0.0660610 secs] [Times: user=0.16 sys=0.00, real=0.07 secs] 
3341.355: [GC [PSYoungGen: 320364K->19007K(326080K)] 992873K->695578K(1025152K), 0.0776620 secs] [Times: user=0.13 sys=0.00, real=0.08 secs] 
3341.800: [GC [PSYoungGen: 321583K->17693K(326016K)] 998154K->699178K(1025088K), 0.0522230 secs] [Times: user=0.13 sys=0.00, real=0.05 secs] 
3342.246: [GC [PSYoungGen: 320285K->18174K(326976K)] 1001770K->706574K(1026048K), 0.0762740 secs] [Times: user=0.15 sys=0.01, real=0.08 secs] 
3342.771: [GC [PSYoungGen: 322302K->15700K(326656K)] 1010702K->709578K(1025728K), 0.0507620 secs] [Times: user=0.13 sys=0.00, real=0.05 secs] 
3342.822: [Full GC [PSYoungGen: 15700K->0K(326656K)] [PSOldGen: 693878K->420231K(699072K)] 709578K->420231K(1025728K) [PSPermGen: 91605K->91605K(262144K)], 2.1630840 secs] [Times: user=2.15 sys=0.01, real=2.16 secs] 
3345.364: [GC [PSYoungGen: 304128K->21630K(325056K)] 724359K->441862K(1024128K), 0.0500410 secs] [Times: user=0.13 sys=0.00, real=0.05 secs] 
3345.788: [GC [PSYoungGen: 324286K->20016K(322688K)] 744518K->450972K(1021760K), 0.0661260 secs] [Times: user=0.16 sys=0.00, real=0.07 secs] 
3346.262: [GC [PSYoungGen: 322672K->17640K(326336K)] 753628K->455802K(1025408K), 0.0721230 secs] [Times: user=0.13 sys=0.00, real=0.07 secs] 
3346.708: [GC [PSYoungGen: 320360K->15245K(325888K)] 758522K->457853K(1024960K), 0.0426340 secs] [Times: user=0.12 sys=0.00, real=0.05 secs] 
3347.129: [GC [PSYoungGen: 317965K->19050K(326400K)] 760573K->467628K(1025472K), 0.0532900 secs] [Times: user=0.13 sys=0.00, real=0.06 secs] 
3347.483: [GC [PSYoungGen: 322282K->15119K(326336K)] 770860K->472617K(1025408K), 0.0513480 secs] [Times: user=0.14 sys=0.00, real=0.05 secs] 
3347.877: [GC [PSYoungGen: 318351K->12684K(325824K)] 775849K->474278K(1024896K), 0.0448980 secs] [Times: user=0.11 sys=0.00, real=0.05 secs] 
3348.242: [GC [PSYoungGen: 315468K->18289K(326144K)] 777062K->482736K(1025216K), 0.0482120 secs] [Times: user=0.11 sys=0.00, real=0.04 secs] 
3348.690: [GC [PSYoungGen: 321073K->17784K(326720K)] 785520K->488778K(1025792K), 0.0465040 secs] [Times: user=0.13 sys=0.00, real=0.05 secs] 
3349.089: [GC [PSYoungGen: 321336K->16597K(326336K)] 792330K->495123K(1025408K), 0.0545590 secs] [Times: user=0.13 sys=0.00, real=0.06 secs] 
3349.467: [GC [PSYoungGen: 320149K->18642K(327168K)] 798675K->501265K(1026240K), 0.0451680 secs] [Times: user=0.13 sys=0.00, real=0.05 secs] 
3349.978: [GC [PSYoungGen: 323474K->15025K(327168K)] 806097K->502697K(1026240K), 0.0619910 secs] [Times: user=0.11 sys=0.00, real=0.06 secs] 
3350.436: [GC [PSYoungGen: 319857K->19404K(326592K)] 807529K->511413K(1025664K), 0.0388360 secs] [Times: user=0.13 sys=0.00, real=0.04 secs] 
3350.785: [GC [PSYoungGen: 323724K->11865K(316224K)] 815733K->515873K(1015296K), 0.0422850 secs] [Times: user=0.13 sys=0.00, real=0.04 secs] 
3351.154: [GC [PSYoungGen: 316185K->14572K(326720K)] 820193K->523019K(1025792K), 0.0409790 secs] [Times: user=0.12 sys=0.00, real=0.04 secs] 
3351.561: [GC [PSYoungGen: 318252K->18596K(326464K)] 826699K->532966K(1025536K), 0.0663120 secs] [Times: user=0.12 sys=0.01, real=0.06 secs] 
3351.947: [GC [PSYoungGen: 322276K->17919K(326784K)] 836646K->539765K(1025856K), 0.0482320 secs] [Times: user=0.14 sys=0.00, real=0.05 secs] 
3352.506: [GC [PSYoungGen: 321791K->14863K(326592K)] 843637K->544174K(1025664K), 0.0626010 secs] [Times: user=0.17 sys=0.00, real=0.06 secs] 
3352.921: [GC [PSYoungGen: 318735K->20043K(325632K)] 848046K->556336K(1024704K), 0.0688060 secs] [Times: user=0.14 sys=0.00, real=0.07 secs] 
3353.346: [GC [PSYoungGen: 323211K->17063K(326336K)] 859504K->560767K(1025408K), 0.0522190 secs] [Times: user=0.13 sys=0.00, real=0.05 secs] 
3353.760: [GC [PSYoungGen: 320231K->18913K(326720K)] 863935K->568444K(1025792K), 0.0678160 secs] [Times: user=0.13 sys=0.00, real=0.07 secs] 
3354.254: [GC [PSYoungGen: 323105K->17376K(326848K)] 872636K->574361K(1025920K), 0.0528020 secs] [Times: user=0.13 sys=0.01, real=0.05 secs] 
3354.657: [GC [PSYoungGen: 321568K->14502K(327360K)] 878553K->576236K(1026432K), 0.0511560 secs] [Times: user=0.11 sys=0.00, real=0.05 secs] 
3355.063: [GC [PSYoungGen: 319654K->10322K(315520K)] 881388K->575421K(1014592K), 0.0580430 secs] [Times: user=0.10 sys=0.00, real=0.05 secs] 
3355.505: [GC [PSYoungGen: 315474K->20310K(325056K)] 880573K->588753K(1024128K), 0.0793130 secs] [Times: user=0.12 sys=0.00, real=0.08 secs] 
3355.940: [GC [PSYoungGen: 322582K->17587K(325888K)] 891025K->598468K(1024960K), 0.0516610 secs] [Times: user=0.16 sys=0.01, real=0.06 secs] 
3356.374: [GC [PSYoungGen: 319853K->16304K(326784K)] 900734K->603408K(1025856K), 0.0476950 secs] [Times: user=0.13 sys=0.00, real=0.05 secs] 
3356.751: [GC [PSYoungGen: 319856K->16474K(326272K)] 906960K->609683K(1025344K), 0.0481540 secs] [Times: user=0.13 sys=0.00, real=0.05 secs] 
3357.122: [GC [PSYoungGen: 320026K->17068K(327744K)] 913235K->616716K(1026816K), 0.0469160 secs] [Times: user=0.12 sys=0.00, real=0.04 secs] 
3357.549: [GC [PSYoungGen: 322668K->16868K(327360K)] 922316K->623265K(1026432K), 0.0438540 secs] [Times: user=0.13 sys=0.00, real=0.05 secs] 
3357.895: [GC [PSYoungGen: 322468K->14767K(328320K)] 928865K->626214K(1027392K), 0.0551860 secs] [Times: user=0.13 sys=0.00, real=0.05 secs] 
3358.267: [GC [PSYoungGen: 321775K->14666K(328192K)] 933222K->632167K(1027264K), 0.0519990 secs] [Times: user=0.13 sys=0.01, real=0.05 secs] 
3358.759: [GC [PSYoungGen: 321674K->10492K(327424K)] 939175K->633738K(1026496K), 0.0820800 secs] [Times: user=0.10 sys=0.00, real=0.09 secs] 
3359.162: [GC [PSYoungGen: 316860K->16004K(327936K)] 940106K->642681K(1027008K), 0.0350920 secs] [Times: user=0.12 sys=0.00, real=0.04 secs] 
3359.707: [GC [PSYoungGen: 322372K->20506K(326016K)] 949049K->654279K(1025088K), 0.0550880 secs] [Times: user=0.15 sys=0.00, real=0.06 secs] 
3360.064: [GC [PSYoungGen: 325466K->19483K(324480K)] 959239K->661295K(1023552K), 0.0542010 secs] [Times: user=0.15 sys=0.00, real=0.05 secs] 
3360.444: [GC [PSYoungGen: 324437K->19021K(326080K)] 966249K->667632K(1025152K), 0.0530450 secs] [Times: user=0.14 sys=0.00, real=0.05 secs] 
3360.884: [GC [PSYoungGen: 322189K->15586K(326336K)] 970800K->670361K(1025408K), 0.0406490 secs] [Times: user=0.12 sys=0.00, real=0.04 secs] 
3361.236: [GC [PSYoungGen: 318754K->18167K(326848K)] 973529K->678979K(1025920K), 0.0583700 secs] [Times: user=0.13 sys=0.01, real=0.06 secs] 
3361.644: [GC [PSYoungGen: 322295K->14103K(326784K)] 983107K->680247K(1025856K), 0.0633010 secs] [Times: user=0.11 sys=0.01, real=0.06 secs] 
3362.066: [GC [PSYoungGen: 318231K->19131K(326272K)] 984375K->691060K(1025344K), 0.0650480 secs] [Times: user=0.15 sys=0.00, real=0.06 secs] 
3362.431: [GC [PSYoungGen: 322811K->16895K(326592K)] 994740K->697582K(1025664K), 0.0520960 secs] [Times: user=0.14 sys=0.00, real=0.06 secs] 
3362.802: [GC [PSYoungGen: 320575K->19554K(326272K)] 1001262K->707863K(1025344K), 0.0625660 secs] [Times: user=0.15 sys=0.00, real=0.06 secs] 
3363.148: [GC [PSYoungGen: 323490K->19426K(323392K)] 1011799K->715096K(1022464K), 0.0527830 secs] [Times: user=0.14 sys=0.00, real=0.05 secs] 
3363.201: [Full GC [PSYoungGen: 19426K->0K(323392K)] [PSOldGen: 695669K->416363K(699072K)] 715096K->416363K(1022464K) [PSPermGen: 91618K->91618K(262144K)], 2.1248300 secs] [Times: user=2.13 sys=0.00, real=2.13 secs] 
3365.638: [GC [PSYoungGen: 303936K->21031K(324864K)] 720299K->437394K(1023936K), 0.0479170 secs] [Times: user=0.11 sys=0.00, real=0.05 secs] 
3366.066: [GC [PSYoungGen: 322791K->16207K(325632K)] 739154K->443192K(1024704K), 0.0510220 secs] [Times: user=0.14 sys=0.00, real=0.05 secs] 
3366.410: [GC [PSYoungGen: 317967K->18556K(326208K)] 744952K->451454K(1025280K), 0.0740790 secs] [Times: user=0.13 sys=0.00, real=0.08 secs] 
3366.906: [GC [PSYoungGen: 321276K->18093K(326016K)] 754174K->457733K(1025088K), 0.0674600 secs] [Times: user=0.13 sys=0.00, real=0.07 secs] 
3367.320: [GC [PSYoungGen: 320813K->13187K(326080K)] 760453K->458713K(1025152K), 0.0923640 secs] [Times: user=0.12 sys=0.00, real=0.09 secs] 
3367.703: [GC [PSYoungGen: 316355K->22657K(325888K)] 761881K->472925K(1024960K), 0.0615060 secs] [Times: user=0.13 sys=0.01, real=0.07 secs] 
3368.133: [GC [PSYoungGen: 325825K->15324K(324480K)] 776093K->477020K(1023552K), 0.0488530 secs] [Times: user=0.13 sys=0.00, real=0.05 secs] 
3368.575: [GC [PSYoungGen: 316188K->15768K(325184K)] 777884K->481616K(1024256K), 0.0466030 secs] [Times: user=0.12 sys=0.01, real=0.04 secs] 
3368.946: [GC [PSYoungGen: 316632K->18994K(325632K)] 782480K->489668K(1024704K), 0.0524280 secs] [Times: user=0.15 sys=0.00, real=0.05 secs] 
3369.334: [GC [PSYoungGen: 320690K->15634K(325568K)] 791364K->493946K(1024640K), 0.0502210 secs] [Times: user=0.12 sys=0.00, real=0.05 secs] 
3369.812: [GC [PSYoungGen: 317330K->17074K(326528K)] 795642K->501209K(1025600K), 0.0541470 secs] [Times: user=0.13 sys=0.00, real=0.06 secs] 
3370.275: [GC [PSYoungGen: 320050K->16169K(325952K)] 804185K->505757K(1025024K), 0.0843210 secs] [Times: user=0.14 sys=0.01, real=0.08 secs] 
3370.814: [GC [PSYoungGen: 319145K->16766K(327360K)] 808733K->512580K(1026432K), 0.0625200 secs] [Times: user=0.14 sys=0.01, real=0.06 secs] 
3371.195: [GC [PSYoungGen: 321470K->15821K(326848K)] 817284K->515210K(1025920K), 0.0761750 secs] [Times: user=0.11 sys=0.01, real=0.07 secs] 
3371.643: [GC [PSYoungGen: 320525K->14294K(327616K)] 819914K->520681K(1026688K), 0.0610460 secs] [Times: user=0.12 sys=0.00, real=0.07 secs] 
3372.108: [GC [PSYoungGen: 320022K->17797K(327616K)] 826409K->530583K(1026688K), 0.0660430 secs] [Times: user=0.13 sys=0.00, real=0.06 secs] 
3372.493: [GC [PSYoungGen: 323525K->21323K(325440K)] 836311K->542296K(1024512K), 0.0802590 secs] [Times: user=0.15 sys=0.00, real=0.08 secs] 
3372.978: [GC [PSYoungGen: 325003K->14461K(326592K)] 845976K->540224K(1025664K), 0.0349530 secs] [Times: user=0.12 sys=0.00, real=0.03 secs] 
3373.332: [GC [PSYoungGen: 318141K->17451K(327104K)] 843904K->548222K(1026176K), 0.0400640 secs] [Times: user=0.12 sys=0.00, real=0.04 secs] 
3373.732: [GC [PSYoungGen: 321704K->16660K(326656K)] 852474K->557724K(1025728K), 0.0771800 secs] [Times: user=0.17 sys=0.01, real=0.08 secs] 
3374.149: [GC [PSYoungGen: 320916K->18420K(327424K)] 861980K->565483K(1026496K), 0.0598880 secs] [Times: user=0.14 sys=0.00, real=0.06 secs] 
3374.554: [GC [PSYoungGen: 323892K->18582K(327488K)] 870955K->572416K(1026560K), 0.0512280 secs] [Times: user=0.14 sys=0.00, real=0.05 secs] 
3374.940: [GC [PSYoungGen: 324054K->13408K(327104K)] 877888K->574428K(1026176K), 0.0725780 secs] [Times: user=0.12 sys=0.00, real=0.07 secs] 
3375.352: [GC [PSYoungGen: 318496K->16935K(327296K)] 879516K->584214K(1026368K), 0.0568980 secs] [Times: user=0.13 sys=0.01, real=0.06 secs] 
3375.745: [GC [PSYoungGen: 322023K->15031K(327936K)] 889302K->589567K(1027008K), 0.0720690 secs] [Times: user=0.12 sys=0.01, real=0.07 secs] 
3376.226: [GC [PSYoungGen: 321271K->15755K(327808K)] 895807K->598430K(1026880K), 0.0743290 secs] [Times: user=0.15 sys=0.00, real=0.07 secs] 
3376.652: [GC [PSYoungGen: 321995K->16422K(328704K)] 904670K->604654K(1027776K), 0.0614880 secs] [Times: user=0.15 sys=0.00, real=0.06 secs] 
3377.098: [GC [PSYoungGen: 323878K->19143K(326656K)] 912110K->612457K(1025728K), 0.0705100 secs] [Times: user=0.13 sys=0.01, real=0.07 secs] 
3377.515: [GC [PSYoungGen: 326599K->16460K(328576K)] 919913K->614454K(1027648K), 0.0452480 secs] [Times: user=0.12 sys=0.00, real=0.04 secs] 
3377.984: [GC [PSYoungGen: 323724K->14402K(328192K)] 921718K->617747K(1027264K), 0.0525980 secs] [Times: user=0.12 sys=0.01, real=0.05 secs] 
3378.400: [GC [PSYoungGen: 321666K->14244K(328576K)] 925011K->622876K(1027648K), 0.0505110 secs] [Times: user=0.13 sys=0.00, real=0.05 secs] 
3378.846: [GC [PSYoungGen: 321828K->20926K(328512K)] 930460K->635981K(1027584K), 0.0780350 secs] [Times: user=0.16 sys=0.00, real=0.07 secs] 
3379.287: [GC [PSYoungGen: 328510K->20497K(320576K)] 943565K->646523K(1019648K), 0.0545590 secs] [Times: user=0.15 sys=0.00, real=0.05 secs] 
3379.666: [GC [PSYoungGen: 320081K->19800K(319424K)] 946107K->653118K(1018496K), 0.0692500 secs] [Times: user=0.16 sys=0.00, real=0.06 secs] 
3380.112: [GC [PSYoungGen: 319384K->12415K(324096K)] 952702K->651474K(1023168K), 0.0434380 secs] [Times: user=0.13 sys=0.01, real=0.05 secs] 
3380.490: [GC [PSYoungGen: 311487K->19004K(324288K)] 950546K->662981K(1023360K), 0.0629130 secs] [Times: user=0.15 sys=0.00, real=0.06 secs] 
3380.879: [GC [PSYoungGen: 318076K->17867K(325056K)] 962053K->669778K(1024128K), 0.0648670 secs] [Times: user=0.13 sys=0.00, real=0.06 secs] 
3381.296: [GC [PSYoungGen: 317899K->16231K(324480K)] 969810K->673956K(1023552K), 0.0483590 secs] [Times: user=0.13 sys=0.00, real=0.04 secs] 
3381.742: [GC [PSYoungGen: 316263K->16285K(325952K)] 973988K->679459K(1025024K), 0.0537640 secs] [Times: user=0.13 sys=0.00, real=0.06 secs] 
3382.070: [GC [PSYoungGen: 318237K->20055K(325504K)] 981411K->689972K(1024576K), 0.0524590 secs] [Times: user=0.14 sys=0.00, real=0.05 secs] 
3382.490: [GC [PSYoungGen: 322005K->14588K(325696K)] 991922K->691055K(1024768K), 0.0665630 secs] [Times: user=0.13 sys=0.00, real=0.07 secs] 
3382.831: [GC [PSYoungGen: 316348K->17133K(325568K)] 992815K->697500K(1024640K), 0.0458320 secs] [Times: user=0.13 sys=0.00, real=0.05 secs] 
3383.231: [GC [PSYoungGen: 318893K->20177K(325312K)] 999260K->707079K(1024384K), 0.0543190 secs] [Times: user=0.15 sys=0.01, real=0.05 secs] 
3383.634: [GC [PSYoungGen: 322321K->16312K(325824K)] 1009223K->710268K(1024896K), 0.0773550 secs] [Times: user=0.15 sys=0.01, real=0.08 secs] 
3383.711: [Full GC [PSYoungGen: 16312K->0K(325824K)] [PSOldGen: 693955K->422447K(699072K)] 710268K->422447K(1024896K) [PSPermGen: 91629K->91629K(262144K)], 2.2091980 secs] [Times: user=2.20 sys=0.00, real=2.21 secs] 
3386.207: [GC [PSYoungGen: 302144K->22136K(323904K)] 724591K->444583K(1022976K), 0.0579790 secs] [Times: user=0.14 sys=0.00, real=0.05 secs] 
3386.670: [GC [PSYoungGen: 322729K->17371K(325056K)] 745176K->449020K(1024128K), 0.0434660 secs] [Times: user=0.14 sys=0.00, real=0.04 secs] 
3386.985: [GC [PSYoungGen: 317979K->17467K(326144K)] 749628K->454878K(1025216K), 0.0639450 secs] [Times: user=0.13 sys=0.01, real=0.07 secs] 
3387.491: [GC [PSYoungGen: 319739K->17911K(325632K)] 757150K->463798K(1024704K), 0.0725460 secs] [Times: user=0.14 sys=0.00, real=0.07 secs] 
3387.901: [GC [PSYoungGen: 320183K->15841K(326848K)] 766070K->465598K(1025920K), 0.0434320 secs] [Times: user=0.12 sys=0.00, real=0.04 secs] 
3388.279: [GC [PSYoungGen: 319841K->14524K(326656K)] 769598K->467032K(1025728K), 0.0549730 secs] [Times: user=0.10 sys=0.01, real=0.05 secs] 
3388.751: [GC [PSYoungGen: 318524K->17726K(327168K)] 771032K->477326K(1026240K), 0.0422220 secs] [Times: user=0.12 sys=0.00, real=0.04 secs] 
3389.307: [GC [PSYoungGen: 322174K->19670K(326784K)] 781774K->488590K(1025856K), 0.0716950 secs] [Times: user=0.14 sys=0.00, real=0.07 secs] 
3389.695: [GC [PSYoungGen: 324118K->18608K(326976K)] 793038K->494103K(1026048K), 0.0538300 secs] [Times: user=0.13 sys=0.00, real=0.06 secs] 
3390.126: [GC [PSYoungGen: 322928K->11634K(315968K)] 798423K->493813K(1015040K), 0.0539470 secs] [Times: user=0.11 sys=0.01, real=0.05 secs] 
3390.629: [GC [PSYoungGen: 315954K->16512K(326912K)] 798133K->503516K(1025984K), 0.0344450 secs] [Times: user=0.13 sys=0.00, real=0.03 secs] 
3390.983: [GC [PSYoungGen: 320320K->17249K(326400K)] 807324K->511665K(1025472K), 0.0569750 secs] [Times: user=0.13 sys=0.00, real=0.06 secs] 
3391.484: [GC [PSYoungGen: 321057K->15222K(327552K)] 815473K->516213K(1026624K), 0.0993950 secs] [Times: user=0.13 sys=0.00, real=0.10 secs] 
3391.965: [GC [PSYoungGen: 320630K->21935K(327360K)] 821621K->531439K(1026432K), 0.1039720 secs] [Times: user=0.15 sys=0.01, real=0.11 secs] 
3392.457: [GC [PSYoungGen: 327343K->18270K(320320K)] 836847K->534923K(1019392K), 0.0586030 secs] [Times: user=0.13 sys=0.00, real=0.05 secs] 
3392.912: [GC [PSYoungGen: 316446K->19324K(323840K)] 833099K->542312K(1022912K), 0.0683390 secs] [Times: user=0.13 sys=0.01, real=0.07 secs] 
3393.327: [GC [PSYoungGen: 317500K->15951K(324480K)] 840488K->546300K(1023552K), 0.0877800 secs] [Times: user=0.12 sys=0.01, real=0.09 secs] 
3393.730: [GC [PSYoungGen: 315087K->16790K(324160K)] 845436K->551511K(1023232K), 0.0495600 secs] [Times: user=0.12 sys=0.00, real=0.05 secs] 
3394.136: [GC [PSYoungGen: 315926K->18294K(325504K)] 850647K->559355K(1024576K), 0.0901820 secs] [Times: user=0.13 sys=0.00, real=0.09 secs] 
3394.578: [GC [PSYoungGen: 319222K->20167K(324928K)] 860283K->568415K(1024000K), 0.1006380 secs] [Times: user=0.15 sys=0.00, real=0.10 secs] 
3395.075: [GC [PSYoungGen: 321095K->14450K(325248K)] 869343K->568720K(1024320K), 0.0683070 secs] [Times: user=0.13 sys=0.00, real=0.07 secs] 
3395.518: [GC [PSYoungGen: 315442K->19179K(325248K)] 869712K->578180K(1024320K), 0.0523360 secs] [Times: user=0.14 sys=0.00, real=0.05 secs] 
3396.030: [GC [PSYoungGen: 320171K->16661K(325760K)] 879172K->585022K(1024832K), 0.0803980 secs] [Times: user=0.14 sys=0.00, real=0.08 secs] 
3396.457: [GC [PSYoungGen: 318293K->17109K(325376K)] 886654K->592664K(1024448K), 0.0456360 secs] [Times: user=0.14 sys=0.01, real=0.05 secs] 
3396.928: [GC [PSYoungGen: 318741K->17720K(326784K)] 894296K->599222K(1025856K), 0.0636920 secs] [Times: user=0.15 sys=0.00, real=0.06 secs] 
3397.331: [GC [PSYoungGen: 321208K->20154K(326208K)] 902710K->606722K(1025280K), 0.0635350 secs] [Times: user=0.14 sys=0.01, real=0.06 secs] 
3397.784: [GC [PSYoungGen: 323642K->13487K(325888K)] 910210K->606681K(1024960K), 0.0590490 secs] [Times: user=0.11 sys=0.00, real=0.06 secs] 
3398.308: [GC [PSYoungGen: 316271K->20336K(323136K)] 909465K->617666K(1022208K), 0.0536470 secs] [Times: user=0.14 sys=0.00, real=0.05 secs] 
3398.671: [GC [PSYoungGen: 323120K->16067K(325952K)] 920450K->620912K(1025024K), 0.0643800 secs] [Times: user=0.13 sys=0.01, real=0.06 secs] 
3399.084: [GC [PSYoungGen: 318211K->17349K(325696K)] 923056K->627442K(1024768K), 0.0475190 secs] [Times: user=0.13 sys=0.00, real=0.05 secs] 
3399.504: [GC [PSYoungGen: 319493K->13105K(326016K)] 929586K->632239K(1025088K), 0.0533150 secs] [Times: user=0.14 sys=0.01, real=0.05 secs] 
3399.936: [GC [PSYoungGen: 316145K->15346K(326272K)] 935279K->637996K(1025344K), 0.0459870 secs] [Times: user=0.12 sys=0.00, real=0.05 secs] 
3400.400: [GC [PSYoungGen: 318378K->18407K(326656K)] 941027K->644723K(1025728K), 0.0694600 secs] [Times: user=0.13 sys=0.00, real=0.07 secs] 
3400.904: [GC [PSYoungGen: 322087K->18581K(326528K)] 948403K->653380K(1025600K), 0.0714170 secs] [Times: user=0.14 sys=0.00, real=0.07 secs] 
3401.335: [GC [PSYoungGen: 322261K->13787K(326528K)] 957060K->654383K(1025600K), 0.0531000 secs] [Times: user=0.14 sys=0.01, real=0.06 secs] 
3401.705: [GC [PSYoungGen: 317467K->20467K(324160K)] 958063K->666290K(1023232K), 0.0639080 secs] [Times: user=0.17 sys=0.00, real=0.07 secs] 
3402.185: [GC [PSYoungGen: 324147K->17768K(326336K)] 969970K->673716K(1025408K), 0.0639960 secs] [Times: user=0.15 sys=0.01, real=0.07 secs] 
3402.557: [GC [PSYoungGen: 320488K->17723K(325888K)] 976436K->677861K(1024960K), 0.0585610 secs] [Times: user=0.16 sys=0.00, real=0.06 secs] 
3402.998: [GC [PSYoungGen: 320443K->17895K(327104K)] 980581K->683609K(1026176K), 0.0550190 secs] [Times: user=0.15 sys=0.00, real=0.05 secs] 
3403.449: [GC [PSYoungGen: 322279K->20759K(325184K)] 987993K->694986K(1024256K), 0.0590940 secs] [Times: user=0.17 sys=0.00, real=0.06 secs] 
3403.812: [GC [PSYoungGen: 325143K->17818K(326912K)] 999370K->697519K(1025984K), 0.0554470 secs] [Times: user=0.14 sys=0.00, real=0.05 secs] 
3404.260: [GC [PSYoungGen: 321626K->16264K(326400K)] 1001327K->699405K(1025472K), 0.0596130 secs] [Times: user=0.11 sys=0.00, real=0.06 secs] 
3404.648: [GC [PSYoungGen: 320072K->15593K(327232K)] 1003213K->703580K(1026304K), 0.0415270 secs] [Times: user=0.12 sys=0.00, real=0.04 secs] 
3405.034: [GC [PSYoungGen: 320425K->20613K(325504K)] 1008412K->716363K(1024576K), 0.0601020 secs] [Times: user=0.15 sys=0.00, real=0.06 secs] 
3405.094: [Full GC [PSYoungGen: 20613K->0K(325504K)] [PSOldGen: 695750K->393996K(699072K)] 716363K->393996K(1024576K) [PSPermGen: 91642K->91589K(262144K)], 2.2591630 secs] [Times: user=2.24 sys=0.01, real=2.26 secs] 
3407.721: [GC [PSYoungGen: 304832K->19071K(326592K)] 698828K->413068K(1025664K), 0.0464940 secs] [Times: user=0.11 sys=0.00, real=0.04 secs] 
3408.096: [GC [PSYoungGen: 322687K->12403K(316032K)] 716684K->414500K(1015104K), 0.0467750 secs] [Times: user=0.12 sys=0.00, real=0.05 secs] 
3408.528: [GC [PSYoungGen: 316008K->16903K(326656K)] 718104K->424465K(1025728K), 0.0449870 secs] [Times: user=0.13 sys=0.00, real=0.05 secs] 
3409.005: [GC [PSYoungGen: 320199K->15292K(326144K)] 727761K->429948K(1025216K), 0.0704840 secs] [Times: user=0.12 sys=0.00, real=0.07 secs] 
3409.490: [GC [PSYoungGen: 318588K->21709K(324480K)] 733244K->443348K(1023552K), 0.0552510 secs] [Times: user=0.15 sys=0.00, real=0.05 secs] 
3409.879: [GC [PSYoungGen: 323597K->14826K(325696K)] 745236K->444410K(1024768K), 0.0485110 secs] [Times: user=0.12 sys=0.00, real=0.04 secs] 
3410.304: [GC [PSYoungGen: 316714K->15533K(326208K)] 746298K->449360K(1025280K), 0.0524420 secs] [Times: user=0.11 sys=0.00, real=0.05 secs] 
3410.672: [GC [PSYoungGen: 318125K->16348K(325888K)] 751952K->455521K(1024960K), 0.0505380 secs] [Times: user=0.14 sys=0.00, real=0.05 secs] 
3411.104: [GC [PSYoungGen: 318940K->16633K(327232K)] 758113K->462910K(1026304K), 0.0506260 secs] [Times: user=0.13 sys=0.00, real=0.05 secs] 
3411.476: [GC [PSYoungGen: 321081K->17012K(326720K)] 767358K->471429K(1025792K), 0.0538150 secs] [Times: user=0.15 sys=0.00, real=0.06 secs] 
3412.002: [GC [PSYoungGen: 321460K->16265K(328064K)] 775877K->478683K(1027136K), 0.0674890 secs] [Times: user=0.13 sys=0.00, real=0.06 secs] 
3412.521: [GC [PSYoungGen: 322569K->15306K(327744K)] 784987K->483839K(1026816K), 0.0638130 secs] [Times: user=0.12 sys=0.00, real=0.06 secs] 
3412.915: [GC [PSYoungGen: 321610K->12595K(327744K)] 790143K->486322K(1026816K), 0.0466570 secs] [Times: user=0.11 sys=0.00, real=0.05 secs] 
3413.351: [GC [PSYoungGen: 319091K->19837K(326336K)] 792818K->500369K(1025408K), 0.0596150 secs] [Times: user=0.14 sys=0.00, real=0.06 secs] 
3413.741: [GC [PSYoungGen: 326333K->19369K(326336K)] 806865K->507708K(1025408K), 0.0536220 secs] [Times: user=0.15 sys=0.00, real=0.05 secs] 
3414.209: [GC [PSYoungGen: 323433K->16974K(326784K)] 811772K->510391K(1025856K), 0.0487020 secs] [Times: user=0.13 sys=0.00, real=0.05 secs] 
3414.593: [GC [PSYoungGen: 321038K->18860K(326976K)] 814455K->518261K(1026048K), 0.0526880 secs] [Times: user=0.14 sys=0.01, real=0.05 secs] 
3414.999: [GC [PSYoungGen: 323692K->18327K(327168K)] 823093K->525442K(1026240K), 0.0716350 secs] [Times: user=0.16 sys=0.00, real=0.08 secs] 
3415.387: [GC [PSYoungGen: 323149K->17380K(327680K)] 830264K->529800K(1026752K), 0.0475550 secs] [Times: user=0.13 sys=0.00, real=0.05 secs] 
3415.792: [GC [PSYoungGen: 322788K->16060K(327232K)] 835208K->535457K(1026304K), 0.0531920 secs] [Times: user=0.12 sys=0.00, real=0.05 secs] 
3416.202: [GC [PSYoungGen: 321468K->16179K(328192K)] 840865K->540879K(1027264K), 0.0664890 secs] [Times: user=0.14 sys=0.00, real=0.06 secs] 
3416.556: [GC [PSYoungGen: 322803K->20048K(326720K)] 847503K->548817K(1025792K), 0.0509220 secs] [Times: user=0.14 sys=0.00, real=0.05 secs] 
3416.951: [GC [PSYoungGen: 326666K->17461K(327936K)] 855435K->557643K(1027008K), 0.0712990 secs] [Times: user=0.16 sys=0.00, real=0.07 secs] 
3417.410: [GC [PSYoungGen: 323445K->19654K(325696K)] 863627K->563836K(1024768K), 0.0650500 secs] [Times: user=0.14 sys=0.00, real=0.06 secs] 
3417.883: [GC [PSYoungGen: 325638K->15304K(327552K)] 869820K->566013K(1026624K), 0.0507030 secs] [Times: user=0.14 sys=0.00, real=0.05 secs] 
3418.346: [GC [PSYoungGen: 320840K->18003K(327488K)] 871549K->573351K(1026560K), 0.0535840 secs] [Times: user=0.12 sys=0.00, real=0.05 secs] 
3418.786: [GC [PSYoungGen: 323539K->17278K(328192K)] 878887K->578468K(1027264K), 0.0564760 secs] [Times: user=0.15 sys=0.01, real=0.06 secs] 
3419.202: [GC [PSYoungGen: 323774K->18265K(327808K)] 884964K->586530K(1026880K), 0.0544850 secs] [Times: user=0.14 sys=0.00, real=0.05 secs] 
3419.567: [GC [PSYoungGen: 324761K->14955K(328128K)] 893026K->589816K(1027200K), 0.0533130 secs] [Times: user=0.13 sys=0.00, real=0.06 secs] 
3419.948: [GC [PSYoungGen: 321835K->12142K(319040K)] 896696K->591367K(1018112K), 0.0417530 secs] [Times: user=0.11 sys=0.00, real=0.04 secs] 
3420.368: [GC [PSYoungGen: 319022K->21733K(319040K)] 898247K->609071K(1018112K), 0.0716440 secs] [Times: user=0.16 sys=0.00, real=0.07 secs] 
3420.802: [GC [PSYoungGen: 319013K->18499K(323392K)] 906351K->618593K(1022464K), 0.0556870 secs] [Times: user=0.17 sys=0.00, real=0.05 secs] 
3421.142: [GC [PSYoungGen: 315779K->18473K(324608K)] 915873K->623502K(1023680K), 0.0515900 secs] [Times: user=0.13 sys=0.00, real=0.05 secs] 
3421.577: [GC [PSYoungGen: 317609K->16332K(324032K)] 922638K->624296K(1023104K), 0.0674560 secs] [Times: user=0.12 sys=0.01, real=0.07 secs] 
3421.985: [GC [PSYoungGen: 315468K->17213K(325504K)] 923432K->631066K(1024576K), 0.0601690 secs] [Times: user=0.13 sys=0.00, real=0.06 secs] 
3422.403: [GC [PSYoungGen: 318205K->18802K(324992K)] 932058K->640253K(1024064K), 0.0674710 secs] [Times: user=0.14 sys=0.00, real=0.06 secs] 
3422.834: [GC [PSYoungGen: 319794K->18649K(326080K)] 941245K->647044K(1025152K), 0.0665950 secs] [Times: user=0.15 sys=0.00, real=0.06 secs] 
3423.254: [GC [PSYoungGen: 320985K->16347K(325760K)] 949380K->650512K(1024832K), 0.0704330 secs] [Times: user=0.13 sys=0.01, real=0.07 secs] 
3423.731: [GC [PSYoungGen: 318683K->18718K(326528K)] 952848K->658832K(1025600K), 0.0494720 secs] [Times: user=0.13 sys=0.00, real=0.05 secs] 
3424.127: [GC [PSYoungGen: 322078K->18503K(326336K)] 962192K->666139K(1025408K), 0.0578590 secs] [Times: user=0.15 sys=0.00, real=0.06 secs] 
3424.578: [GC [PSYoungGen: 321863K->16725K(327104K)] 969499K->671938K(1026176K), 0.0642500 secs] [Times: user=0.13 sys=0.00, real=0.07 secs] 
3425.077: [GC [PSYoungGen: 321173K->17832K(326848K)] 976386K->681204K(1025920K), 0.0832030 secs] [Times: user=0.14 sys=0.01, real=0.08 secs] 
3425.515: [GC [PSYoungGen: 322280K->18242K(327808K)] 985652K->689698K(1026880K), 0.0902730 secs] [Times: user=0.16 sys=0.00, real=0.09 secs] 
3426.096: [GC [PSYoungGen: 324098K->19411K(327552K)] 995554K->697183K(1026624K), 0.0879600 secs] [Times: user=0.17 sys=0.00, real=0.09 secs] 
3426.537: [GC [PSYoungGen: 325267K->15324K(327488K)] 1003039K->699321K(1026560K), 0.0485380 secs] [Times: user=0.13 sys=0.01, real=0.05 secs] 
3426.965: [GC [PSYoungGen: 320924K->11317K(316928K)] 1004921K->700567K(1016000K), 0.0675430 secs] [Times: user=0.11 sys=0.00, real=0.07 secs] 
3427.033: [Full GC [PSYoungGen: 11317K->0K(316928K)] [PSOldGen: 689250K->414783K(699072K)] 700567K->414783K(1016000K) [PSPermGen: 91606K->91606K(262144K)], 2.2521900 secs] [Times: user=2.25 sys=0.00, real=2.25 secs] 
3429.586: [GC [PSYoungGen: 305600K->22654K(322880K)] 720383K->438787K(1021952K), 0.0479070 secs] [Times: user=0.13 sys=0.00, real=0.05 secs] 
3429.956: [GC [PSYoungGen: 322878K->16736K(324864K)] 739011K->446288K(1023936K), 0.0642410 secs] [Times: user=0.15 sys=0.00, real=0.06 secs] 
3430.372: [GC [PSYoungGen: 316960K->14457K(325440K)] 746512K->450532K(1024512K), 0.0582530 secs] [Times: user=0.12 sys=0.00, real=0.06 secs] 
3430.803: [GC [PSYoungGen: 315769K->16647K(325376K)] 751844K->457547K(1024448K), 0.0606420 secs] [Times: user=0.13 sys=0.00, real=0.06 secs] 
3431.179: [GC [PSYoungGen: 317959K->19393K(325696K)] 758859K->468666K(1024768K), 0.0591070 secs] [Times: user=0.14 sys=0.00, real=0.06 secs] 
3431.600: [GC [PSYoungGen: 321537K->15655K(325824K)] 770810K->471957K(1024896K), 0.0522730 secs] [Times: user=0.13 sys=0.01, real=0.05 secs] 
3432.025: [GC [PSYoungGen: 317789K->13312K(325888K)] 774091K->475407K(1024960K), 0.0465150 secs] [Times: user=0.11 sys=0.00, real=0.04 secs] 
3432.359: [GC [PSYoungGen: 315840K->18074K(326016K)] 777935K->486345K(1025088K), 0.0578850 secs] [Times: user=0.14 sys=0.00, real=0.06 secs] 
3432.718: [GC [PSYoungGen: 320602K->16634K(326784K)] 788873K->492588K(1025856K), 0.0548180 secs] [Times: user=0.15 sys=0.00, real=0.05 secs] 
3433.106: [GC [PSYoungGen: 320186K->19654K(326272K)] 796140K->503764K(1025344K), 0.0685630 secs] [Times: user=0.15 sys=0.00, real=0.07 secs] 
3433.641: [GC [PSYoungGen: 323206K->18439K(326528K)] 807316K->510974K(1025600K), 0.0762590 secs] [Times: user=0.15 sys=0.00, real=0.08 secs] 
3434.078: [GC [PSYoungGen: 321863K->17233K(326400K)] 814398K->515515K(1025472K), 0.0493960 secs] [Times: user=0.12 sys=0.00, real=0.05 secs] 
3434.437: [GC [PSYoungGen: 320657K->17861K(327424K)] 818939K->522094K(1026496K), 0.0478610 secs] [Times: user=0.13 sys=0.00, real=0.05 secs] 
3434.846: [GC [PSYoungGen: 322885K->15947K(327104K)] 827118K->525360K(1026176K), 0.0509680 secs] [Times: user=0.12 sys=0.00, real=0.05 secs] 
3435.244: [GC [PSYoungGen: 320971K->20661K(325952K)] 830384K->536525K(1025024K), 0.0571340 secs] [Times: user=0.14 sys=0.00, real=0.05 secs] 
3435.663: [GC [PSYoungGen: 324710K->13230K(317312K)] 840574K->536157K(1016384K), 0.0610080 secs] [Times: user=0.12 sys=0.00, real=0.07 secs] 
3436.055: [GC [PSYoungGen: 317294K->18104K(326784K)] 840221K->544185K(1025856K), 0.0531960 secs] [Times: user=0.14 sys=0.00, real=0.05 secs] 
3436.468: [GC [PSYoungGen: 321976K->19706K(323584K)] 848057K->555576K(1022656K), 0.0519000 secs] [Times: user=0.15 sys=0.00, real=0.05 secs] 
3436.852: [GC [PSYoungGen: 323578K->20115K(325568K)] 859448K->564347K(1024640K), 0.0635950 secs] [Times: user=0.15 sys=0.00, real=0.07 secs] 
3437.250: [GC [PSYoungGen: 322643K->18153K(326016K)] 866875K->570001K(1025088K), 0.0571990 secs] [Times: user=0.15 sys=0.00, real=0.06 secs] 
3437.639: [GC [PSYoungGen: 320681K->16693K(326784K)] 872529K->574131K(1025856K), 0.0641080 secs] [Times: user=0.13 sys=0.00, real=0.07 secs] 
3438.066: [GC [PSYoungGen: 320437K->15269K(326464K)] 877875K->578810K(1025536K), 0.0511570 secs] [Times: user=0.13 sys=0.00, real=0.05 secs] 
3438.513: [GC [PSYoungGen: 319010K->17553K(327360K)] 882551K->588709K(1026432K), 0.0558740 secs] [Times: user=0.15 sys=0.00, real=0.06 secs] 
3438.999: [GC [PSYoungGen: 322257K->14575K(326848K)] 893413K->592864K(1025920K), 0.0558730 secs] [Times: user=0.13 sys=0.00, real=0.06 secs] 
3439.410: [GC [PSYoungGen: 319279K->18188K(327424K)] 897568K->601855K(1026496K), 0.0463640 secs] [Times: user=0.14 sys=0.00, real=0.05 secs] 
3439.797: [GC [PSYoungGen: 323404K->15952K(327296K)] 907071K->607710K(1026368K), 0.0821040 secs] [Times: user=0.13 sys=0.00, real=0.08 secs] 
3440.210: [GC [PSYoungGen: 321168K->19731K(326784K)] 912926K->615481K(1025856K), 0.0514210 secs] [Times: user=0.13 sys=0.00, real=0.05 secs] 
3440.580: [GC [PSYoungGen: 324691K->14092K(319104K)] 920441K->615228K(1018176K), 0.0434450 secs] [Times: user=0.12 sys=0.00, real=0.04 secs] 
3440.939: [GC [PSYoungGen: 319052K->15065K(327296K)] 920188K->622188K(1026368K), 0.0422810 secs] [Times: user=0.12 sys=0.01, real=0.04 secs] 
3441.305: [GC [PSYoungGen: 319961K->15735K(327104K)] 927084K->629415K(1026176K), 0.0380330 secs] [Times: user=0.13 sys=0.00, real=0.03 secs] 
3441.674: [GC [PSYoungGen: 320631K->17977K(327680K)] 934311K->638371K(1026752K), 0.0693190 secs] [Times: user=0.15 sys=0.00, real=0.07 secs] 
3442.066: [GC [PSYoungGen: 323769K->18172K(327616K)] 944163K->646549K(1026688K), 0.0860410 secs] [Times: user=0.13 sys=0.00, real=0.08 secs] 
3442.494: [GC [PSYoungGen: 323960K->18253K(327744K)] 952338K->652723K(1026816K), 0.0571130 secs] [Times: user=0.13 sys=0.00, real=0.06 secs] 
3442.916: [GC [PSYoungGen: 324237K->19716K(325760K)] 958707K->662150K(1024832K), 0.0698160 secs] [Times: user=0.17 sys=0.00, real=0.07 secs] 
3443.298: [GC [PSYoungGen: 325700K->18643K(327232K)] 968134K->667793K(1026304K), 0.0692910 secs] [Times: user=0.15 sys=0.00, real=0.07 secs] 
3443.650: [GC [PSYoungGen: 323603K->18826K(327232K)] 972753K->672671K(1026304K), 0.0601960 secs] [Times: user=0.14 sys=0.00, real=0.06 secs] 
3444.064: [GC [PSYoungGen: 323786K->18243K(327488K)] 977631K->676779K(1026560K), 0.0630450 secs] [Times: user=0.13 sys=0.00, real=0.07 secs] 
3444.522: [GC [PSYoungGen: 323459K->14328K(327232K)] 981995K->678231K(1026304K), 0.0384570 secs] [Times: user=0.13 sys=0.00, real=0.04 secs] 
3444.881: [GC [PSYoungGen: 319544K->16712K(327680K)] 983447K->684657K(1026752K), 0.0675690 secs] [Times: user=0.14 sys=0.01, real=0.07 secs] 
3445.323: [GC [PSYoungGen: 322248K->18596K(327360K)] 990193K->692229K(1026432K), 0.0388780 secs] [Times: user=0.13 sys=0.00, real=0.04 secs] 
3445.728: [GC [PSYoungGen: 324132K->14903K(327680K)] 997765K->696493K(1026752K), 0.0549770 secs] [Times: user=0.13 sys=0.00, real=0.05 secs] 
3446.080: [GC [PSYoungGen: 320759K->16064K(327680K)] 1002349K->702337K(1026752K), 0.0557280 secs] [Times: user=0.12 sys=0.00, real=0.06 secs] 
3446.477: [GC [PSYoungGen: 321920K->18501K(327808K)] 1008193K->711816K(1026880K), 0.0637830 secs] [Times: user=0.16 sys=0.00, real=0.06 secs] 
3446.541: [Full GC [PSYoungGen: 18501K->0K(327808K)] [PSOldGen: 693315K->425197K(699072K)] 711816K->425197K(1026880K) [PSPermGen: 91618K->91618K(262144K)], 2.1313120 secs] [Times: user=2.13 sys=0.00, real=2.13 secs] 
3449.031: [GC [PSYoungGen: 306240K->21618K(327872K)] 731437K->447404K(1026944K), 0.0486400 secs] [Times: user=0.12 sys=0.00, real=0.05 secs] 
3449.483: [GC [PSYoungGen: 327858K->15119K(325184K)] 753644K->451108K(1024256K), 0.0488400 secs] [Times: user=0.13 sys=0.00, real=0.05 secs] 
3449.886: [GC [PSYoungGen: 318671K->19215K(322816K)] 754660K->459129K(1021888K), 0.0636300 secs] [Times: user=0.13 sys=0.00, real=0.06 secs] 
3450.276: [GC [PSYoungGen: 322767K->15299K(326592K)] 762681K->461747K(1025664K), 0.0467190 secs] [Times: user=0.13 sys=0.00, real=0.04 secs] 
3450.650: [GC [PSYoungGen: 318851K->16474K(326464K)] 765299K->469926K(1025536K), 0.0520960 secs] [Times: user=0.15 sys=0.00, real=0.05 secs] 
3451.022: [GC [PSYoungGen: 320026K->18025K(327232K)] 773478K->478893K(1026304K), 0.0503610 secs] [Times: user=0.14 sys=0.00, real=0.05 secs] 
3451.389: [GC [PSYoungGen: 322729K->16965K(326976K)] 783597K->485179K(1026048K), 0.0514970 secs] [Times: user=0.15 sys=0.00, real=0.05 secs] 
3451.814: [GC [PSYoungGen: 321669K->20956K(325952K)] 789883K->496041K(1025024K), 0.0757080 secs] [Times: user=0.16 sys=0.01, real=0.08 secs] 
3452.280: [GC [PSYoungGen: 325020K->19135K(323200K)] 800105K->498430K(1022272K), 0.0525530 secs] [Times: user=0.13 sys=0.00, real=0.05 secs] 
3452.660: [GC [PSYoungGen: 323199K->17124K(327104K)] 802494K->500539K(1026176K), 0.0582080 secs] [Times: user=0.12 sys=0.00, real=0.06 secs] 
3453.037: [GC [PSYoungGen: 321444K->20673K(325056K)] 804859K->509278K(1024128K), 0.0571700 secs] [Times: user=0.14 sys=0.00, real=0.05 secs] 
3453.403: [GC [PSYoungGen: 324993K->20345K(325824K)] 813598K->515752K(1024896K), 0.0501620 secs] [Times: user=0.15 sys=0.00, real=0.05 secs] 
3453.867: [GC [PSYoungGen: 323129K->16802K(326144K)] 818536K->518857K(1025216K), 0.0410690 secs] [Times: user=0.14 sys=0.00, real=0.04 secs] 
3454.252: [GC [PSYoungGen: 319586K->18390K(326784K)] 821641K->526136K(1025856K), 0.0594420 secs] [Times: user=0.14 sys=0.00, real=0.06 secs] 
3454.660: [GC [PSYoungGen: 322070K->16499K(326400K)] 829816K->528745K(1025472K), 0.0549900 secs] [Times: user=0.13 sys=0.00, real=0.05 secs] 
3455.065: [GC [PSYoungGen: 320179K->14571K(326720K)] 832425K->531843K(1025792K), 0.0537510 secs] [Times: user=0.13 sys=0.00, real=0.06 secs] 
3455.433: [GC [PSYoungGen: 318763K->19457K(323712K)] 836035K->542428K(1022784K), 0.0535940 secs] [Times: user=0.15 sys=0.00, real=0.06 secs] 
3455.959: [GC [PSYoungGen: 323649K->16688K(326976K)] 846620K->550203K(1026048K), 0.0582810 secs] [Times: user=0.14 sys=0.01, real=0.06 secs] 
3456.356: [GC [PSYoungGen: 320816K->16700K(326656K)] 854331K->557258K(1025728K), 0.0499300 secs] [Times: user=0.14 sys=0.00, real=0.05 secs] 
3456.849: [GC [PSYoungGen: 320828K->14981K(327296K)] 861386K->562806K(1026368K), 0.0520160 secs] [Times: user=0.12 sys=0.00, real=0.05 secs] 
3457.208: [GC [PSYoungGen: 320005K->18472K(327232K)] 867830K->572094K(1026304K), 0.0528140 secs] [Times: user=0.13 sys=0.01, real=0.05 secs] 
3457.620: [GC [PSYoungGen: 323496K->17737K(327680K)] 877118K->581431K(1026752K), 0.0674410 secs] [Times: user=0.15 sys=0.00, real=0.07 secs] 
3457.997: [GC [PSYoungGen: 323273K->14927K(327360K)] 886967K->584070K(1026432K), 0.0470570 secs] [Times: user=0.12 sys=0.01, real=0.05 secs] 
3458.379: [GC [PSYoungGen: 320463K->14035K(327552K)] 889606K->585112K(1026624K), 0.0530720 secs] [Times: user=0.11 sys=0.00, real=0.05 secs] 
3458.711: [GC [PSYoungGen: 319763K->17423K(327616K)] 890840K->594349K(1026688K), 0.0624780 secs] [Times: user=0.15 sys=0.00, real=0.06 secs] 
3459.186: [GC [PSYoungGen: 323151K->18969K(327296K)] 900077K->603616K(1026368K), 0.0558090 secs] [Times: user=0.15 sys=0.00, real=0.06 secs] 
3459.584: [GC [PSYoungGen: 324697K->17690K(327616K)] 909344K->611280K(1026688K), 0.0625010 secs] [Times: user=0.15 sys=0.01, real=0.06 secs] 
3460.035: [GC [PSYoungGen: 323418K->12783K(327296K)] 917008K->610035K(1026368K), 0.0601920 secs] [Times: user=0.11 sys=0.00, real=0.06 secs] 
3460.446: [GC [PSYoungGen: 318511K->18045K(327616K)] 915763K->620212K(1026688K), 0.0580550 secs] [Times: user=0.13 sys=0.00, real=0.06 secs] 
3460.809: [GC [PSYoungGen: 323773K->16350K(328000K)] 925940K->627871K(1027072K), 0.0560010 secs] [Times: user=0.15 sys=0.00, real=0.05 secs] 
3461.213: [GC [PSYoungGen: 322462K->19211K(327616K)] 933983K->639067K(1026688K), 0.0501550 secs] [Times: user=0.15 sys=0.00, real=0.05 secs] 
3461.612: [GC [PSYoungGen: 325318K->18336K(327616K)] 945174K->645471K(1026688K), 0.0641280 secs] [Times: user=0.14 sys=0.01, real=0.06 secs] 
3462.081: [GC [PSYoungGen: 324064K->17701K(327616K)] 951199K->649144K(1026688K), 0.0739640 secs] [Times: user=0.13 sys=0.00, real=0.07 secs] 
3462.543: [GC [PSYoungGen: 323429K->16020K(328128K)] 954872K->652814K(1027200K), 0.0435800 secs] [Times: user=0.12 sys=0.00, real=0.05 secs] 
3462.941: [GC [PSYoungGen: 322580K->12861K(319424K)] 959374K->653438K(1018496K), 0.0443470 secs] [Times: user=0.10 sys=0.01, real=0.04 secs] 
3463.400: [GC [PSYoungGen: 319421K->15000K(328000K)] 959998K->661644K(1027072K), 0.0473160 secs] [Times: user=0.12 sys=0.00, real=0.05 secs] 
3463.800: [GC [PSYoungGen: 321304K->19173K(325504K)] 967948K->671812K(1024576K), 0.0567780 secs] [Times: user=0.14 sys=0.00, real=0.05 secs] 
3464.270: [GC [PSYoungGen: 325477K->14086K(327616K)] 978116K->673958K(1026688K), 0.0541090 secs] [Times: user=0.12 sys=0.00, real=0.05 secs] 
3464.597: [GC [PSYoungGen: 319750K->19454K(325120K)] 979622K->682948K(1024192K), 0.0477150 secs] [Times: user=0.13 sys=0.00, real=0.05 secs] 
3465.122: [GC [PSYoungGen: 325118K->18808K(326656K)] 988612K->690577K(1025728K), 0.0600410 secs] [Times: user=0.15 sys=0.00, real=0.06 secs] 
3465.498: [GC [PSYoungGen: 323000K->17974K(326848K)] 994769K->696972K(1025920K), 0.0873100 secs] [Times: user=0.13 sys=0.01, real=0.09 secs] 
3465.938: [GC [PSYoungGen: 322166K->16651K(327552K)] 1001164K->699674K(1026624K), 0.0450470 secs] [Times: user=0.12 sys=0.00, real=0.05 secs] 
3466.345: [GC [PSYoungGen: 321803K->16707K(327104K)] 1004826K->707629K(1026176K), 0.0661600 secs] [Times: user=0.15 sys=0.00, real=0.07 secs] 
3466.412: [Full GC [PSYoungGen: 16707K->0K(327104K)] [PSOldGen: 690921K->427974K(699072K)] 707629K->427974K(1026176K) [PSPermGen: 91631K->91631K(262144K)], 2.3007170 secs] [Times: user=2.30 sys=0.00, real=2.30 secs] 
3469.160: [GC [PSYoungGen: 305152K->21549K(324224K)] 733126K->451290K(1023296K), 0.0613180 secs] [Times: user=0.13 sys=0.00, real=0.06 secs] 
3469.616: [GC [PSYoungGen: 324205K->12203K(314880K)] 753946K->452516K(1013952K), 0.0634090 secs] [Times: user=0.14 sys=0.00, real=0.07 secs] 
3470.168: [GC [PSYoungGen: 314859K->16047K(326208K)] 755172K->458155K(1025280K), 0.0545590 secs] [Times: user=0.11 sys=0.00, real=0.05 secs] 
3470.551: [GC [PSYoungGen: 318447K->18674K(325696K)] 760555K->469481K(1024768K), 0.0620780 secs] [Times: user=0.14 sys=0.00, real=0.06 secs] 
3471.071: [GC [PSYoungGen: 321074K->16380K(326656K)] 771881K->476864K(1025728K), 0.0782720 secs] [Times: user=0.16 sys=0.00, real=0.08 secs] 
3471.475: [GC [PSYoungGen: 319740K->19051K(326208K)] 780224K->486197K(1025280K), 0.0659970 secs] [Times: user=0.14 sys=0.00, real=0.07 secs] 
3471.812: [GC [PSYoungGen: 322411K->15225K(326720K)] 789557K->489105K(1025792K), 0.0429390 secs] [Times: user=0.13 sys=0.00, real=0.04 secs] 
3472.191: [GC [PSYoungGen: 318969K->15413K(326528K)] 792849K->496067K(1025600K), 0.0460640 secs] [Times: user=0.12 sys=0.00, real=0.04 secs] 
3472.655: [GC [PSYoungGen: 319142K->18658K(326784K)] 799796K->506356K(1025856K), 0.0583110 secs] [Times: user=0.13 sys=0.00, real=0.06 secs] 
3473.034: [GC [PSYoungGen: 322978K->14430K(326912K)] 810676K->509360K(1025984K), 0.0512500 secs] [Times: user=0.13 sys=0.00, real=0.05 secs] 
3473.428: [GC [PSYoungGen: 318750K->17103K(327488K)] 813680K->516790K(1026560K), 0.0529600 secs] [Times: user=0.14 sys=0.00, real=0.06 secs] 
3473.826: [GC [PSYoungGen: 322127K->16463K(327040K)] 821814K->524130K(1026112K), 0.0805590 secs] [Times: user=0.14 sys=0.00, real=0.08 secs] 
3474.247: [GC [PSYoungGen: 321487K->16994K(328320K)] 829154K->530610K(1027392K), 0.0472450 secs] [Times: user=0.13 sys=0.00, real=0.05 secs] 
3474.611: [GC [PSYoungGen: 323746K->15296K(327936K)] 837362K->533957K(1027008K), 0.0597330 secs] [Times: user=0.15 sys=0.00, real=0.06 secs] 
3475.045: [GC [PSYoungGen: 322048K->16933K(328832K)] 840709K->542287K(1027904K), 0.0443840 secs] [Times: user=0.13 sys=0.00, real=0.05 secs] 
3475.486: [GC [PSYoungGen: 324773K->16095K(328512K)] 850127K->548818K(1027584K), 0.0643160 secs] [Times: user=0.13 sys=0.01, real=0.07 secs] 
3475.963: [GC [PSYoungGen: 323935K->14767K(329152K)] 856658K->555055K(1028224K), 0.0705180 secs] [Times: user=0.12 sys=0.00, real=0.07 secs] 
3476.419: [GC [PSYoungGen: 323567K->16733K(329152K)] 863855K->561943K(1028224K), 0.0385220 secs] [Times: user=0.12 sys=0.00, real=0.03 secs] 
3476.819: [GC [PSYoungGen: 325533K->19722K(327808K)] 870743K->570469K(1026880K), 0.0561580 secs] [Times: user=0.14 sys=0.00, real=0.06 secs] 
3477.210: [GC [PSYoungGen: 327495K->17918K(328640K)] 878242K->578963K(1027712K), 0.0756550 secs] [Times: user=0.15 sys=0.00, real=0.07 secs] 
3477.620: [GC [PSYoungGen: 325694K->18478K(328256K)] 886739K->585040K(1027328K), 0.0852660 secs] [Times: user=0.13 sys=0.00, real=0.08 secs] 
3478.092: [GC [PSYoungGen: 325870K->18807K(326208K)] 892432K->593155K(1025280K), 0.0704600 secs] [Times: user=0.14 sys=0.00, real=0.07 secs] 
3478.626: [GC [PSYoungGen: 326199K->18640K(327936K)] 900547K->597425K(1027008K), 0.0620770 secs] [Times: user=0.12 sys=0.00, real=0.06 secs] 
3479.009: [GC [PSYoungGen: 325264K->13665K(320320K)] 904049K->597062K(1019392K), 0.1179790 secs] [Times: user=0.11 sys=0.00, real=0.12 secs] 
3479.539: [GC [PSYoungGen: 320289K->17054K(328256K)] 903686K->605670K(1027328K), 0.0534090 secs] [Times: user=0.13 sys=0.00, real=0.06 secs] 
3479.996: [GC [PSYoungGen: 323678K->15801K(327872K)] 912294K->611029K(1026944K), 0.0553570 secs] [Times: user=0.15 sys=0.00, real=0.06 secs] 
3480.414: [GC [PSYoungGen: 322425K->18931K(327744K)] 917653K->618975K(1026816K), 0.0496910 secs] [Times: user=0.13 sys=0.00, real=0.05 secs] 
3480.814: [GC [PSYoungGen: 325683K->18657K(325440K)] 925727K->625043K(1024512K), 0.0684890 secs] [Times: user=0.14 sys=0.00, real=0.07 secs] 
3481.346: [GC [PSYoungGen: 325409K->17286K(328384K)] 931795K->631045K(1027456K), 0.0652360 secs] [Times: user=0.13 sys=0.00, real=0.07 secs] 
3481.797: [GC [PSYoungGen: 324166K->16600K(328000K)] 937925K->636436K(1027072K), 0.0477660 secs] [Times: user=0.14 sys=0.00, real=0.05 secs] 
3482.251: [GC [PSYoungGen: 323480K->16868K(328960K)] 943316K->641738K(1028032K), 0.0719920 secs] [Times: user=0.13 sys=0.00, real=0.07 secs] 
3482.818: [GC [PSYoungGen: 325028K->17030K(328704K)] 949898K->650426K(1027776K), 0.0622170 secs] [Times: user=0.16 sys=0.00, real=0.07 secs] 
3483.283: [GC [PSYoungGen: 325190K->13191K(328512K)] 958586K->650309K(1027584K), 0.0456810 secs] [Times: user=0.11 sys=0.00, real=0.04 secs] 
3483.607: [GC [PSYoungGen: 321479K->20314K(328640K)] 958597K->662620K(1027712K), 0.0615260 secs] [Times: user=0.13 sys=0.02, real=0.06 secs] 
3484.020: [GC [PSYoungGen: 328602K->19693K(326336K)] 970908K->673324K(1025408K), 0.0911650 secs] [Times: user=0.15 sys=0.00, real=0.10 secs] 
3484.385: [GC [PSYoungGen: 325165K->14778K(327488K)] 978796K->674711K(1026560K), 0.0453370 secs] [Times: user=0.12 sys=0.00, real=0.05 secs] 
3484.915: [GC [PSYoungGen: 320246K->17707K(327744K)] 980179K->683828K(1026816K), 0.0470140 secs] [Times: user=0.13 sys=0.00, real=0.05 secs] 
3485.309: [GC [PSYoungGen: 323435K->18063K(327488K)] 989556K->692526K(1026560K), 0.0535730 secs] [Times: user=0.13 sys=0.00, real=0.06 secs] 
3485.766: [GC [PSYoungGen: 323791K->15575K(328000K)] 998254K->696072K(1027072K), 0.0616580 secs] [Times: user=0.14 sys=0.00, real=0.06 secs] 
3486.301: [GC [PSYoungGen: 321943K->17115K(327872K)] 1002440K->703658K(1026944K), 0.0587230 secs] [Times: user=0.14 sys=0.00, real=0.05 secs] 
3486.719: [GC [PSYoungGen: 323483K->19073K(327808K)] 1010026K->710239K(1026880K), 0.1012630 secs] [Times: user=0.13 sys=0.00, real=0.10 secs] 
3486.820: [Full GC [PSYoungGen: 19073K->0K(327808K)] [PSOldGen: 691166K->389773K(699072K)] 710239K->389773K(1026880K) [PSPermGen: 91647K->91592K(262144K)], 2.4221620 secs] [Times: user=2.42 sys=0.00, real=2.43 secs] 
3489.622: [GC [PSYoungGen: 306752K->21375K(328128K)] 696525K->413018K(1027200K), 0.0754840 secs] [Times: user=0.13 sys=0.00, real=0.07 secs] 
3490.034: [GC [PSYoungGen: 328127K->15400K(324672K)] 719770K->419711K(1023744K), 0.0718550 secs] [Times: user=0.17 sys=0.00, real=0.07 secs] 
3490.458: [GC [PSYoungGen: 318696K->18149K(326400K)] 723007K->427304K(1025472K), 0.0563680 secs] [Times: user=0.13 sys=0.00, real=0.06 secs] 
3490.937: [GC [PSYoungGen: 321445K->18346K(327040K)] 730600K->433046K(1026112K), 0.0678490 secs] [Times: user=0.13 sys=0.00, real=0.07 secs] 
3491.318: [GC [PSYoungGen: 322666K->18743K(326784K)] 737366K->439923K(1025856K), 0.0615260 secs] [Times: user=0.16 sys=0.00, real=0.06 secs] 
3491.725: [GC [PSYoungGen: 323063K->17065K(327424K)] 744243K->447625K(1026496K), 0.0824400 secs] [Times: user=0.18 sys=0.01, real=0.08 secs] 
3492.151: [GC [PSYoungGen: 322089K->18650K(327104K)] 752649K->455158K(1026176K), 0.0520050 secs] [Times: user=0.14 sys=0.00, real=0.06 secs] 
3492.562: [GC [PSYoungGen: 323674K->14515K(327168K)] 760182K->458128K(1026240K), 0.0508710 secs] [Times: user=0.13 sys=0.00, real=0.05 secs] 
3492.945: [GC [PSYoungGen: 319731K->15151K(327360K)] 763344K->464572K(1026432K), 0.0526090 secs] [Times: user=0.12 sys=0.00, real=0.05 secs] 
3493.386: [GC [PSYoungGen: 320367K->17008K(327872K)] 769788K->473527K(1026944K), 0.0512260 secs] [Times: user=0.13 sys=0.00, real=0.05 secs] 
3493.828: [GC [PSYoungGen: 322800K->16558K(327424K)] 779319K->479537K(1026496K), 0.0986820 secs] [Times: user=0.14 sys=0.01, real=0.10 secs] 
3494.235: [GC [PSYoungGen: 322350K->19674K(327168K)] 785329K->488752K(1026240K), 0.0524050 secs] [Times: user=0.15 sys=0.00, real=0.05 secs] 
3494.698: [GC [PSYoungGen: 325530K->14538K(320448K)] 794608K->491588K(1019520K), 0.0514440 secs] [Times: user=0.13 sys=0.00, real=0.05 secs] 
3495.126: [GC [PSYoungGen: 320389K->20092K(326336K)] 797439K->501936K(1025408K), 0.0738290 secs] [Times: user=0.15 sys=0.00, real=0.07 secs] 
3495.563: [GC [PSYoungGen: 324540K->14788K(326976K)] 806384K->506120K(1026048K), 0.0773470 secs] [Times: user=0.14 sys=0.00, real=0.07 secs] 
3495.992: [GC [PSYoungGen: 319236K->16270K(327424K)] 810568K->511672K(1026496K), 0.0623640 secs] [Times: user=0.11 sys=0.00, real=0.06 secs] 
3496.521: [GC [PSYoungGen: 321230K->14483K(327040K)] 816632K->517924K(1026112K), 0.0695800 secs] [Times: user=0.13 sys=0.00, real=0.07 secs] 
3496.907: [GC [PSYoungGen: 319443K->16502K(327936K)] 822884K->523674K(1027008K), 0.0747990 secs] [Times: user=0.13 sys=0.00, real=0.07 secs] 
3497.306: [GC [PSYoungGen: 322422K->17249K(327488K)] 829594K->531066K(1026560K), 0.0486340 secs] [Times: user=0.14 sys=0.00, real=0.05 secs] 
3497.724: [GC [PSYoungGen: 323161K->14721K(328320K)] 836978K->535817K(1027392K), 0.0446880 secs] [Times: user=0.12 sys=0.00, real=0.04 secs] 
3498.096: [GC [PSYoungGen: 321793K->18976K(326080K)] 842889K->545675K(1025152K), 0.0465280 secs] [Times: user=0.13 sys=0.00, real=0.04 secs] 
3498.499: [GC [PSYoungGen: 326048K->18005K(327936K)] 852747K->552969K(1027008K), 0.0682290 secs] [Times: user=0.16 sys=0.00, real=0.07 secs] 
3498.900: [GC [PSYoungGen: 324309K->18968K(325312K)] 859273K->558932K(1024384K), 0.0516220 secs] [Times: user=0.13 sys=0.00, real=0.05 secs] 
3499.273: [GC [PSYoungGen: 325272K->16840K(328064K)] 865236K->562124K(1027136K), 0.0515740 secs] [Times: user=0.13 sys=0.00, real=0.05 secs] 
3499.724: [GC [PSYoungGen: 323080K->14551K(327680K)] 868364K->565565K(1026752K), 0.0337530 secs] [Times: user=0.12 sys=0.00, real=0.03 secs] 
3500.117: [GC [PSYoungGen: 320791K->19894K(326784K)] 871805K->578605K(1025856K), 0.0516300 secs] [Times: user=0.14 sys=0.01, real=0.05 secs] 
3500.561: [GC [PSYoungGen: 325238K->18324K(327424K)] 883949K->586951K(1026496K), 0.0584880 secs] [Times: user=0.15 sys=0.01, real=0.06 secs] 
3501.006: [GC [PSYoungGen: 323668K->21148K(325568K)] 892295K->598233K(1024640K), 0.0743010 secs] [Times: user=0.17 sys=0.01, real=0.07 secs] 
3501.408: [GC [PSYoungGen: 324700K->15335K(326528K)] 901785K->598421K(1025600K), 0.0475750 secs] [Times: user=0.13 sys=0.00, real=0.05 secs] 
3501.878: [GC [PSYoungGen: 318887K->21675K(324608K)] 901973K->608507K(1023680K), 0.0926620 secs] [Times: user=0.13 sys=0.00, real=0.09 secs] 
3502.429: [GC [PSYoungGen: 323435K->15700K(325632K)] 910267K->609243K(1024704K), 0.0810330 secs] [Times: user=0.13 sys=0.00, real=0.08 secs] 
3502.893: [GC [PSYoungGen: 317460K->12178K(325184K)] 911003K->612662K(1024256K), 0.0441160 secs] [Times: user=0.11 sys=0.00, real=0.04 secs] 
3503.269: [GC [PSYoungGen: 313682K->21026K(322560K)] 914166K->626096K(1021632K), 0.0557500 secs] [Times: user=0.14 sys=0.00, real=0.06 secs] 
3503.611: [GC [PSYoungGen: 322530K->17618K(325440K)] 927600K->634131K(1024512K), 0.0729790 secs] [Times: user=0.16 sys=0.01, real=0.08 secs] 
3504.030: [GC [PSYoungGen: 318290K->19701K(324736K)] 934803K->641868K(1023808K), 0.0911290 secs] [Times: user=0.13 sys=0.00, real=0.09 secs] 
3504.549: [GC [PSYoungGen: 320373K->15311K(325504K)] 942540K->644680K(1024576K), 0.0688330 secs] [Times: user=0.13 sys=0.00, real=0.07 secs] 
3504.880: [GC [PSYoungGen: 316559K->18825K(325248K)] 945928K->652597K(1024320K), 0.0380910 secs] [Times: user=0.13 sys=0.00, real=0.04 secs] 
3505.285: [GC [PSYoungGen: 320073K->14376K(325696K)] 953845K->656276K(1024768K), 0.0437610 secs] [Times: user=0.13 sys=0.00, real=0.04 secs] 
3505.642: [GC [PSYoungGen: 316200K->21435K(323264K)] 958100K->667789K(1022336K), 0.0568720 secs] [Times: user=0.14 sys=0.01, real=0.06 secs] 
3506.002: [GC [PSYoungGen: 323259K->14625K(324992K)] 969613K->669108K(1024064K), 0.0517320 secs] [Times: user=0.13 sys=0.01, real=0.05 secs] 
3506.428: [GC [PSYoungGen: 314977K->13393K(324864K)] 969460K->674625K(1023936K), 0.0485200 secs] [Times: user=0.12 sys=0.00, real=0.05 secs] 
3506.823: [GC [PSYoungGen: 313745K->19648K(324544K)] 974977K->686746K(1023616K), 0.0540680 secs] [Times: user=0.14 sys=0.00, real=0.06 secs] 
3507.208: [GC [PSYoungGen: 319744K->12016K(312128K)] 986842K->684418K(1011200K), 0.0561470 secs] [Times: user=0.11 sys=0.00, real=0.06 secs] 
3507.630: [GC [PSYoungGen: 312112K->13774K(324928K)] 984514K->688854K(1024000K), 0.0383580 secs] [Times: user=0.11 sys=0.00, real=0.04 secs] 
3507.992: [GC [PSYoungGen: 313870K->17824K(324672K)] 988950K->699076K(1023744K), 0.0536340 secs] [Times: user=0.15 sys=0.00, real=0.06 secs] 
3508.392: [GC [PSYoungGen: 317920K->14021K(325568K)] 999172K->704746K(1024640K), 0.0410750 secs] [Times: user=0.13 sys=0.00, real=0.04 secs] 
3508.433: [Full GC [PSYoungGen: 14021K->0K(325568K)] [PSOldGen: 690725K->422830K(699072K)] 704746K->422830K(1024640K) [PSPermGen: 91602K->91602K(262144K)], 2.2280450 secs] [Times: user=2.23 sys=0.00, real=2.23 secs] 
3511.062: [GC [PSYoungGen: 301312K->19925K(321280K)] 724142K->442756K(1020352K), 0.0627180 secs] [Times: user=0.11 sys=0.00, real=0.06 secs] 
3511.453: [GC [PSYoungGen: 321237K->20527K(323712K)] 744068K->453710K(1022784K), 0.0823000 secs] [Times: user=0.16 sys=0.01, real=0.09 secs] 
3511.971: [GC [PSYoungGen: 319727K->18235K(324352K)] 752910K->460657K(1023424K), 0.0781850 secs] [Times: user=0.17 sys=0.00, real=0.08 secs] 
3512.410: [GC [PSYoungGen: 317435K->17699K(325312K)] 759857K->468368K(1024384K), 0.0823010 secs] [Times: user=0.13 sys=0.00, real=0.08 secs] 
3512.911: [GC [PSYoungGen: 318243K->19418K(324736K)] 768912K->475544K(1023808K), 0.0513590 secs] [Times: user=0.13 sys=0.00, real=0.05 secs] 
3513.300: [GC [PSYoungGen: 319962K->22031K(323136K)] 776088K->483211K(1022208K), 0.0587820 secs] [Times: user=0.15 sys=0.00, real=0.06 secs] 
3513.815: [GC [PSYoungGen: 320847K->15862K(324160K)] 782027K->482854K(1023232K), 0.0454110 secs] [Times: user=0.13 sys=0.00, real=0.05 secs] 
3514.136: [GC [PSYoungGen: 314678K->21811K(323008K)] 781670K->494658K(1022080K), 0.0670070 secs] [Times: user=0.15 sys=0.00, real=0.06 secs] 
3514.576: [GC [PSYoungGen: 319859K->13977K(323776K)] 792706K->496493K(1022848K), 0.0538410 secs] [Times: user=0.13 sys=0.00, real=0.05 secs] 
3515.004: [GC [PSYoungGen: 312025K->14698K(324096K)] 794541K->500144K(1023168K), 0.0649980 secs] [Times: user=0.11 sys=0.00, real=0.07 secs] 
3515.400: [GC [PSYoungGen: 313130K->17648K(323840K)] 798576K->506753K(1022912K), 0.0607510 secs] [Times: user=0.12 sys=0.00, real=0.06 secs] 
3515.870: [GC [PSYoungGen: 316080K->16173K(325312K)] 805185K->514621K(1024384K), 0.0925930 secs] [Times: user=0.14 sys=0.00, real=0.09 secs] 
3516.297: [GC [PSYoungGen: 316781K->17305K(324800K)] 815229K->523008K(1023872K), 0.0536780 secs] [Times: user=0.15 sys=0.00, real=0.05 secs] 
3516.752: [GC [PSYoungGen: 317913K->16092K(326400K)] 823616K->528137K(1025472K), 0.0702350 secs] [Times: user=0.13 sys=0.00, real=0.07 secs] 
3517.186: [GC [PSYoungGen: 319004K->15074K(326016K)] 831049K->533015K(1025088K), 0.0590300 secs] [Times: user=0.12 sys=0.00, real=0.06 secs] 
3517.570: [GC [PSYoungGen: 317986K->21016K(324864K)] 835927K->543595K(1023936K), 0.0689270 secs] [Times: user=0.17 sys=0.00, real=0.07 secs] 
3518.006: [GC [PSYoungGen: 323032K->13575K(315648K)] 845611K->544572K(1014720K), 0.0645800 secs] [Times: user=0.14 sys=0.01, real=0.07 secs] 
3518.401: [GC [PSYoungGen: 315591K->19190K(325440K)] 846588K->554070K(1024512K), 0.0564370 secs] [Times: user=0.13 sys=0.01, real=0.06 secs] 
3518.862: [GC [PSYoungGen: 320822K->17361K(325568K)] 855702K->562043K(1024640K), 0.0866940 secs] [Times: user=0.15 sys=0.01, real=0.09 secs] 
3519.263: [GC [PSYoungGen: 318993K->17357K(326784K)] 863675K->565621K(1025856K), 0.0513330 secs] [Times: user=0.12 sys=0.00, real=0.05 secs] 
3519.669: [GC [PSYoungGen: 320845K->22076K(325568K)] 869109K->575193K(1024640K), 0.0459240 secs] [Times: user=0.14 sys=0.00, real=0.04 secs] 
3520.077: [GC [PSYoungGen: 325564K->17885K(326080K)] 878681K->580002K(1025152K), 0.0732240 secs] [Times: user=0.14 sys=0.00, real=0.07 secs] 
3520.614: [GC [PSYoungGen: 320029K->17329K(325568K)] 882146K->584672K(1024640K), 0.0858900 secs] [Times: user=0.12 sys=0.00, real=0.09 secs] 
3521.053: [GC [PSYoungGen: 319473K->17799K(327040K)] 886816K->592604K(1026112K), 0.0570480 secs] [Times: user=0.14 sys=0.00, real=0.06 secs] 
3521.455: [GC [PSYoungGen: 321912K->14784K(326592K)] 896716K->598467K(1025664K), 0.0640440 secs] [Times: user=0.13 sys=0.01, real=0.07 secs] 
3521.936: [GC [PSYoungGen: 318912K->19446K(326528K)] 902595K->608070K(1025600K), 0.0660090 secs] [Times: user=0.15 sys=0.00, real=0.07 secs] 
3522.314: [GC [PSYoungGen: 323498K->13827K(317952K)] 912122K->608578K(1017024K), 0.0356330 secs] [Times: user=0.13 sys=0.00, real=0.04 secs] 
3522.750: [GC [PSYoungGen: 317891K->13060K(326272K)] 912642K->612678K(1025344K), 0.0489250 secs] [Times: user=0.12 sys=0.00, real=0.05 secs] 
3523.119: [GC [PSYoungGen: 316484K->18155K(326464K)] 916102K->622481K(1025536K), 0.0941140 secs] [Times: user=0.13 sys=0.00, real=0.09 secs] 
3523.583: [GC [PSYoungGen: 321579K->18924K(326336K)] 925905K->628461K(1025408K), 0.0947420 secs] [Times: user=0.13 sys=0.00, real=0.10 secs] 
3524.068: [GC [PSYoungGen: 322348K->16728K(326464K)] 931885K->633848K(1025536K), 0.0591970 secs] [Times: user=0.13 sys=0.00, real=0.05 secs] 
3524.424: [GC [PSYoungGen: 320152K->20118K(325824K)] 937272K->640955K(1024896K), 0.0597960 secs] [Times: user=0.14 sys=0.00, real=0.06 secs] 
3524.844: [GC [PSYoungGen: 323414K->17241K(326400K)] 944251K->646435K(1025472K), 0.0760410 secs] [Times: user=0.16 sys=0.01, real=0.08 secs] 
3525.270: [GC [PSYoungGen: 320537K->16145K(327232K)] 949731K->651281K(1026304K), 0.0740310 secs] [Times: user=0.12 sys=0.01, real=0.07 secs] 
3525.675: [GC [PSYoungGen: 320849K->17086K(326976K)] 955985K->656909K(1026048K), 0.0483920 secs] [Times: user=0.13 sys=0.01, real=0.05 secs] 
3526.105: [GC [PSYoungGen: 321790K->15850K(327936K)] 961613K->663154K(1027008K), 0.0501090 secs] [Times: user=0.14 sys=0.00, real=0.05 secs] 
3526.497: [GC [PSYoungGen: 322026K->15130K(327744K)] 969330K->670720K(1026816K), 0.0949350 secs] [Times: user=0.13 sys=0.00, real=0.10 secs] 
3526.886: [GC [PSYoungGen: 321306K->21428K(321536K)] 976896K->682532K(1020608K), 0.0533340 secs] [Times: user=0.15 sys=0.00, real=0.06 secs] 
3527.253: [GC [PSYoungGen: 321524K->15468K(324800K)] 982628K->683792K(1023872K), 0.0391900 secs] [Times: user=0.13 sys=0.01, real=0.04 secs] 
3527.645: [GC [PSYoungGen: 315564K->15370K(325312K)] 983888K->689962K(1024384K), 0.0437170 secs] [Times: user=0.12 sys=0.00, real=0.05 secs] 
3528.023: [GC [PSYoungGen: 316234K->13875K(325056K)] 990826K->695905K(1024128K), 0.0690650 secs] [Times: user=0.12 sys=0.00, real=0.07 secs] 
3528.464: [GC [PSYoungGen: 314739K->18006K(325760K)] 996769K->704631K(1024832K), 0.0758440 secs] [Times: user=0.13 sys=0.01, real=0.08 secs] 
3528.912: [GC [PSYoungGen: 319638K->15954K(325376K)] 1006263K->707063K(1024448K), 0.0721880 secs] [Times: user=0.13 sys=0.01, real=0.07 secs] 
3528.985: [Full GC [PSYoungGen: 15954K->0K(325376K)] [PSOldGen: 691109K->430794K(699072K)] 707063K->430794K(1024448K) [PSPermGen: 91617K->91617K(262144K)], 2.2895260 secs] [Times: user=2.28 sys=0.02, real=2.29 secs] 
3531.709: [GC [PSYoungGen: 301632K->16197K(326656K)] 732426K->446992K(1025728K), 0.0636980 secs] [Times: user=0.10 sys=0.00, real=0.06 secs] 
3532.126: [GC [PSYoungGen: 319557K->15344K(326208K)] 750352K->454370K(1025280K), 0.0690120 secs] [Times: user=0.13 sys=0.00, real=0.07 secs] 
3532.492: [GC [PSYoungGen: 318704K->19366K(326208K)] 757730K->465837K(1025280K), 0.0439340 secs] [Times: user=0.15 sys=0.01, real=0.04 secs] 
3532.949: [GC [PSYoungGen: 323046K->19079K(322816K)] 769517K->473417K(1021888K), 0.0490670 secs] [Times: user=0.16 sys=0.00, real=0.04 secs] 
3533.360: [GC [PSYoungGen: 322759K->19206K(326080K)] 777097K->477921K(1025152K), 0.0423420 secs] [Times: user=0.13 sys=0.00, real=0.04 secs] 
3533.791: [GC [PSYoungGen: 322246K->12804K(315904K)] 780961K->480511K(1014976K), 0.0351720 secs] [Times: user=0.12 sys=0.00, real=0.03 secs] 
3534.179: [GC [PSYoungGen: 315844K->19500K(325440K)] 783551K->491855K(1024512K), 0.0521480 secs] [Times: user=0.14 sys=0.00, real=0.05 secs] 
3534.697: [GC [PSYoungGen: 321516K->19407K(321472K)] 793871K->500813K(1020544K), 0.0481530 secs] [Times: user=0.15 sys=0.00, real=0.05 secs] 
3535.114: [GC [PSYoungGen: 321423K->16210K(326080K)] 802829K->501209K(1025152K), 0.0695490 secs] [Times: user=0.12 sys=0.00, real=0.07 secs] 
3535.553: [GC [PSYoungGen: 318418K->16081K(325632K)] 803417K->508091K(1024704K), 0.0683480 secs] [Times: user=0.13 sys=0.00, real=0.07 secs] 
3535.941: [GC [PSYoungGen: 318289K->20348K(325312K)] 810299K->518544K(1024384K), 0.0518370 secs] [Times: user=0.14 sys=0.00, real=0.05 secs] 
3536.384: [GC [PSYoungGen: 322620K->15012K(325888K)] 820816K->521908K(1024960K), 0.0605780 secs] [Times: user=0.14 sys=0.01, real=0.06 secs] 
3536.848: [GC [PSYoungGen: 317284K->18054K(326400K)] 824180K->531114K(1025472K), 0.0488760 secs] [Times: user=0.13 sys=0.00, real=0.05 secs] 
3537.197: [GC [PSYoungGen: 321030K->16638K(326080K)] 834090K->536065K(1025152K), 0.0457190 secs] [Times: user=0.13 sys=0.00, real=0.05 secs] 
3537.673: [GC [PSYoungGen: 319614K->18191K(327040K)] 839041K->543956K(1026112K), 0.0622510 secs] [Times: user=0.14 sys=0.01, real=0.06 secs] 
3538.093: [GC [PSYoungGen: 322575K->11313K(315712K)] 848340K->544525K(1014784K), 0.0498870 secs] [Times: user=0.13 sys=0.00, real=0.05 secs] 
3538.585: [GC [PSYoungGen: 315697K->14292K(326720K)] 848909K->551183K(1025792K), 0.0440230 secs] [Times: user=0.11 sys=0.00, real=0.04 secs] 
3538.987: [GC [PSYoungGen: 318036K->18806K(322560K)] 854927K->560335K(1021632K), 0.0603340 secs] [Times: user=0.13 sys=0.00, real=0.06 secs] 
3539.336: [GC [PSYoungGen: 322550K->14944K(326784K)] 864079K->564112K(1025856K), 0.0461380 secs] [Times: user=0.14 sys=0.01, real=0.05 secs] 
3539.721: [GC [PSYoungGen: 318688K->20243K(324032K)] 867856K->573839K(1023104K), 0.0523450 secs] [Times: user=0.14 sys=0.01, real=0.05 secs] 
3540.108: [GC [PSYoungGen: 323987K->14769K(326336K)] 877583K->576055K(1025408K), 0.0527710 secs] [Times: user=0.14 sys=0.00, real=0.06 secs] 
3540.473: [GC [PSYoungGen: 317681K->14675K(326080K)] 878967K->579883K(1025152K), 0.0626510 secs] [Times: user=0.12 sys=0.00, real=0.06 secs] 
3540.881: [GC [PSYoungGen: 317587K->17619K(326848K)] 882795K->590708K(1025920K), 0.0538260 secs] [Times: user=0.15 sys=0.00, real=0.05 secs] 
3541.364: [GC [PSYoungGen: 321619K->21015K(325056K)] 894708K->602251K(1024128K), 0.0715260 secs] [Times: user=0.17 sys=0.00, real=0.07 secs] 
3541.771: [GC [PSYoungGen: 325015K->16588K(326400K)] 906251K->605795K(1025472K), 0.0515370 secs] [Times: user=0.14 sys=0.00, real=0.05 secs] 
3542.190: [GC [PSYoungGen: 319308K->13819K(325824K)] 908515K->608655K(1024896K), 0.0478200 secs] [Times: user=0.13 sys=0.01, real=0.04 secs] 
3542.536: [GC [PSYoungGen: 316539K->18883K(326080K)] 911375K->620971K(1025152K), 0.0617470 secs] [Times: user=0.14 sys=0.00, real=0.06 secs] 
3542.934: [GC [PSYoungGen: 321923K->18668K(326272K)] 924011K->628845K(1025344K), 0.0641700 secs] [Times: user=0.16 sys=0.00, real=0.06 secs] 
3543.423: [GC [PSYoungGen: 321708K->21113K(324480K)] 931885K->638870K(1023552K), 0.0887710 secs] [Times: user=0.16 sys=0.00, real=0.09 secs] 
3543.887: [GC [PSYoungGen: 322361K->21426K(322688K)] 940118K->643895K(1021760K), 0.0413930 secs] [Times: user=0.15 sys=0.00, real=0.04 secs] 
3544.293: [GC [PSYoungGen: 322674K->16923K(325120K)] 945143K->643482K(1024192K), 0.0436510 secs] [Times: user=0.12 sys=0.00, real=0.04 secs] 
3544.734: [GC [PSYoungGen: 317147K->18990K(324608K)] 943706K->652003K(1023680K), 0.0599660 secs] [Times: user=0.13 sys=0.00, real=0.06 secs] 
3545.111: [GC [PSYoungGen: 319214K->16714K(325760K)] 952227K->658379K(1024832K), 0.0538530 secs] [Times: user=0.14 sys=0.00, real=0.05 secs] 
3545.536: [GC [PSYoungGen: 318282K->18075K(325312K)] 959947K->667536K(1024384K), 0.0772600 secs] [Times: user=0.15 sys=0.01, real=0.08 secs] 
3545.866: [GC [PSYoungGen: 319643K->18000K(326720K)] 969104K->673551K(1025792K), 0.0417930 secs] [Times: user=0.14 sys=0.00, real=0.04 secs] 
3546.297: [GC [PSYoungGen: 321488K->12215K(326272K)] 977039K->675049K(1025344K), 0.0791530 secs] [Times: user=0.11 sys=0.00, real=0.08 secs] 
3546.727: [GC [PSYoungGen: 315703K->15072K(326464K)] 978537K->682657K(1025536K), 0.0451580 secs] [Times: user=0.12 sys=0.01, real=0.05 secs] 
3547.100: [GC [PSYoungGen: 318304K->20312K(323584K)] 985889K->693297K(1022656K), 0.0662140 secs] [Times: user=0.14 sys=0.00, real=0.06 secs] 
3547.536: [GC [PSYoungGen: 323544K->17175K(326464K)] 996529K->699919K(1025536K), 0.0594390 secs] [Times: user=0.15 sys=0.00, real=0.06 secs] 
3548.042: [GC [PSYoungGen: 320023K->18642K(325888K)] 1002767K->709534K(1024960K), 0.0800580 secs] [Times: user=0.14 sys=0.01, real=0.08 secs] 
3548.122: [Full GC [PSYoungGen: 18642K->0K(325888K)] [PSOldGen: 690892K->430162K(699072K)] 709534K->430162K(1024960K) [PSPermGen: 91635K->91635K(262144K)], 2.2270550 secs] [Times: user=2.22 sys=0.00, real=2.22 secs] 
3550.654: [GC [PSYoungGen: 302848K->21520K(324608K)] 733010K->451683K(1023680K), 0.0505730 secs] [Times: user=0.13 sys=0.00, real=0.05 secs] 
3551.144: [GC [PSYoungGen: 323152K->16362K(325568K)] 753315K->456378K(1024640K), 0.1042300 secs] [Times: user=0.14 sys=0.00, real=0.10 secs] 
3551.562: [GC [PSYoungGen: 317994K->17214K(326400K)] 758010K->461378K(1025472K), 0.0658830 secs] [Times: user=0.13 sys=0.00, real=0.06 secs] 
3552.069: [GC [PSYoungGen: 320062K->16979K(325952K)] 764226K->465950K(1025024K), 0.0580780 secs] [Times: user=0.12 sys=0.00, real=0.06 secs] 
3552.562: [GC [PSYoungGen: 319827K->17726K(327296K)] 768798K->475860K(1026368K), 0.0856730 secs] [Times: user=0.14 sys=0.00, real=0.08 secs] 
3552.994: [GC [PSYoungGen: 322366K->14440K(326848K)] 780500K->477252K(1025920K), 0.0521870 secs] [Times: user=0.11 sys=0.00, real=0.05 secs] 
3553.478: [GC [PSYoungGen: 319080K->16112K(327488K)] 781892K->482498K(1026560K), 0.0587570 secs] [Times: user=0.11 sys=0.00, real=0.06 secs] 
3553.900: [GC [PSYoungGen: 321328K->14371K(327232K)] 787714K->489710K(1026304K), 0.0711900 secs] [Times: user=0.12 sys=0.00, real=0.08 secs] 
3554.286: [GC [PSYoungGen: 319587K->19968K(326208K)] 794926K->501875K(1025280K), 0.0659330 secs] [Times: user=0.14 sys=0.01, real=0.07 secs] 
3554.703: [GC [PSYoungGen: 324160K->14859K(326848K)] 806067K->503463K(1025920K), 0.0630820 secs] [Times: user=0.12 sys=0.00, real=0.06 secs] 
3555.148: [GC [PSYoungGen: 319038K->16069K(327424K)] 807642K->509998K(1026496K), 0.0582490 secs] [Times: user=0.13 sys=0.00, real=0.06 secs] 
3555.516: [GC [PSYoungGen: 321029K->14450K(327040K)] 814958K->513767K(1026112K), 0.0501470 secs] [Times: user=0.12 sys=0.00, real=0.05 secs] 
3555.912: [GC [PSYoungGen: 319410K->18779K(326976K)] 818727K->524391K(1026048K), 0.0575600 secs] [Times: user=0.15 sys=0.00, real=0.05 secs] 
3556.275: [GC [PSYoungGen: 323737K->15972K(327232K)] 829349K->530779K(1026304K), 0.0866880 secs] [Times: user=0.14 sys=0.00, real=0.08 secs] 
3556.732: [GC [PSYoungGen: 320932K->21875K(322240K)] 835739K->540318K(1021312K), 0.0690820 secs] [Times: user=0.14 sys=0.00, real=0.07 secs] 
3557.224: [GC [PSYoungGen: 322227K->14326K(324928K)] 840670K->541608K(1024000K), 0.0455840 secs] [Times: user=0.13 sys=0.00, real=0.04 secs] 
3557.542: [GC [PSYoungGen: 314678K->17961K(325504K)] 841960K->550772K(1024576K), 0.0481230 secs] [Times: user=0.13 sys=0.00, real=0.04 secs] 
3557.951: [GC [PSYoungGen: 319017K->12776K(325056K)] 851828K->551712K(1024128K), 0.0424470 secs] [Times: user=0.11 sys=0.00, real=0.05 secs] 
3558.322: [GC [PSYoungGen: 313832K->16477K(326016K)] 852768K->560190K(1025088K), 0.0461160 secs] [Times: user=0.11 sys=0.00, real=0.05 secs] 
3558.707: [GC [PSYoungGen: 318365K->18511K(325376K)] 862078K->569933K(1024448K), 0.0555990 secs] [Times: user=0.14 sys=0.00, real=0.06 secs] 
3559.140: [GC [PSYoungGen: 320386K->16012K(326528K)] 871809K->573491K(1025600K), 0.0591040 secs] [Times: user=0.13 sys=0.00, real=0.06 secs] 
3559.694: [GC [PSYoungGen: 319116K->18346K(326080K)] 876595K->582173K(1025152K), 0.0532740 secs] [Times: user=0.13 sys=0.00, real=0.05 secs] 
3560.069: [GC [PSYoungGen: 321450K->16931K(327168K)] 885277K->586744K(1026240K), 0.0605320 secs] [Times: user=0.15 sys=0.00, real=0.06 secs] 
3560.506: [GC [PSYoungGen: 321187K->13866K(326592K)] 891000K->589518K(1025664K), 0.0437280 secs] [Times: user=0.12 sys=0.00, real=0.04 secs] 
3560.905: [GC [PSYoungGen: 318122K->17058K(327616K)] 893774K->598663K(1026688K), 0.0731180 secs] [Times: user=0.12 sys=0.00, real=0.07 secs] 
3561.301: [GC [PSYoungGen: 322338K->19023K(327168K)] 903943K->606843K(1026240K), 0.0576130 secs] [Times: user=0.14 sys=0.00, real=0.06 secs] 
3561.783: [GC [PSYoungGen: 324295K->20133K(326016K)] 912115K->614358K(1025088K), 0.0528950 secs] [Times: user=0.15 sys=0.01, real=0.05 secs] 
3562.186: [GC [PSYoungGen: 323941K->17263K(326656K)] 918166K->616820K(1025728K), 0.0741740 secs] [Times: user=0.14 sys=0.00, real=0.07 secs] 
3562.611: [GC [PSYoungGen: 321071K->14709K(327232K)] 920628K->621083K(1026304K), 0.0475490 secs] [Times: user=0.12 sys=0.00, real=0.05 secs] 
3563.035: [GC [PSYoungGen: 319605K->16269K(327168K)] 925979K->627448K(1026240K), 0.0656400 secs] [Times: user=0.14 sys=0.01, real=0.06 secs] 
3563.408: [GC [PSYoungGen: 321165K->19708K(326592K)] 932344K->639402K(1025664K), 0.0606130 secs] [Times: user=0.16 sys=0.00, real=0.06 secs] 
3563.823: [GC [PSYoungGen: 324412K->19875K(324608K)] 944106K->647141K(1023680K), 0.1030290 secs] [Times: user=0.19 sys=0.01, real=0.11 secs] 
3564.322: [GC [PSYoungGen: 324579K->16591K(327040K)] 951845K->650935K(1026112K), 0.0771970 secs] [Times: user=0.12 sys=0.01, real=0.08 secs] 
3564.722: [GC [PSYoungGen: 320783K->21700K(325952K)] 955127K->659715K(1025024K), 0.0819650 secs] [Times: user=0.16 sys=0.01, real=0.09 secs] 
3565.170: [GC [PSYoungGen: 325892K->16685K(326272K)] 963907K->663921K(1025344K), 0.0732770 secs] [Times: user=0.17 sys=0.00, real=0.08 secs] 
3565.548: [GC [PSYoungGen: 319402K->15415K(325952K)] 966638K->666931K(1025024K), 0.0471500 secs] [Times: user=0.13 sys=0.01, real=0.05 secs] 
3565.961: [GC [PSYoungGen: 318135K->17096K(326912K)] 969651K->673403K(1025984K), 0.0584410 secs] [Times: user=0.14 sys=0.00, real=0.06 secs] 
3566.336: [GC [PSYoungGen: 320968K->14619K(326464K)] 977275K->677251K(1025536K), 0.0453470 secs] [Times: user=0.13 sys=0.00, real=0.04 secs] 
3566.747: [GC [PSYoungGen: 318491K->18063K(327168K)] 981123K->687519K(1026240K), 0.0679710 secs] [Times: user=0.14 sys=0.00, real=0.07 secs] 
3567.231: [GC [PSYoungGen: 322703K->15909K(326976K)] 992159K->691094K(1026048K), 0.0647980 secs] [Times: user=0.14 sys=0.00, real=0.07 secs] 
3567.641: [GC [PSYoungGen: 320549K->18824K(327168K)] 995734K->700145K(1026240K), 0.0531720 secs] [Times: user=0.14 sys=0.00, real=0.06 secs] 
3568.054: [GC [PSYoungGen: 323912K->18829K(323968K)] 1005233K->709167K(1023040K), 0.0626970 secs] [Times: user=0.17 sys=0.00, real=0.06 secs] 
3568.117: [Full GC [PSYoungGen: 18829K->0K(323968K)] [PSOldGen: 690337K->397521K(699072K)] 709167K->397521K(1023040K) [PSPermGen: 91649K->91588K(262144K)], 2.4853360 secs] [Times: user=2.48 sys=0.00, real=2.48 secs] 
3571.050: [GC [PSYoungGen: 305088K->21146K(325440K)] 702609K->418668K(1024512K), 0.0629140 secs] [Times: user=0.12 sys=0.00, real=0.06 secs] 
3571.515: [GC [PSYoungGen: 324309K->16024K(326336K)] 721830K->423907K(1025408K), 0.0564990 secs] [Times: user=0.16 sys=0.00, real=0.05 secs] 
3571.862: [GC [PSYoungGen: 319192K->17168K(327040K)] 727075K->430442K(1026112K), 0.0647070 secs] [Times: user=0.12 sys=0.00, real=0.07 secs] 
3572.276: [GC [PSYoungGen: 321293K->16382K(326592K)] 734568K->436939K(1025664K), 0.0540400 secs] [Times: user=0.13 sys=0.00, real=0.05 secs] 
3572.758: [GC [PSYoungGen: 320510K->19533K(326656K)] 741067K->446935K(1025728K), 0.0928850 secs] [Times: user=0.14 sys=0.00, real=0.09 secs] 
3573.240: [GC [PSYoungGen: 323981K->17354K(326976K)] 751383K->452596K(1026048K), 0.0661260 secs] [Times: user=0.13 sys=0.00, real=0.07 secs] 
3573.616: [GC [PSYoungGen: 321802K->18738K(327488K)] 757044K->459836K(1026560K), 0.0494890 secs] [Times: user=0.14 sys=0.00, real=0.05 secs] 
3574.063: [GC [PSYoungGen: 324146K->19520K(324992K)] 765244K->467776K(1024064K), 0.0714270 secs] [Times: user=0.17 sys=0.00, real=0.08 secs] 
3574.619: [GC [PSYoungGen: 324928K->18291K(327552K)] 773184K->474620K(1026624K), 0.0576800 secs] [Times: user=0.15 sys=0.00, real=0.06 secs] 
3574.999: [GC [PSYoungGen: 323571K->17966K(327232K)] 779900K->480650K(1026304K), 0.0536340 secs] [Times: user=0.13 sys=0.00, real=0.05 secs] 
3575.480: [GC [PSYoungGen: 323246K->15264K(327680K)] 785930K->486175K(1026752K), 0.0628620 secs] [Times: user=0.13 sys=0.01, real=0.06 secs] 
3575.887: [GC [PSYoungGen: 321376K->18427K(327808K)] 792287K->492938K(1026880K), 0.1187790 secs] [Times: user=0.17 sys=0.01, real=0.12 secs] 
3576.444: [GC [PSYoungGen: 324537K->14785K(327680K)] 799048K->497762K(1026752K), 0.0488520 secs] [Times: user=0.12 sys=0.01, real=0.05 secs] 
3576.818: [GC [PSYoungGen: 320897K->17453K(327808K)] 803874K->505907K(1026880K), 0.0498260 secs] [Times: user=0.15 sys=0.00, real=0.05 secs] 
3577.256: [GC [PSYoungGen: 323565K->18662K(328128K)] 812019K->514046K(1027200K), 0.0556900 secs] [Times: user=0.15 sys=0.00, real=0.05 secs] 
3577.674: [GC [PSYoungGen: 325542K->21270K(328192K)] 820926K->520896K(1027264K), 0.0630880 secs] [Times: user=0.13 sys=0.00, real=0.07 secs] 
3578.111: [GC [PSYoungGen: 328150K->19362K(326016K)] 827776K->525984K(1025088K), 0.0731570 secs] [Times: user=0.15 sys=0.00, real=0.07 secs] 
3578.538: [GC [PSYoungGen: 324066K->16646K(327104K)] 830688K->527699K(1026176K), 0.0726280 secs] [Times: user=0.12 sys=0.00, real=0.07 secs] 
3578.992: [GC [PSYoungGen: 321350K->17351K(327616K)] 832403K->534080K(1026688K), 0.0615290 secs] [Times: user=0.12 sys=0.00, real=0.06 secs] 
3579.361: [GC [PSYoungGen: 322759K->20546K(326016K)] 839488K->544584K(1025088K), 0.0597300 secs] [Times: user=0.15 sys=0.01, real=0.06 secs] 
3579.757: [GC [PSYoungGen: 325954K->18995K(327104K)] 849992K->550327K(1026176K), 0.0597110 secs] [Times: user=0.15 sys=0.00, real=0.06 secs] 
3580.171: [GC [PSYoungGen: 323635K->17868K(327040K)] 854967K->554909K(1026112K), 0.0719250 secs] [Times: user=0.14 sys=0.00, real=0.07 secs] 
3580.564: [GC [PSYoungGen: 322508K->18027K(327808K)] 859549K->562285K(1026880K), 0.1416130 secs] [Times: user=0.20 sys=0.00, real=0.15 secs] 
3581.068: [GC [PSYoungGen: 323819K->17874K(327488K)] 868077K->568119K(1026560K), 0.0803220 secs] [Times: user=0.13 sys=0.00, real=0.08 secs] 
3581.442: [GC [PSYoungGen: 323666K->14428K(327488K)] 873911K->572671K(1026560K), 0.0671260 secs] [Times: user=0.13 sys=0.00, real=0.07 secs] 
3582.077: [GC [PSYoungGen: 320540K->17307K(327808K)] 878783K->580724K(1026880K), 0.0364920 secs] [Times: user=0.13 sys=0.00, real=0.03 secs] 
3582.460: [GC [PSYoungGen: 323419K->17240K(328384K)] 886836K->588213K(1027456K), 0.0466740 secs] [Times: user=0.13 sys=0.00, real=0.05 secs] 
3582.803: [GC [PSYoungGen: 324223K->20390K(327424K)] 895196K->599242K(1026496K), 0.0744200 secs] [Times: user=0.15 sys=0.00, real=0.08 secs] 
3583.259: [GC [PSYoungGen: 327394K->15682K(327744K)] 906245K->602658K(1026816K), 0.0541680 secs] [Times: user=0.13 sys=0.00, real=0.05 secs] 
3583.718: [GC [PSYoungGen: 321666K->18883K(324928K)] 908642K->610702K(1024000K), 0.0492040 secs] [Times: user=0.13 sys=0.00, real=0.05 secs] 
3584.141: [GC [PSYoungGen: 324867K->18444K(327872K)] 916686K->619312K(1026944K), 0.0598850 secs] [Times: user=0.16 sys=0.00, real=0.06 secs] 
3584.647: [GC [PSYoungGen: 324492K->18805K(327680K)] 925360K->625912K(1026752K), 0.0704130 secs] [Times: user=0.15 sys=0.00, real=0.07 secs] 
3585.004: [GC [PSYoungGen: 324853K->18343K(328128K)] 931960K->628251K(1027200K), 0.0576270 secs] [Times: user=0.12 sys=0.00, real=0.06 secs] 
3585.478: [GC [PSYoungGen: 324903K->15511K(327936K)] 934811K->631492K(1027008K), 0.0592120 secs] [Times: user=0.13 sys=0.00, real=0.06 secs] 
3585.981: [GC [PSYoungGen: 322071K->17685K(328384K)] 938052K->640357K(1027456K), 0.0568020 secs] [Times: user=0.16 sys=0.01, real=0.06 secs] 
3586.494: [GC [PSYoungGen: 324612K->16572K(328064K)] 947284K->644132K(1027136K), 0.1013320 secs] [Times: user=0.13 sys=0.00, real=0.10 secs] 
3586.964: [GC [PSYoungGen: 323516K->20934K(326720K)] 951076K->652996K(1025792K), 0.0720020 secs] [Times: user=0.15 sys=0.00, real=0.08 secs] 
3587.354: [GC [PSYoungGen: 326662K->17543K(327616K)] 958724K->658753K(1026688K), 0.0450450 secs] [Times: user=0.15 sys=0.00, real=0.05 secs] 
3587.744: [GC [PSYoungGen: 323271K->19451K(327552K)] 964481K->668956K(1026624K), 0.0633410 secs] [Times: user=0.14 sys=0.00, real=0.07 secs] 
3588.175: [GC [PSYoungGen: 325435K->13927K(319936K)] 974940K->668046K(1019008K), 0.0646970 secs] [Times: user=0.11 sys=0.00, real=0.07 secs] 
3588.568: [GC [PSYoungGen: 319911K->17219K(327744K)] 974030K->675009K(1026816K), 0.0522900 secs] [Times: user=0.12 sys=0.00, real=0.05 secs] 
3589.016: [GC [PSYoungGen: 322883K->16727K(327424K)] 980673K->682769K(1026496K), 0.0740600 secs] [Times: user=0.15 sys=0.00, real=0.08 secs] 
3589.389: [GC [PSYoungGen: 322391K->20523K(326592K)] 988433K->693939K(1025664K), 0.0580360 secs] [Times: user=0.15 sys=0.00, real=0.06 secs] 
3589.942: [GC [PSYoungGen: 325605K->16561K(327296K)] 999020K->696188K(1026368K), 0.1276670 secs] [Times: user=0.18 sys=0.01, real=0.13 secs] 
3590.433: [GC [PSYoungGen: 321649K->15941K(327616K)] 1001276K->702571K(1026688K), 0.0428440 secs] [Times: user=0.14 sys=0.00, real=0.04 secs] 
3590.874: [GC [PSYoungGen: 321605K->18898K(327552K)] 1008235K->712878K(1026624K), 0.0656950 secs] [Times: user=0.16 sys=0.00, real=0.07 secs] 
3590.939: [Full GC [PSYoungGen: 18898K->0K(327552K)] [PSOldGen: 693980K->434678K(699072K)] 712878K->434678K(1026624K) [PSPermGen: 91603K->91603K(262144K)], 2.3991680 secs] [Times: user=2.40 sys=0.01, real=2.40 secs] 
3593.681: [GC [PSYoungGen: 305664K->21754K(325376K)] 740342K->456432K(1024448K), 0.0526660 secs] [Times: user=0.12 sys=0.00, real=0.05 secs] 
3594.131: [GC [PSYoungGen: 325178K->14883K(318336K)] 759856K->458977K(1017408K), 0.0560510 secs] [Times: user=0.14 sys=0.00, real=0.05 secs] 
3594.565: [GC [PSYoungGen: 318307K->14416K(326400K)] 762401K->461088K(1025472K), 0.0546990 secs] [Times: user=0.11 sys=0.01, real=0.06 secs] 
3594.952: [GC [PSYoungGen: 317712K->16806K(326400K)] 764384K->470880K(1025472K), 0.0814880 secs] [Times: user=0.13 sys=0.00, real=0.08 secs] 
3595.339: [GC [PSYoungGen: 320102K->19537K(326336K)] 774176K->479596K(1025408K), 0.0528170 secs] [Times: user=0.13 sys=0.00, real=0.05 secs] 
3595.757: [GC [PSYoungGen: 323217K->16476K(326592K)] 783276K->483100K(1025664K), 0.0451150 secs] [Times: user=0.13 sys=0.00, real=0.05 secs] 
3596.133: [GC [PSYoungGen: 320156K->17826K(327296K)] 786780K->488033K(1026368K), 0.0869100 secs] [Times: user=0.12 sys=0.00, real=0.09 secs] 
3596.524: [GC [PSYoungGen: 322530K->19698K(326912K)] 792737K->495312K(1025984K), 0.0776330 secs] [Times: user=0.13 sys=0.00, real=0.08 secs] 
3596.957: [GC [PSYoungGen: 324402K->13491K(326464K)] 800016K->496673K(1025536K), 0.0451340 secs] [Times: user=0.12 sys=0.00, real=0.05 secs] 
3597.332: [GC [PSYoungGen: 317427K->18206K(326720K)] 800609K->504266K(1025792K), 0.0565630 secs] [Times: user=0.12 sys=0.00, real=0.05 secs] 
3597.724: [GC [PSYoungGen: 322142K->15471K(327104K)] 808202K->510665K(1026176K), 0.0499130 secs] [Times: user=0.13 sys=0.00, real=0.05 secs] 
3598.125: [GC [PSYoungGen: 319983K->20950K(325504K)] 815177K->522751K(1024576K), 0.0804140 secs] [Times: user=0.15 sys=0.02, real=0.08 secs] 
3598.540: [GC [PSYoungGen: 325462K->14354K(326272K)] 827263K->522875K(1025344K), 0.0602800 secs] [Times: user=0.12 sys=0.00, real=0.06 secs] 
3598.920: [GC [PSYoungGen: 317330K->18649K(326208K)] 825851K->530254K(1025280K), 0.0503340 secs] [Times: user=0.13 sys=0.01, real=0.05 secs] 
3599.298: [GC [PSYoungGen: 321625K->17729K(326784K)] 833230K->539623K(1025856K), 0.0699350 secs] [Times: user=0.15 sys=0.01, real=0.07 secs] 
3599.659: [GC [PSYoungGen: 321345K->17641K(326336K)] 843239K->545280K(1025408K), 0.0505500 secs] [Times: user=0.13 sys=0.00, real=0.05 secs] 
3600.124: [GC [PSYoungGen: 321257K->15234K(327360K)] 848896K->549911K(1026432K), 0.0797420 secs] [Times: user=0.12 sys=0.00, real=0.08 secs] 
3600.557: [GC [PSYoungGen: 320322K->17182K(327232K)] 854999K->555960K(1026304K), 0.0499050 secs] [Times: user=0.12 sys=0.00, real=0.05 secs] 
3601.000: [GC [PSYoungGen: 322270K->16121K(328064K)] 861048K->560115K(1027136K), 0.0765230 secs] [Times: user=0.12 sys=0.00, real=0.07 secs] 
3601.477: [GC [PSYoungGen: 322483K->19132K(325504K)] 866478K->569236K(1024576K), 0.0498070 secs] [Times: user=0.14 sys=0.00, real=0.05 secs] 
3601.894: [GC [PSYoungGen: 325500K->14662K(327744K)] 875604K->572463K(1026816K), 0.0447380 secs] [Times: user=0.12 sys=0.00, real=0.05 secs] 
3602.289: [GC [PSYoungGen: 320646K->16844K(327744K)] 878447K->579275K(1026816K), 0.0676460 secs] [Times: user=0.13 sys=0.00, real=0.06 secs] 
3602.676: [GC [PSYoungGen: 322828K->20316K(326528K)] 885259K->589836K(1025600K), 0.0639990 secs] [Times: user=0.16 sys=0.01, real=0.07 secs] 
3603.100: [GC [PSYoungGen: 325532K->20069K(325312K)] 895052K->596337K(1024384K), 0.0853400 secs] [Times: user=0.15 sys=0.00, real=0.08 secs] 
3603.491: [GC [PSYoungGen: 325285K->16873K(327232K)] 901553K->598667K(1026304K), 0.0466690 secs] [Times: user=0.14 sys=0.00, real=0.04 secs] 
3603.928: [GC [PSYoungGen: 321449K->19376K(326848K)] 903243K->607596K(1025920K), 0.1023190 secs] [Times: user=0.14 sys=0.00, real=0.11 secs] 
3604.352: [GC [PSYoungGen: 323952K->11586K(325888K)] 912172K->606089K(1024960K), 0.0400670 secs] [Times: user=0.11 sys=0.01, real=0.04 secs] 
3604.728: [GC [PSYoungGen: 315010K->17546K(326464K)] 909513K->615715K(1025536K), 0.0419920 secs] [Times: user=0.12 sys=0.00, real=0.05 secs] 
3605.079: [GC [PSYoungGen: 320970K->16727K(327360K)] 919139K->622537K(1026432K), 0.0659260 secs] [Times: user=0.16 sys=0.01, real=0.07 secs] 
3605.486: [GC [PSYoungGen: 321495K->14368K(326912K)] 927305K->626316K(1025984K), 0.0489730 secs] [Times: user=0.14 sys=0.00, real=0.05 secs] 
3605.889: [GC [PSYoungGen: 319136K->15212K(327616K)] 931084K->632905K(1026688K), 0.0787750 secs] [Times: user=0.12 sys=0.00, real=0.07 secs] 
3606.375: [GC [PSYoungGen: 320684K->16946K(327360K)] 938377K->641883K(1026432K), 0.0792060 secs] [Times: user=0.15 sys=0.01, real=0.08 secs] 
3606.793: [GC [PSYoungGen: 322418K->17453K(328256K)] 947355K->647624K(1027328K), 0.0516520 secs] [Times: user=0.13 sys=0.01, real=0.05 secs] 
3607.253: [GC [PSYoungGen: 324269K->15220K(328064K)] 954440K->652356K(1027136K), 0.0707240 secs] [Times: user=0.13 sys=0.00, real=0.07 secs] 
3607.678: [GC [PSYoungGen: 322036K->20954K(326016K)] 959172K->663591K(1025088K), 0.0647640 secs] [Times: user=0.14 sys=0.00, real=0.07 secs] 
3608.212: [GC [PSYoungGen: 325914K->12606K(317568K)] 968551K->662139K(1016640K), 0.0699810 secs] [Times: user=0.13 sys=0.01, real=0.07 secs] 
3608.654: [GC [PSYoungGen: 317566K->20091K(325632K)] 967099K->674464K(1024704K), 0.0567950 secs] [Times: user=0.15 sys=0.00, real=0.06 secs] 
3609.006: [GC [PSYoungGen: 323259K->18625K(326336K)] 977632K->683538K(1025408K), 0.0786430 secs] [Times: user=0.16 sys=0.00, real=0.08 secs] 
3609.493: [GC [PSYoungGen: 321793K->15043K(326592K)] 986706K->687031K(1025664K), 0.0545900 secs] [Times: user=0.13 sys=0.00, real=0.05 secs] 
3609.898: [GC [PSYoungGen: 318467K->16135K(326336K)] 990455K->694899K(1025408K), 0.0473460 secs] [Times: user=0.13 sys=0.00, real=0.05 secs] 
3610.342: [GC [PSYoungGen: 319559K->19329K(326272K)] 998323K->704729K(1025344K), 0.0452500 secs] [Times: user=0.14 sys=0.00, real=0.04 secs] 
3610.778: [GC [PSYoungGen: 323137K->17899K(326656K)] 1008537K->709733K(1025728K), 0.0617420 secs] [Times: user=0.14 sys=0.00, real=0.06 secs] 
3610.840: [Full GC [PSYoungGen: 17899K->0K(326656K)] [PSOldGen: 691834K->429194K(699072K)] 709733K->429194K(1025728K) [PSPermGen: 91622K->91622K(262144K)], 2.3145120 secs] [Times: user=2.32 sys=0.00, real=2.32 secs] 
3613.445: [GC [PSYoungGen: 303808K->22514K(323776K)] 733002K->452139K(1022848K), 0.0479810 secs] [Times: user=0.13 sys=0.00, real=0.05 secs] 
3613.827: [GC [PSYoungGen: 323762K->17168K(325376K)] 753387K->455727K(1024448K), 0.0563100 secs] [Times: user=0.13 sys=0.00, real=0.06 secs] 
3614.261: [GC [PSYoungGen: 318416K->15704K(326144K)] 756975K->457851K(1025216K), 0.0437540 secs] [Times: user=0.12 sys=0.00, real=0.04 secs] 
3614.676: [GC [PSYoungGen: 318232K->16097K(325888K)] 760379K->463968K(1024960K), 0.0665870 secs] [Times: user=0.13 sys=0.00, real=0.07 secs] 
3615.109: [GC [PSYoungGen: 318625K->16591K(326912K)] 766496K->470641K(1025984K), 0.0459000 secs] [Times: user=0.13 sys=0.00, real=0.05 secs] 
3615.512: [GC [PSYoungGen: 320463K->14930K(326464K)] 774513K->476415K(1025536K), 0.1043720 secs] [Times: user=0.12 sys=0.00, real=0.10 secs] 
3615.990: [GC [PSYoungGen: 318802K->15650K(327360K)] 780287K->482065K(1026432K), 0.0907750 secs] [Times: user=0.13 sys=0.00, real=0.09 secs] 
3616.491: [GC [PSYoungGen: 320546K->17637K(327040K)] 786961K->488002K(1026112K), 0.0659130 secs] [Times: user=0.15 sys=0.01, real=0.07 secs] 
3616.876: [GC [PSYoungGen: 322533K->14617K(327680K)] 792898K->492475K(1026752K), 0.0626010 secs] [Times: user=0.11 sys=0.00, real=0.06 secs] 
3617.376: [GC [PSYoungGen: 320409K->19619K(325440K)] 798267K->504278K(1024512K), 0.0692440 secs] [Times: user=0.15 sys=0.00, real=0.07 secs] 
3617.841: [GC [PSYoungGen: 325411K->14337K(327232K)] 810070K->507888K(1026304K), 0.0489670 secs] [Times: user=0.12 sys=0.00, real=0.05 secs] 
3618.201: [GC [PSYoungGen: 319169K->20348K(325184K)] 812720K->519551K(1024256K), 0.0527940 secs] [Times: user=0.13 sys=0.00, real=0.06 secs] 
3618.717: [GC [PSYoungGen: 325180K->17323K(326912K)] 824383K->525342K(1025984K), 0.0639250 secs] [Times: user=0.13 sys=0.00, real=0.06 secs] 
3619.130: [GC [PSYoungGen: 321131K->15436K(326400K)] 829150K->526582K(1025472K), 0.0440530 secs] [Times: user=0.11 sys=0.00, real=0.05 secs] 
3619.554: [GC [PSYoungGen: 319244K->14432K(327296K)] 830390K->532609K(1026368K), 0.0718150 secs] [Times: user=0.12 sys=0.00, real=0.07 secs] 
3619.974: [GC [PSYoungGen: 319392K->15414K(327168K)] 837569K->539123K(1026240K), 0.0623710 secs] [Times: user=0.14 sys=0.00, real=0.06 secs] 
3620.394: [GC [PSYoungGen: 320374K->19116K(326848K)] 844083K->548018K(1025920K), 0.0454330 secs] [Times: user=0.14 sys=0.00, real=0.04 secs] 
3620.798: [GC [PSYoungGen: 324076K->15527K(327232K)] 852978K->553728K(1026304K), 0.0373450 secs] [Times: user=0.13 sys=0.00, real=0.04 secs] 
3621.243: [GC [PSYoungGen: 320486K->14227K(327616K)] 858687K->556353K(1026688K), 0.0773690 secs] [Times: user=0.11 sys=0.00, real=0.07 secs] 
3621.694: [GC [PSYoungGen: 319891K->16095K(327552K)] 862017K->560672K(1026624K), 0.0495740 secs] [Times: user=0.11 sys=0.00, real=0.05 secs] 
3622.054: [GC [PSYoungGen: 321759K->18018K(327872K)] 866336K->569267K(1026944K), 0.0762030 secs] [Times: user=0.13 sys=0.00, real=0.07 secs] 
3622.492: [GC [PSYoungGen: 324514K->19656K(326208K)] 875763K->578466K(1025280K), 0.0469040 secs] [Times: user=0.15 sys=0.00, real=0.04 secs] 
3623.000: [GC [PSYoungGen: 326152K->16161K(327744K)] 884962K->581361K(1026816K), 0.0701850 secs] [Times: user=0.15 sys=0.00, real=0.07 secs] 
3623.407: [GC [PSYoungGen: 321761K->19962K(325568K)] 886961K->589304K(1024640K), 0.0527040 secs] [Times: user=0.15 sys=0.00, real=0.05 secs] 
3623.819: [GC [PSYoungGen: 325562K->17041K(327616K)] 894904K->594301K(1026688K), 0.0618040 secs] [Times: user=0.13 sys=0.01, real=0.06 secs] 
3624.292: [GC [PSYoungGen: 322257K->13010K(327104K)] 899517K->594367K(1026176K), 0.0414730 secs] [Times: user=0.11 sys=0.00, real=0.05 secs] 
3624.730: [GC [PSYoungGen: 318226K->15589K(327744K)] 899583K->601277K(1026816K), 0.0374170 secs] [Times: user=0.12 sys=0.00, real=0.04 secs] 
3625.075: [GC [PSYoungGen: 321189K->18720K(327360K)] 906877K->609066K(1026432K), 0.0536050 secs] [Times: user=0.15 sys=0.00, real=0.05 secs] 
3625.591: [GC [PSYoungGen: 324320K->14235K(327552K)] 914666K->614041K(1026624K), 0.0511150 secs] [Times: user=0.15 sys=0.00, real=0.05 secs] 
3625.930: [GC [PSYoungGen: 319707K->18051K(327424K)] 919513K->623683K(1026496K), 0.0442830 secs] [Times: user=0.14 sys=0.00, real=0.05 secs] 
3626.342: [GC [PSYoungGen: 323523K->18136K(327488K)] 929155K->631712K(1026560K), 0.0566140 secs] [Times: user=0.17 sys=0.00, real=0.06 secs] 
3626.703: [GC [PSYoungGen: 323608K->19415K(324928K)] 937184K->638420K(1024000K), 0.0474810 secs] [Times: user=0.13 sys=0.00, real=0.04 secs] 
3627.095: [GC [PSYoungGen: 324887K->17365K(327488K)] 943892K->644067K(1026560K), 0.0704970 secs] [Times: user=0.17 sys=0.00, real=0.07 secs] 
3627.541: [GC [PSYoungGen: 322453K->16305K(327104K)] 949155K->650102K(1026176K), 0.0600650 secs] [Times: user=0.15 sys=0.00, real=0.06 secs] 
3627.885: [GC [PSYoungGen: 321393K->18103K(327936K)] 955190K->656356K(1027008K), 0.0498630 secs] [Times: user=0.13 sys=0.00, real=0.05 secs] 
3628.269: [GC [PSYoungGen: 324407K->15700K(327872K)] 962660K->660491K(1026944K), 0.0774350 secs] [Times: user=0.14 sys=0.00, real=0.08 secs] 
3628.754: [GC [PSYoungGen: 322004K->20236K(326592K)] 966795K->673820K(1025664K), 0.0699730 secs] [Times: user=0.17 sys=0.00, real=0.07 secs] 
3629.133: [GC [PSYoungGen: 325452K->17029K(327360K)] 979036K->675477K(1026432K), 0.0563620 secs] [Times: user=0.13 sys=0.01, real=0.06 secs] 
3629.593: [GC [PSYoungGen: 322245K->20179K(326528K)] 980693K->680676K(1025600K), 0.0548020 secs] [Times: user=0.13 sys=0.01, real=0.06 secs] 
3630.122: [GC [PSYoungGen: 325011K->19359K(324224K)] 985508K->687696K(1023296K), 0.0935870 secs] [Times: user=0.15 sys=0.00, real=0.10 secs] 
3630.498: [GC [PSYoungGen: 324189K->16836K(327296K)] 992525K->689492K(1026368K), 0.0557390 secs] [Times: user=0.13 sys=0.00, real=0.06 secs] 
3630.916: [GC [PSYoungGen: 321604K->20387K(325184K)] 994260K->697051K(1024256K), 0.0581180 secs] [Times: user=0.15 sys=0.00, real=0.06 secs] 
3632.257: [GC [PSYoungGen: 325155K->15691K(326848K)] 1001819K->697373K(1025920K), 0.0465420 secs] [Times: user=0.13 sys=0.00, real=0.05 secs] 
3632.647: [GC [PSYoungGen: 319755K->21043K(325120K)] 1001437K->707816K(1024192K), 0.0776850 secs] [Times: user=0.13 sys=0.00, real=0.08 secs] 
3632.990: [GC [PSYoungGen: 325107K->21081K(324928K)] 1011880K->716965K(1024000K), 0.0644650 secs] [Times: user=0.16 sys=0.00, real=0.07 secs] 
3633.055: [Full GC [PSYoungGen: 21081K->0K(324928K)] [PSOldGen: 695883K->437485K(699072K)] 716965K->437485K(1024000K) [PSPermGen: 91637K->91637K(262144K)], 2.3217690 secs] [Times: user=2.32 sys=0.01, real=2.32 secs] 
3635.733: [GC [PSYoungGen: 301504K->20199K(321728K)] 738989K->457684K(1020800K), 0.0424020 secs] [Times: user=0.11 sys=0.00, real=0.05 secs] 
3636.070: [GC [PSYoungGen: 321698K->17551K(325760K)] 759184K->464279K(1024832K), 0.0806340 secs] [Times: user=0.14 sys=0.00, real=0.08 secs] 
3636.526: [GC [PSYoungGen: 319183K->12929K(325376K)] 765911K->464724K(1024448K), 0.0337540 secs] [Times: user=0.10 sys=0.00, real=0.03 secs] 
3636.917: [GC [PSYoungGen: 314561K->16967K(325824K)] 766356K->472398K(1024896K), 0.0487810 secs] [Times: user=0.12 sys=0.00, real=0.05 secs] 
3637.395: [GC [PSYoungGen: 318663K->16718K(325376K)] 774094K->478777K(1024448K), 0.0516420 secs] [Times: user=0.13 sys=0.00, real=0.05 secs] 
3637.747: [GC [PSYoungGen: 318414K->16081K(326528K)] 780473K->485934K(1025600K), 0.0526540 secs] [Times: user=0.15 sys=0.00, real=0.05 secs] 
3638.149: [GC [PSYoungGen: 319313K->20521K(323776K)] 789166K->497781K(1022848K), 0.0632980 secs] [Times: user=0.16 sys=0.00, real=0.06 secs] 
3638.603: [GC [PSYoungGen: 323753K->15655K(326144K)] 801013K->501251K(1025216K), 0.0689750 secs] [Times: user=0.13 sys=0.00, real=0.07 secs] 
3639.012: [GC [PSYoungGen: 318247K->15827K(325952K)] 803843K->505008K(1025024K), 0.0500630 secs] [Times: user=0.12 sys=0.00, real=0.05 secs] 
3639.486: [GC [PSYoungGen: 318418K->15031K(326592K)] 807599K->512424K(1025664K), 0.0613900 secs] [Times: user=0.14 sys=0.00, real=0.06 secs] 
3639.828: [GC [PSYoungGen: 318517K->20787K(324288K)] 815909K->523955K(1023360K), 0.0723190 secs] [Times: user=0.14 sys=0.00, real=0.07 secs] 
3640.246: [GC [PSYoungGen: 324275K->15470K(326080K)] 827443K->526973K(1025152K), 0.0515290 secs] [Times: user=0.13 sys=0.00, real=0.05 secs] 
3640.608: [GC [PSYoungGen: 317870K->17848K(325824K)] 829373K->534162K(1024896K), 0.0454820 secs] [Times: user=0.12 sys=0.01, real=0.04 secs] 
3640.933: [GC [PSYoungGen: 320248K->15726K(326784K)] 836562K->538566K(1025856K), 0.0700000 secs] [Times: user=0.13 sys=0.00, real=0.07 secs] 
3641.381: [GC [PSYoungGen: 319470K->20456K(324224K)] 842310K->548032K(1023296K), 0.0416600 secs] [Times: user=0.12 sys=0.00, real=0.04 secs] 
3641.815: [GC [PSYoungGen: 324200K->16044K(326464K)] 851776K->548438K(1025536K), 0.0429270 secs] [Times: user=0.13 sys=0.00, real=0.05 secs] 
3642.294: [GC [PSYoungGen: 319148K->13964K(326144K)] 851542K->551668K(1025216K), 0.0428160 secs] [Times: user=0.11 sys=0.00, real=0.05 secs] 
3642.678: [GC [PSYoungGen: 317068K->18269K(326592K)] 854772K->563454K(1025664K), 0.0565890 secs] [Times: user=0.14 sys=0.00, real=0.05 secs] 
3643.116: [GC [PSYoungGen: 321757K->17420K(326400K)] 866942K->571985K(1025472K), 0.0521430 secs] [Times: user=0.14 sys=0.00, real=0.05 secs] 
3643.535: [GC [PSYoungGen: 320896K->15452K(327296K)] 875461K->574575K(1026368K), 0.0718370 secs] [Times: user=0.12 sys=0.00, real=0.07 secs] 
3643.986: [GC [PSYoungGen: 320284K->11156K(316032K)] 879407K->575638K(1015104K), 0.0757550 secs] [Times: user=0.10 sys=0.00, real=0.07 secs] 
3644.433: [GC [PSYoungGen: 315988K->14821K(327168K)] 880470K->584209K(1026240K), 0.0495290 secs] [Times: user=0.12 sys=0.00, real=0.05 secs] 
3644.857: [GC [PSYoungGen: 319269K->18809K(326784K)] 888657K->595077K(1025856K), 0.0401910 secs] [Times: user=0.14 sys=0.01, real=0.04 secs] 
3645.260: [GC [PSYoungGen: 323257K->13778K(326976K)] 899525K->598619K(1026048K), 0.0508470 secs] [Times: user=0.13 sys=0.00, real=0.05 secs] 
3645.658: [GC [PSYoungGen: 318034K->20144K(324416K)] 902875K->610745K(1023488K), 0.0645940 secs] [Times: user=0.13 sys=0.00, real=0.06 secs] 
3646.085: [GC [PSYoungGen: 324400K->14343K(326400K)] 915001K->612939K(1025472K), 0.0747320 secs] [Times: user=0.12 sys=0.00, real=0.07 secs] 
3646.469: [GC [PSYoungGen: 317383K->19431K(322496K)] 915979K->624218K(1021568K), 0.0634670 secs] [Times: user=0.16 sys=0.00, real=0.06 secs] 
3646.952: [GC [PSYoungGen: 322471K->19027K(325696K)] 927258K->632824K(1024768K), 0.0555420 secs] [Times: user=0.15 sys=0.00, real=0.06 secs] 
3647.330: [GC [PSYoungGen: 321171K->15798K(325824K)] 934968K->635749K(1024896K), 0.0554300 secs] [Times: user=0.13 sys=0.00, real=0.06 secs] 
3647.716: [GC [PSYoungGen: 317942K->17264K(326720K)] 937893K->641192K(1025792K), 0.0564560 secs] [Times: user=0.13 sys=0.00, real=0.05 secs] 
3648.172: [GC [PSYoungGen: 320752K->15803K(326272K)] 944680K->647488K(1025344K), 0.0713020 secs] [Times: user=0.14 sys=0.00, real=0.07 secs] 
3648.654: [GC [PSYoungGen: 319291K->20310K(325632K)] 950976K->657747K(1024704K), 0.0596590 secs] [Times: user=0.16 sys=0.00, real=0.06 secs] 
3649.066: [GC [PSYoungGen: 323606K->18136K(326400K)] 961043K->661386K(1025472K), 0.0525160 secs] [Times: user=0.13 sys=0.00, real=0.05 secs] 
3649.490: [GC [PSYoungGen: 321432K->18760K(326592K)] 964682K->666940K(1025664K), 0.0482860 secs] [Times: user=0.14 sys=0.00, real=0.05 secs] 
3649.887: [GC [PSYoungGen: 322440K->15208K(326592K)] 970620K->669584K(1025664K), 0.0506880 secs] [Times: user=0.12 sys=0.00, real=0.05 secs] 
3650.349: [GC [PSYoungGen: 318888K->21708K(324480K)] 973264K->682212K(1023552K), 0.0831310 secs] [Times: user=0.15 sys=0.00, real=0.08 secs] 
3650.837: [GC [PSYoungGen: 323468K->12839K(314624K)] 983972K->680217K(1013696K), 0.0565590 secs] [Times: user=0.12 sys=0.00, real=0.05 secs] 
3651.258: [GC [PSYoungGen: 314599K->15689K(325888K)] 981977K->686743K(1024960K), 0.0686550 secs] [Times: user=0.12 sys=0.00, real=0.07 secs] 
3651.645: [GC [PSYoungGen: 317513K->16141K(325440K)] 988567K->695754K(1024512K), 0.0722220 secs] [Times: user=0.14 sys=0.00, real=0.08 secs] 
3652.094: [GC [PSYoungGen: 317965K->19051K(326144K)] 997578K->706276K(1025216K), 0.0625700 secs] [Times: user=0.15 sys=0.00, real=0.07 secs] 
3652.588: [GC [PSYoungGen: 322091K->19034K(322112K)] 1009316K->714007K(1021184K), 0.0588360 secs] [Times: user=0.15 sys=0.00, real=0.06 secs] 
3652.647: [Full GC [PSYoungGen: 19034K->0K(322112K)] [PSOldGen: 694973K->404952K(699072K)] 714007K->404952K(1021184K) [PSPermGen: 91645K->91597K(262144K)], 2.5948760 secs] [Times: user=2.60 sys=0.00, real=2.59 secs] 
3655.570: [GC [PSYoungGen: 303040K->21814K(323968K)] 707992K->426767K(1023040K), 0.0484590 secs] [Times: user=0.12 sys=0.00, real=0.05 secs] 
3655.992: [GC [PSYoungGen: 322422K->15870K(325056K)] 727375K->427570K(1024128K), 0.0571550 secs] [Times: user=0.13 sys=0.00, real=0.06 secs] 
3656.435: [GC [PSYoungGen: 316478K->17327K(326016K)] 728178K->432648K(1025088K), 0.1192510 secs] [Times: user=0.12 sys=0.01, real=0.12 secs] 
3656.879: [GC [PSYoungGen: 319279K->18725K(325440K)] 734600K->441733K(1024512K), 0.0638650 secs] [Times: user=0.14 sys=0.00, real=0.06 secs] 
3657.265: [GC [PSYoungGen: 320677K->14689K(326208K)] 743685K->444208K(1025280K), 0.0522880 secs] [Times: user=0.12 sys=0.00, real=0.06 secs] 
3657.622: [GC [PSYoungGen: 317601K->19654K(322624K)] 747120K->454672K(1021696K), 0.0633120 secs] [Times: user=0.13 sys=0.00, real=0.06 secs] 
3658.053: [GC [PSYoungGen: 322566K->17273K(326528K)] 757584K->460493K(1025600K), 0.0563100 secs] [Times: user=0.14 sys=0.00, real=0.06 secs] 
3658.507: [GC [PSYoungGen: 320249K->17536K(325952K)] 763469K->468111K(1025024K), 0.0653430 secs] [Times: user=0.13 sys=0.00, real=0.07 secs] 
3658.961: [GC [PSYoungGen: 320512K->21623K(324992K)] 771087K->478508K(1024064K), 0.0718170 secs] [Times: user=0.14 sys=0.01, real=0.07 secs] 
3659.315: [GC [PSYoungGen: 324151K->17317K(326016K)] 781036K->480828K(1025088K), 0.0558720 secs] [Times: user=0.14 sys=0.00, real=0.06 secs] 
3659.707: [GC [PSYoungGen: 319845K->15066K(326464K)] 783356K->481022K(1025536K), 0.0764380 secs] [Times: user=0.10 sys=0.00, real=0.07 secs] 
3660.138: [GC [PSYoungGen: 318490K->19937K(323392K)] 784446K->490895K(1022464K), 0.0713670 secs] [Times: user=0.13 sys=0.00, real=0.07 secs] 
3660.566: [GC [PSYoungGen: 323361K->13970K(326016K)] 794319K->491264K(1025088K), 0.0482170 secs] [Times: user=0.12 sys=0.00, real=0.05 secs] 
3660.935: [GC [PSYoungGen: 316626K->18306K(326080K)] 793920K->499320K(1025152K), 0.0501760 secs] [Times: user=0.13 sys=0.00, real=0.05 secs] 
3661.356: [GC [PSYoungGen: 320962K->17453K(326912K)] 801976K->504359K(1025984K), 0.0834960 secs] [Times: user=0.13 sys=0.01, real=0.09 secs] 
3661.836: [GC [PSYoungGen: 321197K->21815K(325568K)] 808103K->516699K(1024640K), 0.0764120 secs] [Times: user=0.16 sys=0.00, real=0.08 secs] 
3662.253: [GC [PSYoungGen: 325559K->23663K(316096K)] 820443K->527406K(1015168K), 0.0853980 secs] [Times: user=0.17 sys=0.01, real=0.09 secs] 
3662.741: [GC [PSYoungGen: 316079K->17829K(320960K)] 819822K->527864K(1020032K), 0.0474500 secs] [Times: user=0.13 sys=0.00, real=0.05 secs] 
3663.199: [GC [PSYoungGen: 310245K->18767K(322368K)] 820280K->534282K(1021440K), 0.0580930 secs] [Times: user=0.15 sys=0.01, real=0.05 secs] 
3663.558: [GC [PSYoungGen: 313231K->17133K(321600K)] 828746K->540223K(1020672K), 0.0576990 secs] [Times: user=0.14 sys=0.00, real=0.05 secs] 
3664.054: [GC [PSYoungGen: 311597K->16160K(323136K)] 834687K->543349K(1022208K), 0.1167460 secs] [Times: user=0.16 sys=0.01, real=0.12 secs] 
3664.520: [GC [PSYoungGen: 312608K->16856K(322816K)] 839797K->549274K(1021888K), 0.0387250 secs] [Times: user=0.13 sys=0.00, real=0.04 secs] 
3664.867: [GC [PSYoungGen: 313304K->18956K(324160K)] 845722K->557909K(1023232K), 0.0598890 secs] [Times: user=0.15 sys=0.01, real=0.06 secs] 
3665.290: [GC [PSYoungGen: 317196K->17134K(323584K)] 856149K->563993K(1022656K), 0.0733240 secs] [Times: user=0.16 sys=0.00, real=0.07 secs] 
3665.746: [GC [PSYoungGen: 315374K->16810K(324928K)] 862233K->569209K(1024000K), 0.0700950 secs] [Times: user=0.14 sys=0.00, real=0.07 secs] 
3666.207: [GC [PSYoungGen: 316778K->17448K(324544K)] 869177K->573921K(1023616K), 0.0456960 secs] [Times: user=0.12 sys=0.00, real=0.05 secs] 
3666.606: [GC [PSYoungGen: 317416K->16164K(325696K)] 873889K->580291K(1024768K), 0.0559750 secs] [Times: user=0.13 sys=0.00, real=0.06 secs] 
3667.091: [GC [PSYoungGen: 317796K->16612K(325440K)] 881923K->586417K(1024512K), 0.0618060 secs] [Times: user=0.12 sys=0.00, real=0.06 secs] 
3667.499: [GC [PSYoungGen: 318244K->14795K(326080K)] 888049K->589558K(1025152K), 0.0436940 secs] [Times: user=0.12 sys=0.00, real=0.04 secs] 
3667.924: [GC [PSYoungGen: 317387K->18318K(326016K)] 892150K->601326K(1025088K), 0.0659090 secs] [Times: user=0.15 sys=0.00, real=0.07 secs] 
3668.289: [GC [PSYoungGen: 320910K->18004K(326784K)] 903918K->607535K(1025856K), 0.0596800 secs] [Times: user=0.13 sys=0.00, real=0.06 secs] 
3668.734: [GC [PSYoungGen: 321620K->15432K(326336K)] 911151K->611943K(1025408K), 0.0498390 secs] [Times: user=0.12 sys=0.00, real=0.05 secs] 
3669.147: [GC [PSYoungGen: 319048K->16494K(327232K)] 915559K->619521K(1026304K), 0.0736520 secs] [Times: user=0.13 sys=0.00, real=0.08 secs] 
3669.498: [GC [PSYoungGen: 321134K->20684K(325376K)] 924161K->629958K(1024448K), 0.1016110 secs] [Times: user=0.18 sys=0.01, real=0.11 secs] 
3669.903: [GC [PSYoungGen: 325324K->17922K(326912K)] 934598K->634004K(1025984K), 0.0762640 secs] [Times: user=0.13 sys=0.00, real=0.08 secs] 
3670.361: [GC [PSYoungGen: 321858K->19138K(326528K)] 937940K->644556K(1025600K), 0.1152950 secs] [Times: user=0.14 sys=0.01, real=0.11 secs] 
3670.805: [GC [PSYoungGen: 323074K->19739K(326400K)] 948492K->650919K(1025472K), 0.0601780 secs] [Times: user=0.15 sys=0.01, real=0.06 secs] 
3671.236: [GC [PSYoungGen: 323547K->16609K(326656K)] 954727K->653194K(1025728K), 0.0435550 secs] [Times: user=0.13 sys=0.00, real=0.05 secs] 
3671.606: [GC [PSYoungGen: 320417K->16343K(327104K)] 957002K->658471K(1026176K), 0.0555970 secs] [Times: user=0.15 sys=0.00, real=0.06 secs] 
3672.020: [GC [PSYoungGen: 320855K->16038K(326912K)] 962983K->662520K(1025984K), 0.0630850 secs] [Times: user=0.11 sys=0.00, real=0.06 secs] 
3672.414: [GC [PSYoungGen: 320550K->16521K(327552K)] 967032K->669717K(1026624K), 0.0618690 secs] [Times: user=0.13 sys=0.00, real=0.06 secs] 
3672.895: [GC [PSYoungGen: 321865K->14029K(327296K)] 975061K->674201K(1026368K), 0.0591810 secs] [Times: user=0.13 sys=0.00, real=0.06 secs] 
3673.250: [GC [PSYoungGen: 319373K->18964K(327040K)] 979545K->681983K(1026112K), 0.0455640 secs] [Times: user=0.13 sys=0.00, real=0.04 secs] 
3673.762: [GC [PSYoungGen: 323924K->18854K(323840K)] 986943K->693564K(1022912K), 0.0639110 secs] [Times: user=0.16 sys=0.00, real=0.06 secs] 
3674.150: [GC [PSYoungGen: 323814K->17187K(327616K)] 998524K->698838K(1026688K), 0.0552220 secs] [Times: user=0.15 sys=0.00, real=0.05 secs] 
3674.546: [GC [PSYoungGen: 322467K->17948K(327168K)] 1004118K->706262K(1026240K), 0.0672660 secs] [Times: user=0.13 sys=0.00, real=0.07 secs] 
3674.969: [GC [PSYoungGen: 323228K->19377K(327232K)] 1011542K->713369K(1026304K), 0.0738640 secs] [Times: user=0.15 sys=0.00, real=0.08 secs] 
3675.043: [Full GC [PSYoungGen: 19377K->0K(327232K)] [PSOldGen: 693992K->436957K(699072K)] 713369K->436957K(1026304K) [PSPermGen: 91610K->91610K(262144K)], 2.3348990 secs] [Times: user=2.33 sys=0.01, real=2.33 secs] 
3677.665: [GC [PSYoungGen: 305600K->21033K(326656K)] 742557K->457990K(1025728K), 0.0483150 secs] [Times: user=0.11 sys=0.00, real=0.05 secs] 
3678.170: [GC [PSYoungGen: 326633K->14476K(326464K)] 763590K->458938K(1025536K), 0.0453510 secs] [Times: user=0.13 sys=0.01, real=0.05 secs] 
3678.596: [GC [PSYoungGen: 318156K->18008K(326592K)] 762618K->468845K(1025664K), 0.0768160 secs] [Times: user=0.14 sys=0.01, real=0.08 secs] 
3679.090: [GC [PSYoungGen: 321688K->16010K(327168K)] 772525K->474845K(1026240K), 0.0515370 secs] [Times: user=0.13 sys=0.00, real=0.06 secs] 
3679.508: [GC [PSYoungGen: 320650K->18085K(326976K)] 779485K->480172K(1026048K), 0.0487370 secs] [Times: user=0.13 sys=0.00, real=0.05 secs] 
3679.941: [GC [PSYoungGen: 322725K->17791K(327808K)] 784812K->489695K(1026880K), 0.0767440 secs] [Times: user=0.15 sys=0.00, real=0.07 secs] 
3680.327: [GC [PSYoungGen: 323583K->20369K(326208K)] 795487K->499354K(1025280K), 0.0988830 secs] [Times: user=0.22 sys=0.01, real=0.10 secs] 
3680.831: [GC [PSYoungGen: 326161K->16245K(327360K)] 805146K->502054K(1026432K), 0.0551730 secs] [Times: user=0.14 sys=0.00, real=0.05 secs] 
3681.172: [GC [PSYoungGen: 321333K->15138K(327232K)] 807142K->506395K(1026304K), 0.0430210 secs] [Times: user=0.12 sys=0.00, real=0.04 secs] 
3681.558: [GC [PSYoungGen: 320226K->14188K(327232K)] 811483K->510965K(1026304K), 0.0607230 secs] [Times: user=0.11 sys=0.00, real=0.06 secs] 
3681.946: [GC [PSYoungGen: 319276K->17398K(327296K)] 816053K->519874K(1026368K), 0.0598580 secs] [Times: user=0.13 sys=0.00, real=0.06 secs] 
3682.328: [GC [PSYoungGen: 322486K->19856K(326656K)] 824962K->530725K(1025728K), 0.0651110 secs] [Times: user=0.16 sys=0.01, real=0.07 secs] 
3682.758: [GC [PSYoungGen: 324688K->15507K(327168K)] 835557K->535573K(1026240K), 0.0556880 secs] [Times: user=0.13 sys=0.00, real=0.06 secs] 
3683.208: [GC [PSYoungGen: 320339K->19082K(326912K)] 840405K->544566K(1025984K), 0.0776950 secs] [Times: user=0.13 sys=0.01, real=0.08 secs] 
3683.620: [GC [PSYoungGen: 323786K->16424K(327104K)] 849270K->548317K(1026176K), 0.0499090 secs] [Times: user=0.12 sys=0.00, real=0.05 secs] 
3684.029: [GC [PSYoungGen: 321128K->19034K(327168K)] 853021K->556938K(1026240K), 0.0553410 secs] [Times: user=0.14 sys=0.00, real=0.06 secs] 
3684.482: [GC [PSYoungGen: 324122K->17436K(327296K)] 862026K->560896K(1026368K), 0.0860180 secs] [Times: user=0.13 sys=0.00, real=0.08 secs] 
3684.888: [GC [PSYoungGen: 322524K->13123K(327104K)] 865984K->562096K(1026176K), 0.0448030 secs] [Times: user=0.11 sys=0.00, real=0.05 secs] 
3685.241: [GC [PSYoungGen: 318453K->13357K(318720K)] 867426K->567644K(1017792K), 0.0389890 secs] [Times: user=0.12 sys=0.00, real=0.04 secs] 
3685.593: [GC [PSYoungGen: 318701K->16564K(327808K)] 872988K->576705K(1026880K), 0.0486280 secs] [Times: user=0.13 sys=0.00, real=0.05 secs] 
3686.127: [GC [PSYoungGen: 322164K->16177K(327296K)] 882305K->581781K(1026368K), 0.0729380 secs] [Times: user=0.14 sys=0.00, real=0.07 secs] 
3686.530: [GC [PSYoungGen: 321777K->15873K(328576K)] 887381K->587428K(1027648K), 0.0495910 secs] [Times: user=0.11 sys=0.01, real=0.05 secs] 
3686.964: [GC [PSYoungGen: 323201K->15843K(328256K)] 894756K->593548K(1027328K), 0.0607820 secs] [Times: user=0.14 sys=0.00, real=0.06 secs] 
3687.470: [GC [PSYoungGen: 323171K->15120K(329088K)] 900876K->598084K(1028160K), 0.0420100 secs] [Times: user=0.12 sys=0.00, real=0.05 secs] 
3687.936: [GC [PSYoungGen: 323600K->18549K(327040K)] 906564K->606122K(1026112K), 0.0449080 secs] [Times: user=0.12 sys=0.00, real=0.04 secs] 
3688.374: [GC [PSYoungGen: 327029K->16227K(329024K)] 914602K->612473K(1028096K), 0.0550790 secs] [Times: user=0.14 sys=0.00, real=0.05 secs] 
3688.789: [GC [PSYoungGen: 324387K->14941K(328640K)] 920633K->613626K(1027712K), 0.0486540 secs] [Times: user=0.11 sys=0.01, real=0.05 secs] 
3689.210: [GC [PSYoungGen: 323101K->20328K(326976K)] 921786K->624755K(1026048K), 0.0648930 secs] [Times: user=0.14 sys=0.01, real=0.07 secs] 
3689.558: [GC [PSYoungGen: 326952K->18442K(325120K)] 931379K->633970K(1024192K), 0.0590100 secs] [Times: user=0.15 sys=0.00, real=0.06 secs] 
3689.979: [GC [PSYoungGen: 325066K->15641K(328192K)] 940594K->636728K(1027264K), 0.0566690 secs] [Times: user=0.12 sys=0.00, real=0.06 secs] 
3690.379: [GC [PSYoungGen: 322265K->17658K(327936K)] 943352K->642971K(1027008K), 0.0462030 secs] [Times: user=0.12 sys=0.01, real=0.05 secs] 
3690.750: [GC [PSYoungGen: 324282K->15136K(328448K)] 949595K->643964K(1027520K), 0.0422220 secs] [Times: user=0.11 sys=0.00, real=0.05 secs] 
3691.142: [GC [PSYoungGen: 322400K->16707K(328320K)] 951228K->651252K(1027392K), 0.0712250 secs] [Times: user=0.16 sys=0.00, real=0.08 secs] 
3691.546: [GC [PSYoungGen: 323971K->17306K(329024K)] 958516K->659635K(1028096K), 0.0633990 secs] [Times: user=0.14 sys=0.00, real=0.06 secs] 
3691.926: [GC [PSYoungGen: 325658K->16163K(328832K)] 967987K->663856K(1027904K), 0.0502770 secs] [Times: user=0.13 sys=0.00, real=0.05 secs] 
3692.389: [GC [PSYoungGen: 324515K->19162K(328128K)] 972208K->671260K(1027200K), 0.0448970 secs] [Times: user=0.13 sys=0.00, real=0.05 secs] 
3692.767: [GC [PSYoungGen: 327066K->17578K(328704K)] 979164K->677427K(1027776K), 0.0478600 secs] [Times: user=0.14 sys=0.00, real=0.05 secs] 
3693.137: [GC [PSYoungGen: 325482K->17088K(329216K)] 985331K->683847K(1028288K), 0.0515610 secs] [Times: user=0.13 sys=0.00, real=0.05 secs] 
3693.572: [GC [PSYoungGen: 325696K->16794K(328896K)] 992455K->690914K(1027968K), 0.0401440 secs] [Times: user=0.13 sys=0.00, real=0.05 secs] 
3694.035: [GC [PSYoungGen: 325402K->18842K(328704K)] 999522K->701026K(1027776K), 0.0539870 secs] [Times: user=0.14 sys=0.01, real=0.05 secs] 
3694.488: [GC [PSYoungGen: 327514K->12103K(320832K)] 1009698K->698261K(1019904K), 0.0446350 secs] [Times: user=0.12 sys=0.00, real=0.04 secs] 
3694.987: [GC [PSYoungGen: 320775K->17088K(328832K)] 1006933K->708212K(1027904K), 0.0639560 secs] [Times: user=0.14 sys=0.00, real=0.06 secs] 
3695.051: [Full GC [PSYoungGen: 17088K->0K(328832K)] [PSOldGen: 691124K->436949K(699072K)] 708212K->436949K(1027904K) [PSPermGen: 91620K->91620K(262144K)], 2.3229160 secs] [Times: user=2.32 sys=0.00, real=2.33 secs] 
3697.714: [GC [PSYoungGen: 307904K->17683K(328576K)] 744853K->454632K(1027648K), 0.0550840 secs] [Times: user=0.11 sys=0.00, real=0.05 secs] 
3698.123: [GC [PSYoungGen: 325587K->20580K(323648K)] 762536K->461769K(1022720K), 0.0576700 secs] [Times: user=0.14 sys=0.00, real=0.06 secs] 
3698.712: [GC [PSYoungGen: 323620K->16736K(326272K)] 764809K->466880K(1025344K), 0.0537500 secs] [Times: user=0.14 sys=0.00, real=0.06 secs] 
3699.119: [GC [PSYoungGen: 319776K->22777K(323648K)] 769920K->473237K(1022720K), 0.0458950 secs] [Times: user=0.13 sys=0.00, real=0.05 secs] 
3699.493: [GC [PSYoungGen: 323641K->14260K(315136K)] 774101K->473610K(1014208K), 0.0453940 secs] [Times: user=0.13 sys=0.00, real=0.05 secs] 
3699.884: [GC [PSYoungGen: 315124K->20257K(324608K)] 774474K->485014K(1023680K), 0.0639050 secs] [Times: user=0.14 sys=0.01, real=0.06 secs] 
3700.321: [GC [PSYoungGen: 320481K->14618K(324864K)] 785238K->489396K(1023936K), 0.0611230 secs] [Times: user=0.14 sys=0.00, real=0.06 secs] 
3700.739: [GC [PSYoungGen: 314842K->18749K(325248K)] 789620K->497348K(1024320K), 0.0508370 secs] [Times: user=0.13 sys=0.01, real=0.05 secs] 
3701.132: [GC [PSYoungGen: 319421K->15263K(324928K)] 798020K->500305K(1024000K), 0.0590270 secs] [Times: user=0.12 sys=0.00, real=0.06 secs] 
3701.554: [GC [PSYoungGen: 315935K->16895K(326016K)] 800977K->508914K(1025088K), 0.0716170 secs] [Times: user=0.13 sys=0.00, real=0.07 secs] 
3702.000: [GC [PSYoungGen: 318847K->15841K(325440K)] 810866K->513492K(1024512K), 0.0531650 secs] [Times: user=0.13 sys=0.01, real=0.05 secs] 
3702.336: [GC [PSYoungGen: 317793K->18683K(326400K)] 815444K->521125K(1025472K), 0.0557200 secs] [Times: user=0.14 sys=0.00, real=0.05 secs] 
3702.732: [GC [PSYoungGen: 321915K->17555K(326336K)] 824357K->526863K(1025408K), 0.0509630 secs] [Times: user=0.13 sys=0.00, real=0.05 secs] 
3703.112: [GC [PSYoungGen: 320787K->17272K(327424K)] 830095K->532489K(1026496K), 0.0880580 secs] [Times: user=0.13 sys=0.00, real=0.09 secs] 
3703.505: [GC [PSYoungGen: 322104K->18328K(326912K)] 837321K->539519K(1025984K), 0.0538620 secs] [Times: user=0.13 sys=0.00, real=0.05 secs] 
3703.946: [GC [PSYoungGen: 323160K->14069K(327168K)] 844351K->541475K(1026240K), 0.0529700 secs] [Times: user=0.12 sys=0.01, real=0.05 secs] 
3704.337: [GC [PSYoungGen: 319285K->19086K(324352K)] 846691K->551255K(1023424K), 0.0596240 secs] [Times: user=0.12 sys=0.00, real=0.06 secs] 
3704.739: [GC [PSYoungGen: 324302K->15794K(327424K)] 856471K->556564K(1026496K), 0.0512310 secs] [Times: user=0.13 sys=0.00, real=0.05 secs] 
3705.140: [GC [PSYoungGen: 320882K->12539K(317632K)] 861652K->558835K(1016704K), 0.0410490 secs] [Times: user=0.11 sys=0.00, real=0.04 secs] 
3705.511: [GC [PSYoungGen: 317627K->19452K(326208K)] 863923K->570528K(1025280K), 0.0676500 secs] [Times: user=0.13 sys=0.01, real=0.07 secs] 
3705.934: [GC [PSYoungGen: 323258K->11692K(315520K)] 874334K->572076K(1014592K), 0.0455390 secs] [Times: user=0.13 sys=0.00, real=0.04 secs] 
3706.355: [GC [PSYoungGen: 315500K->19399K(325440K)] 875884K->585527K(1024512K), 0.0736410 secs] [Times: user=0.14 sys=0.00, real=0.07 secs] 
3706.710: [GC [PSYoungGen: 321671K->20997K(323328K)] 887799K->596381K(1022400K), 0.0601560 secs] [Times: user=0.16 sys=0.00, real=0.06 secs] 
3707.114: [GC [PSYoungGen: 323269K->18338K(325312K)] 898653K->600208K(1024384K), 0.0594720 secs] [Times: user=0.14 sys=0.00, real=0.05 secs] 
3707.559: [GC [PSYoungGen: 319202K->18525K(325056K)] 901072K->605205K(1024128K), 0.0716990 secs] [Times: user=0.12 sys=0.00, real=0.07 secs] 
3708.027: [GC [PSYoungGen: 319389K->16746K(326080K)] 906069K->609677K(1025152K), 0.0532560 secs] [Times: user=0.13 sys=0.00, real=0.05 secs] 
3708.426: [GC [PSYoungGen: 318890K->18918K(325568K)] 911821K->618940K(1024640K), 0.0536030 secs] [Times: user=0.14 sys=0.00, real=0.06 secs] 
3708.790: [GC [PSYoungGen: 321062K->17954K(326528K)] 921084K->627085K(1025600K), 0.0506720 secs] [Times: user=0.17 sys=0.00, real=0.05 secs] 
3709.204: [GC [PSYoungGen: 321122K->14056K(326144K)] 930253K->627991K(1025216K), 0.0540760 secs] [Times: user=0.11 sys=0.00, real=0.06 secs] 
3709.625: [GC [PSYoungGen: 317224K->17581K(326912K)] 931159K->637036K(1025984K), 0.0483300 secs] [Times: user=0.13 sys=0.00, real=0.05 secs] 
3710.013: [GC [PSYoungGen: 321447K->17240K(326464K)] 940901K->644642K(1025536K), 0.0496020 secs] [Times: user=0.13 sys=0.00, real=0.05 secs] 
3710.442: [GC [PSYoungGen: 321112K->14535K(327488K)] 948514K->649032K(1026560K), 0.0574190 secs] [Times: user=0.12 sys=0.00, real=0.06 secs] 
3710.838: [GC [PSYoungGen: 319943K->21031K(326464K)] 954440K->659474K(1025536K), 0.0647900 secs] [Times: user=0.14 sys=0.00, real=0.06 secs] 
3711.241: [GC [PSYoungGen: 326439K->15260K(326656K)] 964882K->659943K(1025728K), 0.0574280 secs] [Times: user=0.14 sys=0.01, real=0.06 secs] 
3711.681: [GC [PSYoungGen: 318876K->18040K(326464K)] 963559K->667992K(1025536K), 0.0493670 secs] [Times: user=0.13 sys=0.00, real=0.05 secs] 
3712.107: [GC [PSYoungGen: 321656K->15034K(327040K)] 971608K->671743K(1026112K), 0.0537420 secs] [Times: user=0.13 sys=0.01, real=0.05 secs] 
3712.490: [GC [PSYoungGen: 319482K->14768K(326912K)] 976191K->677976K(1025984K), 0.0431850 secs] [Times: user=0.13 sys=0.00, real=0.04 secs] 
3712.892: [GC [PSYoungGen: 319216K->16598K(327744K)] 982424K->684201K(1026816K), 0.0618610 secs] [Times: user=0.13 sys=0.01, real=0.06 secs] 
3713.299: [GC [PSYoungGen: 322070K->20030K(325504K)] 989673K->695386K(1024576K), 0.0569520 secs] [Times: user=0.15 sys=0.00, real=0.06 secs] 
3713.849: [GC [PSYoungGen: 325502K->14487K(327104K)] 1000858K->699362K(1026176K), 0.0770120 secs] [Times: user=0.14 sys=0.01, real=0.08 secs] 
3714.289: [GC [PSYoungGen: 319127K->15316K(327040K)] 1004002K->705044K(1026112K), 0.0504760 secs] [Times: user=0.13 sys=0.00, real=0.05 secs] 
3714.339: [Full GC [PSYoungGen: 15316K->0K(327040K)] [PSOldGen: 689728K->439927K(699072K)] 705044K->439927K(1026112K) [PSPermGen: 91635K->91635K(262144K)], 2.2842310 secs] [Times: user=2.28 sys=0.00, real=2.28 secs] 
3716.913: [GC [PSYoungGen: 304640K->22078K(324096K)] 744567K->462442K(1023168K), 0.0529950 secs] [Times: user=0.13 sys=0.00, real=0.06 secs] 
3717.271: [GC [PSYoungGen: 324094K->16208K(325760K)] 764458K->467403K(1024832K), 0.0581080 secs] [Times: user=0.15 sys=0.00, real=0.06 secs] 
3717.650: [GC [PSYoungGen: 318224K->16091K(326656K)] 769419K->473829K(1025728K), 0.0517940 secs] [Times: user=0.12 sys=0.00, real=0.05 secs] 
3718.106: [GC [PSYoungGen: 319505K->18111K(326272K)] 777243K->482481K(1025344K), 0.0513070 secs] [Times: user=0.14 sys=0.00, real=0.05 secs] 
3718.473: [GC [PSYoungGen: 321535K->15970K(327168K)] 785905K->488784K(1026240K), 0.0564550 secs] [Times: user=0.14 sys=0.01, real=0.06 secs] 
3718.876: [GC [PSYoungGen: 320482K->20249K(324800K)] 793296K->498614K(1023872K), 0.0496820 secs] [Times: user=0.15 sys=0.00, real=0.05 secs] 
3719.290: [GC [PSYoungGen: 324761K->15664K(326784K)] 803126K->500627K(1025856K), 0.0472460 secs] [Times: user=0.14 sys=0.00, real=0.05 secs] 
3719.757: [GC [PSYoungGen: 319472K->16086K(326528K)] 804435K->509884K(1025600K), 0.0609600 secs] [Times: user=0.14 sys=0.00, real=0.06 secs] 
3720.196: [GC [PSYoungGen: 319894K->16460K(327552K)] 813691K->517690K(1026624K), 0.0669450 secs] [Times: user=0.14 sys=0.00, real=0.07 secs] 
3720.591: [GC [PSYoungGen: 321676K->20227K(325504K)] 822906K->527127K(1024576K), 0.0555420 secs] [Times: user=0.15 sys=0.00, real=0.06 secs] 
3721.022: [GC [PSYoungGen: 325443K->13727K(326720K)] 832343K->528054K(1025792K), 0.0553550 secs] [Times: user=0.13 sys=0.00, real=0.06 secs] 
3721.440: [GC [PSYoungGen: 317791K->19519K(323584K)] 832118K->537818K(1022656K), 0.0541340 secs] [Times: user=0.14 sys=0.00, real=0.05 secs] 
3721.854: [GC [PSYoungGen: 323578K->16869K(326912K)] 841877K->543531K(1025984K), 0.0569650 secs] [Times: user=0.16 sys=0.01, real=0.06 secs] 
3722.252: [GC [PSYoungGen: 320677K->16605K(326400K)] 847339K->550369K(1025472K), 0.0455790 secs] [Times: user=0.13 sys=0.00, real=0.05 secs] 
3722.720: [GC [PSYoungGen: 320413K->14301K(327360K)] 854177K->557193K(1026432K), 0.0804320 secs] [Times: user=0.13 sys=0.00, real=0.08 secs] 
3723.160: [GC [PSYoungGen: 319517K->16917K(327360K)] 862409K->564263K(1026432K), 0.0710660 secs] [Times: user=0.13 sys=0.01, real=0.07 secs] 
3723.586: [GC [PSYoungGen: 322133K->16051K(328192K)] 869479K->570540K(1027264K), 0.0554160 secs] [Times: user=0.13 sys=0.00, real=0.06 secs] 
3724.009: [GC [PSYoungGen: 322611K->16110K(327872K)] 877100K->576389K(1026944K), 0.0626510 secs] [Times: user=0.12 sys=0.00, real=0.06 secs] 
3724.414: [GC [PSYoungGen: 322670K->15055K(328704K)] 882949K->582623K(1027776K), 0.0477510 secs] [Times: user=0.12 sys=0.00, real=0.05 secs] 
3724.786: [GC [PSYoungGen: 322831K->15564K(328576K)] 890399K->588400K(1027648K), 0.0504000 secs] [Times: user=0.12 sys=0.00, real=0.05 secs] 
3725.200: [GC [PSYoungGen: 323340K->20259K(326912K)] 896176K->598169K(1025984K), 0.1009490 secs] [Times: user=0.14 sys=0.00, real=0.10 secs] 
3725.623: [GC [PSYoungGen: 326627K->20565K(326976K)] 904537K->607580K(1026048K), 0.0634280 secs] [Times: user=0.15 sys=0.00, real=0.06 secs] 
3725.983: [GC [PSYoungGen: 326933K->18409K(327104K)] 913948K->612465K(1026176K), 0.0798300 secs] [Times: user=0.14 sys=0.00, real=0.08 secs] 
3726.398: [GC [PSYoungGen: 323049K->18613K(327040K)] 917105K->617934K(1026112K), 0.0553190 secs] [Times: user=0.15 sys=0.00, real=0.05 secs] 
3726.795: [GC [PSYoungGen: 323253K->16499K(327488K)] 922574K->623386K(1026560K), 0.0549760 secs] [Times: user=0.13 sys=0.00, real=0.06 secs] 
3727.173: [GC [PSYoungGen: 321651K->18876K(327168K)] 928538K->630620K(1026240K), 0.0560420 secs] [Times: user=0.15 sys=0.00, real=0.06 secs] 
3727.584: [GC [PSYoungGen: 324028K->16485K(327680K)] 935772K->634450K(1026752K), 0.0565680 secs] [Times: user=0.13 sys=0.00, real=0.06 secs] 
3728.050: [GC [PSYoungGen: 322021K->15600K(327360K)] 939986K->640436K(1026432K), 0.0633370 secs] [Times: user=0.13 sys=0.01, real=0.06 secs] 
3728.519: [GC [PSYoungGen: 321136K->21688K(322048K)] 945972K->650993K(1021120K), 0.0637320 secs] [Times: user=0.14 sys=0.00, real=0.06 secs] 
3728.907: [GC [PSYoungGen: 322040K->18529K(324928K)] 951345K->658290K(1024000K), 0.0603720 secs] [Times: user=0.15 sys=0.00, real=0.06 secs] 
3729.264: [GC [PSYoungGen: 318881K->16045K(325632K)] 958642K->661957K(1024704K), 0.0544480 secs] [Times: user=0.13 sys=0.00, real=0.06 secs] 
3729.643: [GC [PSYoungGen: 317613K->15258K(325440K)] 963525K->666172K(1024512K), 0.0639130 secs] [Times: user=0.14 sys=0.00, real=0.06 secs] 
3730.114: [GC [PSYoungGen: 316826K->17513K(326336K)] 967740K->673885K(1025408K), 0.0697030 secs] [Times: user=0.16 sys=0.00, real=0.07 secs] 
3730.461: [GC [PSYoungGen: 320105K->19971K(325760K)] 976477K->683235K(1024832K), 0.0620400 secs] [Times: user=0.14 sys=0.00, real=0.06 secs] 
3730.955: [GC [PSYoungGen: 322563K->18935K(326208K)] 985827K->688702K(1025280K), 0.0687470 secs] [Times: user=0.14 sys=0.00, real=0.07 secs] 
3731.406: [GC [PSYoungGen: 321655K->20080K(322816K)] 991422K->698408K(1021888K), 0.0697400 secs] [Times: user=0.15 sys=0.00, real=0.07 secs] 
3731.917: [GC [PSYoungGen: 322800K->17851K(326464K)] 1001128K->701231K(1025536K), 0.0659510 secs] [Times: user=0.12 sys=0.00, real=0.07 secs] 
3732.381: [GC [PSYoungGen: 320763K->15642K(325952K)] 1004143K->703776K(1025024K), 0.0518010 secs] [Times: user=0.12 sys=0.00, real=0.05 secs] 
3732.882: [GC [PSYoungGen: 318554K->17914K(326976K)] 1006688K->711415K(1026048K), 0.0597350 secs] [Times: user=0.12 sys=0.00, real=0.06 secs] 
3732.942: [Full GC [PSYoungGen: 17914K->0K(326976K)] [PSOldGen: 693501K->404889K(699072K)] 711415K->404889K(1026048K) [PSPermGen: 91649K->91595K(262144K)], 2.4364480 secs] [Times: user=2.44 sys=0.00, real=2.43 secs] 
3735.731: [GC [PSYoungGen: 303936K->17979K(326464K)] 708825K->422868K(1025536K), 0.0509860 secs] [Times: user=0.11 sys=0.01, real=0.05 secs] 
3736.162: [GC [PSYoungGen: 321915K->22055K(323072K)] 726804K->429747K(1022144K), 0.0467890 secs] [Times: user=0.13 sys=0.01, real=0.04 secs] 
3736.560: [GC [PSYoungGen: 323047K->18145K(325248K)] 730739K->434522K(1024320K), 0.0616290 secs] [Times: user=0.14 sys=0.00, real=0.06 secs] 
3736.938: [GC [PSYoungGen: 319137K->11899K(324480K)] 735514K->433559K(1023552K), 0.0402390 secs] [Times: user=0.10 sys=0.00, real=0.04 secs] 
3737.346: [GC [PSYoungGen: 312635K->17531K(325120K)] 734295K->443056K(1024192K), 0.0454790 secs] [Times: user=0.13 sys=0.01, real=0.05 secs] 
3737.701: [GC [PSYoungGen: 318267K->18983K(325888K)] 743792K->453513K(1024960K), 0.0578360 secs] [Times: user=0.15 sys=0.00, real=0.05 secs] 
3738.091: [GC [PSYoungGen: 321063K->18342K(325696K)] 755593K->459739K(1024768K), 0.0525170 secs] [Times: user=0.14 sys=0.01, real=0.05 secs] 
3738.486: [GC [PSYoungGen: 320422K->20708K(325312K)] 761819K->468930K(1024384K), 0.0607510 secs] [Times: user=0.15 sys=0.01, real=0.06 secs] 
3738.908: [GC [PSYoungGen: 322852K->18870K(325824K)] 771074K->471455K(1024896K), 0.0631500 secs] [Times: user=0.12 sys=0.00, real=0.07 secs] 
3739.379: [GC [PSYoungGen: 321014K->13413K(325504K)] 773599K->468950K(1024576K), 0.0417470 secs] [Times: user=0.10 sys=0.00, real=0.04 secs] 
3739.808: [GC [PSYoungGen: 315557K->18497K(325824K)] 771094K->478497K(1024896K), 0.0532320 secs] [Times: user=0.12 sys=0.00, real=0.06 secs] 
3740.153: [GC [PSYoungGen: 320641K->17176K(326592K)] 780641K->485745K(1025664K), 0.0612440 secs] [Times: user=0.15 sys=0.00, real=0.06 secs] 
3740.602: [GC [PSYoungGen: 320408K->17542K(326144K)] 788977K->492781K(1025216K), 0.0526160 secs] [Times: user=0.13 sys=0.00, real=0.05 secs] 
3741.018: [GC [PSYoungGen: 320774K->15399K(327104K)] 796013K->495836K(1026176K), 0.0950820 secs] [Times: user=0.12 sys=0.00, real=0.10 secs] 
3741.508: [GC [PSYoungGen: 320039K->16145K(327040K)] 800476K->500884K(1026112K), 0.0484160 secs] [Times: user=0.12 sys=0.01, real=0.05 secs] 
3741.908: [GC [PSYoungGen: 320785K->17858K(327616K)] 805524K->510324K(1026688K), 0.0540520 secs] [Times: user=0.13 sys=0.00, real=0.06 secs] 
3742.368: [GC [PSYoungGen: 323266K->18984K(327296K)] 815732K->520467K(1026368K), 0.0604650 secs] [Times: user=0.15 sys=0.00, real=0.06 secs] 
3742.726: [GC [PSYoungGen: 324392K->14028K(327232K)] 825875K->522635K(1026304K), 0.0491590 secs] [Times: user=0.13 sys=0.00, real=0.05 secs] 
3743.184: [GC [PSYoungGen: 319244K->20534K(325760K)] 827851K->534373K(1024832K), 0.0500420 secs] [Times: user=0.14 sys=0.00, real=0.05 secs] 
3743.663: [GC [PSYoungGen: 325750K->15107K(326720K)] 839589K->537077K(1025792K), 0.0881450 secs] [Times: user=0.14 sys=0.01, real=0.09 secs] 
3744.067: [GC [PSYoungGen: 318915K->18492K(326592K)] 840885K->543435K(1025664K), 0.0602950 secs] [Times: user=0.13 sys=0.00, real=0.06 secs] 
3744.478: [GC [PSYoungGen: 322300K->19056K(326720K)] 847243K->552266K(1025792K), 0.0759940 secs] [Times: user=0.15 sys=0.00, real=0.08 secs] 
3744.915: [GC [PSYoungGen: 323115K->17868K(326784K)] 856325K->558483K(1025856K), 0.0556150 secs] [Times: user=0.14 sys=0.00, real=0.06 secs] 
3745.366: [GC [PSYoungGen: 321932K->15540K(327296K)] 862547K->560512K(1026368K), 0.0438520 secs] [Times: user=0.12 sys=0.00, real=0.04 secs] 
3745.704: [GC [PSYoungGen: 320500K->17594K(327168K)] 865472K->567574K(1026240K), 0.0431060 secs] [Times: user=0.14 sys=0.01, real=0.04 secs] 
3746.118: [GC [PSYoungGen: 322554K->17696K(328064K)] 872534K->575744K(1027136K), 0.0719550 secs] [Times: user=0.13 sys=0.00, real=0.07 secs] 
3746.644: [GC [PSYoungGen: 323936K->12152K(318400K)] 881984K->575573K(1017472K), 0.0571480 secs] [Times: user=0.10 sys=0.00, real=0.06 secs] 
3747.091: [GC [PSYoungGen: 318390K->21152K(325376K)] 881811K->590362K(1024448K), 0.0485240 secs] [Times: user=0.15 sys=0.00, real=0.04 secs] 
3747.430: [GC [PSYoungGen: 324576K->19235K(322688K)] 893786K->598773K(1021760K), 0.0650330 secs] [Times: user=0.16 sys=0.00, real=0.07 secs] 
3747.853: [GC [PSYoungGen: 322659K->14615K(326400K)] 902197K->599373K(1025472K), 0.0447340 secs] [Times: user=0.13 sys=0.00, real=0.04 secs] 
3748.272: [GC [PSYoungGen: 317847K->19506K(322752K)] 902605K->611921K(1021824K), 0.0601720 secs] [Times: user=0.14 sys=0.00, real=0.06 secs] 
3748.670: [GC [PSYoungGen: 322738K->16255K(326528K)] 915153K->615273K(1025600K), 0.0587870 secs] [Times: user=0.18 sys=0.00, real=0.06 secs] 
3749.153: [GC [PSYoungGen: 319423K->13328K(326144K)] 918441K->616214K(1025216K), 0.0473410 secs] [Times: user=0.11 sys=0.00, real=0.04 secs] 
3749.590: [GC [PSYoungGen: 316496K->17709K(326720K)] 919382K->626953K(1025792K), 0.0480870 secs] [Times: user=0.14 sys=0.00, real=0.05 secs] 
3750.079: [GC [PSYoungGen: 321325K->16710K(326400K)] 930569K->636231K(1025472K), 0.0576760 secs] [Times: user=0.15 sys=0.01, real=0.06 secs] 
3750.581: [GC [PSYoungGen: 320326K->15844K(327552K)] 939847K->641117K(1026624K), 0.0468160 secs] [Times: user=0.13 sys=0.00, real=0.04 secs] 
3750.978: [GC [PSYoungGen: 321124K->16312K(327232K)] 946397K->647934K(1026304K), 0.0539050 secs] [Times: user=0.12 sys=0.00, real=0.06 secs] 
3751.365: [GC [PSYoungGen: 321592K->18707K(327488K)] 953214K->654715K(1026560K), 0.0564690 secs] [Times: user=0.14 sys=0.00, real=0.06 secs] 
3751.770: [GC [PSYoungGen: 324691K->15906K(327744K)] 960699K->661011K(1026816K), 0.0649470 secs] [Times: user=0.14 sys=0.01, real=0.07 secs] 
3752.131: [GC [PSYoungGen: 321890K->15608K(328256K)] 966995K->667551K(1027328K), 0.0926410 secs] [Times: user=0.13 sys=0.00, real=0.09 secs] 
3752.543: [GC [PSYoungGen: 322424K->14404K(328064K)] 974367K->674475K(1027136K), 0.0551980 secs] [Times: user=0.13 sys=0.00, real=0.05 secs] 
3752.981: [GC [PSYoungGen: 321220K->18983K(327424K)] 981291K->685172K(1026496K), 0.0605600 secs] [Times: user=0.14 sys=0.00, real=0.07 secs] 
3753.391: [GC [PSYoungGen: 325223K->15650K(327872K)] 991412K->688227K(1026944K), 0.0581820 secs] [Times: user=0.13 sys=0.00, real=0.05 secs] 
3753.802: [GC [PSYoungGen: 321890K->19786K(326848K)] 994467K->699112K(1025920K), 0.0620610 secs] [Times: user=0.14 sys=0.00, real=0.07 secs] 
3754.322: [GC [PSYoungGen: 325258K->17227K(327488K)] 1004584K->706022K(1026560K), 0.0491730 secs] [Times: user=0.15 sys=0.00, real=0.04 secs] 
3754.371: [Full GC [PSYoungGen: 17227K->0K(327488K)] [PSOldGen: 688794K->441312K(699072K)] 706022K->441312K(1026560K) [PSPermGen: 91606K->91606K(262144K)], 2.3444640 secs] [Times: user=2.34 sys=0.00, real=2.35 secs] 
3757.008: [GC [PSYoungGen: 305472K->21626K(324288K)] 746784K->464430K(1023360K), 0.0825740 secs] [Times: user=0.12 sys=0.00, real=0.08 secs] 
3757.579: [GC [PSYoungGen: 324282K->15825K(326080K)] 767086K->468930K(1025152K), 0.0712390 secs] [Times: user=0.13 sys=0.00, real=0.07 secs] 
3758.082: [GC [PSYoungGen: 318481K->15854K(326656K)] 771586K->474674K(1025728K), 0.0698420 secs] [Times: user=0.11 sys=0.00, real=0.07 secs] 
3758.516: [GC [PSYoungGen: 319342K->18668K(326336K)] 778162K->482584K(1025408K), 0.0696240 secs] [Times: user=0.15 sys=0.00, real=0.07 secs] 
3758.954: [GC [PSYoungGen: 322156K->20594K(325504K)] 786072K->490890K(1024576K), 0.0717940 secs] [Times: user=0.14 sys=0.00, real=0.07 secs] 
3759.370: [GC [PSYoungGen: 323250K->17564K(326080K)] 793546K->496588K(1025152K), 0.0524160 secs] [Times: user=0.16 sys=0.00, real=0.06 secs] 
3759.771: [GC [PSYoungGen: 320220K->18446K(326848K)] 799244K->499698K(1025920K), 0.0476940 secs] [Times: user=0.12 sys=0.00, real=0.05 secs] 
3760.237: [GC [PSYoungGen: 322382K->17009K(326592K)] 803634K->504557K(1025664K), 0.1011120 secs] [Times: user=0.11 sys=0.00, real=0.10 secs] 
3760.680: [GC [PSYoungGen: 320945K->18191K(327488K)] 808493K->511531K(1026560K), 0.0677870 secs] [Times: user=0.15 sys=0.00, real=0.07 secs] 
3761.172: [GC [PSYoungGen: 323343K->17826K(327168K)] 816683K->516096K(1026240K), 0.0677570 secs] [Times: user=0.12 sys=0.00, real=0.07 secs] 
3761.582: [GC [PSYoungGen: 322978K->19422K(327360K)] 821248K->524192K(1026432K), 0.0786110 secs] [Times: user=0.13 sys=0.00, real=0.08 secs] 
3761.971: [GC [PSYoungGen: 325150K->19608K(325376K)] 829920K->529999K(1024448K), 0.0734610 secs] [Times: user=0.13 sys=0.00, real=0.08 secs] 
3762.420: [GC [PSYoungGen: 325336K->20077K(326784K)] 835727K->536576K(1025856K), 0.0449230 secs] [Times: user=0.14 sys=0.00, real=0.05 secs] 
3762.915: [GC [PSYoungGen: 324781K->14872K(319616K)] 841280K->537139K(1018688K), 0.0361870 secs] [Times: user=0.12 sys=0.00, real=0.03 secs] 
3763.312: [GC [PSYoungGen: 319576K->15760K(326976K)] 841843K->542372K(1026048K), 0.0549060 secs] [Times: user=0.12 sys=0.00, real=0.06 secs] 
3763.715: [GC [PSYoungGen: 320144K->20644K(325056K)] 846756K->552403K(1024128K), 0.0545680 secs] [Times: user=0.14 sys=0.00, real=0.05 secs] 
3764.077: [GC [PSYoungGen: 325028K->18755K(326656K)] 856787K->559467K(1025728K), 0.0709020 secs] [Times: user=0.16 sys=0.01, real=0.07 secs] 
3764.493: [GC [PSYoungGen: 322307K->17022K(326400K)] 863019K->562917K(1025472K), 0.0658750 secs] [Times: user=0.13 sys=0.01, real=0.06 secs] 
3764.908: [GC [PSYoungGen: 320574K->14490K(326656K)] 866469K->567430K(1025728K), 0.0489380 secs] [Times: user=0.13 sys=0.00, real=0.05 secs] 
3765.367: [GC [PSYoungGen: 318554K->16549K(326784K)] 871494K->578139K(1025856K), 0.0759390 secs] [Times: user=0.15 sys=0.00, real=0.08 secs] 
3765.825: [GC [PSYoungGen: 320613K->17595K(327552K)] 882203K->585480K(1026624K), 0.0929710 secs] [Times: user=0.13 sys=0.00, real=0.09 secs] 
3766.311: [GC [PSYoungGen: 322747K->16485K(327104K)] 890632K->591598K(1026176K), 0.0730230 secs] [Times: user=0.13 sys=0.00, real=0.08 secs] 
3766.767: [GC [PSYoungGen: 321637K->20065K(326784K)] 896750K->602279K(1025856K), 0.0528130 secs] [Times: user=0.15 sys=0.00, real=0.05 secs] 
3767.177: [GC [PSYoungGen: 325153K->14434K(319552K)] 907367K->604897K(1018624K), 0.0698720 secs] [Times: user=0.13 sys=0.00, real=0.07 secs] 
3767.645: [GC [PSYoungGen: 319522K->11430K(326144K)] 909985K->604116K(1025216K), 0.0381390 secs] [Times: user=0.10 sys=0.00, real=0.03 secs] 
3768.056: [GC [PSYoungGen: 315238K->21081K(324928K)] 907924K->619236K(1024000K), 0.0772050 secs] [Times: user=0.15 sys=0.01, real=0.07 secs] 
3768.442: [GC [PSYoungGen: 324871K->18524K(325824K)] 923026K->628049K(1024896K), 0.0589220 secs] [Times: user=0.16 sys=0.00, real=0.06 secs] 
3768.886: [GC [PSYoungGen: 320476K->14584K(325632K)] 930001K->632298K(1024704K), 0.0580960 secs] [Times: user=0.14 sys=0.00, real=0.05 secs] 
3769.383: [GC [PSYoungGen: 316536K->18786K(326016K)] 934250K->640559K(1025088K), 0.0514410 secs] [Times: user=0.13 sys=0.01, real=0.06 secs] 
3769.808: [GC [PSYoungGen: 321314K->16383K(326016K)] 943087K->644281K(1025088K), 0.0521570 secs] [Times: user=0.13 sys=0.00, real=0.05 secs] 
3770.186: [GC [PSYoungGen: 318911K->19855K(325696K)] 946809K->653160K(1024768K), 0.0760710 secs] [Times: user=0.17 sys=0.00, real=0.07 secs] 
3770.609: [GC [PSYoungGen: 322511K->14657K(326080K)] 955816K->654532K(1025152K), 0.0466690 secs] [Times: user=0.12 sys=0.00, real=0.05 secs] 
3770.986: [GC [PSYoungGen: 317313K->19478K(325696K)] 957188K->665058K(1024768K), 0.0551880 secs] [Times: user=0.13 sys=0.01, real=0.05 secs] 
3771.382: [GC [PSYoungGen: 321878K->17803K(325952K)] 967458K->673387K(1025024K), 0.0598040 secs] [Times: user=0.15 sys=0.00, real=0.06 secs] 
3771.762: [GC [PSYoungGen: 320203K->19426K(326016K)] 975787K->681286K(1025088K), 0.0507030 secs] [Times: user=0.14 sys=0.00, real=0.05 secs] 
3772.146: [GC [PSYoungGen: 322338K->12821K(315776K)] 984198K->680127K(1014848K), 0.0584810 secs] [Times: user=0.11 sys=0.00, real=0.06 secs] 
3772.579: [GC [PSYoungGen: 315733K->20553K(324672K)] 983039K->692178K(1023744K), 0.0443050 secs] [Times: user=0.14 sys=0.00, real=0.04 secs] 
3772.988: [GC [PSYoungGen: 321673K->17139K(325312K)] 993298K->696822K(1024384K), 0.0624990 secs] [Times: user=0.15 sys=0.00, real=0.06 secs] 
3773.399: [GC [PSYoungGen: 318259K->16354K(326400K)] 997942K->700511K(1025472K), 0.0554480 secs] [Times: user=0.12 sys=0.00, real=0.05 secs] 
3773.797: [GC [PSYoungGen: 319202K->17267K(325952K)] 1003359K->707168K(1025024K), 0.0487400 secs] [Times: user=0.14 sys=0.00, real=0.05 secs] 
3773.846: [Full GC [PSYoungGen: 17267K->0K(325952K)] [PSOldGen: 689900K->441668K(699072K)] 707168K->441668K(1025024K) [PSPermGen: 91620K->91620K(262144K)], 2.3061320 secs] [Times: user=2.27 sys=0.04, real=2.30 secs] 
3776.681: [GC [PSYoungGen: 302848K->22591K(323584K)] 744516K->464908K(1022656K), 0.0396050 secs] [Times: user=0.12 sys=0.00, real=0.04 secs] 
3777.254: [GC [PSYoungGen: 323583K->13930K(325248K)] 765900K->468922K(1024320K), 0.0901420 secs] [Times: user=0.15 sys=0.01, real=0.09 secs] 
3777.718: [GC [PSYoungGen: 314922K->19043K(325312K)] 769914K->474539K(1024384K), 0.0437210 secs] [Times: user=0.12 sys=0.00, real=0.04 secs] 
3778.152: [GC [PSYoungGen: 320099K->13823K(325248K)] 775595K->472539K(1024320K), 0.0376250 secs] [Times: user=0.11 sys=0.00, real=0.04 secs] 
3778.576: [GC [PSYoungGen: 314879K->21876K(323264K)] 773595K->480592K(1022336K), 0.0557260 secs] [Times: user=0.13 sys=0.00, real=0.05 secs] 
3778.982: [GC [PSYoungGen: 320948K->21222K(320320K)] 779664K->482570K(1019392K), 0.0403780 secs] [Times: user=0.14 sys=0.00, real=0.04 secs] 
3779.471: [GC [PSYoungGen: 320294K->12826K(323520K)] 781642K->474989K(1022592K), 0.0521370 secs] [Times: user=0.10 sys=0.01, real=0.05 secs] 
3779.937: [GC [PSYoungGen: 310618K->18553K(323648K)] 772781K->481584K(1022720K), 0.0421400 secs] [Times: user=0.12 sys=0.00, real=0.04 secs] 
3780.365: [GC [PSYoungGen: 316341K->19431K(324224K)] 779372K->482462K(1023296K), 0.0420610 secs] [Times: user=0.12 sys=0.00, real=0.05 secs] 
3780.808: [GC [PSYoungGen: 318247K->16405K(324096K)] 781278K->479436K(1023168K), 0.0563740 secs] [Times: user=0.10 sys=0.00, real=0.05 secs] 
3781.260: [GC [PSYoungGen: 315221K->24658K(320896K)] 778252K->488468K(1019968K), 0.0715970 secs] [Times: user=0.14 sys=0.01, real=0.07 secs] 
3781.632: [GC [PSYoungGen: 320786K->20163K(322816K)] 784596K->484261K(1021888K), 0.0405460 secs] [Times: user=0.11 sys=0.00, real=0.04 secs] 
3782.046: [GC [PSYoungGen: 316291K->22608K(321600K)] 780389K->486816K(1020672K), 0.0463820 secs] [Times: user=0.12 sys=0.00, real=0.05 secs] 
3782.437: [GC [PSYoungGen: 317712K->23112K(318272K)] 781920K->487432K(1017344K), 0.0613170 secs] [Times: user=0.12 sys=0.00, real=0.06 secs] 
3782.791: [GC [PSYoungGen: 318216K->19157K(322432K)] 782536K->483537K(1021504K), 0.0565300 secs] [Times: user=0.11 sys=0.00, real=0.06 secs] 
3783.195: [GC [PSYoungGen: 313685K->23846K(318400K)] 778065K->488486K(1017472K), 0.0386290 secs] [Times: user=0.14 sys=0.00, real=0.04 secs] 
3783.688: [GC [PSYoungGen: 318374K->17146K(321856K)] 783014K->482152K(1020928K), 0.0426300 secs] [Times: user=0.10 sys=0.00, real=0.04 secs] 
3784.100: [GC [PSYoungGen: 311034K->23927K(317824K)] 776040K->489086K(1016896K), 0.0536790 secs] [Times: user=0.13 sys=0.00, real=0.05 secs] 
3784.580: [GC [PSYoungGen: 317815K->22891K(320576K)] 782974K->488258K(1019648K), 0.0554810 secs] [Times: user=0.13 sys=0.00, real=0.05 secs] 
3784.919: [GC [PSYoungGen: 315051K->18250K(320832K)] 780418K->483801K(1019904K), 0.0713520 secs] [Times: user=0.12 sys=0.00, real=0.07 secs] 
3785.300: [GC [PSYoungGen: 310410K->17825K(321728K)] 775961K->483934K(1020800K), 0.0614520 secs] [Times: user=0.11 sys=0.01, real=0.06 secs] 
3785.724: [GC [PSYoungGen: 311393K->16692K(321344K)] 777502K->485290K(1020416K), 0.0912900 secs] [Times: user=0.15 sys=0.00, real=0.09 secs] 
3786.219: [GC [PSYoungGen: 310260K->15280K(322048K)] 778858K->492162K(1021120K), 0.0702520 secs] [Times: user=0.13 sys=0.00, real=0.07 secs] 
3786.582: [GC [PSYoungGen: 309808K->15347K(321984K)] 786690K->497886K(1021056K), 0.0587100 secs] [Times: user=0.12 sys=0.00, real=0.06 secs] 
3786.919: [GC [PSYoungGen: 309875K->20571K(322432K)] 792414K->510160K(1021504K), 0.0768690 secs] [Times: user=0.15 sys=0.00, real=0.07 secs] 
3787.307: [GC [PSYoungGen: 315739K->20067K(322240K)] 805328K->520572K(1021312K), 0.0681120 secs] [Times: user=0.17 sys=0.00, real=0.07 secs] 
3787.773: [GC [PSYoungGen: 315235K->16771K(323200K)] 815740K->523170K(1022272K), 0.0762290 secs] [Times: user=0.14 sys=0.01, real=0.08 secs] 
3788.156: [GC [PSYoungGen: 313283K->19675K(322816K)] 819682K->532775K(1021888K), 0.0547590 secs] [Times: user=0.15 sys=0.01, real=0.06 secs] 
3788.568: [GC [PSYoungGen: 316187K->14748K(323520K)] 829287K->535711K(1022592K), 0.0511490 secs] [Times: user=0.13 sys=0.00, real=0.05 secs] 
3788.974: [GC [PSYoungGen: 312412K->18052K(323584K)] 833375K->543489K(1022656K), 0.0643430 secs] [Times: user=0.12 sys=0.00, real=0.07 secs] 
3789.328: [GC [PSYoungGen: 315716K->16644K(324672K)] 841153K->549641K(1023744K), 0.0539070 secs] [Times: user=0.14 sys=0.00, real=0.05 secs] 
3789.794: [GC [PSYoungGen: 316100K->17468K(324288K)] 849097K->557718K(1023360K), 0.0672590 secs] [Times: user=0.14 sys=0.00, real=0.07 secs] 
3790.218: [GC [PSYoungGen: 316924K->18494K(325696K)] 857174K->563059K(1024768K), 0.0750470 secs] [Times: user=0.14 sys=0.00, real=0.07 secs] 
3790.640: [GC [PSYoungGen: 319870K->16241K(325184K)] 864435K->564444K(1024256K), 0.0414330 secs] [Times: user=0.12 sys=0.00, real=0.04 secs] 
3791.024: [GC [PSYoungGen: 317617K->16993K(326272K)] 865820K->573459K(1025344K), 0.0519380 secs] [Times: user=0.14 sys=0.00, real=0.05 secs] 
3791.371: [GC [PSYoungGen: 319649K->16030K(325888K)] 876115K->580731K(1024960K), 0.0522150 secs] [Times: user=0.13 sys=0.00, real=0.05 secs] 
3791.738: [GC [PSYoungGen: 318686K->18867K(326592K)] 883387K->589025K(1025664K), 0.0700150 secs] [Times: user=0.14 sys=0.00, real=0.07 secs] 
3792.117: [GC [PSYoungGen: 322419K->17504K(326464K)] 892577K->596813K(1025536K), 0.0613700 secs] [Times: user=0.14 sys=0.00, real=0.06 secs] 
3792.563: [GC [PSYoungGen: 321056K->18557K(327232K)] 900365K->603957K(1026304K), 0.0469980 secs] [Times: user=0.13 sys=0.01, real=0.05 secs] 
3792.946: [GC [PSYoungGen: 323325K->19065K(327040K)] 908725K->614108K(1026112K), 0.0620680 secs] [Times: user=0.16 sys=0.01, real=0.07 secs] 
3793.310: [GC [PSYoungGen: 323833K->16917K(327488K)] 918876K->616198K(1026560K), 0.0465490 secs] [Times: user=0.12 sys=0.00, real=0.04 secs] 
3793.641: [GC [PSYoungGen: 322133K->14278K(327232K)] 921414K->617316K(1026304K), 0.0415340 secs] [Times: user=0.12 sys=0.00, real=0.04 secs] 
3794.029: [GC [PSYoungGen: 319494K->15755K(327424K)] 922532K->625483K(1026496K), 0.0444860 secs] [Times: user=0.12 sys=0.00, real=0.04 secs] 
3794.369: [GC [PSYoungGen: 320907K->14681K(327232K)] 930635K->633196K(1026304K), 0.0548350 secs] [Times: user=0.13 sys=0.00, real=0.05 secs] 
3794.783: [GC [PSYoungGen: 319833K->18408K(327424K)] 938348K->640618K(1026496K), 0.0438350 secs] [Times: user=0.12 sys=0.00, real=0.04 secs] 
3795.151: [GC [PSYoungGen: 323752K->18891K(324288K)] 945962K->649412K(1023360K), 0.0583360 secs] [Times: user=0.14 sys=0.00, real=0.06 secs] 
3795.540: [GC [PSYoungGen: 324235K->17132K(327744K)] 954756K->654236K(1026816K), 0.0716420 secs] [Times: user=0.13 sys=0.00, real=0.07 secs] 
3795.988: [GC [PSYoungGen: 322668K->16439K(327296K)] 959772K->658717K(1026368K), 0.0538740 secs] [Times: user=0.12 sys=0.01, real=0.06 secs] 
3796.430: [GC [PSYoungGen: 321975K->17848K(328256K)] 964253K->667558K(1027328K), 0.0495960 secs] [Times: user=0.14 sys=0.00, real=0.05 secs] 
3796.828: [GC [PSYoungGen: 324600K->18365K(328000K)] 974310K->674110K(1027072K), 0.0494100 secs] [Times: user=0.14 sys=0.00, real=0.05 secs] 
3797.256: [GC [PSYoungGen: 325117K->15230K(328256K)] 980862K->677498K(1027328K), 0.0570710 secs] [Times: user=0.13 sys=0.00, real=0.06 secs] 
3797.695: [GC [PSYoungGen: 322238K->14599K(321664K)] 984506K->681830K(1020736K), 0.0432890 secs] [Times: user=0.13 sys=0.00, real=0.05 secs] 
3798.109: [GC [PSYoungGen: 321607K->16104K(328512K)] 988838K->688860K(1027584K), 0.0468030 secs] [Times: user=0.12 sys=0.00, real=0.04 secs] 
3798.561: [GC [PSYoungGen: 323304K->16308K(328192K)] 996060K->695197K(1027264K), 0.0654090 secs] [Times: user=0.12 sys=0.00, real=0.06 secs] 
3799.034: [GC [PSYoungGen: 323508K->16933K(329152K)] 1002397K->703647K(1028224K), 0.0883980 secs] [Times: user=0.13 sys=0.00, real=0.09 secs] 
3799.450: [GC [PSYoungGen: 325413K->14341K(328832K)] 1012127K->708568K(1027904K), 0.0470550 secs] [Times: user=0.13 sys=0.00, real=0.04 secs] 
3799.498: [Full GC [PSYoungGen: 14341K->0K(328832K)] [PSOldGen: 694227K->439172K(699072K)] 708568K->439172K(1027904K) [PSPermGen: 91636K->91636K(262144K)], 2.2795330 secs] [Times: user=2.27 sys=0.01, real=2.28 secs] 
3802.109: [GC [PSYoungGen: 308480K->20384K(326144K)] 747652K->460651K(1025216K), 0.0428240 secs] [Times: user=0.12 sys=0.00, real=0.04 secs] 
3802.439: [GC [PSYoungGen: 326112K->17137K(327616K)] 766379K->467706K(1026688K), 0.0543970 secs] [Times: user=0.15 sys=0.00, real=0.06 secs] 
3802.957: [GC [PSYoungGen: 322847K->14759K(328128K)] 773416K->469297K(1027200K), 0.0459250 secs] [Times: user=0.11 sys=0.00, real=0.05 secs] 
3803.364: [GC [PSYoungGen: 321447K->19253K(325952K)] 775985K->479946K(1025024K), 0.0807890 secs] [Times: user=0.14 sys=0.01, real=0.08 secs] 
3803.861: [GC [PSYoungGen: 325941K->18314K(327680K)] 786634K->487458K(1026752K), 0.0516050 secs] [Times: user=0.15 sys=0.00, real=0.05 secs] 
3804.413: [GC [PSYoungGen: 324170K->16806K(327680K)] 793314K->491782K(1026752K), 0.0742770 secs] [Times: user=0.13 sys=0.00, real=0.07 secs] 
3804.836: [GC [PSYoungGen: 322662K->18520K(327936K)] 797638K->498765K(1027008K), 0.0553720 secs] [Times: user=0.14 sys=0.00, real=0.06 secs] 
3805.335: [GC [PSYoungGen: 325016K->19632K(326144K)] 805261K->509050K(1025216K), 0.0800280 secs] [Times: user=0.15 sys=0.00, real=0.08 secs] 
3805.759: [GC [PSYoungGen: 326128K->20129K(326528K)] 815546K->517027K(1025600K), 0.0773920 secs] [Times: user=0.16 sys=0.00, real=0.08 secs] 
3806.273: [GC [PSYoungGen: 324705K->17265K(327040K)] 821603K->521217K(1026112K), 0.0646720 secs] [Times: user=0.13 sys=0.01, real=0.06 secs] 
3806.766: [GC [PSYoungGen: 321841K->17746K(327872K)] 825793K->528473K(1026944K), 0.0665750 secs] [Times: user=0.14 sys=0.00, real=0.07 secs] 
3807.270: [GC [PSYoungGen: 323538K->15492K(327424K)] 834265K->531989K(1026496K), 0.0465240 secs] [Times: user=0.12 sys=0.00, real=0.04 secs] 
3807.662: [GC [PSYoungGen: 321284K->19294K(327360K)] 837781K->542701K(1026432K), 0.0567680 secs] [Times: user=0.14 sys=0.00, real=0.05 secs] 
3808.062: [GC [PSYoungGen: 325022K->15706K(327616K)] 848429K->546069K(1026688K), 0.0510230 secs] [Times: user=0.13 sys=0.01, real=0.05 secs] 
3808.473: [GC [PSYoungGen: 321434K->14823K(327680K)] 851797K->548439K(1026752K), 0.0464710 secs] [Times: user=0.13 sys=0.00, real=0.04 secs] 
3808.861: [GC [PSYoungGen: 320679K->18907K(324800K)] 854295K->557894K(1023872K), 0.0857540 secs] [Times: user=0.14 sys=0.00, real=0.08 secs] 
3809.284: [GC [PSYoungGen: 324763K->20499K(326080K)] 863750K->568470K(1025152K), 0.0558810 secs] [Times: user=0.16 sys=0.00, real=0.05 secs] 
3809.793: [GC [PSYoungGen: 324563K->15007K(326784K)] 872534K->571499K(1025856K), 0.0485760 secs] [Times: user=0.13 sys=0.00, real=0.05 secs] 
3810.215: [GC [PSYoungGen: 319071K->16264K(327168K)] 875563K->577303K(1026240K), 0.0530780 secs] [Times: user=0.14 sys=0.00, real=0.05 secs] 
3810.576: [GC [PSYoungGen: 320776K->18443K(326848K)] 881815K->585742K(1025920K), 0.0745650 secs] [Times: user=0.14 sys=0.00, real=0.08 secs] 
3811.016: [GC [PSYoungGen: 322942K->21118K(325440K)] 890241K->599191K(1024512K), 0.0700600 secs] [Times: user=0.16 sys=0.00, real=0.07 secs] 
3811.542: [GC [PSYoungGen: 324286K->16592K(326336K)] 902359K->600141K(1025408K), 0.0758510 secs] [Times: user=0.12 sys=0.00, real=0.07 secs] 
3811.968: [GC [PSYoungGen: 319760K->18310K(326976K)] 903309K->605969K(1026048K), 0.0391830 secs] [Times: user=0.13 sys=0.00, real=0.04 secs] 
3812.385: [GC [PSYoungGen: 322438K->17017K(326656K)] 910097K->611278K(1025728K), 0.0528620 secs] [Times: user=0.14 sys=0.00, real=0.05 secs] 
3812.858: [GC [PSYoungGen: 321145K->15287K(327360K)] 915406K->615921K(1026432K), 0.0541870 secs] [Times: user=0.13 sys=0.01, real=0.06 secs] 
3813.306: [GC [PSYoungGen: 320439K->18552K(327296K)] 921073K->625572K(1026368K), 0.0562150 secs] [Times: user=0.13 sys=0.00, real=0.06 secs] 
3813.667: [GC [PSYoungGen: 323704K->13425K(326912K)] 930724K->629642K(1025984K), 0.0409570 secs] [Times: user=0.13 sys=0.00, real=0.04 secs] 
3814.047: [GC [PSYoungGen: 318257K->21175K(326016K)] 934474K->642928K(1025088K), 0.0594960 secs] [Times: user=0.16 sys=0.01, real=0.06 secs] 
3814.506: [GC [PSYoungGen: 326007K->13494K(325952K)] 947760K->641986K(1025024K), 0.0518780 secs] [Times: user=0.12 sys=0.00, real=0.05 secs] 
3814.893: [GC [PSYoungGen: 316150K->20420K(323136K)] 944642K->654547K(1022208K), 0.0718420 secs] [Times: user=0.15 sys=0.00, real=0.07 secs] 
3815.318: [GC [PSYoungGen: 323076K->17640K(326080K)] 957203K->659640K(1025152K), 0.0463470 secs] [Times: user=0.13 sys=0.00, real=0.05 secs] 
3815.832: [GC [PSYoungGen: 319720K->16561K(325504K)] 961720K->663865K(1024576K), 0.0695020 secs] [Times: user=0.13 sys=0.01, real=0.07 secs] 
3816.299: [GC [PSYoungGen: 318639K->12581K(326016K)] 965943K->666054K(1025088K), 0.0417320 secs] [Times: user=0.11 sys=0.00, real=0.05 secs] 
3816.705: [GC [PSYoungGen: 315621K->15487K(326272K)] 969094K->673201K(1025344K), 0.0519800 secs] [Times: user=0.11 sys=0.00, real=0.05 secs] 
3817.103: [GC [PSYoungGen: 318527K->19174K(326016K)] 976241K->684008K(1025088K), 0.0447010 secs] [Times: user=0.14 sys=0.00, real=0.04 secs] 
3817.474: [GC [PSYoungGen: 322342K->17928K(326336K)] 987176K->693035K(1025408K), 0.0589320 secs] [Times: user=0.15 sys=0.00, real=0.06 secs] 
3817.903: [GC [PSYoungGen: 321096K->18972K(326464K)] 996203K->698850K(1025536K), 0.0770360 secs] [Times: user=0.13 sys=0.00, real=0.07 secs] 
3818.408: [GC [PSYoungGen: 322524K->17614K(326528K)] 1002402K->701124K(1025600K), 0.0635910 secs] [Times: user=0.12 sys=0.01, real=0.07 secs] 
3818.866: [GC [PSYoungGen: 321166K->15210K(327104K)] 1004676K->703984K(1026176K), 0.0572820 secs] [Times: user=0.12 sys=0.00, real=0.06 secs] 
3818.923: [Full GC [PSYoungGen: 15210K->0K(327104K)] [PSOldGen: 688774K->408166K(699072K)] 703984K->408166K(1026176K) [PSPermGen: 91650K->91593K(262144K)], 2.6225950 secs] [Times: user=2.62 sys=0.00, real=2.62 secs] 
3821.899: [GC [PSYoungGen: 304576K->16695K(326976K)] 712742K->424861K(1026048K), 0.0523850 secs] [Times: user=0.10 sys=0.00, real=0.05 secs] 
3822.410: [GC [PSYoungGen: 321271K->21866K(324992K)] 729437K->430033K(1024064K), 0.0666930 secs] [Times: user=0.12 sys=0.00, real=0.07 secs] 
3822.818: [GC [PSYoungGen: 324896K->17959K(326272K)] 733062K->432159K(1025344K), 0.0902750 secs] [Times: user=0.13 sys=0.00, real=0.09 secs] 
3823.179: [GC [PSYoungGen: 320999K->22743K(323968K)] 735199K->440435K(1023040K), 0.0612450 secs] [Times: user=0.16 sys=0.00, real=0.06 secs] 
3823.612: [GC [PSYoungGen: 323863K->16388K(325312K)] 741555K->444244K(1024384K), 0.0546750 secs] [Times: user=0.14 sys=0.00, real=0.05 secs] 
3824.065: [GC [PSYoungGen: 317508K->17286K(326080K)] 745364K->449742K(1025152K), 0.0504240 secs] [Times: user=0.13 sys=0.00, real=0.05 secs] 
3824.479: [GC [PSYoungGen: 319494K->16857K(325632K)] 751950K->456671K(1024704K), 0.0480580 secs] [Times: user=0.14 sys=0.00, real=0.05 secs] 
3824.818: [GC [PSYoungGen: 319065K->19535K(326208K)] 758879K->465891K(1025280K), 0.0516860 secs] [Times: user=0.15 sys=0.00, real=0.05 secs] 
3825.192: [GC [PSYoungGen: 322703K->17581K(326336K)] 769059K->470371K(1025408K), 0.0660110 secs] [Times: user=0.14 sys=0.00, real=0.06 secs] 
3825.615: [GC [PSYoungGen: 320749K->17594K(327232K)] 773539K->476912K(1026304K), 0.0516080 secs] [Times: user=0.13 sys=0.00, real=0.05 secs] 
3826.048: [GC [PSYoungGen: 322106K->17582K(326784K)] 781424K->483328K(1025856K), 0.1321260 secs] [Times: user=0.13 sys=0.00, real=0.13 secs] 
3826.532: [GC [PSYoungGen: 322094K->18007K(327936K)] 787840K->487962K(1027008K), 0.0761800 secs] [Times: user=0.13 sys=0.00, real=0.08 secs] 
3826.979: [GC [PSYoungGen: 324054K->14912K(327616K)] 794010K->489030K(1026688K), 0.0414250 secs] [Times: user=0.11 sys=0.00, real=0.04 secs] 
3827.368: [GC [PSYoungGen: 320960K->17143K(328128K)] 795078K->498433K(1027200K), 0.0768370 secs] [Times: user=0.13 sys=0.00, real=0.08 secs] 
3827.793: [GC [PSYoungGen: 323575K->13883K(327808K)] 804865K->504177K(1026880K), 0.0558240 secs] [Times: user=0.13 sys=0.00, real=0.06 secs] 
3828.218: [GC [PSYoungGen: 320309K->20072K(326656K)] 810603K->514201K(1025728K), 0.0769400 secs] [Times: user=0.12 sys=0.01, real=0.08 secs] 
3828.749: [GC [PSYoungGen: 325160K->19899K(324992K)] 819289K->521916K(1024064K), 0.0871740 secs] [Times: user=0.14 sys=0.01, real=0.09 secs] 
3829.258: [GC [PSYoungGen: 324987K->14414K(326720K)] 827004K->523610K(1025792K), 0.0509700 secs] [Times: user=0.12 sys=0.00, real=0.05 secs] 
3829.681: [GC [PSYoungGen: 318478K->19541K(323648K)] 827674K->531962K(1022720K), 0.0493580 secs] [Times: user=0.12 sys=0.00, real=0.05 secs] 
3830.175: [GC [PSYoungGen: 323605K->13583K(326144K)] 836026K->534856K(1025216K), 0.0721870 secs] [Times: user=0.13 sys=0.00, real=0.07 secs] 
3830.542: [GC [PSYoungGen: 316751K->14972K(326336K)] 838024K->542045K(1025408K), 0.0429170 secs] [Times: user=0.13 sys=0.00, real=0.05 secs] 
3830.925: [GC [PSYoungGen: 318140K->20372K(325184K)] 845213K->554320K(1024256K), 0.0596980 secs] [Times: user=0.13 sys=0.00, real=0.06 secs] 
3831.348: [GC [PSYoungGen: 322644K->17530K(325888K)] 856592K->557285K(1024960K), 0.0619870 secs] [Times: user=0.13 sys=0.00, real=0.06 secs] 
3831.754: [GC [PSYoungGen: 319802K->19036K(326336K)] 859557K->561436K(1025408K), 0.0547680 secs] [Times: user=0.13 sys=0.00, real=0.05 secs] 
3832.147: [GC [PSYoungGen: 322332K->18954K(326400K)] 864732K->569465K(1025472K), 0.0454460 secs] [Times: user=0.14 sys=0.00, real=0.05 secs] 
3832.546: [GC [PSYoungGen: 322250K->16423K(326720K)] 872761K->574017K(1025792K), 0.0603560 secs] [Times: user=0.13 sys=0.00, real=0.06 secs] 
3832.941: [GC [PSYoungGen: 320039K->17204K(326400K)] 877633K->578308K(1025472K), 0.0730500 secs] [Times: user=0.12 sys=0.00, real=0.08 secs] 
3833.471: [GC [PSYoungGen: 320820K->15429K(327360K)] 881924K->585078K(1026432K), 0.0496650 secs] [Times: user=0.13 sys=0.00, real=0.05 secs] 
3833.943: [GC [PSYoungGen: 320517K->17384K(327232K)] 890166K->592256K(1026304K), 0.0890060 secs] [Times: user=0.13 sys=0.01, real=0.09 secs] 
3834.338: [GC [PSYoungGen: 322472K->16575K(328128K)] 897344K->598614K(1027200K), 0.0511060 secs] [Times: user=0.13 sys=0.00, real=0.05 secs] 
3834.703: [GC [PSYoungGen: 323007K->17130K(327808K)] 905046K->605893K(1026880K), 0.0616490 secs] [Times: user=0.13 sys=0.01, real=0.07 secs] 
3835.088: [GC [PSYoungGen: 323562K->18381K(328384K)] 912325K->612022K(1027456K), 0.0600260 secs] [Times: user=0.12 sys=0.00, real=0.06 secs] 
3835.492: [GC [PSYoungGen: 325773K->18354K(328448K)] 919414K->619027K(1027520K), 0.0593670 secs] [Times: user=0.13 sys=0.01, real=0.06 secs] 
3835.898: [GC [PSYoungGen: 325746K->17317K(328768K)] 926419K->623462K(1027840K), 0.0551070 secs] [Times: user=0.13 sys=0.00, real=0.05 secs] 
3836.262: [GC [PSYoungGen: 325029K->17890K(328448K)] 931174K->629258K(1027520K), 0.0392280 secs] [Times: user=0.13 sys=0.00, real=0.04 secs] 
3836.651: [GC [PSYoungGen: 325602K->18728K(328576K)] 936970K->637987K(1027648K), 0.0588970 secs] [Times: user=0.14 sys=0.00, real=0.06 secs] 
3837.131: [GC [PSYoungGen: 326760K->18935K(326976K)] 946019K->643996K(1026048K), 0.0568450 secs] [Times: user=0.14 sys=0.00, real=0.06 secs] 
3837.538: [GC [PSYoungGen: 326967K->15340K(328448K)] 952028K->646913K(1027520K), 0.0573950 secs] [Times: user=0.14 sys=0.00, real=0.06 secs] 
3837.942: [GC [PSYoungGen: 322860K->18797K(326336K)] 954433K->658726K(1025408K), 0.0627490 secs] [Times: user=0.14 sys=0.00, real=0.07 secs] 
3838.391: [GC [PSYoungGen: 326317K->19201K(327872K)] 966246K->666774K(1026944K), 0.0769820 secs] [Times: user=0.14 sys=0.00, real=0.08 secs] 
3838.862: [GC [PSYoungGen: 325953K->16651K(328128K)] 973526K->671218K(1027200K), 0.0629590 secs] [Times: user=0.16 sys=0.00, real=0.07 secs] 
3839.363: [GC [PSYoungGen: 323403K->15375K(328192K)] 977970K->674627K(1027264K), 0.0813750 secs] [Times: user=0.13 sys=0.01, real=0.08 secs] 
3839.843: [GC [PSYoungGen: 322383K->16335K(328256K)] 981635K->681438K(1027328K), 0.0674140 secs] [Times: user=0.12 sys=0.00, real=0.07 secs] 
3840.280: [GC [PSYoungGen: 323343K->16605K(328704K)] 988446K->689165K(1027776K), 0.0517000 secs] [Times: user=0.13 sys=0.01, real=0.05 secs] 
3840.691: [GC [PSYoungGen: 324253K->15908K(328448K)] 996813K->695086K(1027520K), 0.0565270 secs] [Times: user=0.13 sys=0.00, real=0.06 secs] 
3841.126: [GC [PSYoungGen: 323556K->16939K(329152K)] 1002734K->699150K(1028224K), 0.0638820 secs] [Times: user=0.11 sys=0.00, real=0.06 secs] 
3841.647: [GC [PSYoungGen: 325419K->17327K(328832K)] 1007630K->706968K(1027904K), 0.0854510 secs] [Times: user=0.13 sys=0.00, real=0.08 secs] 
3841.733: [Full GC [PSYoungGen: 17327K->0K(328832K)] [PSOldGen: 689641K->449687K(699072K)] 706968K->449687K(1027904K) [PSPermGen: 91606K->91606K(262144K)], 2.2940490 secs] [Times: user=2.30 sys=0.00, real=2.30 secs] 
3844.392: [GC [PSYoungGen: 308480K->20060K(327744K)] 758167K->469809K(1026816K), 0.0419550 secs] [Times: user=0.11 sys=0.00, real=0.04 secs] 
3844.872: [GC [PSYoungGen: 327708K->15042K(322752K)] 777457K->473344K(1021824K), 0.0527310 secs] [Times: user=0.14 sys=0.00, real=0.05 secs] 
3845.269: [GC [PSYoungGen: 322690K->18471K(328384K)] 780992K->481407K(1027456K), 0.0716940 secs] [Times: user=0.13 sys=0.00, real=0.07 secs] 
3845.760: [GC [PSYoungGen: 325863K->16623K(328448K)] 788799K->485788K(1027520K), 0.0708550 secs] [Times: user=0.12 sys=0.00, real=0.07 secs] 
3846.298: [GC [PSYoungGen: 324015K->12430K(327680K)] 793180K->487079K(1026752K), 0.0537880 secs] [Times: user=0.12 sys=0.00, real=0.05 secs] 
3846.777: [GC [PSYoungGen: 319310K->17939K(328192K)] 793959K->497857K(1027264K), 0.0756030 secs] [Times: user=0.14 sys=0.00, real=0.07 secs] 
3847.313: [GC [PSYoungGen: 324819K->18300K(328000K)] 804737K->507364K(1027072K), 0.0721060 secs] [Times: user=0.15 sys=0.00, real=0.07 secs] 
3847.724: [GC [PSYoungGen: 325052K->16914K(328128K)] 814116K->512155K(1027200K), 0.0484860 secs] [Times: user=0.13 sys=0.00, real=0.05 secs] 
3848.112: [GC [PSYoungGen: 323666K->17177K(328896K)] 818907K->516519K(1027968K), 0.0490430 secs] [Times: user=0.12 sys=0.00, real=0.05 secs] 
3848.676: [GC [PSYoungGen: 325145K->17018K(328576K)] 824487K->522351K(1027648K), 0.0657310 secs] [Times: user=0.13 sys=0.00, real=0.06 secs] 
3849.212: [GC [PSYoungGen: 324986K->16317K(329472K)] 830319K->526821K(1028544K), 0.0634080 secs] [Times: user=0.12 sys=0.01, real=0.07 secs] 
3849.690: [GC [PSYoungGen: 325501K->18854K(328064K)] 836005K->536045K(1027136K), 0.0522830 secs] [Times: user=0.14 sys=0.00, real=0.05 secs] 
3850.091: [GC [PSYoungGen: 328038K->15464K(329088K)] 845229K->537104K(1028160K), 0.0472240 secs] [Times: user=0.12 sys=0.00, real=0.05 secs] 
3850.495: [GC [PSYoungGen: 324072K->12409K(321024K)] 845712K->539958K(1020096K), 0.0475900 secs] [Times: user=0.11 sys=0.00, real=0.05 secs] 
3850.985: [GC [PSYoungGen: 321017K->16487K(329088K)] 848566K->550518K(1028160K), 0.0675830 secs] [Times: user=0.12 sys=0.00, real=0.07 secs] 
3851.348: [GC [PSYoungGen: 324711K->18630K(328640K)] 858742K->560201K(1027712K), 0.0400560 secs] [Times: user=0.14 sys=0.01, real=0.04 secs] 
3851.772: [GC [PSYoungGen: 326854K->19076K(327680K)] 868425K->568603K(1026752K), 0.0664540 secs] [Times: user=0.14 sys=0.00, real=0.07 secs] 
3852.150: [GC [PSYoungGen: 325956K->19394K(326336K)] 875483K->574562K(1025408K), 0.0652220 secs] [Times: user=0.14 sys=0.00, real=0.06 secs] 
3852.551: [GC [PSYoungGen: 326274K->13790K(327488K)] 881442K->573654K(1026560K), 0.1185640 secs] [Times: user=0.12 sys=0.00, real=0.12 secs] 
3853.032: [GC [PSYoungGen: 319518K->16566K(327616K)] 879382K->584024K(1026688K), 0.0540680 secs] [Times: user=0.13 sys=0.00, real=0.05 secs] 
3853.406: [GC [PSYoungGen: 322294K->19709K(326912K)] 889752K->595362K(1025984K), 0.0522760 secs] [Times: user=0.14 sys=0.00, real=0.06 secs] 
3853.880: [GC [PSYoungGen: 325181K->17110K(327488K)] 900834K->600815K(1026560K), 0.0732780 secs] [Times: user=0.13 sys=0.00, real=0.07 secs] 
3854.275: [GC [PSYoungGen: 322582K->16711K(328320K)] 906287K->605803K(1027392K), 0.0554270 secs] [Times: user=0.12 sys=0.01, real=0.06 secs] 
3854.646: [GC [PSYoungGen: 323463K->16563K(327936K)] 912555K->611896K(1027008K), 0.0483400 secs] [Times: user=0.13 sys=0.00, real=0.05 secs] 
3855.114: [GC [PSYoungGen: 323315K->18705K(328128K)] 918648K->619397K(1027200K), 0.0477800 secs] [Times: user=0.14 sys=0.00, real=0.05 secs] 
3855.496: [GC [PSYoungGen: 325969K->17272K(328384K)] 926661K->627549K(1027456K), 0.0469860 secs] [Times: user=0.15 sys=0.00, real=0.05 secs] 
3855.888: [GC [PSYoungGen: 324536K->14519K(328512K)] 934813K->628189K(1027584K), 0.0496310 secs] [Times: user=0.12 sys=0.00, real=0.05 secs] 
3856.249: [GC [PSYoungGen: 322295K->20853K(328640K)] 935965K->638841K(1027712K), 0.0625410 secs] [Times: user=0.14 sys=0.00, real=0.06 secs] 
3856.662: [GC [PSYoungGen: 328629K->13408K(323008K)] 946617K->639266K(1022080K), 0.0602610 secs] [Times: user=0.13 sys=0.01, real=0.06 secs] 
3857.127: [GC [PSYoungGen: 315552K->18087K(325824K)] 941410K->648305K(1024896K), 0.0722090 secs] [Times: user=0.13 sys=0.00, real=0.08 secs] 
3857.583: [GC [PSYoungGen: 320231K->19850K(325632K)] 950449K->659695K(1024704K), 0.0586970 secs] [Times: user=0.15 sys=0.00, real=0.06 secs] 
3858.024: [GC [PSYoungGen: 322122K->18643K(325888K)] 961967K->667872K(1024960K), 0.0565330 secs] [Times: user=0.16 sys=0.00, real=0.06 secs] 
3858.506: [GC [PSYoungGen: 320915K->16768K(326464K)] 970144K->672348K(1025536K), 0.0538610 secs] [Times: user=0.14 sys=0.00, real=0.06 secs] 
3859.007: [GC [PSYoungGen: 319808K->20774K(323840K)] 975388K->681788K(1022912K), 0.0803040 secs] [Times: user=0.14 sys=0.00, real=0.08 secs] 
3859.476: [GC [PSYoungGen: 323814K->19272K(325952K)] 984828K->686500K(1025024K), 0.0639100 secs] [Times: user=0.14 sys=0.00, real=0.07 secs] 
3859.897: [GC [PSYoungGen: 321608K->17648K(325888K)] 988836K->690487K(1024960K), 0.0593360 secs] [Times: user=0.13 sys=0.00, real=0.06 secs] 
3860.260: [GC [PSYoungGen: 319984K->15464K(326464K)] 992823K->693525K(1025536K), 0.0488920 secs] [Times: user=0.13 sys=0.01, real=0.05 secs] 
3860.679: [GC [PSYoungGen: 318824K->20451K(323840K)] 996885K->706009K(1022912K), 0.1094060 secs] [Times: user=0.14 sys=0.00, real=0.11 secs] 
3861.135: [GC [PSYoungGen: 323811K->18884K(326272K)] 1009369K->714478K(1025344K), 0.0657630 secs] [Times: user=0.15 sys=0.00, real=0.07 secs] 
3861.201: [Full GC [PSYoungGen: 18884K->0K(326272K)] [PSOldGen: 695594K->444499K(699072K)] 714478K->444499K(1025344K) [PSPermGen: 91620K->91620K(262144K)], 2.3905650 secs] [Times: user=2.39 sys=0.00, real=2.39 secs] 
3863.876: [GC [PSYoungGen: 302784K->20213K(323008K)] 747283K->464713K(1022080K), 0.0507630 secs] [Times: user=0.12 sys=0.00, real=0.05 secs] 
3864.300: [GC [PSYoungGen: 322997K->21666K(324544K)] 767497K->474268K(1023616K), 0.0594580 secs] [Times: user=0.17 sys=0.00, real=0.06 secs] 
3864.723: [GC [PSYoungGen: 322658K->14380K(315392K)] 775260K->476234K(1014464K), 0.0504920 secs] [Times: user=0.13 sys=0.00, real=0.05 secs] 
3865.119: [GC [PSYoungGen: 315372K->19785K(325120K)] 777226K->485189K(1024192K), 0.0549610 secs] [Times: user=0.13 sys=0.00, real=0.05 secs] 
3865.551: [GC [PSYoungGen: 320521K->11560K(312320K)] 785925K->485876K(1011392K), 0.0428790 secs] [Times: user=0.11 sys=0.00, real=0.04 secs] 
3865.914: [GC [PSYoungGen: 312296K->17174K(325184K)] 786612K->494856K(1024256K), 0.0492750 secs] [Times: user=0.13 sys=0.00, real=0.05 secs] 
3866.338: [GC [PSYoungGen: 317398K->16204K(324544K)] 795080K->500903K(1023616K), 0.0381420 secs] [Times: user=0.13 sys=0.00, real=0.04 secs] 
3866.698: [GC [PSYoungGen: 316428K->19892K(325120K)] 801127K->511215K(1024192K), 0.0545930 secs] [Times: user=0.14 sys=0.01, real=0.06 secs] 
3867.091: [GC [PSYoungGen: 321140K->16687K(325376K)] 812463K->513807K(1024448K), 0.0722750 secs] [Times: user=0.12 sys=0.00, real=0.07 secs] 
3867.568: [GC [PSYoungGen: 317935K->18214K(326208K)] 815055K->520780K(1025280K), 0.0512950 secs] [Times: user=0.13 sys=0.00, real=0.06 secs] 
3867.998: [GC [PSYoungGen: 320742K->10249K(312832K)] 823308K->518174K(1011904K), 0.0476510 secs] [Times: user=0.10 sys=0.00, real=0.05 secs] 
3868.381: [GC [PSYoungGen: 312777K->20772K(324096K)] 820702K->531954K(1023168K), 0.0499130 secs] [Times: user=0.13 sys=0.00, real=0.05 secs] 
3868.830: [GC [PSYoungGen: 320868K->16899K(324800K)] 832050K->540094K(1023872K), 0.0840170 secs] [Times: user=0.16 sys=0.01, real=0.08 secs] 
3869.252: [GC [PSYoungGen: 316995K->17386K(326080K)] 840190K->545556K(1025152K), 0.0526390 secs] [Times: user=0.14 sys=0.00, real=0.05 secs] 
3869.793: [GC [PSYoungGen: 319402K->16901K(325440K)] 847572K->552849K(1024512K), 0.0544350 secs] [Times: user=0.14 sys=0.00, real=0.05 secs] 
3870.207: [GC [PSYoungGen: 318917K->14590K(326720K)] 854865K->556615K(1025792K), 0.0516530 secs] [Times: user=0.13 sys=0.00, real=0.05 secs] 
3870.640: [GC [PSYoungGen: 318462K->18336K(326656K)] 860487K->565102K(1025728K), 0.0467690 secs] [Times: user=0.13 sys=0.00, real=0.04 secs] 
3871.020: [GC [PSYoungGen: 322205K->16327K(327232K)] 868971K->571159K(1026304K), 0.0717930 secs] [Times: user=0.18 sys=0.00, real=0.07 secs] 
3871.418: [GC [PSYoungGen: 320839K->18165K(326784K)] 875671K->579824K(1025856K), 0.0499600 secs] [Times: user=0.15 sys=0.00, real=0.05 secs] 
3871.826: [GC [PSYoungGen: 322677K->19411K(326592K)] 884336K->587945K(1025664K), 0.0554100 secs] [Times: user=0.15 sys=0.00, real=0.06 secs] 
3872.178: [GC [PSYoungGen: 323859K->18543K(326976K)] 892393K->593673K(1026048K), 0.0681190 secs] [Times: user=0.14 sys=0.01, real=0.07 secs] 
3872.567: [GC [PSYoungGen: 322991K->20086K(326080K)] 898121K->600706K(1025152K), 0.0533090 secs] [Times: user=0.15 sys=0.00, real=0.05 secs] 
3873.099: [GC [PSYoungGen: 323766K->15658K(326592K)] 904386K->603493K(1025664K), 0.0445400 secs] [Times: user=0.13 sys=0.00, real=0.05 secs] 
3873.458: [GC [PSYoungGen: 319338K->18243K(327040K)] 907173K->610196K(1026112K), 0.0508100 secs] [Times: user=0.12 sys=0.00, real=0.05 secs] 
3873.924: [GC [PSYoungGen: 322563K->17632K(326784K)] 914516K->615419K(1025856K), 0.0486290 secs] [Times: user=0.13 sys=0.00, real=0.05 secs] 
3874.390: [GC [PSYoungGen: 321952K->18473K(327616K)] 919739K->624072K(1026688K), 0.0758820 secs] [Times: user=0.13 sys=0.00, real=0.08 secs] 
3874.804: [GC [PSYoungGen: 324073K->16321K(327488K)] 929672K->631390K(1026560K), 0.0534920 secs] [Times: user=0.15 sys=0.00, real=0.05 secs] 
3875.260: [GC [PSYoungGen: 321921K->14367K(327552K)] 936990K->634930K(1026624K), 0.0615800 secs] [Times: user=0.12 sys=0.00, real=0.06 secs] 
3875.700: [GC [PSYoungGen: 320223K->18787K(324672K)] 940786K->645244K(1023744K), 0.0719850 secs] [Times: user=0.13 sys=0.00, real=0.07 secs] 
3876.176: [GC [PSYoungGen: 324643K->16133K(327808K)] 951100K->649970K(1026880K), 0.0524970 secs] [Times: user=0.13 sys=0.00, real=0.05 secs] 
3876.660: [GC [PSYoungGen: 321989K->20845K(326720K)] 955826K->661664K(1025792K), 0.0713160 secs] [Times: user=0.17 sys=0.01, real=0.08 secs] 
3877.126: [GC [PSYoungGen: 326701K->14522K(326784K)] 967520K->664949K(1025856K), 0.0623760 secs] [Times: user=0.13 sys=0.00, real=0.06 secs] 
3877.541: [GC [PSYoungGen: 318714K->17220K(326848K)] 969141K->672639K(1025920K), 0.0560900 secs] [Times: user=0.14 sys=0.00, real=0.05 secs] 
3878.001: [GC [PSYoungGen: 321412K->15936K(327616K)] 976831K->677596K(1026688K), 0.0565960 secs] [Times: user=0.12 sys=0.00, real=0.05 secs] 
3878.420: [GC [PSYoungGen: 321408K->17048K(327360K)] 983068K->685467K(1026432K), 0.0555620 secs] [Times: user=0.13 sys=0.00, real=0.06 secs] 
3878.834: [GC [PSYoungGen: 322520K->18520K(327936K)] 990939K->693831K(1027008K), 0.0402670 secs] [Times: user=0.15 sys=0.00, real=0.04 secs] 
3879.276: [GC [PSYoungGen: 325016K->14495K(321024K)] 1000327K->696889K(1020096K), 0.0588830 secs] [Times: user=0.13 sys=0.00, real=0.06 secs] 
3879.706: [GC [PSYoungGen: 320988K->16768K(328320K)] 1003382K->704109K(1027392K), 0.0529000 secs] [Times: user=0.12 sys=0.00, real=0.05 secs] 
3880.115: [GC [PSYoungGen: 323520K->15500K(327936K)] 1010861K->707898K(1027008K), 0.0446150 secs] [Times: user=0.12 sys=0.01, real=0.04 secs] 
3880.160: [Full GC [PSYoungGen: 15500K->0K(327936K)] [PSOldGen: 692398K->443519K(699072K)] 707898K->443519K(1027008K) [PSPermGen: 91633K->91633K(262144K)], 2.4085080 secs] [Times: user=2.40 sys=0.00, real=2.41 secs] 
3882.954: [GC [PSYoungGen: 306752K->20975K(325824K)] 750271K->465144K(1024896K), 0.0849150 secs] [Times: user=0.12 sys=0.01, real=0.08 secs] 
3883.367: [GC [PSYoungGen: 325807K->16573K(327168K)] 769976K->472581K(1026240K), 0.0986120 secs] [Times: user=0.14 sys=0.00, real=0.10 secs] 
3883.830: [GC [PSYoungGen: 321405K->19090K(327040K)] 777413K->481000K(1026112K), 0.0597910 secs] [Times: user=0.14 sys=0.00, real=0.06 secs] 
3884.301: [GC [PSYoungGen: 324178K->17458K(327296K)] 786088K->486748K(1026368K), 0.0614300 secs] [Times: user=0.14 sys=0.00, real=0.07 secs] 
3884.676: [GC [PSYoungGen: 322546K->17697K(328128K)] 791836K->492435K(1027200K), 0.0592800 secs] [Times: user=0.13 sys=0.00, real=0.06 secs] 
3885.147: [GC [PSYoungGen: 324065K->20547K(326976K)] 798803K->501902K(1026048K), 0.0424520 secs] [Times: user=0.14 sys=0.00, real=0.04 secs] 
3885.551: [GC [PSYoungGen: 326915K->17411K(327744K)] 808270K->507585K(1026816K), 0.0743870 secs] [Times: user=0.14 sys=0.00, real=0.08 secs] 
3885.966: [GC [PSYoungGen: 323011K->19015K(327360K)] 813185K->514526K(1026432K), 0.0550910 secs] [Times: user=0.13 sys=0.00, real=0.05 secs] 
3886.317: [GC [PSYoungGen: 324615K->18605K(327744K)] 820126K->519688K(1026816K), 0.0699580 secs] [Times: user=0.13 sys=0.00, real=0.07 secs] 
3886.769: [GC [PSYoungGen: 324525K->16518K(327680K)] 825608K->526445K(1026752K), 0.0732800 secs] [Times: user=0.12 sys=0.01, real=0.08 secs] 
3887.198: [GC [PSYoungGen: 322438K->13396K(327168K)] 832365K->528560K(1026240K), 0.0449650 secs] [Times: user=0.11 sys=0.00, real=0.05 secs] 
3887.626: [GC [PSYoungGen: 318996K->19310K(324928K)] 834160K->539342K(1024000K), 0.0795930 secs] [Times: user=0.16 sys=0.00, real=0.08 secs] 
3888.068: [GC [PSYoungGen: 324910K->19422K(326784K)] 844942K->547477K(1025856K), 0.0558140 secs] [Times: user=0.17 sys=0.00, real=0.06 secs] 
3888.445: [GC [PSYoungGen: 323998K->17681K(327040K)] 852053K->552577K(1026112K), 0.0493070 secs] [Times: user=0.13 sys=0.00, real=0.05 secs] 
3888.843: [GC [PSYoungGen: 322257K->16639K(327744K)] 857153K->556728K(1026816K), 0.0406960 secs] [Times: user=0.12 sys=0.00, real=0.04 secs] 
3889.258: [GC [PSYoungGen: 322367K->18668K(327488K)] 862456K->564753K(1026560K), 0.0761280 secs] [Times: user=0.15 sys=0.00, real=0.08 secs] 
3889.687: [GC [PSYoungGen: 324396K->15444K(327744K)] 870481K->568514K(1026816K), 0.0537460 secs] [Times: user=0.13 sys=0.00, real=0.05 secs] 
3890.097: [GC [PSYoungGen: 321428K->19585K(325632K)] 874498K->578938K(1024704K), 0.0740770 secs] [Times: user=0.13 sys=0.01, real=0.07 secs] 
3890.549: [GC [PSYoungGen: 325569K->16521K(327680K)] 884922K->585020K(1026752K), 0.0547920 secs] [Times: user=0.14 sys=0.00, real=0.06 secs] 
3891.014: [GC [PSYoungGen: 322121K->18661K(327424K)] 890620K->594783K(1026496K), 0.0809340 secs] [Times: user=0.14 sys=0.00, real=0.08 secs] 
3891.499: [GC [PSYoungGen: 324261K->14694K(327424K)] 900383K->595151K(1026496K), 0.0470490 secs] [Times: user=0.12 sys=0.01, real=0.05 secs] 
3892.010: [GC [PSYoungGen: 320294K->15078K(327552K)] 900751K->600606K(1026624K), 0.0654760 secs] [Times: user=0.13 sys=0.00, real=0.07 secs] 
3892.362: [GC [PSYoungGen: 320678K->14048K(327488K)] 906206K->604614K(1026560K), 0.0478790 secs] [Times: user=0.13 sys=0.00, real=0.05 secs] 
3892.858: [GC [PSYoungGen: 319648K->19192K(324800K)] 910214K->617406K(1023872K), 0.1107350 secs] [Times: user=0.18 sys=0.01, real=0.11 secs] 
3893.311: [GC [PSYoungGen: 324783K->19549K(326464K)] 922996K->626434K(1025536K), 0.0816940 secs] [Times: user=0.15 sys=0.00, real=0.08 secs] 
3893.782: [GC [PSYoungGen: 323741K->22154K(326400K)] 930626K->635011K(1025472K), 0.0633490 secs] [Times: user=0.15 sys=0.00, real=0.07 secs] 
3894.237: [GC [PSYoungGen: 326346K->15538K(325120K)] 939203K->636287K(1024192K), 0.0589440 secs] [Times: user=0.14 sys=0.00, real=0.06 secs] 
3894.711: [GC [PSYoungGen: 317554K->16792K(325760K)] 938303K->642273K(1024832K), 0.0563060 secs] [Times: user=0.13 sys=0.00, real=0.06 secs] 
3895.084: [GC [PSYoungGen: 318808K->16733K(326720K)] 944289K->646450K(1025792K), 0.0451310 secs] [Times: user=0.12 sys=0.01, real=0.04 secs] 
3895.471: [GC [PSYoungGen: 320221K->17836K(326272K)] 949938K->654775K(1025344K), 0.0526020 secs] [Times: user=0.14 sys=0.00, real=0.06 secs] 
3895.823: [GC [PSYoungGen: 321324K->19004K(326976K)] 958263K->662034K(1026048K), 0.0684270 secs] [Times: user=0.14 sys=0.00, real=0.06 secs] 
3896.228: [GC [PSYoungGen: 323580K->16300K(327040K)] 966610K->665191K(1026112K), 0.0555190 secs] [Times: user=0.12 sys=0.00, real=0.06 secs] 
3896.671: [GC [PSYoungGen: 320876K->15432K(327360K)] 969767K->670431K(1026432K), 0.0547610 secs] [Times: user=0.13 sys=0.00, real=0.06 secs] 
3897.125: [GC [PSYoungGen: 320584K->19690K(324864K)] 975583K->681393K(1023936K), 0.0438940 secs] [Times: user=0.15 sys=0.00, real=0.04 secs] 
3897.624: [GC [PSYoungGen: 324842K->13083K(326464K)] 986545K->682276K(1025536K), 0.0746630 secs] [Times: user=0.14 sys=0.00, real=0.07 secs] 
3898.055: [GC [PSYoungGen: 317019K->20784K(324736K)] 986212K->694278K(1023808K), 0.0789850 secs] [Times: user=0.15 sys=0.02, real=0.08 secs] 
3898.506: [GC [PSYoungGen: 324720K->18341K(326208K)] 998214K->699141K(1025280K), 0.0708160 secs] [Times: user=0.13 sys=0.00, real=0.07 secs] 
3898.907: [GC [PSYoungGen: 320933K->20202K(322816K)] 1001733K->706265K(1021888K), 0.0496840 secs] [Times: user=0.14 sys=0.01, real=0.05 secs] 
3899.297: [GC [PSYoungGen: 322787K->14649K(325824K)] 1008850K->709604K(1024896K), 0.0607880 secs] [Times: user=0.15 sys=0.00, real=0.06 secs] 
3899.358: [Full GC [PSYoungGen: 14649K->0K(325824K)] [PSOldGen: 694955K->416875K(699072K)] 709604K->416875K(1024896K) [PSPermGen: 91645K->91594K(262144K)], 2.6668670 secs] [Times: user=2.62 sys=0.04, real=2.67 secs] 
3902.370: [GC [PSYoungGen: 302080K->20213K(322304K)] 718955K->437088K(1021376K), 0.0550700 secs] [Times: user=0.12 sys=0.00, real=0.06 secs] 
3902.789: [GC [PSYoungGen: 322293K->18497K(325824K)] 739168K->447637K(1024896K), 0.0673550 secs] [Times: user=0.15 sys=0.01, real=0.07 secs] 
3903.252: [GC [PSYoungGen: 320257K->14791K(325440K)] 749397K->452523K(1024512K), 0.0521000 secs] [Times: user=0.14 sys=0.00, real=0.06 secs] 
3903.605: [GC [PSYoungGen: 316541K->18872K(325952K)] 754273K->460315K(1025024K), 0.0459680 secs] [Times: user=0.13 sys=0.00, real=0.04 secs] 
3904.000: [GC [PSYoungGen: 321208K->15352K(325888K)] 762651K->463589K(1024960K), 0.0500930 secs] [Times: user=0.14 sys=0.01, real=0.05 secs] 
3904.464: [GC [PSYoungGen: 317688K->21018K(324736K)] 765925K->475764K(1023808K), 0.0553500 secs] [Times: user=0.15 sys=0.00, real=0.05 secs] 
3904.872: [GC [PSYoungGen: 322394K->16791K(325440K)] 777140K->480260K(1024512K), 0.0395500 secs] [Times: user=0.14 sys=0.00, real=0.04 secs] 
3905.302: [GC [PSYoungGen: 318167K->14771K(325952K)] 781636K->483983K(1025024K), 0.0756810 secs] [Times: user=0.11 sys=0.00, real=0.08 secs] 
3905.709: [GC [PSYoungGen: 317097K->16359K(325888K)] 786309K->490734K(1024960K), 0.0693200 secs] [Times: user=0.12 sys=0.00, real=0.07 secs] 
3906.107: [GC [PSYoungGen: 318695K->15290K(326656K)] 793070K->497365K(1025728K), 0.0520380 secs] [Times: user=0.13 sys=0.00, real=0.05 secs] 
3906.490: [GC [PSYoungGen: 318828K->15560K(326400K)] 800902K->504710K(1025472K), 0.0526620 secs] [Times: user=0.14 sys=0.00, real=0.05 secs] 
3906.897: [GC [PSYoungGen: 319112K->18576K(326848K)] 808262K->513459K(1025920K), 0.0512740 secs] [Times: user=0.13 sys=0.00, real=0.05 secs] 
3907.290: [GC [PSYoungGen: 322896K->15383K(326912K)] 817779K->517519K(1025984K), 0.0476420 secs] [Times: user=0.13 sys=0.01, real=0.05 secs] 
3907.684: [GC [PSYoungGen: 319703K->19342K(326400K)] 821839K->528368K(1025472K), 0.0604000 secs] [Times: user=0.14 sys=0.00, real=0.06 secs] 
3908.077: [GC [PSYoungGen: 323406K->16700K(326784K)] 832432K->532623K(1025856K), 0.0391490 secs] [Times: user=0.13 sys=0.01, real=0.04 secs] 
3908.645: [GC [PSYoungGen: 320764K->17256K(327744K)] 836687K->536002K(1026816K), 0.0486630 secs] [Times: user=0.12 sys=0.01, real=0.05 secs] 
3909.007: [GC [PSYoungGen: 322792K->15793K(327296K)] 841538K->538844K(1026368K), 0.0824530 secs] [Times: user=0.12 sys=0.00, real=0.08 secs] 
3909.404: [GC [PSYoungGen: 321329K->19306K(327168K)] 844380K->549663K(1026240K), 0.0544220 secs] [Times: user=0.14 sys=0.01, real=0.06 secs] 
3909.873: [GC [PSYoungGen: 324906K->12802K(318464K)] 855263K->550139K(1017536K), 0.0701970 secs] [Times: user=0.12 sys=0.01, real=0.07 secs] 
3910.297: [GC [PSYoungGen: 318402K->19665K(326272K)] 855739K->561376K(1025344K), 0.0564110 secs] [Times: user=0.14 sys=0.00, real=0.05 secs] 
3910.704: [GC [PSYoungGen: 323729K->14857K(326784K)] 865440K->563910K(1025856K), 0.0509480 secs] [Times: user=0.12 sys=0.00, real=0.06 secs] 
3911.077: [GC [PSYoungGen: 318921K->17887K(327104K)] 867974K->573634K(1026176K), 0.0514990 secs] [Times: user=0.14 sys=0.00, real=0.05 secs] 
3911.480: [GC [PSYoungGen: 322399K->17573K(326912K)] 878146K->580557K(1025984K), 0.0708740 secs] [Times: user=0.14 sys=0.00, real=0.07 secs] 
3911.960: [GC [PSYoungGen: 322085K->14881K(327552K)] 885069K->586559K(1026624K), 0.0580450 secs] [Times: user=0.13 sys=0.00, real=0.06 secs] 
3912.432: [GC [PSYoungGen: 320353K->15903K(327424K)] 892031K->591914K(1026496K), 0.0628460 secs] [Times: user=0.12 sys=0.00, real=0.06 secs] 
3912.837: [GC [PSYoungGen: 321375K->19681K(326656K)] 897386K->602141K(1025728K), 0.0510160 secs] [Times: user=0.15 sys=0.01, real=0.05 secs] 
3913.240: [GC [PSYoungGen: 324769K->13894K(327296K)] 907229K->604030K(1026368K), 0.0485950 secs] [Times: user=0.12 sys=0.00, real=0.05 secs] 
3913.619: [GC [PSYoungGen: 318982K->21382K(324992K)] 909118K->615667K(1024064K), 0.0593820 secs] [Times: user=0.13 sys=0.00, real=0.06 secs] 
3914.004: [GC [PSYoungGen: 324166K->19146K(321984K)] 918451K->621461K(1021056K), 0.0737790 secs] [Times: user=0.14 sys=0.00, real=0.08 secs] 
3914.571: [GC [PSYoungGen: 321930K->16320K(326464K)] 924245K->624679K(1025536K), 0.0506800 secs] [Times: user=0.13 sys=0.01, real=0.05 secs] 
3914.903: [GC [PSYoungGen: 319296K->20687K(323712K)] 927655K->634468K(1022784K), 0.0631840 secs] [Times: user=0.16 sys=0.00, real=0.07 secs] 
3915.382: [GC [PSYoungGen: 323663K->15487K(326016K)] 937444K->638442K(1025088K), 0.0526570 secs] [Times: user=0.14 sys=0.00, real=0.05 secs] 
3915.812: [GC [PSYoungGen: 317759K->15913K(325760K)] 940714K->645551K(1024832K), 0.0593220 secs] [Times: user=0.13 sys=0.00, real=0.06 secs] 
3916.221: [GC [PSYoungGen: 318185K->13033K(326080K)] 947823K->646440K(1025152K), 0.0846410 secs] [Times: user=0.11 sys=0.00, real=0.09 secs] 
3916.666: [GC [PSYoungGen: 315945K->17116K(326208K)] 949352K->655323K(1025280K), 0.0509420 secs] [Times: user=0.13 sys=0.00, real=0.06 secs] 
3917.095: [GC [PSYoungGen: 320028K->17518K(327104K)] 958235K->663901K(1026176K), 0.0628960 secs] [Times: user=0.14 sys=0.00, real=0.07 secs] 
3917.469: [GC [PSYoungGen: 321902K->17388K(326784K)] 968285K->669797K(1025856K), 0.0486370 secs] [Times: user=0.14 sys=0.00, real=0.05 secs] 
3917.891: [GC [PSYoungGen: 321772K->18595K(327232K)] 974181K->676581K(1026304K), 0.0516880 secs] [Times: user=0.13 sys=0.00, real=0.05 secs] 
3918.354: [GC [PSYoungGen: 323811K->17724K(327360K)] 981797K->683001K(1026432K), 0.0494390 secs] [Times: user=0.14 sys=0.00, real=0.05 secs] 
3918.749: [GC [PSYoungGen: 322940K->17062K(328064K)] 988217K->687722K(1027136K), 0.0623540 secs] [Times: user=0.13 sys=0.00, real=0.06 secs] 
3919.157: [GC [PSYoungGen: 323302K->18420K(327680K)] 993962K->694844K(1026752K), 0.0537900 secs] [Times: user=0.13 sys=0.00, real=0.05 secs] 
3919.638: [GC [PSYoungGen: 324660K->15970K(328256K)] 1001084K->700259K(1027328K), 0.1120030 secs] [Times: user=0.12 sys=0.00, real=0.11 secs] 
3920.023: [GC [PSYoungGen: 322786K->19974K(326848K)] 1007075K->709734K(1025920K), 0.0621850 secs] [Times: user=0.14 sys=0.00, real=0.06 secs] 
3920.086: [Full GC [PSYoungGen: 19974K->0K(326848K)] [PSOldGen: 689759K->447593K(699072K)] 709734K->447593K(1025920K) [PSPermGen: 91610K->91610K(262144K)], 2.3777840 secs] [Times: user=2.37 sys=0.01, real=2.38 secs] 
3922.915: [GC [PSYoungGen: 306816K->21884K(323264K)] 754409K->472123K(1022336K), 0.0623420 secs] [Times: user=0.14 sys=0.00, real=0.07 secs] 
3923.367: [GC [PSYoungGen: 323260K->20618K(322048K)] 773499K->483704K(1021120K), 0.0706140 secs] [Times: user=0.18 sys=0.00, real=0.08 secs] 
3923.750: [GC [PSYoungGen: 321994K->15881K(325248K)] 785080K->485541K(1024320K), 0.0524100 secs] [Times: user=0.13 sys=0.00, real=0.05 secs] 
3924.102: [GC [PSYoungGen: 316745K->14636K(325120K)] 786405K->487867K(1024192K), 0.0424220 secs] [Times: user=0.13 sys=0.00, real=0.04 secs] 
3924.547: [GC [PSYoungGen: 315500K->18917K(325504K)] 788731K->496222K(1024576K), 0.0960030 secs] [Times: user=0.13 sys=0.00, real=0.09 secs] 
3925.091: [GC [PSYoungGen: 320229K->16455K(325312K)] 797534K->501016K(1024384K), 0.0493700 secs] [Times: user=0.13 sys=0.00, real=0.05 secs] 
3925.557: [GC [PSYoungGen: 317767K->16801K(326272K)] 802328K->507679K(1025344K), 0.0538930 secs] [Times: user=0.13 sys=0.01, real=0.06 secs] 
3926.165: [GC [PSYoungGen: 319457K->20270K(325888K)] 810335K->516393K(1024960K), 0.1081090 secs] [Times: user=0.13 sys=0.01, real=0.11 secs] 
3926.696: [GC [PSYoungGen: 322923K->17882K(326464K)] 819046K->519101K(1025536K), 0.0669420 secs] [Times: user=0.13 sys=0.00, real=0.07 secs] 
3927.123: [GC [PSYoungGen: 320730K->19285K(325888K)] 821949K->525327K(1024960K), 0.0486150 secs] [Times: user=0.13 sys=0.00, real=0.05 secs] 
3927.527: [GC [PSYoungGen: 322133K->19683K(326208K)] 828175K->533500K(1025280K), 0.0634350 secs] [Times: user=0.15 sys=0.00, real=0.07 secs] 
3927.986: [GC [PSYoungGen: 322851K->17910K(326336K)] 836668K->538882K(1025408K), 0.0550850 secs] [Times: user=0.13 sys=0.00, real=0.06 secs] 
3928.389: [GC [PSYoungGen: 321078K->15020K(326528K)] 842050K->540644K(1025600K), 0.0562100 secs] [Times: user=0.12 sys=0.00, real=0.05 secs] 
3928.782: [GC [PSYoungGen: 318828K->15680K(326656K)] 844452K->547589K(1025728K), 0.0499930 secs] [Times: user=0.12 sys=0.01, real=0.05 secs] 
3929.228: [GC [PSYoungGen: 319488K->19314K(326656K)] 851397K->559941K(1025728K), 0.0592870 secs] [Times: user=0.16 sys=0.00, real=0.06 secs] 
3929.639: [GC [PSYoungGen: 323250K->17297K(326720K)] 863877K->563120K(1025792K), 0.0494720 secs] [Times: user=0.13 sys=0.00, real=0.05 secs] 
3930.071: [GC [PSYoungGen: 321233K->16362K(327296K)] 867056K->569158K(1026368K), 0.0734650 secs] [Times: user=0.15 sys=0.00, real=0.07 secs] 
3930.518: [GC [PSYoungGen: 321258K->18428K(327104K)] 874054K->577930K(1026176K), 0.0549240 secs] [Times: user=0.16 sys=0.00, real=0.05 secs] 
3930.928: [GC [PSYoungGen: 323324K->18487K(327616K)] 882826K->584227K(1026688K), 0.0434770 secs] [Times: user=0.14 sys=0.00, real=0.04 secs] 
3931.317: [GC [PSYoungGen: 324087K->14049K(319680K)] 889827K->585257K(1018752K), 0.0443850 secs] [Times: user=0.13 sys=0.00, real=0.05 secs] 
3931.692: [GC [PSYoungGen: 319649K->18133K(327616K)] 890857K->595239K(1026688K), 0.0493580 secs] [Times: user=0.14 sys=0.00, real=0.05 secs] 
3933.049: [GC [PSYoungGen: 323605K->18104K(327360K)] 900711K->605026K(1026432K), 0.0704550 secs] [Times: user=0.15 sys=0.00, real=0.08 secs] 
3933.452: [GC [PSYoungGen: 323576K->21677K(324992K)] 910498K->609279K(1024064K), 0.0455950 secs] [Times: user=0.13 sys=0.00, real=0.04 secs] 
3933.878: [GC [PSYoungGen: 324973K->17362K(326400K)] 912575K->611881K(1025472K), 0.0545340 secs] [Times: user=0.14 sys=0.00, real=0.06 secs] 
3934.305: [GC [PSYoungGen: 320658K->19814K(326336K)] 915177K->622567K(1025408K), 0.0466620 secs] [Times: user=0.16 sys=0.01, real=0.05 secs] 
3934.631: [GC [PSYoungGen: 323494K->17075K(326592K)] 926247K->625787K(1025664K), 0.0577700 secs] [Times: user=0.14 sys=0.00, real=0.05 secs] 
3935.068: [GC [PSYoungGen: 320755K->14248K(326528K)] 929467K->627601K(1025600K), 0.0333480 secs] [Times: user=0.12 sys=0.00, real=0.04 secs] 
3935.446: [GC [PSYoungGen: 318184K->16553K(326720K)] 931537K->636136K(1025792K), 0.0370040 secs] [Times: user=0.14 sys=0.00, real=0.04 secs] 
3935.899: [GC [PSYoungGen: 320489K->19571K(326528K)] 940072K->645565K(1025600K), 0.0540700 secs] [Times: user=0.15 sys=0.00, real=0.05 secs] 
3936.353: [GC [PSYoungGen: 323635K->19671K(323776K)] 949629K->652115K(1022848K), 0.0629520 secs] [Times: user=0.14 sys=0.00, real=0.06 secs] 
3936.742: [GC [PSYoungGen: 323717K->13358K(326016K)] 956161K->651463K(1025088K), 0.0459600 secs] [Times: user=0.12 sys=0.00, real=0.04 secs] 
3937.204: [GC [PSYoungGen: 316398K->17269K(326272K)] 954503K->661572K(1025344K), 0.0594400 secs] [Times: user=0.13 sys=0.00, real=0.06 secs] 
3937.679: [GC [PSYoungGen: 320309K->18869K(326784K)] 964612K->671455K(1025856K), 0.0517600 secs] [Times: user=0.14 sys=0.01, real=0.06 secs] 
3938.022: [GC [PSYoungGen: 322933K->19332K(323456K)] 975519K->680744K(1022528K), 0.0637900 secs] [Times: user=0.15 sys=0.00, real=0.06 secs] 
3938.429: [GC [PSYoungGen: 323396K->17898K(327104K)] 984808K->686211K(1026176K), 0.0513590 secs] [Times: user=0.13 sys=0.00, real=0.06 secs] 
3938.824: [GC [PSYoungGen: 322154K->12822K(326656K)] 990467K->687352K(1025728K), 0.0464250 secs] [Times: user=0.12 sys=0.00, real=0.04 secs] 
3939.165: [GC [PSYoungGen: 317078K->13440K(326592K)] 991608K->694338K(1025664K), 0.0677880 secs] [Times: user=0.12 sys=0.00, real=0.07 secs] 
3939.578: [GC [PSYoungGen: 317248K->17372K(326656K)] 998146K->703668K(1025728K), 0.0590130 secs] [Times: user=0.15 sys=0.00, real=0.06 secs] 
3940.053: [GC [PSYoungGen: 321180K->17630K(327360K)] 1007476K->708808K(1026432K), 0.0599140 secs] [Times: user=0.16 sys=0.01, real=0.06 secs] 
3940.113: [Full GC [PSYoungGen: 17630K->0K(327360K)] [PSOldGen: 691177K->448090K(699072K)] 708808K->448090K(1026432K) [PSPermGen: 91617K->91617K(262144K)], 2.4184860 secs] [Times: user=2.40 sys=0.00, real=2.42 secs] 
3942.900: [GC [PSYoungGen: 304896K->22112K(327040K)] 752986K->470306K(1026112K), 0.0379080 secs] [Times: user=0.13 sys=0.00, real=0.04 secs] 
3943.352: [GC [PSYoungGen: 327008K->16147K(325504K)] 775202K->477436K(1024576K), 0.0587510 secs] [Times: user=0.15 sys=0.00, real=0.06 secs] 
3943.809: [GC [PSYoungGen: 319187K->20375K(323456K)] 780476K->489333K(1022528K), 0.0584180 secs] [Times: user=0.14 sys=0.00, real=0.06 secs] 
3944.277: [GC [PSYoungGen: 323415K->13739K(325632K)] 792373K->491079K(1024704K), 0.0603970 secs] [Times: user=0.13 sys=0.00, real=0.06 secs] 
3944.761: [GC [PSYoungGen: 315627K->17716K(325696K)] 792967K->499129K(1024768K), 0.0578470 secs] [Times: user=0.12 sys=0.00, real=0.06 secs] 
3945.084: [GC [PSYoungGen: 319604K->19157K(326080K)] 801017K->507915K(1025152K), 0.0532670 secs] [Times: user=0.14 sys=0.00, real=0.05 secs] 
3945.577: [GC [PSYoungGen: 321941K->13468K(316288K)] 810699K->511393K(1015360K), 0.0587860 secs] [Times: user=0.12 sys=0.00, real=0.06 secs] 
3945.975: [GC [PSYoungGen: 316252K->15419K(326336K)] 814177K->516707K(1025408K), 0.0776260 secs] [Times: user=0.13 sys=0.00, real=0.08 secs] 
3946.532: [GC [PSYoungGen: 318267K->19092K(326016K)] 819555K->524188K(1025088K), 0.0724010 secs] [Times: user=0.14 sys=0.00, real=0.07 secs] 
3946.972: [GC [PSYoungGen: 321940K->17911K(326528K)] 827036K->531501K(1025600K), 0.0543230 secs] [Times: user=0.15 sys=0.00, real=0.05 secs] 
3947.384: [GC [PSYoungGen: 321143K->14531K(326208K)] 834733K->533979K(1025280K), 0.0615070 secs] [Times: user=0.12 sys=0.00, real=0.06 secs] 
3947.741: [GC [PSYoungGen: 317763K->18073K(326784K)] 837211K->543555K(1025856K), 0.0550050 secs] [Times: user=0.14 sys=0.00, real=0.06 secs] 
3948.209: [GC [PSYoungGen: 322009K->19739K(323712K)] 847491K->552947K(1022784K), 0.0564790 secs] [Times: user=0.16 sys=0.00, real=0.06 secs] 
3948.792: [GC [PSYoungGen: 323675K->18997K(326272K)] 856883K->558743K(1025344K), 0.1194910 secs] [Times: user=0.15 sys=0.00, real=0.12 secs] 
3949.291: [GC [PSYoungGen: 322165K->14719K(326336K)] 861911K->558552K(1025408K), 0.0481900 secs] [Times: user=0.12 sys=0.00, real=0.05 secs] 
3949.661: [GC [PSYoungGen: 317887K->13213K(326272K)] 861720K->562982K(1025344K), 0.0460520 secs] [Times: user=0.11 sys=0.00, real=0.04 secs] 
3950.026: [GC [PSYoungGen: 316381K->19363K(322560K)] 866150K->574640K(1021632K), 0.0596570 secs] [Times: user=0.14 sys=0.01, real=0.06 secs] 
3950.476: [GC [PSYoungGen: 322531K->14856K(326272K)] 877808K->578316K(1025344K), 0.0547490 secs] [Times: user=0.14 sys=0.00, real=0.05 secs] 
3950.932: [GC [PSYoungGen: 317640K->13145K(326016K)] 881100K->580323K(1025088K), 0.0497800 secs] [Times: user=0.11 sys=0.00, real=0.05 secs] 
3951.306: [GC [PSYoungGen: 315929K->18187K(326336K)] 883107K->588170K(1025408K), 0.0473910 secs] [Times: user=0.12 sys=0.00, real=0.05 secs] 
3951.743: [GC [PSYoungGen: 321291K->16826K(326272K)] 891274K->596501K(1025344K), 0.0540090 secs] [Times: user=0.14 sys=0.00, real=0.05 secs] 
3952.147: [GC [PSYoungGen: 319930K->16083K(327424K)] 899605K->604060K(1026496K), 0.0573860 secs] [Times: user=0.16 sys=0.00, real=0.06 secs] 
3952.637: [GC [PSYoungGen: 320915K->19862K(324736K)] 908892K->612179K(1023808K), 0.1191370 secs] [Times: user=0.14 sys=0.01, real=0.12 secs] 
3953.134: [GC [PSYoungGen: 324694K->17035K(327296K)] 917011K->617170K(1026368K), 0.0550820 secs] [Times: user=0.13 sys=0.00, real=0.05 secs] 
3953.536: [GC [PSYoungGen: 321547K->18598K(326720K)] 921682K->624370K(1025792K), 0.0423540 secs] [Times: user=0.14 sys=0.00, real=0.04 secs] 
3953.938: [GC [PSYoungGen: 323110K->16188K(327552K)] 928882K->630119K(1026624K), 0.0654870 secs] [Times: user=0.15 sys=0.00, real=0.07 secs] 
3954.309: [GC [PSYoungGen: 321468K->16187K(327232K)] 935399K->634963K(1026304K), 0.0438240 secs] [Times: user=0.13 sys=0.00, real=0.05 secs] 
3954.646: [GC [PSYoungGen: 321467K->18114K(327936K)] 940243K->641673K(1027008K), 0.0705790 secs] [Times: user=0.12 sys=0.00, real=0.07 secs] 
3955.095: [GC [PSYoungGen: 324482K->15722K(327936K)] 948041K->644950K(1027008K), 0.0461490 secs] [Times: user=0.13 sys=0.00, real=0.04 secs] 
3955.659: [GC [PSYoungGen: 322090K->15449K(328320K)] 951318K->650937K(1027392K), 0.0779100 secs] [Times: user=0.12 sys=0.00, real=0.08 secs] 
3956.105: [GC [PSYoungGen: 322393K->21171K(328128K)] 957881K->663189K(1027200K), 0.0801120 secs] [Times: user=0.15 sys=0.00, real=0.08 secs] 
3956.511: [GC [PSYoungGen: 328115K->15833K(321984K)] 970133K->666671K(1021056K), 0.0547600 secs] [Times: user=0.16 sys=0.00, real=0.06 secs] 
3956.951: [GC [PSYoungGen: 316441K->17581K(325056K)] 967279K->673974K(1024128K), 0.0571870 secs] [Times: user=0.15 sys=0.00, real=0.06 secs] 
3957.357: [GC [PSYoungGen: 318189K->18224K(326144K)] 974582K->684144K(1025216K), 0.0601260 secs] [Times: user=0.15 sys=0.00, real=0.06 secs] 
3957.794: [GC [PSYoungGen: 320624K->16249K(325760K)] 986544K->688510K(1024832K), 0.0486630 secs] [Times: user=0.14 sys=0.00, real=0.04 secs] 
3958.190: [GC [PSYoungGen: 318649K->19678K(325952K)] 990910K->697297K(1025024K), 0.0554730 secs] [Times: user=0.14 sys=0.02, real=0.06 secs] 
3958.608: [GC [PSYoungGen: 322590K->19553K(322496K)] 1000209K->705213K(1021568K), 0.0591500 secs] [Times: user=0.15 sys=0.00, real=0.06 secs] 
3959.123: [GC [PSYoungGen: 322465K->18402K(326464K)] 1008125K->711237K(1025536K), 0.0622120 secs] [Times: user=0.16 sys=0.01, real=0.07 secs] 
3959.185: [Full GC [PSYoungGen: 18402K->0K(326464K)] [PSOldGen: 692834K->456554K(699072K)] 711237K->456554K(1025536K) [PSPermGen: 91625K->91625K(262144K)], 2.4255420 secs] [Times: user=2.42 sys=0.00, real=2.42 secs] 
3961.938: [GC [PSYoungGen: 303040K->16933K(326080K)] 759594K->473487K(1025152K), 0.0426240 secs] [Times: user=0.10 sys=0.00, real=0.04 secs] 
3962.409: [GC [PSYoungGen: 319973K->22719K(322944K)] 776527K->480922K(1022016K), 0.0518450 secs] [Times: user=0.13 sys=0.00, real=0.05 secs] 
3962.866: [GC [PSYoungGen: 322943K->18240K(324864K)] 781146K->487580K(1023936K), 0.0728850 secs] [Times: user=0.15 sys=0.01, real=0.07 secs] 
3963.223: [GC [PSYoungGen: 318464K->18215K(325952K)] 787804K->492318K(1025024K), 0.0444350 secs] [Times: user=0.13 sys=0.00, real=0.05 secs] 
3963.597: [GC [PSYoungGen: 320103K->17066K(325440K)] 794206K->497396K(1024512K), 0.0533220 secs] [Times: user=0.13 sys=0.00, real=0.05 secs] 
3963.979: [GC [PSYoungGen: 318954K->19578K(326208K)] 799284K->507010K(1025280K), 0.0551010 secs] [Times: user=0.14 sys=0.00, real=0.06 secs] 
3964.357: [GC [PSYoungGen: 322490K->17524K(326208K)] 809922K->510540K(1025280K), 0.0478860 secs] [Times: user=0.13 sys=0.00, real=0.05 secs] 
3964.710: [GC [PSYoungGen: 320436K->18162K(326976K)] 813452K->515767K(1026048K), 0.0494440 secs] [Times: user=0.14 sys=0.00, real=0.05 secs] 
3965.061: [GC [PSYoungGen: 322162K->18373K(326528K)] 819767K->523565K(1025600K), 0.0657430 secs] [Times: user=0.14 sys=0.01, real=0.07 secs] 
3965.464: [GC [PSYoungGen: 322373K->13113K(326336K)] 827565K->524040K(1025408K), 0.0698470 secs] [Times: user=0.12 sys=0.00, real=0.07 secs] 
3965.872: [GC [PSYoungGen: 317305K->14230K(318464K)] 828232K->531604K(1017536K), 0.0479580 secs] [Times: user=0.12 sys=0.00, real=0.05 secs] 
3966.342: [GC [PSYoungGen: 318422K->17660K(327168K)] 835796K->542015K(1026240K), 0.0848450 secs] [Times: user=0.14 sys=0.00, real=0.09 secs] 
3966.870: [GC [PSYoungGen: 322044K->19023K(326720K)] 846399K->548551K(1025792K), 0.0824450 secs] [Times: user=0.13 sys=0.00, real=0.08 secs] 
3967.277: [GC [PSYoungGen: 323407K->18338K(327296K)] 852935K->555235K(1026368K), 0.0569110 secs] [Times: user=0.14 sys=0.00, real=0.05 secs] 
3967.732: [GC [PSYoungGen: 323234K->14865K(327104K)] 860131K->557338K(1026176K), 0.0487170 secs] [Times: user=0.12 sys=0.00, real=0.05 secs] 
3968.231: [GC [PSYoungGen: 319761K->15768K(327488K)] 862234K->561157K(1026560K), 0.0393030 secs] [Times: user=0.10 sys=0.00, real=0.04 secs] 
3968.594: [GC [PSYoungGen: 321048K->18008K(327296K)] 866437K->569615K(1026368K), 0.0606470 secs] [Times: user=0.12 sys=0.00, real=0.06 secs] 
3969.000: [GC [PSYoungGen: 323288K->19410K(327040K)] 874895K->579165K(1026112K), 0.0525860 secs] [Times: user=0.15 sys=0.00, real=0.05 secs] 
3969.482: [GC [PSYoungGen: 324626K->13797K(319040K)] 884381K->582909K(1018112K), 0.0471190 secs] [Times: user=0.12 sys=0.01, real=0.05 secs] 
3969.814: [GC [PSYoungGen: 319013K->14229K(327168K)] 888125K->587190K(1026240K), 0.0480780 secs] [Times: user=0.12 sys=0.00, real=0.05 secs] 
3970.255: [GC [PSYoungGen: 319061K->15463K(327168K)] 892022K->593856K(1026240K), 0.0634650 secs] [Times: user=0.12 sys=0.00, real=0.06 secs] 
3970.654: [GC [PSYoungGen: 320295K->20784K(325568K)] 898688K->605365K(1024640K), 0.0548350 secs] [Times: user=0.15 sys=0.00, real=0.05 secs] 
3971.128: [GC [PSYoungGen: 324336K->17811K(326528K)] 908917K->610103K(1025600K), 0.0687640 secs] [Times: user=0.13 sys=0.00, real=0.07 secs] 
3971.672: [GC [PSYoungGen: 321363K->11813K(326080K)] 913655K->610224K(1025152K), 0.0719740 secs] [Times: user=0.11 sys=0.00, real=0.07 secs] 
3972.126: [GC [PSYoungGen: 315237K->17244K(326464K)] 913648K->621398K(1025536K), 0.0506000 secs] [Times: user=0.14 sys=0.01, real=0.05 secs] 
3972.583: [GC [PSYoungGen: 320668K->18939K(326400K)] 924822K->630617K(1025472K), 0.0561800 secs] [Times: user=0.15 sys=0.00, real=0.06 secs] 
3972.981: [GC [PSYoungGen: 322747K->18224K(326656K)] 934425K->637160K(1025728K), 0.0743110 secs] [Times: user=0.14 sys=0.00, real=0.08 secs] 
3973.393: [GC [PSYoungGen: 322032K->18411K(326848K)] 940968K->644358K(1025920K), 0.0711740 secs] [Times: user=0.14 sys=0.00, real=0.07 secs] 
3973.719: [GC [PSYoungGen: 322539K->17975K(326784K)] 948486K->647652K(1025856K), 0.0447040 secs] [Times: user=0.13 sys=0.01, real=0.04 secs] 
3974.091: [GC [PSYoungGen: 322103K->18343K(327232K)] 951780K->654312K(1026304K), 0.0509330 secs] [Times: user=0.13 sys=0.00, real=0.05 secs] 
3974.459: [GC [PSYoungGen: 323175K->16585K(327104K)] 959144K->661407K(1026176K), 0.0662440 secs] [Times: user=0.14 sys=0.00, real=0.06 secs] 
3974.868: [GC [PSYoungGen: 321417K->20915K(325888K)] 966239K->670935K(1024960K), 0.0689060 secs] [Times: user=0.15 sys=0.01, real=0.07 secs] 
3975.277: [GC [PSYoungGen: 324851K->18405K(326720K)] 974871K->675530K(1025792K), 0.0594290 secs] [Times: user=0.15 sys=0.00, real=0.06 secs] 
3975.742: [GC [PSYoungGen: 322341K->16413K(327168K)] 979466K->679921K(1026240K), 0.0467740 secs] [Times: user=0.13 sys=0.00, real=0.05 secs] 
3976.143: [GC [PSYoungGen: 320989K->16660K(326912K)] 984497K->685108K(1025984K), 0.0530230 secs] [Times: user=0.13 sys=0.00, real=0.06 secs] 
3976.569: [GC [PSYoungGen: 321236K->16372K(327744K)] 989684K->690627K(1026816K), 0.0465660 secs] [Times: user=0.13 sys=0.01, real=0.05 secs] 
3976.935: [GC [PSYoungGen: 322100K->17782K(327488K)] 996355K->697965K(1026560K), 0.0515680 secs] [Times: user=0.13 sys=0.00, real=0.05 secs] 
3977.325: [GC [PSYoungGen: 323504K->17577K(328384K)] 1003687K->704255K(1027456K), 0.0551460 secs] [Times: user=0.15 sys=0.00, real=0.06 secs] 
3977.855: [GC [PSYoungGen: 324521K->16159K(328064K)] 1011199K->709098K(1027136K), 0.0930960 secs] [Times: user=0.13 sys=0.00, real=0.10 secs] 
3977.948: [Full GC [PSYoungGen: 16159K->0K(328064K)] [PSOldGen: 692939K->415077K(699072K)] 709098K->415077K(1027136K) [PSPermGen: 91642K->91592K(262144K)], 2.4802200 secs] [Times: user=2.47 sys=0.00, real=2.48 secs] 
3980.703: [GC [PSYoungGen: 306944K->18234K(328576K)] 722021K->433312K(1027648K), 0.0403570 secs] [Times: user=0.11 sys=0.00, real=0.04 secs] 
3981.180: [GC [PSYoungGen: 325818K->20926K(328512K)] 740896K->437133K(1027584K), 0.0583110 secs] [Times: user=0.12 sys=0.00, real=0.06 secs] 
3981.701: [GC [PSYoungGen: 328510K->18432K(326336K)] 744717K->441053K(1025408K), 0.0680950 secs] [Times: user=0.13 sys=0.00, real=0.07 secs] 
3982.161: [GC [PSYoungGen: 323776K->19551K(324928K)] 746397K->448023K(1024000K), 0.0486200 secs] [Times: user=0.14 sys=0.00, real=0.05 secs] 
3982.542: [GC [PSYoungGen: 324895K->16820K(327424K)] 753367K->452357K(1026496K), 0.0561610 secs] [Times: user=0.13 sys=0.00, real=0.06 secs] 
3983.038: [GC [PSYoungGen: 321972K->17733K(327232K)] 757509K->459520K(1026304K), 0.0484900 secs] [Times: user=0.13 sys=0.00, real=0.05 secs] 
3983.577: [GC [PSYoungGen: 322885K->19946K(327040K)] 764672K->467753K(1026112K), 0.0498610 secs] [Times: user=0.14 sys=0.01, real=0.05 secs] 
3983.983: [GC [PSYoungGen: 325290K->22052K(327424K)] 773097K->471524K(1026496K), 0.0579400 secs] [Times: user=0.13 sys=0.01, real=0.06 secs] 
3984.382: [GC [PSYoungGen: 327396K->14913K(323840K)] 776868K->472212K(1022912K), 0.0505780 secs] [Times: user=0.14 sys=0.00, real=0.05 secs] 
3984.758: [GC [PSYoungGen: 316673K->12657K(314432K)] 773972K->473239K(1013504K), 0.0732370 secs] [Times: user=0.10 sys=0.00, real=0.07 secs] 
3985.203: [GC [PSYoungGen: 314417K->16867K(325696K)] 774999K->482464K(1024768K), 0.0522300 secs] [Times: user=0.15 sys=0.00, real=0.05 secs] 
3985.657: [GC [PSYoungGen: 318243K->19620K(325184K)] 783840K->495043K(1024256K), 0.0843960 secs] [Times: user=0.15 sys=0.00, real=0.09 secs] 
3986.063: [GC [PSYoungGen: 320996K->19238K(325696K)] 796419K->503344K(1024768K), 0.0569830 secs] [Times: user=0.15 sys=0.01, real=0.06 secs] 
3986.590: [GC [PSYoungGen: 320998K->17723K(325568K)] 805104K->507728K(1024640K), 0.0943450 secs] [Times: user=0.12 sys=0.01, real=0.09 secs] 
3987.004: [GC [PSYoungGen: 319483K->17412K(326656K)] 809488K->512651K(1025728K), 0.0635980 secs] [Times: user=0.13 sys=0.00, real=0.07 secs] 
3987.428: [GC [PSYoungGen: 320772K->17379K(326208K)] 816011K->518761K(1025280K), 0.0659640 secs] [Times: user=0.12 sys=0.00, real=0.06 secs] 
3987.836: [GC [PSYoungGen: 320739K->17532K(327424K)] 822121K->523785K(1026496K), 0.0523990 secs] [Times: user=0.14 sys=0.00, real=0.06 secs] 
3988.168: [GC [PSYoungGen: 322492K->17398K(327040K)] 828745K->531197K(1026112K), 0.0563050 secs] [Times: user=0.14 sys=0.00, real=0.05 secs] 
3988.580: [GC [PSYoungGen: 322358K->16005K(327872K)] 836157K->536559K(1026944K), 0.0722190 secs] [Times: user=0.13 sys=0.00, real=0.07 secs] 
3989.039: [GC [PSYoungGen: 322181K->16387K(327808K)] 842735K->541892K(1026880K), 0.0443610 secs] [Times: user=0.12 sys=0.00, real=0.04 secs] 
3989.536: [GC [PSYoungGen: 322563K->15323K(328064K)] 848068K->545100K(1027136K), 0.0783770 secs] [Times: user=0.12 sys=0.01, real=0.08 secs] 
3990.000: [GC [PSYoungGen: 321947K->18603K(325248K)] 851724K->554602K(1024320K), 0.0615390 secs] [Times: user=0.16 sys=0.00, real=0.06 secs] 
3990.463: [GC [PSYoungGen: 325227K->17586K(328320K)] 861226K->560862K(1027392K), 0.0510800 secs] [Times: user=0.14 sys=0.00, real=0.05 secs] 
3990.859: [GC [PSYoungGen: 324402K->15163K(328000K)] 867678K->563243K(1027072K), 0.0672220 secs] [Times: user=0.11 sys=0.00, real=0.06 secs] 
3991.260: [GC [PSYoungGen: 321979K->16644K(328640K)] 870059K->570240K(1027712K), 0.0474110 secs] [Times: user=0.13 sys=0.00, real=0.04 secs] 
3991.662: [GC [PSYoungGen: 324100K->17516K(328320K)] 877696K->579058K(1027392K), 0.0498930 secs] [Times: user=0.14 sys=0.00, real=0.05 secs] 
3992.000: [GC [PSYoungGen: 324972K->16693K(329152K)] 886514K->586435K(1028224K), 0.0621290 secs] [Times: user=0.14 sys=0.00, real=0.06 secs] 
3992.413: [GC [PSYoungGen: 325237K->19434K(328000K)] 894979K->594815K(1027072K), 0.0508770 secs] [Times: user=0.13 sys=0.00, real=0.05 secs] 
3992.808: [GC [PSYoungGen: 327978K->18280K(328576K)] 903359K->603860K(1027648K), 0.1275040 secs] [Times: user=0.21 sys=0.00, real=0.12 secs] 
3993.224: [GC [PSYoungGen: 325928K->18272K(328576K)] 911508K->610258K(1027648K), 0.0519630 secs] [Times: user=0.13 sys=0.00, real=0.05 secs] 
3993.610: [GC [PSYoungGen: 325920K->16447K(328768K)] 917906K->612671K(1027840K), 0.0526780 secs] [Times: user=0.12 sys=0.00, real=0.05 secs] 
3993.979: [GC [PSYoungGen: 324351K->17484K(328640K)] 920575K->619500K(1027712K), 0.0459860 secs] [Times: user=0.13 sys=0.00, real=0.04 secs] 
3994.489: [GC [PSYoungGen: 325388K->19199K(328320K)] 927404K->626755K(1027392K), 0.0677900 secs] [Times: user=0.13 sys=0.00, real=0.06 secs] 
3994.942: [GC [PSYoungGen: 327103K->18327K(328704K)] 934659K->631733K(1027776K), 0.0676590 secs] [Times: user=0.14 sys=0.00, real=0.07 secs] 
3995.390: [GC [PSYoungGen: 326231K->17699K(329088K)] 939637K->639005K(1028160K), 0.0686470 secs] [Times: user=0.14 sys=0.00, real=0.07 secs] 
3995.799: [GC [PSYoungGen: 326051K->16089K(328768K)] 947357K->643663K(1027840K), 0.0428550 secs] [Times: user=0.13 sys=0.00, real=0.04 secs] 
3996.258: [GC [PSYoungGen: 324441K->18708K(328704K)] 952015K->650678K(1027776K), 0.0588070 secs] [Times: user=0.13 sys=0.00, real=0.05 secs] 
3996.626: [GC [PSYoungGen: 326996K->20601K(328896K)] 958966K->661069K(1027968K), 0.0592270 secs] [Times: user=0.15 sys=0.01, real=0.06 secs] 
3997.139: [GC [PSYoungGen: 328889K->16390K(321344K)] 969357K->665906K(1020416K), 0.0612330 secs] [Times: user=0.15 sys=0.00, real=0.06 secs] 
3997.555: [GC [PSYoungGen: 317126K->16796K(325120K)] 966642K->670915K(1024192K), 0.0499600 secs] [Times: user=0.12 sys=0.00, real=0.05 secs] 
3997.896: [GC [PSYoungGen: 317532K->16983K(325760K)] 971651K->677770K(1024832K), 0.0614230 secs] [Times: user=0.14 sys=0.01, real=0.06 secs] 
3998.272: [GC [PSYoungGen: 318679K->17565K(325440K)] 979466K->685319K(1024512K), 0.0710580 secs] [Times: user=0.14 sys=0.01, real=0.07 secs] 
3998.659: [GC [PSYoungGen: 319261K->18727K(326464K)] 987015K->694580K(1025536K), 0.0602570 secs] [Times: user=0.14 sys=0.01, real=0.06 secs] 
3999.065: [GC [PSYoungGen: 321895K->18097K(326208K)] 997748K->699449K(1025280K), 0.0627470 secs] [Times: user=0.13 sys=0.00, real=0.06 secs] 
3999.494: [GC [PSYoungGen: 321265K->19408K(326848K)] 1002617K->708792K(1025920K), 0.0686130 secs] [Times: user=0.14 sys=0.01, real=0.07 secs] 
3999.563: [Full GC [PSYoungGen: 19408K->0K(326848K)] [PSOldGen: 689383K->456236K(699072K)] 708792K->456236K(1025920K) [PSPermGen: 91606K->91606K(262144K)], 2.3887920 secs] [Times: user=2.38 sys=0.01, real=2.39 secs] 
4002.260: [GC [PSYoungGen: 304320K->22590K(326912K)] 760556K->479655K(1025984K), 0.0965410 secs] [Times: user=0.13 sys=0.00, real=0.09 secs] 
4002.773: [GC [PSYoungGen: 326910K->15804K(324096K)] 783975K->482200K(1023168K), 0.0503710 secs] [Times: user=0.13 sys=0.00, real=0.05 secs] 
4003.203: [GC [PSYoungGen: 317306K->15603K(325504K)] 783702K->485386K(1024576K), 0.0430020 secs] [Times: user=0.11 sys=0.01, real=0.04 secs] 
4003.563: [GC [PSYoungGen: 317107K->17044K(325888K)] 786890K->493751K(1024960K), 0.0614340 secs] [Times: user=0.14 sys=0.00, real=0.06 secs] 
4004.010: [GC [PSYoungGen: 318932K->18764K(325504K)] 795639K->502315K(1024576K), 0.0604910 secs] [Times: user=0.16 sys=0.01, real=0.06 secs] 
4004.443: [GC [PSYoungGen: 320652K->16201K(326336K)] 804203K->506897K(1025408K), 0.0477550 secs] [Times: user=0.13 sys=0.00, real=0.05 secs] 
4004.824: [GC [PSYoungGen: 319241K->16572K(326208K)] 809937K->514040K(1025280K), 0.0562720 secs] [Times: user=0.12 sys=0.00, real=0.06 secs] 
4005.263: [GC [PSYoungGen: 319612K->18613K(326848K)] 817080K->523198K(1025920K), 0.0684020 secs] [Times: user=0.15 sys=0.00, real=0.07 secs] 
4005.725: [GC [PSYoungGen: 322613K->13801K(317824K)] 827198K->525075K(1016896K), 0.0587100 secs] [Times: user=0.11 sys=0.00, real=0.06 secs] 
4006.197: [GC [PSYoungGen: 317801K->16377K(326976K)] 829075K->531298K(1026048K), 0.0483150 secs] [Times: user=0.11 sys=0.01, real=0.05 secs] 
4006.579: [GC [PSYoungGen: 320441K->18481K(326592K)] 835362K->540064K(1025664K), 0.0573760 secs] [Times: user=0.13 sys=0.01, real=0.06 secs] 
4006.920: [GC [PSYoungGen: 322545K->15679K(327232K)] 844128K->544846K(1026304K), 0.0622990 secs] [Times: user=0.13 sys=0.01, real=0.06 secs] 
4007.312: [GC [PSYoungGen: 320511K->18819K(327104K)] 849678K->554240K(1026176K), 0.0742480 secs] [Times: user=0.14 sys=0.01, real=0.07 secs] 
4007.754: [GC [PSYoungGen: 323651K->17881K(327488K)] 859072K->561046K(1026560K), 0.0722760 secs] [Times: user=0.13 sys=0.00, real=0.07 secs] 
4008.191: [GC [PSYoungGen: 323033K->15831K(327168K)] 866198K->565442K(1026240K), 0.0471840 secs] [Times: user=0.12 sys=0.00, real=0.04 secs] 
4008.570: [GC [PSYoungGen: 320983K->20278K(326400K)] 870594K->577267K(1025472K), 0.0687890 secs] [Times: user=0.14 sys=0.00, real=0.07 secs] 
4009.016: [GC [PSYoungGen: 324854K->18067K(327040K)] 881843K->582887K(1026112K), 0.0548740 secs] [Times: user=0.15 sys=0.00, real=0.06 secs] 
4009.458: [GC [PSYoungGen: 322643K->18415K(327552K)] 887463K->588479K(1026624K), 0.0630100 secs] [Times: user=0.14 sys=0.00, real=0.07 secs] 
4009.874: [GC [PSYoungGen: 323823K->14301K(327360K)] 893887K->589631K(1026432K), 0.0464370 secs] [Times: user=0.12 sys=0.00, real=0.05 secs] 
4010.275: [GC [PSYoungGen: 319709K->16711K(327744K)] 895039K->596727K(1026816K), 0.0712330 secs] [Times: user=0.11 sys=0.01, real=0.07 secs] 
4010.665: [GC [PSYoungGen: 322311K->19797K(325440K)] 902327K->607433K(1024512K), 0.0803430 secs] [Times: user=0.15 sys=0.00, real=0.08 secs] 
4011.080: [GC [PSYoungGen: 325397K->14775K(327232K)] 913033K->609038K(1026304K), 0.0528690 secs] [Times: user=0.13 sys=0.00, real=0.06 secs] 
4011.623: [GC [PSYoungGen: 319735K->20116K(325120K)] 913998K->619754K(1024192K), 0.0692870 secs] [Times: user=0.14 sys=0.00, real=0.07 secs] 
4012.070: [GC [PSYoungGen: 325076K->18715K(326784K)] 924714K->625566K(1025856K), 0.0590250 secs] [Times: user=0.14 sys=0.00, real=0.06 secs] 
4012.542: [GC [PSYoungGen: 322651K->17992K(326656K)] 929502K->630984K(1025728K), 0.0552610 secs] [Times: user=0.13 sys=0.01, real=0.05 secs] 
4012.930: [GC [PSYoungGen: 321928K->14419K(326912K)] 934920K->632330K(1025984K), 0.0647620 secs] [Times: user=0.11 sys=0.00, real=0.07 secs] 
4013.381: [GC [PSYoungGen: 318995K->20802K(325440K)] 936906K->642550K(1024512K), 0.0774970 secs] [Times: user=0.13 sys=0.01, real=0.07 secs] 
4013.959: [GC [PSYoungGen: 325378K->14616K(326336K)] 947126K->643463K(1025408K), 0.0479590 secs] [Times: user=0.13 sys=0.00, real=0.05 secs] 
4014.310: [GC [PSYoungGen: 317784K->17177K(326336K)] 946631K->653576K(1025408K), 0.0473870 secs] [Times: user=0.13 sys=0.00, real=0.05 secs] 
4014.726: [GC [PSYoungGen: 320345K->12820K(326336K)] 956744K->655871K(1025408K), 0.0335670 secs] [Times: user=0.12 sys=0.00, real=0.03 secs] 
4015.117: [GC [PSYoungGen: 316500K->18816K(322560K)] 959551K->665219K(1021632K), 0.0497160 secs] [Times: user=0.13 sys=0.00, real=0.05 secs] 
4015.425: [GC [PSYoungGen: 322496K->18828K(326400K)] 968899K->675962K(1025472K), 0.0542760 secs] [Times: user=0.14 sys=0.00, real=0.05 secs] 
4015.854: [GC [PSYoungGen: 322252K->16836K(326464K)] 979386K->679079K(1025536K), 0.0493840 secs] [Times: user=0.13 sys=0.00, real=0.05 secs] 
4016.296: [GC [PSYoungGen: 320260K->16764K(327360K)] 982503K->684618K(1026432K), 0.0830230 secs] [Times: user=0.12 sys=0.00, real=0.08 secs] 
4016.669: [GC [PSYoungGen: 321596K->19257K(326976K)] 989450K->695540K(1026048K), 0.0494770 secs] [Times: user=0.14 sys=0.00, real=0.05 secs] 
4017.054: [GC [PSYoungGen: 324089K->15337K(327232K)] 1000372K->698196K(1026304K), 0.0531470 secs] [Times: user=0.13 sys=0.00, real=0.05 secs] 
4017.469: [GC [PSYoungGen: 320169K->17827K(327104K)] 1003028K->706140K(1026176K), 0.0578070 secs] [Times: user=0.13 sys=0.00, real=0.06 secs] 
4017.899: [GC [PSYoungGen: 322659K->16997K(327936K)] 1010972K->713294K(1027008K), 0.0602000 secs] [Times: user=0.15 sys=0.01, real=0.06 secs] 
4017.959: [Full GC [PSYoungGen: 16997K->0K(327936K)] [PSOldGen: 696297K->456900K(699072K)] 713294K->456900K(1027008K) [PSPermGen: 91620K->91620K(262144K)], 2.6420990 secs] [Times: user=2.48 sys=0.15, real=2.65 secs] 
4020.982: [GC [PSYoungGen: 305984K->21556K(327552K)] 762884K->478913K(1026624K), 0.0401300 secs] [Times: user=0.13 sys=0.00, real=0.05 secs] 
4021.416: [GC [PSYoungGen: 327540K->15594K(326016K)] 784897K->483172K(1025088K), 0.0417940 secs] [Times: user=0.15 sys=0.00, real=0.04 secs] 
4021.919: [GC [PSYoungGen: 319658K->21764K(325888K)] 787236K->489342K(1024960K), 0.0561930 secs] [Times: user=0.12 sys=0.00, real=0.06 secs] 
4022.293: [GC [PSYoungGen: 325828K->22066K(323584K)] 793406K->489645K(1022656K), 0.0535230 secs] [Times: user=0.13 sys=0.00, real=0.05 secs] 
4022.710: [GC [PSYoungGen: 322034K->14502K(324736K)] 789613K->483807K(1023808K), 0.0458700 secs] [Times: user=0.10 sys=0.00, real=0.05 secs] 
4023.091: [GC [PSYoungGen: 314470K->15374K(324992K)] 783775K->484679K(1024064K), 0.0518040 secs] [Times: user=0.13 sys=0.00, real=0.06 secs] 
4023.484: [GC [PSYoungGen: 315598K->22355K(322624K)] 784903K->491812K(1021696K), 0.0543200 secs] [Times: user=0.12 sys=0.00, real=0.05 secs] 
4023.929: [GC [PSYoungGen: 322579K->21880K(322688K)] 792036K->491609K(1021760K), 0.0506430 secs] [Times: user=0.12 sys=0.00, real=0.05 secs] 
4024.398: [GC [PSYoungGen: 319032K->19793K(323328K)] 788761K->489827K(1022400K), 0.0441350 secs] [Times: user=0.12 sys=0.00, real=0.04 secs] 
4024.824: [GC [PSYoungGen: 316945K->17070K(324032K)] 786979K->487104K(1023104K), 0.0730380 secs] [Times: user=0.11 sys=0.00, real=0.07 secs] 
4025.220: [GC [PSYoungGen: 315182K->25449K(323584K)] 785216K->496375K(1022656K), 0.0664960 secs] [Times: user=0.14 sys=0.00, real=0.07 secs] 
4025.609: [GC [PSYoungGen: 323561K->21653K(320000K)] 794487K->492743K(1019072K), 0.0478320 secs] [Times: user=0.14 sys=0.00, real=0.05 secs] 
4026.058: [GC [PSYoungGen: 315733K->16895K(321792K)] 786823K->488124K(1020864K), 0.0474000 secs] [Times: user=0.10 sys=0.00, real=0.05 secs] 
4026.506: [GC [PSYoungGen: 310975K->20629K(322496K)] 782204K->492047K(1021568K), 0.0655450 secs] [Times: user=0.11 sys=0.00, real=0.06 secs] 
4027.029: [GC [PSYoungGen: 315797K->21260K(322176K)] 787215K->492825K(1021248K), 0.0787450 secs] [Times: user=0.12 sys=0.00, real=0.08 secs] 
4027.454: [GC [PSYoungGen: 316428K->20466K(322944K)] 787993K->492138K(1022016K), 0.0711560 secs] [Times: user=0.12 sys=0.00, real=0.07 secs] 
4027.841: [GC [PSYoungGen: 316466K->22569K(322560K)] 788138K->494474K(1021632K), 0.0484080 secs] [Times: user=0.13 sys=0.00, real=0.05 secs] 
4028.285: [GC [PSYoungGen: 318569K->20876K(322944K)] 790474K->493425K(1022016K), 0.0958150 secs] [Times: user=0.12 sys=0.01, real=0.09 secs] 
4028.653: [GC [PSYoungGen: 316876K->18822K(322560K)] 789425K->494013K(1021632K), 0.0663690 secs] [Times: user=0.13 sys=0.00, real=0.07 secs] 
4029.082: [GC [PSYoungGen: 314822K->17831K(323648K)] 790013K->499690K(1022720K), 0.0437050 secs] [Times: user=0.14 sys=0.00, real=0.05 secs] 
4029.519: [GC [PSYoungGen: 315303K->17258K(323328K)] 797162K->506036K(1022400K), 0.0744030 secs] [Times: user=0.13 sys=0.00, real=0.07 secs] 
4029.901: [GC [PSYoungGen: 314730K->17202K(324032K)] 803508K->511868K(1023104K), 0.0392650 secs] [Times: user=0.12 sys=0.00, real=0.04 secs] 
4030.255: [GC [PSYoungGen: 315570K->15723K(323840K)] 810236K->517041K(1022912K), 0.0436300 secs] [Times: user=0.12 sys=0.00, real=0.05 secs] 
4030.577: [GC [PSYoungGen: 314091K->16195K(324288K)] 815409K->526265K(1023360K), 0.0389360 secs] [Times: user=0.14 sys=0.00, real=0.04 secs] 
4031.003: [GC [PSYoungGen: 315075K->16847K(324096K)] 825145K->533639K(1023168K), 0.0377290 secs] [Times: user=0.13 sys=0.00, real=0.04 secs] 
4031.425: [GC [PSYoungGen: 315727K->18979K(325056K)] 832519K->543386K(1024128K), 0.0549140 secs] [Times: user=0.14 sys=0.00, real=0.05 secs] 
4031.900: [GC [PSYoungGen: 319139K->17409K(324608K)] 843546K->550670K(1023680K), 0.0562020 secs] [Times: user=0.14 sys=0.00, real=0.06 secs] 
4032.400: [GC [PSYoungGen: 317569K->15906K(325632K)] 850830K->557123K(1024704K), 0.0486180 secs] [Times: user=0.14 sys=0.00, real=0.05 secs] 
4032.785: [GC [PSYoungGen: 317474K->15284K(325440K)] 858691K->560600K(1024512K), 0.0521940 secs] [Times: user=0.14 sys=0.01, real=0.05 secs] 
4033.152: [GC [PSYoungGen: 316852K->17636K(326272K)] 862168K->569293K(1025344K), 0.0642760 secs] [Times: user=0.15 sys=0.00, real=0.07 secs] 
4033.594: [GC [PSYoungGen: 320100K->18126K(325696K)] 871757K->576319K(1024768K), 0.0523920 secs] [Times: user=0.15 sys=0.00, real=0.05 secs] 
4034.012: [GC [PSYoungGen: 320590K->17824K(327168K)] 878783K->583547K(1026240K), 0.0802700 secs] [Times: user=0.13 sys=0.00, real=0.08 secs] 
4034.468: [GC [PSYoungGen: 322144K->16362K(326656K)] 887867K->585338K(1025728K), 0.0453220 secs] [Times: user=0.12 sys=0.00, real=0.04 secs] 
4034.979: [GC [PSYoungGen: 320682K->16047K(327488K)] 889658K->590439K(1026560K), 0.0453540 secs] [Times: user=0.12 sys=0.00, real=0.04 secs] 
4035.438: [GC [PSYoungGen: 321391K->15633K(327360K)] 895783K->595040K(1026432K), 0.0598820 secs] [Times: user=0.12 sys=0.00, real=0.06 secs] 
4035.878: [GC [PSYoungGen: 320977K->19584K(326848K)] 900384K->603981K(1025920K), 0.0473720 secs] [Times: user=0.13 sys=0.00, real=0.05 secs] 
4036.359: [GC [PSYoungGen: 324544K->13856K(318848K)] 908941K->606304K(1017920K), 0.0711210 secs] [Times: user=0.13 sys=0.00, real=0.07 secs] 
4036.879: [GC [PSYoungGen: 318816K->15523K(327296K)] 911264K->613546K(1026368K), 0.0556120 secs] [Times: user=0.12 sys=0.01, real=0.05 secs] 
4037.372: [GC [PSYoungGen: 320419K->17232K(327104K)] 918442K->619913K(1026176K), 0.0495470 secs] [Times: user=0.13 sys=0.00, real=0.05 secs] 
4037.853: [GC [PSYoungGen: 322128K->18472K(327616K)] 924809K->626832K(1026688K), 0.0507570 secs] [Times: user=0.14 sys=0.00, real=0.05 secs] 
4038.223: [GC [PSYoungGen: 324328K->21817K(327680K)] 932688K->633825K(1026752K), 0.0585240 secs] [Times: user=0.14 sys=0.01, real=0.06 secs] 
4038.608: [GC [PSYoungGen: 327673K->17082K(323456K)] 939681K->635179K(1022528K), 0.0683320 secs] [Times: user=0.13 sys=0.00, real=0.07 secs] 
4039.095: [GC [PSYoungGen: 318714K->14846K(325568K)] 936811K->638129K(1024640K), 0.0498830 secs] [Times: user=0.12 sys=0.01, real=0.05 secs] 
4039.573: [GC [PSYoungGen: 316478K->16242K(326016K)] 939761K->643619K(1025088K), 0.0550890 secs] [Times: user=0.12 sys=0.00, real=0.06 secs] 
4040.078: [GC [PSYoungGen: 318386K->17724K(325632K)] 945763K->650485K(1024704K), 0.0824360 secs] [Times: user=0.14 sys=0.00, real=0.08 secs] 
4040.552: [GC [PSYoungGen: 319868K->18749K(326592K)] 952629K->657997K(1025664K), 0.0585590 secs] [Times: user=0.14 sys=0.00, real=0.06 secs] 
4040.954: [GC [PSYoungGen: 322365K->17961K(326528K)] 961613K->666947K(1025600K), 0.0444070 secs] [Times: user=0.16 sys=0.00, real=0.05 secs] 
4041.291: [GC [PSYoungGen: 321577K->15718K(327168K)] 970563K->671839K(1026240K), 0.0522780 secs] [Times: user=0.13 sys=0.01, real=0.05 secs] 
4041.715: [GC [PSYoungGen: 320422K->18669K(327040K)] 976543K->678863K(1026112K), 0.0563060 secs] [Times: user=0.14 sys=0.00, real=0.06 secs] 
4042.089: [GC [PSYoungGen: 323373K->16832K(327552K)] 983567K->684373K(1026624K), 0.0520950 secs] [Times: user=0.15 sys=0.00, real=0.05 secs] 
4042.485: [GC [PSYoungGen: 322112K->16333K(327232K)] 989653K->689841K(1026304K), 0.0449600 secs] [Times: user=0.13 sys=0.00, real=0.05 secs] 
4042.900: [GC [PSYoungGen: 321606K->14404K(327552K)] 995114K->694643K(1026624K), 0.0489630 secs] [Times: user=0.13 sys=0.00, real=0.05 secs] 
4043.308: [GC [PSYoungGen: 320260K->19926K(325824K)] 1000499K->708218K(1024896K), 0.0836740 secs] [Times: user=0.15 sys=0.00, real=0.08 secs] 
4043.791: [GC [PSYoungGen: 325782K->13558K(326848K)] 1014074K->709069K(1025920K), 0.0498280 secs] [Times: user=0.12 sys=0.00, real=0.05 secs] 
4043.841: [Full GC [PSYoungGen: 13558K->0K(326848K)] [PSOldGen: 695510K->451306K(699072K)] 709069K->451306K(1025920K) [PSPermGen: 91635K->91635K(262144K)], 2.4757760 secs] [Times: user=2.47 sys=0.00, real=2.48 secs] 
4046.701: [GC [PSYoungGen: 304448K->22260K(326720K)] 755754K->473567K(1025792K), 0.0452520 secs] [Times: user=0.12 sys=0.00, real=0.04 secs] 
4047.189: [GC [PSYoungGen: 326708K->22757K(316736K)] 778015K->480874K(1015808K), 0.0491060 secs] [Times: user=0.15 sys=0.00, real=0.05 secs] 
4047.570: [GC [PSYoungGen: 316709K->16004K(321728K)] 774826K->489366K(1020800K), 0.0712110 secs] [Times: user=0.16 sys=0.01, real=0.07 secs] 
4048.009: [GC [PSYoungGen: 309956K->17794K(322944K)] 783318K->497821K(1022016K), 0.0878700 secs] [Times: user=0.12 sys=0.00, real=0.09 secs] 
4048.470: [GC [PSYoungGen: 313410K->15920K(322176K)] 793437K->502271K(1021248K), 0.0549670 secs] [Times: user=0.13 sys=0.00, real=0.05 secs] 
4048.845: [GC [PSYoungGen: 311536K->16628K(323904K)] 797887K->511357K(1022976K), 0.1038530 secs] [Times: user=0.15 sys=0.00, real=0.11 secs] 
4049.265: [GC [PSYoungGen: 314356K->18897K(323328K)] 809085K->520600K(1022400K), 0.0558320 secs] [Times: user=0.15 sys=0.00, real=0.06 secs] 
4049.664: [GC [PSYoungGen: 316625K->13000K(324032K)] 818328K->521441K(1023104K), 0.0603020 secs] [Times: user=0.13 sys=0.01, real=0.06 secs] 
4050.165: [GC [PSYoungGen: 311816K->12827K(324160K)] 820257K->525425K(1023232K), 0.1019830 secs] [Times: user=0.11 sys=0.01, real=0.10 secs] 
4050.577: [GC [PSYoungGen: 311643K->16421K(324864K)] 824241K->534364K(1023936K), 0.0669200 secs] [Times: user=0.16 sys=0.00, real=0.07 secs] 
4051.002: [GC [PSYoungGen: 315941K->15056K(324160K)] 833884K->540329K(1023232K), 0.0571210 secs] [Times: user=0.12 sys=0.00, real=0.06 secs] 
4051.433: [GC [PSYoungGen: 314567K->13906K(325504K)] 839841K->545161K(1024576K), 0.0677800 secs] [Times: user=0.11 sys=0.00, real=0.07 secs] 
4051.850: [GC [PSYoungGen: 315154K->16596K(325248K)] 846409K->552617K(1024320K), 0.0439480 secs] [Times: user=0.12 sys=0.00, real=0.04 secs] 
4052.233: [GC [PSYoungGen: 317844K->19442K(325440K)] 853865K->562483K(1024512K), 0.0649650 secs] [Times: user=0.13 sys=0.00, real=0.07 secs] 
4052.636: [GC [PSYoungGen: 321586K->14913K(325824K)] 864627K->566207K(1024896K), 0.0618280 secs] [Times: user=0.14 sys=0.00, real=0.07 secs] 
4053.069: [GC [PSYoungGen: 317057K->16676K(326848K)] 868351K->573042K(1025920K), 0.0492080 secs] [Times: user=0.12 sys=0.00, real=0.05 secs] 
4053.502: [GC [PSYoungGen: 320228K->18204K(326208K)] 876594K->583077K(1025280K), 0.0810970 secs] [Times: user=0.14 sys=0.01, real=0.08 secs] 
4053.863: [GC [PSYoungGen: 321756K->14623K(327040K)] 886629K->585223K(1026112K), 0.0455980 secs] [Times: user=0.12 sys=0.00, real=0.05 secs] 
4054.257: [GC [PSYoungGen: 319007K->21203K(325632K)] 889607K->596561K(1024704K), 0.0688990 secs] [Times: user=0.16 sys=0.00, real=0.07 secs] 
4054.698: [GC [PSYoungGen: 325587K->17103K(326592K)] 900945K->603730K(1025664K), 0.0701090 secs] [Times: user=0.15 sys=0.00, real=0.07 secs] 
4055.282: [GC [PSYoungGen: 320143K->18927K(325952K)] 906770K->610067K(1025024K), 0.0777910 secs] [Times: user=0.13 sys=0.00, real=0.08 secs] 
4055.750: [GC [PSYoungGen: 321957K->16253K(326848K)] 913097K->614887K(1025920K), 0.0510340 secs] [Times: user=0.13 sys=0.00, real=0.05 secs] 
4056.241: [GC [PSYoungGen: 320060K->17555K(326464K)] 918693K->623835K(1025536K), 0.0514550 secs] [Times: user=0.15 sys=0.00, real=0.05 secs] 
4056.615: [GC [PSYoungGen: 321363K->18698K(327232K)] 927643K->632346K(1026304K), 0.0604070 secs] [Times: user=0.14 sys=0.00, real=0.06 secs] 
4057.077: [GC [PSYoungGen: 323651K->18550K(327232K)] 937298K->637662K(1026304K), 0.0627410 secs] [Times: user=0.15 sys=0.01, real=0.07 secs] 
4057.474: [GC [PSYoungGen: 323510K->16215K(327488K)] 942622K->639881K(1026560K), 0.0476200 secs] [Times: user=0.12 sys=0.00, real=0.05 secs] 
4057.833: [GC [PSYoungGen: 321431K->11720K(316992K)] 945097K->639684K(1016064K), 0.0446070 secs] [Times: user=0.12 sys=0.00, real=0.04 secs] 
4058.195: [GC [PSYoungGen: 316936K->17872K(327168K)] 944900K->651134K(1026240K), 0.0436920 secs] [Times: user=0.13 sys=0.00, real=0.05 secs] 
4058.610: [GC [PSYoungGen: 322576K->20453K(325184K)] 955838K->662715K(1024256K), 0.0632970 secs] [Times: user=0.15 sys=0.00, real=0.06 secs] 
4058.979: [GC [PSYoungGen: 325157K->13766K(326400K)] 967419K->661471K(1025472K), 0.0536560 secs] [Times: user=0.13 sys=0.00, real=0.05 secs] 
4059.416: [GC [PSYoungGen: 317062K->16124K(326400K)] 964767K->670178K(1025472K), 0.0764060 secs] [Times: user=0.13 sys=0.00, real=0.08 secs] 
4059.894: [GC [PSYoungGen: 319420K->15638K(327232K)] 973474K->676105K(1026304K), 0.0650270 secs] [Times: user=0.13 sys=0.00, real=0.07 secs] 
4060.365: [GC [PSYoungGen: 320278K->19221K(323904K)] 980745K->685597K(1022976K), 0.0600270 secs] [Times: user=0.13 sys=0.00, real=0.06 secs] 
4060.825: [GC [PSYoungGen: 323861K->16378K(327360K)] 990237K->691245K(1026432K), 0.0592470 secs] [Times: user=0.15 sys=0.01, real=0.06 secs] 
4061.162: [GC [PSYoungGen: 321082K->22132K(326848K)] 995949K->701238K(1025920K), 0.0598160 secs] [Times: user=0.14 sys=0.00, real=0.06 secs] 
4061.539: [GC [PSYoungGen: 326836K->16447K(322880K)] 1005942K->705494K(1021952K), 0.0561150 secs] [Times: user=0.14 sys=0.00, real=0.05 secs] 
4061.595: [Full GC [PSYoungGen: 16447K->0K(322880K)] [PSOldGen: 689046K->423176K(699072K)] 705494K->423176K(1021952K) [PSPermGen: 91649K->91594K(262144K)], 2.4539730 secs] [Times: user=2.45 sys=0.00, real=2.46 secs] 
4064.358: [GC [PSYoungGen: 300224K->19828K(320064K)] 723400K->443004K(1019136K), 0.0541870 secs] [Times: user=0.13 sys=0.01, real=0.06 secs] 
4064.808: [GC [PSYoungGen: 320052K->15373K(324992K)] 743228K->445513K(1024064K), 0.0525270 secs] [Times: user=0.13 sys=0.00, real=0.06 secs] 
4065.251: [GC [PSYoungGen: 315597K->18536K(324736K)] 745737K->453561K(1023808K), 0.0489150 secs] [Times: user=0.13 sys=0.00, real=0.05 secs] 
4065.663: [GC [PSYoungGen: 318760K->15390K(325568K)] 753785K->456674K(1024640K), 0.0547530 secs] [Times: user=0.13 sys=0.00, real=0.05 secs] 
4066.116: [GC [PSYoungGen: 316830K->15446K(325376K)] 758114K->460011K(1024448K), 0.0562330 secs] [Times: user=0.12 sys=0.01, real=0.06 secs] 
4066.508: [GC [PSYoungGen: 316886K->15178K(326144K)] 761451K->463933K(1025216K), 0.0496850 secs] [Times: user=0.11 sys=0.01, real=0.05 secs] 
4066.918: [GC [PSYoungGen: 317706K->18343K(325888K)] 766461K->474652K(1024960K), 0.0414720 secs] [Times: user=0.13 sys=0.00, real=0.05 secs] 
4067.443: [GC [PSYoungGen: 320871K->14817K(326464K)] 777180K->479224K(1025536K), 0.0442030 secs] [Times: user=0.13 sys=0.00, real=0.04 secs] 
4067.911: [GC [PSYoungGen: 318113K->23021K(326336K)] 782520K->491574K(1025408K), 0.0856780 secs] [Times: user=0.14 sys=0.01, real=0.08 secs] 
4068.351: [GC [PSYoungGen: 326317K->18852K(321344K)] 794870K->496144K(1020416K), 0.0529180 secs] [Times: user=0.14 sys=0.00, real=0.05 secs] 
4068.799: [GC [PSYoungGen: 317028K->15291K(323840K)] 794320K->498344K(1022912K), 0.0414000 secs] [Times: user=0.13 sys=0.00, real=0.05 secs] 
4069.199: [GC [PSYoungGen: 313467K->16541K(324672K)] 796520K->504504K(1023744K), 0.0702520 secs] [Times: user=0.13 sys=0.01, real=0.08 secs] 
4069.549: [GC [PSYoungGen: 315805K->15928K(324096K)] 803768K->510405K(1023168K), 0.0505820 secs] [Times: user=0.14 sys=0.00, real=0.05 secs] 
4069.935: [GC [PSYoungGen: 315192K->18205K(325504K)] 809669K->518005K(1024576K), 0.0487110 secs] [Times: user=0.12 sys=0.00, real=0.05 secs] 
4070.277: [GC [PSYoungGen: 319261K->21819K(322880K)] 819061K->529187K(1021952K), 0.0554390 secs] [Times: user=0.14 sys=0.00, real=0.06 secs] 
4070.679: [GC [PSYoungGen: 322875K->13478K(324416K)] 830243K->530084K(1023488K), 0.0692460 secs] [Times: user=0.13 sys=0.01, real=0.07 secs] 
4071.145: [GC [PSYoungGen: 312934K->18610K(324480K)] 829540K->539423K(1023552K), 0.0573010 secs] [Times: user=0.13 sys=0.00, real=0.06 secs] 
4071.654: [GC [PSYoungGen: 318061K->17419K(325504K)] 838875K->543916K(1024576K), 0.0479760 secs] [Times: user=0.12 sys=0.00, real=0.05 secs] 
4072.064: [GC [PSYoungGen: 318283K->15921K(324864K)] 844780K->548844K(1023936K), 0.0501790 secs] [Times: user=0.12 sys=0.00, real=0.05 secs] 
4072.429: [GC [PSYoungGen: 316785K->17724K(326336K)] 849708K->556037K(1025408K), 0.0537210 secs] [Times: user=0.13 sys=0.00, real=0.06 secs] 
4072.829: [GC [PSYoungGen: 320380K->15628K(325824K)] 858693K->559316K(1024896K), 0.0538110 secs] [Times: user=0.11 sys=0.00, real=0.06 secs] 
4073.205: [GC [PSYoungGen: 318284K->18788K(326592K)] 861972K->569286K(1025664K), 0.0556310 secs] [Times: user=0.15 sys=0.01, real=0.06 secs] 
4073.607: [GC [PSYoungGen: 322468K->16109K(326592K)] 872966K->573599K(1025664K), 0.0537840 secs] [Times: user=0.14 sys=0.00, real=0.06 secs] 
4074.047: [GC [PSYoungGen: 319789K->18656K(326976K)] 877279K->581664K(1026048K), 0.0752950 secs] [Times: user=0.14 sys=0.00, real=0.08 secs] 
4074.535: [GC [PSYoungGen: 323040K->17172K(326912K)] 886048K->589807K(1025984K), 0.0690900 secs] [Times: user=0.15 sys=0.00, real=0.07 secs] 
4074.905: [GC [PSYoungGen: 321556K->14730K(327424K)] 894191K->592754K(1026496K), 0.0527230 secs] [Times: user=0.12 sys=0.00, real=0.05 secs] 
4075.272: [GC [PSYoungGen: 320074K->14883K(327424K)] 898098K->597980K(1026496K), 0.0540940 secs] [Times: user=0.12 sys=0.00, real=0.05 secs] 
4075.690: [GC [PSYoungGen: 320227K->17809K(327680K)] 903324K->606978K(1026752K), 0.0466020 secs] [Times: user=0.13 sys=0.00, real=0.04 secs] 
4076.103: [GC [PSYoungGen: 323537K->19945K(325696K)] 912706K->616121K(1024768K), 0.0650720 secs] [Times: user=0.15 sys=0.00, real=0.06 secs] 
4076.536: [GC [PSYoungGen: 325673K->17495K(327552K)] 921849K->620169K(1026624K), 0.0543660 secs] [Times: user=0.14 sys=0.00, real=0.05 secs] 
4076.995: [GC [PSYoungGen: 322647K->19317K(327104K)] 925321K->628470K(1026176K), 0.0493540 secs] [Times: user=0.14 sys=0.00, real=0.05 secs] 
4077.369: [GC [PSYoungGen: 324469K->14377K(327104K)] 933622K->627426K(1026176K), 0.0470500 secs] [Times: user=0.11 sys=0.00, real=0.05 secs] 
4077.840: [GC [PSYoungGen: 319209K->17777K(327168K)] 932258K->634439K(1026240K), 0.0698750 secs] [Times: user=0.11 sys=0.00, real=0.07 secs] 
4078.251: [GC [PSYoungGen: 322609K->17700K(327808K)] 939271K->640164K(1026880K), 0.0616300 secs] [Times: user=0.14 sys=0.00, real=0.07 secs] 
4078.713: [GC [PSYoungGen: 323492K->17448K(327488K)] 945956K->649174K(1026560K), 0.0686930 secs] [Times: user=0.14 sys=0.00, real=0.07 secs] 
4079.132: [GC [PSYoungGen: 323240K->14553K(328064K)] 954966K->651054K(1027136K), 0.0421000 secs] [Times: user=0.11 sys=0.00, real=0.04 secs] 
4079.524: [GC [PSYoungGen: 321305K->18911K(325696K)] 957806K->660483K(1024768K), 0.0553250 secs] [Times: user=0.13 sys=0.00, real=0.05 secs] 
4079.941: [GC [PSYoungGen: 325663K->18610K(327744K)] 967235K->670465K(1026816K), 0.0654770 secs] [Times: user=0.15 sys=0.00, real=0.06 secs] 
4080.472: [GC [PSYoungGen: 324722K->18282K(327808K)] 976577K->675088K(1026880K), 0.0497670 secs] [Times: user=0.14 sys=0.00, real=0.05 secs] 
4080.855: [GC [PSYoungGen: 324394K->18549K(327872K)] 981200K->682926K(1026944K), 0.0868880 secs] [Times: user=0.16 sys=0.01, real=0.09 secs] 
4081.298: [GC [PSYoungGen: 324789K->17598K(327872K)] 989166K->688800K(1026944K), 0.0426530 secs] [Times: user=0.13 sys=0.00, real=0.04 secs] 
4081.713: [GC [PSYoungGen: 323838K->18730K(328128K)] 995040K->693090K(1027200K), 0.0628670 secs] [Times: user=0.13 sys=0.01, real=0.06 secs] 
4082.151: [GC [PSYoungGen: 325610K->15885K(328192K)] 999970K->696165K(1027264K), 0.0554580 secs] [Times: user=0.12 sys=0.00, real=0.05 secs] 
4082.626: [GC [PSYoungGen: 322765K->10392K(326592K)] 1003045K->695953K(1025664K), 0.1023670 secs] [Times: user=0.11 sys=0.00, real=0.10 secs] 
4083.099: [GC [PSYoungGen: 315736K->19186K(324544K)] 1001297K->706953K(1023616K), 0.0694870 secs] [Times: user=0.12 sys=0.00, real=0.07 secs] 
4083.473: [GC [PSYoungGen: 324528K->17175K(327552K)] 1012295K->715794K(1026624K), 0.0767050 secs] [Times: user=0.15 sys=0.00, real=0.07 secs] 
4083.550: [Full GC [PSYoungGen: 17175K->0K(327552K)] [PSOldGen: 698619K->459047K(699072K)] 715794K->459047K(1026624K) [PSPermGen: 91606K->91606K(262144K)], 2.5344070 secs] [Times: user=2.53 sys=0.00, real=2.54 secs] 
4086.375: [GC [PSYoungGen: 305088K->16189K(327040K)] 764135K->475237K(1026112K), 0.0574630 secs] [Times: user=0.11 sys=0.00, real=0.06 secs] 
4086.796: [GC [PSYoungGen: 321277K->15149K(328064K)] 780325K->481048K(1027136K), 0.0518320 secs] [Times: user=0.14 sys=0.00, real=0.05 secs] 
4087.238: [GC [PSYoungGen: 321581K->18789K(325248K)] 787480K->493468K(1024320K), 0.0655820 secs] [Times: user=0.16 sys=0.00, real=0.07 secs] 
4087.620: [GC [PSYoungGen: 325221K->20008K(326464K)] 799900K->502585K(1025536K), 0.0577290 secs] [Times: user=0.14 sys=0.00, real=0.06 secs] 
4088.031: [GC [PSYoungGen: 324712K->16238K(327104K)] 807289K->504636K(1026176K), 0.0741280 secs] [Times: user=0.13 sys=0.00, real=0.08 secs] 
4088.388: [GC [PSYoungGen: 320942K->22052K(320512K)] 809340K->516360K(1019584K), 0.0551710 secs] [Times: user=0.15 sys=0.00, real=0.06 secs] 
4088.792: [GC [PSYoungGen: 320484K->13083K(311552K)] 814792K->514430K(1010624K), 0.0419580 secs] [Times: user=0.12 sys=0.00, real=0.04 secs] 
4089.187: [GC [PSYoungGen: 311515K->18316K(324352K)] 812862K->526073K(1023424K), 0.0745710 secs] [Times: user=0.13 sys=0.01, real=0.07 secs] 
4089.592: [GC [PSYoungGen: 316940K->20243K(323776K)] 824697K->536243K(1022848K), 0.0633370 secs] [Times: user=0.15 sys=0.00, real=0.07 secs] 
4090.028: [GC [PSYoungGen: 318867K->18612K(324736K)] 834867K->541109K(1023808K), 0.0537750 secs] [Times: user=0.14 sys=0.00, real=0.05 secs] 
4090.515: [GC [PSYoungGen: 318068K->16741K(324224K)] 840565K->544802K(1023296K), 0.0880630 secs] [Times: user=0.14 sys=0.00, real=0.09 secs] 
4090.998: [GC [PSYoungGen: 316197K->13305K(324864K)] 844258K->546567K(1023936K), 0.0640700 secs] [Times: user=0.13 sys=0.00, real=0.06 secs] 
4091.413: [GC [PSYoungGen: 313785K->17664K(324992K)] 847047K->555787K(1024064K), 0.0537180 secs] [Times: user=0.12 sys=0.00, real=0.06 secs] 
4091.830: [GC [PSYoungGen: 318144K->16978K(326144K)] 856267K->565076K(1025216K), 0.0642770 secs] [Times: user=0.14 sys=0.00, real=0.07 secs] 
4092.276: [GC [PSYoungGen: 319250K->17490K(325632K)] 867348K->570691K(1024704K), 0.0650600 secs] [Times: user=0.13 sys=0.00, real=0.06 secs] 
4092.713: [GC [PSYoungGen: 319762K->16853K(327168K)] 872963K->577639K(1026240K), 0.0714030 secs] [Times: user=0.14 sys=0.00, real=0.07 secs] 
4093.106: [GC [PSYoungGen: 321237K->19119K(326720K)] 882023K->587742K(1025792K), 0.0486620 secs] [Times: user=0.15 sys=0.00, real=0.05 secs] 
4093.566: [GC [PSYoungGen: 323503K->15606K(327168K)] 892126K->590646K(1026240K), 0.0501500 secs] [Times: user=0.12 sys=0.00, real=0.05 secs] 
4093.963: [GC [PSYoungGen: 320310K->16711K(327040K)] 895350K->599797K(1026112K), 0.0776700 secs] [Times: user=0.14 sys=0.00, real=0.07 secs] 
4094.402: [GC [PSYoungGen: 321415K->17901K(327808K)] 904501K->608634K(1026880K), 0.0591490 secs] [Times: user=0.15 sys=0.00, real=0.06 secs] 
4094.836: [GC [PSYoungGen: 323757K->14675K(327552K)] 914490K->613391K(1026624K), 0.0471470 secs] [Times: user=0.13 sys=0.00, real=0.05 secs] 
4095.233: [GC [PSYoungGen: 320531K->17719K(328000K)] 919247K->621473K(1027072K), 0.0544030 secs] [Times: user=0.13 sys=0.00, real=0.06 secs] 
4095.669: [GC [PSYoungGen: 323959K->13790K(327744K)] 927713K->625292K(1026816K), 0.0684480 secs] [Times: user=0.13 sys=0.01, real=0.07 secs] 
4096.072: [GC [PSYoungGen: 320030K->20199K(326336K)] 931532K->636595K(1025408K), 0.0622740 secs] [Times: user=0.15 sys=0.01, real=0.07 secs] 
4096.546: [GC [PSYoungGen: 324903K->14742K(327104K)] 941299K->638043K(1026176K), 0.0884390 secs] [Times: user=0.22 sys=0.01, real=0.09 secs] 
4097.024: [GC [PSYoungGen: 319443K->21477K(324864K)] 942744K->651082K(1023936K), 0.0476260 secs] [Times: user=0.15 sys=0.01, real=0.04 secs] 
4097.422: [GC [PSYoungGen: 324005K->16274K(326016K)] 953610K->654520K(1025088K), 0.0746580 secs] [Times: user=0.15 sys=0.01, real=0.08 secs] 
4097.782: [GC [PSYoungGen: 318802K->18277K(326656K)] 957048K->662903K(1025728K), 0.0469590 secs] [Times: user=0.14 sys=0.00, real=0.05 secs] 
4098.231: [GC [PSYoungGen: 321893K->18478K(326464K)] 966519K->669716K(1025536K), 0.0593890 secs] [Times: user=0.15 sys=0.00, real=0.06 secs] 
4098.708: [GC [PSYoungGen: 322094K->16999K(327232K)] 973332K->673320K(1026304K), 0.0931670 secs] [Times: user=0.14 sys=0.01, real=0.09 secs] 
4099.169: [GC [PSYoungGen: 321511K->21099K(325632K)] 977832K->683747K(1024704K), 0.0623340 secs] [Times: user=0.15 sys=0.00, real=0.06 secs] 
4099.580: [GC [PSYoungGen: 325611K->20906K(325184K)] 988259K->690781K(1024256K), 0.0579270 secs] [Times: user=0.15 sys=0.00, real=0.06 secs] 
4100.005: [GC [PSYoungGen: 322917K->16724K(325760K)] 992792K->692180K(1024832K), 0.0783710 secs] [Times: user=0.13 sys=0.00, real=0.07 secs] 
4100.341: [GC [PSYoungGen: 318740K->19630K(325952K)] 994196K->698997K(1025024K), 0.0429440 secs] [Times: user=0.13 sys=0.00, real=0.05 secs] 
4100.750: [GC [PSYoungGen: 322158K->18928K(326016K)] 1001525K->704383K(1025088K), 0.0563030 secs] [Times: user=0.14 sys=0.00, real=0.06 secs] 
4101.132: [GC [PSYoungGen: 321456K->14403K(325952K)] 1006911K->706141K(1025024K), 0.0398500 secs] [Times: user=0.12 sys=0.00, real=0.04 secs] 
4101.172: [Full GC [PSYoungGen: 14403K->0K(325952K)] [PSOldGen: 691737K->454185K(699072K)] 706141K->454185K(1025024K) [PSPermGen: 91624K->91624K(262144K)], 2.3908910 secs] [Times: user=2.39 sys=0.01, real=2.39 secs] 
4103.917: [GC [PSYoungGen: 302656K->23405K(326080K)] 756841K->477590K(1025152K), 0.0633770 secs] [Times: user=0.12 sys=0.00, real=0.06 secs] 
4104.340: [GC [PSYoungGen: 326061K->23412K(318656K)] 780246K->480307K(1017728K), 0.0656740 secs] [Times: user=0.15 sys=0.01, real=0.07 secs] 
4104.853: [GC [PSYoungGen: 318644K->12861K(308096K)] 775539K->479336K(1007168K), 0.0555340 secs] [Times: user=0.13 sys=0.00, real=0.06 secs] 
4105.334: [GC [PSYoungGen: 308093K->18852K(322880K)] 774568K->491350K(1021952K), 0.0512000 secs] [Times: user=0.13 sys=0.00, real=0.06 secs] 
4105.774: [GC [PSYoungGen: 314340K->16220K(322112K)] 786838K->498306K(1021184K), 0.0530600 secs] [Times: user=0.15 sys=0.00, real=0.06 secs] 
4106.173: [GC [PSYoungGen: 311708K->19437K(323648K)] 793794K->504885K(1022720K), 0.0418440 secs] [Times: user=0.14 sys=0.00, real=0.05 secs] 
4106.638: [GC [PSYoungGen: 316845K->12533K(323264K)] 802293K->504485K(1022336K), 0.0658150 secs] [Times: user=0.11 sys=0.00, real=0.06 secs] 
4107.056: [GC [PSYoungGen: 309941K->21360K(322368K)] 801893K->519265K(1021440K), 0.0851670 secs] [Times: user=0.15 sys=0.01, real=0.08 secs] 
4107.454: [GC [PSYoungGen: 317616K->21009K(317312K)] 815521K->528834K(1016384K), 0.0615110 secs] [Times: user=0.15 sys=0.00, real=0.07 secs] 
4107.867: [GC [PSYoungGen: 317265K->17734K(323392K)] 825090K->534760K(1022464K), 0.0551400 secs] [Times: user=0.15 sys=0.00, real=0.05 secs] 
4108.219: [GC [PSYoungGen: 314310K->19714K(322688K)] 831336K->542841K(1021760K), 0.0538700 secs] [Times: user=0.15 sys=0.00, real=0.05 secs] 
4108.610: [GC [PSYoungGen: 316290K->15248K(323840K)] 839417K->545978K(1022912K), 0.0468380 secs] [Times: user=0.15 sys=0.00, real=0.05 secs] 
4109.073: [GC [PSYoungGen: 313296K->17645K(323712K)] 844026K->556476K(1022784K), 0.0613990 secs] [Times: user=0.14 sys=0.00, real=0.06 secs] 
4109.468: [GC [PSYoungGen: 315693K->17114K(324992K)] 854524K->563146K(1024064K), 0.0500290 secs] [Times: user=0.14 sys=0.00, real=0.05 secs] 
4109.943: [GC [PSYoungGen: 317082K->14915K(324480K)] 863114K->567950K(1023552K), 0.0552800 secs] [Times: user=0.13 sys=0.00, real=0.06 secs] 
4110.365: [GC [PSYoungGen: 314883K->19678K(324992K)] 867918K->577295K(1024064K), 0.0592520 secs] [Times: user=0.14 sys=0.01, real=0.06 secs] 
4110.806: [GC [PSYoungGen: 320286K->14937K(325056K)] 877903K->579382K(1024128K), 0.0465120 secs] [Times: user=0.11 sys=0.00, real=0.05 secs] 
4111.206: [GC [PSYoungGen: 315545K->15750K(325568K)] 879990K->584309K(1024640K), 0.0582470 secs] [Times: user=0.11 sys=0.00, real=0.06 secs] 
4111.685: [GC [PSYoungGen: 316998K->16537K(325184K)] 885557K->593232K(1024256K), 0.1522250 secs] [Times: user=0.13 sys=0.00, real=0.16 secs] 
4112.179: [GC [PSYoungGen: 317785K->18867K(326080K)] 894480K->601617K(1025152K), 0.0674150 secs] [Times: user=0.14 sys=0.01, real=0.06 secs] 
4112.582: [GC [PSYoungGen: 321459K->16889K(326016K)] 904209K->607125K(1025088K), 0.0590630 secs] [Times: user=0.13 sys=0.00, real=0.06 secs] 
4112.963: [GC [PSYoungGen: 319481K->16296K(326912K)] 909717K->613008K(1025984K), 0.0601710 secs] [Times: user=0.12 sys=0.00, real=0.06 secs] 
4113.416: [GC [PSYoungGen: 320296K->16449K(326592K)] 917008K->619389K(1025664K), 0.0538790 secs] [Times: user=0.13 sys=0.00, real=0.06 secs] 
4113.840: [GC [PSYoungGen: 320449K->13900K(327168K)] 923389K->623747K(1026240K), 0.0652740 secs] [Times: user=0.13 sys=0.00, real=0.06 secs] 
4114.345: [GC [PSYoungGen: 318856K->16273K(327232K)] 928702K->629213K(1026304K), 0.0688480 secs] [Times: user=0.12 sys=0.00, real=0.07 secs] 
4114.763: [GC [PSYoungGen: 321233K->18820K(327232K)] 934173K->639896K(1026304K), 0.0677090 secs] [Times: user=0.15 sys=0.00, real=0.07 secs] 
4115.186: [GC [PSYoungGen: 324164K->18144K(327424K)] 945240K->646645K(1026496K), 0.0579220 secs] [Times: user=0.14 sys=0.00, real=0.06 secs] 
4115.610: [GC [PSYoungGen: 323488K->16897K(327936K)] 951989K->652124K(1027008K), 0.0506370 secs] [Times: user=0.13 sys=0.00, real=0.05 secs] 
4115.986: [GC [PSYoungGen: 322817K->16506K(327488K)] 958044K->657071K(1026560K), 0.0357990 secs] [Times: user=0.13 sys=0.00, real=0.04 secs] 
4116.430: [GC [PSYoungGen: 322414K->17314K(328576K)] 962980K->664925K(1027648K), 0.0905060 secs] [Times: user=0.13 sys=0.00, real=0.09 secs] 
4116.826: [GC [PSYoungGen: 324642K->13802K(328256K)] 972253K->666919K(1027328K), 0.0443200 secs] [Times: user=0.13 sys=0.00, real=0.05 secs] 
4117.245: [GC [PSYoungGen: 321130K->13549K(328192K)] 974247K->671880K(1027264K), 0.0743460 secs] [Times: user=0.14 sys=0.00, real=0.08 secs] 
4117.659: [GC [PSYoungGen: 320685K->16418K(328320K)] 979016K->681660K(1027392K), 0.0531280 secs] [Times: user=0.13 sys=0.00, real=0.05 secs] 
4118.030: [GC [PSYoungGen: 323554K->18822K(327872K)] 988796K->691101K(1026944K), 0.0584970 secs] [Times: user=0.14 sys=0.00, real=0.06 secs] 
4118.442: [GC [PSYoungGen: 325958K->17977K(325120K)] 998237K->697305K(1024192K), 0.0673350 secs] [Times: user=0.15 sys=0.01, real=0.07 secs] 
4118.890: [GC [PSYoungGen: 325113K->16095K(328576K)] 1004441K->699517K(1027648K), 0.0595230 secs] [Times: user=0.13 sys=0.00, real=0.06 secs] 
4119.299: [GC [PSYoungGen: 323423K->16524K(328256K)] 1006845K->704304K(1027328K), 0.0517550 secs] [Times: user=0.13 sys=0.01, real=0.05 secs] 
4119.695: [GC [PSYoungGen: 323852K->17072K(329216K)] 1011632K->712642K(1028288K), 0.0498200 secs] [Times: user=0.14 sys=0.00, real=0.05 secs] 
4119.745: [Full GC [PSYoungGen: 17072K->0K(329216K)] [PSOldGen: 695570K->458860K(699072K)] 712642K->458860K(1028288K) [PSPermGen: 91638K->91638K(262144K)], 2.4253220 secs] [Times: user=2.42 sys=0.00, real=2.43 secs] 
4122.512: [GC [PSYoungGen: 308672K->20279K(328960K)] 767532K->483179K(1028032K), 0.0785630 secs] [Times: user=0.13 sys=0.00, real=0.08 secs] 
4122.973: [GC [PSYoungGen: 328951K->14942K(324736K)] 791851K->489102K(1023808K), 0.0519130 secs] [Times: user=0.15 sys=0.00, real=0.05 secs] 
4123.391: [GC [PSYoungGen: 319134K->22629K(326848K)] 793294K->497424K(1025920K), 0.0529170 secs] [Times: user=0.14 sys=0.01, real=0.05 secs] 
4123.738: [GC [PSYoungGen: 326821K->16736K(324416K)] 801616K->497698K(1023488K), 0.0491670 secs] [Times: user=0.13 sys=0.00, real=0.05 secs] 
4124.187: [GC [PSYoungGen: 318496K->20223K(321984K)] 799458K->506656K(1021056K), 0.0698330 secs] [Times: user=0.15 sys=0.00, real=0.07 secs] 
4124.542: [GC [PSYoungGen: 321983K->16900K(325760K)] 808416K->509030K(1024832K), 0.0389350 secs] [Times: user=0.13 sys=0.00, real=0.04 secs] 
4125.040: [GC [PSYoungGen: 318468K->12270K(325312K)] 810598K->509535K(1024384K), 0.0390000 secs] [Times: user=0.11 sys=0.00, real=0.04 secs] 
4125.451: [GC [PSYoungGen: 313838K->21176K(323840K)] 811103K->518442K(1022912K), 0.0472750 secs] [Times: user=0.13 sys=0.00, real=0.05 secs] 
4125.855: [GC [PSYoungGen: 320888K->24877K(324608K)] 818154K->525728K(1023680K), 0.0489260 secs] [Times: user=0.15 sys=0.00, real=0.05 secs] 
4126.225: [GC [PSYoungGen: 324589K->24660K(315648K)] 825440K->528741K(1014720K), 0.0524280 secs] [Times: user=0.15 sys=0.00, real=0.05 secs] 
4126.622: [GC [PSYoungGen: 315412K->20698K(320128K)] 819493K->526092K(1019200K), 0.0363700 secs] [Times: user=0.14 sys=0.00, real=0.04 secs] 
4127.013: [GC [PSYoungGen: 311450K->22334K(320384K)] 816844K->528692K(1019456K), 0.0813010 secs] [Times: user=0.14 sys=0.00, real=0.08 secs] 
4127.524: [GC [PSYoungGen: 313854K->19515K(320512K)] 820212K->526605K(1019584K), 0.0836190 secs] [Times: user=0.11 sys=0.00, real=0.08 secs] 
4128.005: [GC [PSYoungGen: 311035K->16410K(321664K)] 818125K->528563K(1020736K), 0.0812210 secs] [Times: user=0.11 sys=0.00, real=0.08 secs] 
4128.421: [GC [PSYoungGen: 309978K->15675K(321408K)] 822131K->533706K(1020480K), 0.0701540 secs] [Times: user=0.13 sys=0.01, real=0.07 secs] 
4128.904: [GC [PSYoungGen: 309243K->16673K(322304K)] 827274K->542178K(1021376K), 0.0605670 secs] [Times: user=0.13 sys=0.00, real=0.06 secs] 
4129.298: [GC [PSYoungGen: 311329K->18601K(321856K)] 836834K->551336K(1020928K), 0.0552170 secs] [Times: user=0.14 sys=0.00, real=0.06 secs] 
4129.724: [GC [PSYoungGen: 313257K->16327K(323456K)] 845992K->556895K(1022528K), 0.0512760 secs] [Times: user=0.14 sys=0.00, real=0.05 secs] 
4130.166: [GC [PSYoungGen: 313415K->14167K(323136K)] 853983K->561469K(1022208K), 0.0635230 secs] [Times: user=0.12 sys=0.00, real=0.07 secs] 
4130.589: [GC [PSYoungGen: 311255K->18377K(324160K)] 858557K->571646K(1023232K), 0.0939550 secs] [Times: user=0.14 sys=0.01, real=0.09 secs] 
4130.977: [GC [PSYoungGen: 316489K->16739K(323456K)] 869758K->578604K(1022528K), 0.0754480 secs] [Times: user=0.14 sys=0.00, real=0.08 secs] 
4131.418: [GC [PSYoungGen: 314851K->14410K(324672K)] 876716K->581871K(1023744K), 0.0465640 secs] [Times: user=0.12 sys=0.00, real=0.05 secs] 
4131.782: [GC [PSYoungGen: 314186K->19134K(324608K)] 881647K->591241K(1023680K), 0.0520480 secs] [Times: user=0.14 sys=0.00, real=0.05 secs] 
4132.240: [GC [PSYoungGen: 318910K->16722K(325376K)] 891017K->596758K(1024448K), 0.0490930 secs] [Times: user=0.14 sys=0.00, real=0.04 secs] 
4132.692: [GC [PSYoungGen: 317458K->15417K(324864K)] 897494K->602836K(1023936K), 0.0536140 secs] [Times: user=0.13 sys=0.00, real=0.05 secs] 
4133.156: [GC [PSYoungGen: 316153K->17172K(326208K)] 903572K->611414K(1025280K), 0.0517220 secs] [Times: user=0.14 sys=0.00, real=0.05 secs] 
4133.669: [GC [PSYoungGen: 319508K->17472K(325632K)] 913750K->616937K(1024704K), 0.0471490 secs] [Times: user=0.13 sys=0.00, real=0.05 secs] 
4134.018: [GC [PSYoungGen: 319808K->21181K(324992K)] 919273K->628638K(1024064K), 0.0673530 secs] [Times: user=0.15 sys=0.01, real=0.07 secs] 
4134.467: [GC [PSYoungGen: 323453K->16611K(325888K)] 930910K->632184K(1024960K), 0.0540120 secs] [Times: user=0.14 sys=0.00, real=0.06 secs] 
4134.907: [GC [PSYoungGen: 318883K->10139K(324864K)] 934456K->628226K(1023936K), 0.0509580 secs] [Times: user=0.10 sys=0.00, real=0.05 secs] 
4135.319: [GC [PSYoungGen: 311771K->17238K(325568K)] 929858K->640629K(1024640K), 0.0655340 secs] [Times: user=0.13 sys=0.01, real=0.07 secs] 
4135.720: [GC [PSYoungGen: 318870K->16106K(326656K)] 942261K->648208K(1025728K), 0.0528710 secs] [Times: user=0.13 sys=0.00, real=0.06 secs] 
4136.147: [GC [PSYoungGen: 319398K->18714K(326144K)] 951500K->655618K(1025216K), 0.0581340 secs] [Times: user=0.14 sys=0.00, real=0.06 secs] 
4136.600: [GC [PSYoungGen: 322003K->17095K(327104K)] 958907K->660855K(1026176K), 0.0854660 secs] [Times: user=0.14 sys=0.00, real=0.09 secs] 
4137.041: [GC [PSYoungGen: 321223K->16961K(326528K)] 964983K->665642K(1025600K), 0.0473870 secs] [Times: user=0.13 sys=0.00, real=0.04 secs] 
4137.472: [GC [PSYoungGen: 321089K->16357K(328000K)] 969770K->670832K(1027072K), 0.0573680 secs] [Times: user=0.14 sys=0.00, real=0.05 secs] 
4137.946: [GC [PSYoungGen: 322468K->14368K(327616K)] 976943K->674945K(1026688K), 0.0420990 secs] [Times: user=0.12 sys=0.00, real=0.04 secs] 
4138.303: [GC [PSYoungGen: 320480K->19176K(327104K)] 981057K->685614K(1026176K), 0.0407890 secs] [Times: user=0.14 sys=0.00, real=0.04 secs] 
4138.700: [GC [PSYoungGen: 324776K->13183K(318784K)] 991214K->684497K(1017856K), 0.0430590 secs] [Times: user=0.11 sys=0.00, real=0.05 secs] 
4139.058: [GC [PSYoungGen: 318783K->18102K(327424K)] 990097K->695325K(1026496K), 0.0382930 secs] [Times: user=0.13 sys=0.00, real=0.04 secs] 
4139.484: [GC [PSYoungGen: 323446K->14935K(327424K)] 1000669K->700013K(1026496K), 0.0538540 secs] [Times: user=0.13 sys=0.00, real=0.05 secs] 
4139.884: [GC [PSYoungGen: 320279K->18076K(327616K)] 1005357K->708112K(1026688K), 0.0640520 secs] [Times: user=0.14 sys=0.00, real=0.06 secs] 
4139.948: [Full GC [PSYoungGen: 18076K->0K(327616K)] [PSOldGen: 690035K->427535K(699072K)] 708112K->427535K(1026688K) [PSPermGen: 91651K->91594K(262144K)], 2.6298560 secs] [Times: user=2.62 sys=0.00, real=2.63 secs] 
4142.876: [GC [PSYoungGen: 305728K->19263K(324992K)] 733263K->446799K(1024064K), 0.0449310 secs] [Times: user=0.12 sys=0.00, real=0.04 secs] 
4143.289: [GC [PSYoungGen: 324991K->22328K(319360K)] 752527K->456413K(1018432K), 0.0539350 secs] [Times: user=0.15 sys=0.00, real=0.06 secs] 
4143.699: [GC [PSYoungGen: 319352K->18660K(323264K)] 753437K->463960K(1022336K), 0.0849450 secs] [Times: user=0.15 sys=0.00, real=0.09 secs] 
4144.137: [GC [PSYoungGen: 315684K->16614K(324352K)] 760984K->469274K(1023424K), 0.0699060 secs] [Times: user=0.13 sys=0.00, real=0.07 secs] 
4144.552: [GC [PSYoungGen: 315366K->16793K(323904K)] 768026K->475428K(1022976K), 0.0425330 secs] [Times: user=0.13 sys=0.00, real=0.04 secs] 
4144.949: [GC [PSYoungGen: 315545K->14384K(324928K)] 774180K->478539K(1024000K), 0.0544210 secs] [Times: user=0.12 sys=0.00, real=0.06 secs] 
4145.368: [GC [PSYoungGen: 314672K->16275K(324864K)] 778827K->484919K(1023936K), 0.0435710 secs] [Times: user=0.12 sys=0.00, real=0.05 secs] 
4145.864: [GC [PSYoungGen: 316563K->19558K(325184K)] 785207K->495246K(1024256K), 0.0659760 secs] [Times: user=0.14 sys=0.00, real=0.06 secs] 
4146.246: [GC [PSYoungGen: 320678K->16675K(325312K)] 796366K->499667K(1024384K), 0.0453480 secs] [Times: user=0.13 sys=0.00, real=0.04 secs] 
4146.704: [GC [PSYoungGen: 317795K->14967K(325952K)] 800787K->504113K(1025024K), 0.1236760 secs] [Times: user=0.12 sys=0.00, real=0.12 secs] 
4147.209: [GC [PSYoungGen: 317175K->18791K(325760K)] 806321K->514414K(1024832K), 0.0752570 secs] [Times: user=0.13 sys=0.01, real=0.08 secs] 
4147.638: [GC [PSYoungGen: 320999K->18366K(326272K)] 816622K->518922K(1025344K), 0.0678710 secs] [Times: user=0.13 sys=0.00, real=0.07 secs] 
4148.061: [GC [PSYoungGen: 321150K->15439K(326016K)] 821706K->520318K(1025088K), 0.0838610 secs] [Times: user=0.12 sys=0.00, real=0.08 secs] 
4148.443: [GC [PSYoungGen: 318223K->17189K(327040K)] 823102K->526061K(1026112K), 0.0933170 secs] [Times: user=0.12 sys=0.00, real=0.09 secs] 
4148.890: [GC [PSYoungGen: 321189K->20118K(326464K)] 830061K->533945K(1025536K), 0.0399620 secs] [Times: user=0.14 sys=0.00, real=0.04 secs] 
4149.265: [GC [PSYoungGen: 324118K->16627K(326848K)] 837945K->537032K(1025920K), 0.0492840 secs] [Times: user=0.13 sys=0.00, real=0.05 secs] 
4149.644: [GC [PSYoungGen: 320499K->14941K(326528K)] 840904K->539954K(1025600K), 0.0515340 secs] [Times: user=0.11 sys=0.00, real=0.05 secs] 
4150.034: [GC [PSYoungGen: 318813K->14968K(327104K)] 843826K->544986K(1026176K), 0.0621700 secs] [Times: user=0.12 sys=0.00, real=0.06 secs] 
4150.442: [GC [PSYoungGen: 319544K->17502K(326976K)] 849562K->553742K(1026048K), 0.0685210 secs] [Times: user=0.13 sys=0.00, real=0.07 secs] 
4150.830: [GC [PSYoungGen: 322078K->18032K(327616K)] 858318K->562705K(1026688K), 0.0567900 secs] [Times: user=0.14 sys=0.00, real=0.06 secs] 
4151.268: [GC [PSYoungGen: 323568K->18617K(327424K)] 868241K->567739K(1026496K), 0.1119340 secs] [Times: user=0.13 sys=0.01, real=0.11 secs] 
4151.754: [GC [PSYoungGen: 324153K->19193K(327040K)] 873275K->574478K(1026112K), 0.0912110 secs] [Times: user=0.14 sys=0.00, real=0.09 secs] 
4152.180: [GC [PSYoungGen: 324281K->18461K(327296K)] 879566K->577774K(1026368K), 0.0488740 secs] [Times: user=0.13 sys=0.00, real=0.05 secs] 
4152.689: [GC [PSYoungGen: 323549K->16874K(327744K)] 882862K->582042K(1026816K), 0.0850540 secs] [Times: user=0.13 sys=0.00, real=0.09 secs] 
4153.106: [GC [PSYoungGen: 322538K->19002K(327424K)] 887706K->590381K(1026496K), 0.0704130 secs] [Times: user=0.14 sys=0.00, real=0.07 secs] 
4153.535: [GC [PSYoungGen: 324666K->15911K(327744K)] 896045K->593707K(1026816K), 0.0539560 secs] [Times: user=0.13 sys=0.00, real=0.05 secs] 
4153.962: [GC [PSYoungGen: 321767K->15006K(327616K)] 899563K->596883K(1026688K), 0.0619580 secs] [Times: user=0.11 sys=0.00, real=0.07 secs] 
4154.309: [GC [PSYoungGen: 320862K->21748K(319168K)] 902739K->611882K(1018240K), 0.0589140 secs] [Times: user=0.15 sys=0.00, real=0.06 secs] 
4154.716: [GC [PSYoungGen: 319156K->12947K(310400K)] 909290K->612338K(1009472K), 0.0591840 secs] [Times: user=0.13 sys=0.01, real=0.06 secs] 
4155.048: [GC [PSYoungGen: 310355K->14861K(323584K)] 909746K->616449K(1022656K), 0.0535240 secs] [Times: user=0.10 sys=0.00, real=0.05 secs] 
4155.439: [GC [PSYoungGen: 312205K->18467K(323264K)] 913793K->626103K(1022336K), 0.0575450 secs] [Times: user=0.13 sys=0.00, real=0.06 secs] 
4155.802: [GC [PSYoungGen: 315811K->17659K(324800K)] 923447K->632358K(1023872K), 0.0516960 secs] [Times: user=0.14 sys=0.00, real=0.06 secs] 
4156.217: [GC [PSYoungGen: 317051K->18577K(324096K)] 931750K->640802K(1023168K), 0.0640260 secs] [Times: user=0.15 sys=0.00, real=0.06 secs] 
4156.624: [GC [PSYoungGen: 317969K->15525K(325440K)] 940194K->643476K(1024512K), 0.0625850 secs] [Times: user=0.13 sys=0.00, real=0.06 secs] 
4157.069: [GC [PSYoungGen: 316636K->16002K(325184K)] 944587K->651108K(1024256K), 0.0572800 secs] [Times: user=0.13 sys=0.00, real=0.06 secs] 
4157.463: [GC [PSYoungGen: 317122K->18735K(325952K)] 952228K->658304K(1025024K), 0.0619580 secs] [Times: user=0.13 sys=0.01, real=0.07 secs] 
4157.819: [GC [PSYoungGen: 321007K->16025K(325824K)] 960576K->661260K(1024896K), 0.0563630 secs] [Times: user=0.13 sys=0.00, real=0.06 secs] 
4158.330: [GC [PSYoungGen: 318297K->18426K(326528K)] 963532K->672747K(1025600K), 0.0658060 secs] [Times: user=0.15 sys=0.00, real=0.07 secs] 
4158.719: [GC [PSYoungGen: 321779K->17872K(326336K)] 976101K->679193K(1025408K), 0.0623440 secs] [Times: user=0.15 sys=0.00, real=0.06 secs] 
4159.133: [GC [PSYoungGen: 321232K->12455K(326144K)] 982553K->675565K(1025216K), 0.0363790 secs] [Times: user=0.10 sys=0.01, real=0.04 secs] 
4159.540: [GC [PSYoungGen: 316007K->14798K(326528K)] 979117K->682909K(1025600K), 0.0465500 secs] [Times: user=0.12 sys=0.00, real=0.05 secs] 
4159.946: [GC [PSYoungGen: 318350K->18048K(326912K)] 986461K->694187K(1025984K), 0.0561940 secs] [Times: user=0.13 sys=0.00, real=0.05 secs] 
4160.314: [GC [PSYoungGen: 322240K->17218K(326784K)] 998379K->701733K(1025856K), 0.0648430 secs] [Times: user=0.13 sys=0.01, real=0.06 secs] 
4160.712: [GC [PSYoungGen: 321410K->13977K(327360K)] 1005925K->704048K(1026432K), 0.0438180 secs] [Times: user=0.11 sys=0.00, real=0.05 secs] 
4160.756: [Full GC [PSYoungGen: 13977K->0K(327360K)] [PSOldGen: 690071K->454488K(699072K)] 704048K->454488K(1026432K) [PSPermGen: 91618K->91618K(262144K)], 2.4366420 secs] [Times: user=2.44 sys=0.00, real=2.43 secs] 
4163.508: [GC [PSYoungGen: 305216K->22112K(327360K)] 759704K->476742K(1026432K), 0.0485870 secs] [Times: user=0.13 sys=0.00, real=0.05 secs] 
4163.858: [GC [PSYoungGen: 327328K->14917K(324800K)] 781958K->482740K(1023872K), 0.0599660 secs] [Times: user=0.14 sys=0.00, real=0.06 secs] 
4164.230: [GC [PSYoungGen: 317573K->16775K(326080K)] 785396K->489736K(1025152K), 0.0396010 secs] [Times: user=0.12 sys=0.00, real=0.04 secs] 
4164.702: [GC [PSYoungGen: 319431K->14331K(326848K)] 792392K->493300K(1025920K), 0.0349160 secs] [Times: user=0.11 sys=0.00, real=0.04 secs] 
4165.049: [GC [PSYoungGen: 318395K->20386K(324480K)] 797364K->499355K(1023552K), 0.0426020 secs] [Times: user=0.12 sys=0.00, real=0.04 secs] 
4165.455: [GC [PSYoungGen: 324450K->22588K(323264K)] 803419K->501558K(1022336K), 0.0481680 secs] [Times: user=0.14 sys=0.00, real=0.04 secs] 
4165.813: [GC [PSYoungGen: 322428K->24818K(324672K)] 801398K->504679K(1023744K), 0.0553660 secs] [Times: user=0.14 sys=0.00, real=0.06 secs] 
4166.239: [GC [PSYoungGen: 324658K->16771K(321216K)] 804519K->499890K(1020288K), 0.0718360 secs] [Times: user=0.12 sys=0.00, real=0.07 secs] 
4166.645: [GC [PSYoungGen: 313155K->15773K(322944K)] 796274K->499068K(1022016K), 0.0557990 secs] [Times: user=0.10 sys=0.00, real=0.05 secs] 
4167.048: [GC [PSYoungGen: 312157K->20091K(323392K)] 795452K->503555K(1022464K), 0.0585490 secs] [Times: user=0.12 sys=0.00, real=0.06 secs] 
4167.528: [GC [PSYoungGen: 317371K->21877K(319168K)] 800835K->505489K(1018240K), 0.0687510 secs] [Times: user=0.13 sys=0.00, real=0.07 secs] 
4167.982: [GC [PSYoungGen: 319157K->20932K(322688K)] 802769K->505474K(1021760K), 0.0469710 secs] [Times: user=0.12 sys=0.00, real=0.05 secs] 
4168.371: [GC [PSYoungGen: 316932K->21241K(317248K)] 801474K->508752K(1016320K), 0.0393110 secs] [Times: user=0.14 sys=0.00, real=0.04 secs] 
4168.800: [GC [PSYoungGen: 317241K->22411K(321664K)] 804752K->511179K(1020736K), 0.0496190 secs] [Times: user=0.13 sys=0.00, real=0.05 secs] 
4169.230: [GC [PSYoungGen: 317259K->19676K(322176K)] 806027K->510361K(1021248K), 0.0591510 secs] [Times: user=0.12 sys=0.00, real=0.06 secs] 
4169.641: [GC [PSYoungGen: 314524K->22805K(321856K)] 805209K->514410K(1020928K), 0.0466080 secs] [Times: user=0.13 sys=0.00, real=0.05 secs] 
4170.015: [GC [PSYoungGen: 318037K->20138K(322368K)] 809642K->514304K(1021440K), 0.0530960 secs] [Times: user=0.13 sys=0.00, real=0.05 secs] 
4170.389: [GC [PSYoungGen: 315370K->20966K(323200K)] 809536K->517162K(1022272K), 0.0566430 secs] [Times: user=0.13 sys=0.00, real=0.06 secs] 
4170.936: [GC [PSYoungGen: 317606K->16371K(322944K)] 813802K->512855K(1022016K), 0.0442880 secs] [Times: user=0.11 sys=0.00, real=0.04 secs] 
4171.402: [GC [PSYoungGen: 313011K->18607K(323712K)] 809495K->515649K(1022784K), 0.0480200 secs] [Times: user=0.12 sys=0.00, real=0.05 secs] 
4171.843: [GC [PSYoungGen: 316015K->16783K(323200K)] 813057K->515025K(1022272K), 0.0537280 secs] [Times: user=0.11 sys=0.00, real=0.06 secs] 
4172.228: [GC [PSYoungGen: 314191K->23251K(322112K)] 812433K->522902K(1021184K), 0.0371910 secs] [Times: user=0.14 sys=0.00, real=0.04 secs] 
4172.637: [GC [PSYoungGen: 319763K->22563K(319104K)] 819414K->522213K(1018176K), 0.0492280 secs] [Times: user=0.13 sys=0.00, real=0.05 secs] 
4173.032: [GC [PSYoungGen: 319075K->24331K(320704K)] 818725K->524529K(1019776K), 0.0439960 secs] [Times: user=0.14 sys=0.00, real=0.05 secs] 
4173.412: [GC [PSYoungGen: 318155K->24935K(318784K)] 818353K->525133K(1017856K), 0.0488330 secs] [Times: user=0.12 sys=0.00, real=0.05 secs] 
4173.742: [GC [PSYoungGen: 318759K->20818K(321536K)] 818957K->521407K(1020608K), 0.0390160 secs] [Times: user=0.12 sys=0.00, real=0.04 secs] 
4174.136: [GC [PSYoungGen: 313554K->16742K(320704K)] 814143K->517675K(1019776K), 0.0518800 secs] [Times: user=0.10 sys=0.00, real=0.05 secs] 
4174.573: [GC [PSYoungGen: 309478K->15751K(321536K)] 810411K->517124K(1020608K), 0.0386740 secs] [Times: user=0.10 sys=0.00, real=0.04 secs] 
4175.035: [GC [PSYoungGen: 309319K->27021K(320640K)] 810692K->528393K(1019712K), 0.0722430 secs] [Times: user=0.13 sys=0.01, real=0.08 secs] 
4175.444: [GC [PSYoungGen: 320589K->18818K(320000K)] 821961K->520727K(1019072K), 0.0623370 secs] [Times: user=0.12 sys=0.00, real=0.07 secs] 
4175.816: [GC [PSYoungGen: 309954K->21805K(320320K)] 811863K->524345K(1019392K), 0.0417040 secs] [Times: user=0.12 sys=0.00, real=0.05 secs] 
4176.167: [GC [PSYoungGen: 312941K->19822K(321344K)] 815481K->522690K(1020416K), 0.0426600 secs] [Times: user=0.12 sys=0.00, real=0.04 secs] 
4176.576: [GC [PSYoungGen: 312302K->16743K(320640K)] 815170K->519883K(1019712K), 0.0608320 secs] [Times: user=0.12 sys=0.00, real=0.07 secs] 
4176.927: [GC [PSYoungGen: 309223K->15173K(321344K)] 812363K->518582K(1020416K), 0.0593750 secs] [Times: user=0.10 sys=0.01, real=0.06 secs] 
4177.374: [GC [PSYoungGen: 308485K->18105K(321408K)] 811894K->521693K(1020480K), 0.0478400 secs] [Times: user=0.12 sys=0.00, real=0.05 secs] 
4177.738: [GC [PSYoungGen: 311417K->26093K(318656K)] 815005K->529813K(1017728K), 0.0514650 secs] [Times: user=0.15 sys=0.01, real=0.05 secs] 
4178.236: [GC [PSYoungGen: 317229K->23430K(314624K)] 820949K->527351K(1013696K), 0.0411200 secs] [Times: user=0.14 sys=0.00, real=0.04 secs] 
4178.677: [GC [PSYoungGen: 314566K->22708K(320128K)] 818487K->526757K(1019200K), 0.0799830 secs] [Times: user=0.13 sys=0.00, real=0.08 secs] 
4179.146: [GC [PSYoungGen: 313396K->21283K(320064K)] 817445K->525459K(1019136K), 0.0762320 secs] [Times: user=0.13 sys=0.00, real=0.07 secs] 
4179.618: [GC [PSYoungGen: 311971K->26074K(318464K)] 816147K->530783K(1017536K), 0.0854100 secs] [Times: user=0.13 sys=0.00, real=0.08 secs] 
4180.006: [GC [PSYoungGen: 315802K->21965K(319616K)] 820511K->527494K(1018688K), 0.0648760 secs] [Times: user=0.13 sys=0.00, real=0.06 secs] 
4180.443: [GC [PSYoungGen: 311693K->19650K(320704K)] 817222K->531642K(1019776K), 0.0481040 secs] [Times: user=0.15 sys=0.00, real=0.05 secs] 
4180.784: [GC [PSYoungGen: 311042K->17617K(320192K)] 823034K->537732K(1019264K), 0.0663310 secs] [Times: user=0.15 sys=0.00, real=0.07 secs] 
4181.130: [GC [PSYoungGen: 309009K->16021K(320832K)] 829124K->540722K(1019904K), 0.0454270 secs] [Times: user=0.13 sys=0.00, real=0.04 secs] 
4181.561: [GC [PSYoungGen: 308181K->16357K(320832K)] 832882K->546699K(1019904K), 0.0715170 secs] [Times: user=0.13 sys=0.00, real=0.07 secs] 
4181.948: [GC [PSYoungGen: 308517K->17844K(321472K)] 838859K->552514K(1020544K), 0.0617280 secs] [Times: user=0.15 sys=0.00, real=0.06 secs] 
4182.410: [GC [PSYoungGen: 310772K->15358K(320960K)] 845442K->558511K(1020032K), 0.0744800 secs] [Times: user=0.13 sys=0.00, real=0.07 secs] 
4182.792: [GC [PSYoungGen: 308286K->17107K(322048K)] 851439K->567458K(1021120K), 0.0527640 secs] [Times: user=0.14 sys=0.00, real=0.05 secs] 
4183.237: [GC [PSYoungGen: 311187K->17692K(321536K)] 861538K->576440K(1020608K), 0.0689420 secs] [Times: user=0.16 sys=0.00, real=0.06 secs] 
4183.721: [GC [PSYoungGen: 311772K->20153K(322944K)] 870520K->586749K(1022016K), 0.0617870 secs] [Times: user=0.15 sys=0.00, real=0.06 secs] 
4184.054: [GC [PSYoungGen: 316217K->20598K(322624K)] 882813K->594740K(1021696K), 0.0659340 secs] [Times: user=0.15 sys=0.00, real=0.07 secs] 
4184.504: [GC [PSYoungGen: 316662K->15141K(323136K)] 890804K->594985K(1022208K), 0.0499000 secs] [Times: user=0.12 sys=0.00, real=0.05 secs] 
4184.915: [GC [PSYoungGen: 311909K->14817K(323136K)] 891753K->597715K(1022208K), 0.0797760 secs] [Times: user=0.11 sys=0.00, real=0.08 secs] 
4185.291: [GC [PSYoungGen: 311585K->21598K(322368K)] 894483K->607569K(1021440K), 0.0618690 secs] [Times: user=0.14 sys=0.00, real=0.06 secs] 
4185.788: [GC [PSYoungGen: 317726K->12989K(309120K)] 903697K->609333K(1008192K), 0.0822800 secs] [Times: user=0.13 sys=0.00, real=0.08 secs] 
4186.168: [GC [PSYoungGen: 309117K->22574K(321088K)] 905461K->623114K(1020160K), 0.0696910 secs] [Times: user=0.14 sys=0.01, real=0.07 secs] 
4186.564: [GC [PSYoungGen: 316782K->16004K(321856K)] 917322K->626407K(1020928K), 0.0582500 secs] [Times: user=0.15 sys=0.01, real=0.06 secs] 
4186.996: [GC [PSYoungGen: 310212K->19816K(322688K)] 920615K->634098K(1021760K), 0.0801260 secs] [Times: user=0.13 sys=0.00, real=0.08 secs] 
4187.384: [GC [PSYoungGen: 315368K->16025K(322368K)] 929650K->638773K(1021440K), 0.0507980 secs] [Times: user=0.14 sys=0.00, real=0.05 secs] 
4187.769: [GC [PSYoungGen: 311577K->17584K(323776K)] 934325K->647884K(1022848K), 0.0559310 secs] [Times: user=0.15 sys=0.00, real=0.05 secs] 
4188.117: [GC [PSYoungGen: 314928K->14999K(323072K)] 945228K->654321K(1022144K), 0.0641010 secs] [Times: user=0.13 sys=0.00, real=0.07 secs] 
4188.457: [GC [PSYoungGen: 312343K->15219K(324288K)] 951665K->662958K(1023360K), 0.0412550 secs] [Times: user=0.13 sys=0.00, real=0.05 secs] 
4188.813: [GC [PSYoungGen: 314035K->12969K(324032K)] 961774K->666721K(1023104K), 0.0456750 secs] [Times: user=0.12 sys=0.00, real=0.05 secs] 
4189.198: [GC [PSYoungGen: 311785K->11062K(323776K)] 965537K->671994K(1022848K), 0.0453710 secs] [Times: user=0.11 sys=0.00, real=0.04 secs] 
4189.528: [GC [PSYoungGen: 309622K->17950K(324032K)] 970554K->683952K(1023104K), 0.0493550 secs] [Times: user=0.13 sys=0.01, real=0.05 secs] 
4189.945: [GC [PSYoungGen: 316510K->17213K(325056K)] 982512K->690682K(1024128K), 0.0740560 secs] [Times: user=0.13 sys=0.00, real=0.08 secs] 
4190.360: [GC [PSYoungGen: 317181K->16771K(324416K)] 990650K->695618K(1023488K), 0.0503190 secs] [Times: user=0.13 sys=0.00, real=0.05 secs] 
4190.749: [GC [PSYoungGen: 316739K->14448K(326144K)] 995586K->700543K(1025216K), 0.0383040 secs] [Times: user=0.13 sys=0.00, real=0.03 secs] 
4191.133: [GC [PSYoungGen: 316912K->16776K(325824K)] 1003007K->708628K(1024896K), 0.0497460 secs] [Times: user=0.15 sys=0.01, real=0.05 secs] 
4191.183: [Full GC [PSYoungGen: 16776K->0K(325824K)] [PSOldGen: 691852K->448596K(699072K)] 708628K->448596K(1024896K) [PSPermGen: 91634K->91634K(262144K)], 2.4905440 secs] [Times: user=2.46 sys=0.02, real=2.49 secs] 
4194.006: [GC [PSYoungGen: 302464K->21465K(324288K)] 751060K->470062K(1023360K), 0.0559430 secs] [Times: user=0.13 sys=0.00, real=0.06 secs] 
4194.419: [GC [PSYoungGen: 322969K->23996K(325504K)] 771566K->479847K(1024576K), 0.0708500 secs] [Times: user=0.16 sys=0.00, real=0.08 secs] 
4194.797: [GC [PSYoungGen: 325500K->19905K(317312K)] 781351K->486961K(1016384K), 0.0677160 secs] [Times: user=0.16 sys=0.00, real=0.07 secs] 
4195.175: [GC [PSYoungGen: 313217K->18665K(321408K)] 780273K->494394K(1020480K), 0.0563720 secs] [Times: user=0.14 sys=0.00, real=0.06 secs] 
4195.642: [GC [PSYoungGen: 311977K->13890K(322368K)] 787706K->497262K(1021440K), 0.0542540 secs] [Times: user=0.14 sys=0.00, real=0.05 secs] 
4196.039: [GC [PSYoungGen: 309058K->16141K(322304K)] 792430K->505553K(1021376K), 0.0559830 secs] [Times: user=0.13 sys=0.00, real=0.06 secs] 
4196.473: [GC [PSYoungGen: 311309K->14990K(323264K)] 800721K->510518K(1022336K), 0.0654960 secs] [Times: user=0.14 sys=0.00, real=0.06 secs] 
4196.886: [GC [PSYoungGen: 311694K->20997K(317760K)] 807222K->521370K(1016832K), 0.0610200 secs] [Times: user=0.13 sys=0.00, real=0.06 secs] 
4197.310: [GC [PSYoungGen: 317701K->12783K(322880K)] 818074K->521631K(1021952K), 0.0624450 secs] [Times: user=0.13 sys=0.00, real=0.06 secs] 
4197.684: [GC [PSYoungGen: 309039K->21172K(317440K)] 817887K->535702K(1016512K), 0.0632760 secs] [Times: user=0.14 sys=0.00, real=0.06 secs] 
4198.051: [GC [PSYoungGen: 317428K->11765K(322176K)] 831958K->534639K(1021248K), 0.0522450 secs] [Times: user=0.13 sys=0.00, real=0.05 secs] 
4198.416: [GC [PSYoungGen: 306869K->21085K(316224K)] 829743K->545818K(1015296K), 0.0499950 secs] [Times: user=0.13 sys=0.00, real=0.05 secs] 
4198.782: [GC [PSYoungGen: 316189K->15879K(322560K)] 840922K->550401K(1021632K), 0.0530610 secs] [Times: user=0.14 sys=0.00, real=0.05 secs] 
4199.115: [GC [PSYoungGen: 310791K->19035K(321856K)] 845313K->557756K(1020928K), 0.0542480 secs] [Times: user=0.14 sys=0.00, real=0.06 secs] 
4199.509: [GC [PSYoungGen: 313947K->20494K(322560K)] 852668K->568347K(1021632K), 0.0728860 secs] [Times: user=0.16 sys=0.00, real=0.08 secs] 
4199.864: [GC [PSYoungGen: 316494K->17642K(322752K)] 864347K->573914K(1021824K), 0.0853220 secs] [Times: user=0.15 sys=0.00, real=0.08 secs] 
4200.300: [GC [PSYoungGen: 313642K->18793K(324032K)] 869914K->578458K(1023104K), 0.0720250 secs] [Times: user=0.14 sys=0.00, real=0.07 secs] 
4200.698: [GC [PSYoungGen: 316905K->14283K(323584K)] 876570K->579144K(1022656K), 0.0669530 secs] [Times: user=0.13 sys=0.01, real=0.07 secs] 
4201.099: [GC [PSYoungGen: 312394K->18049K(324800K)] 877255K->589477K(1023872K), 0.0561920 secs] [Times: user=0.15 sys=0.00, real=0.06 secs] 
4201.584: [GC [PSYoungGen: 317505K->18422K(324160K)] 888933K->598042K(1023232K), 0.0658780 secs] [Times: user=0.14 sys=0.01, real=0.06 secs] 
4201.968: [GC [PSYoungGen: 317878K->15838K(325504K)] 897498K->601370K(1024576K), 0.0543020 secs] [Times: user=0.12 sys=0.00, real=0.06 secs] 
4202.443: [GC [PSYoungGen: 317022K->16873K(325184K)] 902554K->607334K(1024256K), 0.0485660 secs] [Times: user=0.13 sys=0.00, real=0.05 secs] 
4202.803: [GC [PSYoungGen: 318057K->16520K(326464K)] 908518K->613447K(1025536K), 0.0488240 secs] [Times: user=0.13 sys=0.00, real=0.05 secs] 
4203.337: [GC [PSYoungGen: 319560K->16140K(326080K)] 916487K->620615K(1025152K), 0.0612980 secs] [Times: user=0.16 sys=0.00, real=0.06 secs] 
4203.795: [GC [PSYoungGen: 319180K->16236K(327232K)] 923655K->627887K(1026304K), 0.0545510 secs] [Times: user=0.14 sys=0.00, real=0.05 secs] 
4204.321: [GC [PSYoungGen: 320812K->18529K(326848K)] 932463K->637360K(1025920K), 0.0753500 secs] [Times: user=0.13 sys=0.00, real=0.07 secs] 
4204.736: [GC [PSYoungGen: 323105K->17085K(327680K)] 941936K->643306K(1026752K), 0.0756320 secs] [Times: user=0.14 sys=0.00, real=0.08 secs] 
4205.193: [GC [PSYoungGen: 322493K->18710K(327232K)] 948714K->651597K(1026304K), 0.0586010 secs] [Times: user=0.14 sys=0.00, real=0.06 secs] 
4205.660: [GC [PSYoungGen: 324118K->17783K(327872K)] 957005K->659083K(1026944K), 0.0593510 secs] [Times: user=0.15 sys=0.00, real=0.06 secs] 
4206.075: [GC [PSYoungGen: 323767K->13936K(327616K)] 965067K->661996K(1026688K), 0.0517710 secs] [Times: user=0.13 sys=0.00, real=0.05 secs] 
4206.486: [GC [PSYoungGen: 319920K->16079K(328000K)] 967980K->670581K(1027072K), 0.0570910 secs] [Times: user=0.15 sys=0.00, real=0.06 secs] 
4206.958: [GC [PSYoungGen: 322319K->21486K(327744K)] 976821K->683833K(1026816K), 0.0953760 secs] [Times: user=0.16 sys=0.02, real=0.10 secs] 
4207.361: [GC [PSYoungGen: 327720K->17612K(321344K)] 990068K->686404K(1020416K), 0.0586730 secs] [Times: user=0.13 sys=0.00, real=0.05 secs] 
4207.786: [GC [PSYoungGen: 317196K->16126K(324544K)] 985988K->690160K(1023616K), 0.1127580 secs] [Times: user=0.21 sys=0.00, real=0.11 secs] 
4208.186: [GC [PSYoungGen: 315710K->20326K(324480K)] 989744K->700853K(1023552K), 0.0705420 secs] [Times: user=0.15 sys=0.01, real=0.07 secs] 
4208.678: [GC [PSYoungGen: 320166K->12956K(312832K)] 1000693K->698962K(1011904K), 0.0533630 secs] [Times: user=0.12 sys=0.00, real=0.06 secs] 
4209.030: [GC [PSYoungGen: 312796K->14571K(324608K)] 998802K->703792K(1023680K), 0.0416460 secs] [Times: user=0.12 sys=0.00, real=0.05 secs] 
4209.408: [GC [PSYoungGen: 314091K->16667K(324416K)] 1003312K->712204K(1023488K), 0.0421370 secs] [Times: user=0.13 sys=0.00, real=0.04 secs] 
4209.450: [Full GC [PSYoungGen: 16667K->0K(324416K)] [PSOldGen: 695536K->465667K(699072K)] 712204K->465667K(1023488K) [PSPermGen: 91649K->91649K(262144K)], 2.4424190 secs] [Times: user=2.44 sys=0.00, real=2.45 secs] 
4212.224: [GC [PSYoungGen: 299520K->19984K(324608K)] 765187K->485651K(1023680K), 0.0525040 secs] [Times: user=0.12 sys=0.01, real=0.05 secs] 
4212.736: [GC [PSYoungGen: 320336K->16633K(324928K)] 786003K->490771K(1024000K), 0.0795300 secs] [Times: user=0.14 sys=0.00, real=0.08 secs] 
4213.245: [GC [PSYoungGen: 316985K->17637K(326080K)] 791123K->499557K(1025152K), 0.0526260 secs] [Times: user=0.14 sys=0.00, real=0.05 secs] 
4213.748: [GC [PSYoungGen: 319717K->16256K(325504K)] 801637K->507239K(1024576K), 0.0762380 secs] [Times: user=0.15 sys=0.00, real=0.08 secs] 
4214.192: [GC [PSYoungGen: 318336K->19297K(326208K)] 809319K->517548K(1025280K), 0.0539500 secs] [Times: user=0.14 sys=0.00, real=0.06 secs] 
4214.597: [GC [PSYoungGen: 322465K->14689K(326336K)] 820716K->519172K(1025408K), 0.0671690 secs] [Times: user=0.12 sys=0.00, real=0.07 secs] 
4215.055: [GC [PSYoungGen: 317857K->18618K(326464K)] 822340K->526454K(1025536K), 0.0759880 secs] [Times: user=0.12 sys=0.01, real=0.07 secs] 
4215.461: [GC [PSYoungGen: 321978K->17293K(326400K)] 829814K->533361K(1025472K), 0.0575670 secs] [Times: user=0.14 sys=0.00, real=0.06 secs] 
4215.835: [GC [PSYoungGen: 320653K->15198K(327168K)] 836721K->538550K(1026240K), 0.0531260 secs] [Times: user=0.13 sys=0.00, real=0.05 secs] 
4216.260: [GC [PSYoungGen: 319902K->19679K(324416K)] 843254K->549278K(1023488K), 0.0490070 secs] [Times: user=0.13 sys=0.00, real=0.05 secs] 
4216.631: [GC [PSYoungGen: 324383K->16543K(327104K)] 853982K->554224K(1026176K), 0.0421380 secs] [Times: user=0.14 sys=0.00, real=0.05 secs] 
4217.092: [GC [PSYoungGen: 320856K->19595K(326720K)] 858538K->562693K(1025792K), 0.0545140 secs] [Times: user=0.15 sys=0.00, real=0.06 secs] 
4217.493: [GC [PSYoungGen: 323915K->14486K(326784K)] 867013K->562598K(1025856K), 0.0739740 secs] [Times: user=0.12 sys=0.01, real=0.07 secs] 
4217.914: [GC [PSYoungGen: 318550K->17783K(326784K)] 866662K->571478K(1025856K), 0.0556800 secs] [Times: user=0.13 sys=0.00, real=0.05 secs] 
4218.339: [GC [PSYoungGen: 321847K->18326K(327232K)] 875542K->580723K(1026304K), 0.0556550 secs] [Times: user=0.15 sys=0.00, real=0.06 secs] 
4218.744: [GC [PSYoungGen: 323158K->15956K(327104K)] 885555K->586274K(1026176K), 0.0584720 secs] [Times: user=0.13 sys=0.01, real=0.06 secs] 
4219.165: [GC [PSYoungGen: 320788K->17944K(327680K)] 891106K->594467K(1026752K), 0.0420330 secs] [Times: user=0.13 sys=0.00, real=0.04 secs] 
4219.523: [GC [PSYoungGen: 323608K->17717K(327488K)] 900131K->599585K(1026560K), 0.0507110 secs] [Times: user=0.14 sys=0.00, real=0.05 secs] 
4219.937: [GC [PSYoungGen: 323381K->15198K(328064K)] 905249K->603953K(1027136K), 0.0390580 secs] [Times: user=0.13 sys=0.00, real=0.04 secs] 
4220.383: [GC [PSYoungGen: 321758K->19243K(325824K)] 910513K->612731K(1024896K), 0.0734240 secs] [Times: user=0.13 sys=0.00, real=0.07 secs] 
4220.835: [GC [PSYoungGen: 325803K->15997K(327936K)] 919291K->617609K(1027008K), 0.0628550 secs] [Times: user=0.14 sys=0.00, real=0.06 secs] 
4221.271: [GC [PSYoungGen: 322109K->15706K(327680K)] 923721K->624949K(1026752K), 0.0683380 secs] [Times: user=0.13 sys=0.00, real=0.07 secs] 
4221.679: [GC [PSYoungGen: 321818K->15111K(328192K)] 931061K->630451K(1027264K), 0.0711530 secs] [Times: user=0.14 sys=0.00, real=0.07 secs] 
4222.120: [GC [PSYoungGen: 321863K->20321K(327104K)] 937203K->642270K(1026176K), 0.0775980 secs] [Times: user=0.15 sys=0.00, real=0.08 secs] 
4222.617: [GC [PSYoungGen: 327073K->17502K(327744K)] 949022K->649535K(1026816K), 0.0954400 secs] [Times: user=0.14 sys=0.00, real=0.09 secs] 
4223.115: [GC [PSYoungGen: 323102K->19163K(327360K)] 955135K->654716K(1026432K), 0.0822880 secs] [Times: user=0.15 sys=0.00, real=0.08 secs] 
4223.547: [GC [PSYoungGen: 324763K->19501K(326848K)] 960316K->663073K(1025920K), 0.0599480 secs] [Times: user=0.14 sys=0.00, real=0.06 secs] 
4223.986: [GC [PSYoungGen: 324333K->17076K(327168K)] 967905K->667277K(1026240K), 0.0411860 secs] [Times: user=0.14 sys=0.00, real=0.04 secs] 
4224.367: [GC [PSYoungGen: 321908K->16856K(327872K)] 972109K->670783K(1026944K), 0.0660370 secs] [Times: user=0.12 sys=0.01, real=0.07 secs] 
4224.819: [GC [PSYoungGen: 322776K->18019K(327552K)] 976703K->680639K(1026624K), 0.0695770 secs] [Times: user=0.16 sys=0.00, real=0.07 secs] 
4225.194: [GC [PSYoungGen: 323939K->20836K(326400K)] 986559K->689707K(1025472K), 0.0569630 secs] [Times: user=0.16 sys=0.00, real=0.05 secs] 
4225.600: [GC [PSYoungGen: 325796K->16804K(327232K)] 994667K->694251K(1026304K), 0.0790560 secs] [Times: user=0.19 sys=0.00, real=0.08 secs] 
4226.051: [GC [PSYoungGen: 321764K->18880K(327488K)] 999211K->701397K(1026560K), 0.0603220 secs] [Times: user=0.16 sys=0.01, real=0.06 secs] 
4226.459: [GC [PSYoungGen: 324352K->17004K(327488K)] 1006869K->704061K(1026560K), 0.0484540 secs] [Times: user=0.13 sys=0.00, real=0.05 secs] 
4226.873: [GC [PSYoungGen: 322476K->18629K(327872K)] 1009533K->710826K(1026944K), 0.0639260 secs] [Times: user=0.14 sys=0.00, real=0.06 secs] 
4226.937: [Full GC [PSYoungGen: 18629K->0K(327872K)] [PSOldGen: 692196K->433473K(699072K)] 710826K->433473K(1026944K) [PSPermGen: 91666K->91606K(262144K)], 2.7978830 secs] [Times: user=2.80 sys=0.00, real=2.80 secs] 
4230.066: [GC [PSYoungGen: 306112K->21620K(327744K)] 739585K->455420K(1026816K), 0.0660140 secs] [Times: user=0.12 sys=0.00, real=0.06 secs] 
4230.534: [GC [PSYoungGen: 327732K->18532K(326464K)] 761532K->463424K(1025536K), 0.0985020 secs] [Times: user=0.17 sys=0.00, real=0.10 secs] 
4230.978: [GC [PSYoungGen: 323236K->18192K(327104K)] 768128K->468449K(1026176K), 0.0777430 secs] [Times: user=0.13 sys=0.01, real=0.08 secs] 
4231.431: [GC [PSYoungGen: 322896K->15570K(327232K)] 773153K->470222K(1026304K), 0.0513590 secs] [Times: user=0.12 sys=0.00, real=0.05 secs] 
4231.862: [GC [PSYoungGen: 320786K->17663K(327360K)] 775438K->476505K(1026432K), 0.0603820 secs] [Times: user=0.15 sys=0.00, real=0.06 secs] 
4232.242: [GC [PSYoungGen: 322879K->17132K(327936K)] 781721K->484421K(1027008K), 0.0970700 secs] [Times: user=0.16 sys=0.02, real=0.10 secs] 
4232.674: [GC [PSYoungGen: 323308K->18082K(327744K)] 790597K->490594K(1026816K), 0.0572740 secs] [Times: user=0.15 sys=0.00, real=0.05 secs] 
4234.059: [GC [PSYoungGen: 324258K->17033K(328448K)] 796770K->494851K(1027520K), 0.0485690 secs] [Times: user=0.13 sys=0.00, real=0.05 secs] 
4234.485: [GC [PSYoungGen: 324233K->17199K(328256K)] 802051K->502751K(1027328K), 0.0540190 secs] [Times: user=0.14 sys=0.00, real=0.05 secs] 
4234.929: [GC [PSYoungGen: 324399K->20515K(327232K)] 809951K->510002K(1026304K), 0.0489400 secs] [Times: user=0.14 sys=0.00, real=0.05 secs] 
4235.352: [GC [PSYoungGen: 326883K->16476K(327936K)] 816370K->511855K(1027008K), 0.0508620 secs] [Times: user=0.14 sys=0.01, real=0.05 secs] 
4235.726: [GC [PSYoungGen: 322844K->14877K(327744K)] 818223K->519264K(1026816K), 0.0502860 secs] [Times: user=0.15 sys=0.00, real=0.05 secs] 
4236.115: [GC [PSYoungGen: 321117K->20031K(326272K)] 825504K->529754K(1025344K), 0.0571300 secs] [Times: user=0.14 sys=0.00, real=0.06 secs] 
4236.568: [GC [PSYoungGen: 326271K->14315K(326976K)] 835994K->531802K(1026048K), 0.0501980 secs] [Times: user=0.14 sys=0.01, real=0.05 secs] 
4236.925: [GC [PSYoungGen: 319147K->19435K(324288K)] 836634K->540620K(1023360K), 0.0479130 secs] [Times: user=0.13 sys=0.00, real=0.05 secs] 
4237.342: [GC [PSYoungGen: 324267K->19840K(326400K)] 845452K->550833K(1025472K), 0.0628650 secs] [Times: user=0.16 sys=0.00, real=0.07 secs] 
4237.782: [GC [PSYoungGen: 323648K->18927K(326656K)] 854641K->558158K(1025728K), 0.0628460 secs] [Times: user=0.15 sys=0.00, real=0.06 secs] 
4238.250: [GC [PSYoungGen: 322735K->19327K(326720K)] 861966K->563828K(1025792K), 0.0455610 secs] [Times: user=0.14 sys=0.00, real=0.05 secs] 
4238.725: [GC [PSYoungGen: 323263K->16900K(326720K)] 867764K->566683K(1025792K), 0.0619700 secs] [Times: user=0.14 sys=0.00, real=0.06 secs] 
4239.132: [GC [PSYoungGen: 320836K->19119K(327040K)] 870619K->576364K(1026112K), 0.0678760 secs] [Times: user=0.15 sys=0.00, real=0.07 secs] 
4239.640: [GC [PSYoungGen: 323631K->17171K(326976K)] 880876K->583270K(1026048K), 0.0696720 secs] [Times: user=0.15 sys=0.01, real=0.07 secs] 
4240.097: [GC [PSYoungGen: 321683K->19067K(327296K)] 887782K->591667K(1026368K), 0.0759340 secs] [Times: user=0.15 sys=0.00, real=0.07 secs] 
4240.489: [GC [PSYoungGen: 324155K->21240K(326336K)] 896755K->600431K(1025408K), 0.0760220 secs] [Times: user=0.16 sys=0.01, real=0.07 secs] 
4240.937: [GC [PSYoungGen: 326328K->17306K(326848K)] 905519K->602044K(1025920K), 0.0536280 secs] [Times: user=0.15 sys=0.00, real=0.05 secs] 
4241.412: [GC [PSYoungGen: 321242K->13379K(317376K)] 905980K->606084K(1016448K), 0.0823760 secs] [Times: user=0.12 sys=0.00, real=0.08 secs] 
4241.813: [GC [PSYoungGen: 317315K->19695K(326144K)] 910020K->617446K(1025216K), 0.0488220 secs] [Times: user=0.14 sys=0.00, real=0.05 secs] 
4242.285: [GC [PSYoungGen: 322732K->18243K(326272K)] 920483K->625422K(1025344K), 0.0610120 secs] [Times: user=0.17 sys=0.00, real=0.07 secs] 
4242.778: [GC [PSYoungGen: 321280K->17788K(327104K)] 928459K->633466K(1026176K), 0.0702020 secs] [Times: user=0.16 sys=0.00, real=0.07 secs] 
4243.216: [GC [PSYoungGen: 322044K->14448K(326656K)] 937722K->634627K(1025728K), 0.0442490 secs] [Times: user=0.13 sys=0.00, real=0.05 secs] 
4243.656: [GC [PSYoungGen: 318704K->16981K(327296K)] 938883K->642437K(1026368K), 0.0975470 secs] [Times: user=0.21 sys=0.00, real=0.10 secs] 
4244.231: [GC [PSYoungGen: 321685K->19640K(326912K)] 947141K->655396K(1025984K), 0.0982290 secs] [Times: user=0.16 sys=0.00, real=0.10 secs] 
4244.612: [GC [PSYoungGen: 324344K->16740K(327296K)] 960100K->661615K(1026368K), 0.0545880 secs] [Times: user=0.15 sys=0.00, real=0.06 secs] 
4245.022: [GC [PSYoungGen: 321572K->14229K(327040K)] 966447K->664015K(1026112K), 0.0754590 secs] [Times: user=0.12 sys=0.00, real=0.08 secs] 
4245.401: [GC [PSYoungGen: 319061K->14356K(327168K)] 968847K->671201K(1026240K), 0.0782690 secs] [Times: user=0.14 sys=0.00, real=0.08 secs] 
4245.847: [GC [PSYoungGen: 319188K->16240K(327168K)] 976033K->679097K(1026240K), 0.0407380 secs] [Times: user=0.14 sys=0.00, real=0.04 secs] 
4246.232: [GC [PSYoungGen: 321072K->17400K(327872K)] 983929K->688142K(1026944K), 0.0643060 secs] [Times: user=0.18 sys=0.00, real=0.07 secs] 
4246.592: [GC [PSYoungGen: 323320K->16372K(327552K)] 994062K->696309K(1026624K), 0.0708130 secs] [Times: user=0.16 sys=0.00, real=0.07 secs] 
4246.996: [GC [PSYoungGen: 322292K->16471K(328576K)] 1002229K->702034K(1027648K), 0.0588430 secs] [Times: user=0.14 sys=0.00, real=0.06 secs] 
4247.421: [GC [PSYoungGen: 323799K->16117K(328256K)] 1009362K->709144K(1027328K), 0.0697540 secs] [Times: user=0.17 sys=0.01, real=0.07 secs] 
4247.491: [Full GC [PSYoungGen: 16117K->0K(328256K)] [PSOldGen: 693026K->477428K(699072K)] 709144K->477428K(1027328K) [PSPermGen: 91617K->91617K(262144K)], 2.5467190 secs] [Times: user=2.54 sys=0.00, real=2.55 secs] 
4250.319: [GC [PSYoungGen: 307328K->20665K(325248K)] 784756K->500154K(1024320K), 0.0582070 secs] [Times: user=0.15 sys=0.00, real=0.06 secs] 
4250.726: [GC [PSYoungGen: 325241K->19919K(324544K)] 804730K->507852K(1023616K), 0.0846530 secs] [Times: user=0.15 sys=0.00, real=0.09 secs] 
4251.181: [GC [PSYoungGen: 324495K->21001K(325184K)] 812428K->517368K(1024256K), 0.1070920 secs] [Times: user=0.16 sys=0.00, real=0.11 secs] 
4251.617: [GC [PSYoungGen: 323273K->19828K(322112K)] 819640K->525472K(1021184K), 0.0634410 secs] [Times: user=0.16 sys=0.00, real=0.06 secs] 
4252.053: [GC [PSYoungGen: 322076K->17121K(326144K)] 827720K->527964K(1025216K), 0.0731930 secs] [Times: user=0.15 sys=0.00, real=0.07 secs] 
4252.457: [GC [PSYoungGen: 319521K->21118K(323520K)] 830364K->536824K(1022592K), 0.0658850 secs] [Times: user=0.15 sys=0.00, real=0.06 secs] 
4252.887: [GC [PSYoungGen: 323518K->14760K(325440K)] 839224K->538642K(1024512K), 0.0505050 secs] [Times: user=0.14 sys=0.00, real=0.05 secs] 
4253.389: [GC [PSYoungGen: 316264K->14961K(325504K)] 840146K->543632K(1024576K), 0.0724370 secs] [Times: user=0.16 sys=0.00, real=0.07 secs] 
4253.770: [GC [PSYoungGen: 316465K->18576K(325888K)] 845136K->553621K(1024960K), 0.0638010 secs] [Times: user=0.15 sys=0.00, real=0.06 secs] 
4254.184: [GC [PSYoungGen: 320528K->17281K(325568K)] 855573K->560582K(1024640K), 0.0681890 secs] [Times: user=0.17 sys=0.00, real=0.07 secs] 
4254.709: [GC [PSYoungGen: 319233K->17855K(326848K)] 862534K->568460K(1025920K), 0.0792240 secs] [Times: user=0.16 sys=0.00, real=0.08 secs] 
4255.152: [GC [PSYoungGen: 321535K->14234K(326336K)] 872140K->571693K(1025408K), 0.0777810 secs] [Times: user=0.14 sys=0.01, real=0.08 secs] 
4255.599: [GC [PSYoungGen: 317914K->15074K(326848K)] 875373K->576920K(1025920K), 0.0820390 secs] [Times: user=0.14 sys=0.01, real=0.08 secs] 
4256.029: [GC [PSYoungGen: 319138K->16542K(326720K)] 880984K->585666K(1025792K), 0.0534540 secs] [Times: user=0.15 sys=0.00, real=0.05 secs] 
4256.392: [GC [PSYoungGen: 320606K->16446K(327680K)] 889730K->592908K(1026752K), 0.0529390 secs] [Times: user=0.14 sys=0.00, real=0.05 secs] 
4256.832: [GC [PSYoungGen: 321918K->18740K(327296K)] 898380K->601100K(1026368K), 0.0532800 secs] [Times: user=0.14 sys=0.00, real=0.05 secs] 
4257.230: [GC [PSYoungGen: 324212K->15967K(327808K)] 906572K->607604K(1026880K), 0.0607490 secs] [Times: user=0.15 sys=0.00, real=0.06 secs] 
4257.674: [GC [PSYoungGen: 321823K->17421K(327552K)] 913460K->613528K(1026624K), 0.0388200 secs] [Times: user=0.14 sys=0.00, real=0.04 secs] 
4258.256: [GC [PSYoungGen: 323277K->14111K(328000K)] 919384K->616679K(1027072K), 0.0458520 secs] [Times: user=0.14 sys=0.00, real=0.05 secs] 
4258.651: [GC [PSYoungGen: 320735K->18877K(325504K)] 923303K->627291K(1024576K), 0.0607080 secs] [Times: user=0.16 sys=0.00, real=0.06 secs] 
4259.082: [GC [PSYoungGen: 325501K->21197K(325568K)] 933915K->636551K(1024640K), 0.0621660 secs] [Times: user=0.15 sys=0.00, real=0.06 secs] 
4259.641: [GC [PSYoungGen: 325005K->18108K(326656K)] 940359K->643481K(1025728K), 0.0814160 secs] [Times: user=0.17 sys=0.00, real=0.08 secs] 
4260.083: [GC [PSYoungGen: 321916K->19368K(326592K)] 947289K->652856K(1025664K), 0.0831420 secs] [Times: user=0.15 sys=0.00, real=0.08 secs] 
4260.469: [GC [PSYoungGen: 323432K->18452K(326784K)] 956920K->658957K(1025856K), 0.0733080 secs] [Times: user=0.17 sys=0.00, real=0.08 secs] 
4260.919: [GC [PSYoungGen: 322516K->19424K(326720K)] 963021K->667263K(1025792K), 0.0797930 secs] [Times: user=0.18 sys=0.01, real=0.08 secs] 
4261.326: [GC [PSYoungGen: 323616K->18152K(326848K)] 971455K->674606K(1025920K), 0.0667140 secs] [Times: user=0.16 sys=0.00, real=0.07 secs] 
4261.703: [GC [PSYoungGen: 322344K->15003K(327104K)] 978798K->678063K(1026176K), 0.0502890 secs] [Times: user=0.13 sys=0.00, real=0.05 secs] 
4262.183: [GC [PSYoungGen: 319835K->18167K(327168K)] 982895K->689679K(1026240K), 0.0679840 secs] [Times: user=0.19 sys=0.00, real=0.07 secs] 
4262.568: [GC [PSYoungGen: 322999K->16822K(327744K)] 994511K->695246K(1026816K), 0.0437190 secs] [Times: user=0.16 sys=0.00, real=0.05 secs] 
4263.026: [GC [PSYoungGen: 322486K->16947K(327424K)] 1000910K->699649K(1026496K), 0.0516930 secs] [Times: user=0.14 sys=0.00, real=0.05 secs] 
4263.398: [GC [PSYoungGen: 322611K->15204K(328000K)] 1005313K->705282K(1027072K), 0.0533140 secs] [Times: user=0.15 sys=0.00, real=0.06 secs] 
4263.452: [Full GC [PSYoungGen: 15204K->0K(328000K)] [PSOldGen: 690078K->483725K(699072K)] 705282K->483725K(1027072K) [PSPermGen: 91632K->91632K(262144K)], 2.4776040 secs] [Times: user=2.47 sys=0.00, real=2.48 secs] 
4266.331: [GC [PSYoungGen: 306496K->19920K(326464K)] 790221K->503645K(1025536K), 0.0621290 secs] [Times: user=0.13 sys=0.00, real=0.06 secs] 
4266.800: [GC [PSYoungGen: 326416K->21995K(320192K)] 810141K->512227K(1019264K), 0.0787240 secs] [Times: user=0.16 sys=0.00, real=0.08 secs] 
4267.165: [GC [PSYoungGen: 320157K->20313K(323840K)] 810389K->519317K(1022912K), 0.0786810 secs] [Times: user=0.19 sys=0.00, real=0.08 secs] 
4267.603: [GC [PSYoungGen: 318489K->17769K(324416K)] 817493K->522126K(1023488K), 0.0612570 secs] [Times: user=0.16 sys=0.00, real=0.06 secs] 
4268.028: [GC [PSYoungGen: 316649K->15635K(323968K)] 821006K->525707K(1023040K), 0.0613110 secs] [Times: user=0.18 sys=0.00, real=0.06 secs] 
4268.492: [GC [PSYoungGen: 314515K->17872K(325120K)] 824587K->535237K(1024192K), 0.0672780 secs] [Times: user=0.16 sys=0.01, real=0.06 secs] 
4268.886: [GC [PSYoungGen: 318032K->16080K(324544K)] 835397K->541611K(1023616K), 0.0584530 secs] [Times: user=0.15 sys=0.01, real=0.06 secs] 
4269.340: [GC [PSYoungGen: 316240K->18466K(325824K)] 841771K->550798K(1024896K), 0.0783840 secs] [Times: user=0.15 sys=0.00, real=0.07 secs] 
4269.772: [GC [PSYoungGen: 320098K->19678K(325312K)] 852430K->558175K(1024384K), 0.0620310 secs] [Times: user=0.16 sys=0.00, real=0.06 secs] 
4270.188: [GC [PSYoungGen: 321310K->19227K(326016K)] 859807K->564385K(1025088K), 0.0646500 secs] [Times: user=0.16 sys=0.01, real=0.07 secs] 
4270.696: [GC [PSYoungGen: 321499K->17628K(325760K)] 866657K->570691K(1024832K), 0.0790870 secs] [Times: user=0.17 sys=0.01, real=0.08 secs] 
4271.142: [GC [PSYoungGen: 319900K->15489K(326336K)] 872963K->575413K(1025408K), 0.0598210 secs] [Times: user=0.15 sys=0.00, real=0.06 secs] 
4271.517: [GC [PSYoungGen: 318657K->19157K(326336K)] 878581K->583184K(1025408K), 0.0726680 secs] [Times: user=0.16 sys=0.00, real=0.08 secs] 
4271.903: [GC [PSYoungGen: 322325K->16849K(326720K)] 886352K->590154K(1025792K), 0.0550110 secs] [Times: user=0.16 sys=0.00, real=0.05 secs] 
4272.349: [GC [PSYoungGen: 320529K->15289K(326464K)] 893834K->595712K(1025536K), 0.0767970 secs] [Times: user=0.15 sys=0.00, real=0.08 secs] 
4272.785: [GC [PSYoungGen: 318969K->18032K(327104K)] 899392K->603768K(1026176K), 0.0475360 secs] [Times: user=0.16 sys=0.00, real=0.05 secs] 
4273.242: [GC [PSYoungGen: 322352K->19268K(326720K)] 908088K->611006K(1025792K), 0.0822220 secs] [Times: user=0.15 sys=0.01, real=0.08 secs] 
4273.665: [GC [PSYoungGen: 323588K->15181K(327040K)] 915326K->614515K(1026112K), 0.0542460 secs] [Times: user=0.16 sys=0.00, real=0.05 secs] 
4274.151: [GC [PSYoungGen: 319757K->16682K(327040K)] 919091K->622879K(1026112K), 0.0762610 secs] [Times: user=0.15 sys=0.00, real=0.07 secs] 
4274.656: [GC [PSYoungGen: 321258K->13564K(326912K)] 927455K->626353K(1025984K), 0.0833830 secs] [Times: user=0.15 sys=0.00, real=0.08 secs] 
4275.013: [GC [PSYoungGen: 318268K->20386K(325120K)] 931057K->637760K(1024192K), 0.0697040 secs] [Times: user=0.16 sys=0.00, real=0.07 secs] 
4275.414: [GC [PSYoungGen: 325090K->18893K(326464K)] 942464K->644749K(1025536K), 0.0681740 secs] [Times: user=0.19 sys=0.00, real=0.07 secs] 
4275.862: [GC [PSYoungGen: 322247K->13525K(316928K)] 948104K->647140K(1016000K), 0.0621390 secs] [Times: user=0.14 sys=0.00, real=0.06 secs] 
4276.328: [GC [PSYoungGen: 316875K->16542K(326784K)] 950490K->655164K(1025856K), 0.0813810 secs] [Times: user=0.15 sys=0.00, real=0.08 secs] 
4276.767: [GC [PSYoungGen: 320158K->17140K(326336K)] 958780K->664692K(1025408K), 0.0590590 secs] [Times: user=0.17 sys=0.00, real=0.06 secs] 
4277.141: [GC [PSYoungGen: 320756K->15530K(327552K)] 968308K->670535K(1026624K), 0.0708600 secs] [Times: user=0.16 sys=0.01, real=0.08 secs] 
4277.578: [GC [PSYoungGen: 320938K->20012K(325440K)] 975943K->679647K(1024512K), 0.0693160 secs] [Times: user=0.16 sys=0.01, real=0.07 secs] 
4277.936: [GC [PSYoungGen: 325420K->15577K(327168K)] 985055K->683008K(1026240K), 0.0541970 secs] [Times: user=0.15 sys=0.00, real=0.05 secs] 
4278.384: [GC [PSYoungGen: 320153K->14242K(326912K)] 987584K->690605K(1025984K), 0.0788620 secs] [Times: user=0.17 sys=0.00, real=0.08 secs] 
4278.823: [GC [PSYoungGen: 318818K->18610K(326976K)] 995181K->700074K(1026048K), 0.0757920 secs] [Times: user=0.17 sys=0.00, real=0.07 secs] 
4279.288: [GC [PSYoungGen: 323314K->21046K(325760K)] 1004778K->709881K(1024832K), 0.0998600 secs] [Times: user=0.19 sys=0.00, real=0.10 secs] 
4279.388: [Full GC [PSYoungGen: 21046K->0K(325760K)] [PSOldGen: 688834K->484920K(699072K)] 709881K->484920K(1024832K) [PSPermGen: 91649K->91649K(262144K)], 2.5479540 secs] [Times: user=2.55 sys=0.00, real=2.55 secs] 
4282.221: [GC [PSYoungGen: 304704K->21256K(324480K)] 789624K->506177K(1023552K), 0.0500230 secs] [Times: user=0.15 sys=0.00, real=0.05 secs] 
4282.613: [GC [PSYoungGen: 322376K->16830K(325312K)] 807297K->513542K(1024384K), 0.0646100 secs] [Times: user=0.17 sys=0.00, real=0.06 secs] 
4283.024: [GC [PSYoungGen: 317950K->14958K(325888K)] 814662K->518466K(1024960K), 0.0403880 secs] [Times: user=0.14 sys=0.00, real=0.04 secs] 
4283.487: [GC [PSYoungGen: 317102K->18140K(325760K)] 820610K->527866K(1024832K), 0.0620620 secs] [Times: user=0.16 sys=0.00, real=0.06 secs] 
4283.935: [GC [PSYoungGen: 320284K->14169K(326272K)] 830010K->531442K(1025344K), 0.0620970 secs] [Times: user=0.17 sys=0.00, real=0.06 secs] 
4284.364: [GC [PSYoungGen: 317209K->18550K(326272K)] 834482K->541127K(1025344K), 0.0919980 secs] [Times: user=0.14 sys=0.02, real=0.09 secs] 
4284.955: [GC [PSYoungGen: 321590K->15769K(326656K)] 844167K->545525K(1025728K), 0.0742610 secs] [Times: user=0.18 sys=0.00, real=0.07 secs] 
4285.342: [GC [PSYoungGen: 319241K->18389K(326336K)] 848996K->557280K(1025408K), 0.0776470 secs] [Times: user=0.18 sys=0.00, real=0.08 secs] 
4285.714: [GC [PSYoungGen: 321877K->20820K(325248K)] 860768K->568145K(1024320K), 0.0644960 secs] [Times: user=0.17 sys=0.00, real=0.06 secs] 
4286.126: [GC [PSYoungGen: 323348K->18764K(326016K)] 870673K->574114K(1025088K), 0.0822510 secs] [Times: user=0.18 sys=0.01, real=0.08 secs] 
4286.524: [GC [PSYoungGen: 321292K->18231K(326528K)] 876642K->579841K(1025600K), 0.0840700 secs] [Times: user=0.20 sys=0.00, real=0.08 secs] 
4286.930: [GC [PSYoungGen: 321399K->20078K(326144K)] 883009K->586521K(1025216K), 0.0665640 secs] [Times: user=0.17 sys=0.00, real=0.07 secs] 
4287.365: [GC [PSYoungGen: 323246K->17593K(326656K)] 889689K->591685K(1025728K), 0.0698570 secs] [Times: user=0.18 sys=0.00, real=0.07 secs] 
4287.806: [GC [PSYoungGen: 320953K->16981K(326208K)] 895045K->594071K(1025280K), 0.0785780 secs] [Times: user=0.15 sys=0.00, real=0.08 secs] 
4288.199: [GC [PSYoungGen: 320341K->16443K(327168K)] 897431K->602338K(1026240K), 0.0720460 secs] [Times: user=0.18 sys=0.00, real=0.07 secs] 
4288.596: [GC [PSYoungGen: 321083K->18264K(326976K)] 906978K->610666K(1026048K), 0.0617170 secs] [Times: user=0.16 sys=0.01, real=0.06 secs] 
4288.964: [GC [PSYoungGen: 322904K->17954K(327808K)] 915306K->616909K(1026880K), 0.0824220 secs] [Times: user=0.19 sys=0.00, real=0.08 secs] 
4289.404: [GC [PSYoungGen: 323682K->17503K(327424K)] 922637K->623481K(1026496K), 0.0552400 secs] [Times: user=0.16 sys=0.00, real=0.05 secs] 
4289.865: [GC [PSYoungGen: 323231K->16156K(328256K)] 929209K->627168K(1027328K), 0.0858990 secs] [Times: user=0.14 sys=0.01, real=0.08 secs] 
4290.363: [GC [PSYoungGen: 323036K->19814K(326720K)] 934048K->638509K(1025792K), 0.0681580 secs] [Times: user=0.18 sys=0.01, real=0.07 secs] 
4290.901: [GC [PSYoungGen: 326694K->16826K(328000K)] 945389K->642421K(1027072K), 0.0767760 secs] [Times: user=0.17 sys=0.00, real=0.08 secs] 
4291.379: [GC [PSYoungGen: 323130K->19921K(326272K)] 948725K->651527K(1025344K), 0.0945960 secs] [Times: user=0.16 sys=0.01, real=0.10 secs] 
4291.766: [GC [PSYoungGen: 326225K->13670K(326912K)] 957831K->652637K(1025984K), 0.0543030 secs] [Times: user=0.15 sys=0.00, real=0.05 secs] 
4292.174: [GC [PSYoungGen: 318623K->15001K(327232K)] 957590K->659959K(1026304K), 0.0570620 secs] [Times: user=0.14 sys=0.00, real=0.05 secs] 
4292.563: [GC [PSYoungGen: 319961K->16513K(327616K)] 964919K->667747K(1026688K), 0.0707100 secs] [Times: user=0.16 sys=0.00, real=0.08 secs] 
4293.070: [GC [PSYoungGen: 321921K->16760K(327296K)] 973155K->673667K(1026368K), 0.0442730 secs] [Times: user=0.15 sys=0.01, real=0.05 secs] 
4293.527: [GC [PSYoungGen: 322168K->16244K(328320K)] 979075K->681022K(1027392K), 0.0659600 secs] [Times: user=0.17 sys=0.00, real=0.06 secs] 
4293.995: [GC [PSYoungGen: 323060K->15664K(328000K)] 987838K->687733K(1027072K), 0.0572550 secs] [Times: user=0.15 sys=0.00, real=0.05 secs] 
4294.383: [GC [PSYoungGen: 322480K->16799K(328832K)] 994549K->693806K(1027904K), 0.0550120 secs] [Times: user=0.14 sys=0.00, real=0.06 secs] 
4294.844: [GC [PSYoungGen: 324575K->15304K(328448K)] 1001582K->700525K(1027520K), 0.0578660 secs] [Times: user=0.16 sys=0.01, real=0.05 secs] 
4295.332: [GC [PSYoungGen: 323080K->20520K(318720K)] 1008301K->716855K(1017792K), 0.0700970 secs] [Times: user=0.18 sys=0.00, real=0.07 secs] 
4295.402: [Full GC [PSYoungGen: 20520K->0K(318720K)] [PSOldGen: 696334K->457688K(699072K)] 716855K->457688K(1017792K) [PSPermGen: 91657K->91606K(262144K)], 2.8682510 secs] [Times: user=2.88 sys=0.00, real=2.87 secs] 
4298.608: [GC [PSYoungGen: 298176K->23230K(321408K)] 755864K->480918K(1020480K), 0.0742190 secs] [Times: user=0.14 sys=0.00, real=0.07 secs] 
4299.084: [GC [PSYoungGen: 321406K->26746K(318144K)] 779094K->484807K(1017216K), 0.0610440 secs] [Times: user=0.16 sys=0.00, real=0.06 secs] 
4299.450: [GC [PSYoungGen: 318138K->15496K(320448K)] 776199K->485478K(1019520K), 0.0648320 secs] [Times: user=0.17 sys=0.00, real=0.07 secs] 
4299.841: [GC [PSYoungGen: 306888K->18077K(321472K)] 776870K->488059K(1020544K), 0.0755530 secs] [Times: user=0.13 sys=0.00, real=0.08 secs] 
4300.187: [GC [PSYoungGen: 310749K->21079K(320704K)] 780731K->493586K(1019776K), 0.0836620 secs] [Times: user=0.15 sys=0.00, real=0.08 secs] 
4300.612: [GC [PSYoungGen: 313751K->19188K(322432K)] 786258K->496218K(1021504K), 0.0471240 secs] [Times: user=0.16 sys=0.00, real=0.05 secs] 
4301.042: [GC [PSYoungGen: 313716K->13154K(321600K)] 790746K->497256K(1020672K), 0.0553080 secs] [Times: user=0.15 sys=0.00, real=0.06 secs] 
4301.427: [GC [PSYoungGen: 307682K->13774K(322240K)] 791784K->502822K(1021312K), 0.1504570 secs] [Times: user=0.13 sys=0.00, real=0.15 secs] 
4301.944: [GC [PSYoungGen: 308683K->18193K(322176K)] 797731K->512474K(1021248K), 0.0741480 secs] [Times: user=0.16 sys=0.00, real=0.08 secs] 
4302.372: [GC [PSYoungGen: 313105K->15188K(323456K)] 807386K->518153K(1022528K), 0.0522260 secs] [Times: user=0.15 sys=0.00, real=0.05 secs] 
4302.716: [GC [PSYoungGen: 312276K->18625K(323136K)] 815241K->529147K(1022208K), 0.0570280 secs] [Times: user=0.16 sys=0.00, real=0.05 secs] 
4303.182: [GC [PSYoungGen: 315713K->21170K(323072K)] 826235K->539906K(1022144K), 0.0735410 secs] [Times: user=0.18 sys=0.01, real=0.08 secs] 
4303.736: [GC [PSYoungGen: 318706K->14577K(323520K)] 837442K->540238K(1022592K), 0.0620780 secs] [Times: user=0.14 sys=0.01, real=0.06 secs] 
4304.132: [GC [PSYoungGen: 312113K->17247K(324352K)] 837774K->546375K(1023424K), 0.0631650 secs] [Times: user=0.16 sys=0.00, real=0.07 secs] 
4304.571: [GC [PSYoungGen: 315743K->18711K(323648K)] 844871K->554763K(1022720K), 0.0624760 secs] [Times: user=0.18 sys=0.00, real=0.06 secs] 
4305.024: [GC [PSYoungGen: 317207K->16915K(325248K)] 853259K->558728K(1024320K), 0.0545140 secs] [Times: user=0.16 sys=0.00, real=0.06 secs] 
4305.517: [GC [PSYoungGen: 317395K->18642K(324736K)] 859208K->566166K(1023808K), 0.0740940 secs] [Times: user=0.19 sys=0.00, real=0.07 secs] 
4305.936: [GC [PSYoungGen: 319122K->17630K(326144K)] 866646K->571581K(1025216K), 0.0910190 secs] [Times: user=0.16 sys=0.00, real=0.09 secs] 
4306.351: [GC [PSYoungGen: 319838K->16941K(325568K)] 873789K->577897K(1024640K), 0.0582230 secs] [Times: user=0.16 sys=0.01, real=0.06 secs] 
4306.785: [GC [PSYoungGen: 319149K->10450K(325120K)] 880105K->578767K(1024192K), 0.0736670 secs] [Times: user=0.13 sys=0.00, real=0.08 secs] 
4307.170: [GC [PSYoungGen: 312594K->18469K(325824K)] 880911K->590330K(1024896K), 0.0539500 secs] [Times: user=0.15 sys=0.00, real=0.05 secs] 
4307.645: [GC [PSYoungGen: 320613K->20529K(324672K)] 892474K->602854K(1023744K), 0.0698580 secs] [Times: user=0.18 sys=0.00, real=0.07 secs] 
4308.083: [GC [PSYoungGen: 321649K->16426K(325312K)] 903974K->604797K(1024384K), 0.0579120 secs] [Times: user=0.15 sys=0.00, real=0.06 secs] 
4308.518: [GC [PSYoungGen: 317546K->15671K(326144K)] 905917K->607486K(1025216K), 0.0570590 secs] [Times: user=0.16 sys=0.00, real=0.05 secs] 
4308.976: [GC [PSYoungGen: 318135K->17208K(325824K)] 909950K->614242K(1024896K), 0.0719550 secs] [Times: user=0.16 sys=0.01, real=0.07 secs] 
4309.325: [GC [PSYoungGen: 319671K->18336K(326912K)] 916705K->622877K(1025984K), 0.0970790 secs] [Times: user=0.16 sys=0.00, real=0.10 secs] 
4309.782: [GC [PSYoungGen: 322464K->20122K(324288K)] 927005K->631144K(1023360K), 0.1120370 secs] [Times: user=0.18 sys=0.01, real=0.11 secs] 
4310.255: [GC [PSYoungGen: 324250K->19879K(325760K)] 935272K->636967K(1024832K), 0.0870430 secs] [Times: user=0.16 sys=0.00, real=0.09 secs] 
4310.723: [GC [PSYoungGen: 322535K->18350K(326080K)] 939623K->642088K(1025152K), 0.0727740 secs] [Times: user=0.16 sys=0.01, real=0.07 secs] 
4311.241: [GC [PSYoungGen: 321006K->14740K(326464K)] 944744K->644918K(1025536K), 0.0843610 secs] [Times: user=0.17 sys=0.01, real=0.08 secs] 
4311.618: [GC [PSYoungGen: 318164K->22389K(325824K)] 948342K->655660K(1024896K), 0.0708050 secs] [Times: user=0.17 sys=0.00, real=0.07 secs] 
4312.061: [GC [PSYoungGen: 325813K->13341K(324160K)] 959084K->656756K(1023232K), 0.0666980 secs] [Times: user=0.16 sys=0.00, real=0.07 secs] 
4312.494: [GC [PSYoungGen: 313817K->20761K(321280K)] 957232K->670016K(1020352K), 0.0824950 secs] [Times: user=0.19 sys=0.00, real=0.09 secs] 
4312.868: [GC [PSYoungGen: 321241K->17763K(325184K)] 970496K->674698K(1024256K), 0.0627950 secs] [Times: user=0.18 sys=0.00, real=0.06 secs] 
4313.294: [GC [PSYoungGen: 317987K->15114K(324544K)] 974922K->676561K(1023616K), 0.0771140 secs] [Times: user=0.14 sys=0.00, real=0.08 secs] 
4313.671: [GC [PSYoungGen: 315338K->18199K(325824K)] 976785K->687045K(1024896K), 0.0725360 secs] [Times: user=0.16 sys=0.00, real=0.07 secs] 
4314.083: [GC [PSYoungGen: 319895K->15780K(325376K)] 988741K->692822K(1024448K), 0.0631360 secs] [Times: user=0.16 sys=0.00, real=0.06 secs] 
4314.577: [GC [PSYoungGen: 317476K->14961K(326272K)] 994518K->696412K(1025344K), 0.0612180 secs] [Times: user=0.17 sys=0.00, real=0.07 secs] 
4314.979: [GC [PSYoungGen: 317809K->18202K(326080K)] 999260K->706284K(1025152K), 0.0697980 secs] [Times: user=0.16 sys=0.00, real=0.07 secs] 
4315.400: [GC [PSYoungGen: 321050K->16294K(326848K)] 1009132K->714775K(1025920K), 0.0730370 secs] [Times: user=0.20 sys=0.00, real=0.07 secs] 
4315.473: [Full GC [PSYoungGen: 16294K->0K(326848K)] [PSOldGen: 698480K->493860K(699072K)] 714775K->493860K(1025920K) [PSPermGen: 91617K->91617K(262144K)], 2.6045550 secs] [Times: user=2.60 sys=0.00, real=2.61 secs] 
4318.421: [GC [PSYoungGen: 303808K->21193K(325056K)] 797668K->515054K(1024128K), 0.0643950 secs] [Times: user=0.15 sys=0.01, real=0.06 secs] 
4318.784: [GC [PSYoungGen: 325001K->23539K(322752K)] 818862K->517399K(1021824K), 0.0744090 secs] [Times: user=0.18 sys=0.00, real=0.08 secs] 
4319.271: [GC [PSYoungGen: 322739K->16121K(324352K)] 816599K->516971K(1023424K), 0.0673740 secs] [Times: user=0.16 sys=0.00, real=0.07 secs] 
4319.678: [GC [PSYoungGen: 315321K->19041K(324992K)] 816171K->521447K(1024064K), 0.0917830 secs] [Times: user=0.17 sys=0.00, real=0.10 secs] 
4320.094: [GC [PSYoungGen: 319201K->19735K(324672K)] 821607K->525495K(1023744K), 0.0775690 secs] [Times: user=0.17 sys=0.00, real=0.08 secs] 
4320.504: [GC [PSYoungGen: 319895K->15149K(325120K)] 825655K->527332K(1024192K), 0.0664200 secs] [Times: user=0.16 sys=0.01, real=0.07 secs] 
4320.882: [GC [PSYoungGen: 315757K->20906K(321536K)] 827940K->539235K(1020608K), 0.0710700 secs] [Times: user=0.18 sys=0.00, real=0.07 secs] 
4321.294: [GC [PSYoungGen: 321514K->19042K(324992K)] 839843K->547939K(1024064K), 0.0875120 secs] [Times: user=0.17 sys=0.02, real=0.09 secs] 
4321.855: [GC [PSYoungGen: 319202K->18063K(324672K)] 848099K->552783K(1023744K), 0.0764420 secs] [Times: user=0.20 sys=0.00, real=0.08 secs] 
4322.269: [GC [PSYoungGen: 318223K->16076K(325760K)] 852943K->555499K(1024832K), 0.0652450 secs] [Times: user=0.17 sys=0.00, real=0.06 secs] 
4322.735: [GC [PSYoungGen: 317900K->17241K(325568K)] 857323K->561329K(1024640K), 0.0649760 secs] [Times: user=0.14 sys=0.00, real=0.07 secs] 
4323.151: [GC [PSYoungGen: 319065K->17356K(326592K)] 863153K->568049K(1025664K), 0.0802410 secs] [Times: user=0.17 sys=0.00, real=0.08 secs] 
4323.512: [GC [PSYoungGen: 320652K->19512K(326208K)] 871345K->577763K(1025280K), 0.0743800 secs] [Times: user=0.20 sys=0.01, real=0.07 secs] 
4323.943: [GC [PSYoungGen: 322808K->19370K(326528K)] 881059K->585111K(1025600K), 0.0717450 secs] [Times: user=0.18 sys=0.01, real=0.07 secs] 
4324.427: [GC [PSYoungGen: 322922K->17041K(326528K)] 888663K->589984K(1025600K), 0.1057000 secs] [Times: user=0.17 sys=0.00, real=0.11 secs] 
4324.886: [GC [PSYoungGen: 320593K->19418K(326784K)] 893536K->595677K(1025856K), 0.0707520 secs] [Times: user=0.17 sys=0.01, real=0.07 secs] 
4325.309: [GC [PSYoungGen: 323482K->17321K(326784K)] 899741K->602203K(1025856K), 0.0717930 secs] [Times: user=0.19 sys=0.00, real=0.07 secs] 
4325.898: [GC [PSYoungGen: 321385K->16438K(327168K)] 906267K->606207K(1026240K), 0.1188470 secs] [Times: user=0.15 sys=0.00, real=0.11 secs] 
4326.407: [GC [PSYoungGen: 321142K->13553K(318272K)] 910911K->608588K(1017344K), 0.0974810 secs] [Times: user=0.17 sys=0.00, real=0.10 secs] 
4326.980: [GC [PSYoungGen: 318257K->16483K(327232K)] 913292K->616333K(1026304K), 0.0922920 secs] [Times: user=0.21 sys=0.00, real=0.09 secs] 
4327.398: [GC [PSYoungGen: 321059K->18893K(326848K)] 920909K->625788K(1025920K), 0.0796030 secs] [Times: user=0.17 sys=0.00, real=0.08 secs] 
4327.835: [GC [PSYoungGen: 323469K->14769K(327168K)] 930364K->630082K(1026240K), 0.0463270 secs] [Times: user=0.16 sys=0.00, real=0.05 secs] 
4328.247: [GC [PSYoungGen: 319601K->16109K(327168K)] 934914K->637063K(1026240K), 0.0763770 secs] [Times: user=0.15 sys=0.00, real=0.08 secs] 
4328.867: [GC [PSYoungGen: 320941K->17733K(327744K)] 941895K->645362K(1026816K), 0.0582740 secs] [Times: user=0.15 sys=0.00, real=0.06 secs] 
4329.357: [GC [PSYoungGen: 323397K->19901K(325568K)] 951026K->652841K(1024640K), 0.0777700 secs] [Times: user=0.17 sys=0.00, real=0.08 secs] 
4329.787: [GC [PSYoungGen: 325565K->17471K(327680K)] 958505K->657103K(1026752K), 0.0856920 secs] [Times: user=0.19 sys=0.00, real=0.09 secs] 
4330.177: [GC [PSYoungGen: 322815K->18445K(327168K)] 962447K->662694K(1026240K), 0.0792660 secs] [Times: user=0.18 sys=0.00, real=0.08 secs] 
4330.617: [GC [PSYoungGen: 323789K->17301K(328128K)] 968038K->670627K(1027200K), 0.0720570 secs] [Times: user=0.17 sys=0.00, real=0.08 secs] 
4331.075: [GC [PSYoungGen: 323669K->14948K(327744K)] 976995K->674020K(1026816K), 0.0555680 secs] [Times: user=0.20 sys=0.01, real=0.06 secs] 
4331.472: [GC [PSYoungGen: 321316K->17441K(328384K)] 980388K->681627K(1027456K), 0.0624730 secs] [Times: user=0.16 sys=0.00, real=0.06 secs] 
4331.845: [GC [PSYoungGen: 324385K->14886K(328064K)] 988571K->687063K(1027136K), 0.0571770 secs] [Times: user=0.16 sys=0.00, real=0.06 secs] 
4332.301: [GC [PSYoungGen: 321830K->16409K(328640K)] 994007K->696714K(1027712K), 0.1125030 secs] [Times: user=0.20 sys=0.00, real=0.11 secs] 
4332.726: [GC [PSYoungGen: 323929K->20263K(327808K)] 1004234K->707892K(1026880K), 0.0714290 secs] [Times: user=0.20 sys=0.00, real=0.07 secs] 
4333.219: [GC [PSYoungGen: 327783K->17157K(328256K)] 1015412K->711905K(1027328K), 0.0844800 secs] [Times: user=0.19 sys=0.00, real=0.09 secs] 
4333.303: [Full GC [PSYoungGen: 17157K->0K(328256K)] [PSOldGen: 694748K->493810K(699072K)] 711905K->493810K(1027328K) [PSPermGen: 91630K->91630K(262144K)], 2.6278490 secs] [Times: user=2.63 sys=0.00, real=2.63 secs] 
4336.375: [GC [PSYoungGen: 306560K->21239K(327808K)] 800370K->516187K(1026880K), 0.0947390 secs] [Times: user=0.15 sys=0.01, real=0.10 secs] 
4336.790: [GC [PSYoungGen: 327799K->17365K(326528K)] 822747K->520502K(1025600K), 0.0642200 secs] [Times: user=0.17 sys=0.00, real=0.06 secs] 
4337.207: [GC [PSYoungGen: 322197K->18196K(327168K)] 825334K->529948K(1026240K), 0.0797080 secs] [Times: user=0.20 sys=0.00, real=0.08 secs] 
4337.808: [GC [PSYoungGen: 323028K->18250K(327744K)] 834780K->536981K(1026816K), 0.1038770 secs] [Times: user=0.17 sys=0.01, real=0.11 secs] 
4338.365: [GC [PSYoungGen: 323978K->15814K(327488K)] 842709K->540123K(1026560K), 0.1062480 secs] [Times: user=0.18 sys=0.00, real=0.11 secs] 
4338.898: [GC [PSYoungGen: 321542K->17254K(328128K)] 845851K->548217K(1027200K), 0.0823810 secs] [Times: user=0.15 sys=0.00, real=0.09 secs] 
4339.430: [GC [PSYoungGen: 323622K->21069K(327488K)] 854585K->560994K(1026560K), 0.1148400 secs] [Times: user=0.19 sys=0.00, real=0.12 secs] 
4339.866: [GC [PSYoungGen: 327437K->18178K(327552K)] 867362K->564372K(1026624K), 0.0842710 secs] [Times: user=0.17 sys=0.00, real=0.08 secs] 
4340.369: [GC [PSYoungGen: 323714K->15971K(327488K)] 869908K->568428K(1026560K), 0.0730020 secs] [Times: user=0.18 sys=0.00, real=0.08 secs] 
4340.848: [GC [PSYoungGen: 321507K->19144K(327360K)] 873964K->577551K(1026432K), 0.0995370 secs] [Times: user=0.17 sys=0.01, real=0.10 secs] 
4341.278: [GC [PSYoungGen: 324616K->17608K(327488K)] 883023K->583030K(1026560K), 0.0601340 secs] [Times: user=0.16 sys=0.00, real=0.06 secs] 
4341.688: [GC [PSYoungGen: 323080K->15200K(327616K)] 888502K->587660K(1026688K), 0.0870400 secs] [Times: user=0.17 sys=0.01, real=0.09 secs] 
4342.142: [GC [PSYoungGen: 321184K->15115K(327744K)] 893644K->591535K(1026816K), 0.0621630 secs] [Times: user=0.13 sys=0.00, real=0.06 secs] 
4342.617: [GC [PSYoungGen: 321099K->17441K(328192K)] 897519K->597991K(1027264K), 0.0647900 secs] [Times: user=0.17 sys=0.00, real=0.07 secs] 
4343.019: [GC [PSYoungGen: 323873K->15584K(327744K)] 904423K->603016K(1026816K), 0.1108310 secs] [Times: user=0.16 sys=0.00, real=0.11 secs] 
4343.580: [GC [PSYoungGen: 322016K->16161K(328448K)] 909448K->608460K(1027520K), 0.1060960 secs] [Times: user=0.15 sys=0.00, real=0.11 secs] 
4344.023: [GC [PSYoungGen: 323361K->18623K(328256K)] 915660K->617508K(1027328K), 0.0710980 secs] [Times: user=0.18 sys=0.00, real=0.07 secs] 
4344.459: [GC [PSYoungGen: 325823K->20364K(326784K)] 924708K->627398K(1025856K), 0.0687860 secs] [Times: user=0.18 sys=0.01, real=0.07 secs] 
4344.934: [GC [PSYoungGen: 325964K->16158K(327552K)] 932998K->630102K(1026624K), 0.0901900 secs] [Times: user=0.16 sys=0.00, real=0.09 secs] 
4345.430: [GC [PSYoungGen: 321757K->17377K(328192K)] 935700K->635817K(1027264K), 0.0714810 secs] [Times: user=0.16 sys=0.00, real=0.08 secs] 
4345.832: [GC [PSYoungGen: 323809K->19373K(327744K)] 942249K->643170K(1026816K), 0.0861530 secs] [Times: user=0.19 sys=0.01, real=0.08 secs] 
4346.232: [GC [PSYoungGen: 325805K->13170K(327168K)] 949602K->645302K(1026240K), 0.0716660 secs] [Times: user=0.16 sys=0.01, real=0.07 secs] 
4346.692: [GC [PSYoungGen: 318642K->17137K(327488K)] 950774K->652822K(1026560K), 0.0597490 secs] [Times: user=0.14 sys=0.01, real=0.06 secs] 
4347.137: [GC [PSYoungGen: 322609K->17025K(328384K)] 958294K->659025K(1027456K), 0.0786570 secs] [Times: user=0.18 sys=0.00, real=0.08 secs] 
4347.570: [GC [PSYoungGen: 323841K->20550K(327424K)] 965841K->669042K(1026496K), 0.0708380 secs] [Times: user=0.17 sys=0.00, real=0.07 secs] 
4348.037: [GC [PSYoungGen: 327305K->15506K(327616K)] 975797K->670735K(1026688K), 0.0648680 secs] [Times: user=0.18 sys=0.00, real=0.07 secs] 
4348.477: [GC [PSYoungGen: 321106K->17014K(327488K)] 976335K->678041K(1026560K), 0.0663060 secs] [Times: user=0.18 sys=0.00, real=0.07 secs] 
4348.866: [GC [PSYoungGen: 322614K->19044K(327616K)] 983641K->686862K(1026688K), 0.0746250 secs] [Times: user=0.19 sys=0.00, real=0.07 secs] 
4349.325: [GC [PSYoungGen: 325150K->15717K(327808K)] 992969K->692635K(1026880K), 0.0673680 secs] [Times: user=0.18 sys=0.00, real=0.07 secs] 
4349.740: [GC [PSYoungGen: 321829K->20244K(326528K)] 998747K->702274K(1025600K), 0.0703570 secs] [Times: user=0.17 sys=0.00, real=0.07 secs] 
4350.164: [GC [PSYoungGen: 325204K->18816K(327232K)] 1007234K->707338K(1026304K), 0.0655330 secs] [Times: user=0.17 sys=0.00, real=0.06 secs] 
4350.701: [GC [PSYoungGen: 323776K->13757K(326848K)] 1012298K->708949K(1025920K), 0.0726080 secs] [Times: user=0.20 sys=0.00, real=0.08 secs] 
4350.774: [Full GC [PSYoungGen: 13757K->0K(326848K)] [PSOldGen: 695192K->487723K(699072K)] 708949K->487723K(1025920K) [PSPermGen: 91647K->91647K(262144K)], 2.4923090 secs] [Times: user=2.49 sys=0.00, real=2.49 secs] 
4353.582: [GC [PSYoungGen: 304576K->21216K(325824K)] 792299K->508939K(1024896K), 0.0769600 secs] [Times: user=0.25 sys=0.00, real=0.08 secs] 
4354.044: [GC [PSYoungGen: 325792K->23403K(319424K)] 813515K->515919K(1018496K), 0.0695060 secs] [Times: user=0.17 sys=0.00, real=0.07 secs] 
4354.556: [GC [PSYoungGen: 319403K->11371K(307392K)] 811919K->514525K(1006464K), 0.0591440 secs] [Times: user=0.15 sys=0.00, real=0.06 secs] 
4354.988: [GC [PSYoungGen: 307371K->24008K(319744K)] 810525K->527162K(1018816K), 0.0667710 secs] [Times: user=0.15 sys=0.01, real=0.07 secs] 
4355.373: [GC [PSYoungGen: 316552K->23753K(316352K)] 819706K->530807K(1015424K), 0.0868820 secs] [Times: user=0.17 sys=0.00, real=0.08 secs] 
4355.828: [GC [PSYoungGen: 316297K->20830K(320512K)] 823351K->529589K(1019584K), 0.0839640 secs] [Times: user=0.19 sys=0.00, real=0.08 secs] 
4356.247: [GC [PSYoungGen: 311902K->15929K(320064K)] 820661K->526602K(1019136K), 0.0712180 secs] [Times: user=0.14 sys=0.00, real=0.07 secs] 
4356.681: [GC [PSYoungGen: 307001K->17572K(321600K)] 817674K->534760K(1020672K), 0.0521320 secs] [Times: user=0.17 sys=0.00, real=0.06 secs] 
4357.056: [GC [PSYoungGen: 310564K->16985K(320896K)] 827752K->543087K(1019968K), 0.0755250 secs] [Times: user=0.16 sys=0.01, real=0.07 secs] 
4357.453: [GC [PSYoungGen: 309977K->17441K(322880K)] 836079K->550572K(1021952K), 0.0654890 secs] [Times: user=0.17 sys=0.00, real=0.07 secs] 
4357.858: [GC [PSYoungGen: 312993K->18454K(322176K)] 846124K->558100K(1021248K), 0.0485600 secs] [Times: user=0.18 sys=0.00, real=0.05 secs] 
4358.213: [GC [PSYoungGen: 314006K->12047K(323008K)] 853652K->557271K(1022080K), 0.0406200 secs] [Times: user=0.14 sys=0.00, real=0.05 secs] 
4358.664: [GC [PSYoungGen: 309199K->16196K(323328K)] 854423K->565367K(1022400K), 0.1062220 secs] [Times: user=0.16 sys=0.00, real=0.10 secs] 
4359.103: [GC [PSYoungGen: 313348K->19318K(324032K)] 862519K->577245K(1023104K), 0.0716070 secs] [Times: user=0.17 sys=0.00, real=0.08 secs] 
4359.482: [GC [PSYoungGen: 317686K->15759K(323840K)] 875613K->584137K(1022912K), 0.0547150 secs] [Times: user=0.18 sys=0.01, real=0.06 secs] 
4359.855: [GC [PSYoungGen: 314127K->19141K(324608K)] 882505K->593483K(1023680K), 0.1039200 secs] [Times: user=0.17 sys=0.03, real=0.10 secs] 
4360.296: [GC [PSYoungGen: 318645K->19633K(324416K)] 892987K->599797K(1023488K), 0.0819850 secs] [Times: user=0.17 sys=0.00, real=0.08 secs] 
4360.705: [GC [PSYoungGen: 319153K->17061K(325184K)] 899317K->602111K(1024256K), 0.0600130 secs] [Times: user=0.15 sys=0.00, real=0.06 secs] 
4361.116: [GC [PSYoungGen: 317413K->16610K(324672K)] 902463K->610192K(1023744K), 0.0984810 secs] [Times: user=0.16 sys=0.01, real=0.10 secs] 
4361.536: [GC [PSYoungGen: 316962K->14027K(325504K)] 910544K->614623K(1024576K), 0.0687130 secs] [Times: user=0.17 sys=0.00, real=0.07 secs] 
4361.950: [GC [PSYoungGen: 315659K->21851K(323520K)] 916255K->629350K(1022592K), 0.0753660 secs] [Times: user=0.19 sys=0.01, real=0.08 secs] 
4362.403: [GC [PSYoungGen: 323483K->16110K(324992K)] 930982K->633287K(1024064K), 0.0725860 secs] [Times: user=0.19 sys=0.00, real=0.08 secs] 
4362.845: [GC [PSYoungGen: 316206K->14650K(324608K)] 933383K->637337K(1023680K), 0.0567140 secs] [Times: user=0.14 sys=0.00, real=0.05 secs] 
4363.193: [GC [PSYoungGen: 314746K->16512K(325696K)] 937433K->645097K(1024768K), 0.0505570 secs] [Times: user=0.18 sys=0.01, real=0.06 secs] 
4363.584: [GC [PSYoungGen: 317888K->13803K(325184K)] 946473K->649551K(1024256K), 0.0845960 secs] [Times: user=0.16 sys=0.00, real=0.08 secs] 
4363.995: [GC [PSYoungGen: 315179K->16159K(326336K)] 950927K->658017K(1025408K), 0.1131960 secs] [Times: user=0.17 sys=0.00, real=0.11 secs] 
4364.512: [GC [PSYoungGen: 318751K->20592K(323200K)] 960609K->670062K(1022272K), 0.1541840 secs] [Times: user=0.18 sys=0.00, real=0.16 secs] 
4365.068: [GC [PSYoungGen: 323184K->17843K(326016K)] 972654K->674690K(1025088K), 0.1390750 secs] [Times: user=0.23 sys=0.01, real=0.14 secs] 
4365.586: [GC [PSYoungGen: 319923K->16061K(325568K)] 976770K->677252K(1024640K), 0.0897960 secs] [Times: user=0.14 sys=0.00, real=0.09 secs] 
4366.059: [GC [PSYoungGen: 318141K->18921K(326272K)] 979332K->686227K(1025344K), 0.1010130 secs] [Times: user=0.17 sys=0.00, real=0.10 secs] 
4366.534: [GC [PSYoungGen: 322089K->15289K(326336K)] 989395K->688638K(1025408K), 0.0564620 secs] [Times: user=0.16 sys=0.00, real=0.06 secs] 
4367.117: [GC [PSYoungGen: 318457K->16306K(327040K)] 991806K->694229K(1026112K), 0.0640210 secs] [Times: user=0.15 sys=0.00, real=0.06 secs] 
4367.569: [GC [PSYoungGen: 320434K->14539K(326592K)] 998357K->700112K(1025664K), 0.0742890 secs] [Times: user=0.16 sys=0.00, real=0.07 secs] 
4367.971: [GC [PSYoungGen: 318667K->16723K(327680K)] 1004240K->707308K(1026752K), 0.0490750 secs] [Times: user=0.16 sys=0.00, real=0.05 secs] 
4368.020: [Full GC [PSYoungGen: 16723K->0K(327680K)] [PSOldGen: 690584K->458105K(699072K)] 707308K->458105K(1026752K) [PSPermGen: 91763K->91605K(262144K)], 2.8717870 secs] [Times: user=2.87 sys=0.00, real=2.87 secs] 
4371.257: [GC [PSYoungGen: 305280K->20625K(325952K)] 763385K->478731K(1025024K), 0.0533750 secs] [Times: user=0.15 sys=0.00, real=0.05 secs] 
4371.720: [GC [PSYoungGen: 325905K->22715K(321280K)] 784011K->484211K(1020352K), 0.0705680 secs] [Times: user=0.17 sys=0.01, real=0.07 secs] 
4372.229: [GC [PSYoungGen: 321275K->15403K(324032K)] 782771K->484585K(1023104K), 0.0740430 secs] [Times: user=0.16 sys=0.01, real=0.07 secs] 
4372.674: [GC [PSYoungGen: 313961K->21787K(322880K)] 783143K->490969K(1021952K), 0.0578010 secs] [Times: user=0.15 sys=0.00, real=0.06 secs] 
4373.051: [GC [PSYoungGen: 319451K->25706K(323392K)] 788633K->494888K(1022464K), 0.0610120 secs] [Times: user=0.19 sys=0.00, real=0.06 secs] 
4373.434: [GC [PSYoungGen: 323370K->19860K(320832K)] 792552K->492083K(1019904K), 0.0955060 secs] [Times: user=0.17 sys=0.00, real=0.10 secs] 
4373.860: [GC [PSYoungGen: 314580K->19647K(322112K)] 786803K->492167K(1021184K), 0.0461630 secs] [Times: user=0.15 sys=0.00, real=0.04 secs] 
4374.310: [GC [PSYoungGen: 314367K->18496K(323392K)] 786887K->491168K(1022464K), 0.0663630 secs] [Times: user=0.14 sys=0.01, real=0.06 secs] 
4374.738: [GC [PSYoungGen: 315072K->22616K(322688K)] 787744K->495468K(1021760K), 0.0643940 secs] [Times: user=0.15 sys=0.00, real=0.06 secs] 
4375.114: [GC [PSYoungGen: 319192K->23962K(320832K)] 792044K->497403K(1019904K), 0.0812870 secs] [Times: user=0.17 sys=0.01, real=0.08 secs] 
4375.491: [GC [PSYoungGen: 318042K->23917K(318016K)] 791483K->497657K(1017088K), 0.0682820 secs] [Times: user=0.17 sys=0.00, real=0.07 secs] 
4375.874: [GC [PSYoungGen: 317997K->22894K(320704K)] 791737K->497103K(1019776K), 0.0640360 secs] [Times: user=0.16 sys=0.00, real=0.07 secs] 
4376.349: [GC [PSYoungGen: 315182K->19944K(320896K)] 789391K->498029K(1019968K), 0.0694330 secs] [Times: user=0.17 sys=0.00, real=0.07 secs] 
4376.769: [GC [PSYoungGen: 312232K->16512K(321664K)] 790317K->500710K(1020736K), 0.0564610 secs] [Times: user=0.15 sys=0.01, real=0.05 secs] 
4377.181: [GC [PSYoungGen: 310272K->15554K(321600K)] 794470K->504591K(1020672K), 0.0579440 secs] [Times: user=0.16 sys=0.00, real=0.06 secs] 
4377.592: [GC [PSYoungGen: 309314K->13945K(321408K)] 798351K->509558K(1020480K), 0.0809760 secs] [Times: user=0.16 sys=0.00, real=0.08 secs] 
4378.035: [GC [PSYoungGen: 307513K->18513K(321536K)] 803126K->519905K(1020608K), 0.1024480 secs] [Times: user=0.17 sys=0.00, real=0.11 secs] 
4378.461: [GC [PSYoungGen: 312081K->16465K(322752K)] 813473K->524509K(1021824K), 0.0691850 secs] [Times: user=0.15 sys=0.00, real=0.07 secs] 
4378.839: [GC [PSYoungGen: 312081K->19064K(322368K)] 820125K->533618K(1021440K), 0.0636510 secs] [Times: user=0.17 sys=0.00, real=0.06 secs] 
4379.229: [GC [PSYoungGen: 314680K->16067K(323648K)] 829234K->537530K(1022720K), 0.0571990 secs] [Times: user=0.16 sys=0.00, real=0.05 secs] 
4379.649: [GC [PSYoungGen: 313603K->17940K(323392K)] 835066K->544322K(1022464K), 0.0600000 secs] [Times: user=0.16 sys=0.00, real=0.06 secs] 
4380.159: [GC [PSYoungGen: 315476K->15442K(324480K)] 841858K->546932K(1023552K), 0.0452270 secs] [Times: user=0.15 sys=0.00, real=0.04 secs] 
4380.537: [GC [PSYoungGen: 314706K->14882K(324288K)] 846196K->551400K(1023360K), 0.0621230 secs] [Times: user=0.17 sys=0.00, real=0.07 secs] 
4381.062: [GC [PSYoungGen: 314146K->13367K(324480K)] 850664K->555931K(1023552K), 0.0745690 secs] [Times: user=0.13 sys=0.00, real=0.07 secs] 
4381.476: [GC [PSYoungGen: 312951K->19028K(324544K)] 855515K->565625K(1023616K), 0.0582340 secs] [Times: user=0.16 sys=0.00, real=0.06 secs] 
4381.871: [GC [PSYoungGen: 318612K->15563K(325056K)] 865209K->571855K(1024128K), 0.0864480 secs] [Times: user=0.18 sys=0.00, real=0.08 secs] 
4382.404: [GC [PSYoungGen: 315787K->15296K(324672K)] 872079K->577324K(1023744K), 0.0942860 secs] [Times: user=0.16 sys=0.01, real=0.10 secs] 
4382.879: [GC [PSYoungGen: 315520K->15966K(325952K)] 877548K->585081K(1025024K), 0.0723620 secs] [Times: user=0.16 sys=0.00, real=0.07 secs] 
4383.293: [GC [PSYoungGen: 317854K->16383K(325440K)] 886969K->590172K(1024512K), 0.0544380 secs] [Times: user=0.15 sys=0.01, real=0.05 secs] 
4383.655: [GC [PSYoungGen: 318271K->14723K(326720K)] 892060K->593229K(1025792K), 0.0534330 secs] [Times: user=0.14 sys=0.00, real=0.06 secs] 
4384.074: [GC [PSYoungGen: 318403K->20916K(324608K)] 896909K->606563K(1023680K), 0.0681720 secs] [Times: user=0.18 sys=0.00, real=0.07 secs] 
4384.480: [GC [PSYoungGen: 324596K->19108K(325632K)] 910243K->611878K(1024704K), 0.0880940 secs] [Times: user=0.17 sys=0.00, real=0.09 secs] 
4384.916: [GC [PSYoungGen: 320996K->18129K(325696K)] 913766K->616719K(1024768K), 0.0654880 secs] [Times: user=0.16 sys=0.00, real=0.07 secs] 
4385.347: [GC [PSYoungGen: 320017K->18818K(326144K)] 918607K->622331K(1025216K), 0.0775790 secs] [Times: user=0.16 sys=0.00, real=0.08 secs] 
4385.816: [GC [PSYoungGen: 321474K->17657K(326016K)] 924987K->627120K(1025088K), 0.0641690 secs] [Times: user=0.18 sys=0.01, real=0.07 secs] 
4386.233: [GC [PSYoungGen: 320307K->17677K(327168K)] 929770K->633276K(1026240K), 0.0664990 secs] [Times: user=0.18 sys=0.01, real=0.07 secs] 
4386.693: [GC [PSYoungGen: 321997K->14732K(326656K)] 937596K->638467K(1025728K), 0.0611050 secs] [Times: user=0.16 sys=0.00, real=0.06 secs] 
4387.159: [GC [PSYoungGen: 319052K->15103K(327296K)] 942787K->642906K(1026368K), 0.0519750 secs] [Times: user=0.14 sys=0.00, real=0.05 secs] 
4387.571: [GC [PSYoungGen: 320063K->16415K(327168K)] 947866K->650277K(1026240K), 0.0769680 secs] [Times: user=0.18 sys=0.00, real=0.07 secs] 
4387.915: [GC [PSYoungGen: 321368K->21099K(325632K)] 955230K->661176K(1024704K), 0.0627720 secs] [Times: user=0.17 sys=0.00, real=0.06 secs] 
4388.318: [GC [PSYoungGen: 324907K->15441K(326656K)] 964984K->663157K(1025728K), 0.0867500 secs] [Times: user=0.18 sys=0.00, real=0.09 secs] 
4388.822: [GC [PSYoungGen: 319249K->15415K(327104K)] 966965K->670295K(1026176K), 0.0598620 secs] [Times: user=0.15 sys=0.00, real=0.06 secs] 
4389.252: [GC [PSYoungGen: 319863K->15817K(326848K)] 974743K->675999K(1025920K), 0.0820740 secs] [Times: user=0.15 sys=0.00, real=0.08 secs] 
4389.729: [GC [PSYoungGen: 320265K->18241K(327424K)] 980447K->684116K(1026496K), 0.0701200 secs] [Times: user=0.16 sys=0.00, real=0.07 secs] 
4390.152: [GC [PSYoungGen: 323585K->16691K(327424K)] 989460K->687871K(1026496K), 0.0488020 secs] [Times: user=0.15 sys=0.00, real=0.05 secs] 
4390.527: [GC [PSYoungGen: 322035K->16922K(328320K)] 993215K->693839K(1027392K), 0.0561480 secs] [Times: user=0.15 sys=0.00, real=0.06 secs] 
4391.124: [GC [PSYoungGen: 323610K->17197K(327872K)] 1000527K->699343K(1026944K), 0.0878680 secs] [Times: user=0.15 sys=0.01, real=0.09 secs] 
4391.571: [GC [PSYoungGen: 323885K->19885K(327360K)] 1006031K->709146K(1026432K), 0.0643550 secs] [Times: user=0.16 sys=0.00, real=0.06 secs] 
4392.047: [GC [PSYoungGen: 326363K->16537K(328000K)] 1015624K->713295K(1027072K), 0.0992190 secs] [Times: user=0.21 sys=0.00, real=0.10 secs] 
4392.146: [Full GC [PSYoungGen: 16537K->0K(328000K)] [PSOldGen: 696758K->494585K(699072K)] 713295K->494585K(1027072K) [PSPermGen: 91623K->91623K(262144K)], 2.4686010 secs] [Times: user=2.47 sys=0.00, real=2.47 secs] 
4395.033: [GC [PSYoungGen: 306496K->21244K(325824K)] 801081K->516207K(1024896K), 0.0557830 secs] [Times: user=0.15 sys=0.00, real=0.05 secs] 
4395.483: [GC [PSYoungGen: 325820K->13708K(318336K)] 820783K->520142K(1017408K), 0.0840800 secs] [Times: user=0.17 sys=0.00, real=0.08 secs] 
4395.935: [GC [PSYoungGen: 318284K->13025K(326464K)] 824718K->522954K(1025536K), 0.0539310 secs] [Times: user=0.13 sys=0.00, real=0.06 secs] 
4396.334: [GC [PSYoungGen: 316833K->18338K(326656K)] 826762K->534122K(1025728K), 0.0773870 secs] [Times: user=0.15 sys=0.01, real=0.08 secs] 
4396.780: [GC [PSYoungGen: 322146K->19033K(326336K)] 837930K->544371K(1025408K), 0.0771340 secs] [Times: user=0.16 sys=0.01, real=0.07 secs] 
4397.207: [GC [PSYoungGen: 322585K->16132K(326528K)] 847923K->546282K(1025600K), 0.0569310 secs] [Times: user=0.15 sys=0.00, real=0.06 secs] 
4397.634: [GC [PSYoungGen: 319684K->16366K(327360K)] 849834K->552557K(1026432K), 0.0687440 secs] [Times: user=0.15 sys=0.00, real=0.07 secs] 
4398.010: [GC [PSYoungGen: 321134K->18753K(326912K)] 857325K->560711K(1025984K), 0.0590230 secs] [Times: user=0.16 sys=0.00, real=0.05 secs] 
4398.444: [GC [PSYoungGen: 323521K->15392K(327424K)] 865479K->563891K(1026496K), 0.0772810 secs] [Times: user=0.15 sys=0.00, real=0.08 secs] 
4398.929: [GC [PSYoungGen: 320544K->20780K(325952K)] 869043K->574081K(1025024K), 0.0627650 secs] [Times: user=0.17 sys=0.00, real=0.07 secs] 
4399.303: [GC [PSYoungGen: 325932K->16572K(326912K)] 879233K->578508K(1025984K), 0.0611320 secs] [Times: user=0.16 sys=0.00, real=0.06 secs] 
4399.735: [GC [PSYoungGen: 320508K->14074K(326528K)] 882444K->582105K(1025600K), 0.0748410 secs] [Times: user=0.14 sys=0.00, real=0.07 secs] 
4400.167: [GC [PSYoungGen: 318004K->16400K(327360K)] 886036K->591078K(1026432K), 0.0893170 secs] [Times: user=0.14 sys=0.01, real=0.09 secs] 
4400.629: [GC [PSYoungGen: 321168K->16953K(326912K)] 895846K->596693K(1025984K), 0.0570100 secs] [Times: user=0.15 sys=0.00, real=0.06 secs] 
4401.081: [GC [PSYoungGen: 321721K->13933K(327744K)] 901461K->599524K(1026816K), 0.0565140 secs] [Times: user=0.15 sys=0.00, real=0.05 secs] 
4401.527: [GC [PSYoungGen: 320045K->18724K(324864K)] 905636K->610775K(1023936K), 0.0703230 secs] [Times: user=0.16 sys=0.00, real=0.07 secs] 
4401.999: [GC [PSYoungGen: 324836K->14619K(327680K)] 916887K->614851K(1026752K), 0.0675300 secs] [Times: user=0.17 sys=0.01, real=0.07 secs] 
4402.358: [GC [PSYoungGen: 320347K->17689K(327552K)] 920579K->623396K(1026624K), 0.0582870 secs] [Times: user=0.18 sys=0.00, real=0.06 secs] 
4402.926: [GC [PSYoungGen: 323417K->17487K(328000K)] 929124K->628700K(1027072K), 0.0868030 secs] [Times: user=0.17 sys=0.00, real=0.09 secs] 
4403.384: [GC [PSYoungGen: 323791K->20279K(326592K)] 935004K->638417K(1025664K), 0.0726750 secs] [Times: user=0.17 sys=0.00, real=0.07 secs] 
4403.797: [GC [PSYoungGen: 326583K->18490K(327232K)] 944721K->645111K(1026304K), 0.0562860 secs] [Times: user=0.18 sys=0.01, real=0.06 secs] 
4404.192: [GC [PSYoungGen: 323386K->22265K(327168K)] 950007K->653833K(1026240K), 0.0515860 secs] [Times: user=0.18 sys=0.00, real=0.05 secs] 
4404.606: [GC [PSYoungGen: 327161K->18348K(322304K)] 958729K->655579K(1021376K), 0.0568660 secs] [Times: user=0.16 sys=0.01, real=0.06 secs] 
4405.071: [GC [PSYoungGen: 318316K->20052K(324736K)] 955547K->663321K(1023808K), 0.0779680 secs] [Times: user=0.17 sys=0.01, real=0.08 secs] 
4405.481: [GC [PSYoungGen: 320020K->22123K(323200K)] 963289K->670710K(1022272K), 0.0578440 secs] [Times: user=0.16 sys=0.01, real=0.06 secs] 
4405.847: [GC [PSYoungGen: 320555K->16628K(323968K)] 969142K->670949K(1023040K), 0.0669130 secs] [Times: user=0.16 sys=0.00, real=0.07 secs] 
4406.220: [GC [PSYoungGen: 315060K->16606K(324608K)] 969381K->676882K(1023680K), 0.0767910 secs] [Times: user=0.15 sys=0.00, real=0.08 secs] 
4406.594: [GC [PSYoungGen: 315998K->16064K(324288K)] 976274K->683635K(1023360K), 0.0606750 secs] [Times: user=0.16 sys=0.00, real=0.06 secs] 
4406.968: [GC [PSYoungGen: 315456K->16056K(325120K)] 983027K->691390K(1024192K), 0.0637190 secs] [Times: user=0.17 sys=0.00, real=0.07 secs] 
4407.413: [GC [PSYoungGen: 316536K->11738K(312256K)] 991870K->694875K(1011328K), 0.0878970 secs] [Times: user=0.14 sys=0.00, real=0.09 secs] 
4407.863: [GC [PSYoungGen: 312218K->17832K(325248K)] 995355K->706174K(1024320K), 0.0947050 secs] [Times: user=0.15 sys=0.00, real=0.09 secs] 
4408.310: [GC [PSYoungGen: 318312K->15473K(324736K)] 1006654K->712462K(1023808K), 0.0899070 secs] [Times: user=0.16 sys=0.00, real=0.09 secs] 
4408.400: [Full GC [PSYoungGen: 15473K->0K(324736K)] [PSOldGen: 696988K->493484K(699072K)] 712462K->493484K(1023808K) [PSPermGen: 91640K->91640K(262144K)], 2.5497800 secs] [Times: user=2.52 sys=0.04, real=2.55 secs] 
4411.234: [GC [PSYoungGen: 300480K->23507K(322304K)] 793964K->516991K(1021376K), 0.0891910 secs] [Times: user=0.17 sys=0.00, real=0.09 secs] 
4411.626: [GC [PSYoungGen: 321939K->18424K(323968K)] 815423K->520866K(1023040K), 0.1060620 secs] [Times: user=0.17 sys=0.00, real=0.11 secs] 
4412.136: [GC [PSYoungGen: 316856K->14094K(324544K)] 819298K->520358K(1023616K), 0.0539060 secs] [Times: user=0.14 sys=0.00, real=0.05 secs] 
4412.544: [GC [PSYoungGen: 313614K->12988K(324480K)] 819878K->524196K(1023552K), 0.0502890 secs] [Times: user=0.14 sys=0.01, real=0.05 secs] 
4413.002: [GC [PSYoungGen: 312508K->17929K(324992K)] 823716K->534301K(1024064K), 0.0554930 secs] [Times: user=0.15 sys=0.00, real=0.05 secs] 
4413.360: [GC [PSYoungGen: 317961K->17292K(324544K)] 834333K->542055K(1023616K), 0.0720990 secs] [Times: user=0.17 sys=0.00, real=0.08 secs] 
4413.832: [GC [PSYoungGen: 317324K->13465K(325696K)] 842087K->542726K(1024768K), 0.0453020 secs] [Times: user=0.15 sys=0.00, real=0.05 secs] 
4414.235: [GC [PSYoungGen: 315353K->20898K(322816K)] 844614K->555145K(1021888K), 0.0687110 secs] [Times: user=0.17 sys=0.00, real=0.07 secs] 
4414.614: [GC [PSYoungGen: 322786K->15625K(325376K)] 857033K->558950K(1024448K), 0.0846750 secs] [Times: user=0.18 sys=0.00, real=0.08 secs] 
4415.071: [GC [PSYoungGen: 316361K->11470K(324864K)] 859686K->558105K(1023936K), 0.0554750 secs] [Times: user=0.12 sys=0.00, real=0.06 secs] 
4415.465: [GC [PSYoungGen: 312206K->19274K(324608K)] 858841K->570303K(1023680K), 0.0586970 secs] [Times: user=0.16 sys=0.00, real=0.06 secs] 
4415.845: [GC [PSYoungGen: 319498K->17731K(324864K)] 870527K->577302K(1023936K), 0.0739510 secs] [Times: user=0.16 sys=0.00, real=0.07 secs] 
4416.266: [GC [PSYoungGen: 317955K->14413K(325632K)] 877526K->579799K(1024704K), 0.0648010 secs] [Times: user=0.16 sys=0.00, real=0.06 secs] 
4416.641: [GC [PSYoungGen: 315853K->15166K(325312K)] 881239K->585594K(1024384K), 0.0670620 secs] [Times: user=0.18 sys=0.00, real=0.07 secs] 
4417.041: [GC [PSYoungGen: 316606K->20728K(324288K)] 887034K->599452K(1023360K), 0.0574530 secs] [Times: user=0.18 sys=0.00, real=0.06 secs] 
4417.468: [GC [PSYoungGen: 321592K->15975K(325184K)] 900316K->601570K(1024256K), 0.0757420 secs] [Times: user=0.19 sys=0.00, real=0.08 secs] 
4417.855: [GC [PSYoungGen: 316839K->20816K(324224K)] 902434K->609147K(1023296K), 0.0579340 secs] [Times: user=0.17 sys=0.00, real=0.06 secs] 
4418.281: [GC [PSYoungGen: 321296K->18253K(324992K)] 909627K->616107K(1024064K), 0.0706600 secs] [Times: user=0.19 sys=0.00, real=0.07 secs] 
4418.738: [GC [PSYoungGen: 318733K->16400K(325888K)] 916587K->621069K(1024960K), 0.0552870 secs] [Times: user=0.16 sys=0.00, real=0.06 secs] 
4419.199: [GC [PSYoungGen: 318096K->17555K(325312K)] 922765K->627442K(1024384K), 0.0774190 secs] [Times: user=0.16 sys=0.01, real=0.08 secs] 
4419.599: [GC [PSYoungGen: 319233K->16623K(326848K)] 929120K->632755K(1025920K), 0.0969210 secs] [Times: user=0.17 sys=0.02, real=0.10 secs] 
4420.012: [GC [PSYoungGen: 320367K->18431K(326400K)] 936499K->639874K(1025472K), 0.0694630 secs] [Times: user=0.17 sys=0.00, real=0.07 secs] 
4420.459: [GC [PSYoungGen: 322175K->16826K(327360K)] 943618K->643713K(1026432K), 0.0545120 secs] [Times: user=0.16 sys=0.00, real=0.06 secs] 
4420.910: [GC [PSYoungGen: 321594K->16813K(326912K)] 948481K->649823K(1025984K), 0.0607500 secs] [Times: user=0.16 sys=0.00, real=0.06 secs] 
4421.336: [GC [PSYoungGen: 321581K->16350K(328064K)] 954591K->655398K(1027136K), 0.0702980 secs] [Times: user=0.18 sys=0.00, real=0.07 secs] 
4421.815: [GC [PSYoungGen: 322718K->13797K(327808K)] 961766K->658708K(1026880K), 0.0572210 secs] [Times: user=0.15 sys=0.00, real=0.05 secs] 
4422.266: [GC [PSYoungGen: 320165K->17236K(328256K)] 965076K->667370K(1027328K), 0.0614790 secs] [Times: user=0.16 sys=0.00, real=0.06 secs] 
4422.774: [GC [PSYoungGen: 323924K->17550K(327936K)] 974058K->675938K(1027008K), 0.0631080 secs] [Times: user=0.18 sys=0.00, real=0.06 secs] 
4423.210: [GC [PSYoungGen: 324238K->17903K(328448K)] 982626K->681281K(1027520K), 0.0683890 secs] [Times: user=0.19 sys=0.00, real=0.07 secs] 
4423.712: [GC [PSYoungGen: 325295K->16587K(328448K)] 988673K->688023K(1027520K), 0.0641280 secs] [Times: user=0.16 sys=0.00, real=0.07 secs] 
4424.167: [GC [PSYoungGen: 323979K->13175K(328192K)] 995415K->688050K(1027264K), 0.0548920 secs] [Times: user=0.13 sys=0.00, real=0.05 secs] 
4424.664: [GC [PSYoungGen: 320695K->15097K(328512K)] 995570K->695515K(1027584K), 0.0533220 secs] [Times: user=0.14 sys=0.00, real=0.05 secs] 
4425.069: [GC [PSYoungGen: 322617K->20791K(325120K)] 1003035K->702830K(1024192K), 0.0649100 secs] [Times: user=0.17 sys=0.00, real=0.06 secs] 
4425.388: [GC [PSYoungGen: 325111K->21390K(325760K)] 1007150K->709423K(1024832K), 0.0660920 secs] [Times: user=0.17 sys=0.00, real=0.07 secs] 
4425.847: [GC [PSYoungGen: 325709K->18417K(326144K)] 1013741K->713341K(1025216K), 0.0705630 secs] [Times: user=0.16 sys=0.00, real=0.07 secs] 
4425.918: [Full GC [PSYoungGen: 18417K->0K(326144K)] [PSOldGen: 694923K->494375K(699072K)] 713341K->494375K(1025216K) [PSPermGen: 91655K->91655K(262144K)], 2.5625340 secs] [Times: user=2.56 sys=0.01, real=2.56 secs] 
4428.821: [GC [PSYoungGen: 302528K->17809K(325888K)] 796903K->512185K(1024960K), 0.0516410 secs] [Times: user=0.13 sys=0.00, real=0.05 secs] 
4429.300: [GC [PSYoungGen: 320337K->22901K(318656K)] 814713K->524153K(1017728K), 0.1405330 secs] [Times: user=0.20 sys=0.00, real=0.14 secs] 
4429.786: [GC [PSYoungGen: 318645K->16388K(322624K)] 819897K->526849K(1021696K), 0.0653500 secs] [Times: user=0.15 sys=0.01, real=0.06 secs] 
4430.194: [GC [PSYoungGen: 312132K->16873K(323520K)] 822593K->533711K(1022592K), 0.0724290 secs] [Times: user=0.17 sys=0.00, real=0.08 secs] 
4430.639: [GC [PSYoungGen: 313897K->17285K(323008K)] 830735K->541123K(1022080K), 0.0504410 secs] [Times: user=0.17 sys=0.00, real=0.05 secs] 
4431.040: [GC [PSYoungGen: 314309K->17189K(324608K)] 838147K->546652K(1023680K), 0.1054360 secs] [Times: user=0.16 sys=0.00, real=0.11 secs] 
4431.414: [GC [PSYoungGen: 316389K->19111K(324096K)] 845852K->553769K(1023168K), 0.0635000 secs] [Times: user=0.17 sys=0.00, real=0.07 secs] 
4431.805: [GC [PSYoungGen: 318311K->16026K(325184K)] 852969K->558296K(1024256K), 0.0665710 secs] [Times: user=0.15 sys=0.01, real=0.06 secs] 
4432.335: [GC [PSYoungGen: 316634K->17392K(324928K)] 858904K->564496K(1024000K), 0.0810700 secs] [Times: user=0.16 sys=0.00, real=0.08 secs] 
4432.767: [GC [PSYoungGen: 318000K->17777K(326272K)] 865104K->570589K(1025344K), 0.0739870 secs] [Times: user=0.16 sys=0.01, real=0.07 secs] 
4433.171: [GC [PSYoungGen: 320241K->20091K(325696K)] 873053K->579967K(1024768K), 0.0633690 secs] [Times: user=0.17 sys=0.00, real=0.07 secs] 
4433.566: [GC [PSYoungGen: 322555K->15894K(326144K)] 882431K->582927K(1025216K), 0.0571780 secs] [Times: user=0.17 sys=0.00, real=0.05 secs] 
4434.021: [GC [PSYoungGen: 318486K->16246K(325952K)] 885519K->588255K(1025024K), 0.0544550 secs] [Times: user=0.16 sys=0.00, real=0.06 secs] 
4434.423: [GC [PSYoungGen: 318838K->20636K(325248K)] 890847K->599948K(1024320K), 0.0737170 secs] [Times: user=0.20 sys=0.01, real=0.08 secs] 
4434.771: [GC [PSYoungGen: 322778K->17774K(325824K)] 902090K->606035K(1024896K), 0.0840170 secs] [Times: user=0.18 sys=0.00, real=0.09 secs] 
4435.228: [GC [PSYoungGen: 319918K->16902K(326656K)] 908179K->609386K(1025728K), 0.0542520 secs] [Times: user=0.15 sys=0.00, real=0.05 secs] 
4435.672: [GC [PSYoungGen: 320390K->16369K(326336K)] 912874K->616149K(1025408K), 0.0496830 secs] [Times: user=0.16 sys=0.00, real=0.05 secs] 
4436.059: [GC [PSYoungGen: 319857K->19750K(326400K)] 919637K->624914K(1025472K), 0.0701550 secs] [Times: user=0.16 sys=0.00, real=0.07 secs] 
4436.570: [GC [PSYoungGen: 323558K->17669K(326656K)] 928722K->632333K(1025728K), 0.0962310 secs] [Times: user=0.17 sys=0.00, real=0.10 secs] 
4437.028: [GC [PSYoungGen: 321477K->16684K(327296K)] 936141K->636280K(1026368K), 0.0713290 secs] [Times: user=0.15 sys=0.01, real=0.07 secs] 
4437.465: [GC [PSYoungGen: 321580K->14198K(327104K)] 941176K->639575K(1026176K), 0.0827260 secs] [Times: user=0.14 sys=0.00, real=0.08 secs] 
4437.929: [GC [PSYoungGen: 319094K->16837K(327488K)] 944471K->647912K(1026560K), 0.0663980 secs] [Times: user=0.16 sys=0.01, real=0.06 secs] 
4438.337: [GC [PSYoungGen: 321925K->17778K(327104K)] 953000K->656514K(1026176K), 0.0793760 secs] [Times: user=0.19 sys=0.00, real=0.08 secs] 
4438.746: [GC [PSYoungGen: 322866K->19805K(326912K)] 961602K->665415K(1025984K), 0.0785180 secs] [Times: user=0.19 sys=0.00, real=0.07 secs] 
4439.211: [GC [PSYoungGen: 325021K->14543K(319808K)] 970631K->665990K(1018880K), 0.0713070 secs] [Times: user=0.17 sys=0.00, real=0.07 secs] 
4439.640: [GC [PSYoungGen: 319759K->21830K(324864K)] 971206K->678056K(1023936K), 0.0959500 secs] [Times: user=0.20 sys=0.01, real=0.10 secs] 
4440.078: [GC [PSYoungGen: 324475K->17026K(326080K)] 980701K->682447K(1025152K), 0.0655390 secs] [Times: user=0.18 sys=0.00, real=0.06 secs] 
4440.507: [GC [PSYoungGen: 319682K->16095K(326784K)] 985103K->685191K(1025856K), 0.0806860 secs] [Times: user=0.17 sys=0.01, real=0.08 secs] 
4440.904: [GC [PSYoungGen: 319903K->18801K(326528K)] 988999K->692255K(1025600K), 0.0782570 secs] [Times: user=0.17 sys=0.00, real=0.08 secs] 
4441.287: [GC [PSYoungGen: 322609K->20288K(325824K)] 996063K->700325K(1024896K), 0.0623360 secs] [Times: user=0.18 sys=0.00, real=0.06 secs] 
4441.763: [GC [PSYoungGen: 323456K->18143K(326336K)] 1003493K->706354K(1025408K), 0.0630640 secs] [Times: user=0.17 sys=0.00, real=0.07 secs] 
4442.145: [GC [PSYoungGen: 321311K->19991K(326272K)] 1009522K->713713K(1025344K), 0.0778190 secs] [Times: user=0.19 sys=0.00, real=0.08 secs] 
4442.223: [Full GC [PSYoungGen: 19991K->0K(326272K)] [PSOldGen: 693721K->465812K(699072K)] 713713K->465812K(1025344K) [PSPermGen: 91668K->91608K(262144K)], 2.7265440 secs] [Times: user=2.72 sys=0.01, real=2.73 secs] 
4445.364: [GC [PSYoungGen: 303552K->20889K(324480K)] 769364K->486702K(1023552K), 0.0844900 secs] [Times: user=0.15 sys=0.00, real=0.09 secs] 
4445.839: [GC [PSYoungGen: 324441K->16084K(326080K)] 790254K->488657K(1025152K), 0.0747500 secs] [Times: user=0.18 sys=0.00, real=0.07 secs] 
4446.216: [GC [PSYoungGen: 318676K->18630K(326016K)] 791249K->496244K(1025088K), 0.0829150 secs] [Times: user=0.16 sys=0.00, real=0.09 secs] 
4446.630: [GC [PSYoungGen: 321222K->13288K(325696K)] 798836K->497169K(1024768K), 0.0520320 secs] [Times: user=0.17 sys=0.00, real=0.05 secs] 
4447.072: [GC [PSYoungGen: 315944K->17948K(326080K)] 799825K->504880K(1025152K), 0.0599150 secs] [Times: user=0.16 sys=0.00, real=0.06 secs] 
4447.488: [GC [PSYoungGen: 320604K->17775K(327104K)] 807536K->512548K(1026176K), 0.0603310 secs] [Times: user=0.16 sys=0.00, real=0.06 secs] 
4447.951: [GC [PSYoungGen: 321967K->16588K(326592K)] 816740K->519957K(1025664K), 0.0957950 secs] [Times: user=0.16 sys=0.01, real=0.10 secs] 
4448.339: [GC [PSYoungGen: 320780K->16045K(327552K)] 824149K->523332K(1026624K), 0.0568920 secs] [Times: user=0.14 sys=0.01, real=0.05 secs] 
4448.727: [GC [PSYoungGen: 321453K->15919K(327360K)] 828740K->531042K(1026432K), 0.0623090 secs] [Times: user=0.15 sys=0.00, real=0.06 secs] 
4449.260: [GC [PSYoungGen: 321327K->13213K(327168K)] 836450K->533481K(1026240K), 0.0377410 secs] [Times: user=0.13 sys=0.00, real=0.04 secs] 
4449.626: [GC [PSYoungGen: 318557K->15076K(327424K)] 838825K->540402K(1026496K), 0.0606680 secs] [Times: user=0.15 sys=0.00, real=0.06 secs] 
4449.982: [GC [PSYoungGen: 320420K->19043K(326976K)] 845746K->551069K(1026048K), 0.0825850 secs] [Times: user=0.18 sys=0.00, real=0.08 secs] 
4450.432: [GC [PSYoungGen: 324131K->19813K(324928K)] 856157K->561765K(1024000K), 0.0941290 secs] [Times: user=0.19 sys=0.00, real=0.09 secs] 
4450.860: [GC [PSYoungGen: 324901K->15395K(326976K)] 866853K->564490K(1026048K), 0.0621570 secs] [Times: user=0.15 sys=0.00, real=0.06 secs] 
4451.303: [GC [PSYoungGen: 319651K->18081K(326784K)] 868746K->571958K(1025856K), 0.0753780 secs] [Times: user=0.16 sys=0.00, real=0.08 secs] 
4451.796: [GC [PSYoungGen: 322337K->17968K(327360K)] 876214K->578117K(1026432K), 0.0553100 secs] [Times: user=0.16 sys=0.00, real=0.06 secs] 
4452.185: [GC [PSYoungGen: 322992K->12491K(317568K)] 883141K->578682K(1016640K), 0.0462560 secs] [Times: user=0.14 sys=0.00, real=0.05 secs] 
4452.549: [GC [PSYoungGen: 317515K->18290K(327040K)] 883706K->590294K(1026112K), 0.0559230 secs] [Times: user=0.17 sys=0.00, real=0.05 secs] 
4452.965: [GC [PSYoungGen: 322854K->19380K(323968K)] 894858K->601064K(1023040K), 0.0873380 secs] [Times: user=0.19 sys=0.00, real=0.09 secs] 
4453.366: [GC [PSYoungGen: 323956K->18839K(326592K)] 905640K->605929K(1025664K), 0.0753130 secs] [Times: user=0.18 sys=0.01, real=0.08 secs] 
4453.765: [GC [PSYoungGen: 322647K->20255K(324096K)] 909737K->613891K(1023168K), 0.0762970 secs] [Times: user=0.17 sys=0.01, real=0.08 secs] 
4454.213: [GC [PSYoungGen: 324063K->15333K(326272K)] 917699K->617701K(1025344K), 0.0842640 secs] [Times: user=0.15 sys=0.00, real=0.08 secs] 
4454.640: [GC [PSYoungGen: 318181K->18539K(326080K)] 920549K->625136K(1025152K), 0.1041080 secs] [Times: user=0.18 sys=0.01, real=0.10 secs] 
4455.091: [GC [PSYoungGen: 321381K->17267K(326976K)] 927979K->630832K(1026048K), 0.0639910 secs] [Times: user=0.16 sys=0.00, real=0.06 secs] 
4455.482: [GC [PSYoungGen: 321203K->14319K(326464K)] 934768K->633154K(1025536K), 0.0749240 secs] [Times: user=0.14 sys=0.00, real=0.07 secs] 
4455.889: [GC [PSYoungGen: 318255K->13824K(326912K)] 937090K->637529K(1025984K), 0.0520120 secs] [Times: user=0.15 sys=0.00, real=0.05 secs] 
4456.360: [GC [PSYoungGen: 318144K->18232K(326912K)] 941849K->648360K(1025984K), 0.0745350 secs] [Times: user=0.18 sys=0.00, real=0.07 secs] 
4456.748: [GC [PSYoungGen: 322552K->19229K(326336K)] 952680K->657698K(1025408K), 0.0663920 secs] [Times: user=0.18 sys=0.00, real=0.06 secs] 
4457.178: [GC [PSYoungGen: 323037K->13668K(326656K)] 961506K->657859K(1025728K), 0.0572970 secs] [Times: user=0.15 sys=0.00, real=0.06 secs] 
4457.643: [GC [PSYoungGen: 317476K->15971K(327104K)] 961667K->664967K(1026176K), 0.0538340 secs] [Times: user=0.14 sys=0.00, real=0.05 secs] 
4458.029: [GC [PSYoungGen: 320227K->19084K(326656K)] 969223K->676537K(1025728K), 0.0956770 secs] [Times: user=0.18 sys=0.00, real=0.10 secs] 
4458.549: [GC [PSYoungGen: 323340K->13473K(326784K)] 980793K->677396K(1025856K), 0.0652680 secs] [Times: user=0.14 sys=0.00, real=0.07 secs] 
4458.987: [GC [PSYoungGen: 317537K->18051K(326784K)] 981460K->687691K(1025856K), 0.0568660 secs] [Times: user=0.17 sys=0.00, real=0.06 secs] 
4459.378: [GC [PSYoungGen: 322115K->18344K(326848K)] 991755K->696964K(1025920K), 0.0605740 secs] [Times: user=0.17 sys=0.00, real=0.06 secs] 
4459.758: [GC [PSYoungGen: 322536K->18966K(323200K)] 1001156K->703430K(1022272K), 0.0596640 secs] [Times: user=0.16 sys=0.00, real=0.06 secs] 
4460.166: [GC [PSYoungGen: 323158K->14446K(326784K)] 1007622K->707633K(1025856K), 0.0576670 secs] [Times: user=0.16 sys=0.00, real=0.06 secs] 
4460.224: [Full GC [PSYoungGen: 14446K->0K(326784K)] [PSOldGen: 693187K->500047K(699072K)] 707633K->500047K(1025856K) [PSPermGen: 91625K->91625K(262144K)], 2.5577420 secs] [Times: user=2.53 sys=0.02, real=2.56 secs] 
4463.132: [GC [PSYoungGen: 303936K->18753K(326656K)] 803983K->518801K(1025728K), 0.0494530 secs] [Times: user=0.13 sys=0.00, real=0.05 secs] 
4463.543: [GC [PSYoungGen: 322689K->22822K(320000K)] 822737K->527636K(1019072K), 0.0732750 secs] [Times: user=0.18 sys=0.00, real=0.07 secs] 
4463.928: [GC [PSYoungGen: 319974K->11499K(308672K)] 824788K->526677K(1007744K), 0.0654970 secs] [Times: user=0.15 sys=0.00, real=0.07 secs] 
4464.455: [GC [PSYoungGen: 308651K->17773K(323776K)] 823829K->537957K(1022848K), 0.0511760 secs] [Times: user=0.16 sys=0.00, real=0.05 secs] 
4464.877: [GC [PSYoungGen: 315053K->25720K(323008K)] 835237K->549379K(1022080K), 0.0710920 secs] [Times: user=0.17 sys=0.00, real=0.07 secs] 
4465.327: [GC [PSYoungGen: 323000K->16596K(318912K)] 846659K->553122K(1017984K), 0.0898470 secs] [Times: user=0.19 sys=0.01, real=0.09 secs] 
4465.830: [GC [PSYoungGen: 309012K->17597K(320960K)] 845538K->559253K(1020032K), 0.0660440 secs] [Times: user=0.17 sys=0.01, real=0.07 secs] 
4466.215: [GC [PSYoungGen: 310013K->13059K(321856K)] 851669K->559601K(1020928K), 0.0531690 secs] [Times: user=0.16 sys=0.00, real=0.05 secs] 
4466.712: [GC [PSYoungGen: 307267K->16787K(321856K)] 853809K->567792K(1020928K), 0.0558270 secs] [Times: user=0.14 sys=0.00, real=0.05 secs] 
4467.193: [GC [PSYoungGen: 310995K->15750K(323264K)] 862000K->573864K(1022336K), 0.0790020 secs] [Times: user=0.15 sys=0.00, real=0.08 secs] 
4467.554: [GC [PSYoungGen: 312189K->15736K(322688K)] 870302K->580051K(1021760K), 0.0444320 secs] [Times: user=0.16 sys=0.00, real=0.04 secs] 
4467.978: [GC [PSYoungGen: 312184K->16092K(324416K)] 876499K->584280K(1023488K), 0.0731990 secs] [Times: user=0.15 sys=0.00, real=0.08 secs] 
4468.370: [GC [PSYoungGen: 314780K->21055K(323776K)] 882968K->593894K(1022848K), 0.0632730 secs] [Times: user=0.18 sys=0.00, real=0.07 secs] 
4468.860: [GC [PSYoungGen: 319743K->13393K(323904K)] 892582K->597680K(1022976K), 0.0691000 secs] [Times: user=0.16 sys=0.00, real=0.07 secs] 
4469.227: [GC [PSYoungGen: 311569K->18333K(323776K)] 895856K->606474K(1022848K), 0.0708960 secs] [Times: user=0.17 sys=0.00, real=0.07 secs] 
4469.674: [GC [PSYoungGen: 316509K->15379K(324736K)] 904650K->612801K(1023808K), 0.1052720 secs] [Times: user=0.24 sys=0.01, real=0.10 secs] 
4470.121: [GC [PSYoungGen: 314899K->19212K(324288K)] 912321K->622545K(1023360K), 0.0700700 secs] [Times: user=0.17 sys=0.00, real=0.07 secs] 
4470.608: [GC [PSYoungGen: 318732K->15197K(325120K)] 922065K->624259K(1024192K), 0.0620680 secs] [Times: user=0.15 sys=0.00, real=0.06 secs] 
4471.085: [GC [PSYoungGen: 315549K->16060K(324736K)] 924611K->631595K(1023808K), 0.0759760 secs] [Times: user=0.16 sys=0.00, real=0.07 secs] 
4471.505: [GC [PSYoungGen: 316412K->17057K(326336K)] 931947K->637703K(1025408K), 0.0894850 secs] [Times: user=0.17 sys=0.00, real=0.09 secs] 
4471.915: [GC [PSYoungGen: 319585K->19429K(325696K)] 940231K->648181K(1024768K), 0.0872200 secs] [Times: user=0.17 sys=0.00, real=0.09 secs] 
4472.296: [GC [PSYoungGen: 321957K->15428K(326336K)] 950709K->651923K(1025408K), 0.0555840 secs] [Times: user=0.17 sys=0.01, real=0.06 secs] 
4472.671: [GC [PSYoungGen: 318276K->19152K(326016K)] 954771K->661139K(1025088K), 0.0635650 secs] [Times: user=0.17 sys=0.00, real=0.07 secs] 
4473.090: [GC [PSYoungGen: 322000K->16061K(326592K)] 963987K->667351K(1025664K), 0.0688580 secs] [Times: user=0.16 sys=0.00, real=0.07 secs] 
4473.451: [GC [PSYoungGen: 319357K->17562K(326208K)] 970647K->673555K(1025280K), 0.0575220 secs] [Times: user=0.15 sys=0.00, real=0.06 secs] 
4473.812: [GC [PSYoungGen: 320858K->13162K(326720K)] 976851K->675555K(1025792K), 0.0527460 secs] [Times: user=0.16 sys=0.00, real=0.05 secs] 
4474.169: [GC [PSYoungGen: 317354K->18405K(326848K)] 979747K->685761K(1025920K), 0.0674930 secs] [Times: user=0.19 sys=0.00, real=0.07 secs] 
4474.575: [GC [PSYoungGen: 322597K->18625K(326720K)] 989953K->694073K(1025792K), 0.0993850 secs] [Times: user=0.17 sys=0.00, real=0.10 secs] 
4475.000: [GC [PSYoungGen: 322689K->17110K(326784K)] 998137K->699869K(1025856K), 0.0695420 secs] [Times: user=0.18 sys=0.01, real=0.07 secs] 
4475.370: [GC [PSYoungGen: 321174K->17293K(327744K)] 1003933K->706076K(1026816K), 0.0848770 secs] [Times: user=0.16 sys=0.00, real=0.09 secs] 
4475.455: [Full GC [PSYoungGen: 17293K->0K(327744K)] [PSOldGen: 688782K->495795K(699072K)] 706076K->495795K(1026816K) [PSPermGen: 91644K->91644K(262144K)], 2.5957530 secs] [Times: user=2.59 sys=0.00, real=2.59 secs] 
4478.433: [GC [PSYoungGen: 305600K->21753K(327360K)] 801395K->518986K(1026432K), 0.0615300 secs] [Times: user=0.14 sys=0.00, real=0.06 secs] 
4478.844: [GC [PSYoungGen: 327353K->15545K(325056K)] 824586K->523567K(1024128K), 0.0950760 secs] [Times: user=0.17 sys=0.00, real=0.09 secs] 
4479.285: [GC [PSYoungGen: 318457K->20208K(323136K)] 826479K->532630K(1022208K), 0.0715460 secs] [Times: user=0.18 sys=0.00, real=0.07 secs] 
4479.882: [GC [PSYoungGen: 323120K->17670K(326336K)] 835542K->536516K(1025408K), 0.1135160 secs] [Times: user=0.22 sys=0.00, real=0.11 secs] 
4480.346: [GC [PSYoungGen: 320262K->13137K(325760K)] 839108K->537925K(1024832K), 0.0854680 secs] [Times: user=0.13 sys=0.00, real=0.08 secs] 
4480.831: [GC [PSYoungGen: 315729K->16615K(326592K)] 840517K->545672K(1025664K), 0.0596200 secs] [Times: user=0.15 sys=0.01, real=0.06 secs] 
4481.270: [GC [PSYoungGen: 319783K->15137K(326080K)] 848840K->551723K(1025152K), 0.0697740 secs] [Times: user=0.18 sys=0.00, real=0.07 secs] 
4481.647: [GC [PSYoungGen: 318305K->15277K(327040K)] 854891K->558157K(1026112K), 0.0649090 secs] [Times: user=0.15 sys=0.00, real=0.06 secs] 
4482.195: [GC [PSYoungGen: 319597K->17035K(326784K)] 862477K->567219K(1025856K), 0.0726750 secs] [Times: user=0.17 sys=0.01, real=0.07 secs] 
4482.584: [GC [PSYoungGen: 321355K->15440K(327808K)] 871539K->572050K(1026880K), 0.0749940 secs] [Times: user=0.16 sys=0.00, real=0.07 secs] 
4483.027: [GC [PSYoungGen: 321296K->16277K(327552K)] 877906K->580230K(1026624K), 0.0681180 secs] [Times: user=0.17 sys=0.00, real=0.07 secs] 
4483.399: [GC [PSYoungGen: 322133K->18837K(327552K)] 886086K->590022K(1026624K), 0.0651810 secs] [Times: user=0.16 sys=0.00, real=0.07 secs] 
4483.798: [GC [PSYoungGen: 325077K->16260K(327872K)] 896262K->595553K(1026944K), 0.0845610 secs] [Times: user=0.17 sys=0.00, real=0.08 secs] 
4484.156: [GC [PSYoungGen: 322500K->15805K(328512K)] 901793K->599405K(1027584K), 0.0483590 secs] [Times: user=0.15 sys=0.00, real=0.05 secs] 
4484.586: [GC [PSYoungGen: 323069K->19310K(326592K)] 906669K->610335K(1025664K), 0.0962010 secs] [Times: user=0.18 sys=0.00, real=0.09 secs] 
4485.021: [GC [PSYoungGen: 326574K->17625K(328192K)] 917599K->617899K(1027264K), 0.0746740 secs] [Times: user=0.17 sys=0.00, real=0.08 secs] 
4485.548: [GC [PSYoungGen: 324313K->17934K(328000K)] 924587K->624385K(1027072K), 0.0861180 secs] [Times: user=0.17 sys=0.00, real=0.09 secs] 
4486.018: [GC [PSYoungGen: 324622K->17793K(328448K)] 931073K->629396K(1027520K), 0.0806130 secs] [Times: user=0.18 sys=0.00, real=0.08 secs] 
4486.439: [GC [PSYoungGen: 324993K->19330K(326592K)] 936596K->635707K(1025664K), 0.0673400 secs] [Times: user=0.16 sys=0.01, real=0.07 secs] 
4486.891: [GC [PSYoungGen: 326530K->16935K(328384K)] 942907K->640404K(1027456K), 0.0984530 secs] [Times: user=0.18 sys=0.00, real=0.10 secs] 
4487.341: [GC [PSYoungGen: 323879K->21107K(328064K)] 947348K->651641K(1027136K), 0.0638550 secs] [Times: user=0.17 sys=0.00, real=0.07 secs] 
4487.706: [GC [PSYoungGen: 328051K->17544K(322304K)] 958585K->656014K(1021376K), 0.0631220 secs] [Times: user=0.17 sys=0.00, real=0.06 secs] 
4488.172: [GC [PSYoungGen: 318408K->17075K(325184K)] 956878K->660100K(1024256K), 0.0834240 secs] [Times: user=0.16 sys=0.00, real=0.09 secs] 
4488.555: [GC [PSYoungGen: 317939K->17099K(325952K)] 960964K->664557K(1025024K), 0.0504940 secs] [Times: user=0.16 sys=0.00, real=0.05 secs] 
4489.026: [GC [PSYoungGen: 319115K->17307K(325568K)] 966573K->671164K(1024640K), 0.0597010 secs] [Times: user=0.16 sys=0.00, real=0.06 secs] 
4489.434: [GC [PSYoungGen: 319323K->18385K(326720K)] 973180K->678839K(1025792K), 0.0806710 secs] [Times: user=0.18 sys=0.00, real=0.08 secs] 
4489.880: [GC [PSYoungGen: 321937K->17685K(326336K)] 982391K->684868K(1025408K), 0.0795280 secs] [Times: user=0.16 sys=0.00, real=0.08 secs] 
4490.267: [GC [PSYoungGen: 321237K->17535K(327488K)] 988420K->691222K(1026560K), 0.0827410 secs] [Times: user=0.19 sys=0.00, real=0.08 secs] 
4490.724: [GC [PSYoungGen: 322687K->18432K(327168K)] 996374K->699657K(1026240K), 0.0562770 secs] [Times: user=0.18 sys=0.00, real=0.06 secs] 
4491.088: [GC [PSYoungGen: 323584K->14659K(327232K)] 1004809K->702165K(1026304K), 0.0539310 secs] [Times: user=0.15 sys=0.00, real=0.05 secs] 
4491.496: [GC [PSYoungGen: 320131K->18743K(327488K)] 1007637K->709783K(1026560K), 0.0836800 secs] [Times: user=0.16 sys=0.01, real=0.08 secs] 
4491.580: [Full GC [PSYoungGen: 18743K->0K(327488K)] [PSOldGen: 691039K->499961K(699072K)] 709783K->499961K(1026560K) [PSPermGen: 91661K->91661K(262144K)], 2.4514910 secs] [Times: user=2.44 sys=0.00, real=2.45 secs] 
4494.357: [GC [PSYoungGen: 305472K->21185K(325888K)] 805433K->521147K(1024960K), 0.0520170 secs] [Times: user=0.14 sys=0.00, real=0.05 secs] 
4494.816: [GC [PSYoungGen: 325121K->22761K(326720K)] 825083K->529459K(1025792K), 0.0767610 secs] [Times: user=0.17 sys=0.01, real=0.07 secs] 
4495.224: [GC [PSYoungGen: 326697K->19422K(320576K)] 833395K->537069K(1019648K), 0.0708130 secs] [Times: user=0.21 sys=0.00, real=0.08 secs] 
4495.671: [GC [PSYoungGen: 317214K->17591K(323648K)] 834861K->544863K(1022720K), 0.0711410 secs] [Times: user=0.18 sys=0.01, real=0.07 secs] 
4496.091: [GC [PSYoungGen: 315383K->19138K(324608K)] 842655K->552712K(1023680K), 0.0688290 secs] [Times: user=0.18 sys=0.00, real=0.07 secs] 
4496.528: [GC [PSYoungGen: 318274K->17175K(324032K)] 851848K->554620K(1023104K), 0.0540780 secs] [Times: user=0.17 sys=0.00, real=0.05 secs] 
4496.917: [GC [PSYoungGen: 316311K->17878K(325248K)] 853756K->562544K(1024320K), 0.0481940 secs] [Times: user=0.16 sys=0.00, real=0.05 secs] 
4497.270: [GC [PSYoungGen: 318486K->15836K(324864K)] 863152K->569142K(1023936K), 0.0627490 secs] [Times: user=0.17 sys=0.00, real=0.06 secs] 
4497.729: [GC [PSYoungGen: 316444K->13455K(324672K)] 869750K->570147K(1023744K), 0.0547070 secs] [Times: user=0.13 sys=0.00, real=0.05 secs] 
4498.058: [GC [PSYoungGen: 313935K->17262K(324992K)] 870627K->577099K(1024064K), 0.0622480 secs] [Times: user=0.16 sys=0.00, real=0.06 secs] 
4498.436: [GC [PSYoungGen: 317742K->16333K(325824K)] 877579K->585715K(1024896K), 0.0619020 secs] [Times: user=0.17 sys=0.00, real=0.06 secs] 
4498.865: [GC [PSYoungGen: 318157K->17797K(325504K)] 887539K->595518K(1024576K), 0.0972530 secs] [Times: user=0.16 sys=0.00, real=0.10 secs] 
4499.336: [GC [PSYoungGen: 319621K->15869K(326656K)] 897342K->599648K(1025728K), 0.0571850 secs] [Times: user=0.15 sys=0.00, real=0.05 secs] 
4499.729: [GC [PSYoungGen: 319421K->18478K(326400K)] 903200K->607125K(1025472K), 0.0685140 secs] [Times: user=0.16 sys=0.01, real=0.07 secs] 
4500.141: [GC [PSYoungGen: 322029K->17401K(327296K)] 910676K->614854K(1026368K), 0.0710210 secs] [Times: user=0.17 sys=0.00, real=0.07 secs] 
4500.626: [GC [PSYoungGen: 322041K->18097K(326848K)] 919494K->621268K(1025920K), 0.0641250 secs] [Times: user=0.15 sys=0.00, real=0.06 secs] 
4500.987: [GC [PSYoungGen: 322737K->12698K(326656K)] 925908K->620743K(1025728K), 0.0672160 secs] [Times: user=0.17 sys=0.00, real=0.06 secs] 
4501.450: [GC [PSYoungGen: 317402K->18962K(323712K)] 925447K->631665K(1022784K), 0.0602300 secs] [Times: user=0.15 sys=0.00, real=0.06 secs] 
4501.925: [GC [PSYoungGen: 323666K->17112K(327488K)] 936369K->637968K(1026560K), 0.0743940 secs] [Times: user=0.18 sys=0.00, real=0.07 secs] 
4502.353: [GC [PSYoungGen: 322072K->16403K(326976K)] 942928K->642642K(1026048K), 0.0703040 secs] [Times: user=0.18 sys=0.00, real=0.07 secs] 
4502.762: [GC [PSYoungGen: 321363K->19001K(327360K)] 947602K->651258K(1026432K), 0.0740080 secs] [Times: user=0.17 sys=0.00, real=0.08 secs] 
4503.242: [GC [PSYoungGen: 324601K->17255K(327552K)] 956858K->659240K(1026624K), 0.0803920 secs] [Times: user=0.17 sys=0.00, real=0.08 secs] 
4503.642: [GC [PSYoungGen: 322855K->17257K(328384K)] 964840K->664927K(1027456K), 0.0567140 secs] [Times: user=0.16 sys=0.00, real=0.06 secs] 
4504.065: [GC [PSYoungGen: 324137K->16595K(328000K)] 971807K->669447K(1027072K), 0.0765270 secs] [Times: user=0.19 sys=0.00, real=0.08 secs] 
4504.506: [GC [PSYoungGen: 323475K->15403K(328640K)] 976327K->675098K(1027712K), 0.0680480 secs] [Times: user=0.18 sys=0.00, real=0.07 secs] 
4504.915: [GC [PSYoungGen: 323115K->19438K(327168K)] 982810K->684755K(1026240K), 0.0614390 secs] [Times: user=0.16 sys=0.01, real=0.07 secs] 
4505.409: [GC [PSYoungGen: 327150K->16451K(328384K)] 992467K->687068K(1027456K), 0.0756910 secs] [Times: user=0.17 sys=0.00, real=0.07 secs] 
4505.885: [GC [PSYoungGen: 323459K->15680K(328128K)] 994076K->689405K(1027200K), 0.0623300 secs] [Times: user=0.15 sys=0.00, real=0.07 secs] 
4506.348: [GC [PSYoungGen: 322688K->18335K(328384K)] 996413K->698372K(1027456K), 0.1227840 secs] [Times: user=0.16 sys=0.00, real=0.12 secs] 
4506.807: [GC [PSYoungGen: 325727K->19527K(326976K)] 1005764K->706511K(1026048K), 0.0866860 secs] [Times: user=0.22 sys=0.00, real=0.08 secs] 
4507.273: [GC [PSYoungGen: 326916K->15199K(328000K)] 1013899K->709880K(1027072K), 0.0557290 secs] [Times: user=0.16 sys=0.00, real=0.06 secs] 
4507.329: [Full GC [PSYoungGen: 15199K->0K(328000K)] [PSOldGen: 694680K->465219K(699072K)] 709880K->465219K(1027072K) [PSPermGen: 91675K->91616K(262144K)], 2.6933820 secs] [Times: user=2.69 sys=0.00, real=2.69 secs] 
4510.444: [GC [PSYoungGen: 306432K->21439K(327872K)] 771651K->486659K(1026944K), 0.0535160 secs] [Times: user=0.14 sys=0.01, real=0.06 secs] 
4510.927: [GC [PSYoungGen: 327871K->21612K(318272K)] 793091K->494439K(1017344K), 0.1060330 secs] [Times: user=0.18 sys=0.00, real=0.10 secs] 
4511.376: [GC [PSYoungGen: 318252K->23357K(320000K)] 791079K->505865K(1019072K), 0.0662020 secs] [Times: user=0.19 sys=0.00, real=0.07 secs] 
4511.912: [GC [PSYoungGen: 319997K->12458K(321408K)] 802505K->502686K(1020480K), 0.0943660 secs] [Times: user=0.13 sys=0.00, real=0.09 secs] 
4512.325: [GC [PSYoungGen: 306538K->18549K(321792K)] 796766K->512430K(1020864K), 0.0743330 secs] [Times: user=0.15 sys=0.00, real=0.08 secs] 
4512.811: [GC [PSYoungGen: 312629K->15230K(322944K)] 806510K->518175K(1022016K), 0.0759620 secs] [Times: user=0.16 sys=0.00, real=0.07 secs] 
4513.264: [GC [PSYoungGen: 311358K->18180K(322688K)] 814303K->525611K(1021760K), 0.0930940 secs] [Times: user=0.16 sys=0.01, real=0.10 secs] 
4513.751: [GC [PSYoungGen: 314308K->13839K(323776K)] 821739K->527432K(1022848K), 0.0543810 secs] [Times: user=0.14 sys=0.00, real=0.05 secs] 
4514.186: [GC [PSYoungGen: 311887K->18201K(323776K)] 825480K->538088K(1022848K), 0.0608740 secs] [Times: user=0.17 sys=0.00, real=0.07 secs] 
4514.587: [GC [PSYoungGen: 316249K->17074K(324992K)] 836136K->546478K(1024064K), 0.0719650 secs] [Times: user=0.17 sys=0.01, real=0.07 secs] 
4514.975: [GC [PSYoungGen: 316978K->12032K(324416K)] 846382K->549728K(1023488K), 0.0591980 secs] [Times: user=0.15 sys=0.00, real=0.06 secs] 
4515.407: [GC [PSYoungGen: 311936K->16668K(325376K)] 849632K->559966K(1024448K), 0.0479640 secs] [Times: user=0.16 sys=0.00, real=0.04 secs] 
4515.767: [GC [PSYoungGen: 317212K->17164K(324672K)] 860510K->568956K(1023744K), 0.0568850 secs] [Times: user=0.16 sys=0.00, real=0.05 secs] 
4516.188: [GC [PSYoungGen: 317708K->17910K(326400K)] 869500K->577039K(1025472K), 0.0772850 secs] [Times: user=0.19 sys=0.00, real=0.07 secs] 
4516.622: [GC [PSYoungGen: 320886K->20907K(323904K)] 880015K->585965K(1022976K), 0.0863980 secs] [Times: user=0.19 sys=0.00, real=0.09 secs] 
4517.153: [GC [PSYoungGen: 323883K->17346K(326208K)] 888941K->588497K(1025280K), 0.0720760 secs] [Times: user=0.16 sys=0.00, real=0.07 secs] 
4517.685: [GC [PSYoungGen: 319682K->12784K(325632K)] 890833K->589648K(1024704K), 0.0930790 secs] [Times: user=0.13 sys=0.00, real=0.10 secs] 
4518.129: [GC [PSYoungGen: 315120K->18104K(326208K)] 891984K->598347K(1025280K), 0.1027450 secs] [Times: user=0.16 sys=0.00, real=0.10 secs] 
4518.540: [GC [PSYoungGen: 320760K->19614K(325952K)] 901003K->607855K(1025024K), 0.0722740 secs] [Times: user=0.17 sys=0.00, real=0.07 secs] 
4518.950: [GC [PSYoungGen: 322270K->15582K(326208K)] 910511K->613666K(1025280K), 0.0686700 secs] [Times: user=0.18 sys=0.00, real=0.07 secs] 
4519.355: [GC [PSYoungGen: 318238K->18350K(325952K)] 916322K->621904K(1025024K), 0.0624670 secs] [Times: user=0.16 sys=0.00, real=0.06 secs] 
4519.889: [GC [PSYoungGen: 321006K->18060K(326720K)] 924560K->628580K(1025792K), 0.0776890 secs] [Times: user=0.16 sys=0.00, real=0.07 secs] 
4520.320: [GC [PSYoungGen: 321676K->15550K(326400K)] 932196K->632434K(1025472K), 0.0787540 secs] [Times: user=0.17 sys=0.01, real=0.08 secs] 
4520.719: [GC [PSYoungGen: 319166K->16637K(327360K)] 936050K->640550K(1026432K), 0.0653640 secs] [Times: user=0.16 sys=0.00, real=0.06 secs] 
4521.175: [GC [PSYoungGen: 321405K->18628K(326912K)] 945318K->648432K(1025984K), 0.0585570 secs] [Times: user=0.15 sys=0.00, real=0.06 secs] 
4521.647: [GC [PSYoungGen: 323396K->18524K(327360K)] 953200K->656018K(1026432K), 0.0864570 secs] [Times: user=0.17 sys=0.00, real=0.09 secs] 
4522.066: [GC [PSYoungGen: 323676K->18333K(327296K)] 961170K->661771K(1026368K), 0.0467040 secs] [Times: user=0.17 sys=0.00, real=0.05 secs] 
4522.501: [GC [PSYoungGen: 323485K->17639K(327936K)] 966923K->667354K(1027008K), 0.0744100 secs] [Times: user=0.18 sys=0.00, real=0.07 secs] 
4522.936: [GC [PSYoungGen: 323559K->13416K(327488K)] 973274K->667194K(1026560K), 0.0664040 secs] [Times: user=0.14 sys=0.00, real=0.07 secs] 
4523.347: [GC [PSYoungGen: 319336K->15842K(327872K)] 973114K->674638K(1026944K), 0.0804230 secs] [Times: user=0.16 sys=0.00, real=0.08 secs] 
4523.806: [GC [PSYoungGen: 321826K->15771K(327616K)] 980622K->681206K(1026688K), 0.0831770 secs] [Times: user=0.15 sys=0.00, real=0.09 secs] 
4524.343: [GC [PSYoungGen: 321755K->17136K(328448K)] 987190K->689593K(1027520K), 0.0888730 secs] [Times: user=0.15 sys=0.00, real=0.09 secs] 
4524.813: [GC [PSYoungGen: 324208K->14316K(328128K)] 996665K->693760K(1027200K), 0.0548870 secs] [Times: user=0.16 sys=0.00, real=0.05 secs] 
4525.330: [GC [PSYoungGen: 321388K->15835K(328768K)] 1000832K->701373K(1027840K), 0.0621950 secs] [Times: user=0.16 sys=0.00, real=0.06 secs] 
4525.792: [GC [PSYoungGen: 323547K->19895K(327616K)] 1009085K->710283K(1026688K), 0.0769600 secs] [Times: user=0.17 sys=0.00, real=0.08 secs] 
4525.869: [Full GC [PSYoungGen: 19895K->0K(327616K)] [PSOldGen: 690388K->497906K(699072K)] 710283K->497906K(1026688K) [PSPermGen: 91632K->91632K(262144K)], 2.6625710 secs] [Times: user=2.65 sys=0.01, real=2.66 secs] 
4528.890: [GC [PSYoungGen: 307712K->18519K(327680K)] 805618K->516425K(1026752K), 0.0600050 secs] [Times: user=0.13 sys=0.01, real=0.06 secs] 
4529.281: [GC [PSYoungGen: 324624K->21690K(327808K)] 822530K->523014K(1026880K), 0.0675490 secs] [Times: user=0.16 sys=0.00, real=0.06 secs] 
4529.710: [GC [PSYoungGen: 327802K->16899K(323712K)] 829126K->528668K(1022784K), 0.0864160 secs] [Times: user=0.18 sys=0.00, real=0.08 secs] 
4530.181: [GC [PSYoungGen: 318915K->17288K(325760K)] 830684K->533807K(1024832K), 0.0580120 secs] [Times: user=0.15 sys=0.00, real=0.05 secs] 
4530.643: [GC [PSYoungGen: 319304K->16634K(326592K)] 835823K->541101K(1025664K), 0.0930410 secs] [Times: user=0.14 sys=0.01, real=0.09 secs] 
4531.037: [GC [PSYoungGen: 319994K->14691K(326272K)] 844461K->544308K(1025344K), 0.0743910 secs] [Times: user=0.15 sys=0.00, real=0.08 secs] 
4531.482: [GC [PSYoungGen: 318051K->17330K(327168K)] 847668K->551096K(1026240K), 0.0573100 secs] [Times: user=0.15 sys=0.01, real=0.05 secs] 
4531.885: [GC [PSYoungGen: 321650K->20067K(326656K)] 855416K->562545K(1025728K), 0.0588530 secs] [Times: user=0.18 sys=0.01, real=0.06 secs] 
4532.262: [GC [PSYoungGen: 324383K->18405K(326912K)] 866862K->568739K(1025984K), 0.0569300 secs] [Times: user=0.17 sys=0.00, real=0.05 secs] 
4532.663: [GC [PSYoungGen: 322469K->20223K(324288K)] 872803K->574564K(1023360K), 0.0657440 secs] [Times: user=0.16 sys=0.01, real=0.06 secs] 
4533.011: [GC [PSYoungGen: 324287K->20606K(325440K)] 878628K->581801K(1024512K), 0.0952800 secs] [Times: user=0.18 sys=0.00, real=0.09 secs] 
4533.406: [GC [PSYoungGen: 323006K->17600K(325952K)] 884201K->584418K(1025024K), 0.0668210 secs] [Times: user=0.16 sys=0.00, real=0.07 secs] 
4533.848: [GC [PSYoungGen: 320000K->16867K(326656K)] 886818K->590702K(1025728K), 0.0599580 secs] [Times: user=0.17 sys=0.00, real=0.06 secs] 
4535.129: [GC [PSYoungGen: 320419K->15851K(326400K)] 894254K->596375K(1025472K), 0.0841500 secs] [Times: user=0.18 sys=0.00, real=0.09 secs] 
4535.520: [GC [PSYoungGen: 319403K->21024K(325376K)] 899927K->606187K(1024448K), 0.0824440 secs] [Times: user=0.17 sys=0.01, real=0.09 secs] 
4535.929: [GC [PSYoungGen: 323680K->15947K(326080K)] 908843K->607709K(1025152K), 0.0614960 secs] [Times: user=0.16 sys=0.00, real=0.07 secs] 
4536.384: [GC [PSYoungGen: 318603K->16304K(326528K)] 910365K->612159K(1025600K), 0.0677000 secs] [Times: user=0.17 sys=0.00, real=0.07 secs] 
4536.738: [GC [PSYoungGen: 319536K->16707K(326208K)] 915391K->620422K(1025280K), 0.0597110 secs] [Times: user=0.16 sys=0.00, real=0.06 secs] 
4537.247: [GC [PSYoungGen: 319939K->12580K(326080K)] 923654K->624235K(1025152K), 0.0630890 secs] [Times: user=0.15 sys=0.00, real=0.06 secs] 
4537.663: [GC [PSYoungGen: 316004K->15384K(326464K)] 927659K->631595K(1025536K), 0.0629290 secs] [Times: user=0.15 sys=0.00, real=0.06 secs] 
4538.076: [GC [PSYoungGen: 318808K->21918K(324224K)] 935019K->643058K(1023296K), 0.0777890 secs] [Times: user=0.18 sys=0.00, real=0.08 secs] 
4538.503: [GC [PSYoungGen: 323422K->18373K(325504K)] 944562K->647958K(1024576K), 0.0524410 secs] [Times: user=0.17 sys=0.00, real=0.05 secs] 
4538.863: [GC [PSYoungGen: 319877K->15701K(326144K)] 949462K->653696K(1025216K), 0.0591520 secs] [Times: user=0.16 sys=0.00, real=0.06 secs] 
4539.248: [GC [PSYoungGen: 318159K->19209K(325824K)] 956155K->663733K(1024896K), 0.0862070 secs] [Times: user=0.16 sys=0.00, real=0.09 secs] 
4539.663: [GC [PSYoungGen: 321673K->16333K(326400K)] 966197K->666383K(1025472K), 0.0621390 secs] [Times: user=0.17 sys=0.00, real=0.06 secs] 
4540.115: [GC [PSYoungGen: 319245K->14526K(326016K)] 969295K->670328K(1025088K), 0.0549300 secs] [Times: user=0.15 sys=0.00, real=0.05 secs] 
4540.572: [GC [PSYoungGen: 317438K->17382K(326976K)] 973240K->678669K(1026048K), 0.1024250 secs] [Times: user=0.16 sys=0.00, real=0.10 secs] 
4541.093: [GC [PSYoungGen: 321318K->22498K(326464K)] 982605K->691974K(1025536K), 0.0891480 secs] [Times: user=0.19 sys=0.00, real=0.09 secs] 
4541.602: [GC [PSYoungGen: 326434K->19118K(319808K)] 995910K->695421K(1018880K), 0.0606940 secs] [Times: user=0.17 sys=0.00, real=0.06 secs] 
4542.022: [GC [PSYoungGen: 315886K->17713K(323136K)] 992189K->698691K(1022208K), 0.0581270 secs] [Times: user=0.15 sys=0.01, real=0.05 secs] 
4542.495: [GC [PSYoungGen: 314478K->15031K(323904K)] 995457K->701744K(1022976K), 0.0771300 secs] [Times: user=0.14 sys=0.00, real=0.08 secs] 
4542.921: [GC [PSYoungGen: 313207K->17940K(323776K)] 999920K->708165K(1022848K), 0.0502260 secs] [Times: user=0.16 sys=0.00, real=0.05 secs] 
4542.971: [Full GC [PSYoungGen: 17940K->0K(323776K)] [PSOldGen: 690225K->501165K(699072K)] 708165K->501165K(1022848K) [PSPermGen: 91646K->91646K(262144K)], 2.4954200 secs] [Times: user=2.49 sys=0.00, real=2.50 secs] 
4545.797: [GC [PSYoungGen: 298176K->20711K(324096K)] 799341K->521876K(1023168K), 0.0524710 secs] [Times: user=0.15 sys=0.00, real=0.05 secs] 
4546.219: [GC [PSYoungGen: 319911K->25127K(324352K)] 821076K->529076K(1023424K), 0.0492170 secs] [Times: user=0.18 sys=0.00, real=0.05 secs] 
4546.578: [GC [PSYoungGen: 324313K->13901K(318464K)] 828261K->529739K(1017536K), 0.0684140 secs] [Times: user=0.16 sys=0.01, real=0.07 secs] 
4547.017: [GC [PSYoungGen: 307213K->15111K(321408K)] 823051K->530948K(1020480K), 0.0556550 secs] [Times: user=0.13 sys=0.00, real=0.06 secs] 
4547.411: [GC [PSYoungGen: 308423K->24914K(318784K)] 824260K->540752K(1017856K), 0.0622290 secs] [Times: user=0.17 sys=0.00, real=0.07 secs] 
4547.839: [GC [PSYoungGen: 315922K->23595K(314624K)] 831760K->539433K(1013696K), 0.0659970 secs] [Times: user=0.16 sys=0.01, real=0.07 secs] 
4548.232: [GC [PSYoungGen: 314603K->22339K(319488K)] 830441K->540671K(1018560K), 0.0791200 secs] [Times: user=0.18 sys=0.01, real=0.08 secs] 
4548.675: [GC [PSYoungGen: 311939K->18578K(319552K)] 830271K->537571K(1018624K), 0.0761120 secs] [Times: user=0.17 sys=0.01, real=0.07 secs] 
4549.117: [GC [PSYoungGen: 308178K->18868K(321216K)] 827171K->537989K(1020288K), 0.0907610 secs] [Times: user=0.15 sys=0.00, real=0.09 secs] 
4549.499: [GC [PSYoungGen: 310964K->18072K(320384K)] 830085K->537582K(1019456K), 0.0642620 secs] [Times: user=0.14 sys=0.01, real=0.07 secs] 
4549.866: [GC [PSYoungGen: 310168K->18877K(322496K)] 829678K->538960K(1021568K), 0.0529780 secs] [Times: user=0.14 sys=0.00, real=0.05 secs] 
4550.280: [GC [PSYoungGen: 313661K->21400K(321792K)] 833744K->542104K(1020864K), 0.0620560 secs] [Times: user=0.17 sys=0.00, real=0.06 secs] 
4550.636: [GC [PSYoungGen: 316184K->18975K(323136K)] 836888K->541415K(1022208K), 0.0536470 secs] [Times: user=0.15 sys=0.00, real=0.05 secs] 
4551.060: [GC [PSYoungGen: 315167K->23630K(319872K)] 837607K->549129K(1018944K), 0.0722830 secs] [Times: user=0.18 sys=0.00, real=0.07 secs] 
4551.451: [GC [PSYoungGen: 319822K->17552K(322624K)] 845321K->544327K(1021696K), 0.0715650 secs] [Times: user=0.13 sys=0.01, real=0.07 secs] 
4551.882: [GC [PSYoungGen: 312976K->18067K(322304K)] 839751K->545279K(1021376K), 0.0452730 secs] [Times: user=0.14 sys=0.00, real=0.05 secs] 
4552.311: [GC [PSYoungGen: 313484K->22370K(322304K)] 840696K->550858K(1021376K), 0.0547620 secs] [Times: user=0.15 sys=0.00, real=0.06 secs] 
4552.710: [GC [PSYoungGen: 318242K->21358K(322688K)] 846730K->553005K(1021760K), 0.0729570 secs] [Times: user=0.17 sys=0.00, real=0.07 secs] 
4553.105: [GC [PSYoungGen: 317230K->24934K(320512K)] 848877K->558177K(1019584K), 0.0682300 secs] [Times: user=0.16 sys=0.00, real=0.06 secs] 
4553.528: [GC [PSYoungGen: 318758K->19159K(321664K)] 852001K->554394K(1020736K), 0.0563170 secs] [Times: user=0.14 sys=0.00, real=0.06 secs] 
4553.955: [GC [PSYoungGen: 312983K->19736K(322752K)] 848218K->557132K(1021824K), 0.0723790 secs] [Times: user=0.15 sys=0.01, real=0.07 secs] 
4554.380: [GC [PSYoungGen: 315160K->19362K(322176K)] 852556K->558323K(1021248K), 0.0848160 secs] [Times: user=0.15 sys=0.00, real=0.09 secs] 
4554.750: [GC [PSYoungGen: 314786K->22000K(323136K)] 853747K->562831K(1022208K), 0.0817160 secs] [Times: user=0.16 sys=0.00, real=0.08 secs] 
4555.187: [GC [PSYoungGen: 318896K->12361K(309312K)] 859727K->558447K(1008384K), 0.0619770 secs] [Times: user=0.14 sys=0.00, real=0.06 secs] 
4555.562: [GC [PSYoungGen: 309257K->18401K(322944K)] 855343K->570676K(1022016K), 0.0681480 secs] [Times: user=0.17 sys=0.00, real=0.07 secs] 
4555.964: [GC [PSYoungGen: 314273K->19341K(322432K)] 866548K->579688K(1021504K), 0.0783690 secs] [Times: user=0.18 sys=0.00, real=0.07 secs] 
4556.459: [GC [PSYoungGen: 315213K->14214K(323136K)] 875560K->582500K(1022208K), 0.0626620 secs] [Times: user=0.14 sys=0.00, real=0.06 secs] 
4556.829: [GC [PSYoungGen: 311494K->19925K(323392K)] 879780K->593817K(1022464K), 0.0678710 secs] [Times: user=0.16 sys=0.00, real=0.07 secs] 
4557.184: [GC [PSYoungGen: 317205K->13732K(323264K)] 891097K->593593K(1022336K), 0.0652310 secs] [Times: user=0.16 sys=0.00, real=0.07 secs] 
4557.659: [GC [PSYoungGen: 311268K->13544K(311104K)] 891129K->596845K(1010176K), 0.0479980 secs] [Times: user=0.13 sys=0.01, real=0.05 secs] 
4558.065: [GC [PSYoungGen: 311080K->19594K(323648K)] 894381K->608033K(1022720K), 0.0808180 secs] [Times: user=0.16 sys=0.00, real=0.08 secs] 
4558.603: [GC [PSYoungGen: 317194K->16249K(323456K)] 905633K->615351K(1022528K), 0.1235050 secs] [Times: user=0.18 sys=0.00, real=0.13 secs] 
4559.052: [GC [PSYoungGen: 313849K->17977K(324800K)] 912951K->622229K(1023872K), 0.0720590 secs] [Times: user=0.18 sys=0.01, real=0.08 secs] 
4559.620: [GC [PSYoungGen: 317369K->13256K(324096K)] 921621K->624253K(1023168K), 0.0597920 secs] [Times: user=0.14 sys=0.00, real=0.06 secs] 
4560.026: [GC [PSYoungGen: 312648K->22601K(322368K)] 923645K->638203K(1021440K), 0.0640950 secs] [Times: user=0.17 sys=0.00, real=0.06 secs] 
4560.386: [GC [PSYoungGen: 320137K->17821K(323520K)] 935739K->645284K(1022592K), 0.0726240 secs] [Times: user=0.18 sys=0.00, real=0.07 secs] 
4560.815: [GC [PSYoungGen: 315357K->19065K(324608K)] 942820K->650232K(1023680K), 0.0556020 secs] [Times: user=0.15 sys=0.00, real=0.05 secs] 
4561.267: [GC [PSYoungGen: 318457K->15928K(324288K)] 949624K->653597K(1023360K), 0.0564510 secs] [Times: user=0.15 sys=0.00, real=0.05 secs] 
4561.723: [GC [PSYoungGen: 315320K->14637K(325056K)] 952989K->658342K(1024128K), 0.0592150 secs] [Times: user=0.14 sys=0.00, real=0.06 secs] 
4562.091: [GC [PSYoungGen: 315117K->18941K(324928K)] 958822K->667863K(1024000K), 0.0581750 secs] [Times: user=0.16 sys=0.00, real=0.06 secs] 
4562.526: [GC [PSYoungGen: 319421K->16944K(325760K)] 968343K->675615K(1024832K), 0.0831470 secs] [Times: user=0.19 sys=0.00, real=0.08 secs] 
4563.030: [GC [PSYoungGen: 318381K->15567K(325184K)] 977052K->681420K(1024256K), 0.0626900 secs] [Times: user=0.17 sys=0.00, real=0.06 secs] 
4563.492: [GC [PSYoungGen: 317007K->15779K(326336K)] 982860K->687399K(1025408K), 0.0780920 secs] [Times: user=0.17 sys=0.00, real=0.08 secs] 
4563.931: [GC [PSYoungGen: 318627K->14530K(326016K)] 990247K->693696K(1025088K), 0.0575790 secs] [Times: user=0.16 sys=0.00, real=0.06 secs] 
4564.373: [GC [PSYoungGen: 317378K->19857K(325568K)] 996544K->705697K(1024640K), 0.0766420 secs] [Times: user=0.23 sys=0.00, real=0.08 secs] 
4564.884: [GC [PSYoungGen: 322385K->14734K(326016K)] 1008225K->709437K(1025088K), 0.0533240 secs] [Times: user=0.15 sys=0.00, real=0.06 secs] 
4564.937: [Full GC [PSYoungGen: 14734K->0K(326016K)] [PSOldGen: 694703K->501178K(699072K)] 709437K->501178K(1025088K) [PSPermGen: 91654K->91654K(262144K)], 2.6340030 secs] [Times: user=2.63 sys=0.00, real=2.63 secs] 
4567.912: [GC [PSYoungGen: 302528K->22021K(323776K)] 803706K->523199K(1022848K), 0.0505280 secs] [Times: user=0.15 sys=0.00, real=0.05 secs] 
4568.341: [GC [PSYoungGen: 322501K->23950K(324480K)] 823679K->525128K(1023552K), 0.0634940 secs] [Times: user=0.17 sys=0.00, real=0.06 secs] 
4568.817: [GC [PSYoungGen: 324430K->25000K(315008K)] 825608K->531076K(1014080K), 0.0758150 secs] [Times: user=0.17 sys=0.00, real=0.07 secs] 
4569.200: [GC [PSYoungGen: 314984K->22904K(312896K)] 821060K->538351K(1011968K), 0.0819080 secs] [Times: user=0.20 sys=0.00, real=0.08 secs] 
4569.577: [GC [PSYoungGen: 312888K->23650K(318592K)] 828335K->540770K(1017664K), 0.0887400 secs] [Times: user=0.20 sys=0.00, real=0.08 secs] 
4569.968: [GC [PSYoungGen: 312226K->17999K(319040K)] 829346K->542274K(1018112K), 0.0567090 secs] [Times: user=0.16 sys=0.00, real=0.05 secs] 
4570.414: [GC [PSYoungGen: 306575K->16179K(320064K)] 830850K->545822K(1019136K), 0.0829130 secs] [Times: user=0.15 sys=0.00, real=0.09 secs] 
4570.822: [GC [PSYoungGen: 306419K->18033K(319680K)] 836062K->551772K(1018752K), 0.0566620 secs] [Times: user=0.16 sys=0.00, real=0.06 secs] 
4571.262: [GC [PSYoungGen: 308273K->16336K(321216K)] 842012K->558520K(1020288K), 0.0542940 secs] [Times: user=0.17 sys=0.00, real=0.05 secs] 
4571.615: [GC [PSYoungGen: 308880K->16129K(320832K)] 851064K->564077K(1019904K), 0.0701060 secs] [Times: user=0.16 sys=0.01, real=0.07 secs] 
4572.121: [GC [PSYoungGen: 308673K->19089K(322432K)] 856621K->574129K(1021504K), 0.0740420 secs] [Times: user=0.19 sys=0.00, real=0.07 secs] 
4572.482: [GC [PSYoungGen: 313681K->18494K(321664K)] 868721K->579970K(1020736K), 0.0589650 secs] [Times: user=0.17 sys=0.00, real=0.06 secs] 
4572.869: [GC [PSYoungGen: 313086K->19268K(323776K)] 874562K->587140K(1022848K), 0.0676110 secs] [Times: user=0.16 sys=0.00, real=0.07 secs] 
4573.355: [GC [PSYoungGen: 316740K->19375K(323200K)] 884612K->595382K(1022272K), 0.0625720 secs] [Times: user=0.18 sys=0.00, real=0.07 secs] 
4573.715: [GC [PSYoungGen: 316847K->16813K(324544K)] 892854K->596217K(1023616K), 0.0525960 secs] [Times: user=0.14 sys=0.00, real=0.06 secs] 
4574.118: [GC [PSYoungGen: 316077K->19673K(324224K)] 895481K->603424K(1023296K), 0.0532690 secs] [Times: user=0.16 sys=0.00, real=0.05 secs] 
4574.554: [GC [PSYoungGen: 318937K->16055K(324928K)] 902688K->609754K(1024000K), 0.0662840 secs] [Times: user=0.17 sys=0.00, real=0.07 secs] 
4574.989: [GC [PSYoungGen: 316275K->12137K(312384K)] 909974K->610778K(1011456K), 0.0727440 secs] [Times: user=0.15 sys=0.00, real=0.07 secs] 
4575.399: [GC [PSYoungGen: 312361K->19072K(324736K)] 911002K->621347K(1023808K), 0.0588730 secs] [Times: user=0.16 sys=0.00, real=0.06 secs] 
4575.919: [GC [PSYoungGen: 318720K->20154K(324416K)] 920995K->633166K(1023488K), 0.0789430 secs] [Times: user=0.17 sys=0.00, real=0.08 secs] 
4576.320: [GC [PSYoungGen: 319802K->16926K(325056K)] 932814K->636362K(1024128K), 0.0668040 secs] [Times: user=0.17 sys=0.00, real=0.06 secs] 
4576.724: [GC [PSYoungGen: 317086K->17607K(324608K)] 936522K->641914K(1023680K), 0.0674370 secs] [Times: user=0.16 sys=0.00, real=0.07 secs] 
4577.186: [GC [PSYoungGen: 317767K->17537K(326080K)] 942074K->646901K(1025152K), 0.0825170 secs] [Times: user=0.16 sys=0.00, real=0.09 secs] 
4577.596: [GC [PSYoungGen: 319681K->18836K(325568K)] 949045K->654204K(1024640K), 0.0711110 secs] [Times: user=0.19 sys=0.01, real=0.08 secs] 
4578.027: [GC [PSYoungGen: 320980K->15559K(326400K)] 956348K->656601K(1025472K), 0.0593760 secs] [Times: user=0.16 sys=0.00, real=0.06 secs] 
4578.436: [GC [PSYoungGen: 318791K->20115K(323392K)] 959833K->666032K(1022464K), 0.0752350 secs] [Times: user=0.19 sys=0.00, real=0.08 secs] 
4578.902: [GC [PSYoungGen: 323347K->16521K(326336K)] 969264K->669554K(1025408K), 0.0935430 secs] [Times: user=0.22 sys=0.00, real=0.09 secs] 
4579.291: [GC [PSYoungGen: 319433K->20249K(323200K)] 972466K->678845K(1022272K), 0.0857470 secs] [Times: user=0.16 sys=0.01, real=0.08 secs] 
4579.722: [GC [PSYoungGen: 323161K->17721K(326464K)] 981757K->684485K(1025536K), 0.0842650 secs] [Times: user=0.20 sys=0.00, real=0.08 secs] 
4580.263: [GC [PSYoungGen: 320697K->18645K(326016K)] 987461K->690847K(1025088K), 0.1048880 secs] [Times: user=0.17 sys=0.00, real=0.11 secs] 
4580.738: [GC [PSYoungGen: 321621K->16332K(326912K)] 993823K->694344K(1025984K), 0.0985300 secs] [Times: user=0.15 sys=0.00, real=0.09 secs] 
4581.159: [GC [PSYoungGen: 320524K->16952K(326784K)] 998536K->699881K(1025856K), 0.0461480 secs] [Times: user=0.17 sys=0.00, real=0.04 secs] 
4581.524: [GC [PSYoungGen: 321144K->17476K(327552K)] 1004073K->708084K(1026624K), 0.0494800 secs] [Times: user=0.18 sys=0.00, real=0.05 secs] 
4581.574: [Full GC [PSYoungGen: 17476K->0K(327552K)] [PSOldGen: 690607K->472404K(699072K)] 708084K->472404K(1026624K) [PSPermGen: 91667K->91616K(262144K)], 2.8467110 secs] [Times: user=2.84 sys=0.01, real=2.85 secs] 
4598.564: [GC [PSYoungGen: 305216K->21393K(326656K)] 777620K->493797K(1025728K), 0.0579680 secs] [Times: user=0.14 sys=0.00, real=0.06 secs] 
4599.187: [GC [PSYoungGen: 326609K->22816K(318592K)] 799013K->502673K(1017664K), 0.0656800 secs] [Times: user=0.19 sys=0.01, real=0.07 secs] 
4599.585: [GC [PSYoungGen: 318560K->19665K(322624K)] 798417K->516793K(1021696K), 0.0649000 secs] [Times: user=0.22 sys=0.00, real=0.07 secs] 
4599.999: [GC [PSYoungGen: 315409K->26225K(318400K)] 812537K->524959K(1017472K), 0.0698440 secs] [Times: user=0.18 sys=0.00, real=0.07 secs] 
4600.429: [GC [PSYoungGen: 318385K->19627K(320832K)] 817119K->528106K(1019904K), 0.0947290 secs] [Times: user=0.21 sys=0.02, real=0.10 secs] 
4600.966: [GC [PSYoungGen: 311787K->22079K(321664K)] 820266K->538354K(1020736K), 0.0861660 secs] [Times: user=0.18 sys=0.02, real=0.09 secs] 
4601.397: [GC [PSYoungGen: 315839K->20671K(321600K)] 832114K->545721K(1020672K), 0.0968430 secs] [Times: user=0.20 sys=0.00, real=0.10 secs] 
4601.847: [GC [PSYoungGen: 314419K->18361K(322624K)] 839469K->548487K(1021696K), 0.0706490 secs] [Times: user=0.17 sys=0.00, real=0.07 secs] 
4602.239: [GC [PSYoungGen: 313779K->14384K(322304K)] 843905K->548580K(1021376K), 0.0680300 secs] [Times: user=0.14 sys=0.00, real=0.07 secs] 
4602.635: [GC [PSYoungGen: 309808K->17547K(322688K)] 844004K->557473K(1021760K), 0.0665230 secs] [Times: user=0.16 sys=0.00, real=0.07 secs] 
4603.036: [GC [PSYoungGen: 313035K->18772K(322304K)] 852961K->566444K(1021376K), 0.0753740 secs] [Times: user=0.17 sys=0.00, real=0.08 secs] 
4603.431: [GC [PSYoungGen: 314260K->21084K(323392K)] 861932K->574840K(1022464K), 0.0780150 secs] [Times: user=0.18 sys=0.00, real=0.07 secs] 
4603.828: [GC [PSYoungGen: 318300K->19063K(323328K)] 872056K->580226K(1022400K), 0.0689610 secs] [Times: user=0.17 sys=0.00, real=0.07 secs] 
4604.272: [GC [PSYoungGen: 316279K->21694K(323456K)] 877442K->588662K(1022528K), 0.0661270 secs] [Times: user=0.18 sys=0.00, real=0.06 secs] 
4604.747: [GC [PSYoungGen: 319614K->17346K(323712K)] 886582K->592117K(1022784K), 0.0823880 secs] [Times: user=0.17 sys=0.00, real=0.08 secs] 
4605.197: [GC [PSYoungGen: 315266K->18762K(324416K)] 890037K->600691K(1023488K), 0.0885480 secs] [Times: user=0.18 sys=0.00, real=0.09 secs] 
4605.572: [GC [PSYoungGen: 317578K->17041K(323904K)] 899507K->606314K(1022976K), 0.1225580 secs] [Times: user=0.34 sys=0.00, real=0.12 secs] 
4606.078: [GC [PSYoungGen: 315857K->18759K(325120K)] 905130K->614137K(1024192K), 0.0965540 secs] [Times: user=0.16 sys=0.00, real=0.10 secs] 
4606.502: [GC [PSYoungGen: 318983K->21078K(324608K)] 914361K->623559K(1023680K), 0.0949850 secs] [Times: user=0.19 sys=0.01, real=0.09 secs] 
4606.942: [GC [PSYoungGen: 321302K->20580K(324928K)] 923783K->631922K(1024000K), 0.0956940 secs] [Times: user=0.18 sys=0.00, real=0.09 secs] 
4607.358: [GC [PSYoungGen: 320868K->20923K(324864K)] 932210K->636680K(1023936K), 0.0561050 secs] [Times: user=0.16 sys=0.01, real=0.06 secs] 
4607.753: [GC [PSYoungGen: 321211K->16922K(324928K)] 936968K->640997K(1024000K), 0.0845280 secs] [Times: user=0.18 sys=0.00, real=0.08 secs] 
4608.208: [GC [PSYoungGen: 317274K->20158K(324928K)] 941349K->650123K(1024000K), 0.0738680 secs] [Times: user=0.19 sys=0.01, real=0.08 secs] 
4608.657: [GC [PSYoungGen: 320510K->18327K(325440K)] 950475K->656680K(1024512K), 0.0754980 secs] [Times: user=0.17 sys=0.00, real=0.08 secs] 
4609.111: [GC [PSYoungGen: 319447K->22484K(323648K)] 957800K->664210K(1022720K), 0.0780400 secs] [Times: user=0.17 sys=0.00, real=0.08 secs] 
4609.546: [GC [PSYoungGen: 323604K->20381K(324992K)] 965330K->670161K(1024064K), 0.0859020 secs] [Times: user=0.20 sys=0.00, real=0.09 secs] 
4609.970: [GC [PSYoungGen: 320605K->19754K(324736K)] 970385K->677072K(1023808K), 0.0933290 secs] [Times: user=0.18 sys=0.01, real=0.10 secs] 
4610.411: [GC [PSYoungGen: 319978K->18554K(325696K)] 977296K->682718K(1024768K), 0.0807200 secs] [Times: user=0.21 sys=0.00, real=0.09 secs] 
4610.861: [GC [PSYoungGen: 320186K->17917K(325440K)] 984350K->687645K(1024512K), 0.0735170 secs] [Times: user=0.18 sys=0.00, real=0.08 secs] 
4611.341: [GC [PSYoungGen: 319549K->20766K(325696K)] 989277K->696998K(1024768K), 0.0789190 secs] [Times: user=0.17 sys=0.00, real=0.08 secs] 
4611.847: [GC [PSYoungGen: 322782K->17800K(325760K)] 999014K->705917K(1024832K), 0.0751740 secs] [Times: user=0.18 sys=0.01, real=0.08 secs] 
4611.922: [Full GC [PSYoungGen: 17800K->0K(325760K)] [PSOldGen: 688117K->503083K(699072K)] 705917K->503083K(1024832K) [PSPermGen: 91634K->91634K(262144K)], 2.6133720 secs] [Times: user=2.62 sys=0.00, real=2.61 secs] 
4614.931: [GC [PSYoungGen: 302016K->22390K(324480K)] 805099K->525473K(1023552K), 0.0603350 secs] [Times: user=0.14 sys=0.00, real=0.07 secs] 
4615.318: [GC [PSYoungGen: 323254K->19100K(325184K)] 826337K->532217K(1024256K), 0.0850330 secs] [Times: user=0.18 sys=0.00, real=0.09 secs] 
4615.750: [GC [PSYoungGen: 319964K->20537K(325632K)] 833081K->539032K(1024704K), 0.0706600 secs] [Times: user=0.17 sys=0.00, real=0.07 secs] 
4616.178: [GC [PSYoungGen: 322233K->21838K(323584K)] 840728K->549474K(1022656K), 0.0689020 secs] [Times: user=0.19 sys=0.00, real=0.07 secs] 
4616.551: [GC [PSYoungGen: 323534K->17261K(325248K)] 851170K->554907K(1024320K), 0.0730740 secs] [Times: user=0.19 sys=0.00, real=0.08 secs] 
4617.034: [GC [PSYoungGen: 318253K->15198K(316224K)] 855899K->556931K(1015296K), 0.0673570 secs] [Times: user=0.15 sys=0.00, real=0.06 secs] 
4617.427: [GC [PSYoungGen: 316190K->21513K(324288K)] 857923K->568888K(1023360K), 0.0701360 secs] [Times: user=0.17 sys=0.00, real=0.07 secs] 
4617.871: [GC [PSYoungGen: 321225K->18014K(324608K)] 868600K->573081K(1023680K), 0.0775020 secs] [Times: user=0.19 sys=0.01, real=0.08 secs] 
4618.387: [GC [PSYoungGen: 317726K->18906K(325376K)] 872793K->578685K(1024448K), 0.0764140 secs] [Times: user=0.17 sys=0.00, real=0.08 secs] 
4618.743: [GC [PSYoungGen: 319706K->16283K(324928K)] 879485K->582930K(1024000K), 0.0633810 secs] [Times: user=0.16 sys=0.01, real=0.06 secs] 
4619.223: [GC [PSYoungGen: 317083K->19882K(325504K)] 883730K->591294K(1024576K), 0.0693790 secs] [Times: user=0.16 sys=0.00, real=0.07 secs] 
4619.655: [GC [PSYoungGen: 321258K->21163K(322560K)] 892670K->602556K(1021632K), 0.0720640 secs] [Times: user=0.19 sys=0.00, real=0.07 secs] 
4620.083: [GC [PSYoungGen: 322539K->15263K(324864K)] 903932K->603237K(1023936K), 0.0634290 secs] [Times: user=0.15 sys=0.00, real=0.07 secs] 
4620.524: [GC [PSYoungGen: 315871K->21290K(321920K)] 903845K->614627K(1020992K), 0.0712730 secs] [Times: user=0.16 sys=0.00, real=0.07 secs] 
4620.973: [GC [PSYoungGen: 321898K->16905K(324928K)] 915235K->617090K(1024000K), 0.0694540 secs] [Times: user=0.17 sys=0.00, real=0.07 secs] 
4621.374: [GC [PSYoungGen: 317065K->16440K(324736K)] 917250K->621960K(1023808K), 0.0508390 secs] [Times: user=0.15 sys=0.00, real=0.05 secs] 
4621.796: [GC [PSYoungGen: 316600K->22774K(323136K)] 922120K->634573K(1022208K), 0.1248970 secs] [Times: user=0.20 sys=0.01, real=0.12 secs] 
4622.203: [GC [PSYoungGen: 321462K->16109K(324096K)] 933261K->636937K(1023168K), 0.0535880 secs] [Times: user=0.17 sys=0.00, real=0.06 secs] 
4622.610: [GC [PSYoungGen: 314797K->19169K(324736K)] 935625K->645420K(1023808K), 0.0772940 secs] [Times: user=0.18 sys=0.01, real=0.08 secs] 
4622.976: [GC [PSYoungGen: 318625K->19121K(324224K)] 944876K->651455K(1023296K), 0.0782540 secs] [Times: user=0.17 sys=0.00, real=0.07 secs] 
4623.402: [GC [PSYoungGen: 318577K->18184K(325632K)] 950911K->657759K(1024704K), 0.0624950 secs] [Times: user=0.16 sys=0.00, real=0.07 secs] 
4623.848: [GC [PSYoungGen: 319496K->19853K(325184K)] 959071K->667459K(1024256K), 0.0733350 secs] [Times: user=0.19 sys=0.00, real=0.07 secs] 
4624.225: [GC [PSYoungGen: 321165K->20071K(325760K)] 968771K->673257K(1024832K), 0.0534250 secs] [Times: user=0.17 sys=0.00, real=0.05 secs] 
4624.721: [GC [PSYoungGen: 322087K->19510K(325760K)] 975273K->681364K(1024832K), 0.0788420 secs] [Times: user=0.21 sys=0.00, real=0.08 secs] 
4625.196: [GC [PSYoungGen: 321526K->23074K(323904K)] 983380K->693370K(1022976K), 0.0995500 secs] [Times: user=0.22 sys=0.00, real=0.10 secs] 
4625.714: [GC [PSYoungGen: 323554K->20386K(324992K)] 993850K->697353K(1024064K), 0.0854670 secs] [Times: user=0.18 sys=0.00, real=0.09 secs] 
4626.162: [GC [PSYoungGen: 320866K->16881K(325184K)] 997833K->702539K(1024256K), 0.0913310 secs] [Times: user=0.19 sys=0.00, real=0.09 secs] 
4626.617: [GC [PSYoungGen: 317745K->21215K(322112K)] 1003403K->713245K(1021184K), 0.0568960 secs] [Times: user=0.17 sys=0.00, real=0.05 secs] 
4626.674: [Full GC [PSYoungGen: 21215K->0K(322112K)] [PSOldGen: 692029K->507804K(699072K)] 713245K->507804K(1021184K) [PSPermGen: 91645K->91645K(262144K)], 2.5156270 secs] [Times: user=2.50 sys=0.03, real=2.52 secs] 
4629.561: [GC [PSYoungGen: 300864K->22408K(323840K)] 808668K->530212K(1022912K), 0.0659040 secs] [Times: user=0.16 sys=0.00, real=0.07 secs] 
4629.978: [GC [PSYoungGen: 321736K->20919K(324416K)] 829540K->537105K(1023488K), 0.0785500 secs] [Times: user=0.18 sys=0.00, real=0.08 secs] 
4630.391: [GC [PSYoungGen: 320247K->18265K(324736K)] 836433K->543607K(1023808K), 0.0803070 secs] [Times: user=0.18 sys=0.00, real=0.08 secs] 
4630.953: [GC [PSYoungGen: 317977K->23881K(323648K)] 843319K->554506K(1022720K), 0.0681110 secs] [Times: user=0.17 sys=0.00, real=0.07 secs] 
4631.375: [GC [PSYoungGen: 323593K->21752K(323584K)] 854218K->559308K(1022656K), 0.0752110 secs] [Times: user=0.18 sys=0.00, real=0.08 secs] 
4631.898: [GC [PSYoungGen: 319544K->16718K(314560K)] 857100K->560224K(1013632K), 0.0752150 secs] [Times: user=0.16 sys=0.00, real=0.07 secs] 
4632.386: [GC [PSYoungGen: 314510K->19331K(324096K)] 858016K->566959K(1023168K), 0.0704490 secs] [Times: user=0.15 sys=0.00, real=0.07 secs] 
4632.932: [GC [PSYoungGen: 317507K->19926K(323584K)] 865135K->573917K(1022656K), 0.1072910 secs] [Times: user=0.17 sys=0.01, real=0.11 secs] 
4633.441: [GC [PSYoungGen: 318102K->22607K(323584K)] 872093K->584558K(1022656K), 0.1116680 secs] [Times: user=0.19 sys=0.00, real=0.11 secs] 
4633.904: [GC [PSYoungGen: 321295K->22518K(321216K)] 883246K->592106K(1020288K), 0.0908340 secs] [Times: user=0.19 sys=0.00, real=0.09 secs] 
4634.337: [GC [PSYoungGen: 321206K->15400K(323136K)] 890794K->591541K(1022208K), 0.0837500 secs] [Times: user=0.17 sys=0.01, real=0.08 secs] 
4634.812: [GC [PSYoungGen: 312808K->18907K(323456K)] 888949K->598852K(1022528K), 0.0786660 secs] [Times: user=0.16 sys=0.00, real=0.08 secs] 
4635.312: [GC [PSYoungGen: 316315K->18983K(324352K)] 896260K->606656K(1023424K), 0.0971850 secs] [Times: user=0.18 sys=0.00, real=0.10 secs] 
4635.705: [GC [PSYoungGen: 317735K->17994K(323904K)] 905408K->612650K(1022976K), 0.0668620 secs] [Times: user=0.17 sys=0.00, real=0.07 secs] 
4636.132: [GC [PSYoungGen: 316746K->20407K(324800K)] 911402K->621622K(1023872K), 0.0757220 secs] [Times: user=0.19 sys=0.00, real=0.08 secs] 
4636.578: [GC [PSYoungGen: 320311K->17126K(324608K)] 921526K->625502K(1023680K), 0.0715440 secs] [Times: user=0.17 sys=0.00, real=0.07 secs] 
4637.063: [GC [PSYoungGen: 317030K->19916K(325184K)] 925406K->633048K(1024256K), 0.0749410 secs] [Times: user=0.19 sys=0.00, real=0.08 secs] 
4637.607: [GC [PSYoungGen: 320460K->20292K(324864K)] 933592K->640650K(1023936K), 0.0894150 secs] [Times: user=0.17 sys=0.00, real=0.09 secs] 
4638.098: [GC [PSYoungGen: 320836K->17780K(325504K)] 941194K->646911K(1024576K), 0.0679040 secs] [Times: user=0.17 sys=0.00, real=0.06 secs] 
4638.512: [GC [PSYoungGen: 319156K->19283K(325376K)] 948287K->656887K(1024448K), 0.0836170 secs] [Times: user=0.20 sys=0.00, real=0.08 secs] 
4639.024: [GC [PSYoungGen: 320659K->19274K(326400K)] 958263K->662373K(1025472K), 0.0928580 secs] [Times: user=0.16 sys=0.00, real=0.10 secs] 
4639.442: [GC [PSYoungGen: 322122K->17591K(325952K)] 965221K->667641K(1025024K), 0.0839210 secs] [Times: user=0.17 sys=0.00, real=0.08 secs] 
4639.914: [GC [PSYoungGen: 320437K->17488K(326592K)] 970487K->673726K(1025664K), 0.0802870 secs] [Times: user=0.16 sys=0.00, real=0.08 secs] 
4640.394: [GC [PSYoungGen: 321040K->20685K(324288K)] 977278K->685541K(1023360K), 0.1085540 secs] [Times: user=0.18 sys=0.00, real=0.11 secs] 
4640.810: [GC [PSYoungGen: 324237K->20947K(325824K)] 989093K->693245K(1024896K), 0.0719970 secs] [Times: user=0.19 sys=0.00, real=0.07 secs] 
4641.329: [GC [PSYoungGen: 323603K->18876K(326080K)] 995901K->699248K(1025152K), 0.0887480 secs] [Times: user=0.19 sys=0.01, real=0.09 secs] 
4641.803: [GC [PSYoungGen: 321532K->21245K(325760K)] 1001904K->706608K(1024832K), 0.0673760 secs] [Times: user=0.18 sys=0.00, real=0.07 secs] 
4642.288: [GC [PSYoungGen: 323901K->16950K(319616K)] 1009264K->709311K(1018688K), 0.0656080 secs] [Times: user=0.16 sys=0.00, real=0.06 secs] 
4642.353: [Full GC [PSYoungGen: 16950K->0K(319616K)] [PSOldGen: 692360K->507819K(699072K)] 709311K->507819K(1018688K) [PSPermGen: 91657K->91657K(262144K)], 2.5654870 secs] [Times: user=2.56 sys=0.01, real=2.57 secs] 
4645.282: [GC [PSYoungGen: 302656K->22039K(324736K)] 810475K->529858K(1023808K), 0.0713160 secs] [Times: user=0.17 sys=0.00, real=0.07 secs] 
4645.679: [GC [PSYoungGen: 323287K->24104K(325376K)] 831106K->538784K(1024448K), 0.0897880 secs] [Times: user=0.18 sys=0.00, real=0.09 secs] 
4646.096: [GC [PSYoungGen: 325352K->22446K(317952K)] 840032K->548546K(1017024K), 0.1029400 secs] [Times: user=0.20 sys=0.00, real=0.11 secs] 
4646.574: [GC [PSYoungGen: 316270K->15566K(309440K)] 842370K->549151K(1008512K), 0.0785950 secs] [Times: user=0.18 sys=0.01, real=0.08 secs] 
4646.905: [GC [PSYoungGen: 309390K->22586K(321344K)] 842975K->561740K(1020416K), 0.0786250 secs] [Times: user=0.19 sys=0.00, real=0.08 secs] 
4647.314: [GC [PSYoungGen: 315898K->17342K(321408K)] 855052K->565888K(1020480K), 0.0690150 secs] [Times: user=0.18 sys=0.00, real=0.07 secs] 
4647.702: [GC [PSYoungGen: 310654K->18038K(321984K)] 859200K->570042K(1021056K), 0.0778170 secs] [Times: user=0.20 sys=0.00, real=0.08 secs] 
4648.129: [GC [PSYoungGen: 312118K->23855K(317952K)] 864122K->582127K(1017024K), 0.0718750 secs] [Times: user=0.19 sys=0.00, real=0.07 secs] 
4648.617: [GC [PSYoungGen: 317935K->19547K(321984K)] 876207K->589422K(1021056K), 0.0906970 secs] [Times: user=0.19 sys=0.00, real=0.09 secs] 
4649.027: [GC [PSYoungGen: 313371K->21983K(321344K)] 883246K->595960K(1020416K), 0.0769900 secs] [Times: user=0.17 sys=0.00, real=0.08 secs] 
4649.474: [GC [PSYoungGen: 315807K->21114K(322496K)] 889784K->604312K(1021568K), 0.0777840 secs] [Times: user=0.21 sys=0.00, real=0.08 secs] 
4649.940: [GC [PSYoungGen: 316154K->19828K(322048K)] 899352K->609391K(1021120K), 0.1112520 secs] [Times: user=0.16 sys=0.01, real=0.11 secs] 
4650.380: [GC [PSYoungGen: 314868K->17298K(323072K)] 904431K->613377K(1022144K), 0.0637340 secs] [Times: user=0.17 sys=0.00, real=0.06 secs] 
4650.800: [GC [PSYoungGen: 313874K->21640K(323008K)] 909953K->622919K(1022080K), 0.0607670 secs] [Times: user=0.18 sys=0.00, real=0.06 secs] 
4651.189: [GC [PSYoungGen: 318216K->16093K(323008K)] 919495K->626132K(1022080K), 0.0945350 secs] [Times: user=0.18 sys=0.00, real=0.09 secs] 
4651.651: [GC [PSYoungGen: 312733K->19814K(323072K)] 922772K->633473K(1022144K), 0.0705510 secs] [Times: user=0.19 sys=0.00, real=0.07 secs] 
4652.127: [GC [PSYoungGen: 316454K->17526K(323904K)] 930113K->639425K(1022976K), 0.1038110 secs] [Times: user=0.17 sys=0.00, real=0.11 secs] 
4652.656: [GC [PSYoungGen: 315638K->15774K(323712K)] 937537K->643062K(1022784K), 0.0755240 secs] [Times: user=0.15 sys=0.00, real=0.08 secs] 
4653.106: [GC [PSYoungGen: 313886K->20647K(323968K)] 941174K->653799K(1023040K), 0.0678390 secs] [Times: user=0.18 sys=0.00, real=0.07 secs] 
4653.552: [GC [PSYoungGen: 318951K->16290K(323840K)] 952103K->659880K(1022912K), 0.0780460 secs] [Times: user=0.17 sys=0.00, real=0.08 secs] 
4654.031: [GC [PSYoungGen: 314594K->15536K(324096K)] 958184K->664205K(1023168K), 0.0647510 secs] [Times: user=0.17 sys=0.00, real=0.06 secs] 
4654.528: [GC [PSYoungGen: 314160K->14458K(324032K)] 962829K->668647K(1023104K), 0.0879710 secs] [Times: user=0.14 sys=0.00, real=0.09 secs] 
4654.976: [GC [PSYoungGen: 313082K->25449K(315200K)] 967271K->686290K(1014272K), 0.0803290 secs] [Times: user=0.20 sys=0.00, real=0.08 secs] 
4655.405: [GC [PSYoungGen: 315177K->15375K(319616K)] 976018K->686872K(1018688K), 0.0716690 secs] [Times: user=0.17 sys=0.00, real=0.07 secs] 
4655.878: [GC [PSYoungGen: 305103K->17168K(320576K)] 976600K->693985K(1019648K), 0.0855580 secs] [Times: user=0.16 sys=0.00, real=0.09 secs] 
4656.306: [GC [PSYoungGen: 308176K->19531K(319936K)] 984993K->702375K(1019008K), 0.0708720 secs] [Times: user=0.17 sys=0.00, real=0.07 secs] 
4656.714: [GC [PSYoungGen: 310539K->17264K(321984K)] 993383K->708121K(1021056K), 0.0707750 secs] [Times: user=0.18 sys=0.00, real=0.07 secs] 
4656.785: [Full GC [PSYoungGen: 17264K->0K(321984K)] [PSOldGen: 690857K->475344K(699072K)] 708121K->475344K(1021056K) [PSPermGen: 91671K->91616K(262144K)], 2.9657230 secs] [Times: user=2.95 sys=0.00, real=2.97 secs] 
4660.153: [GC [PSYoungGen: 293888K->23063K(316992K)] 769232K->498407K(1016064K), 0.0516350 secs] [Times: user=0.15 sys=0.00, real=0.05 secs] 
4660.567: [GC [PSYoungGen: 316951K->27994K(316672K)] 792295K->503338K(1015744K), 0.0556860 secs] [Times: user=0.18 sys=0.00, real=0.06 secs] 
4660.982: [GC [PSYoungGen: 316442K->29562K(318016K)] 791786K->504907K(1017088K), 0.0782040 secs] [Times: user=0.20 sys=0.01, real=0.08 secs] 
4661.361: [GC [PSYoungGen: 318010K->31456K(307392K)] 793355K->509981K(1006464K), 0.0866680 secs] [Times: user=0.20 sys=0.01, real=0.08 secs] 
4661.798: [GC [PSYoungGen: 307360K->24026K(312704K)] 785885K->511016K(1011776K), 0.0949640 secs] [Times: user=0.21 sys=0.00, real=0.10 secs] 
4662.191: [GC [PSYoungGen: 299930K->23029K(314752K)] 786920K->510842K(1013824K), 0.0495620 secs] [Times: user=0.16 sys=0.00, real=0.05 secs] 
4662.605: [GC [PSYoungGen: 301877K->26034K(313600K)] 789690K->513983K(1012672K), 0.0677930 secs] [Times: user=0.16 sys=0.00, real=0.07 secs] 
4662.966: [GC [PSYoungGen: 304882K->23931K(315520K)] 792831K->512393K(1014592K), 0.0623020 secs] [Times: user=0.16 sys=0.00, real=0.06 secs] 
4663.342: [GC [PSYoungGen: 304635K->23019K(314688K)] 793097K->511564K(1013760K), 0.0684560 secs] [Times: user=0.16 sys=0.00, real=0.07 secs] 
4663.896: [GC [PSYoungGen: 303723K->19415K(316992K)] 792268K->508284K(1016064K), 0.0674230 secs] [Times: user=0.15 sys=0.01, real=0.07 secs] 
4664.286: [GC [PSYoungGen: 303511K->25106K(316608K)] 792380K->514468K(1015680K), 0.0702340 secs] [Times: user=0.17 sys=0.00, real=0.07 secs] 
4664.805: [GC [PSYoungGen: 309202K->19518K(317440K)] 798564K->509137K(1016512K), 0.0721450 secs] [Times: user=0.14 sys=0.00, real=0.07 secs] 
4665.249: [GC [PSYoungGen: 304510K->23804K(317056K)] 794129K->513867K(1016128K), 0.0805620 secs] [Times: user=0.17 sys=0.00, real=0.08 secs] 
4665.671: [GC [PSYoungGen: 308796K->25133K(317952K)] 798859K->515764K(1017024K), 0.0770200 secs] [Times: user=0.20 sys=0.00, real=0.07 secs] 
4666.140: [GC [PSYoungGen: 311533K->18240K(317952K)] 802164K->509035K(1017024K), 0.0724420 secs] [Times: user=0.17 sys=0.00, real=0.07 secs] 
4666.529: [GC [PSYoungGen: 304640K->24296K(318208K)] 795435K->515377K(1017280K), 0.0713700 secs] [Times: user=0.16 sys=0.01, real=0.08 secs] 
4666.893: [GC [PSYoungGen: 310952K->17446K(317952K)] 802033K->508675K(1017024K), 0.0491730 secs] [Times: user=0.14 sys=0.00, real=0.05 secs] 
4667.327: [GC [PSYoungGen: 304102K->23785K(318464K)] 795331K->515247K(1017536K), 0.0823910 secs] [Times: user=0.17 sys=0.01, real=0.08 secs] 
4667.727: [GC [PSYoungGen: 310953K->22498K(318208K)] 802415K->514729K(1017280K), 0.0688660 secs] [Times: user=0.15 sys=0.00, real=0.07 secs] 
4668.220: [GC [PSYoungGen: 309666K->22157K(320064K)] 801897K->514615K(1019136K), 0.0672190 secs] [Times: user=0.17 sys=0.00, real=0.07 secs] 
4668.663: [GC [PSYoungGen: 312013K->22693K(319296K)] 804471K->515363K(1018368K), 0.0781500 secs] [Times: user=0.15 sys=0.00, real=0.07 secs] 
4669.055: [GC [PSYoungGen: 312549K->17790K(320384K)] 805219K->510604K(1019456K), 0.0620640 secs] [Times: user=0.14 sys=0.00, real=0.06 secs] 
4669.504: [GC [PSYoungGen: 309310K->24407K(315968K)] 802124K->517386K(1015040K), 0.0988910 secs] [Times: user=0.18 sys=0.01, real=0.10 secs] 
4670.042: [GC [PSYoungGen: 315927K->20508K(320704K)] 808906K->513644K(1019776K), 0.0650820 secs] [Times: user=0.14 sys=0.00, real=0.06 secs] 
4670.539: [GC [PSYoungGen: 311961K->16522K(320256K)] 805097K->511144K(1019328K), 0.0789490 secs] [Times: user=0.14 sys=0.00, real=0.08 secs] 
4670.889: [GC [PSYoungGen: 307978K->23123K(320576K)] 802600K->517912K(1019648K), 0.0608220 secs] [Times: user=0.16 sys=0.01, real=0.06 secs] 
4671.363: [GC [PSYoungGen: 314643K->18737K(320448K)] 809432K->513702K(1019520K), 0.0753140 secs] [Times: user=0.14 sys=0.00, real=0.07 secs] 
4671.722: [GC [PSYoungGen: 310257K->28660K(315584K)] 805222K->525277K(1014656K), 0.0955680 secs] [Times: user=0.20 sys=0.00, real=0.09 secs] 
4672.205: [GC [PSYoungGen: 315572K->22074K(318208K)] 812189K->519675K(1017280K), 0.0888970 secs] [Times: user=0.16 sys=0.00, real=0.09 secs] 
4672.624: [GC [PSYoungGen: 308986K->21318K(319744K)] 806587K->524831K(1018816K), 0.1100040 secs] [Times: user=0.21 sys=0.00, real=0.11 secs] 
4673.158: [GC [PSYoungGen: 310662K->17552K(319104K)] 814175K->527090K(1018176K), 0.0862560 secs] [Times: user=0.16 sys=0.00, real=0.09 secs] 
4673.559: [GC [PSYoungGen: 306896K->16723K(319744K)] 816434K->530722K(1018816K), 0.0667780 secs] [Times: user=0.16 sys=0.00, real=0.07 secs] 
4674.002: [GC [PSYoungGen: 306707K->15364K(305408K)] 820706K->536337K(1004480K), 0.0661290 secs] [Times: user=0.17 sys=0.00, real=0.06 secs] 
4674.390: [GC [PSYoungGen: 305348K->21362K(320256K)] 826321K->548666K(1019328K), 0.0652520 secs] [Times: user=0.17 sys=0.00, real=0.07 secs] 
4674.856: [GC [PSYoungGen: 311730K->19535K(319616K)] 839034K->557924K(1018688K), 0.0752180 secs] [Times: user=0.19 sys=0.00, real=0.07 secs] 
4675.277: [GC [PSYoungGen: 309903K->21037K(321536K)] 848292K->565981K(1020608K), 0.0981390 secs] [Times: user=0.18 sys=0.00, real=0.10 secs] 
4675.662: [GC [PSYoungGen: 313965K->15596K(320896K)] 858909K->566006K(1019968K), 0.0581350 secs] [Times: user=0.15 sys=0.00, real=0.06 secs] 
4676.113: [GC [PSYoungGen: 308524K->21867K(321536K)] 858934K->576220K(1020608K), 0.0949390 secs] [Times: user=0.19 sys=0.00, real=0.09 secs] 
4676.487: [GC [PSYoungGen: 315307K->24761K(318208K)] 869660K->588210K(1017280K), 0.0906650 secs] [Times: user=0.21 sys=0.01, real=0.09 secs] 
4676.902: [GC [PSYoungGen: 318200K->14800K(320256K)] 881648K->587198K(1019328K), 0.0753790 secs] [Times: user=0.19 sys=0.00, real=0.07 secs] 
4677.332: [GC [PSYoungGen: 306181K->17818K(320448K)] 878579K->593726K(1019520K), 0.0807960 secs] [Times: user=0.15 sys=0.01, real=0.08 secs] 
4677.702: [GC [PSYoungGen: 309210K->18468K(321600K)] 885118K->601619K(1020672K), 0.0787410 secs] [Times: user=0.17 sys=0.00, real=0.07 secs] 
4678.125: [GC [PSYoungGen: 311524K->20619K(320960K)] 894675K->613511K(1020032K), 0.0939640 secs] [Times: user=0.18 sys=0.00, real=0.09 secs] 
4678.588: [GC [PSYoungGen: 313675K->18101K(322496K)] 906567K->617265K(1021568K), 0.1171150 secs] [Times: user=0.17 sys=0.00, real=0.12 secs] 
4679.109: [GC [PSYoungGen: 313141K->16009K(322048K)] 912305K->619734K(1021120K), 0.1000910 secs] [Times: user=0.15 sys=0.00, real=0.10 secs] 
4679.537: [GC [PSYoungGen: 311049K->16675K(322944K)] 914774K->625009K(1022016K), 0.0636900 secs] [Times: user=0.15 sys=0.01, real=0.06 secs] 
4679.932: [GC [PSYoungGen: 312735K->17617K(322624K)] 921070K->634412K(1021696K), 0.0705100 secs] [Times: user=0.17 sys=0.00, real=0.07 secs] 
4680.386: [GC [PSYoungGen: 313681K->17407K(323904K)] 930476K->643765K(1022976K), 0.0628310 secs] [Times: user=0.18 sys=0.00, real=0.06 secs] 
4680.745: [GC [PSYoungGen: 315263K->19829K(323456K)] 941621K->654329K(1022528K), 0.0689450 secs] [Times: user=0.18 sys=0.00, real=0.07 secs] 
4681.152: [GC [PSYoungGen: 317685K->19480K(324608K)] 952185K->659221K(1023680K), 0.0641940 secs] [Times: user=0.19 sys=0.00, real=0.07 secs] 
4681.556: [GC [PSYoungGen: 318744K->21121K(324160K)] 958485K->666079K(1023232K), 0.0738400 secs] [Times: user=0.19 sys=0.00, real=0.07 secs] 
4681.983: [GC [PSYoungGen: 320385K->16731K(324544K)] 965343K->669069K(1023616K), 0.0691670 secs] [Times: user=0.17 sys=0.00, real=0.06 secs] 
4682.399: [GC [PSYoungGen: 316123K->19895K(324352K)] 968461K->678617K(1023424K), 0.0827380 secs] [Times: user=0.18 sys=0.00, real=0.08 secs] 
4682.856: [GC [PSYoungGen: 319287K->17712K(325120K)] 978009K->684486K(1024192K), 0.0579460 secs] [Times: user=0.17 sys=0.00, real=0.06 secs] 
4683.236: [GC [PSYoungGen: 318128K->13561K(324800K)] 984902K->685242K(1023872K), 0.0700700 secs] [Times: user=0.17 sys=0.01, real=0.07 secs] 
4683.634: [GC [PSYoungGen: 313977K->20264K(324672K)] 985658K->698320K(1023744K), 0.0836430 secs] [Times: user=0.18 sys=0.00, real=0.08 secs] 
4684.281: [GC [PSYoungGen: 320232K->20753K(320768K)] 998288K->704618K(1019840K), 0.0731520 secs] [Times: user=0.17 sys=0.00, real=0.08 secs] 
4684.753: [GC [PSYoungGen: 320721K->20605K(324288K)] 1004586K->711893K(1023360K), 0.0855400 secs] [Times: user=0.20 sys=0.00, real=0.08 secs] 
4684.839: [Full GC [PSYoungGen: 20605K->0K(324288K)] [PSOldGen: 691287K->512832K(699072K)] 711893K->512832K(1023360K) [PSPermGen: 91634K->91634K(262144K)], 2.6423520 secs] [Times: user=2.64 sys=0.00, real=2.64 secs] 
4687.821: [GC [PSYoungGen: 299328K->25072K(324416K)] 812160K->539478K(1023488K), 0.0594000 secs] [Times: user=0.17 sys=0.00, real=0.06 secs] 
4688.300: [GC [PSYoungGen: 324400K->20439K(320960K)] 838806K->543746K(1020032K), 0.0865910 secs] [Times: user=0.18 sys=0.00, real=0.09 secs] 
4688.772: [GC [PSYoungGen: 316311K->16299K(322688K)] 839618K->545233K(1021760K), 0.0583460 secs] [Times: user=0.15 sys=0.00, real=0.06 secs] 
4689.135: [GC [PSYoungGen: 312171K->21703K(322560K)] 841105K->556147K(1021632K), 0.0767860 secs] [Times: user=0.18 sys=0.00, real=0.07 secs] 
4689.531: [GC [PSYoungGen: 317575K->19695K(322688K)] 852019K->563208K(1021760K), 0.1149510 secs] [Times: user=0.22 sys=0.00, real=0.12 secs] 
4690.125: [GC [PSYoungGen: 315567K->15334K(323136K)] 859080K->564867K(1022208K), 0.1065190 secs] [Times: user=0.18 sys=0.01, real=0.10 secs] 
4690.537: [GC [PSYoungGen: 312358K->23507K(320576K)] 861891K->577576K(1019648K), 0.0903760 secs] [Times: user=0.18 sys=0.00, real=0.09 secs] 
4690.942: [GC [PSYoungGen: 320531K->19550K(323136K)] 874600K->582863K(1022208K), 0.0748600 secs] [Times: user=0.19 sys=0.00, real=0.08 secs] 
4691.498: [GC [PSYoungGen: 315614K->25318K(321408K)] 878927K->595709K(1020480K), 0.0825030 secs] [Times: user=0.19 sys=0.00, real=0.08 secs] 
4691.941: [GC [PSYoungGen: 321382K->18130K(322112K)] 891773K->598062K(1021184K), 0.0870500 secs] [Times: user=0.19 sys=0.00, real=0.09 secs] 
4692.484: [GC [PSYoungGen: 312466K->16834K(321728K)] 892398K->599438K(1020800K), 0.0941350 secs] [Times: user=0.15 sys=0.00, real=0.09 secs] 
4692.904: [GC [PSYoungGen: 311170K->18154K(322752K)] 893774K->603452K(1021824K), 0.0725720 secs] [Times: user=0.15 sys=0.00, real=0.07 secs] 
4693.342: [GC [PSYoungGen: 313706K->21725K(322304K)] 899004K->615982K(1021376K), 0.0959820 secs] [Times: user=0.19 sys=0.01, real=0.10 secs] 
4693.821: [GC [PSYoungGen: 317277K->17605K(323008K)] 911534K->619028K(1022080K), 0.0708700 secs] [Times: user=0.17 sys=0.01, real=0.07 secs] 
4694.276: [GC [PSYoungGen: 313797K->21077K(322688K)] 915220K->626767K(1021760K), 0.0692820 secs] [Times: user=0.17 sys=0.00, real=0.07 secs] 
4694.674: [GC [PSYoungGen: 317269K->18162K(323520K)] 922959K->630755K(1022592K), 0.0908450 secs] [Times: user=0.21 sys=0.00, real=0.10 secs] 
4695.079: [GC [PSYoungGen: 315314K->23875K(321088K)] 927907K->645690K(1020160K), 0.0888310 secs] [Times: user=0.21 sys=0.01, real=0.09 secs] 
4695.542: [GC [PSYoungGen: 321027K->18160K(322944K)] 942842K->649785K(1022016K), 0.0567290 secs] [Times: user=0.18 sys=0.00, real=0.06 secs] 
4695.949: [GC [PSYoungGen: 314160K->17877K(322560K)] 945785K->654164K(1021632K), 0.0665150 secs] [Times: user=0.16 sys=0.00, real=0.07 secs] 
4696.292: [GC [PSYoungGen: 313877K->17515K(323584K)] 950164K->657472K(1022656K), 0.0589730 secs] [Times: user=0.15 sys=0.00, real=0.06 secs] 
4696.684: [GC [PSYoungGen: 314923K->18731K(323328K)] 954880K->664247K(1022400K), 0.0701990 secs] [Times: user=0.16 sys=0.00, real=0.07 secs] 
4697.084: [GC [PSYoungGen: 316139K->20677K(324224K)] 961655K->675507K(1023296K), 0.0685240 secs] [Times: user=0.19 sys=0.00, real=0.07 secs] 
4697.469: [GC [PSYoungGen: 319543K->18361K(324160K)] 974373K->679813K(1023232K), 0.0907680 secs] [Times: user=0.18 sys=0.00, real=0.09 secs] 
4697.890: [GC [PSYoungGen: 317241K->23417K(322816K)] 978693K->691041K(1021888K), 0.0896800 secs] [Times: user=0.18 sys=0.00, real=0.09 secs] 
4698.334: [GC [PSYoungGen: 321337K->22560K(320512K)] 988961K->696739K(1019584K), 0.0879720 secs] [Times: user=0.22 sys=0.00, real=0.09 secs] 
4698.763: [GC [PSYoungGen: 320480K->17817K(323520K)] 994659K->697787K(1022592K), 0.0813340 secs] [Times: user=0.18 sys=0.00, real=0.08 secs] 
4699.192: [GC [PSYoungGen: 315097K->20596K(323264K)] 995067K->706707K(1022336K), 0.0683360 secs] [Times: user=0.17 sys=0.00, real=0.07 secs] 
4699.674: [GC [PSYoungGen: 317876K->20958K(323968K)] 1003987K->714584K(1023040K), 0.0881460 secs] [Times: user=0.21 sys=0.00, real=0.09 secs] 
4699.763: [Full GC [PSYoungGen: 20958K->0K(323968K)] [PSOldGen: 693626K->514993K(699072K)] 714584K->514993K(1023040K) [PSPermGen: 91647K->91647K(262144K)], 2.6962750 secs] [Times: user=2.68 sys=0.01, real=2.70 secs] 
4702.846: [GC [PSYoungGen: 298304K->24809K(323136K)] 813297K->539802K(1022208K), 0.0617270 secs] [Times: user=0.16 sys=0.00, real=0.06 secs] 
4703.246: [GC [PSYoungGen: 323113K->18505K(323008K)] 838106K->543434K(1022080K), 0.0863260 secs] [Times: user=0.19 sys=0.00, real=0.08 secs] 
4703.670: [GC [PSYoungGen: 315145K->20605K(323072K)] 840074K->552921K(1022144K), 0.0787860 secs] [Times: user=0.18 sys=0.00, real=0.08 secs] 
4704.150: [GC [PSYoungGen: 317245K->20007K(324032K)] 849561K->559808K(1023104K), 0.0952430 secs] [Times: user=0.18 sys=0.01, real=0.10 secs] 
4704.550: [GC [PSYoungGen: 318055K->24542K(322624K)] 857856K->570358K(1021696K), 0.0833840 secs] [Times: user=0.17 sys=0.01, real=0.08 secs] 
4704.955: [GC [PSYoungGen: 322590K->13757K(321728K)] 868406K->567128K(1020800K), 0.0667960 secs] [Times: user=0.16 sys=0.00, real=0.07 secs] 
4705.352: [GC [PSYoungGen: 308989K->20191K(322368K)] 862360K->577022K(1021440K), 0.0722620 secs] [Times: user=0.16 sys=0.00, real=0.07 secs] 
4705.787: [GC [PSYoungGen: 315423K->19067K(323520K)] 872254K->583403K(1022592K), 0.0656780 secs] [Times: user=0.17 sys=0.00, real=0.06 secs] 
4706.258: [GC [PSYoungGen: 316091K->17621K(323008K)] 880427K->589198K(1022080K), 0.0770150 secs] [Times: user=0.18 sys=0.00, real=0.07 secs] 
4706.688: [GC [PSYoungGen: 314645K->18300K(324096K)] 886222K->595725K(1023168K), 0.0645020 secs] [Times: user=0.17 sys=0.00, real=0.06 secs] 
4707.201: [GC [PSYoungGen: 316604K->20994K(323712K)] 894029K->604642K(1022784K), 0.0775080 secs] [Times: user=0.19 sys=0.00, real=0.08 secs] 
4707.661: [GC [PSYoungGen: 319298K->18368K(324480K)] 902946K->608242K(1023552K), 0.0553490 secs] [Times: user=0.17 sys=0.00, real=0.06 secs] 
4708.023: [GC [PSYoungGen: 317504K->19389K(324160K)] 907378K->613311K(1023232K), 0.0792120 secs] [Times: user=0.15 sys=0.00, real=0.08 secs] 
4708.473: [GC [PSYoungGen: 318525K->19014K(325376K)] 912447K->623300K(1024448K), 0.0760280 secs] [Times: user=0.19 sys=0.00, real=0.08 secs] 
4708.827: [GC [PSYoungGen: 319878K->20547K(324992K)] 924164K->630283K(1024064K), 0.0648210 secs] [Times: user=0.17 sys=0.00, real=0.07 secs] 
4709.253: [GC [PSYoungGen: 321411K->18319K(325696K)] 931147K->633697K(1024768K), 0.0849230 secs] [Times: user=0.16 sys=0.01, real=0.09 secs] 
4709.701: [GC [PSYoungGen: 319951K->19300K(325440K)] 935329K->640961K(1024512K), 0.0706890 secs] [Times: user=0.17 sys=0.00, real=0.07 secs] 
4710.094: [GC [PSYoungGen: 320932K->17244K(326080K)] 942593K->646451K(1025152K), 0.0846770 secs] [Times: user=0.17 sys=0.00, real=0.09 secs] 
4710.614: [GC [PSYoungGen: 319900K->19087K(326080K)] 949107K->652574K(1025152K), 0.0892160 secs] [Times: user=0.15 sys=0.00, real=0.09 secs] 
4711.028: [GC [PSYoungGen: 321743K->16877K(326464K)] 955230K->655936K(1025536K), 0.0934890 secs] [Times: user=0.16 sys=0.00, real=0.09 secs] 
4711.441: [GC [PSYoungGen: 320301K->16364K(319808K)] 959360K->661641K(1018880K), 0.0674900 secs] [Times: user=0.15 sys=0.00, real=0.07 secs] 
4711.900: [GC [PSYoungGen: 319788K->22528K(324480K)] 965065K->675171K(1023552K), 0.0980230 secs] [Times: user=0.17 sys=0.00, real=0.10 secs] 
4712.299: [GC [PSYoungGen: 323904K->17552K(325440K)] 976547K->677060K(1024512K), 0.0712860 secs] [Times: user=0.17 sys=0.00, real=0.07 secs] 
4712.653: [GC [PSYoungGen: 318928K->20137K(325696K)] 978436K->685706K(1024768K), 0.0734600 secs] [Times: user=0.17 sys=0.01, real=0.07 secs] 
4713.064: [GC [PSYoungGen: 322025K->17918K(325696K)] 987594K->692393K(1024768K), 0.0807510 secs] [Times: user=0.17 sys=0.01, real=0.08 secs] 
4713.460: [GC [PSYoungGen: 319806K->18571K(326400K)] 994281K->699152K(1025472K), 0.0769040 secs] [Times: user=0.17 sys=0.00, real=0.07 secs] 
4713.906: [GC [PSYoungGen: 321483K->17669K(326016K)] 1002064K->702351K(1025088K), 0.0729900 secs] [Times: user=0.16 sys=0.00, real=0.08 secs] 
4714.247: [GC [PSYoungGen: 320581K->15854K(326336K)] 1005263K->705717K(1025408K), 0.0628820 secs] [Times: user=0.14 sys=0.01, real=0.07 secs] 
4714.310: [Full GC [PSYoungGen: 15854K->0K(326336K)] [PSOldGen: 689862K->508741K(699072K)] 705717K->508741K(1025408K) [PSPermGen: 91658K->91658K(262144K)], 2.7223990 secs] [Times: user=2.72 sys=0.00, real=2.72 secs] 
4717.402: [GC [PSYoungGen: 303424K->23011K(326464K)] 812165K->535808K(1025536K), 0.0786440 secs] [Times: user=0.17 sys=0.00, real=0.08 secs] 
4717.863: [GC [PSYoungGen: 326435K->17530K(321728K)] 839232K->545007K(1020800K), 0.1109550 secs] [Times: user=0.20 sys=0.00, real=0.11 secs] 
4718.295: [GC [PSYoungGen: 316218K->23828K(322560K)] 843695K->556156K(1021632K), 0.0887120 secs] [Times: user=0.21 sys=0.00, real=0.09 secs] 
4718.705: [GC [PSYoungGen: 322516K->16299K(323136K)] 854844K->558447K(1022208K), 0.0618940 secs] [Times: user=0.18 sys=0.00, real=0.06 secs] 
4719.078: [GC [PSYoungGen: 312939K->17376K(323008K)] 855087K->564036K(1022080K), 0.0499440 secs] [Times: user=0.15 sys=0.00, real=0.05 secs] 
4719.479: [GC [PSYoungGen: 314016K->21794K(322880K)] 860676K->572380K(1021952K), 0.0718310 secs] [Times: user=0.18 sys=0.01, real=0.07 secs] 
4719.912: [GC [PSYoungGen: 318690K->18388K(323200K)] 869276K->578658K(1022272K), 0.0797330 secs] [Times: user=0.20 sys=0.00, real=0.08 secs] 
4720.388: [GC [PSYoungGen: 315284K->18282K(324160K)] 875554K->582756K(1023232K), 0.0868380 secs] [Times: user=0.16 sys=0.00, real=0.09 secs] 
4720.795: [GC [PSYoungGen: 316650K->20918K(323712K)] 881124K->589333K(1022784K), 0.0524970 secs] [Times: user=0.16 sys=0.01, real=0.05 secs] 
4721.147: [GC [PSYoungGen: 319286K->18350K(324608K)] 887701K->594702K(1023680K), 0.0843930 secs] [Times: user=0.17 sys=0.00, real=0.09 secs] 
4721.566: [GC [PSYoungGen: 317614K->19989K(324160K)] 893966K->601361K(1023232K), 0.0774720 secs] [Times: user=0.19 sys=0.00, real=0.08 secs] 
4721.973: [GC [PSYoungGen: 319253K->19164K(325376K)] 900625K->608589K(1024448K), 0.0693300 secs] [Times: user=0.18 sys=0.00, real=0.07 secs] 
4722.333: [GC [PSYoungGen: 319900K->22584K(323328K)] 909325K->621058K(1022400K), 0.0671110 secs] [Times: user=0.18 sys=0.00, real=0.07 secs] 
4722.736: [GC [PSYoungGen: 323320K->18588K(324992K)] 921794K->623993K(1024064K), 0.1000530 secs] [Times: user=0.18 sys=0.00, real=0.10 secs] 
4723.143: [GC [PSYoungGen: 318684K->19634K(324608K)] 924089K->629432K(1023680K), 0.0747690 secs] [Times: user=0.17 sys=0.00, real=0.07 secs] 
4723.554: [GC [PSYoungGen: 319730K->21871K(324672K)] 929528K->636268K(1023744K), 0.0746110 secs] [Times: user=0.19 sys=0.01, real=0.07 secs] 
4723.989: [GC [PSYoungGen: 322479K->16788K(317440K)] 936876K->639175K(1016512K), 0.0824420 secs] [Times: user=0.18 sys=0.01, real=0.08 secs] 
4724.416: [GC [PSYoungGen: 317396K->20474K(325120K)] 939783K->647857K(1024192K), 0.0988340 secs] [Times: user=0.16 sys=0.00, real=0.10 secs] 
4724.929: [GC [PSYoungGen: 321082K->15573K(316224K)] 948465K->649478K(1015296K), 0.0849630 secs] [Times: user=0.15 sys=0.01, real=0.08 secs] 
4725.354: [GC [PSYoungGen: 316181K->21966K(323904K)] 950086K->663132K(1022976K), 0.0912130 secs] [Times: user=0.18 sys=0.01, real=0.09 secs] 
4725.876: [GC [PSYoungGen: 321294K->19319K(324416K)] 962460K->667335K(1023488K), 0.0694610 secs] [Times: user=0.18 sys=0.01, real=0.07 secs] 
4726.374: [GC [PSYoungGen: 318647K->18861K(325376K)] 966663K->674164K(1024448K), 0.0701220 secs] [Times: user=0.18 sys=0.00, real=0.07 secs] 
4726.760: [GC [PSYoungGen: 319661K->19287K(324928K)] 974964K->678795K(1024000K), 0.0714540 secs] [Times: user=0.17 sys=0.00, real=0.07 secs] 
4727.146: [GC [PSYoungGen: 320087K->21240K(325312K)] 979595K->687455K(1024384K), 0.0678650 secs] [Times: user=0.18 sys=0.00, real=0.07 secs] 
4727.633: [GC [PSYoungGen: 322872K->19352K(325568K)] 989087K->693748K(1024640K), 0.0753690 secs] [Times: user=0.18 sys=0.00, real=0.07 secs] 
4728.067: [GC [PSYoungGen: 320984K->16801K(325824K)] 995380K->694912K(1024896K), 0.0879430 secs] [Times: user=0.16 sys=0.00, real=0.09 secs] 
4728.579: [GC [PSYoungGen: 319073K->20182K(325888K)] 997184K->704517K(1024960K), 0.0681660 secs] [Times: user=0.17 sys=0.01, real=0.07 secs] 
4728.950: [GC [PSYoungGen: 322454K->19315K(326400K)] 1006789K->710373K(1025472K), 0.0822290 secs] [Times: user=0.18 sys=0.00, real=0.09 secs] 
4729.032: [Full GC [PSYoungGen: 19315K->0K(326400K)] [PSOldGen: 691058K->475559K(699072K)] 710373K->475559K(1025472K) [PSPermGen: 91674K->91618K(262144K)], 2.6508120 secs] [Times: user=2.65 sys=0.00, real=2.65 secs] 
4732.044: [GC [PSYoungGen: 302848K->17017K(325952K)] 778407K->492577K(1025024K), 0.0697620 secs] [Times: user=0.13 sys=0.00, real=0.07 secs] 
4732.558: [GC [PSYoungGen: 319865K->23157K(321728K)] 795425K->502085K(1020800K), 0.1000980 secs] [Times: user=0.17 sys=0.01, real=0.10 secs] 
4732.961: [GC [PSYoungGen: 321717K->17147K(324032K)] 800645K->508264K(1023104K), 0.0580560 secs] [Times: user=0.20 sys=0.00, real=0.05 secs] 
4733.385: [GC [PSYoungGen: 315707K->18474K(324480K)] 806824K->515994K(1023552K), 0.0608780 secs] [Times: user=0.16 sys=0.00, real=0.06 secs] 
4733.904: [GC [PSYoungGen: 317546K->25021K(324096K)] 815066K->523607K(1023168K), 0.0836330 secs] [Times: user=0.17 sys=0.00, real=0.08 secs] 
4734.312: [GC [PSYoungGen: 324093K->17190K(321408K)] 822679K->523853K(1020480K), 0.0869010 secs] [Times: user=0.18 sys=0.00, real=0.08 secs] 
4734.780: [GC [PSYoungGen: 313190K->16245K(322752K)] 819853K->529269K(1021824K), 0.0674690 secs] [Times: user=0.16 sys=0.01, real=0.07 secs] 
4735.233: [GC [PSYoungGen: 312245K->17813K(323264K)] 825269K->536662K(1022336K), 0.0838320 secs] [Times: user=0.16 sys=0.01, real=0.08 secs] 
4735.645: [GC [PSYoungGen: 314453K->18041K(322880K)] 833302K->540360K(1021952K), 0.0482230 secs] [Times: user=0.16 sys=0.00, real=0.05 secs] 
4736.034: [GC [PSYoungGen: 314681K->19299K(324352K)] 837000K->550323K(1023424K), 0.0677160 secs] [Times: user=0.18 sys=0.00, real=0.07 secs] 
4736.482: [GC [PSYoungGen: 317923K->18364K(323776K)] 848947K->555560K(1022848K), 0.0802250 secs] [Times: user=0.21 sys=0.00, real=0.08 secs] 
4736.908: [GC [PSYoungGen: 316988K->20398K(324864K)] 854184K->563865K(1023936K), 0.0786300 secs] [Times: user=0.19 sys=0.00, real=0.08 secs] 
4737.359: [GC [PSYoungGen: 320558K->15833K(324800K)] 864025K->565880K(1023872K), 0.0648240 secs] [Times: user=0.17 sys=0.00, real=0.07 secs] 
4737.759: [GC [PSYoungGen: 315993K->21214K(324224K)] 866040K->576769K(1023296K), 0.0545350 secs] [Times: user=0.18 sys=0.00, real=0.06 secs] 
4738.235: [GC [PSYoungGen: 320798K->21011K(320640K)] 876353K->584291K(1019712K), 0.0559220 secs] [Times: user=0.19 sys=0.00, real=0.05 secs] 
4738.626: [GC [PSYoungGen: 320595K->25079K(318912K)] 883875K->591623K(1017984K), 0.0726650 secs] [Times: user=0.18 sys=0.01, real=0.07 secs] 
4739.057: [GC [PSYoungGen: 318903K->18376K(321664K)] 885447K->593695K(1020736K), 0.0713430 secs] [Times: user=0.17 sys=0.00, real=0.07 secs] 
4739.502: [GC [PSYoungGen: 312200K->14861K(321856K)] 887519K->597119K(1020928K), 0.0739590 secs] [Times: user=0.15 sys=0.00, real=0.07 secs] 
4739.870: [GC [PSYoungGen: 309325K->20505K(321984K)] 891583K->606450K(1021056K), 0.0767510 secs] [Times: user=0.17 sys=0.00, real=0.08 secs] 
4740.311: [GC [PSYoungGen: 314969K->18588K(322944K)] 900914K->613978K(1022016K), 0.0870350 secs] [Times: user=0.20 sys=0.00, real=0.09 secs] 
4740.747: [GC [PSYoungGen: 314460K->17839K(322432K)] 909850K->618873K(1021504K), 0.0853090 secs] [Times: user=0.18 sys=0.01, real=0.09 secs] 
4741.182: [GC [PSYoungGen: 313711K->17813K(323776K)] 914745K->623071K(1022848K), 0.0505610 secs] [Times: user=0.16 sys=0.00, real=0.06 secs] 
4741.639: [GC [PSYoungGen: 315477K->24883K(322560K)] 920735K->636060K(1021632K), 0.0721550 secs] [Times: user=0.19 sys=0.00, real=0.07 secs] 
4742.049: [GC [PSYoungGen: 322547K->18797K(322944K)] 933724K->638614K(1022016K), 0.0803740 secs] [Times: user=0.19 sys=0.00, real=0.08 secs] 
4742.472: [GC [PSYoungGen: 314797K->19397K(322560K)] 934614K->646032K(1021632K), 0.0773940 secs] [Times: user=0.17 sys=0.00, real=0.07 secs] 
4742.866: [GC [PSYoungGen: 315397K->20002K(324032K)] 942032K->651823K(1023104K), 0.0983210 secs] [Times: user=0.18 sys=0.00, real=0.10 secs] 
4743.322: [GC [PSYoungGen: 318114K->17290K(323584K)] 949935K->655444K(1022656K), 0.0701070 secs] [Times: user=0.16 sys=0.00, real=0.07 secs] 
4743.738: [GC [PSYoungGen: 315402K->20406K(324416K)] 953556K->665305K(1023488K), 0.0573750 secs] [Times: user=0.18 sys=0.00, real=0.06 secs] 
4744.183: [GC [PSYoungGen: 319542K->23322K(322496K)] 964441K->674584K(1021568K), 0.0789040 secs] [Times: user=0.20 sys=0.00, real=0.07 secs] 
4744.621: [GC [PSYoungGen: 322458K->17846K(323840K)] 973720K->674552K(1022912K), 0.0688130 secs] [Times: user=0.18 sys=0.00, real=0.07 secs] 
4745.051: [GC [PSYoungGen: 315766K->20101K(323584K)] 972472K->681816K(1022656K), 0.0922470 secs] [Times: user=0.18 sys=0.01, real=0.10 secs] 
4745.487: [GC [PSYoungGen: 318021K->16557K(324288K)] 979736K->685838K(1023360K), 0.0647810 secs] [Times: user=0.17 sys=0.01, real=0.06 secs] 
4745.901: [GC [PSYoungGen: 315629K->18004K(324288K)] 984910K->693528K(1023360K), 0.0638520 secs] [Times: user=0.19 sys=0.00, real=0.07 secs] 
4746.347: [GC [PSYoungGen: 317076K->19403K(325120K)] 992600K->700801K(1024192K), 0.0969510 secs] [Times: user=0.17 sys=0.00, real=0.10 secs] 
4746.796: [GC [PSYoungGen: 319627K->14379K(324608K)] 1001025K->701683K(1023680K), 0.0510120 secs] [Times: user=0.15 sys=0.00, real=0.05 secs] 
4747.207: [GC [PSYoungGen: 314603K->20222K(324864K)] 1001907K->713823K(1023936K), 0.0764650 secs] [Times: user=0.18 sys=0.00, real=0.08 secs] 
4747.284: [Full GC [PSYoungGen: 20222K->0K(324864K)] [PSOldGen: 693600K->514906K(699072K)] 713823K->514906K(1023936K) [PSPermGen: 91631K->91631K(262144K)], 2.9155290 secs] [Times: user=2.90 sys=0.00, real=2.91 secs] 
4750.499: [GC [PSYoungGen: 300154K->23227K(323392K)] 815060K->538133K(1022464K), 0.0714600 secs] [Times: user=0.18 sys=0.00, real=0.07 secs] 
4750.932: [GC [PSYoungGen: 323387K->25651K(319872K)] 838293K->541378K(1018944K), 0.0751330 secs] [Times: user=0.16 sys=0.00, real=0.08 secs] 
4751.384: [GC [PSYoungGen: 319859K->20820K(321856K)] 835586K->547205K(1020928K), 0.0789960 secs] [Times: user=0.21 sys=0.00, real=0.08 secs] 
4751.803: [GC [PSYoungGen: 315028K->25358K(319872K)] 841413K->551743K(1018944K), 0.0714640 secs] [Times: user=0.16 sys=0.01, real=0.07 secs] 
4752.322: [GC [PSYoungGen: 318030K->20828K(321088K)] 844415K->552827K(1020160K), 0.1015880 secs] [Times: user=0.17 sys=0.01, real=0.11 secs] 
4752.711: [GC [PSYoungGen: 313500K->16795K(321856K)] 845499K->550854K(1020928K), 0.1350200 secs] [Times: user=0.26 sys=0.00, real=0.14 secs] 
4753.258: [GC [PSYoungGen: 310939K->16917K(321792K)] 844998K->556899K(1020864K), 0.0826070 secs] [Times: user=0.16 sys=0.00, real=0.08 secs] 
4753.653: [GC [PSYoungGen: 311061K->15641K(322048K)] 851043K->561627K(1021120K), 0.0797850 secs] [Times: user=0.16 sys=0.00, real=0.08 secs] 
4754.101: [GC [PSYoungGen: 310169K->23593K(318144K)] 856155K->574334K(1017216K), 0.0787840 secs] [Times: user=0.18 sys=0.00, real=0.08 secs] 
4754.609: [GC [PSYoungGen: 318121K->20377K(321984K)] 868862K->581844K(1021056K), 0.0872820 secs] [Times: user=0.18 sys=0.01, real=0.09 secs] 
4754.976: [GC [PSYoungGen: 314137K->22933K(321280K)] 875604K->590224K(1020352K), 0.0767440 secs] [Times: user=0.18 sys=0.01, real=0.07 secs] 
4755.439: [GC [PSYoungGen: 316693K->18445K(322048K)] 883984K->593469K(1021120K), 0.0856200 secs] [Times: user=0.18 sys=0.00, real=0.09 secs] 
4755.838: [GC [PSYoungGen: 312589K->22159K(321600K)] 887613K->604015K(1020672K), 0.0673680 secs] [Times: user=0.19 sys=0.00, real=0.07 secs] 
4756.215: [GC [PSYoungGen: 316303K->18408K(322432K)] 898159K->610574K(1021504K), 0.0708090 secs] [Times: user=0.18 sys=0.00, real=0.07 secs] 
4756.680: [GC [PSYoungGen: 313384K->18136K(322048K)] 905550K->617285K(1021120K), 0.0787510 secs] [Times: user=0.18 sys=0.00, real=0.08 secs] 
4757.078: [GC [PSYoungGen: 313112K->20026K(323456K)] 912261K->624686K(1022528K), 0.0660770 secs] [Times: user=0.16 sys=0.01, real=0.06 secs] 
4757.487: [GC [PSYoungGen: 316794K->18504K(322816K)] 921454K->630212K(1021888K), 0.0733740 secs] [Times: user=0.17 sys=0.00, real=0.07 secs] 
4757.923: [GC [PSYoungGen: 315272K->20894K(323968K)] 926980K->640556K(1023040K), 0.0912060 secs] [Times: user=0.18 sys=0.00, real=0.10 secs] 
4758.354: [GC [PSYoungGen: 319134K->18720K(323776K)] 938796K->643862K(1022848K), 0.0930970 secs] [Times: user=0.16 sys=0.00, real=0.09 secs] 
4758.799: [GC [PSYoungGen: 316960K->18766K(324672K)] 942102K->648872K(1023744K), 0.0753930 secs] [Times: user=0.16 sys=0.00, real=0.08 secs] 
4759.152: [GC [PSYoungGen: 318286K->21918K(324352K)] 948392K->658644K(1023424K), 0.0706640 secs] [Times: user=0.18 sys=0.00, real=0.07 secs] 
4759.614: [GC [PSYoungGen: 321438K->19257K(324800K)] 958164K->664413K(1023872K), 0.0745750 secs] [Times: user=0.17 sys=0.00, real=0.08 secs] 
4760.053: [GC [PSYoungGen: 318905K->20757K(324352K)] 964061K->671982K(1023424K), 0.1112430 secs] [Times: user=0.17 sys=0.00, real=0.12 secs] 
4760.490: [GC [PSYoungGen: 320405K->18838K(325184K)] 971630K->676266K(1024256K), 0.0736510 secs] [Times: user=0.19 sys=0.00, real=0.07 secs] 
4760.906: [GC [PSYoungGen: 319446K->17308K(324928K)] 976874K->680447K(1024000K), 0.0632270 secs] [Times: user=0.16 sys=0.00, real=0.06 secs] 
4761.312: [GC [PSYoungGen: 317916K->20115K(325504K)] 981055K->690369K(1024576K), 0.0691950 secs] [Times: user=0.20 sys=0.00, real=0.07 secs] 
4761.730: [GC [PSYoungGen: 321363K->19896K(325248K)] 991617K->696432K(1024320K), 0.0738500 secs] [Times: user=0.18 sys=0.00, real=0.07 secs] 
4762.197: [GC [PSYoungGen: 321144K->17150K(325824K)] 997680K->702321K(1024896K), 0.0836920 secs] [Times: user=0.18 sys=0.01, real=0.08 secs] 
4762.702: [GC [PSYoungGen: 319294K->16965K(325824K)] 1004465K->705037K(1024896K), 0.0744910 secs] [Times: user=0.15 sys=0.00, real=0.08 secs] 
4763.149: [GC [PSYoungGen: 319109K->21205K(325184K)] 1007181K->714253K(1024256K), 0.1015790 secs] [Times: user=0.18 sys=0.00, real=0.10 secs] 
4763.251: [Full GC [PSYoungGen: 21205K->0K(325184K)] [PSOldGen: 693047K->518701K(699072K)] 714253K->518701K(1024256K) [PSPermGen: 91643K->91643K(262144K)], 2.5932840 secs] [Times: user=2.59 sys=0.01, real=2.59 secs] 
4766.191: [GC [PSYoungGen: 301504K->23113K(324672K)] 820205K->541815K(1023744K), 0.0862670 secs] [Times: user=0.16 sys=0.00, real=0.09 secs] 
4766.601: [GC [PSYoungGen: 324617K->24811K(318400K)] 843319K->548059K(1017472K), 0.0711220 secs] [Times: user=0.18 sys=0.01, real=0.07 secs] 
4767.025: [GC [PSYoungGen: 318379K->17134K(321536K)] 841627K->549919K(1020608K), 0.0874520 secs] [Times: user=0.19 sys=0.00, real=0.09 secs] 
4767.438: [GC [PSYoungGen: 310702K->21069K(322112K)] 843487K->559464K(1021184K), 0.0649220 secs] [Times: user=0.17 sys=0.00, real=0.06 secs] 
4767.881: [GC [PSYoungGen: 315341K->17155K(321664K)] 853736K->563569K(1020736K), 0.0639560 secs] [Times: user=0.16 sys=0.00, real=0.06 secs] 
4768.364: [GC [PSYoungGen: 311427K->19379K(322880K)] 857841K->572736K(1021952K), 0.0782280 secs] [Times: user=0.18 sys=0.00, real=0.08 secs] 
4768.759: [GC [PSYoungGen: 314988K->20721K(322240K)] 868344K->579782K(1021312K), 0.0834900 secs] [Times: user=0.18 sys=0.01, real=0.08 secs] 
4769.224: [GC [PSYoungGen: 316337K->18641K(323648K)] 875398K->586257K(1022720K), 0.0808580 secs] [Times: user=0.18 sys=0.00, real=0.08 secs] 
4769.586: [GC [PSYoungGen: 316049K->19419K(323264K)] 883665K->591648K(1022336K), 0.0859120 secs] [Times: user=0.16 sys=0.00, real=0.08 secs] 
4770.061: [GC [PSYoungGen: 316827K->17718K(324288K)] 889056K->597261K(1023360K), 0.0810010 secs] [Times: user=0.17 sys=0.00, real=0.08 secs] 
4770.611: [GC [PSYoungGen: 316598K->21096K(324096K)] 896141K->606035K(1023168K), 0.0910960 secs] [Times: user=0.21 sys=0.00, real=0.09 secs] 
4771.003: [GC [PSYoungGen: 319976K->16746K(324352K)] 904915K->610207K(1023424K), 0.0670360 secs] [Times: user=0.17 sys=0.00, real=0.07 secs] 
4771.425: [GC [PSYoungGen: 315946K->17243K(324352K)] 909407K->615756K(1023424K), 0.0738490 secs] [Times: user=0.15 sys=0.01, real=0.08 secs] 
4771.850: [GC [PSYoungGen: 316443K->19325K(325056K)] 914956K->624671K(1024128K), 0.0913460 secs] [Times: user=0.17 sys=0.00, real=0.09 secs] 
4772.276: [GC [PSYoungGen: 319421K->21923K(324544K)] 924767K->635169K(1023616K), 0.0678130 secs] [Times: user=0.19 sys=0.01, real=0.06 secs] 
4772.724: [GC [PSYoungGen: 322019K->17275K(324736K)] 935265K->637790K(1023808K), 0.0941060 secs] [Times: user=0.16 sys=0.00, real=0.10 secs] 
4773.249: [GC [PSYoungGen: 317115K->20095K(324608K)] 937630K->646581K(1023680K), 0.0594670 secs] [Times: user=0.18 sys=0.01, real=0.06 secs] 
4773.690: [GC [PSYoungGen: 319935K->16040K(324864K)] 946421K->649077K(1023936K), 0.0701700 secs] [Times: user=0.16 sys=0.00, real=0.07 secs] 
4774.087: [GC [PSYoungGen: 316392K->18334K(324928K)] 949429K->658130K(1024000K), 0.0666740 secs] [Times: user=0.17 sys=0.00, real=0.07 secs] 
4774.563: [GC [PSYoungGen: 318686K->18130K(325696K)] 958482K->664576K(1024768K), 0.0827740 secs] [Times: user=0.17 sys=0.00, real=0.08 secs] 
4774.971: [GC [PSYoungGen: 319698K->21496K(323072K)] 966144K->674198K(1022144K), 0.0722460 secs] [Times: user=0.18 sys=0.00, real=0.07 secs] 
4775.375: [GC [PSYoungGen: 323064K->17144K(325440K)] 975766K->679822K(1024512K), 0.0828260 secs] [Times: user=0.18 sys=0.01, real=0.09 secs] 
4775.800: [GC [PSYoungGen: 318328K->17215K(325248K)] 981006K->684076K(1024320K), 0.0494460 secs] [Times: user=0.16 sys=0.00, real=0.05 secs] 
4776.222: [GC [PSYoungGen: 318399K->14385K(325120K)] 985260K->684134K(1024192K), 0.0890750 secs] [Times: user=0.15 sys=0.01, real=0.09 secs] 
4776.606: [GC [PSYoungGen: 315633K->24118K(325376K)] 985382K->700689K(1024448K), 0.0783420 secs] [Times: user=0.18 sys=0.00, real=0.08 secs] 
4777.076: [GC [PSYoungGen: 325366K->22135K(317056K)] 1001937K->710937K(1016128K), 0.0818070 secs] [Times: user=0.21 sys=0.00, real=0.09 secs] 
4777.158: [Full GC [PSYoungGen: 22135K->0K(317056K)] [PSOldGen: 688802K->519632K(699072K)] 710937K->519632K(1016128K) [PSPermGen: 91658K->91658K(262144K)], 2.7814480 secs] [Times: user=2.78 sys=0.00, real=2.78 secs] 
4780.261: [GC [PSYoungGen: 292928K->23222K(316160K)] 812560K->542855K(1015232K), 0.0838070 secs] [Times: user=0.16 sys=0.00, real=0.08 secs] 
4780.666: [GC [PSYoungGen: 316150K->27257K(317248K)] 835783K->546890K(1016320K), 0.0816660 secs] [Times: user=0.17 sys=0.00, real=0.09 secs] 
4781.091: [GC [PSYoungGen: 315833K->26177K(314816K)] 835466K->545809K(1013888K), 0.0681440 secs] [Times: user=0.18 sys=0.00, real=0.07 secs] 
4781.458: [GC [PSYoungGen: 314753K->25814K(316800K)] 834385K->553071K(1015872K), 0.0851070 secs] [Times: user=0.21 sys=0.01, real=0.08 secs] 
4781.955: [GC [PSYoungGen: 311190K->20562K(317440K)] 838447K->548107K(1016512K), 0.0742770 secs] [Times: user=0.15 sys=0.00, real=0.08 secs] 
4782.433: [GC [PSYoungGen: 305938K->23517K(318528K)] 833483K->551271K(1017600K), 0.0739070 secs] [Times: user=0.16 sys=0.00, real=0.07 secs] 
4782.823: [GC [PSYoungGen: 310749K->19909K(318208K)] 838503K->547726K(1017280K), 0.0597240 secs] [Times: user=0.15 sys=0.00, real=0.06 secs] 
4783.233: [GC [PSYoungGen: 307141K->22727K(319552K)] 834958K->550733K(1018624K), 0.0681230 secs] [Times: user=0.16 sys=0.00, real=0.07 secs] 
4783.631: [GC [PSYoungGen: 311879K->13562K(302720K)] 839885K->541834K(1001792K), 0.0749920 secs] [Times: user=0.11 sys=0.01, real=0.07 secs] 
4784.032: [GC [PSYoungGen: 302714K->22652K(319296K)] 830986K->551019K(1018368K), 0.0747070 secs] [Times: user=0.15 sys=0.01, real=0.07 secs] 
4784.416: [GC [PSYoungGen: 311420K->26732K(315520K)] 839787K->555228K(1014592K), 0.0910590 secs] [Times: user=0.18 sys=0.00, real=0.09 secs] 
4784.807: [GC [PSYoungGen: 315500K->18203K(318528K)] 843996K->546835K(1017600K), 0.0659230 secs] [Times: user=0.15 sys=0.00, real=0.07 secs] 
4785.227: [GC [PSYoungGen: 305371K->24160K(318144K)] 834003K->552972K(1017216K), 0.0936310 secs] [Times: user=0.17 sys=0.00, real=0.10 secs] 
4785.627: [GC [PSYoungGen: 311328K->23327K(318784K)] 840140K->552467K(1017856K), 0.0666190 secs] [Times: user=0.16 sys=0.00, real=0.07 secs] 
4786.140: [GC [PSYoungGen: 311071K->16513K(318464K)] 840211K->546476K(1017536K), 0.0622890 secs] [Times: user=0.15 sys=0.00, real=0.06 secs] 
4786.520: [GC [PSYoungGen: 304257K->19195K(319360K)] 834220K->550139K(1018432K), 0.0577610 secs] [Times: user=0.15 sys=0.00, real=0.05 secs] 
4786.930: [GC [PSYoungGen: 307769K->20725K(318720K)] 838713K->553801K(1017792K), 0.0669930 secs] [Times: user=0.17 sys=0.00, real=0.06 secs] 
4787.355: [GC [PSYoungGen: 309301K->23421K(320064K)] 842377K->558859K(1019136K), 0.0860510 secs] [Times: user=0.18 sys=0.00, real=0.09 secs] 
4787.734: [GC [PSYoungGen: 314173K->23698K(314496K)] 849611K->560880K(1013568K), 0.0702060 secs] [Times: user=0.18 sys=0.00, real=0.07 secs] 
4788.163: [GC [PSYoungGen: 314450K->24310K(319552K)] 851632K->562723K(1018624K), 0.0836650 secs] [Times: user=0.18 sys=0.00, real=0.08 secs] 
4788.541: [GC [PSYoungGen: 314422K->21317K(319808K)] 852835K->560574K(1018880K), 0.0599690 secs] [Times: user=0.16 sys=0.00, real=0.06 secs] 
4788.982: [GC [PSYoungGen: 311429K->17139K(320384K)] 850686K->557328K(1019456K), 0.0586280 secs] [Times: user=0.14 sys=0.01, real=0.06 secs] 
4789.408: [GC [PSYoungGen: 308531K->22100K(320448K)] 848720K->563744K(1019520K), 0.1056310 secs] [Times: user=0.16 sys=0.01, real=0.11 secs] 
4789.870: [GC [PSYoungGen: 313492K->22298K(321280K)] 855136K->565779K(1020352K), 0.0718410 secs] [Times: user=0.20 sys=0.00, real=0.07 secs] 
4790.250: [GC [PSYoungGen: 314970K->23359K(320896K)] 858451K->567965K(1019968K), 0.0791580 secs] [Times: user=0.19 sys=0.00, real=0.08 secs] 
4790.628: [GC [PSYoungGen: 316031K->20589K(321728K)] 860637K->568300K(1020800K), 0.0531830 secs] [Times: user=0.16 sys=0.01, real=0.06 secs] 
4791.142: [GC [PSYoungGen: 314093K->20347K(321280K)] 861804K->569687K(1020352K), 0.0617740 secs] [Times: user=0.15 sys=0.00, real=0.06 secs] 
4791.553: [GC [PSYoungGen: 313851K->21455K(322752K)] 863191K->572542K(1021824K), 0.0703320 secs] [Times: user=0.16 sys=0.00, real=0.07 secs] 
4792.023: [GC [PSYoungGen: 316879K->19473K(322176K)] 867966K->571229K(1021248K), 0.0727040 secs] [Times: user=0.15 sys=0.00, real=0.07 secs] 
4792.533: [GC [PSYoungGen: 314897K->23228K(322560K)] 866653K->576002K(1021632K), 0.0742720 secs] [Times: user=0.17 sys=0.00, real=0.07 secs] 
4792.980: [GC [PSYoungGen: 319228K->24579K(320640K)] 872002K->577352K(1019712K), 0.0997450 secs] [Times: user=0.17 sys=0.01, real=0.10 secs] 
4793.395: [GC [PSYoungGen: 320579K->24407K(321216K)] 873352K->577778K(1020288K), 0.0777400 secs] [Times: user=0.17 sys=0.01, real=0.08 secs] 
4793.845: [GC [PSYoungGen: 318231K->22193K(321664K)] 871602K->576700K(1020736K), 0.0649800 secs] [Times: user=0.17 sys=0.00, real=0.07 secs] 
4794.232: [GC [PSYoungGen: 316017K->26649K(319872K)] 870524K->581412K(1018944K), 0.0810110 secs] [Times: user=0.18 sys=0.01, real=0.08 secs] 
4794.717: [GC [PSYoungGen: 319193K->18489K(311040K)] 873956K->573341K(1010112K), 0.0519590 secs] [Times: user=0.13 sys=0.01, real=0.05 secs] 
4795.211: [GC [PSYoungGen: 311033K->24488K(320512K)] 865885K->579593K(1019584K), 0.0864840 secs] [Times: user=0.20 sys=0.01, real=0.08 secs] 
4795.668: [GC [PSYoungGen: 316392K->22553K(320704K)] 871497K->577782K(1019776K), 0.0945610 secs] [Times: user=0.16 sys=0.00, real=0.10 secs] 
4796.079: [GC [PSYoungGen: 314457K->23713K(321344K)] 869686K->579158K(1020416K), 0.0703820 secs] [Times: user=0.16 sys=0.00, real=0.07 secs] 
4796.495: [GC [PSYoungGen: 316769K->19966K(321216K)] 872214K->575544K(1020288K), 0.0831810 secs] [Times: user=0.14 sys=0.00, real=0.08 secs] 
4796.970: [GC [PSYoungGen: 313022K->20028K(321664K)] 868600K->575786K(1020736K), 0.0625880 secs] [Times: user=0.15 sys=0.00, real=0.07 secs] 
4797.383: [GC [PSYoungGen: 313660K->22963K(321472K)] 869418K->579041K(1020544K), 0.0904960 secs] [Times: user=0.15 sys=0.00, real=0.09 secs] 
4797.839: [GC [PSYoungGen: 316595K->19572K(321984K)] 872673K->576163K(1021056K), 0.0722010 secs] [Times: user=0.16 sys=0.00, real=0.08 secs] 
4798.210: [GC [PSYoungGen: 313972K->26024K(320448K)] 870563K->582927K(1019520K), 0.0772930 secs] [Times: user=0.19 sys=0.00, real=0.08 secs] 
4798.680: [GC [PSYoungGen: 320424K->21808K(321536K)] 877327K->579552K(1020608K), 0.0821810 secs] [Times: user=0.16 sys=0.00, real=0.09 secs] 
4799.082: [GC [PSYoungGen: 314864K->23688K(321024K)] 872608K->582323K(1020096K), 0.0691870 secs] [Times: user=0.17 sys=0.00, real=0.07 secs] 
4799.526: [GC [PSYoungGen: 316744K->22243K(322112K)] 875379K->581646K(1021184K), 0.0824530 secs] [Times: user=0.18 sys=0.02, real=0.08 secs] 
4799.962: [GC [PSYoungGen: 316451K->17949K(321600K)] 875854K->577669K(1020672K), 0.0544270 secs] [Times: user=0.13 sys=0.00, real=0.05 secs] 
4800.388: [GC [PSYoungGen: 312157K->22658K(322176K)] 871877K->582626K(1021248K), 0.0592400 secs] [Times: user=0.17 sys=0.01, real=0.06 secs] 
4800.781: [GC [PSYoungGen: 317186K->24969K(319552K)] 877154K->585423K(1018624K), 0.0867950 secs] [Times: user=0.18 sys=0.01, real=0.09 secs] 
4801.203: [GC [PSYoungGen: 319497K->21322K(321984K)] 879951K->582477K(1021056K), 0.0681600 secs] [Times: user=0.15 sys=0.00, real=0.07 secs] 
4801.646: [GC [PSYoungGen: 315402K->23050K(321600K)] 876557K->584453K(1020672K), 0.0812440 secs] [Times: user=0.16 sys=0.00, real=0.08 secs] 
4801.978: [GC [PSYoungGen: 317130K->25877K(320512K)] 878533K->587596K(1019584K), 0.0680940 secs] [Times: user=0.18 sys=0.00, real=0.07 secs] 
4802.352: [GC [PSYoungGen: 319061K->23796K(321344K)] 880780K->585696K(1020416K), 0.0661760 secs] [Times: user=0.16 sys=0.01, real=0.06 secs] 
4802.740: [GC [PSYoungGen: 316980K->21950K(321856K)] 878880K->584065K(1020928K), 0.0600560 secs] [Times: user=0.15 sys=0.00, real=0.06 secs] 
4803.164: [GC [PSYoungGen: 315774K->20563K(321472K)] 877889K->582862K(1020544K), 0.0690840 secs] [Times: user=0.17 sys=0.01, real=0.07 secs] 
4803.549: [GC [PSYoungGen: 314387K->20322K(322112K)] 876686K->582832K(1021184K), 0.0614670 secs] [Times: user=0.15 sys=0.00, real=0.06 secs] 
4803.950: [GC [PSYoungGen: 314914K->24075K(321984K)] 877424K->586813K(1021056K), 0.0791220 secs] [Times: user=0.20 sys=0.01, real=0.08 secs] 
4804.517: [GC [PSYoungGen: 318667K->20935K(322240K)] 881405K->583874K(1021312K), 0.0768770 secs] [Times: user=0.19 sys=0.00, real=0.08 secs] 
4805.001: [GC [PSYoungGen: 315655K->25135K(319872K)] 878594K->588241K(1018944K), 0.1125110 secs] [Times: user=0.17 sys=0.00, real=0.12 secs] 
4805.470: [GC [PSYoungGen: 319855K->18190K(321280K)] 882961K->581416K(1020352K), 0.0635470 secs] [Times: user=0.16 sys=0.00, real=0.07 secs] 
4805.962: [GC [PSYoungGen: 311630K->21375K(321472K)] 874856K->584745K(1020544K), 0.0747090 secs] [Times: user=0.15 sys=0.01, real=0.07 secs] 
4806.361: [GC [PSYoungGen: 314815K->22959K(322112K)] 878185K->586429K(1021184K), 0.0744000 secs] [Times: user=0.18 sys=0.00, real=0.08 secs] 
4806.786: [GC [PSYoungGen: 317487K->23192K(321920K)] 880957K->586831K(1020992K), 0.0878880 secs] [Times: user=0.17 sys=0.00, real=0.09 secs] 
4807.288: [GC [PSYoungGen: 317720K->22850K(322560K)] 881359K->586822K(1021632K), 0.0924520 secs] [Times: user=0.19 sys=0.01, real=0.09 secs] 
4807.710: [GC [PSYoungGen: 318146K->18101K(322240K)] 882118K->582178K(1021312K), 0.0581880 secs] [Times: user=0.15 sys=0.00, real=0.06 secs] 
4808.093: [GC [PSYoungGen: 313397K->22067K(322752K)] 877474K->586256K(1021824K), 0.0793330 secs] [Times: user=0.17 sys=0.00, real=0.08 secs] 
4808.458: [GC [PSYoungGen: 317619K->22555K(322304K)] 881808K->587010K(1021376K), 0.0637520 secs] [Times: user=0.17 sys=0.00, real=0.06 secs] 
4808.876: [GC [PSYoungGen: 318107K->21849K(323392K)] 882562K->586551K(1022464K), 0.0687370 secs] [Times: user=0.17 sys=0.01, real=0.07 secs] 
4809.359: [GC [PSYoungGen: 318745K->21344K(323008K)] 883447K->586755K(1022080K), 0.1044040 secs] [Times: user=0.15 sys=0.00, real=0.11 secs] 
4809.836: [GC [PSYoungGen: 318240K->20989K(323968K)] 883651K->586538K(1023040K), 0.1039690 secs] [Times: user=0.15 sys=0.00, real=0.10 secs] 
4810.314: [GC [PSYoungGen: 319165K->25523K(323712K)] 884714K->595487K(1022784K), 0.0790440 secs] [Times: user=0.17 sys=0.01, real=0.08 secs] 
4810.802: [GC [PSYoungGen: 323699K->21519K(319616K)] 893663K->597502K(1018688K), 0.0712400 secs] [Times: user=0.19 sys=0.00, real=0.08 secs] 
4811.241: [GC [PSYoungGen: 315343K->18153K(312000K)] 891326K->601171K(1011072K), 0.0719640 secs] [Times: user=0.18 sys=0.00, real=0.08 secs] 
4811.722: [GC [PSYoungGen: 311977K->19937K(321728K)] 894995K->610005K(1020800K), 0.0712380 secs] [Times: user=0.17 sys=0.00, real=0.08 secs] 
4812.142: [GC [PSYoungGen: 313633K->19742K(321472K)] 903701K->616801K(1020544K), 0.0788620 secs] [Times: user=0.19 sys=0.01, real=0.08 secs] 
4812.590: [GC [PSYoungGen: 313438K->21266K(322432K)] 910497K->623693K(1021504K), 0.0704530 secs] [Times: user=0.18 sys=0.00, real=0.07 secs] 
4812.990: [GC [PSYoungGen: 316114K->15066K(309952K)] 918541K->621720K(1009024K), 0.0627330 secs] [Times: user=0.15 sys=0.00, real=0.06 secs] 
4813.352: [GC [PSYoungGen: 309914K->17577K(321984K)] 916568K->630049K(1021056K), 0.0537080 secs] [Times: user=0.16 sys=0.00, real=0.06 secs] 
4813.749: [GC [PSYoungGen: 311913K->12877K(307264K)] 924385K->631230K(1006336K), 0.0628990 secs] [Times: user=0.17 sys=0.00, real=0.06 secs] 
4814.094: [GC [PSYoungGen: 307213K->19168K(322048K)] 925566K->642877K(1021120K), 0.0727150 secs] [Times: user=0.17 sys=0.00, real=0.07 secs] 
4814.572: [GC [PSYoungGen: 313056K->24420K(318336K)] 936765K->655228K(1017408K), 0.0862840 secs] [Times: user=0.21 sys=0.00, real=0.09 secs] 
4814.949: [GC [PSYoungGen: 318308K->17348K(321408K)] 949116K->656821K(1020480K), 0.0745920 secs] [Times: user=0.19 sys=0.00, real=0.08 secs] 
4815.320: [GC [PSYoungGen: 310340K->18363K(321088K)] 949813K->665470K(1020160K), 0.0673310 secs] [Times: user=0.18 sys=0.00, real=0.07 secs] 
4815.758: [GC [PSYoungGen: 311355K->17962K(322432K)] 958462K->670185K(1021504K), 0.0807790 secs] [Times: user=0.19 sys=0.00, real=0.08 secs] 
4816.126: [GC [PSYoungGen: 312862K->18548K(321984K)] 965085K->675923K(1021056K), 0.0722610 secs] [Times: user=0.16 sys=0.00, real=0.07 secs] 
4816.609: [GC [PSYoungGen: 313460K->18892K(323584K)] 970835K->683367K(1022656K), 0.0820040 secs] [Times: user=0.20 sys=0.01, real=0.08 secs] 
4816.999: [GC [PSYoungGen: 315980K->19747K(323008K)] 980455K->691831K(1022080K), 0.0733050 secs] [Times: user=0.18 sys=0.00, real=0.07 secs] 
4817.528: [GC [PSYoungGen: 316835K->19579K(324672K)] 988919K->698861K(1023744K), 0.0763500 secs] [Times: user=0.18 sys=0.00, real=0.08 secs] 
4817.960: [GC [PSYoungGen: 318843K->19045K(324096K)] 998125K->704506K(1023168K), 0.0891010 secs] [Times: user=0.17 sys=0.00, real=0.09 secs] 
4818.414: [GC [PSYoungGen: 318309K->16806K(325184K)] 1003770K->709863K(1024256K), 0.0758870 secs] [Times: user=0.19 sys=0.00, real=0.07 secs] 
4818.490: [Full GC [PSYoungGen: 16806K->0K(325184K)] [PSOldGen: 693056K->483237K(699072K)] 709863K->483237K(1024256K) [PSPermGen: 91673K->91616K(262144K)], 2.7718090 secs] [Times: user=2.77 sys=0.00, real=2.77 secs] 
4821.560: [GC [PSYoungGen: 300800K->22465K(323328K)] 784037K->505703K(1022400K), 0.0607720 secs] [Times: user=0.15 sys=0.00, real=0.06 secs] 
4822.050: [GC [PSYoungGen: 323265K->19943K(324864K)] 806503K->511674K(1023936K), 0.0751740 secs] [Times: user=0.17 sys=0.00, real=0.08 secs] 
4822.487: [GC [PSYoungGen: 319783K->18473K(324480K)] 811514K->517291K(1023552K), 0.0918590 secs] [Times: user=0.17 sys=0.01, real=0.09 secs] 
4822.872: [GC [PSYoungGen: 318313K->18499K(325504K)] 817131K->522673K(1024576K), 0.0897020 secs] [Times: user=0.21 sys=0.00, real=0.09 secs] 
4823.309: [GC [PSYoungGen: 319683K->16156K(325184K)] 823857K->526269K(1024256K), 0.0645070 secs] [Times: user=0.16 sys=0.00, real=0.06 secs] 
4823.668: [GC [PSYoungGen: 317340K->17736K(325696K)] 827453K->534814K(1024768K), 0.0534420 secs] [Times: user=0.16 sys=0.00, real=0.05 secs] 
4824.066: [GC [PSYoungGen: 319368K->21145K(322816K)] 836446K->543633K(1021888K), 0.0806740 secs] [Times: user=0.17 sys=0.00, real=0.08 secs] 
4824.475: [GC [PSYoungGen: 322777K->20515K(325248K)] 845265K->550782K(1024320K), 0.0739780 secs] [Times: user=0.18 sys=0.00, real=0.07 secs] 
4824.891: [GC [PSYoungGen: 321635K->19782K(325312K)] 851902K->557661K(1024384K), 0.0615990 secs] [Times: user=0.18 sys=0.01, real=0.06 secs] 
4825.282: [GC [PSYoungGen: 320902K->17704K(325824K)] 858781K->561646K(1024896K), 0.1153890 secs] [Times: user=0.15 sys=0.01, real=0.12 secs] 
4825.721: [GC [PSYoungGen: 319656K->15398K(325632K)] 863598K->563657K(1024704K), 0.0677020 secs] [Times: user=0.15 sys=0.00, real=0.07 secs] 
4826.115: [GC [PSYoungGen: 317350K->16363K(325696K)] 865609K->568850K(1024768K), 0.0538400 secs] [Times: user=0.16 sys=0.00, real=0.06 secs] 
4826.565: [GC [PSYoungGen: 318187K->22558K(324416K)] 870674K->583081K(1023488K), 0.0762070 secs] [Times: user=0.19 sys=0.00, real=0.08 secs] 
4827.008: [GC [PSYoungGen: 324382K->21651K(323968K)] 884905K->591278K(1023040K), 0.0905050 secs] [Times: user=0.19 sys=0.00, real=0.09 secs] 
4827.514: [GC [PSYoungGen: 320851K->18821K(324352K)] 890478K->595664K(1023424K), 0.0935160 secs] [Times: user=0.18 sys=0.00, real=0.10 secs] 
4827.895: [GC [PSYoungGen: 318021K->24295K(322176K)] 894864K->608391K(1021248K), 0.0795890 secs] [Times: user=0.19 sys=0.00, real=0.07 secs] 
4828.336: [GC [PSYoungGen: 321831K->22111K(319680K)] 905927K->615766K(1018752K), 0.0884460 secs] [Times: user=0.20 sys=0.01, real=0.08 secs] 
4828.782: [GC [PSYoungGen: 319647K->14681K(322624K)] 913302K->612794K(1021696K), 0.0563970 secs] [Times: user=0.15 sys=0.00, real=0.06 secs] 
4829.167: [GC [PSYoungGen: 311065K->18292K(322944K)] 909178K->620016K(1022016K), 0.0914690 secs] [Times: user=0.17 sys=0.00, real=0.09 secs] 
4829.575: [GC [PSYoungGen: 314676K->19144K(324160K)] 916400K->629923K(1023232K), 0.0830000 secs] [Times: user=0.21 sys=0.00, real=0.09 secs] 
4829.942: [GC [PSYoungGen: 317320K->14106K(323520K)] 928099K->632883K(1022592K), 0.0519250 secs] [Times: user=0.16 sys=0.00, real=0.05 secs] 
4830.334: [GC [PSYoungGen: 312282K->18895K(324480K)] 931059K->643587K(1023552K), 0.0835190 secs] [Times: user=0.18 sys=0.01, real=0.09 secs] 
4830.752: [GC [PSYoungGen: 317711K->20218K(323840K)] 942403K->652805K(1022912K), 0.1260690 secs] [Times: user=0.18 sys=0.00, real=0.13 secs] 
4831.200: [GC [PSYoungGen: 319034K->20760K(324352K)] 951621K->658812K(1023424K), 0.0814550 secs] [Times: user=0.19 sys=0.01, real=0.08 secs] 
4831.663: [GC [PSYoungGen: 320216K->19876K(324480K)] 958268K->665730K(1023552K), 0.0828870 secs] [Times: user=0.17 sys=0.00, real=0.09 secs] 
4832.092: [GC [PSYoungGen: 319332K->19209K(325312K)] 965186K->672488K(1024384K), 0.0913670 secs] [Times: user=0.18 sys=0.00, real=0.09 secs] 
4832.621: [GC [PSYoungGen: 319817K->16182K(324800K)] 973096K->673155K(1023872K), 0.0761110 secs] [Times: user=0.16 sys=0.00, real=0.08 secs] 
4833.099: [GC [PSYoungGen: 316790K->19737K(325504K)] 973763K->681365K(1024576K), 0.0619810 secs] [Times: user=0.17 sys=0.00, real=0.06 secs] 
4833.467: [GC [PSYoungGen: 321049K->22381K(323712K)] 982677K->691865K(1022784K), 0.0698660 secs] [Times: user=0.18 sys=0.00, real=0.07 secs] 
4833.864: [GC [PSYoungGen: 323693K->15928K(324672K)] 993177K->690982K(1023744K), 0.0758670 secs] [Times: user=0.18 sys=0.00, real=0.08 secs] 
4834.249: [GC [PSYoungGen: 315896K->24767K(324736K)] 990950K->706568K(1023808K), 0.1041020 secs] [Times: user=0.20 sys=0.00, real=0.10 secs] 
4834.632: [GC [PSYoungGen: 324735K->18175K(317568K)] 1006536K->709426K(1016640K), 0.0732720 secs] [Times: user=0.19 sys=0.00, real=0.07 secs] 
4834.705: [Full GC [PSYoungGen: 18175K->0K(317568K)] [PSOldGen: 691250K->515681K(699072K)] 709426K->515681K(1016640K) [PSPermGen: 91631K->91631K(262144K)], 2.7097550 secs] [Times: user=2.70 sys=0.01, real=2.71 secs] 
4837.840: [GC [PSYoungGen: 292800K->24580K(317440K)] 808481K->540262K(1016512K), 0.0730020 secs] [Times: user=0.16 sys=0.00, real=0.07 secs] 
4838.244: [GC [PSYoungGen: 317380K->21713K(320704K)] 833062K->548713K(1019776K), 0.0591760 secs] [Times: user=0.20 sys=0.00, real=0.06 secs] 
4838.652: [GC [PSYoungGen: 313233K->18230K(320320K)] 840233K->551714K(1019392K), 0.0730340 secs] [Times: user=0.18 sys=0.00, real=0.07 secs] 
4839.059: [GC [PSYoungGen: 309750K->16555K(321280K)] 843234K->555088K(1020352K), 0.0491280 secs] [Times: user=0.15 sys=0.00, real=0.05 secs] 
4839.472: [GC [PSYoungGen: 309483K->19870K(321152K)] 848016K->564670K(1020224K), 0.0849950 secs] [Times: user=0.17 sys=0.00, real=0.09 secs] 
4839.868: [GC [PSYoungGen: 312798K->18531K(322560K)] 857598K->570656K(1021632K), 0.0623110 secs] [Times: user=0.17 sys=0.00, real=0.06 secs] 
4840.291: [GC [PSYoungGen: 313699K->17196K(322112K)] 865824K->575833K(1021184K), 0.0726040 secs] [Times: user=0.17 sys=0.00, real=0.07 secs] 
4840.726: [GC [PSYoungGen: 312364K->17868K(323264K)] 871001K->583794K(1022336K), 0.0580700 secs] [Times: user=0.17 sys=0.00, real=0.06 secs] 
4841.148: [GC [PSYoungGen: 314444K->18373K(322816K)] 880370K->590922K(1021888K), 0.0890500 secs] [Times: user=0.17 sys=0.00, real=0.09 secs] 
4841.564: [GC [PSYoungGen: 314949K->19924K(324160K)] 887498K->599712K(1023232K), 0.0578500 secs] [Times: user=0.17 sys=0.00, real=0.06 secs] 
4842.075: [GC [PSYoungGen: 318356K->17931K(323776K)] 898144K->603640K(1022848K), 0.0611850 secs] [Times: user=0.15 sys=0.00, real=0.06 secs] 
4842.462: [GC [PSYoungGen: 316363K->19300K(325056K)] 902072K->611707K(1024128K), 0.0835060 secs] [Times: user=0.18 sys=0.00, real=0.08 secs] 
4842.838: [GC [PSYoungGen: 319396K->20318K(324544K)] 911803K->622615K(1023616K), 0.0803530 secs] [Times: user=0.20 sys=0.01, real=0.08 secs] 
4843.331: [GC [PSYoungGen: 320414K->20007K(325440K)] 922711K->629161K(1024512K), 0.0830850 secs] [Times: user=0.17 sys=0.00, real=0.08 secs] 
4843.819: [GC [PSYoungGen: 321127K->16873K(325184K)] 930281K->632061K(1024256K), 0.0741580 secs] [Times: user=0.16 sys=0.00, real=0.07 secs] 
4844.238: [GC [PSYoungGen: 317993K->16419K(325504K)] 933181K->637797K(1024576K), 0.0634470 secs] [Times: user=0.16 sys=0.00, real=0.06 secs] 
4844.643: [GC [PSYoungGen: 317859K->17352K(325440K)] 939237K->645040K(1024512K), 0.0695110 secs] [Times: user=0.16 sys=0.00, real=0.07 secs] 
4845.096: [GC [PSYoungGen: 318792K->17772K(326080K)] 946480K->652532K(1025152K), 0.0931490 secs] [Times: user=0.16 sys=0.00, real=0.10 secs] 
4845.523: [GC [PSYoungGen: 320108K->21398K(323776K)] 954868K->661113K(1022848K), 0.0719770 secs] [Times: user=0.18 sys=0.01, real=0.07 secs] 
4846.003: [GC [PSYoungGen: 323734K->15126K(325248K)] 963449K->661612K(1024320K), 0.0773340 secs] [Times: user=0.17 sys=0.00, real=0.08 secs] 
4846.396: [GC [PSYoungGen: 316374K->18279K(325376K)] 962860K->670659K(1024448K), 0.0683200 secs] [Times: user=0.16 sys=0.00, real=0.07 secs] 
4846.891: [GC [PSYoungGen: 319527K->15622K(325952K)] 971907K->678118K(1025024K), 0.0787950 secs] [Times: user=0.16 sys=0.00, real=0.08 secs] 
4847.431: [GC [PSYoungGen: 317944K->22187K(324544K)] 980440K->690668K(1023616K), 0.1094330 secs] [Times: user=0.21 sys=0.00, real=0.11 secs] 
4848.020: [GC [PSYoungGen: 324523K->20346K(324864K)] 993004K->696474K(1023936K), 0.0754380 secs] [Times: user=0.18 sys=0.00, real=0.07 secs] 
4848.587: [GC [PSYoungGen: 320698K->13242K(313600K)] 996826K->695117K(1012672K), 0.0608270 secs] [Times: user=0.15 sys=0.00, real=0.06 secs] 
4849.072: [GC [PSYoungGen: 313594K->20128K(324544K)] 995469K->707018K(1023616K), 0.1040710 secs] [Times: user=0.19 sys=0.00, real=0.11 secs] 
4849.556: [GC [PSYoungGen: 319712K->17077K(324544K)] 1006602K->714529K(1023616K), 0.0790060 secs] [Times: user=0.20 sys=0.00, real=0.08 secs] 
4849.635: [Full GC [PSYoungGen: 17077K->0K(324544K)] [PSOldGen: 697452K->514400K(699072K)] 714529K->514400K(1023616K) [PSPermGen: 91647K->91647K(262144K)], 2.6535880 secs] [Times: user=2.65 sys=0.00, real=2.66 secs] 
4852.624: [GC [PSYoungGen: 299584K->23902K(322112K)] 813984K->538302K(1021184K), 0.0493610 secs] [Times: user=0.15 sys=0.00, real=0.05 secs] 
4852.969: [GC [PSYoungGen: 321438K->25956K(323520K)] 835838K->550362K(1022592K), 0.1126510 secs] [Times: user=0.21 sys=0.01, real=0.11 secs] 
4853.394: [GC [PSYoungGen: 323492K->18669K(313792K)] 847898K->552439K(1012864K), 0.0781400 secs] [Times: user=0.20 sys=0.00, real=0.08 secs] 
4853.839: [GC [PSYoungGen: 306477K->18205K(318656K)] 840247K->555037K(1017728K), 0.0632850 secs] [Times: user=0.15 sys=0.00, real=0.06 secs] 
4854.195: [GC [PSYoungGen: 306013K->15071K(319488K)] 842845K->558565K(1018560K), 0.0679910 secs] [Times: user=0.18 sys=0.00, real=0.07 secs] 
4854.580: [GC [PSYoungGen: 304415K->18661K(319360K)] 847909K->569203K(1018432K), 0.0725380 secs] [Times: user=0.16 sys=0.00, real=0.07 secs] 
4854.923: [GC [PSYoungGen: 308005K->21383K(320640K)] 858547K->578901K(1019712K), 0.0784530 secs] [Times: user=0.19 sys=0.01, real=0.08 secs] 
4855.409: [GC [PSYoungGen: 312839K->19674K(320320K)] 870357K->583423K(1019392K), 0.0829180 secs] [Times: user=0.18 sys=0.01, real=0.09 secs] 
4855.817: [GC [PSYoungGen: 311130K->17379K(321920K)] 874879K->589115K(1020992K), 0.0714530 secs] [Times: user=0.19 sys=0.00, real=0.08 secs] 
4856.232: [GC [PSYoungGen: 311331K->18675K(321536K)] 883067K->596567K(1020608K), 0.0771520 secs] [Times: user=0.18 sys=0.00, real=0.08 secs] 
4856.638: [GC [PSYoungGen: 312627K->21898K(322240K)] 890519K->607512K(1021312K), 0.0843810 secs] [Times: user=0.19 sys=0.01, real=0.09 secs] 
4857.066: [GC [PSYoungGen: 317258K->22456K(317824K)] 902872K->614609K(1016896K), 0.1026330 secs] [Times: user=0.18 sys=0.01, real=0.10 secs] 
4857.572: [GC [PSYoungGen: 317816K->18620K(322624K)] 909969K->617284K(1021696K), 0.0719630 secs] [Times: user=0.17 sys=0.00, real=0.07 secs] 
4858.020: [GC [PSYoungGen: 313852K->16296K(322112K)] 912516K->622133K(1021184K), 0.0837830 secs] [Times: user=0.16 sys=0.01, real=0.08 secs] 
4858.394: [GC [PSYoungGen: 311528K->20163K(323200K)] 917365K->631596K(1022272K), 0.0737800 secs] [Times: user=0.20 sys=0.00, real=0.07 secs] 
4858.814: [GC [PSYoungGen: 316611K->18879K(322752K)] 928044K->635495K(1021824K), 0.0544880 secs] [Times: user=0.16 sys=0.01, real=0.05 secs] 
4859.206: [GC [PSYoungGen: 315327K->16352K(323904K)] 931943K->640663K(1022976K), 0.0690060 secs] [Times: user=0.18 sys=0.00, real=0.07 secs] 
4859.610: [GC [PSYoungGen: 314528K->15927K(323776K)] 938839K->646977K(1022848K), 0.0712200 secs] [Times: user=0.17 sys=0.00, real=0.08 secs] 
4860.035: [GC [PSYoungGen: 314103K->19660K(324352K)] 945153K->655007K(1023424K), 0.0853000 secs] [Times: user=0.16 sys=0.00, real=0.09 secs] 
4860.488: [GC [PSYoungGen: 318476K->19951K(323968K)] 953823K->662812K(1023040K), 0.0598600 secs] [Times: user=0.17 sys=0.00, real=0.06 secs] 
4860.839: [GC [PSYoungGen: 318767K->17769K(324928K)] 961628K->668502K(1024000K), 0.0714060 secs] [Times: user=0.17 sys=0.00, real=0.08 secs] 
4861.283: [GC [PSYoungGen: 317737K->24547K(324544K)] 968470K->683867K(1023616K), 0.0846240 secs] [Times: user=0.20 sys=0.00, real=0.08 secs] 
4861.770: [GC [PSYoungGen: 324515K->19338K(317376K)] 983835K->685894K(1016448K), 0.0795820 secs] [Times: user=0.17 sys=0.01, real=0.07 secs] 
4862.199: [GC [PSYoungGen: 311754K->17800K(320960K)] 978310K->692239K(1020032K), 0.0761150 secs] [Times: user=0.17 sys=0.00, real=0.08 secs] 
4862.628: [GC [PSYoungGen: 310216K->18080K(321856K)] 984655K->699477K(1020928K), 0.0677780 secs] [Times: user=0.18 sys=0.00, real=0.07 secs] 
4863.048: [GC [PSYoungGen: 311840K->15863K(321408K)] 993237K->705094K(1020480K), 0.0665060 secs] [Times: user=0.17 sys=0.01, real=0.07 secs] 
4863.480: [GC [PSYoungGen: 309623K->18946K(322752K)] 998854K->713779K(1021824K), 0.1204580 secs] [Times: user=0.23 sys=0.00, real=0.12 secs] 
4863.601: [Full GC [PSYoungGen: 18946K->0K(322752K)] [PSOldGen: 694833K->519896K(699072K)] 713779K->519896K(1021824K) [PSPermGen: 91660K->91660K(262144K)], 2.7285210 secs] [Times: user=2.72 sys=0.00, real=2.72 secs] 
4866.596: [GC [PSYoungGen: 295232K->22407K(321984K)] 815128K->542304K(1021056K), 0.0591470 secs] [Times: user=0.13 sys=0.01, real=0.06 secs] 
4866.975: [GC [PSYoungGen: 317639K->27171K(316928K)] 837536K->548879K(1016000K), 0.0825640 secs] [Times: user=0.21 sys=0.00, real=0.08 secs] 
4867.340: [GC [PSYoungGen: 316899K->19286K(319616K)] 838607K->550548K(1018688K), 0.0928680 secs] [Times: user=0.20 sys=0.01, real=0.10 secs] 
4867.730: [GC [PSYoungGen: 309014K->18757K(320896K)] 840276K->556168K(1019968K), 0.0711940 secs] [Times: user=0.17 sys=0.00, real=0.08 secs] 
4868.131: [GC [PSYoungGen: 310469K->16805K(320320K)] 847880K->558946K(1019392K), 0.0630170 secs] [Times: user=0.16 sys=0.00, real=0.06 secs] 
4868.534: [GC [PSYoungGen: 308517K->22664K(320768K)] 850658K->570716K(1019840K), 0.0678810 secs] [Times: user=0.17 sys=0.00, real=0.07 secs] 
4869.050: [GC [PSYoungGen: 315080K->14468K(306944K)] 863132K->570489K(1006016K), 0.0754590 secs] [Times: user=0.18 sys=0.01, real=0.08 secs] 
4869.439: [GC [PSYoungGen: 306884K->15788K(321088K)] 862905K->577134K(1020160K), 0.0749560 secs] [Times: user=0.15 sys=0.01, real=0.08 secs] 
4869.894: [GC [PSYoungGen: 308204K->22252K(320832K)] 869550K->591816K(1019904K), 0.0907120 secs] [Times: user=0.20 sys=0.01, real=0.09 secs] 
4870.296: [GC [PSYoungGen: 314668K->17693K(321472K)] 884232K->595075K(1020544K), 0.0879400 secs] [Times: user=0.19 sys=0.00, real=0.09 secs] 
4870.712: [GC [PSYoungGen: 310557K->21164K(320896K)] 887939K->604936K(1019968K), 0.0569300 secs] [Times: user=0.18 sys=0.00, real=0.05 secs] 
4871.125: [GC [PSYoungGen: 314028K->18612K(322304K)] 897800K->608681K(1021376K), 0.0663660 secs] [Times: user=0.17 sys=0.00, real=0.07 secs] 
4871.582: [GC [PSYoungGen: 313076K->19143K(321664K)] 903145K->615219K(1020736K), 0.0811570 secs] [Times: user=0.16 sys=0.00, real=0.08 secs] 
4872.029: [GC [PSYoungGen: 313607K->17202K(323392K)] 909683K->619518K(1022464K), 0.0663440 secs] [Times: user=0.16 sys=0.00, real=0.07 secs] 
4872.457: [GC [PSYoungGen: 314162K->20098K(323072K)] 916478K->628105K(1022144K), 0.0862230 secs] [Times: user=0.17 sys=0.02, real=0.09 secs] 
4872.838: [GC [PSYoungGen: 317058K->24596K(321152K)] 925065K->638250K(1020224K), 0.0777580 secs] [Times: user=0.19 sys=0.00, real=0.08 secs] 
4873.294: [GC [PSYoungGen: 319956K->17584K(322432K)] 933610K->641204K(1021504K), 0.0770170 secs] [Times: user=0.19 sys=0.01, real=0.07 secs] 
4873.707: [GC [PSYoungGen: 312944K->19416K(323456K)] 936564K->648875K(1022528K), 0.0679500 secs] [Times: user=0.16 sys=0.00, real=0.07 secs] 
4874.105: [GC [PSYoungGen: 316120K->16983K(322752K)] 945579K->654997K(1021824K), 0.0754410 secs] [Times: user=0.18 sys=0.00, real=0.07 secs] 
4874.538: [GC [PSYoungGen: 313687K->20239K(323968K)] 951701K->663517K(1023040K), 0.0695630 secs] [Times: user=0.17 sys=0.00, real=0.07 secs] 
4874.915: [GC [PSYoungGen: 318351K->18684K(323648K)] 961629K->669833K(1022720K), 0.0773340 secs] [Times: user=0.18 sys=0.00, real=0.07 secs] 
4875.388: [GC [PSYoungGen: 316796K->16690K(324544K)] 967945K->674390K(1023616K), 0.0910810 secs] [Times: user=0.16 sys=0.00, real=0.09 secs] 
4875.768: [GC [PSYoungGen: 316146K->20726K(324416K)] 973846K->682932K(1023488K), 0.0820740 secs] [Times: user=0.19 sys=0.01, real=0.08 secs] 
4876.320: [GC [PSYoungGen: 320182K->17436K(324800K)] 982388K->687732K(1023872K), 0.0797660 secs] [Times: user=0.19 sys=0.00, real=0.08 secs] 
4876.756: [GC [PSYoungGen: 317276K->19947K(324544K)] 987572K->696041K(1023616K), 0.0999780 secs] [Times: user=0.18 sys=0.01, real=0.10 secs] 
4877.177: [GC [PSYoungGen: 319787K->17020K(325184K)] 995881K->699969K(1024256K), 0.0681300 secs] [Times: user=0.17 sys=0.01, real=0.07 secs] 
4877.594: [GC [PSYoungGen: 317746K->18614K(325056K)] 1000695K->706458K(1024128K), 0.0545020 secs] [Times: user=0.17 sys=0.00, real=0.05 secs] 
4878.101: [GC [PSYoungGen: 319350K->18143K(326016K)] 1007194K->713975K(1025088K), 0.0950370 secs] [Times: user=0.19 sys=0.00, real=0.10 secs] 
4878.196: [Full GC [PSYoungGen: 18143K->0K(326016K)] [PSOldGen: 695831K->484214K(699072K)] 713975K->484214K(1025088K) [PSPermGen: 91675K->91517K(262144K)], 2.8031160 secs] [Times: user=2.80 sys=0.00, real=2.80 secs] 
4881.387: [GC [PSYoungGen: 302208K->20354K(325696K)] 786422K->504569K(1024768K), 0.0750700 secs] [Times: user=0.15 sys=0.00, real=0.07 secs] 
4881.799: [GC [PSYoungGen: 322562K->23523K(317248K)] 806777K->516089K(1016320K), 0.0643140 secs] [Times: user=0.18 sys=0.00, real=0.06 secs] 
4882.261: [GC [PSYoungGen: 317219K->18783K(321600K)] 809785K->523778K(1020672K), 0.1086470 secs] [Times: user=0.24 sys=0.00, real=0.11 secs] 
4882.806: [GC [PSYoungGen: 312479K->17317K(322368K)] 817474K->526745K(1021440K), 0.0986480 secs] [Times: user=0.17 sys=0.00, real=0.10 secs] 
4883.230: [GC [PSYoungGen: 312293K->23593K(318592K)] 821721K->537881K(1017664K), 0.0723680 secs] [Times: user=0.18 sys=0.00, real=0.07 secs] 
4883.619: [GC [PSYoungGen: 318569K->18392K(322176K)] 832857K->543679K(1021248K), 0.0874980 secs] [Times: user=0.18 sys=0.00, real=0.09 secs] 
4884.086: [GC [PSYoungGen: 312792K->21137K(321728K)] 838079K->553491K(1020800K), 0.0735200 secs] [Times: user=0.18 sys=0.00, real=0.07 secs] 
4884.555: [GC [PSYoungGen: 315537K->22552K(321984K)] 847891K->560909K(1021056K), 0.0802980 secs] [Times: user=0.18 sys=0.00, real=0.08 secs] 
4884.962: [GC [PSYoungGen: 317528K->21324K(322240K)] 855885K->567193K(1021312K), 0.0952150 secs] [Times: user=0.17 sys=0.00, real=0.10 secs] 
4885.478: [GC [PSYoungGen: 316300K->19198K(323008K)] 862169K->572034K(1022080K), 0.0953770 secs] [Times: user=0.20 sys=0.01, real=0.09 secs] 
4885.952: [GC [PSYoungGen: 315326K->21973K(322624K)] 868162K->581207K(1021696K), 0.1219280 secs] [Times: user=0.18 sys=0.00, real=0.12 secs] 
4886.474: [GC [PSYoungGen: 318101K->17749K(323136K)] 877335K->585032K(1022208K), 0.0792070 secs] [Times: user=0.16 sys=0.00, real=0.08 secs] 
4886.894: [GC [PSYoungGen: 314389K->18341K(323008K)] 881672K->593100K(1022080K), 0.0725170 secs] [Times: user=0.17 sys=0.00, real=0.08 secs] 
4887.215: [GC [PSYoungGen: 314981K->14975K(322944K)] 889740K->597086K(1022016K), 0.0695560 secs] [Times: user=0.15 sys=0.00, real=0.07 secs] 
4887.605: [GC [PSYoungGen: 311871K->17775K(323200K)] 893982K->606414K(1022272K), 0.0688520 secs] [Times: user=0.16 sys=0.00, real=0.06 secs] 
4888.049: [GC [PSYoungGen: 314671K->16343K(323712K)] 903310K->611611K(1022784K), 0.0802170 secs] [Times: user=0.15 sys=0.00, real=0.08 secs] 
4888.485: [GC [PSYoungGen: 314135K->17621K(323584K)] 909403K->617132K(1022656K), 0.0843010 secs] [Times: user=0.16 sys=0.00, real=0.08 secs] 
4888.874: [GC [PSYoungGen: 315413K->17306K(324480K)] 914924K->623665K(1023552K), 0.0820820 secs] [Times: user=0.19 sys=0.00, real=0.09 secs] 
4889.292: [GC [PSYoungGen: 316378K->19677K(324096K)] 922737K->635130K(1023168K), 0.0736970 secs] [Times: user=0.18 sys=0.00, real=0.08 secs] 
4889.768: [GC [PSYoungGen: 318737K->16458K(324928K)] 934190K->638539K(1024000K), 0.0710440 secs] [Times: user=0.15 sys=0.00, real=0.07 secs] 
4890.150: [GC [PSYoungGen: 316682K->19503K(324800K)] 938763K->649366K(1023872K), 0.0804810 secs] [Times: user=0.16 sys=0.02, real=0.08 secs] 
4890.541: [GC [PSYoungGen: 319727K->17652K(325568K)] 949590K->655402K(1024640K), 0.0814540 secs] [Times: user=0.17 sys=0.00, real=0.08 secs] 
4890.963: [GC [PSYoungGen: 318900K->20112K(325184K)] 956650K->664123K(1024256K), 0.0786710 secs] [Times: user=0.17 sys=0.00, real=0.08 secs] 
4891.379: [GC [PSYoungGen: 321360K->18649K(326080K)] 965371K->667953K(1025152K), 0.0703490 secs] [Times: user=0.16 sys=0.00, real=0.07 secs] 
4891.748: [GC [PSYoungGen: 320793K->23239K(325440K)] 970097K->678386K(1024512K), 0.0774180 secs] [Times: user=0.19 sys=0.00, real=0.07 secs] 
4892.116: [GC [PSYoungGen: 325383K->19288K(325312K)] 980530K->685001K(1024384K), 0.0838850 secs] [Times: user=0.20 sys=0.00, real=0.08 secs] 
4892.507: [GC [PSYoungGen: 320521K->16534K(325376K)] 986234K->686444K(1024448K), 0.0505530 secs] [Times: user=0.15 sys=0.00, real=0.05 secs] 
4892.908: [GC [PSYoungGen: 317769K->15807K(325376K)] 987678K->691435K(1024448K), 0.0603000 secs] [Times: user=0.15 sys=0.01, real=0.06 secs] 
4893.434: [GC [PSYoungGen: 317055K->17513K(325376K)] 992683K->697639K(1024448K), 0.0793270 secs] [Times: user=0.15 sys=0.00, real=0.08 secs] 
4893.850: [GC [PSYoungGen: 318751K->19248K(326016K)] 998877K->704638K(1025088K), 0.0729500 secs] [Times: user=0.18 sys=0.00, real=0.07 secs] 
4894.282: [GC [PSYoungGen: 321520K->16919K(325760K)] 1006910K->709513K(1024832K), 0.0784830 secs] [Times: user=0.19 sys=0.01, real=0.08 secs] 
4894.360: [Full GC [PSYoungGen: 16919K->0K(325760K)] [PSOldGen: 692593K->520607K(699072K)] 709513K->520607K(1024832K) [PSPermGen: 91624K->91624K(262144K)], 2.5974840 secs] [Times: user=2.59 sys=0.00, real=2.60 secs] 
4897.251: [GC [PSYoungGen: 302272K->21997K(324544K)] 822879K->542605K(1023616K), 0.0552710 secs] [Times: user=0.15 sys=0.00, real=0.06 secs] 
4897.615: [GC [PSYoungGen: 323245K->24103K(325376K)] 843853K->550213K(1024448K), 0.0713790 secs] [Times: user=0.18 sys=0.00, real=0.08 secs] 
4897.977: [GC [PSYoungGen: 325351K->22028K(318336K)] 851461K->561004K(1017408K), 0.0766320 secs] [Times: user=0.20 sys=0.00, real=0.07 secs] 
4898.387: [GC [PSYoungGen: 316236K->14935K(309184K)] 855212K->561918K(1008256K), 0.0669210 secs] [Times: user=0.16 sys=0.00, real=0.06 secs] 
4898.811: [GC [PSYoungGen: 309143K->20866K(322048K)] 856126K->573132K(1021120K), 0.0930390 secs] [Times: user=0.17 sys=0.01, real=0.09 secs] 
4899.245: [GC [PSYoungGen: 315138K->22538K(321728K)] 867404K->582635K(1020800K), 0.0754260 secs] [Times: user=0.18 sys=0.00, real=0.08 secs] 
4899.680: [GC [PSYoungGen: 316810K->17033K(322048K)] 876907K->584473K(1021120K), 0.0656490 secs] [Times: user=0.16 sys=0.00, real=0.06 secs] 
4900.158: [GC [PSYoungGen: 311368K->16333K(321792K)] 878808K->589966K(1020864K), 0.0757380 secs] [Times: user=0.15 sys=0.00, real=0.07 secs] 
4900.613: [GC [PSYoungGen: 310669K->17421K(322752K)] 884302K->596681K(1021824K), 0.0699710 secs] [Times: user=0.16 sys=0.00, real=0.07 secs] 
4901.095: [GC [PSYoungGen: 312909K->17854K(322240K)] 892169K->602350K(1021312K), 0.0497230 secs] [Times: user=0.16 sys=0.00, real=0.05 secs] 
4901.504: [GC [PSYoungGen: 313342K->22684K(321984K)] 897838K->607180K(1021056K), 0.0653990 secs] [Times: user=0.15 sys=0.00, real=0.07 secs] 
4901.938: [GC [PSYoungGen: 318428K->26409K(322176K)] 902924K->610905K(1021248K), 0.0635840 secs] [Times: user=0.17 sys=0.00, real=0.06 secs] 
4902.429: [GC [PSYoungGen: 322153K->24525K(317824K)] 906649K->609021K(1016896K), 0.0718070 secs] [Times: user=0.16 sys=0.00, real=0.07 secs] 
4902.852: [GC [PSYoungGen: 315021K->29479K(320000K)] 899517K->614701K(1019072K), 0.0935560 secs] [Times: user=0.22 sys=0.00, real=0.09 secs] 
4903.318: [GC [PSYoungGen: 319975K->16611K(315136K)] 905197K->605710K(1014208K), 0.1097370 secs] [Times: user=0.17 sys=0.00, real=0.11 secs] 
4903.711: [GC [PSYoungGen: 302243K->27120K(312768K)] 891342K->616283K(1011840K), 0.0878360 secs] [Times: user=0.17 sys=0.00, real=0.09 secs] 
4904.190: [GC [PSYoungGen: 312752K->23853K(316672K)] 901915K->613264K(1015744K), 0.0581440 secs] [Times: user=0.16 sys=0.00, real=0.06 secs] 
4904.563: [GC [PSYoungGen: 307373K->26337K(309888K)] 896784K->616101K(1008960K), 0.0699470 secs] [Times: user=0.18 sys=0.01, real=0.07 secs] 
4904.928: [GC [PSYoungGen: 309857K->18699K(316608K)] 899621K->609688K(1015680K), 0.0576050 secs] [Times: user=0.15 sys=0.00, real=0.05 secs] 
4905.327: [GC [PSYoungGen: 301963K->20953K(316160K)] 892952K->612311K(1015232K), 0.0778130 secs] [Times: user=0.18 sys=0.00, real=0.08 secs] 
4905.718: [GC [PSYoungGen: 304217K->24631K(317440K)] 895575K->616312K(1016512K), 0.0703650 secs] [Times: user=0.17 sys=0.00, real=0.07 secs] 
4906.110: [GC [PSYoungGen: 310135K->15803K(301312K)] 901816K->607704K(1000384K), 0.0652360 secs] [Times: user=0.16 sys=0.00, real=0.06 secs] 
4906.519: [GC [PSYoungGen: 301307K->26754K(315648K)] 893208K->619477K(1014720K), 0.0800420 secs] [Times: user=0.17 sys=0.00, real=0.08 secs] 
4906.869: [GC [PSYoungGen: 310338K->22137K(316544K)] 903061K->615566K(1015616K), 0.0627690 secs] [Times: user=0.17 sys=0.00, real=0.06 secs] 
4907.237: [GC [PSYoungGen: 305721K->17050K(317696K)] 899150K->610893K(1016768K), 0.0547840 secs] [Times: user=0.15 sys=0.00, real=0.06 secs] 
4907.660: [GC [PSYoungGen: 302810K->19226K(317568K)] 896653K->613325K(1016640K), 0.0688580 secs] [Times: user=0.15 sys=0.00, real=0.07 secs] 
4908.081: [GC [PSYoungGen: 304986K->23320K(318592K)] 899085K->618226K(1017664K), 0.0622470 secs] [Times: user=0.17 sys=0.00, real=0.06 secs] 
4908.412: [GC [PSYoungGen: 310744K->23083K(318336K)] 905650K->618294K(1017408K), 0.0779490 secs] [Times: user=0.16 sys=0.00, real=0.08 secs] 
4908.821: [GC [PSYoungGen: 310507K->21861K(319744K)] 905718K->617316K(1018816K), 0.0869700 secs] [Times: user=0.18 sys=0.01, real=0.09 secs] 
4909.292: [GC [PSYoungGen: 311003K->19662K(318912K)] 906458K->615746K(1017984K), 0.0907640 secs] [Times: user=0.20 sys=0.01, real=0.09 secs] 
4909.732: [GC [PSYoungGen: 308814K->23556K(320192K)] 904898K->620740K(1019264K), 0.0771390 secs] [Times: user=0.16 sys=0.01, real=0.08 secs] 
4910.198: [GC [PSYoungGen: 314436K->18508K(320192K)] 911620K->616248K(1019264K), 0.0629870 secs] [Times: user=0.14 sys=0.01, real=0.06 secs] 
4910.635: [GC [PSYoungGen: 309388K->24865K(319424K)] 907128K->623969K(1018496K), 0.0872160 secs] [Times: user=0.21 sys=0.01, real=0.09 secs] 
4911.057: [GC [PSYoungGen: 315222K->21275K(319936K)] 914326K->621944K(1019008K), 0.0549710 secs] [Times: user=0.17 sys=0.01, real=0.05 secs] 
4911.433: [GC [PSYoungGen: 311643K->21312K(321280K)] 912312K->624445K(1020352K), 0.0698580 secs] [Times: user=0.17 sys=0.00, real=0.07 secs] 
4911.865: [GC [PSYoungGen: 313728K->18409K(320640K)] 916861K->623791K(1019712K), 0.0615500 secs] [Times: user=0.15 sys=0.00, real=0.06 secs] 
4912.257: [GC [PSYoungGen: 310825K->17320K(321408K)] 916207K->623543K(1020480K), 0.0616240 secs] [Times: user=0.16 sys=0.00, real=0.07 secs] 
4912.626: [GC [PSYoungGen: 310632K->27862K(321216K)] 916855K->636223K(1020288K), 0.0757050 secs] [Times: user=0.18 sys=0.00, real=0.08 secs] 
4913.076: [GC [PSYoungGen: 321174K->20288K(319040K)] 929535K->630744K(1018112K), 0.0707740 secs] [Times: user=0.15 sys=0.00, real=0.07 secs] 
4913.487: [GC [PSYoungGen: 311040K->22794K(320128K)] 921496K->634610K(1019200K), 0.0785770 secs] [Times: user=0.18 sys=0.00, real=0.08 secs] 
4913.892: [GC [PSYoungGen: 313546K->22564K(320832K)] 925362K->636013K(1019904K), 0.0584520 secs] [Times: user=0.16 sys=0.00, real=0.06 secs] 
4914.308: [GC [PSYoungGen: 314340K->20093K(320448K)] 927789K->635719K(1019520K), 0.0694400 secs] [Times: user=0.18 sys=0.00, real=0.07 secs] 
4914.691: [GC [PSYoungGen: 311869K->22662K(321472K)] 927495K->639669K(1020544K), 0.1027590 secs] [Times: user=0.24 sys=0.01, real=0.10 secs] 
4915.150: [GC [PSYoungGen: 315846K->23171K(321216K)] 932853K->641566K(1020288K), 0.0938380 secs] [Times: user=0.16 sys=0.00, real=0.09 secs] 
4915.684: [GC [PSYoungGen: 316355K->17671K(321344K)] 934750K->641022K(1020416K), 0.0703480 secs] [Times: user=0.17 sys=0.00, real=0.07 secs] 
4916.093: [GC [PSYoungGen: 311111K->19557K(321472K)] 934462K->648028K(1020544K), 0.0938100 secs] [Times: user=0.19 sys=0.00, real=0.09 secs] 
4916.606: [GC [PSYoungGen: 312997K->19127K(322112K)] 941468K->656114K(1021184K), 0.0705100 secs] [Times: user=0.20 sys=0.00, real=0.07 secs] 
4917.026: [GC [PSYoungGen: 313591K->15551K(321856K)] 950578K->660011K(1020928K), 0.0659760 secs] [Times: user=0.16 sys=0.00, real=0.07 secs] 
4917.439: [GC [PSYoungGen: 310015K->17939K(322112K)] 954475K->667019K(1021184K), 0.0650730 secs] [Times: user=0.15 sys=0.01, real=0.06 secs] 
4917.890: [GC [PSYoungGen: 312399K->19444K(321856K)] 961480K->675130K(1020928K), 0.0978870 secs] [Times: user=0.18 sys=0.00, real=0.09 secs] 
4918.378: [GC [PSYoungGen: 313908K->17094K(322880K)] 969594K->679502K(1021952K), 0.0818930 secs] [Times: user=0.16 sys=0.00, real=0.09 secs] 
4918.812: [GC [PSYoungGen: 313158K->20078K(322688K)] 975566K->687903K(1021760K), 0.0727390 secs] [Times: user=0.18 sys=0.00, real=0.07 secs] 
4919.223: [GC [PSYoungGen: 316135K->14639K(322944K)] 983960K->691458K(1022016K), 0.0984770 secs] [Times: user=0.16 sys=0.00, real=0.10 secs] 
4919.661: [GC [PSYoungGen: 311535K->22138K(319040K)] 988353K->704336K(1018112K), 0.0782470 secs] [Times: user=0.18 sys=0.00, real=0.07 secs] 
4920.095: [GC [PSYoungGen: 319034K->17822K(323200K)] 1001232K->712330K(1022272K), 0.0826010 secs] [Times: user=0.20 sys=0.01, real=0.08 secs] 
4920.178: [Full GC [PSYoungGen: 17822K->0K(323200K)] [PSOldGen: 694508K->508859K(699072K)] 712330K->508859K(1022272K) [PSPermGen: 91645K->91645K(262144K)], 2.6573790 secs] [Times: user=2.66 sys=0.00, real=2.66 secs] 
4923.223: [GC [PSYoungGen: 296512K->21348K(322816K)] 805371K->530208K(1021888K), 0.0610910 secs] [Times: user=0.15 sys=0.00, real=0.06 secs] 
4923.646: [GC [PSYoungGen: 317860K->19023K(323776K)] 826720K->540207K(1022848K), 0.0880920 secs] [Times: user=0.19 sys=0.01, real=0.09 secs] 
4924.173: [GC [PSYoungGen: 316495K->17980K(323200K)] 837679K->545147K(1022272K), 0.0729160 secs] [Times: user=0.16 sys=0.00, real=0.07 secs] 
4924.607: [GC [PSYoungGen: 315452K->17369K(324352K)] 842619K->550674K(1023424K), 0.0600920 secs] [Times: user=0.16 sys=0.00, real=0.06 secs] 
4924.988: [GC [PSYoungGen: 316313K->19747K(324096K)] 849618K->560502K(1023168K), 0.0776960 secs] [Times: user=0.19 sys=0.00, real=0.08 secs] 
4925.362: [GC [PSYoungGen: 318691K->20835K(324736K)] 859446K->569696K(1023808K), 0.0826060 secs] [Times: user=0.17 sys=0.01, real=0.08 secs] 
4925.757: [GC [PSYoungGen: 320803K->18206K(324736K)] 869664K->572666K(1023808K), 0.0682650 secs] [Times: user=0.18 sys=0.00, real=0.07 secs] 
4926.170: [GC [PSYoungGen: 318174K->16882K(325120K)] 872634K->579548K(1024192K), 0.0704540 secs] [Times: user=0.19 sys=0.00, real=0.08 secs] 
4926.568: [GC [PSYoungGen: 317554K->24380K(325056K)] 880220K->595560K(1024128K), 0.1152890 secs] [Times: user=0.20 sys=0.00, real=0.12 secs] 
4927.015: [GC [PSYoungGen: 325052K->16740K(316480K)] 896232K->597286K(1015552K), 0.0723880 secs] [Times: user=0.17 sys=0.00, real=0.07 secs] 
4927.412: [GC [PSYoungGen: 308772K->20715K(320768K)] 889318K->605636K(1019840K), 0.0788820 secs] [Times: user=0.16 sys=0.00, real=0.08 secs] 
4927.832: [GC [PSYoungGen: 312747K->21154K(321792K)] 897668K->615338K(1020864K), 0.0715930 secs] [Times: user=0.19 sys=0.00, real=0.07 secs] 
4928.253: [GC [PSYoungGen: 314850K->16147K(321408K)] 909034K->618267K(1020480K), 0.0792100 secs] [Times: user=0.17 sys=0.00, real=0.08 secs] 
4928.620: [GC [PSYoungGen: 309843K->20335K(322432K)] 911963K->629352K(1021504K), 0.0773560 secs] [Times: user=0.19 sys=0.00, real=0.08 secs] 
4929.136: [GC [PSYoungGen: 315119K->18890K(321856K)] 924136K->633434K(1020928K), 0.0539950 secs] [Times: user=0.17 sys=0.00, real=0.05 secs] 
4929.529: [GC [PSYoungGen: 313674K->18650K(323456K)] 928218K->641530K(1022528K), 0.0997820 secs] [Times: user=0.17 sys=0.00, real=0.10 secs] 
4929.927: [GC [PSYoungGen: 315610K->19023K(323008K)] 938490K->649044K(1022080K), 0.0728410 secs] [Times: user=0.17 sys=0.00, real=0.08 secs] 
4930.425: [GC [PSYoungGen: 315983K->19538K(324544K)] 946004K->657894K(1023616K), 0.0822340 secs] [Times: user=0.19 sys=0.01, real=0.08 secs] 
4930.828: [GC [PSYoungGen: 318546K->16342K(323968K)] 956902K->660191K(1023040K), 0.0614620 secs] [Times: user=0.16 sys=0.00, real=0.06 secs] 
4931.198: [GC [PSYoungGen: 315350K->17999K(324928K)] 959199K->669542K(1024000K), 0.0828710 secs] [Times: user=0.16 sys=0.01, real=0.09 secs] 
4931.614: [GC [PSYoungGen: 317967K->21235K(324544K)] 969510K->679393K(1023616K), 0.0798790 secs] [Times: user=0.18 sys=0.01, real=0.08 secs] 
4932.033: [GC [PSYoungGen: 321203K->17900K(324992K)] 979361K->687069K(1024064K), 0.0915590 secs] [Times: user=0.19 sys=0.00, real=0.09 secs] 
4932.587: [GC [PSYoungGen: 318060K->17065K(324672K)] 987229K->690878K(1023744K), 0.0758040 secs] [Times: user=0.15 sys=0.00, real=0.08 secs] 
4932.961: [GC [PSYoungGen: 317225K->17521K(325440K)] 991038K->695820K(1024512K), 0.0675120 secs] [Times: user=0.16 sys=0.00, real=0.06 secs] 
4933.359: [GC [PSYoungGen: 318577K->19052K(325120K)] 996876K->704645K(1024192K), 0.0781730 secs] [Times: user=0.20 sys=0.00, real=0.08 secs] 
4933.755: [GC [PSYoungGen: 320108K->19827K(325952K)] 1005701K->713155K(1025024K), 0.0695410 secs] [Times: user=0.18 sys=0.00, real=0.07 secs] 
4933.825: [Full GC [PSYoungGen: 19827K->0K(325952K)] [PSOldGen: 693328K->523614K(699072K)] 713155K->523614K(1025024K) [PSPermGen: 91658K->91658K(262144K)], 2.7000590 secs] [Times: user=2.70 sys=0.00, real=2.70 secs] 
4936.929: [GC [PSYoungGen: 302336K->22978K(325376K)] 825950K->546592K(1024448K), 0.0621930 secs] [Times: user=0.15 sys=0.00, real=0.07 secs] 
4937.458: [GC [PSYoungGen: 325314K->24101K(315520K)] 848928K->556517K(1014592K), 0.0781260 secs] [Times: user=0.20 sys=0.01, real=0.08 secs] 
4937.848: [GC [PSYoungGen: 315493K->21019K(320448K)] 847909K->563991K(1019520K), 0.0851320 secs] [Times: user=0.23 sys=0.00, real=0.09 secs] 
4938.224: [GC [PSYoungGen: 312411K->14384K(320512K)] 855383K->564656K(1019584K), 0.0575650 secs] [Times: user=0.15 sys=0.00, real=0.06 secs] 
4938.585: [GC [PSYoungGen: 306544K->21145K(320832K)] 856816K->577784K(1019904K), 0.0925030 secs] [Times: user=0.17 sys=0.00, real=0.09 secs] 
4938.962: [GC [PSYoungGen: 313305K->18791K(321856K)] 869944K->584302K(1020928K), 0.0688280 secs] [Times: user=0.17 sys=0.00, real=0.07 secs] 
4939.336: [GC [PSYoungGen: 312487K->21186K(321344K)] 877998K->593826K(1020416K), 0.0795890 secs] [Times: user=0.19 sys=0.00, real=0.08 secs] 
4939.743: [GC [PSYoungGen: 314882K->20807K(322688K)] 887522K->601871K(1021760K), 0.0648480 secs] [Times: user=0.19 sys=0.00, real=0.06 secs] 
4940.190: [GC [PSYoungGen: 316231K->17007K(322240K)] 897295K->602039K(1021312K), 0.0621130 secs] [Times: user=0.15 sys=0.00, real=0.07 secs] 
4940.618: [GC [PSYoungGen: 312431K->20716K(323200K)] 897463K->611934K(1022272K), 0.0983110 secs] [Times: user=0.18 sys=0.01, real=0.10 secs] 
4941.083: [GC [PSYoungGen: 317228K->19665K(322816K)] 908446K->619149K(1021888K), 0.0633540 secs] [Times: user=0.18 sys=0.00, real=0.06 secs] 
4941.547: [GC [PSYoungGen: 316177K->16649K(323776K)] 915661K->620966K(1022848K), 0.0783710 secs] [Times: user=0.17 sys=0.01, real=0.08 secs] 
4941.963: [GC [PSYoungGen: 314633K->21671K(319680K)] 918950K->633579K(1018752K), 0.0835070 secs] [Times: user=0.18 sys=0.01, real=0.08 secs] 
4942.495: [GC [PSYoungGen: 319655K->14299K(322944K)] 931563K->636423K(1022016K), 0.0888890 secs] [Times: user=0.16 sys=0.01, real=0.09 secs] 
4943.040: [GC [PSYoungGen: 311323K->18143K(323264K)] 933447K->643408K(1022336K), 0.1086140 secs] [Times: user=0.21 sys=0.00, real=0.11 secs] 
4943.641: [GC [PSYoungGen: 315167K->20247K(324032K)] 940432K->655037K(1023104K), 0.0925750 secs] [Times: user=0.19 sys=0.00, real=0.10 secs] 
4944.274: [GC [PSYoungGen: 318551K->16343K(323776K)] 953341K->657440K(1022848K), 0.0816640 secs] [Times: user=0.17 sys=0.00, real=0.08 secs] 
4944.661: [GC [PSYoungGen: 314647K->20090K(324352K)] 955744K->665934K(1023424K), 0.0983250 secs] [Times: user=0.17 sys=0.00, real=0.10 secs] 
4945.105: [GC [PSYoungGen: 319098K->25144K(324160K)] 964942K->677055K(1023232K), 0.0739170 secs] [Times: user=0.19 sys=0.00, real=0.07 secs] 
4945.506: [GC [PSYoungGen: 324152K->19011K(318144K)] 976063K->681379K(1017216K), 0.0893180 secs] [Times: user=0.19 sys=0.00, real=0.09 secs] 
4945.919: [GC [PSYoungGen: 311811K->21693K(321152K)] 974179K->690876K(1020224K), 0.0718910 secs] [Times: user=0.18 sys=0.00, real=0.07 secs] 
4946.366: [GC [PSYoungGen: 314493K->15136K(321152K)] 983676K->693176K(1020224K), 0.0702040 secs] [Times: user=0.18 sys=0.00, real=0.07 secs] 
4946.778: [GC [PSYoungGen: 308192K->18867K(321280K)] 986232K->700596K(1020352K), 0.0899170 secs] [Times: user=0.21 sys=0.01, real=0.09 secs] 
4947.172: [GC [PSYoungGen: 311923K->18086K(322432K)] 993652K->706633K(1021504K), 0.0854860 secs] [Times: user=0.20 sys=0.00, real=0.09 secs] 
4947.258: [Full GC [PSYoungGen: 18086K->0K(322432K)] [PSOldGen: 688546K->487994K(699072K)] 706633K->487994K(1021504K) [PSPermGen: 91671K->91615K(262144K)], 2.7853760 secs] [Times: user=2.78 sys=0.00, real=2.79 secs] 
4950.416: [GC [PSYoungGen: 294912K->21751K(321984K)] 782906K->509746K(1021056K), 0.0768030 secs] [Times: user=0.18 sys=0.01, real=0.08 secs] 
4950.816: [GC [PSYoungGen: 316663K->27115K(316480K)] 804658K->517803K(1015552K), 0.0810420 secs] [Times: user=0.19 sys=0.00, real=0.08 secs] 
4951.289: [GC [PSYoungGen: 316459K->19359K(319424K)] 807147K->522487K(1018496K), 0.1014690 secs] [Times: user=0.22 sys=0.00, real=0.10 secs] 
4951.724: [GC [PSYoungGen: 308703K->20021K(320896K)] 811831K->527980K(1019968K), 0.0878210 secs] [Times: user=0.16 sys=0.01, real=0.08 secs] 
4952.165: [GC [PSYoungGen: 311541K->19492K(320128K)] 819500K->536292K(1019200K), 0.0641360 secs] [Times: user=0.19 sys=0.01, real=0.06 secs] 
4952.572: [GC [PSYoungGen: 311012K->18989K(321984K)] 827812K->543789K(1021056K), 0.0804700 secs] [Times: user=0.21 sys=0.00, real=0.08 secs] 
4953.017: [GC [PSYoungGen: 312941K->19496K(321472K)] 837741K->549444K(1020544K), 0.0760920 secs] [Times: user=0.17 sys=0.01, real=0.07 secs] 
4953.405: [GC [PSYoungGen: 313448K->18794K(323008K)] 843396K->554300K(1022080K), 0.0694470 secs] [Times: user=0.16 sys=0.00, real=0.07 secs] 
4953.797: [GC [PSYoungGen: 314858K->20758K(322560K)] 850364K->563306K(1021632K), 0.0773800 secs] [Times: user=0.17 sys=0.00, real=0.08 secs] 
4954.228: [GC [PSYoungGen: 316822K->18774K(323712K)] 859370K->569318K(1022784K), 0.0896150 secs] [Times: user=0.17 sys=0.01, real=0.09 secs] 
4954.790: [GC [PSYoungGen: 316374K->17300K(323392K)] 866918K->575751K(1022464K), 0.0801390 secs] [Times: user=0.20 sys=0.00, real=0.08 secs] 
4955.254: [GC [PSYoungGen: 314900K->21270K(323840K)] 873351K->585820K(1022912K), 0.0656160 secs] [Times: user=0.17 sys=0.01, real=0.06 secs] 
4955.672: [GC [PSYoungGen: 319446K->18722K(323840K)] 883996K->590275K(1022912K), 0.0725470 secs] [Times: user=0.17 sys=0.00, real=0.08 secs] 
4956.102: [GC [PSYoungGen: 316898K->18420K(324544K)] 888451K->596109K(1023616K), 0.0681160 secs] [Times: user=0.16 sys=0.00, real=0.07 secs] 
4956.485: [GC [PSYoungGen: 317684K->20644K(324224K)] 895373K->602364K(1023296K), 0.0866500 secs] [Times: user=0.16 sys=0.00, real=0.08 secs] 
4956.924: [GC [PSYoungGen: 319908K->18117K(324928K)] 901628K->607097K(1024000K), 0.0863430 secs] [Times: user=0.17 sys=0.00, real=0.09 secs] 
4957.413: [GC [PSYoungGen: 318277K->18166K(324736K)] 907257K->611557K(1023808K), 0.0837220 secs] [Times: user=0.17 sys=0.00, real=0.09 secs] 
4957.832: [GC [PSYoungGen: 318326K->18505K(325504K)] 911717K->617891K(1024576K), 0.0691150 secs] [Times: user=0.17 sys=0.00, real=0.07 secs] 
4958.238: [GC [PSYoungGen: 319689K->16512K(325184K)] 919075K->623321K(1024256K), 0.0603500 secs] [Times: user=0.17 sys=0.00, real=0.06 secs] 
4958.627: [GC [PSYoungGen: 317696K->17389K(325696K)] 924505K->632315K(1024768K), 0.0709960 secs] [Times: user=0.19 sys=0.00, real=0.07 secs] 
4959.025: [GC [PSYoungGen: 319085K->17372K(325504K)] 934011K->637880K(1024576K), 0.0668020 secs] [Times: user=0.18 sys=0.00, real=0.07 secs] 
4959.415: [GC [PSYoungGen: 319054K->15713K(325824K)] 939562K->641258K(1024896K), 0.0546120 secs] [Times: user=0.16 sys=0.00, real=0.05 secs] 
4959.837: [GC [PSYoungGen: 317985K->20261K(322560K)] 943530K->649885K(1021632K), 0.0571320 secs] [Times: user=0.17 sys=0.00, real=0.05 secs] 
4960.256: [GC [PSYoungGen: 322533K->23729K(321024K)] 952157K->656025K(1020096K), 0.0869770 secs] [Times: user=0.17 sys=0.01, real=0.08 secs] 
4960.717: [GC [PSYoungGen: 321009K->20809K(323392K)] 953305K->664027K(1022464K), 0.0927270 secs] [Times: user=0.18 sys=0.00, real=0.09 secs] 
4961.236: [GC [PSYoungGen: 318089K->19833K(324032K)] 961307K->672650K(1023104K), 0.0904140 secs] [Times: user=0.19 sys=0.01, real=0.09 secs] 
4961.752: [GC [PSYoungGen: 317881K->20139K(323520K)] 970698K->680266K(1022592K), 0.0860640 secs] [Times: user=0.21 sys=0.00, real=0.09 secs] 
4962.136: [GC [PSYoungGen: 318187K->18696K(324800K)] 978314K->686455K(1023872K), 0.1013930 secs] [Times: user=0.16 sys=0.00, real=0.10 secs] 
4962.617: [GC [PSYoungGen: 318408K->18150K(324416K)] 986167K->692327K(1023488K), 0.0646760 secs] [Times: user=0.16 sys=0.00, real=0.06 secs] 
4963.071: [GC [PSYoungGen: 317862K->20450K(325184K)] 992039K->700074K(1024256K), 0.1030720 secs] [Times: user=0.17 sys=0.01, real=0.10 secs] 
4963.483: [GC [PSYoungGen: 321186K->18675K(325056K)] 1000810K->704189K(1024128K), 0.0705030 secs] [Times: user=0.19 sys=0.00, real=0.07 secs] 
4963.910: [GC [PSYoungGen: 319411K->20425K(325632K)] 1004925K->712695K(1024704K), 0.1646900 secs] [Times: user=0.18 sys=0.00, real=0.17 secs] 
4964.075: [Full GC [PSYoungGen: 20425K->0K(325632K)] [PSOldGen: 692269K->526536K(699072K)] 712695K->526536K(1024704K) [PSPermGen: 91629K->91629K(262144K)], 2.6897210 secs] [Times: user=2.69 sys=0.01, real=2.68 secs] 
4967.137: [GC [PSYoungGen: 301632K->23866K(325504K)] 828168K->552547K(1024576K), 0.0819020 secs] [Times: user=0.17 sys=0.01, real=0.08 secs] 
4967.502: [GC [PSYoungGen: 325498K->17126K(321920K)] 854179K->558107K(1020992K), 0.0694590 secs] [Times: user=0.18 sys=0.01, real=0.07 secs] 
4967.989: [GC [PSYoungGen: 315046K->19652K(323712K)] 856027K->566633K(1022784K), 0.0765540 secs] [Times: user=0.16 sys=0.01, real=0.07 secs] 
4968.439: [GC [PSYoungGen: 317572K->18595K(324544K)] 864553K->570433K(1023616K), 0.0935770 secs] [Times: user=0.18 sys=0.00, real=0.09 secs] 
4968.904: [GC [PSYoungGen: 317859K->15967K(324224K)] 869697K->574381K(1023296K), 0.0926410 secs] [Times: user=0.19 sys=0.00, real=0.10 secs] 
4969.501: [GC [PSYoungGen: 315231K->17837K(324736K)] 873645K->580260K(1023808K), 0.1040970 secs] [Times: user=0.21 sys=0.00, real=0.11 secs] 
4970.084: [GC [PSYoungGen: 317549K->18097K(324480K)] 879972K->589817K(1023552K), 0.0814480 secs] [Times: user=0.20 sys=0.00, real=0.08 secs] 
4970.547: [GC [PSYoungGen: 317809K->20482K(325120K)] 889529K->598357K(1024192K), 0.0788700 secs] [Times: user=0.17 sys=0.00, real=0.07 secs] 
4970.994: [GC [PSYoungGen: 321218K->19894K(325120K)] 899093K->604461K(1024192K), 0.0691790 secs] [Times: user=0.17 sys=0.00, real=0.07 secs] 
4971.514: [GC [PSYoungGen: 320630K->18165K(325696K)] 905197K->611575K(1024768K), 0.0776940 secs] [Times: user=0.17 sys=0.00, real=0.08 secs] 
4971.975: [GC [PSYoungGen: 319733K->18907K(325376K)] 913143K->618285K(1024448K), 0.1028610 secs] [Times: user=0.17 sys=0.00, real=0.11 secs] 
4972.427: [GC [PSYoungGen: 320475K->18899K(326464K)] 919853K->624617K(1025536K), 0.1232460 secs] [Times: user=0.17 sys=0.00, real=0.13 secs] 
4972.830: [GC [PSYoungGen: 321939K->18739K(326080K)] 927657K->630380K(1025152K), 0.0593690 secs] [Times: user=0.17 sys=0.00, real=0.06 secs] 
4973.276: [GC [PSYoungGen: 321779K->19320K(327104K)] 933420K->637047K(1026176K), 0.0584480 secs] [Times: user=0.17 sys=0.00, real=0.06 secs] 
4973.745: [GC [PSYoungGen: 323704K->15062K(319488K)] 941431K->641300K(1018560K), 0.0738950 secs] [Times: user=0.18 sys=0.00, real=0.08 secs] 
4974.195: [GC [PSYoungGen: 319446K->18924K(327040K)] 945684K->652401K(1026112K), 0.0741280 secs] [Times: user=0.17 sys=0.00, real=0.08 secs] 
4974.630: [GC [PSYoungGen: 323180K->18757K(326720K)] 956657K->656874K(1025792K), 0.0847780 secs] [Times: user=0.17 sys=0.01, real=0.09 secs] 
4975.097: [GC [PSYoungGen: 323013K->17337K(327488K)] 961130K->663930K(1026560K), 0.0837580 secs] [Times: user=0.17 sys=0.00, real=0.09 secs] 
4975.607: [GC [PSYoungGen: 322745K->21998K(327424K)] 969338K->677087K(1026496K), 0.1181200 secs] [Times: user=0.20 sys=0.02, real=0.12 secs] 
4976.021: [GC [PSYoungGen: 327406K->20235K(320384K)] 982495K->682306K(1019456K), 0.0884650 secs] [Times: user=0.17 sys=0.00, real=0.09 secs] 
4976.429: [GC [PSYoungGen: 318539K->20092K(323904K)] 980610K->686654K(1022976K), 0.0730350 secs] [Times: user=0.15 sys=0.00, real=0.07 secs] 
4976.967: [GC [PSYoungGen: 318396K->18178K(324608K)] 984958K->692085K(1023680K), 0.0881780 secs] [Times: user=0.17 sys=0.01, real=0.09 secs] 
4977.419: [GC [PSYoungGen: 317634K->18502K(324352K)] 991541K->697898K(1023424K), 0.0691350 secs] [Times: user=0.17 sys=0.00, real=0.07 secs] 
4977.836: [GC [PSYoungGen: 317958K->22263K(323904K)] 997354K->710490K(1022976K), 0.0811430 secs] [Times: user=0.20 sys=0.01, real=0.08 secs] 
4978.246: [GC [PSYoungGen: 321591K->22255K(321600K)] 1009818K->720391K(1020672K), 0.0837210 secs] [Times: user=0.20 sys=0.00, real=0.09 secs] 
4978.329: [Full GC [PSYoungGen: 22255K->0K(321600K)] [PSOldGen: 698136K->524159K(699072K)] 720391K->524159K(1020672K) [PSPermGen: 91645K->91645K(262144K)], 3.0976260 secs] [Times: user=3.06 sys=0.04, real=3.09 secs] 
4981.786: [GC [PSYoungGen: 299328K->17861K(324224K)] 823487K->542020K(1023296K), 0.0667980 secs] [Times: user=0.14 sys=0.00, real=0.07 secs] 
4982.457: [GC [PSYoungGen: 316613K->25278K(324032K)] 840772K->550431K(1023104K), 0.0782640 secs] [Times: user=0.19 sys=0.00, real=0.08 secs] 
4982.976: [GC [PSYoungGen: 324030K->20499K(321984K)] 849183K->555578K(1021056K), 0.0832300 secs] [Times: user=0.20 sys=0.00, real=0.09 secs] 
4983.377: [GC [PSYoungGen: 317011K->25507K(322048K)] 852090K->560586K(1021120K), 0.0614430 secs] [Times: user=0.17 sys=0.01, real=0.07 secs] 
4983.828: [GC [PSYoungGen: 322019K->21595K(322240K)] 857098K->556674K(1021312K), 0.0743050 secs] [Times: user=0.15 sys=0.01, real=0.08 secs] 
4984.170: [GC [PSYoungGen: 316370K->22678K(322048K)] 851449K->557758K(1021120K), 0.0706530 secs] [Times: user=0.17 sys=0.01, real=0.07 secs] 
4984.541: [GC [PSYoungGen: 317462K->21621K(322688K)] 852542K->559770K(1021760K), 0.0661830 secs] [Times: user=0.16 sys=0.00, real=0.06 secs] 
4984.889: [GC [PSYoungGen: 317045K->23850K(322240K)] 855194K->562238K(1021312K), 0.0857490 secs] [Times: user=0.16 sys=0.00, real=0.08 secs] 
4985.352: [GC [PSYoungGen: 319274K->20094K(322624K)] 857662K->558744K(1021696K), 0.0757590 secs] [Times: user=0.20 sys=0.01, real=0.07 secs] 
4985.768: [GC [PSYoungGen: 315518K->17815K(322304K)] 854168K->556596K(1021376K), 0.0609060 secs] [Times: user=0.15 sys=0.00, real=0.07 secs] 
4986.235: [GC [PSYoungGen: 313239K->23053K(322176K)] 852020K->562022K(1021248K), 0.0730500 secs] [Times: user=0.18 sys=0.00, real=0.07 secs] 
4986.706: [GC [PSYoungGen: 318274K->25537K(320832K)] 857243K->564599K(1019904K), 0.0903030 secs] [Times: user=0.19 sys=0.00, real=0.09 secs] 
4987.091: [GC [PSYoungGen: 320769K->25227K(320000K)] 859831K->564429K(1019072K), 0.0921560 secs] [Times: user=0.18 sys=0.02, real=0.09 secs] 
4987.506: [GC [PSYoungGen: 317131K->23939K(315904K)] 856333K->563434K(1014976K), 0.0812830 secs] [Times: user=0.16 sys=0.00, real=0.08 secs] 
4988.001: [GC [PSYoungGen: 315843K->26783K(318592K)] 855338K->566392K(1017664K), 0.0917650 secs] [Times: user=0.18 sys=0.00, real=0.09 secs] 
4988.373: [GC [PSYoungGen: 316511K->17771K(307520K)] 856120K->557452K(1006592K), 0.0763510 secs] [Times: user=0.15 sys=0.00, real=0.08 secs] 
4988.803: [GC [PSYoungGen: 307499K->23105K(319936K)] 847180K->562874K(1019008K), 0.0616510 secs] [Times: user=0.16 sys=0.00, real=0.06 secs] 
4989.179: [GC [PSYoungGen: 313025K->26153K(316096K)] 852794K->566062K(1015168K), 0.0690700 secs] [Times: user=0.16 sys=0.00, real=0.07 secs] 
4989.533: [GC [PSYoungGen: 316063K->23955K(319488K)] 855972K->564120K(1018560K), 0.0722020 secs] [Times: user=0.18 sys=0.00, real=0.07 secs] 
4990.018: [GC [PSYoungGen: 313171K->22221K(319232K)] 853336K->562543K(1018304K), 0.0639480 secs] [Times: user=0.15 sys=0.00, real=0.07 secs] 
4990.349: [GC [PSYoungGen: 311437K->23874K(320384K)] 851759K->564320K(1019456K), 0.0819290 secs] [Times: user=0.20 sys=0.00, real=0.08 secs] 
4990.781: [GC [PSYoungGen: 314882K->22856K(320128K)] 855328K->563466K(1019200K), 0.0784200 secs] [Times: user=0.17 sys=0.01, real=0.07 secs] 
4991.165: [GC [PSYoungGen: 313864K->20870K(321216K)] 854474K->561599K(1020288K), 0.0726120 secs] [Times: user=0.16 sys=0.01, real=0.07 secs] 
4991.625: [GC [PSYoungGen: 313606K->22787K(321024K)] 854335K->563621K(1020096K), 0.0862160 secs] [Times: user=0.18 sys=0.00, real=0.09 secs] 
4992.026: [GC [PSYoungGen: 315523K->18616K(321344K)] 856357K->559550K(1020416K), 0.0613660 secs] [Times: user=0.16 sys=0.00, real=0.06 secs] 
4992.435: [GC [PSYoungGen: 312184K->27390K(320960K)] 853118K->568440K(1020032K), 0.0905850 secs] [Times: user=0.19 sys=0.01, real=0.09 secs] 
4992.867: [GC [PSYoungGen: 320957K->20983K(320192K)] 862007K->562141K(1019264K), 0.0801400 secs] [Times: user=0.16 sys=0.00, real=0.08 secs] 
4993.321: [GC [PSYoungGen: 312631K->22958K(320576K)] 853789K->564252K(1019648K), 0.0682590 secs] [Times: user=0.17 sys=0.00, real=0.06 secs] 
4993.741: [GC [PSYoungGen: 314606K->23995K(321152K)] 855900K->565441K(1020224K), 0.0696940 secs] [Times: user=0.16 sys=0.01, real=0.07 secs] 
4994.197: [GC [PSYoungGen: 316731K->25791K(318528K)] 858177K->567381K(1017600K), 0.0776070 secs] [Times: user=0.17 sys=0.00, real=0.08 secs] 
4994.569: [GC [PSYoungGen: 318527K->24097K(320768K)] 860117K->565859K(1019840K), 0.0688490 secs] [Times: user=0.17 sys=0.00, real=0.07 secs] 
4994.998: [GC [PSYoungGen: 315937K->17350K(309248K)] 857699K->559309K(1008320K), 0.0683860 secs] [Times: user=0.14 sys=0.00, real=0.07 secs] 
4995.391: [GC [PSYoungGen: 309190K->24239K(320384K)] 851149K->566286K(1019456K), 0.0687390 secs] [Times: user=0.17 sys=0.00, real=0.06 secs] 
4995.782: [GC [PSYoungGen: 315439K->20439K(320320K)] 857486K->562638K(1019392K), 0.0581520 secs] [Times: user=0.15 sys=0.00, real=0.05 secs] 
4996.198: [GC [PSYoungGen: 311639K->23108K(321024K)] 853838K->565475K(1020096K), 0.0708330 secs] [Times: user=0.18 sys=0.00, real=0.07 secs] 
4996.550: [GC [PSYoungGen: 315268K->28457K(320640K)] 857635K->571732K(1019712K), 0.0686290 secs] [Times: user=0.19 sys=0.00, real=0.07 secs] 
4997.105: [GC [PSYoungGen: 320617K->21415K(318336K)] 863892K->564989K(1017408K), 0.0995640 secs] [Times: user=0.17 sys=0.00, real=0.10 secs] 
4997.514: [GC [PSYoungGen: 310886K->21722K(319488K)] 854461K->565425K(1018560K), 0.0646820 secs] [Times: user=0.16 sys=0.00, real=0.06 secs] 
4997.971: [GC [PSYoungGen: 311194K->20980K(320320K)] 854897K->564875K(1019392K), 0.0866270 secs] [Times: user=0.15 sys=0.00, real=0.08 secs] 
4998.479: [GC [PSYoungGen: 311732K->19512K(319936K)] 855627K->563628K(1019008K), 0.0615490 secs] [Times: user=0.14 sys=0.00, real=0.06 secs] 
4998.832: [GC [PSYoungGen: 310264K->21355K(320896K)] 854380K->565470K(1019968K), 0.0919500 secs] [Times: user=0.16 sys=0.00, real=0.09 secs] 
4999.296: [GC [PSYoungGen: 313131K->25488K(317312K)] 857246K->569755K(1016384K), 0.0589110 secs] [Times: user=0.17 sys=0.00, real=0.06 secs] 
4999.809: [GC [PSYoungGen: 317264K->22087K(320896K)] 861531K->566503K(1019968K), 0.0790410 secs] [Times: user=0.16 sys=0.00, real=0.08 secs] 
5000.189: [GC [PSYoungGen: 313799K->21932K(320320K)] 858215K->566546K(1019392K), 0.0625630 secs] [Times: user=0.15 sys=0.00, real=0.07 secs] 
5000.614: [GC [PSYoungGen: 313644K->27331K(318912K)] 858258K->572064K(1017984K), 0.0822530 secs] [Times: user=0.19 sys=0.00, real=0.08 secs] 
5000.974: [GC [PSYoungGen: 318083K->22467K(320128K)] 862816K->567285K(1019200K), 0.0633070 secs] [Times: user=0.16 sys=0.00, real=0.06 secs] 
5001.425: [GC [PSYoungGen: 313219K->22038K(321152K)] 858037K->567008K(1020224K), 0.1031330 secs] [Times: user=0.17 sys=0.00, real=0.10 secs] 
5001.885: [GC [PSYoungGen: 314390K->22555K(320704K)] 859360K->567661K(1019776K), 0.0759580 secs] [Times: user=0.16 sys=0.01, real=0.07 secs] 
5002.262: [GC [PSYoungGen: 314907K->24446K(321472K)] 860013K->569625K(1020544K), 0.0657120 secs] [Times: user=0.16 sys=0.00, real=0.06 secs] 
5002.769: [GC [PSYoungGen: 318014K->20105K(321536K)] 863193K->565391K(1020608K), 0.0977840 secs] [Times: user=0.17 sys=0.00, real=0.10 secs] 
5003.169: [GC [PSYoungGen: 313673K->18740K(321280K)] 858959K->564258K(1020352K), 0.0697420 secs] [Times: user=0.15 sys=0.01, real=0.07 secs] 
5003.612: [GC [PSYoungGen: 312052K->23876K(321408K)] 857570K->569515K(1020480K), 0.0707670 secs] [Times: user=0.18 sys=0.00, real=0.07 secs] 
5004.015: [GC [PSYoungGen: 317188K->21602K(321792K)] 862827K->567409K(1020864K), 0.0729950 secs] [Times: user=0.15 sys=0.01, real=0.07 secs] 
5004.480: [GC [PSYoungGen: 315298K->24171K(321408K)] 861105K->570202K(1020480K), 0.0653220 secs] [Times: user=0.16 sys=0.00, real=0.07 secs] 
5004.959: [GC [PSYoungGen: 317867K->18662K(321408K)] 863898K->564789K(1020480K), 0.0627980 secs] [Times: user=0.15 sys=0.00, real=0.06 secs] 
5005.400: [GC [PSYoungGen: 312230K->21596K(321536K)] 858357K->567723K(1020608K), 0.0962810 secs] [Times: user=0.15 sys=0.00, real=0.10 secs] 
5005.804: [GC [PSYoungGen: 315164K->23224K(322112K)] 861291K->569447K(1021184K), 0.0713040 secs] [Times: user=0.17 sys=0.01, real=0.07 secs] 
5006.290: [GC [PSYoungGen: 317816K->23976K(321984K)] 864039K->570351K(1021056K), 0.0941140 secs] [Times: user=0.16 sys=0.01, real=0.10 secs] 
5006.684: [GC [PSYoungGen: 318568K->23891K(321856K)] 864943K->570362K(1020928K), 0.0663660 secs] [Times: user=0.17 sys=0.00, real=0.06 secs] 
5007.101: [GC [PSYoungGen: 318222K->23796K(321920K)] 864693K->570503K(1020992K), 0.0796470 secs] [Times: user=0.15 sys=0.00, real=0.08 secs] 
5007.601: [GC [PSYoungGen: 318131K->21689K(322304K)] 864838K->568484K(1021376K), 0.0633770 secs] [Times: user=0.16 sys=0.00, real=0.07 secs] 
5007.985: [GC [PSYoungGen: 316473K->27122K(321920K)] 863268K->574073K(1020992K), 0.0755330 secs] [Times: user=0.18 sys=0.01, real=0.07 secs] 
5008.459: [GC [PSYoungGen: 321906K->25067K(319744K)] 868857K->572138K(1018816K), 0.0930700 secs] [Times: user=0.18 sys=0.00, real=0.09 secs] 
5008.886: [GC [PSYoungGen: 317227K->26837K(319040K)] 864298K->574008K(1018112K), 0.0742480 secs] [Times: user=0.18 sys=0.01, real=0.07 secs] 
5009.303: [GC [PSYoungGen: 318997K->18128K(319424K)] 866168K->565483K(1018496K), 0.0755740 secs] [Times: user=0.16 sys=0.03, real=0.07 secs] 
5009.746: [GC [PSYoungGen: 308112K->25345K(315392K)] 855467K->572856K(1014464K), 0.1208610 secs] [Times: user=0.17 sys=0.00, real=0.12 secs] 
5010.257: [GC [PSYoungGen: 315329K->17765K(318912K)] 862840K->565480K(1017984K), 0.0712760 secs] [Times: user=0.15 sys=0.00, real=0.07 secs] 
5010.618: [GC [PSYoungGen: 306725K->18732K(319232K)] 854440K->566575K(1018304K), 0.0644040 secs] [Times: user=0.14 sys=0.00, real=0.06 secs] 
5011.089: [GC [PSYoungGen: 307692K->20271K(319744K)] 855535K->568242K(1018816K), 0.0927300 secs] [Times: user=0.16 sys=0.01, real=0.09 secs] 
5011.535: [GC [PSYoungGen: 309871K->21303K(319360K)] 857842K->569402K(1018432K), 0.0762370 secs] [Times: user=0.15 sys=0.00, real=0.07 secs] 
5011.943: [GC [PSYoungGen: 310903K->23720K(320448K)] 859002K->571903K(1019520K), 0.0809200 secs] [Times: user=0.17 sys=0.00, real=0.09 secs] 
5012.436: [GC [PSYoungGen: 315038K->21916K(320384K)] 863221K->570207K(1019456K), 0.0641840 secs] [Times: user=0.15 sys=0.00, real=0.06 secs] 
5012.849: [GC [PSYoungGen: 313244K->20340K(321408K)] 861535K->568771K(1020480K), 0.0593310 secs] [Times: user=0.15 sys=0.00, real=0.06 secs] 
5013.288: [GC [PSYoungGen: 313332K->20241K(321088K)] 861763K->568888K(1020160K), 0.0719640 secs] [Times: user=0.18 sys=0.00, real=0.07 secs] 
5013.738: [GC [PSYoungGen: 313233K->24525K(320832K)] 861880K->573172K(1019904K), 0.1160470 secs] [Times: user=0.24 sys=0.01, real=0.12 secs] 
5014.184: [GC [PSYoungGen: 317581K->23648K(321280K)] 866228K->572431K(1020352K), 0.0679610 secs] [Times: user=0.15 sys=0.00, real=0.06 secs] 
5014.592: [GC [PSYoungGen: 316704K->22973K(321664K)] 865487K->571907K(1020736K), 0.0748170 secs] [Times: user=0.16 sys=0.00, real=0.08 secs] 
5015.001: [GC [PSYoungGen: 316466K->21926K(321344K)] 865401K->570944K(1020416K), 0.0586830 secs] [Times: user=0.15 sys=0.00, real=0.06 secs] 
5015.410: [GC [PSYoungGen: 315430K->21506K(322496K)] 864448K->570604K(1021568K), 0.0623670 secs] [Times: user=0.14 sys=0.00, real=0.06 secs] 
5015.841: [GC [PSYoungGen: 316610K->23338K(322112K)] 865708K->572548K(1021184K), 0.0640780 secs] [Times: user=0.16 sys=0.00, real=0.07 secs] 
5016.282: [GC [PSYoungGen: 318442K->19124K(322432K)] 867652K->568335K(1021504K), 0.0617870 secs] [Times: user=0.15 sys=0.00, real=0.07 secs] 
5016.620: [GC [PSYoungGen: 314612K->20027K(322496K)] 863822K->569237K(1021568K), 0.0652500 secs] [Times: user=0.16 sys=0.00, real=0.07 secs] 
5017.012: [GC [PSYoungGen: 315515K->22175K(323008K)] 864725K->571533K(1022080K), 0.0710680 secs] [Times: user=0.15 sys=0.00, real=0.07 secs] 
5017.410: [GC [PSYoungGen: 318303K->23705K(322624K)] 867661K->573151K(1021696K), 0.0797290 secs] [Times: user=0.16 sys=0.00, real=0.08 secs] 
5017.930: [GC [PSYoungGen: 319833K->20183K(322944K)] 869279K->569748K(1022016K), 0.0811640 secs] [Times: user=0.15 sys=0.00, real=0.08 secs] 
5018.342: [GC [PSYoungGen: 316375K->24559K(320768K)] 865940K->574205K(1019840K), 0.0737060 secs] [Times: user=0.18 sys=0.00, real=0.08 secs] 
5018.737: [GC [PSYoungGen: 320751K->24884K(321280K)] 870397K->574610K(1020352K), 0.0673270 secs] [Times: user=0.17 sys=0.00, real=0.07 secs] 
5019.175: [GC [PSYoungGen: 319092K->26891K(321152K)] 868818K->576712K(1020224K), 0.0774690 secs] [Times: user=0.17 sys=0.00, real=0.07 secs] 
5019.641: [GC [PSYoungGen: 321099K->22976K(321280K)] 870920K->572893K(1020352K), 0.0612430 secs] [Times: user=0.19 sys=0.01, real=0.06 secs] 
5020.049: [GC [PSYoungGen: 315904K->22101K(321152K)] 865821K->572018K(1020224K), 0.0866440 secs] [Times: user=0.17 sys=0.00, real=0.09 secs] 
5020.449: [GC [PSYoungGen: 315029K->23827K(321792K)] 864946K->573832K(1020864K), 0.0716990 secs] [Times: user=0.16 sys=0.00, real=0.07 secs] 
5020.796: [GC [PSYoungGen: 317779K->19821K(321664K)] 867784K->569922K(1020736K), 0.0589920 secs] [Times: user=0.14 sys=0.00, real=0.06 secs] 
5021.181: [GC [PSYoungGen: 313773K->26940K(319552K)] 863874K->577130K(1018624K), 0.0784500 secs] [Times: user=0.18 sys=0.00, real=0.08 secs] 
5021.600: [GC [PSYoungGen: 318716K->26529K(318336K)] 868906K->576822K(1017408K), 0.0752050 secs] [Times: user=0.19 sys=0.01, real=0.08 secs] 
5021.949: [GC [PSYoungGen: 318305K->27134K(318400K)] 868598K->577515K(1017472K), 0.0729010 secs] [Times: user=0.17 sys=0.01, real=0.07 secs] 
5022.478: [GC [PSYoungGen: 315966K->22604K(319168K)] 866347K->573082K(1018240K), 0.0734130 secs] [Times: user=0.17 sys=0.00, real=0.07 secs] 
5022.873: [GC [PSYoungGen: 311436K->22229K(320000K)] 861914K->572786K(1019072K), 0.0713860 secs] [Times: user=0.16 sys=0.00, real=0.08 secs] 
5023.305: [GC [PSYoungGen: 312341K->26108K(319616K)] 862898K->576785K(1018688K), 0.0712920 secs] [Times: user=0.17 sys=0.00, real=0.07 secs] 
5023.708: [GC [PSYoungGen: 316220K->21709K(319872K)] 866897K->572499K(1018944K), 0.0631480 secs] [Times: user=0.17 sys=0.00, real=0.06 secs] 
5024.085: [GC [PSYoungGen: 311683K->23040K(319616K)] 862472K->573893K(1018688K), 0.0705210 secs] [Times: user=0.17 sys=0.01, real=0.07 secs] 
5024.508: [GC [PSYoungGen: 313024K->27998K(318208K)] 863877K->578947K(1017280K), 0.0778000 secs] [Times: user=0.18 sys=0.01, real=0.08 secs] 
5024.879: [GC [PSYoungGen: 317086K->23431K(319296K)] 868035K->574469K(1018368K), 0.0517370 secs] [Times: user=0.16 sys=0.00, real=0.05 secs] 
5025.344: [GC [PSYoungGen: 312519K->19933K(319680K)] 863557K->571042K(1018752K), 0.0959950 secs] [Times: user=0.24 sys=0.01, real=0.10 secs] 
5025.782: [GC [PSYoungGen: 309901K->24459K(319744K)] 861011K->575665K(1018816K), 0.0928650 secs] [Times: user=0.18 sys=0.00, real=0.10 secs] 
5026.231: [GC [PSYoungGen: 314443K->23103K(320512K)] 865649K->574397K(1019584K), 0.0776790 secs] [Times: user=0.17 sys=0.00, real=0.08 secs] 
5026.697: [GC [PSYoungGen: 314111K->20774K(320000K)] 865405K->572155K(1019072K), 0.0754030 secs] [Times: user=0.15 sys=0.01, real=0.07 secs] 
5027.043: [GC [PSYoungGen: 311782K->25168K(320320K)] 863163K->576630K(1019392K), 0.0791110 secs] [Times: user=0.21 sys=0.00, real=0.08 secs] 
5027.457: [GC [PSYoungGen: 316560K->24305K(320448K)] 868022K->575859K(1019520K), 0.0732200 secs] [Times: user=0.16 sys=0.00, real=0.07 secs] 
5027.933: [GC [PSYoungGen: 315690K->25294K(320448K)] 867244K->576920K(1019520K), 0.0904630 secs] [Times: user=0.18 sys=0.01, real=0.09 secs] 
5028.339: [GC [PSYoungGen: 316942K->22432K(320576K)] 868568K->574146K(1019648K), 0.0724320 secs] [Times: user=0.18 sys=0.00, real=0.07 secs] 
5028.756: [GC [PSYoungGen: 314080K->22755K(321216K)] 865794K->574557K(1020288K), 0.0754410 secs] [Times: user=0.16 sys=0.00, real=0.07 secs] 
5029.176: [GC [PSYoungGen: 315299K->23224K(320832K)] 867101K->575106K(1019904K), 0.0693840 secs] [Times: user=0.16 sys=0.00, real=0.07 secs] 
5029.716: [GC [PSYoungGen: 315768K->24794K(321536K)] 867650K->576756K(1020608K), 0.0753660 secs] [Times: user=0.18 sys=0.00, real=0.07 secs] 
5030.069: [GC [PSYoungGen: 318490K->20905K(314624K)] 870452K->572947K(1013696K), 0.0698010 secs] [Times: user=0.17 sys=0.00, real=0.07 secs] 
5030.510: [GC [PSYoungGen: 314601K->26363K(320256K)] 866643K->578508K(1019328K), 0.0899820 secs] [Times: user=0.19 sys=0.00, real=0.09 secs] 
5030.912: [GC [PSYoungGen: 318651K->20446K(312768K)] 870796K->572672K(1011840K), 0.0725350 secs] [Times: user=0.18 sys=0.00, real=0.07 secs] 
5031.345: [GC [PSYoungGen: 312734K->22771K(321280K)] 864960K->575085K(1020352K), 0.0834310 secs] [Times: user=0.15 sys=0.00, real=0.09 secs] 
5031.830: [GC [PSYoungGen: 315379K->22913K(320832K)] 867693K->575307K(1019904K), 0.0896500 secs] [Times: user=0.16 sys=0.01, real=0.09 secs] 
5032.248: [GC [PSYoungGen: 315521K->19791K(321472K)] 867915K->572273K(1020544K), 0.0614880 secs] [Times: user=0.16 sys=0.00, real=0.06 secs] 
5032.724: [GC [PSYoungGen: 313487K->21280K(321600K)] 865969K->573874K(1020672K), 0.0948360 secs] [Times: user=0.16 sys=0.00, real=0.10 secs] 
5033.136: [GC [PSYoungGen: 314976K->22611K(322304K)] 867570K->575301K(1021376K), 0.0647260 secs] [Times: user=0.15 sys=0.00, real=0.07 secs] 
5033.539: [GC [PSYoungGen: 317203K->26121K(320768K)] 869893K->578891K(1019840K), 0.0743390 secs] [Times: user=0.18 sys=0.01, real=0.07 secs] 
5034.048: [GC [PSYoungGen: 320713K->28031K(318272K)] 873483K->581404K(1017344K), 0.0870790 secs] [Times: user=0.18 sys=0.01, real=0.08 secs] 
5034.423: [GC [PSYoungGen: 318271K->22422K(319872K)] 871644K->575946K(1018944K), 0.0687620 secs] [Times: user=0.18 sys=0.00, real=0.07 secs] 
5034.817: [GC [PSYoungGen: 312662K->27581K(318400K)] 866186K->581194K(1017472K), 0.0889040 secs] [Times: user=0.20 sys=0.00, real=0.09 secs] 
5035.280: [GC [PSYoungGen: 316784K->18982K(308224K)] 870396K->572691K(1007296K), 0.0794120 secs] [Times: user=0.17 sys=0.01, real=0.08 secs] 
5035.699: [GC [PSYoungGen: 308198K->23510K(319808K)] 861907K->577314K(1018880K), 0.0631020 secs] [Times: user=0.16 sys=0.00, real=0.06 secs] 
5036.182: [GC [PSYoungGen: 312982K->26578K(319168K)] 866786K->580462K(1018240K), 0.0904760 secs] [Times: user=0.19 sys=0.00, real=0.09 secs] 
5036.622: [GC [PSYoungGen: 316050K->24343K(319680K)] 869934K->578348K(1018752K), 0.0784650 secs] [Times: user=0.17 sys=0.00, real=0.08 secs] 
5037.096: [GC [PSYoungGen: 313751K->22764K(319232K)] 867756K->576881K(1018304K), 0.0649430 secs] [Times: user=0.16 sys=0.00, real=0.07 secs] 
5037.639: [GC [PSYoungGen: 312172K->26936K(318848K)] 866289K->581221K(1017920K), 0.0879140 secs] [Times: user=0.19 sys=0.00, real=0.08 secs] 
5038.083: [GC [PSYoungGen: 316408K->21792K(319488K)] 870693K->576173K(1018560K), 0.0848780 secs] [Times: user=0.15 sys=0.00, real=0.09 secs] 
5038.549: [GC [PSYoungGen: 311264K->25294K(319744K)] 865645K->579787K(1018816K), 0.0764310 secs] [Times: user=0.18 sys=0.00, real=0.07 secs] 
5039.011: [GC [PSYoungGen: 315214K->19153K(309120K)] 869707K->573750K(1008192K), 0.0860430 secs] [Times: user=0.15 sys=0.00, real=0.09 secs] 
5039.451: [GC [PSYoungGen: 309073K->17497K(318720K)] 863670K->572174K(1017792K), 0.0488540 secs] [Times: user=0.14 sys=0.01, real=0.05 secs] 
5039.840: [GC [PSYoungGen: 306201K->19046K(319104K)] 860878K->573723K(1018176K), 0.1021370 secs] [Times: user=0.15 sys=0.00, real=0.10 secs] 
5040.239: [GC [PSYoungGen: 307748K->21762K(319872K)] 862425K->576527K(1018944K), 0.0653530 secs] [Times: user=0.17 sys=0.00, real=0.06 secs] 
5040.638: [GC [PSYoungGen: 311362K->25777K(319232K)] 866127K->580630K(1018304K), 0.0784860 secs] [Times: user=0.20 sys=0.00, real=0.07 secs] 
5041.113: [GC [PSYoungGen: 315377K->22584K(320064K)] 870230K->577551K(1019136K), 0.0867000 secs] [Times: user=0.16 sys=0.00, real=0.09 secs] 
5041.605: [GC [PSYoungGen: 312504K->18828K(319360K)] 867471K->573883K(1018432K), 0.0631360 secs] [Times: user=0.14 sys=0.01, real=0.07 secs] 
5042.056: [GC [PSYoungGen: 308748K->24025K(320128K)] 863803K->579187K(1019200K), 0.0913420 secs] [Times: user=0.19 sys=0.00, real=0.10 secs] 
5042.462: [GC [PSYoungGen: 314713K->24688K(315392K)] 869875K->579931K(1014464K), 0.0722430 secs] [Times: user=0.17 sys=0.00, real=0.07 secs] 
5042.872: [GC [PSYoungGen: 315376K->21969K(320576K)] 870619K->577340K(1019648K), 0.0836530 secs] [Times: user=0.16 sys=0.00, real=0.08 secs] 
5043.302: [GC [PSYoungGen: 313041K->24565K(320000K)] 868412K->580032K(1019072K), 0.0875550 secs] [Times: user=0.17 sys=0.00, real=0.09 secs] 
5043.716: [GC [PSYoungGen: 315637K->22979K(321024K)] 871104K->578526K(1020096K), 0.0806940 secs] [Times: user=0.16 sys=0.00, real=0.08 secs] 
5044.117: [GC [PSYoungGen: 315011K->28469K(320512K)] 870558K->584319K(1019584K), 0.0962950 secs] [Times: user=0.20 sys=0.01, real=0.10 secs] 
5044.584: [GC [PSYoungGen: 320501K->17597K(317696K)] 876351K->573608K(1016768K), 0.0871840 secs] [Times: user=0.16 sys=0.00, real=0.09 secs] 
5045.014: [GC [PSYoungGen: 306301K->22111K(319104K)] 862312K->578201K(1018176K), 0.0738700 secs] [Times: user=0.15 sys=0.01, real=0.07 secs] 
5045.447: [GC [PSYoungGen: 310815K->26208K(318656K)] 866905K->582418K(1017728K), 0.2562390 secs] [Times: user=0.28 sys=0.01, real=0.26 secs] 
5046.164: [GC [PSYoungGen: 315040K->24116K(319168K)] 871250K->580518K(1018240K), 0.1060230 secs] [Times: user=0.21 sys=0.01, real=0.11 secs] 
5046.627: [GC [PSYoungGen: 312948K->21592K(319872K)] 869350K->578250K(1018944K), 0.1101180 secs] [Times: user=0.15 sys=0.00, real=0.11 secs] 
5047.007: [GC [PSYoungGen: 311448K->22440K(319488K)] 868106K->579330K(1018560K), 0.0724240 secs] [Times: user=0.18 sys=0.00, real=0.08 secs] 
5047.432: [GC [PSYoungGen: 312296K->21254K(320768K)] 869186K->578313K(1019840K), 0.0870420 secs] [Times: user=0.15 sys=0.00, real=0.09 secs] 
5047.796: [GC [PSYoungGen: 312966K->23555K(320448K)] 870025K->580958K(1019520K), 0.0714660 secs] [Times: user=0.18 sys=0.00, real=0.08 secs] 
5048.208: [GC [PSYoungGen: 315267K->21137K(321344K)] 872670K->580700K(1020416K), 0.0605510 secs] [Times: user=0.16 sys=0.00, real=0.06 secs] 
5048.640: [GC [PSYoungGen: 314065K->20442K(321088K)] 873628K->586184K(1020160K), 0.0815320 secs] [Times: user=0.18 sys=0.00, real=0.08 secs] 
5049.039: [GC [PSYoungGen: 313370K->14333K(319808K)] 879112K->587579K(1018880K), 0.0810060 secs] [Times: user=0.20 sys=0.00, real=0.08 secs] 
5049.522: [GC [PSYoungGen: 306109K->17272K(309056K)] 879355K->593964K(1008128K), 0.0973230 secs] [Times: user=0.18 sys=0.02, real=0.10 secs] 
5049.903: [GC [PSYoungGen: 309048K->23237K(320640K)] 885740K->605625K(1019712K), 0.0755540 secs] [Times: user=0.18 sys=0.00, real=0.07 secs] 
5050.413: [GC [PSYoungGen: 314949K->16041K(307776K)] 897337K->608651K(1006848K), 0.0718760 secs] [Times: user=0.19 sys=0.00, real=0.07 secs] 
5050.900: [GC [PSYoungGen: 307753K->18829K(320896K)] 900363K->616777K(1019968K), 0.1163440 secs] [Times: user=0.17 sys=0.01, real=0.11 secs] 
5051.349: [GC [PSYoungGen: 310669K->14147K(320448K)] 908617K->617926K(1019520K), 0.0770040 secs] [Times: user=0.18 sys=0.01, real=0.07 secs] 
5051.811: [GC [PSYoungGen: 305987K->17195K(320960K)] 909766K->626218K(1020032K), 0.1050730 secs] [Times: user=0.25 sys=0.01, real=0.10 secs] 
5052.335: [GC [PSYoungGen: 309227K->17854K(320576K)] 918250K->634656K(1019648K), 0.0997400 secs] [Times: user=0.19 sys=0.00, real=0.10 secs] 
5052.788: [GC [PSYoungGen: 309886K->19322K(322304K)] 926688K->641965K(1021376K), 0.0754890 secs] [Times: user=0.21 sys=0.01, real=0.08 secs] 
5053.224: [GC [PSYoungGen: 313653K->16071K(321536K)] 936296K->644258K(1020608K), 0.0628470 secs] [Times: user=0.14 sys=0.01, real=0.06 secs] 
5053.568: [GC [PSYoungGen: 310407K->23505K(320832K)] 938594K->655426K(1019904K), 0.0795890 secs] [Times: user=0.17 sys=0.00, real=0.08 secs] 
5054.053: [GC [PSYoungGen: 317329K->17988K(321664K)] 949250K->659204K(1020736K), 0.0901010 secs] [Times: user=0.19 sys=0.00, real=0.09 secs] 
5054.408: [GC [PSYoungGen: 311812K->21653K(322112K)] 953028K->668576K(1021184K), 0.0556400 secs] [Times: user=0.17 sys=0.00, real=0.06 secs] 
5054.820: [GC [PSYoungGen: 316501K->18737K(322176K)] 963424K->673918K(1021248K), 0.0880120 secs] [Times: user=0.22 sys=0.00, real=0.08 secs] 
5055.231: [GC [PSYoungGen: 313585K->18283K(323264K)] 968766K->678746K(1022336K), 0.0848430 secs] [Times: user=0.18 sys=0.00, real=0.08 secs] 
5055.619: [GC [PSYoungGen: 314859K->22180K(322816K)] 975322K->686793K(1021888K), 0.0740010 secs] [Times: user=0.18 sys=0.00, real=0.08 secs] 
5056.140: [GC [PSYoungGen: 318756K->18811K(323456K)] 983369K->689424K(1022528K), 0.1015950 secs] [Times: user=0.16 sys=0.00, real=0.10 secs] 
5056.503: [GC [PSYoungGen: 315707K->22455K(322944K)] 986320K->698239K(1022016K), 0.0841770 secs] [Times: user=0.18 sys=0.00, real=0.08 secs] 
5056.873: [GC [PSYoungGen: 319351K->20383K(323520K)] 995135K->705103K(1022592K), 0.0843360 secs] [Times: user=0.22 sys=0.00, real=0.08 secs] 
5057.307: [GC [PSYoungGen: 317471K->19056K(323072K)] 1002191K->709861K(1022144K), 0.0888430 secs] [Times: user=0.16 sys=0.01, real=0.09 secs] 
5057.396: [Full GC [PSYoungGen: 19056K->0K(323072K)] [PSOldGen: 690805K->520866K(699072K)] 709861K->520866K(1022144K) [PSPermGen: 91667K->91667K(262144K)], 2.8446020 secs] [Times: user=2.77 sys=0.07, real=2.85 secs] 
5060.532: [GC [PSYoungGen: 297088K->17394K(324096K)] 817954K->538261K(1023168K), 0.0798740 secs] [Times: user=0.14 sys=0.01, real=0.08 secs] 
5060.973: [GC [PSYoungGen: 315954K->22984K(321600K)] 836821K->552306K(1020672K), 0.0767690 secs] [Times: user=0.18 sys=0.00, real=0.07 secs] 
5061.401: [GC [PSYoungGen: 321538K->21243K(323584K)] 850860K->564228K(1022656K), 0.0815160 secs] [Times: user=0.22 sys=0.00, real=0.08 secs] 
5061.862: [GC [PSYoungGen: 318779K->16350K(323456K)] 861764K->565011K(1022528K), 0.0612170 secs] [Times: user=0.17 sys=0.00, real=0.06 secs] 
5062.315: [GC [PSYoungGen: 313886K->17613K(323776K)] 862547K->569801K(1022848K), 0.0694300 secs] [Times: user=0.18 sys=0.00, real=0.07 secs] 
5062.712: [GC [PSYoungGen: 315405K->19195K(323520K)] 867593K->577172K(1022592K), 0.1031530 secs] [Times: user=0.17 sys=0.00, real=0.10 secs] 
5063.170: [GC [PSYoungGen: 316987K->18678K(324800K)] 874964K->584520K(1023872K), 0.0605000 secs] [Times: user=0.18 sys=0.00, real=0.06 secs] 
5063.635: [GC [PSYoungGen: 318326K->19304K(324352K)] 884168K->590899K(1023424K), 0.0657970 secs] [Times: user=0.17 sys=0.00, real=0.06 secs] 
5064.053: [GC [PSYoungGen: 318952K->13487K(324288K)] 890547K->592266K(1023360K), 0.0642640 secs] [Times: user=0.16 sys=0.00, real=0.06 secs] 
5064.470: [GC [PSYoungGen: 313583K->20500K(320640K)] 892362K->603370K(1019712K), 0.0638210 secs] [Times: user=0.16 sys=0.00, real=0.07 secs] 
5064.900: [GC [PSYoungGen: 320596K->19497K(325120K)] 903466K->606391K(1024192K), 0.0657940 secs] [Times: user=0.17 sys=0.00, real=0.07 secs] 
5065.312: [GC [PSYoungGen: 319849K->17536K(324736K)] 906743K->612014K(1023808K), 0.0795260 secs] [Times: user=0.18 sys=0.00, real=0.08 secs] 
5065.804: [GC [PSYoungGen: 317888K->18775K(325888K)] 912366K->620488K(1024960K), 0.0930690 secs] [Times: user=0.18 sys=0.00, real=0.09 secs] 
5066.269: [GC [PSYoungGen: 320535K->19915K(325376K)] 922248K->627626K(1024448K), 0.0714940 secs] [Times: user=0.17 sys=0.00, real=0.07 secs] 
5066.720: [GC [PSYoungGen: 321675K->17170K(326144K)] 929386K->633976K(1025216K), 0.0567690 secs] [Times: user=0.17 sys=0.00, real=0.06 secs] 
5067.083: [GC [PSYoungGen: 319762K->20681K(323328K)] 936568K->644207K(1022400K), 0.0959610 secs] [Times: user=0.18 sys=0.01, real=0.09 secs] 
5067.503: [GC [PSYoungGen: 323265K->19645K(326080K)] 946791K->650471K(1025152K), 0.0822110 secs] [Times: user=0.19 sys=0.01, real=0.08 secs] 
5067.939: [GC [PSYoungGen: 322109K->20710K(325888K)] 952935K->657635K(1024960K), 0.0583950 secs] [Times: user=0.17 sys=0.00, real=0.06 secs] 
5068.341: [GC [PSYoungGen: 323174K->23611K(318208K)] 960099K->667810K(1017280K), 0.0796280 secs] [Times: user=0.20 sys=0.00, real=0.07 secs] 
5068.757: [GC [PSYoungGen: 318203K->15025K(309632K)] 962402K->668426K(1008704K), 0.0729510 secs] [Times: user=0.19 sys=0.00, real=0.07 secs] 
5069.238: [GC [PSYoungGen: 309617K->18983K(322432K)] 963018K->678098K(1021504K), 0.1004620 secs] [Times: user=0.17 sys=0.00, real=0.10 secs] 
5069.614: [GC [PSYoungGen: 313767K->14589K(321856K)] 972882K->678343K(1020928K), 0.0619630 secs] [Times: user=0.16 sys=0.00, real=0.06 secs] 
5070.002: [GC [PSYoungGen: 309373K->17266K(322752K)] 973127K->686387K(1021824K), 0.0665910 secs] [Times: user=0.16 sys=0.00, real=0.06 secs] 
5070.453: [GC [PSYoungGen: 312818K->19975K(322304K)] 981939K->694864K(1021376K), 0.0683440 secs] [Times: user=0.17 sys=0.00, real=0.06 secs] 
5070.875: [GC [PSYoungGen: 315527K->19300K(323840K)] 990416K->703060K(1022912K), 0.0928660 secs] [Times: user=0.19 sys=0.01, real=0.09 secs] 
5071.443: [GC [PSYoungGen: 316834K->16056K(323200K)] 1000594K->705421K(1022272K), 0.0788430 secs] [Times: user=0.19 sys=0.00, real=0.07 secs] 
5071.522: [Full GC [PSYoungGen: 16056K->0K(323200K)] [PSOldGen: 689365K->491442K(699072K)] 705421K->491442K(1022272K) [PSPermGen: 91681K->91517K(262144K)], 2.8142030 secs] [Times: user=2.80 sys=0.00, real=2.82 secs] 
5074.669: [GC [PSYoungGen: 297536K->23467K(321920K)] 788978K->514910K(1020992K), 0.0606710 secs] [Times: user=0.15 sys=0.00, real=0.06 secs] 
5075.068: [GC [PSYoungGen: 319851K->26557K(322944K)] 811294K->523975K(1022016K), 0.1561750 secs] [Times: user=0.20 sys=0.01, real=0.16 secs] 
5075.518: [GC [PSYoungGen: 322941K->22311K(315264K)] 820359K->535407K(1014336K), 0.1201160 secs] [Times: user=0.23 sys=0.02, real=0.12 secs] 
5075.972: [GC [PSYoungGen: 311015K->20324K(319104K)] 824111K->542925K(1018176K), 0.0712870 secs] [Times: user=0.20 sys=0.01, real=0.07 secs] 
5076.469: [GC [PSYoungGen: 309028K->12769K(319104K)] 831629K->540392K(1018176K), 0.0722410 secs] [Times: user=0.14 sys=0.01, real=0.07 secs] 
5076.899: [GC [PSYoungGen: 302369K->19466K(319552K)] 829992K->550034K(1018624K), 0.0588710 secs] [Times: user=0.17 sys=0.00, real=0.06 secs] 
5077.315: [GC [PSYoungGen: 309054K->15764K(320640K)] 839622K->555686K(1019712K), 0.0574300 secs] [Times: user=0.16 sys=0.00, real=0.05 secs] 
5077.682: [GC [PSYoungGen: 307348K->19946K(320448K)] 847270K->567254K(1019520K), 0.1041220 secs] [Times: user=0.20 sys=0.00, real=0.11 secs] 
5078.097: [GC [PSYoungGen: 311530K->19864K(322176K)] 858838K->575604K(1021248K), 0.0743020 secs] [Times: user=0.18 sys=0.00, real=0.07 secs] 
5078.537: [GC [PSYoungGen: 313944K->17286K(321408K)] 869684K->582754K(1020480K), 0.0728610 secs] [Times: user=0.19 sys=0.00, real=0.07 secs] 
5078.971: [GC [PSYoungGen: 311366K->17005K(322880K)] 876834K->589636K(1021952K), 0.0703710 secs] [Times: user=0.16 sys=0.00, real=0.07 secs] 
5079.377: [GC [PSYoungGen: 312941K->19917K(322560K)] 885572K->598510K(1021632K), 0.0860410 secs] [Times: user=0.18 sys=0.01, real=0.09 secs] 
5079.786: [GC [PSYoungGen: 315853K->22929K(321920K)] 894446K->608032K(1020992K), 0.0830580 secs] [Times: user=0.21 sys=0.01, real=0.08 secs] 
5080.221: [GC [PSYoungGen: 318673K->12386K(308160K)] 903776K->604066K(1007232K), 0.0639610 secs] [Times: user=0.16 sys=0.01, real=0.07 secs] 
5080.621: [GC [PSYoungGen: 308130K->21512K(321920K)] 899810K->616381K(1020992K), 0.0983010 secs] [Times: user=0.19 sys=0.01, real=0.10 secs] 
5081.075: [GC [PSYoungGen: 316104K->20758K(322048K)] 910973K->625046K(1021120K), 0.0830690 secs] [Times: user=0.19 sys=0.00, real=0.08 secs] 
5081.589: [GC [PSYoungGen: 315350K->13809K(321984K)] 919638K->625497K(1021056K), 0.0743910 secs] [Times: user=0.16 sys=0.00, real=0.08 secs] 
5081.998: [GC [PSYoungGen: 308529K->22266K(316992K)] 920217K->636918K(1016064K), 0.0549420 secs] [Times: user=0.16 sys=0.00, real=0.05 secs] 
5082.347: [GC [PSYoungGen: 316986K->16261K(322048K)] 931638K->638332K(1021120K), 0.0587350 secs] [Times: user=0.17 sys=0.00, real=0.06 secs] 
5082.766: [GC [PSYoungGen: 310469K->19854K(321664K)] 932540K->647776K(1020736K), 0.0856650 secs] [Times: user=0.18 sys=0.00, real=0.08 secs] 
5083.137: [GC [PSYoungGen: 314062K->20187K(322880K)] 941984K->654509K(1021952K), 0.0857560 secs] [Times: user=0.17 sys=0.00, real=0.08 secs] 
5083.615: [GC [PSYoungGen: 316059K->15196K(322496K)] 950381K->654928K(1021568K), 0.0658250 secs] [Times: user=0.15 sys=0.00, real=0.06 secs] 
5083.993: [GC [PSYoungGen: 311068K->21331K(322560K)] 950800K->667941K(1021632K), 0.0685160 secs] [Times: user=0.17 sys=0.00, real=0.07 secs] 
5084.423: [GC [PSYoungGen: 317319K->14520K(322752K)] 963929K->669588K(1021824K), 0.0527070 secs] [Times: user=0.17 sys=0.00, real=0.06 secs] 
5084.795: [GC [PSYoungGen: 310520K->17859K(323520K)] 965588K->676715K(1022592K), 0.0655370 secs] [Times: user=0.17 sys=0.00, real=0.06 secs] 
5085.238: [GC [PSYoungGen: 314690K->17376K(322816K)] 973546K->684926K(1021888K), 0.0865950 secs] [Times: user=0.17 sys=0.00, real=0.09 secs] 
5085.646: [GC [PSYoungGen: 314208K->18747K(324608K)] 981758K->693814K(1023680K), 0.0712050 secs] [Times: user=0.18 sys=0.01, real=0.07 secs] 
5086.068: [GC [PSYoungGen: 317947K->19977K(324096K)] 993014K->701486K(1023168K), 0.0776710 secs] [Times: user=0.19 sys=0.00, real=0.08 secs] 
5086.538: [GC [PSYoungGen: 319177K->21172K(324032K)] 1000686K->709203K(1023104K), 0.0880400 secs] [Times: user=0.18 sys=0.00, real=0.09 secs] 
5086.935: [GC [PSYoungGen: 320372K->20497K(324352K)] 1008403K->715769K(1023424K), 0.0640250 secs] [Times: user=0.17 sys=0.00, real=0.06 secs] 
5086.999: [Full GC [PSYoungGen: 20497K->0K(324352K)] [PSOldGen: 695272K->533921K(699072K)] 715769K->533921K(1023424K) [PSPermGen: 91630K->91630K(262144K)], 2.8478620 secs] [Times: user=2.82 sys=0.03, real=2.85 secs] 
5090.316: [GC [PSYoungGen: 299200K->20207K(324480K)] 833121K->554128K(1023552K), 0.0796900 secs] [Times: user=0.14 sys=0.00, real=0.08 secs] 
5090.716: [GC [PSYoungGen: 319535K->24994K(324352K)] 853456K->566121K(1023424K), 0.0676100 secs] [Times: user=0.19 sys=0.00, real=0.06 secs] 
5091.169: [GC [PSYoungGen: 324322K->18626K(317312K)] 865449K->571447K(1016384K), 0.0802640 secs] [Times: user=0.20 sys=0.00, real=0.08 secs] 
5091.575: [GC [PSYoungGen: 310786K->21065K(320832K)] 863607K->580420K(1019904K), 0.0723710 secs] [Times: user=0.18 sys=0.00, real=0.08 secs] 
5092.048: [GC [PSYoungGen: 313225K->19554K(321984K)] 872580K->586667K(1021056K), 0.0901020 secs] [Times: user=0.17 sys=0.00, real=0.09 secs] 
5092.502: [GC [PSYoungGen: 313378K->15590K(321344K)] 880491K->589862K(1020416K), 0.0832690 secs] [Times: user=0.18 sys=0.00, real=0.08 secs] 
5092.907: [GC [PSYoungGen: 309414K->19204K(322624K)] 883686K->598161K(1021696K), 0.0869360 secs] [Times: user=0.17 sys=0.00, real=0.08 secs] 
5093.420: [GC [PSYoungGen: 314244K->21508K(321920K)] 893201K->607125K(1020992K), 0.0914590 secs] [Times: user=0.20 sys=0.00, real=0.09 secs] 
5093.848: [GC [PSYoungGen: 316548K->18668K(323136K)] 902165K->614406K(1022208K), 0.0827520 secs] [Times: user=0.18 sys=0.01, real=0.08 secs] 
5094.210: [GC [PSYoungGen: 314988K->20730K(322688K)] 910726K->622476K(1021760K), 0.0681690 secs] [Times: user=0.16 sys=0.00, real=0.07 secs] 
5094.630: [GC [PSYoungGen: 317050K->15053K(323072K)] 918796K->622809K(1022144K), 0.0984140 secs] [Times: user=0.16 sys=0.00, real=0.10 secs] 
5095.024: [GC [PSYoungGen: 312077K->23367K(320448K)] 919833K->635989K(1019520K), 0.0807540 secs] [Times: user=0.19 sys=0.00, real=0.08 secs] 
5095.562: [GC [PSYoungGen: 320391K->18703K(323008K)] 933013K->640366K(1022080K), 0.0739910 secs] [Times: user=0.18 sys=0.00, real=0.08 secs] 
5096.035: [GC [PSYoungGen: 314639K->15494K(322432K)] 936302K->642533K(1021504K), 0.0739920 secs] [Times: user=0.16 sys=0.00, real=0.08 secs] 
5096.484: [GC [PSYoungGen: 311430K->20091K(323392K)] 938469K->652276K(1022464K), 0.0706340 secs] [Times: user=0.17 sys=0.00, real=0.07 secs] 
5096.890: [GC [PSYoungGen: 316923K->19355K(322944K)] 949108K->661457K(1022016K), 0.0724770 secs] [Times: user=0.18 sys=0.01, real=0.07 secs] 
5097.256: [GC [PSYoungGen: 316187K->15702K(324032K)] 958289K->663444K(1023104K), 0.0629270 secs] [Times: user=0.15 sys=0.00, real=0.06 secs] 
5097.655: [GC [PSYoungGen: 314262K->20820K(324032K)] 962004K->673541K(1023104K), 0.0717420 secs] [Times: user=0.18 sys=0.00, real=0.08 secs] 
5098.046: [GC [PSYoungGen: 319380K->18561K(324544K)] 972101K->680777K(1023616K), 0.0770380 secs] [Times: user=0.20 sys=0.00, real=0.07 secs] 
5098.588: [GC [PSYoungGen: 317633K->18580K(324032K)] 979849K->688122K(1023104K), 0.1101760 secs] [Times: user=0.20 sys=0.01, real=0.11 secs] 
5099.003: [GC [PSYoungGen: 317652K->21370K(324416K)] 987194K->696338K(1023488K), 0.0842280 secs] [Times: user=0.19 sys=0.00, real=0.09 secs] 
5099.501: [GC [PSYoungGen: 321338K->18753K(324736K)] 996306K->701320K(1023808K), 0.0820030 secs] [Times: user=0.18 sys=0.01, real=0.08 secs] 
5100.022: [GC [PSYoungGen: 318721K->17234K(325312K)] 1001288K->704595K(1024384K), 0.0650000 secs] [Times: user=0.16 sys=0.00, real=0.07 secs] 
5100.420: [GC [PSYoungGen: 318226K->20214K(325184K)] 1005587K->712448K(1024256K), 0.0757180 secs] [Times: user=0.17 sys=0.00, real=0.07 secs] 
5100.496: [Full GC [PSYoungGen: 20214K->0K(325184K)] [PSOldGen: 692233K->529958K(699072K)] 712448K->529958K(1024256K) [PSPermGen: 91649K->91649K(262144K)], 2.7590790 secs] [Times: user=2.75 sys=0.01, real=2.76 secs] 
5103.572: [GC [PSYoungGen: 300992K->22063K(324224K)] 830950K->552022K(1023296K), 0.0658600 secs] [Times: user=0.16 sys=0.00, real=0.07 secs] 
5103.966: [GC [PSYoungGen: 322159K->24675K(324800K)] 852118K->558526K(1023872K), 0.0782940 secs] [Times: user=0.20 sys=0.00, real=0.08 secs] 
5104.395: [GC [PSYoungGen: 324771K->18173K(319808K)] 858622K->561611K(1018880K), 0.0699160 secs] [Times: user=0.18 sys=0.00, real=0.07 secs] 
5104.818: [GC [PSYoungGen: 313277K->24388K(319552K)] 856715K->567826K(1018624K), 0.0784850 secs] [Times: user=0.20 sys=0.00, real=0.07 secs] 
5105.211: [GC [PSYoungGen: 319492K->18486K(321856K)] 862930K->565834K(1020928K), 0.0627850 secs] [Times: user=0.17 sys=0.00, real=0.06 secs] 
5105.576: [GC [PSYoungGen: 312246K->20885K(321408K)] 859594K->569955K(1020480K), 0.0774720 secs] [Times: user=0.17 sys=0.01, real=0.08 secs] 
5106.033: [GC [PSYoungGen: 314645K->21465K(322624K)] 863715K->571724K(1021696K), 0.0921320 secs] [Times: user=0.17 sys=0.00, real=0.09 secs] 
5106.439: [GC [PSYoungGen: 316953K->24545K(320064K)] 867212K->576472K(1019136K), 0.0929120 secs] [Times: user=0.17 sys=0.00, real=0.09 secs] 
5106.882: [GC [PSYoungGen: 320033K->24276K(320640K)] 871960K->578404K(1019712K), 0.0527800 secs] [Times: user=0.18 sys=0.01, real=0.05 secs] 
5107.352: [GC [PSYoungGen: 317204K->21149K(321216K)] 871332K->576775K(1020288K), 0.0691620 secs] [Times: user=0.16 sys=0.00, real=0.07 secs] 
5107.759: [GC [PSYoungGen: 314077K->24576K(320640K)] 869703K->581664K(1019712K), 0.0842670 secs] [Times: user=0.17 sys=0.01, real=0.08 secs] 
5108.156: [GC [PSYoungGen: 317632K->22866K(321280K)] 874720K->580465K(1020352K), 0.0645390 secs] [Times: user=0.16 sys=0.00, real=0.07 secs] 
5108.558: [GC [PSYoungGen: 315922K->20965K(321984K)] 873521K->579488K(1021056K), 0.0967660 secs] [Times: user=0.20 sys=0.00, real=0.09 secs] 
5109.083: [GC [PSYoungGen: 314917K->19545K(321472K)] 873440K->580173K(1020544K), 0.0571980 secs] [Times: user=0.17 sys=0.00, real=0.06 secs] 
5109.452: [GC [PSYoungGen: 313497K->25491K(320320K)] 874125K->587183K(1019392K), 0.0810810 secs] [Times: user=0.18 sys=0.02, real=0.08 secs] 
5109.881: [GC [PSYoungGen: 318547K->21421K(321280K)] 880239K->585398K(1020352K), 0.0683300 secs] [Times: user=0.17 sys=0.00, real=0.07 secs] 
5110.304: [GC [PSYoungGen: 314477K->19863K(322112K)] 878454K->586313K(1021184K), 0.0704030 secs] [Times: user=0.16 sys=0.00, real=0.07 secs] 
5110.754: [GC [PSYoungGen: 314327K->16656K(321856K)] 880777K->585315K(1020928K), 0.0621890 secs] [Times: user=0.14 sys=0.00, real=0.06 secs] 
5111.152: [GC [PSYoungGen: 311120K->25054K(320192K)] 879779K->594931K(1019264K), 0.0763540 secs] [Times: user=0.18 sys=0.00, real=0.08 secs] 
5111.600: [GC [PSYoungGen: 317598K->20984K(321024K)] 887475K->591523K(1020096K), 0.0770320 secs] [Times: user=0.15 sys=0.00, real=0.07 secs] 
5112.027: [GC [PSYoungGen: 313528K->17528K(321536K)] 884067K->589377K(1020608K), 0.0890900 secs] [Times: user=0.14 sys=0.01, real=0.09 secs] 
5112.437: [GC [PSYoungGen: 311224K->24611K(318336K)] 883073K->597692K(1017408K), 0.0820450 secs] [Times: user=0.20 sys=0.02, real=0.09 secs] 
5112.954: [GC [PSYoungGen: 318307K->26048K(319040K)] 891388K->600282K(1018112K), 0.0793190 secs] [Times: user=0.19 sys=0.00, real=0.08 secs] 
5113.311: [GC [PSYoungGen: 316544K->18811K(320000K)] 890778K->595329K(1019072K), 0.0712140 secs] [Times: user=0.16 sys=0.00, real=0.07 secs] 
5113.721: [GC [PSYoungGen: 309307K->26459K(318144K)] 885825K->603749K(1017216K), 0.0944690 secs] [Times: user=0.18 sys=0.00, real=0.09 secs] 
5114.153: [GC [PSYoungGen: 315291K->20334K(319168K)] 892581K->597817K(1018240K), 0.1013730 secs] [Times: user=0.15 sys=0.00, real=0.10 secs] 
5114.628: [GC [PSYoungGen: 309166K->18252K(319872K)] 886649K->600436K(1018944K), 0.0685890 secs] [Times: user=0.17 sys=0.00, real=0.06 secs] 
5115.062: [GC [PSYoungGen: 308300K->17554K(319680K)] 890484K->605989K(1018752K), 0.0712370 secs] [Times: user=0.17 sys=0.00, real=0.07 secs] 
5115.476: [GC [PSYoungGen: 307601K->14907K(319616K)] 896036K->610293K(1018688K), 0.0671380 secs] [Times: user=0.16 sys=0.00, real=0.07 secs] 
5115.902: [GC [PSYoungGen: 305019K->21857K(319808K)] 900405K->623913K(1018880K), 0.0769720 secs] [Times: user=0.18 sys=0.00, real=0.08 secs] 
5116.358: [GC [PSYoungGen: 311969K->15949K(320256K)] 914025K->626807K(1019328K), 0.1622950 secs] [Times: user=0.18 sys=0.00, real=0.17 secs] 
5116.962: [GC [PSYoungGen: 306893K->20027K(320192K)] 917751K->634041K(1019264K), 0.0658230 secs] [Times: user=0.16 sys=0.00, real=0.06 secs] 
5117.356: [GC [PSYoungGen: 310971K->20000K(321920K)] 924985K->645507K(1020992K), 0.0867610 secs] [Times: user=0.21 sys=0.01, real=0.09 secs] 
5117.794: [GC [PSYoungGen: 313568K->17567K(321152K)] 939075K->649611K(1020224K), 0.0635780 secs] [Times: user=0.17 sys=0.00, real=0.06 secs] 
5118.256: [GC [PSYoungGen: 311135K->20973K(322560K)] 943179K->662441K(1021632K), 0.0737950 secs] [Times: user=0.19 sys=0.00, real=0.08 secs] 
5118.651: [GC [PSYoungGen: 316269K->18015K(322240K)] 957737K->667268K(1021312K), 0.1184900 secs] [Times: user=0.25 sys=0.02, real=0.12 secs] 
5119.104: [GC [PSYoungGen: 313311K->18623K(323392K)] 962564K->671582K(1022464K), 0.0889820 secs] [Times: user=0.16 sys=0.00, real=0.09 secs] 
5119.524: [GC [PSYoungGen: 315455K->19727K(322944K)] 968414K->677812K(1022016K), 0.0617170 secs] [Times: user=0.17 sys=0.01, real=0.06 secs] 
5120.059: [GC [PSYoungGen: 316559K->17250K(324160K)] 974644K->680571K(1023232K), 0.0725940 secs] [Times: user=0.15 sys=0.00, real=0.07 secs] 
5120.540: [GC [PSYoungGen: 315938K->21116K(324032K)] 979259K->688835K(1023104K), 0.0833940 secs] [Times: user=0.17 sys=0.00, real=0.08 secs] 
5120.939: [GC [PSYoungGen: 319804K->21443K(323904K)] 987523K->698132K(1022976K), 0.0934940 secs] [Times: user=0.19 sys=0.01, real=0.09 secs] 
5121.369: [GC [PSYoungGen: 320003K->18276K(324032K)] 996692K->703795K(1023104K), 0.0691980 secs] [Times: user=0.17 sys=0.00, real=0.06 secs] 
5121.794: [GC [PSYoungGen: 316836K->17086K(324480K)] 1002355K->706888K(1023552K), 0.0629630 secs] [Times: user=0.16 sys=0.00, real=0.06 secs] 
5121.857: [Full GC [PSYoungGen: 17086K->0K(324480K)] [PSOldGen: 689801K->529447K(699072K)] 706888K->529447K(1023552K) [PSPermGen: 91663K->91663K(262144K)], 2.7171780 secs] [Times: user=2.70 sys=0.02, real=2.72 secs] 
5125.052: [GC [PSYoungGen: 299328K->22806K(322176K)] 828775K->552254K(1021248K), 0.0890150 secs] [Times: user=0.15 sys=0.00, real=0.09 secs] 
5125.451: [GC [PSYoungGen: 322134K->25707K(317888K)] 851582K->558724K(1016960K), 0.0818960 secs] [Times: user=0.18 sys=0.00, real=0.08 secs] 
5125.858: [GC [PSYoungGen: 317867K->12927K(305088K)] 850884K->557380K(1004160K), 0.0741400 secs] [Times: user=0.18 sys=0.00, real=0.08 secs] 
5126.250: [GC [PSYoungGen: 305087K->16805K(320704K)] 849540K->564976K(1019776K), 0.0513760 secs] [Times: user=0.15 sys=0.00, real=0.06 secs] 
5126.727: [GC [PSYoungGen: 308325K->19331K(320320K)] 856496K->573497K(1019392K), 0.0898600 secs] [Times: user=0.20 sys=0.01, real=0.09 secs] 
5127.160: [GC [PSYoungGen: 310851K->19583K(322432K)] 865017K->582906K(1021504K), 0.0990170 secs] [Times: user=0.17 sys=0.00, real=0.09 secs] 
5127.548: [GC [PSYoungGen: 314111K->17789K(321600K)] 877434K->587065K(1020672K), 0.0698300 secs] [Times: user=0.17 sys=0.01, real=0.07 secs] 
5127.968: [GC [PSYoungGen: 312317K->18209K(323392K)] 881593K->593951K(1022464K), 0.0706220 secs] [Times: user=0.18 sys=0.00, real=0.07 secs] 
5128.329: [GC [PSYoungGen: 314977K->20312K(322880K)] 890719K->602530K(1021952K), 0.0667490 secs] [Times: user=0.18 sys=0.00, real=0.07 secs] 
5128.757: [GC [PSYoungGen: 317080K->21331K(323520K)] 899298K->611986K(1022592K), 0.0784630 secs] [Times: user=0.20 sys=0.00, real=0.08 secs] 
5129.153: [GC [PSYoungGen: 318995K->20299K(323584K)] 909650K->616119K(1022656K), 0.0722460 secs] [Times: user=0.17 sys=0.00, real=0.07 secs] 
5129.546: [GC [PSYoungGen: 317963K->18765K(324416K)] 913783K->622562K(1023488K), 0.0869740 secs] [Times: user=0.18 sys=0.01, real=0.09 secs] 
5130.021: [GC [PSYoungGen: 317645K->18287K(323968K)] 921442K->628067K(1023040K), 0.0780780 secs] [Times: user=0.16 sys=0.00, real=0.07 secs] 
5130.485: [GC [PSYoungGen: 317167K->22760K(323328K)] 926947K->638200K(1022400K), 0.0869210 secs] [Times: user=0.19 sys=0.00, real=0.09 secs] 
5130.935: [GC [PSYoungGen: 321320K->16279K(324032K)] 936760K->637592K(1023104K), 0.0679850 secs] [Times: user=0.17 sys=0.00, real=0.07 secs] 
5131.347: [GC [PSYoungGen: 314839K->18927K(324544K)] 936152K->647158K(1023616K), 0.0714460 secs] [Times: user=0.17 sys=0.00, real=0.07 secs] 
5131.704: [GC [PSYoungGen: 317999K->20416K(324032K)] 946230K->656184K(1023104K), 0.0880780 secs] [Times: user=0.17 sys=0.00, real=0.09 secs] 
5132.180: [GC [PSYoungGen: 319488K->16169K(324672K)] 955256K->657886K(1023744K), 0.0679840 secs] [Times: user=0.16 sys=0.01, real=0.07 secs] 
5132.556: [GC [PSYoungGen: 316009K->20558K(324672K)] 957726K->666421K(1023744K), 0.0867680 secs] [Times: user=0.19 sys=0.01, real=0.09 secs] 
5132.924: [GC [PSYoungGen: 320398K->21884K(323840K)] 966261K->676439K(1022912K), 0.0619510 secs] [Times: user=0.19 sys=0.00, real=0.06 secs] 
5133.386: [GC [PSYoungGen: 320956K->18844K(324288K)] 975511K->682798K(1023360K), 0.1041160 secs] [Times: user=0.17 sys=0.00, real=0.10 secs] 
5133.783: [GC [PSYoungGen: 317916K->17060K(324864K)] 981870K->685058K(1023936K), 0.0661330 secs] [Times: user=0.15 sys=0.00, real=0.06 secs] 
5134.202: [GC [PSYoungGen: 317156K->15649K(324736K)] 985154K->689554K(1023808K), 0.0893670 secs] [Times: user=0.15 sys=0.00, real=0.09 secs] 
5134.660: [GC [PSYoungGen: 315745K->18024K(325248K)] 989650K->700159K(1024320K), 0.1018540 secs] [Times: user=0.20 sys=0.00, real=0.11 secs] 
5135.122: [GC [PSYoungGen: 318568K->17589K(324800K)] 1000703K->705457K(1023872K), 0.0942920 secs] [Times: user=0.17 sys=0.00, real=0.09 secs] 
5135.600: [GC [PSYoungGen: 318133K->18584K(326080K)] 1006001K->711804K(1025152K), 0.0716800 secs] [Times: user=0.16 sys=0.00, real=0.08 secs] 
5135.672: [Full GC [PSYoungGen: 18584K->0K(326080K)] [PSOldGen: 693219K->496481K(699072K)] 711804K->496481K(1025152K) [PSPermGen: 91676K->91616K(262144K)], 2.9517040 secs] [Times: user=2.88 sys=0.06, real=2.95 secs] 
5138.985: [GC [PSYoungGen: 302144K->23419K(325568K)] 798625K->520227K(1024640K), 0.0716670 secs] [Times: user=0.17 sys=0.01, real=0.07 secs] 
5139.400: [GC [PSYoungGen: 325563K->20398K(324032K)] 822371K->529365K(1023104K), 0.0970390 secs] [Times: user=0.19 sys=0.00, real=0.10 secs] 
5139.884: [GC [PSYoungGen: 320494K->21299K(321408K)] 829461K->536629K(1020480K), 0.0656000 secs] [Times: user=0.18 sys=0.00, real=0.06 secs] 
5140.375: [GC [PSYoungGen: 321395K->21201K(324416K)] 836725K->542914K(1023488K), 0.0734600 secs] [Times: user=0.18 sys=0.01, real=0.07 secs] 
5140.816: [GC [PSYoungGen: 320657K->24997K(324480K)] 842370K->550090K(1023552K), 0.1065160 secs] [Times: user=0.21 sys=0.01, real=0.11 secs] 
5141.255: [GC [PSYoungGen: 324453K->14466K(318464K)] 849546K->546918K(1017536K), 0.0653880 secs] [Times: user=0.17 sys=0.00, real=0.06 secs] 
5141.650: [GC [PSYoungGen: 307906K->20017K(321472K)] 840358K->557615K(1020544K), 0.0529480 secs] [Times: user=0.17 sys=0.00, real=0.06 secs] 
5142.074: [GC [PSYoungGen: 313457K->15884K(322304K)] 851055K->560044K(1021376K), 0.0946120 secs] [Times: user=0.17 sys=0.00, real=0.09 secs] 
5142.555: [GC [PSYoungGen: 310924K->15654K(322240K)] 855084K->565440K(1021312K), 0.0576200 secs] [Times: user=0.16 sys=0.01, real=0.05 secs] 
5142.960: [GC [PSYoungGen: 310694K->22691K(321344K)] 860480K->577822K(1020416K), 0.1051020 secs] [Times: user=0.20 sys=0.00, real=0.11 secs] 
5143.464: [GC [PSYoungGen: 316893K->14995K(321856K)] 872025K->576987K(1020928K), 0.1160480 secs] [Times: user=0.15 sys=0.00, real=0.11 secs] 
5144.023: [GC [PSYoungGen: 309203K->18024K(322624K)] 871195K->583182K(1021696K), 0.0868570 secs] [Times: user=0.16 sys=0.00, real=0.09 secs] 
5144.425: [GC [PSYoungGen: 313064K->18285K(321920K)] 878222K->590842K(1020992K), 0.0766000 secs] [Times: user=0.16 sys=0.00, real=0.07 secs] 
5144.856: [GC [PSYoungGen: 313325K->19066K(323968K)] 885882K->599746K(1023040K), 0.0830480 secs] [Times: user=0.20 sys=0.01, real=0.08 secs] 
5145.314: [GC [PSYoungGen: 316794K->21475K(323264K)] 897474K->609924K(1022336K), 0.0910690 secs] [Times: user=0.18 sys=0.01, real=0.09 secs] 
5145.768: [GC [PSYoungGen: 319203K->15400K(323648K)] 907652K->613000K(1022720K), 0.0602470 secs] [Times: user=0.16 sys=0.00, real=0.06 secs] 
5146.153: [GC [PSYoungGen: 313192K->18993K(323648K)] 910792K->620491K(1022720K), 0.0724300 secs] [Times: user=0.17 sys=0.00, real=0.08 secs] 
5146.603: [GC [PSYoungGen: 316785K->19593K(324672K)] 918283K->630579K(1023744K), 0.0837240 secs] [Times: user=0.19 sys=0.01, real=0.08 secs] 
5147.007: [GC [PSYoungGen: 319049K->22032K(321536K)] 930035K->639744K(1020608K), 0.0789640 secs] [Times: user=0.18 sys=0.00, real=0.08 secs] 
5147.447: [GC [PSYoungGen: 321488K->14776K(323840K)] 939200K->640029K(1022912K), 0.0851090 secs] [Times: user=0.16 sys=0.01, real=0.08 secs] 
5147.857: [GC [PSYoungGen: 313208K->20840K(319296K)] 938461K->649560K(1018368K), 0.0652950 secs] [Times: user=0.17 sys=0.00, real=0.06 secs] 
5148.332: [GC [PSYoungGen: 319272K->22356K(322688K)] 947992K->660028K(1021760K), 0.0837320 secs] [Times: user=0.20 sys=0.00, real=0.09 secs] 
5148.758: [GC [PSYoungGen: 319380K->16885K(323264K)] 957052K->662521K(1022336K), 0.0589030 secs] [Times: user=0.17 sys=0.00, real=0.06 secs] 
5149.109: [GC [PSYoungGen: 313909K->18412K(324096K)] 959545K->667587K(1023168K), 0.0586010 secs] [Times: user=0.16 sys=0.00, real=0.06 secs] 
5149.555: [GC [PSYoungGen: 316524K->16045K(323520K)] 965699K->673896K(1022592K), 0.0820800 secs] [Times: user=0.18 sys=0.00, real=0.08 secs] 
5150.099: [GC [PSYoungGen: 314157K->18850K(324864K)] 972008K->682986K(1023936K), 0.0737290 secs] [Times: user=0.16 sys=0.00, real=0.07 secs] 
5150.566: [GC [PSYoungGen: 318434K->20649K(324224K)] 982570K->690123K(1023296K), 0.1077110 secs] [Times: user=0.23 sys=0.01, real=0.10 secs] 
5150.990: [GC [PSYoungGen: 320233K->23123K(322816K)] 989707K->700806K(1021888K), 0.0816180 secs] [Times: user=0.19 sys=0.00, real=0.08 secs] 
5151.463: [GC [PSYoungGen: 321171K->17148K(323776K)] 998854K->702051K(1022848K), 0.0693000 secs] [Times: user=0.18 sys=0.00, real=0.07 secs] 
5151.874: [GC [PSYoungGen: 315196K->20425K(324160K)] 1000099K->708886K(1023232K), 0.0786560 secs] [Times: user=0.18 sys=0.00, real=0.08 secs] 
5151.952: [Full GC [PSYoungGen: 20425K->0K(324160K)] [PSOldGen: 688460K->536896K(699072K)] 708886K->536896K(1023232K) [PSPermGen: 91629K->91629K(262144K)], 2.9461290 secs] [Times: user=2.92 sys=0.03, real=2.95 secs] 
5155.226: [GC [PSYoungGen: 298688K->22148K(320896K)] 835584K->559045K(1019968K), 0.0997500 secs] [Times: user=0.14 sys=0.01, real=0.10 secs] 
5155.680: [GC [PSYoungGen: 320836K->25778K(319360K)] 857733K->563947K(1018432K), 0.0645590 secs] [Times: user=0.17 sys=0.00, real=0.06 secs] 
5156.169: [GC [PSYoungGen: 319346K->16411K(321536K)] 857515K->566476K(1020608K), 0.0796660 secs] [Times: user=0.19 sys=0.00, real=0.08 secs] 
5156.575: [GC [PSYoungGen: 309979K->25923K(318720K)] 860044K->575988K(1017792K), 0.0787310 secs] [Times: user=0.18 sys=0.00, real=0.08 secs] 
5157.058: [GC [PSYoungGen: 316803K->26360K(317248K)] 866868K->576425K(1016320K), 0.0799520 secs] [Times: user=0.18 sys=0.00, real=0.08 secs] 
5157.511: [GC [PSYoungGen: 317240K->21762K(319616K)] 867305K->575154K(1018688K), 0.0756240 secs] [Times: user=0.17 sys=0.01, real=0.08 secs] 
5157.909: [GC [PSYoungGen: 310786K->22779K(318912K)] 864178K->576618K(1017984K), 0.0547690 secs] [Times: user=0.17 sys=0.00, real=0.05 secs] 
5158.342: [GC [PSYoungGen: 311803K->21908K(320512K)] 865642K->575747K(1019584K), 0.1000900 secs] [Times: user=0.22 sys=0.00, real=0.10 secs] 
5158.736: [GC [PSYoungGen: 312788K->26238K(317120K)] 866627K->580281K(1016192K), 0.0755960 secs] [Times: user=0.18 sys=0.00, real=0.07 secs] 
5159.194: [GC [PSYoungGen: 317118K->25706K(318272K)] 871161K->579917K(1017344K), 0.0829010 secs] [Times: user=0.20 sys=0.00, real=0.09 secs] 
5159.681: [GC [PSYoungGen: 313898K->17237K(318848K)] 868109K->571642K(1017920K), 0.0593890 secs] [Times: user=0.15 sys=0.00, real=0.06 secs] 
5160.115: [GC [PSYoungGen: 305429K->20766K(319552K)] 859834K->575346K(1018624K), 0.0663930 secs] [Times: user=0.15 sys=0.00, real=0.07 secs] 
5160.581: [GC [PSYoungGen: 309662K->27610K(316544K)] 864242K->582402K(1015616K), 0.0948420 secs] [Times: user=0.18 sys=0.00, real=0.10 secs] 
5161.007: [GC [PSYoungGen: 316506K->21019K(318848K)] 871298K->576020K(1017920K), 0.0715500 secs] [Times: user=0.16 sys=0.00, real=0.07 secs] 
5161.533: [GC [PSYoungGen: 308507K->21239K(318144K)] 863508K->576427K(1017216K), 0.0577350 secs] [Times: user=0.15 sys=0.00, real=0.06 secs] 
5161.918: [GC [PSYoungGen: 308727K->26542K(317888K)] 863915K->581730K(1016960K), 0.0922970 secs] [Times: user=0.19 sys=0.01, real=0.09 secs] 
5162.340: [GC [PSYoungGen: 314478K->22422K(318720K)] 869666K->577714K(1017792K), 0.0685370 secs] [Times: user=0.18 sys=0.01, real=0.07 secs] 
5162.846: [GC [PSYoungGen: 310358K->19094K(319680K)] 865650K->574461K(1018752K), 0.0757250 secs] [Times: user=0.15 sys=0.01, real=0.08 secs] 
5163.241: [GC [PSYoungGen: 308758K->25214K(314880K)] 864125K->580791K(1013952K), 0.0797270 secs] [Times: user=0.19 sys=0.01, real=0.08 secs] 
5163.673: [GC [PSYoungGen: 314878K->19500K(319552K)] 870455K->575201K(1018624K), 0.0634130 secs] [Times: user=0.17 sys=0.01, real=0.07 secs] 
5164.074: [GC [PSYoungGen: 308844K->28469K(317824K)] 864545K->584300K(1016896K), 0.0749200 secs] [Times: user=0.19 sys=0.00, real=0.08 secs] 
5164.560: [GC [PSYoungGen: 317813K->16394K(317632K)] 873644K->572321K(1016704K), 0.0807640 secs] [Times: user=0.14 sys=0.00, real=0.08 secs] 
5165.099: [GC [PSYoungGen: 302538K->21480K(317824K)] 858465K->577567K(1016896K), 0.0703420 secs] [Times: user=0.16 sys=0.00, real=0.07 secs] 
5165.478: [GC [PSYoungGen: 307620K->19920K(319168K)] 863707K->576087K(1018240K), 0.0764140 secs] [Times: user=0.14 sys=0.00, real=0.07 secs] 
5165.964: [GC [PSYoungGen: 308240K->21148K(318656K)] 864407K->577436K(1017728K), 0.0732230 secs] [Times: user=0.16 sys=0.01, real=0.08 secs] 
5166.321: [GC [PSYoungGen: 309468K->21041K(320512K)] 865756K->577401K(1019584K), 0.0977820 secs] [Times: user=0.19 sys=0.01, real=0.10 secs] 
5166.694: [GC [PSYoungGen: 311921K->26313K(317248K)] 868281K->582785K(1016320K), 0.0727790 secs] [Times: user=0.17 sys=0.00, real=0.08 secs] 
5167.144: [GC [PSYoungGen: 317193K->26162K(318144K)] 873665K->582818K(1017216K), 0.0717590 secs] [Times: user=0.18 sys=0.00, real=0.08 secs] 
5167.593: [GC [PSYoungGen: 314354K->19645K(318848K)] 871010K->576381K(1017920K), 0.0789950 secs] [Times: user=0.15 sys=0.00, real=0.08 secs] 
5168.076: [GC [PSYoungGen: 307837K->21901K(319872K)] 864573K->578701K(1018944K), 0.0792570 secs] [Times: user=0.15 sys=0.00, real=0.07 secs] 
5168.582: [GC [PSYoungGen: 311437K->19200K(319168K)] 868237K->576121K(1018240K), 0.0639890 secs] [Times: user=0.16 sys=0.00, real=0.06 secs] 
5168.946: [GC [PSYoungGen: 308736K->22764K(320576K)] 865657K->579765K(1019648K), 0.0603870 secs] [Times: user=0.17 sys=0.00, real=0.06 secs] 
5169.461: [GC [PSYoungGen: 313964K->20664K(320128K)] 870965K->577784K(1019200K), 0.0504040 secs] [Times: user=0.16 sys=0.00, real=0.05 secs] 
5169.887: [GC [PSYoungGen: 311864K->22717K(321344K)] 868984K->579837K(1020416K), 0.0862290 secs] [Times: user=0.15 sys=0.01, real=0.09 secs] 
5170.294: [GC [PSYoungGen: 315581K->23878K(321024K)] 872701K->580999K(1020096K), 0.0556730 secs] [Times: user=0.17 sys=0.00, real=0.06 secs] 
5170.737: [GC [PSYoungGen: 316742K->27385K(318592K)] 873863K->584506K(1017664K), 0.1078110 secs] [Times: user=0.20 sys=0.00, real=0.11 secs] 
5171.127: [GC [PSYoungGen: 317753K->17530K(307904K)] 874874K->574750K(1006976K), 0.0616490 secs] [Times: user=0.14 sys=0.00, real=0.07 secs] 
5171.612: [GC [PSYoungGen: 307898K->21892K(320448K)] 865118K->579233K(1019520K), 0.0640900 secs] [Times: user=0.16 sys=0.01, real=0.06 secs] 
5171.997: [GC [PSYoungGen: 312580K->25203K(319744K)] 869921K->582635K(1018816K), 0.0745080 secs] [Times: user=0.17 sys=0.00, real=0.07 secs] 
5172.426: [GC [PSYoungGen: 315891K->22650K(320640K)] 873323K->580195K(1019712K), 0.0522840 secs] [Times: user=0.16 sys=0.00, real=0.06 secs] 
5172.808: [GC [PSYoungGen: 313786K->25790K(320000K)] 871331K->583334K(1019072K), 0.0692320 secs] [Times: user=0.18 sys=0.00, real=0.07 secs] 
5173.421: [GC [PSYoungGen: 316926K->24278K(320128K)] 874470K->581943K(1019200K), 0.0767010 secs] [Times: user=0.16 sys=0.00, real=0.08 secs] 
5173.970: [GC [PSYoungGen: 314956K->23021K(320064K)] 872621K->580686K(1019136K), 0.0605890 secs] [Times: user=0.16 sys=0.00, real=0.06 secs] 
5174.378: [GC [PSYoungGen: 313709K->26391K(319360K)] 871374K->584055K(1018432K), 0.0912360 secs] [Times: user=0.20 sys=0.00, real=0.09 secs] 
5174.822: [GC [PSYoungGen: 317015K->20819K(320064K)] 874679K->578484K(1019136K), 0.0932530 secs] [Times: user=0.17 sys=0.00, real=0.09 secs] 
5175.281: [GC [PSYoungGen: 311443K->22604K(320768K)] 869108K->580385K(1019840K), 0.0648720 secs] [Times: user=0.16 sys=0.00, real=0.06 secs] 
5175.656: [GC [PSYoungGen: 314124K->18639K(320256K)] 871905K->576500K(1019328K), 0.0644560 secs] [Times: user=0.15 sys=0.00, real=0.07 secs] 
5176.054: [GC [PSYoungGen: 310159K->23468K(320896K)] 868020K->581410K(1019968K), 0.0692220 secs] [Times: user=0.17 sys=0.00, real=0.07 secs] 
5176.441: [GC [PSYoungGen: 315500K->26760K(318848K)] 873442K->584805K(1017920K), 0.0668750 secs] [Times: user=0.19 sys=0.00, real=0.07 secs] 
5176.947: [GC [PSYoungGen: 318792K->22683K(320576K)] 876837K->580824K(1019648K), 0.0712700 secs] [Times: user=0.18 sys=0.01, real=0.08 secs] 
5177.374: [GC [PSYoungGen: 313755K->16295K(320000K)] 871896K->574508K(1019072K), 0.0579880 secs] [Times: user=0.13 sys=0.01, real=0.06 secs] 
5177.777: [GC [PSYoungGen: 307367K->22828K(320576K)] 865580K->581042K(1019648K), 0.0836910 secs] [Times: user=0.16 sys=0.00, real=0.09 secs] 
5178.204: [GC [PSYoungGen: 313900K->17344K(320000K)] 872114K->575638K(1019072K), 0.0673780 secs] [Times: user=0.15 sys=0.00, real=0.07 secs] 
5178.568: [GC [PSYoungGen: 308416K->28814K(316736K)] 866710K->587195K(1015808K), 0.0839310 secs] [Times: user=0.18 sys=0.00, real=0.08 secs] 
5179.037: [GC [PSYoungGen: 316366K->19920K(318528K)] 874747K->578405K(1017600K), 0.0831800 secs] [Times: user=0.16 sys=0.00, real=0.09 secs] 
5179.457: [GC [PSYoungGen: 307472K->21614K(319616K)] 865957K->580188K(1018688K), 0.0516190 secs] [Times: user=0.15 sys=0.00, real=0.06 secs] 
5179.849: [GC [PSYoungGen: 310638K->27318K(316352K)] 869212K->585964K(1015424K), 0.0790780 secs] [Times: user=0.19 sys=0.00, real=0.07 secs] 
5180.274: [GC [PSYoungGen: 316342K->24191K(318784K)] 874988K->582976K(1017856K), 0.0720020 secs] [Times: user=0.18 sys=0.00, real=0.07 secs] 
5180.696: [GC [PSYoungGen: 311935K->22134K(318464K)] 870720K->581015K(1017536K), 0.0733890 secs] [Times: user=0.17 sys=0.00, real=0.08 secs] 
5181.095: [GC [PSYoungGen: 309878K->22323K(320064K)] 868759K->581284K(1019136K), 0.0834890 secs] [Times: user=0.16 sys=0.00, real=0.09 secs] 
5181.570: [GC [PSYoungGen: 312307K->21100K(319424K)] 871268K->580133K(1018496K), 0.0604200 secs] [Times: user=0.17 sys=0.00, real=0.06 secs] 
5181.932: [GC [PSYoungGen: 311084K->25713K(319424K)] 870117K->584835K(1018496K), 0.0727550 secs] [Times: user=0.16 sys=0.01, real=0.07 secs] 
5182.433: [GC [PSYoungGen: 316081K->22086K(319936K)] 875203K->581295K(1019008K), 0.0659960 secs] [Times: user=0.15 sys=0.00, real=0.07 secs] 
5182.871: [GC [PSYoungGen: 312454K->21994K(320960K)] 871663K->581300K(1020032K), 0.1267060 secs] [Times: user=0.17 sys=0.00, real=0.12 secs] 
5183.309: [GC [PSYoungGen: 313898K->21572K(320448K)] 873204K->580949K(1019520K), 0.0783500 secs] [Times: user=0.16 sys=0.00, real=0.07 secs] 
5183.774: [GC [PSYoungGen: 313476K->20408K(321472K)] 872853K->579914K(1020544K), 0.0839760 secs] [Times: user=0.14 sys=0.00, real=0.08 secs] 
5184.159: [GC [PSYoungGen: 313656K->23097K(321280K)] 873162K->582674K(1020352K), 0.1349160 secs] [Times: user=0.16 sys=0.00, real=0.14 secs] 
5184.592: [GC [PSYoungGen: 316345K->17256K(321024K)] 875922K->576993K(1020096K), 0.0599380 secs] [Times: user=0.14 sys=0.00, real=0.06 secs] 
5185.003: [GC [PSYoungGen: 310568K->18914K(321408K)] 870305K->578811K(1020480K), 0.0515910 secs] [Times: user=0.14 sys=0.00, real=0.05 secs] 
5185.411: [GC [PSYoungGen: 312226K->23973K(321024K)] 872123K->583958K(1020096K), 0.0675930 secs] [Times: user=0.17 sys=0.00, real=0.06 secs] 
5185.882: [GC [PSYoungGen: 317029K->22078K(321280K)] 877014K->582176K(1020352K), 0.0886580 secs] [Times: user=0.16 sys=0.00, real=0.09 secs] 
5186.333: [GC [PSYoungGen: 315134K->24944K(320704K)] 875232K->585129K(1019776K), 0.0753510 secs] [Times: user=0.18 sys=0.00, real=0.07 secs] 
5186.687: [GC [PSYoungGen: 318000K->24766K(317824K)] 878185K->585024K(1016896K), 0.0617530 secs] [Times: user=0.16 sys=0.00, real=0.07 secs] 
5187.175: [GC [PSYoungGen: 317822K->24411K(320704K)] 878080K->584764K(1019776K), 0.0960670 secs] [Times: user=0.20 sys=0.01, real=0.10 secs] 
5187.619: [GC [PSYoungGen: 316571K->26709K(318912K)] 876924K->587150K(1017984K), 0.0880920 secs] [Times: user=0.17 sys=0.00, real=0.08 secs] 
5188.197: [GC [PSYoungGen: 318869K->26584K(318656K)] 879310K->587121K(1017728K), 0.1461800 secs] [Times: user=0.18 sys=0.00, real=0.15 secs] 
5188.713: [GC [PSYoungGen: 315672K->26135K(315264K)] 876209K->586824K(1014336K), 0.1022360 secs] [Times: user=0.18 sys=0.00, real=0.10 secs] 
5189.246: [GC [PSYoungGen: 315223K->21948K(319360K)] 875912K->582838K(1018432K), 0.0857250 secs] [Times: user=0.16 sys=0.01, real=0.09 secs] 
5189.676: [GC [PSYoungGen: 310780K->27373K(316224K)] 871670K->588343K(1015296K), 0.0738480 secs] [Times: user=0.19 sys=0.00, real=0.08 secs] 
5190.094: [GC [PSYoungGen: 316205K->22450K(319040K)] 877175K->583539K(1018112K), 0.0773970 secs] [Times: user=0.15 sys=0.01, real=0.08 secs] 
5190.486: [GC [PSYoungGen: 310578K->21230K(318592K)] 871667K->582391K(1017664K), 0.0627370 secs] [Times: user=0.16 sys=0.01, real=0.06 secs] 
5190.885: [GC [PSYoungGen: 309358K->21631K(319616K)] 870519K->582930K(1018688K), 0.0846730 secs] [Times: user=0.15 sys=0.00, real=0.08 secs] 
5191.288: [GC [PSYoungGen: 310975K->27276K(316672K)] 872274K->588663K(1015744K), 0.0793020 secs] [Times: user=0.18 sys=0.00, real=0.08 secs] 
5191.742: [GC [PSYoungGen: 316620K->24305K(319296K)] 878007K->585765K(1018368K), 0.0952820 secs] [Times: user=0.17 sys=0.00, real=0.09 secs] 
5192.162: [GC [PSYoungGen: 312881K->27222K(315840K)] 874341K->588769K(1014912K), 0.0683410 secs] [Times: user=0.17 sys=0.01, real=0.07 secs] 
5192.581: [GC [PSYoungGen: 315798K->19893K(318528K)] 877345K->581528K(1017600K), 0.0914870 secs] [Times: user=0.15 sys=0.00, real=0.09 secs] 
5193.022: [GC [PSYoungGen: 307573K->22095K(318592K)] 869208K->583826K(1017664K), 0.0622540 secs] [Times: user=0.16 sys=0.00, real=0.06 secs] 
5193.440: [GC [PSYoungGen: 309775K->23298K(319680K)] 871506K->585110K(1018752K), 0.0964510 secs] [Times: user=0.19 sys=0.02, real=0.10 secs] 
5193.877: [GC [PSYoungGen: 312514K->18195K(319040K)] 874326K->580102K(1018112K), 0.0647660 secs] [Times: user=0.16 sys=0.00, real=0.07 secs] 
5194.251: [GC [PSYoungGen: 307411K->22516K(320064K)] 869318K->584511K(1019136K), 0.0591490 secs] [Times: user=0.17 sys=0.00, real=0.06 secs] 
5194.590: [GC [PSYoungGen: 312500K->24028K(319424K)] 874495K->586104K(1018496K), 0.0748790 secs] [Times: user=0.16 sys=0.00, real=0.08 secs] 
5195.124: [GC [PSYoungGen: 314012K->23653K(320704K)] 876088K->585808K(1019776K), 0.0805970 secs] [Times: user=0.17 sys=0.01, real=0.08 secs] 
5195.482: [GC [PSYoungGen: 315173K->22658K(320320K)] 877328K->584910K(1019392K), 0.0675520 secs] [Times: user=0.16 sys=0.00, real=0.06 secs] 
5195.877: [GC [PSYoungGen: 314178K->19061K(320896K)] 876430K->581400K(1019968K), 0.0523300 secs] [Times: user=0.15 sys=0.00, real=0.05 secs] 
5196.353: [GC [PSYoungGen: 311605K->20574K(321024K)] 873944K->583010K(1020096K), 0.0852760 secs] [Times: user=0.16 sys=0.00, real=0.08 secs] 
5196.766: [GC [PSYoungGen: 313118K->21099K(321600K)] 875554K->583622K(1020672K), 0.0915360 secs] [Times: user=0.16 sys=0.01, real=0.09 secs] 
5197.235: [GC [PSYoungGen: 314411K->25110K(318464K)] 876934K->587753K(1017536K), 0.1022960 secs] [Times: user=0.21 sys=0.00, real=0.10 secs] 
5197.666: [GC [PSYoungGen: 318422K->23736K(321280K)] 881065K->586459K(1020352K), 0.1017300 secs] [Times: user=0.16 sys=0.01, real=0.10 secs] 
5198.088: [GC [PSYoungGen: 316600K->22221K(321088K)] 879323K->585104K(1020160K), 0.0808170 secs] [Times: user=0.17 sys=0.00, real=0.08 secs] 
5198.584: [GC [PSYoungGen: 315085K->22105K(322176K)] 877968K->585148K(1021248K), 0.0943370 secs] [Times: user=0.17 sys=0.01, real=0.09 secs] 
5199.034: [GC [PSYoungGen: 316505K->22968K(321728K)] 879548K->586164K(1020800K), 0.0847910 secs] [Times: user=0.16 sys=0.02, real=0.08 secs] 
5199.458: [GC [PSYoungGen: 317368K->19862K(322368K)] 880564K->583209K(1021440K), 0.0485470 secs] [Times: user=0.15 sys=0.00, real=0.05 secs] 
5199.835: [GC [PSYoungGen: 315222K->21269K(322432K)] 878569K->584704K(1021504K), 0.0733940 secs] [Times: user=0.15 sys=0.00, real=0.07 secs] 
5200.212: [GC [PSYoungGen: 316629K->20659K(322880K)] 880064K->584246K(1021952K), 0.0655440 secs] [Times: user=0.17 sys=0.00, real=0.06 secs] 
5200.691: [GC [PSYoungGen: 316787K->25515K(321664K)] 880374K->589272K(1020736K), 0.0924620 secs] [Times: user=0.17 sys=0.00, real=0.09 secs] 
5201.161: [GC [PSYoungGen: 321643K->21646K(322432K)] 885400K->585532K(1021504K), 0.0680750 secs] [Times: user=0.16 sys=0.01, real=0.07 secs] 
5201.579: [GC [PSYoungGen: 316686K->26824K(321920K)] 880572K->590830K(1020992K), 0.0834560 secs] [Times: user=0.20 sys=0.00, real=0.09 secs] 
5202.089: [GC [PSYoungGen: 321864K->24323K(320512K)] 885870K->588425K(1019584K), 0.0969250 secs] [Times: user=0.17 sys=0.01, real=0.10 secs] 
5202.475: [GC [PSYoungGen: 317251K->24967K(317952K)] 881353K->589188K(1017024K), 0.0830800 secs] [Times: user=0.17 sys=0.01, real=0.08 secs] 
5202.909: [GC [PSYoungGen: 317895K->23610K(321408K)] 882116K->587944K(1020480K), 0.0829160 secs] [Times: user=0.18 sys=0.00, real=0.09 secs] 
5203.435: [GC [PSYoungGen: 316538K->25086K(321024K)] 880872K->589555K(1020096K), 0.0715340 secs] [Times: user=0.18 sys=0.00, real=0.07 secs] 
5203.925: [GC [PSYoungGen: 318014K->21988K(321408K)] 882483K->586537K(1020480K), 0.0771300 secs] [Times: user=0.16 sys=0.00, real=0.08 secs] 
5204.385: [GC [PSYoungGen: 315044K->25252K(321152K)] 879593K->589890K(1020224K), 0.0805760 secs] [Times: user=0.18 sys=0.01, real=0.08 secs] 
5204.886: [GC [PSYoungGen: 318308K->26665K(319744K)] 882946K->591439K(1018816K), 0.0818500 secs] [Times: user=0.17 sys=0.00, real=0.08 secs] 
5205.278: [GC [PSYoungGen: 318057K->22772K(320448K)] 882831K->587722K(1019520K), 0.0646980 secs] [Times: user=0.16 sys=0.00, real=0.07 secs] 
5205.647: [GC [PSYoungGen: 314164K->23491K(321280K)] 879114K->588529K(1020352K), 0.0753380 secs] [Times: user=0.16 sys=0.00, real=0.08 secs] 
5206.127: [GC [PSYoungGen: 316099K->21461K(320832K)] 881137K->586599K(1019904K), 0.0726930 secs] [Times: user=0.18 sys=0.00, real=0.07 secs] 
5206.593: [GC [PSYoungGen: 314069K->25249K(320960K)] 879207K->590539K(1020032K), 0.1053600 secs] [Times: user=0.17 sys=0.01, real=0.10 secs] 
5206.971: [GC [PSYoungGen: 318049K->24969K(321152K)] 883339K->590355K(1020224K), 0.0710310 secs] [Times: user=0.19 sys=0.00, real=0.08 secs] 
5207.414: [GC [PSYoungGen: 317769K->22458K(321344K)] 883155K->587988K(1020416K), 0.0758260 secs] [Times: user=0.15 sys=0.00, real=0.07 secs] 
5207.854: [GC [PSYoungGen: 315450K->24910K(321152K)] 880980K->590561K(1020224K), 0.0874420 secs] [Times: user=0.19 sys=0.01, real=0.08 secs] 
5208.230: [GC [PSYoungGen: 317902K->25939K(320576K)] 883553K->591685K(1019648K), 0.0564630 secs] [Times: user=0.17 sys=0.01, real=0.06 secs] 
5208.700: [GC [PSYoungGen: 318349K->18137K(310592K)] 884096K->584060K(1009664K), 0.0702530 secs] [Times: user=0.14 sys=0.00, real=0.07 secs] 
5209.128: [GC [PSYoungGen: 310553K->28463K(317760K)] 876476K->594485K(1016832K), 0.1255440 secs] [Times: user=0.19 sys=0.01, real=0.13 secs] 
5209.638: [GC [PSYoungGen: 317167K->29703K(318464K)] 883189K->595813K(1017536K), 0.0921320 secs] [Times: user=0.24 sys=0.02, real=0.09 secs] 
5210.146: [GC [PSYoungGen: 318407K->27625K(315904K)] 884517K->593823K(1014976K), 0.1075780 secs] [Times: user=0.19 sys=0.00, real=0.11 secs] 
5210.560: [GC [PSYoungGen: 312489K->20638K(317184K)] 878687K->587061K(1016256K), 0.0490270 secs] [Times: user=0.16 sys=0.00, real=0.05 secs] 
5211.092: [GC [PSYoungGen: 305502K->21335K(317504K)] 871925K->588470K(1016576K), 0.0733870 secs] [Times: user=0.17 sys=0.00, real=0.08 secs] 
5211.548: [GC [PSYoungGen: 306583K->21414K(317248K)] 873718K->588656K(1016320K), 0.0804250 secs] [Times: user=0.17 sys=0.01, real=0.08 secs] 
5211.995: [GC [PSYoungGen: 306662K->20871K(318144K)] 873904K->588218K(1017216K), 0.0853170 secs] [Times: user=0.16 sys=0.00, real=0.08 secs] 
5212.432: [GC [PSYoungGen: 307318K->26825K(313344K)] 874665K->594284K(1012416K), 0.0792100 secs] [Times: user=0.20 sys=0.00, real=0.08 secs] 
5212.824: [GC [PSYoungGen: 313289K->22325K(318208K)] 880748K->590056K(1017280K), 0.1403120 secs] [Times: user=0.30 sys=0.01, real=0.14 secs] 
5213.376: [GC [PSYoungGen: 308725K->25755K(317696K)] 876456K->594347K(1016768K), 0.1048530 secs] [Times: user=0.17 sys=0.00, real=0.10 secs] 
5213.863: [GC [PSYoungGen: 312155K->17030K(317312K)] 880747K->586510K(1016384K), 0.0615430 secs] [Times: user=0.15 sys=0.01, real=0.06 secs] 
5214.248: [GC [PSYoungGen: 303046K->20370K(317760K)] 872526K->590338K(1016832K), 0.0848870 secs] [Times: user=0.17 sys=0.00, real=0.08 secs] 
5214.690: [GC [PSYoungGen: 306386K->16160K(317504K)] 876354K->587940K(1016576K), 0.0844120 secs] [Times: user=0.14 sys=0.00, real=0.09 secs] 
5215.170: [GC [PSYoungGen: 302304K->16602K(317824K)] 874084K->594282K(1016896K), 0.0802930 secs] [Times: user=0.16 sys=0.00, real=0.08 secs] 
5215.575: [GC [PSYoungGen: 302746K->20013K(318528K)] 880426K->602831K(1017600K), 0.0795610 secs] [Times: user=0.19 sys=0.00, real=0.08 secs] 
5215.976: [GC [PSYoungGen: 306861K->19560K(317824K)] 889679K->611516K(1016896K), 0.0914960 secs] [Times: user=0.24 sys=0.00, real=0.09 secs] 
5216.437: [GC [PSYoungGen: 306408K->15796K(319104K)] 898364K->614674K(1018176K), 0.0771990 secs] [Times: user=0.18 sys=0.00, real=0.08 secs] 
5216.873: [GC [PSYoungGen: 304500K->16205K(319104K)] 903378K->621018K(1018176K), 0.1034500 secs] [Times: user=0.19 sys=0.00, real=0.11 secs] 
5217.309: [GC [PSYoungGen: 304909K->18748K(320000K)] 909722K->630221K(1019072K), 0.0696480 secs] [Times: user=0.18 sys=0.00, real=0.07 secs] 
5217.846: [GC [PSYoungGen: 308540K->19338K(319296K)] 920013K->636382K(1018368K), 0.0768730 secs] [Times: user=0.19 sys=0.00, real=0.07 secs] 
5218.225: [GC [PSYoungGen: 309130K->19949K(321664K)] 926174K->642359K(1020736K), 0.1032710 secs] [Times: user=0.19 sys=0.00, real=0.10 secs] 
5218.678: [GC [PSYoungGen: 312877K->20036K(320768K)] 935287K->650096K(1019840K), 0.0663120 secs] [Times: user=0.19 sys=0.00, real=0.07 secs] 
5219.166: [GC [PSYoungGen: 312964K->19805K(323072K)] 943024K->657908K(1022144K), 0.1101760 secs] [Times: user=0.22 sys=0.00, real=0.11 secs] 
5219.620: [GC [PSYoungGen: 315805K->20848K(322432K)] 953908K->665002K(1021504K), 0.0793270 secs] [Times: user=0.19 sys=0.00, real=0.08 secs] 
5220.081: [GC [PSYoungGen: 316848K->15752K(323136K)] 961002K->667741K(1022208K), 0.0855120 secs] [Times: user=0.18 sys=0.00, real=0.09 secs] 
5220.525: [GC [PSYoungGen: 312776K->21391K(323264K)] 964765K->678986K(1022336K), 0.0857220 secs] [Times: user=0.20 sys=0.01, real=0.08 secs] 
5220.915: [GC [PSYoungGen: 318415K->17529K(323520K)] 976010K->681847K(1022592K), 0.0753160 secs] [Times: user=0.17 sys=0.00, real=0.08 secs] 
5221.437: [GC [PSYoungGen: 314809K->18814K(323264K)] 979127K->688795K(1022336K), 0.1352620 secs] [Times: user=0.18 sys=0.00, real=0.13 secs] 
5221.888: [GC [PSYoungGen: 316094K->21163K(324032K)] 986075K->696035K(1023104K), 0.0807110 secs] [Times: user=0.17 sys=0.00, real=0.08 secs] 
5222.261: [GC [PSYoungGen: 319723K->19032K(324032K)] 994595K->699439K(1023104K), 0.0780900 secs] [Times: user=0.18 sys=0.00, real=0.08 secs] 
5222.664: [GC [PSYoungGen: 317592K->23685K(322560K)] 997999K->713717K(1021632K), 0.1111200 secs] [Times: user=0.22 sys=0.01, real=0.12 secs] 
5222.776: [Full GC [PSYoungGen: 23685K->0K(322560K)] [PSOldGen: 690032K->540310K(699072K)] 713717K->540310K(1021632K) [PSPermGen: 91651K->91651K(262144K)], 3.0774440 secs] [Times: user=3.05 sys=0.02, real=3.07 secs] 
5226.222: [GC [PSYoungGen: 297536K->20020K(323520K)] 837846K->560331K(1022592K), 0.0695680 secs] [Times: user=0.14 sys=0.00, real=0.07 secs] 
5226.666: [GC [PSYoungGen: 317556K->15230K(323584K)] 857867K->560973K(1022656K), 0.0909120 secs] [Times: user=0.17 sys=0.00, real=0.09 secs] 
5227.122: [GC [PSYoungGen: 313406K->19365K(323840K)] 859149K->570814K(1022912K), 0.1123790 secs] [Times: user=0.16 sys=0.01, real=0.11 secs] 
5227.581: [GC [PSYoungGen: 317541K->17688K(324608K)] 868990K->576507K(1023680K), 0.0795710 secs] [Times: user=0.17 sys=0.00, real=0.08 secs] 
5227.981: [GC [PSYoungGen: 317208K->16957K(324416K)] 876027K->582483K(1023488K), 0.0872660 secs] [Times: user=0.21 sys=0.00, real=0.09 secs] 
5228.433: [GC [PSYoungGen: 316477K->18987K(325312K)] 882003K->591638K(1024384K), 0.0717840 secs] [Times: user=0.18 sys=0.00, real=0.07 secs] 
5228.906: [GC [PSYoungGen: 319595K->22431K(323072K)] 892246K->600531K(1022144K), 0.0767490 secs] [Times: user=0.19 sys=0.00, real=0.07 secs] 
5229.403: [GC [PSYoungGen: 323039K->16542K(324608K)] 901139K->605845K(1023680K), 0.0912090 secs] [Times: user=0.17 sys=0.00, real=0.09 secs] 
5229.862: [GC [PSYoungGen: 316254K->19363K(324608K)] 905557K->615034K(1023680K), 0.1138570 secs] [Times: user=0.23 sys=0.00, real=0.11 secs] 
5230.383: [GC [PSYoungGen: 319075K->21172K(324736K)] 914746K->623806K(1023808K), 0.1144750 secs] [Times: user=0.20 sys=0.01, real=0.12 secs] 
5230.822: [GC [PSYoungGen: 321524K->20018K(324928K)] 924158K->631826K(1024000K), 0.1157930 secs] [Times: user=0.19 sys=0.00, real=0.12 secs] 
5231.336: [GC [PSYoungGen: 320370K->16501K(325184K)] 932178K->634636K(1024256K), 0.0763290 secs] [Times: user=0.18 sys=0.00, real=0.08 secs] 
5231.738: [GC [PSYoungGen: 317365K->20246K(325184K)] 935500K->645782K(1024256K), 0.1082050 secs] [Times: user=0.20 sys=0.00, real=0.10 secs] 
5232.131: [GC [PSYoungGen: 321110K->21038K(324992K)] 946646K->654343K(1024064K), 0.0715120 secs] [Times: user=0.19 sys=0.00, real=0.07 secs] 
5232.623: [GC [PSYoungGen: 321774K->19636K(325120K)] 955079K->658981K(1024192K), 0.0752270 secs] [Times: user=0.17 sys=0.01, real=0.08 secs] 
5233.016: [GC [PSYoungGen: 320372K->20899K(325376K)] 959717K->665928K(1024448K), 0.0701600 secs] [Times: user=0.18 sys=0.01, real=0.07 secs] 
5233.483: [GC [PSYoungGen: 322275K->19661K(325440K)] 967304K->669957K(1024512K), 0.0942090 secs] [Times: user=0.20 sys=0.01, real=0.10 secs] 
5233.990: [GC [PSYoungGen: 321037K->17180K(325760K)] 971333K->673985K(1024832K), 0.1043300 secs] [Times: user=0.20 sys=0.00, real=0.10 secs] 
5234.394: [GC [PSYoungGen: 319324K->18517K(325824K)] 976129K->682043K(1024896K), 0.0803770 secs] [Times: user=0.17 sys=0.00, real=0.08 secs] 
5234.817: [GC [PSYoungGen: 320661K->18126K(326336K)] 984187K->689365K(1025408K), 0.0705440 secs] [Times: user=0.16 sys=0.00, real=0.07 secs] 
5235.319: [GC [PSYoungGen: 321102K->17486K(326144K)] 992341K->694822K(1025216K), 0.0786450 secs] [Times: user=0.19 sys=0.00, real=0.08 secs] 
5235.806: [GC [PSYoungGen: 320462K->21793K(325184K)] 997798K->706246K(1024256K), 0.0750990 secs] [Times: user=0.20 sys=0.00, real=0.08 secs] 
5236.276: [GC [PSYoungGen: 323937K->19482K(325824K)] 1008390K->711793K(1024896K), 0.0851030 secs] [Times: user=0.20 sys=0.00, real=0.09 secs] 
5236.361: [Full GC [PSYoungGen: 19482K->0K(325824K)] [PSOldGen: 692311K->537989K(699072K)] 711793K->537989K(1024896K) [PSPermGen: 91659K->91659K(262144K)], 3.0015580 secs] [Times: user=2.98 sys=0.03, real=3.00 secs] 
5239.731: [GC [PSYoungGen: 302144K->23276K(323648K)] 840133K->561669K(1022720K), 0.0734160 secs] [Times: user=0.16 sys=0.00, real=0.07 secs] 
5240.171: [GC [PSYoungGen: 323628K->18276K(324928K)] 862021K->566792K(1024000K), 0.0602300 secs] [Times: user=0.19 sys=0.00, real=0.06 secs] 
5240.626: [GC [PSYoungGen: 318628K->24319K(321856K)] 867144K->573951K(1020928K), 0.0668950 secs] [Times: user=0.17 sys=0.00, real=0.07 secs] 
5241.022: [GC [PSYoungGen: 321855K->23776K(321344K)] 871487K->582050K(1020416K), 0.0682010 secs] [Times: user=0.19 sys=0.01, real=0.07 secs] 
5241.464: [GC [PSYoungGen: 321295K->20158K(323328K)] 879569K->578432K(1022400K), 0.0878850 secs] [Times: user=0.19 sys=0.01, real=0.09 secs] 
5241.908: [GC [PSYoungGen: 316734K->19902K(322752K)] 875008K->584554K(1021824K), 0.1121130 secs] [Times: user=0.19 sys=0.00, real=0.12 secs] 
5242.296: [GC [PSYoungGen: 316478K->23035K(322880K)] 881130K->588976K(1021952K), 0.0843770 secs] [Times: user=0.17 sys=0.00, real=0.09 secs] 
5242.752: [GC [PSYoungGen: 320187K->19449K(323328K)] 886128K->590886K(1022400K), 0.0766670 secs] [Times: user=0.17 sys=0.01, real=0.08 secs] 
5243.146: [GC [PSYoungGen: 316601K->16661K(323392K)] 888038K->595844K(1022464K), 0.0700970 secs] [Times: user=0.16 sys=0.00, real=0.07 secs] 
5243.589: [GC [PSYoungGen: 314197K->19674K(323520K)] 893380K->604215K(1022592K), 0.0744480 secs] [Times: user=0.18 sys=0.00, real=0.07 secs] 
5244.101: [GC [PSYoungGen: 317210K->21197K(324160K)] 901751K->612534K(1023232K), 0.1114670 secs] [Times: user=0.18 sys=0.00, real=0.11 secs] 
5244.732: [GC [PSYoungGen: 319885K->18096K(324032K)] 911222K->614572K(1023104K), 0.0994460 secs] [Times: user=0.16 sys=0.00, real=0.10 secs] 
5245.202: [GC [PSYoungGen: 316784K->22136K(323776K)] 913260K->623675K(1022848K), 0.0880720 secs] [Times: user=0.18 sys=0.00, real=0.09 secs] 
5245.639: [GC [PSYoungGen: 320696K->19746K(324032K)] 922235K->628199K(1023104K), 0.1135540 secs] [Times: user=0.21 sys=0.01, real=0.11 secs] 
5246.147: [GC [PSYoungGen: 318306K->23184K(323200K)] 926759K->636305K(1022272K), 0.0831960 secs] [Times: user=0.18 sys=0.00, real=0.09 secs] 
5246.578: [GC [PSYoungGen: 321360K->19012K(323840K)] 934481K->641758K(1022912K), 0.0685570 secs] [Times: user=0.18 sys=0.00, real=0.07 secs] 
5246.994: [GC [PSYoungGen: 317188K->23097K(323072K)] 939934K->649438K(1022144K), 0.0969350 secs] [Times: user=0.18 sys=0.00, real=0.10 secs] 
5247.429: [GC [PSYoungGen: 320761K->19380K(323584K)] 947102K->653304K(1022656K), 0.0767990 secs] [Times: user=0.19 sys=0.01, real=0.08 secs] 
5247.849: [GC [PSYoungGen: 317044K->18457K(324096K)] 950968K->658397K(1023168K), 0.1069420 secs] [Times: user=0.17 sys=0.00, real=0.11 secs] 
5248.278: [GC [PSYoungGen: 316953K->25405K(323904K)] 956893K->673233K(1022976K), 0.0858410 secs] [Times: user=0.22 sys=0.01, real=0.09 secs] 
5248.700: [GC [PSYoungGen: 323901K->19512K(316608K)] 971729K->675543K(1015680K), 0.0881960 secs] [Times: user=0.19 sys=0.01, real=0.08 secs] 
5249.147: [GC [PSYoungGen: 310520K->18440K(320256K)] 966551K->678562K(1019328K), 0.0771450 secs] [Times: user=0.15 sys=0.01, real=0.08 secs] 
5249.615: [GC [PSYoungGen: 309448K->18640K(320896K)] 969570K->684325K(1019968K), 0.0969890 secs] [Times: user=0.17 sys=0.00, real=0.10 secs] 
5250.169: [GC [PSYoungGen: 310544K->20496K(320512K)] 976229K->693131K(1019584K), 0.0867680 secs] [Times: user=0.20 sys=0.00, real=0.09 secs] 
5250.582: [GC [PSYoungGen: 312400K->17497K(321728K)] 985035K->696646K(1020800K), 0.0796180 secs] [Times: user=0.17 sys=0.01, real=0.08 secs] 
5251.029: [GC [PSYoungGen: 311321K->21573K(321600K)] 990470K->708562K(1020672K), 0.0803810 secs] [Times: user=0.19 sys=0.00, real=0.08 secs] 
5251.461: [GC [PSYoungGen: 315397K->20484K(322752K)] 1002386K->715450K(1021824K), 0.1310820 secs] [Times: user=0.20 sys=0.01, real=0.13 secs] 
5251.592: [Full GC [PSYoungGen: 20484K->0K(322752K)] [PSOldGen: 694966K->508014K(699072K)] 715450K->508014K(1021824K) [PSPermGen: 91666K->91616K(262144K)], 2.9715030 secs] [Times: user=2.97 sys=0.00, real=2.97 secs] 
5254.860: [GC [PSYoungGen: 295296K->23544K(322048K)] 803310K->531558K(1021120K), 0.0527550 secs] [Times: user=0.16 sys=0.00, real=0.05 secs] 
5255.266: [GC [PSYoungGen: 318840K->19472K(322624K)] 826854K->536317K(1021696K), 0.0970110 secs] [Times: user=0.19 sys=0.00, real=0.10 secs] 
5255.805: [GC [PSYoungGen: 314832K->20625K(322240K)] 831677K->542674K(1021312K), 0.1008240 secs] [Times: user=0.18 sys=0.00, real=0.10 secs] 
5256.286: [GC [PSYoungGen: 315985K->18943K(323456K)] 838034K->548539K(1022528K), 0.0767930 secs] [Times: user=0.19 sys=0.00, real=0.08 secs] 
5256.710: [GC [PSYoungGen: 316159K->16712K(323264K)] 845755K->552339K(1022336K), 0.0944700 secs] [Times: user=0.18 sys=0.00, real=0.10 secs] 
5257.204: [GC [PSYoungGen: 313928K->18873K(323776K)] 849555K->559972K(1022848K), 0.0973440 secs] [Times: user=0.16 sys=0.00, real=0.10 secs] 
5257.651: [GC [PSYoungGen: 316537K->18903K(323392K)] 857636K->565353K(1022464K), 0.0718480 secs] [Times: user=0.18 sys=0.00, real=0.07 secs] 
5258.141: [GC [PSYoungGen: 316567K->18489K(324416K)] 863017K->571572K(1023488K), 0.1297610 secs] [Times: user=0.24 sys=0.03, real=0.13 secs] 
5258.630: [GC [PSYoungGen: 317561K->18483K(324160K)] 870644K->579437K(1023232K), 0.0727430 secs] [Times: user=0.17 sys=0.01, real=0.08 secs] 
5259.046: [GC [PSYoungGen: 317555K->15782K(324480K)] 878509K->582195K(1023552K), 0.0663530 secs] [Times: user=0.17 sys=0.01, real=0.07 secs] 
5259.403: [GC [PSYoungGen: 315494K->23766K(323520K)] 881907K->596581K(1022592K), 0.0800960 secs] [Times: user=0.20 sys=0.00, real=0.08 secs] 
5259.846: [GC [PSYoungGen: 323478K->18500K(323904K)] 896293K->603082K(1022976K), 0.0736130 secs] [Times: user=0.18 sys=0.00, real=0.07 secs] 
5260.259: [GC [PSYoungGen: 316420K->18698K(323520K)] 901002K->609060K(1022592K), 0.0793090 secs] [Times: user=0.16 sys=0.00, real=0.08 secs] 
5260.734: [GC [PSYoungGen: 316618K->18619K(324736K)] 906980K->614934K(1023808K), 0.0827890 secs] [Times: user=0.17 sys=0.00, real=0.08 secs] 
5261.170: [GC [PSYoungGen: 318203K->15734K(324352K)] 914518K->618204K(1023424K), 0.0878120 secs] [Times: user=0.16 sys=0.00, real=0.09 secs] 
5261.603: [GC [PSYoungGen: 315318K->21007K(324416K)] 917788K->629251K(1023488K), 0.1234340 secs] [Times: user=0.17 sys=0.03, real=0.12 secs] 
5262.000: [GC [PSYoungGen: 320583K->20083K(324544K)] 928828K->635072K(1023616K), 0.0525910 secs] [Times: user=0.18 sys=0.00, real=0.06 secs] 
5262.410: [GC [PSYoungGen: 319667K->15760K(324672K)] 934656K->636834K(1023744K), 0.0747530 secs] [Times: user=0.16 sys=0.00, real=0.08 secs] 
5262.831: [GC [PSYoungGen: 315728K->17778K(324736K)] 936802K->645082K(1023808K), 0.0712450 secs] [Times: user=0.16 sys=0.00, real=0.08 secs] 
5263.303: [GC [PSYoungGen: 317746K->17271K(325376K)] 945050K->649667K(1024448K), 0.0758090 secs] [Times: user=0.17 sys=0.00, real=0.07 secs] 
5263.734: [GC [PSYoungGen: 318199K->18656K(325056K)] 950595K->658628K(1024128K), 0.1049540 secs] [Times: user=0.18 sys=0.02, real=0.11 secs] 
5264.089: [GC [PSYoungGen: 319584K->20811K(325376K)] 959556K->667840K(1024448K), 0.0821020 secs] [Times: user=0.20 sys=0.00, real=0.08 secs] 
5264.535: [GC [PSYoungGen: 322571K->19298K(325632K)] 969600K->673408K(1024704K), 0.0824780 secs] [Times: user=0.17 sys=0.01, real=0.08 secs] 
5264.931: [GC [PSYoungGen: 321058K->18484K(326336K)] 975168K->677468K(1025408K), 0.0640560 secs] [Times: user=0.16 sys=0.00, real=0.06 secs] 
5265.344: [GC [PSYoungGen: 321268K->17132K(325952K)] 980252K->683299K(1025024K), 0.0651380 secs] [Times: user=0.16 sys=0.00, real=0.06 secs] 
5265.837: [GC [PSYoungGen: 319916K->18337K(326848K)] 986083K->690213K(1025920K), 0.0941040 secs] [Times: user=0.19 sys=0.00, real=0.09 secs] 
5266.264: [GC [PSYoungGen: 322145K->20287K(326464K)] 994021K->697225K(1025536K), 0.0710790 secs] [Times: user=0.17 sys=0.00, real=0.07 secs] 
5266.694: [GC [PSYoungGen: 324093K->18426K(326976K)] 1001031K->701575K(1026048K), 0.0796870 secs] [Times: user=0.17 sys=0.00, real=0.08 secs] 
5267.232: [GC [PSYoungGen: 322554K->21085K(325248K)] 1005703K->709623K(1024320K), 0.0954030 secs] [Times: user=0.18 sys=0.00, real=0.10 secs] 
5267.726: [GC [PSYoungGen: 325213K->21443K(325568K)] 1013751K->718484K(1024640K), 0.0961300 secs] [Times: user=0.22 sys=0.00, real=0.10 secs] 
5267.822: [Full GC [PSYoungGen: 21443K->0K(325568K)] [PSOldGen: 697041K->538526K(699072K)] 718484K->538526K(1024640K) [PSPermGen: 91631K->91631K(262144K)], 2.9414870 secs] [Times: user=2.94 sys=0.01, real=2.94 secs] 
5271.163: [GC [PSYoungGen: 302528K->23467K(326016K)] 841054K->564293K(1025088K), 0.0753170 secs] [Times: user=0.17 sys=0.01, real=0.07 secs] 
5271.552: [GC [PSYoungGen: 325995K->16118K(321792K)] 866821K->568390K(1020864K), 0.1002360 secs] [Times: user=0.19 sys=0.01, real=0.10 secs] 
5272.008: [GC [PSYoungGen: 314422K->14837K(313152K)] 866694K->572415K(1012224K), 0.0709020 secs] [Times: user=0.18 sys=0.00, real=0.07 secs] 
5272.482: [GC [PSYoungGen: 313141K->19053K(324352K)] 870719K->582410K(1023424K), 0.1054680 secs] [Times: user=0.20 sys=0.01, real=0.10 secs] 
5272.914: [GC [PSYoungGen: 317613K->22453K(323712K)] 880970K->592186K(1022784K), 0.0994670 secs] [Times: user=0.19 sys=0.01, real=0.10 secs] 
5273.420: [GC [PSYoungGen: 321013K->18236K(324160K)] 890746K->594319K(1023232K), 0.0919860 secs] [Times: user=0.17 sys=0.00, real=0.09 secs] 
5273.901: [GC [PSYoungGen: 316604K->20152K(323712K)] 892687K->601881K(1022784K), 0.0894280 secs] [Times: user=0.18 sys=0.00, real=0.09 secs] 
5274.352: [GC [PSYoungGen: 318520K->16503K(324544K)] 900249K->605304K(1023616K), 0.0527470 secs] [Times: user=0.17 sys=0.01, real=0.06 secs] 
5274.757: [GC [PSYoungGen: 315959K->22610K(322112K)] 904760K->616195K(1021184K), 0.0801950 secs] [Times: user=0.21 sys=0.01, real=0.08 secs] 
5275.223: [GC [PSYoungGen: 322066K->21524K(323520K)] 915651K->624550K(1022592K), 0.0668540 secs] [Times: user=0.20 sys=0.01, real=0.07 secs] 
5275.737: [GC [PSYoungGen: 319316K->20009K(323648K)] 922342K->631982K(1022720K), 0.1160610 secs] [Times: user=0.20 sys=0.01, real=0.11 secs] 
5276.177: [GC [PSYoungGen: 317801K->22115K(323392K)] 929774K->640583K(1022464K), 0.0664440 secs] [Times: user=0.19 sys=0.00, real=0.07 secs] 
5276.701: [GC [PSYoungGen: 320163K->19220K(323776K)] 938631K->644005K(1022848K), 0.0777930 secs] [Times: user=0.17 sys=0.01, real=0.08 secs] 
5277.203: [GC [PSYoungGen: 317268K->17399K(324352K)] 942053K->646004K(1023424K), 0.0803940 secs] [Times: user=0.18 sys=0.00, real=0.08 secs] 
5277.612: [GC [PSYoungGen: 316535K->20880K(324288K)] 945140K->656094K(1023360K), 0.0926850 secs] [Times: user=0.18 sys=0.01, real=0.10 secs] 
5278.059: [GC [PSYoungGen: 320016K->21342K(324352K)] 955230K->662152K(1023424K), 0.0863570 secs] [Times: user=0.18 sys=0.00, real=0.09 secs] 
5278.523: [GC [PSYoungGen: 320670K->15324K(314688K)] 961480K->662507K(1013760K), 0.0735310 secs] [Times: user=0.16 sys=0.01, real=0.08 secs] 
5278.940: [GC [PSYoungGen: 314652K->19536K(324672K)] 961835K->672384K(1023744K), 0.0851910 secs] [Times: user=0.20 sys=0.01, real=0.09 secs] 
5279.419: [GC [PSYoungGen: 318864K->16208K(324160K)] 971712K->675478K(1023232K), 0.0727190 secs] [Times: user=0.17 sys=0.00, real=0.07 secs] 
5279.842: [GC [PSYoungGen: 315536K->16800K(324864K)] 974806K->680069K(1023936K), 0.0629510 secs] [Times: user=0.15 sys=0.01, real=0.07 secs] 
5280.257: [GC [PSYoungGen: 316832K->19000K(324672K)] 980101K->689790K(1023744K), 0.0813520 secs] [Times: user=0.19 sys=0.00, real=0.08 secs] 
5280.728: [GC [PSYoungGen: 319032K->24127K(315392K)] 989822K->704499K(1014464K), 0.0965070 secs] [Times: user=0.23 sys=0.01, real=0.10 secs] 
5281.129: [GC [PSYoungGen: 315391K->20869K(320384K)] 995763K->711123K(1019456K), 0.0784970 secs] [Times: user=0.20 sys=0.01, real=0.08 secs] 
5281.208: [Full GC [PSYoungGen: 20869K->0K(320384K)] [PSOldGen: 690254K->542761K(699072K)] 711123K->542761K(1019456K) [PSPermGen: 91647K->91647K(262144K)], 2.9684730 secs] [Times: user=2.96 sys=0.01, real=2.97 secs] 
5284.587: [GC [PSYoungGen: 291264K->24461K(319680K)] 834025K->567223K(1018752K), 0.0564950 secs] [Times: user=0.17 sys=0.00, real=0.05 secs] 
5285.047: [GC [PSYoungGen: 315725K->29105K(320384K)] 858487K->573459K(1019456K), 0.1340050 secs] [Times: user=0.19 sys=0.00, real=0.13 secs] 
5285.536: [GC [PSYoungGen: 320369K->17272K(315264K)] 864723K->571463K(1014336K), 0.0897880 secs] [Times: user=0.21 sys=0.00, real=0.09 secs] 
5286.013: [GC [PSYoungGen: 303416K->18180K(317824K)] 857607K->579233K(1016896K), 0.0826050 secs] [Times: user=0.18 sys=0.00, real=0.09 secs] 
5286.416: [GC [PSYoungGen: 304324K->18020K(318784K)] 865377K->585378K(1017856K), 0.0753780 secs] [Times: user=0.17 sys=0.00, real=0.07 secs] 
5286.792: [GC [PSYoungGen: 305563K->13661K(318272K)] 872920K->590134K(1017344K), 0.0859750 secs] [Times: user=0.20 sys=0.00, real=0.09 secs] 
5287.298: [GC [PSYoungGen: 301213K->24814K(317184K)] 877686K->606231K(1016256K), 0.1671990 secs] [Times: user=0.18 sys=0.00, real=0.17 secs] 
5287.744: [GC [PSYoungGen: 311086K->16389K(317888K)] 892503K->606970K(1016960K), 0.0788260 secs] [Times: user=0.17 sys=0.00, real=0.08 secs] 
5288.157: [GC [PSYoungGen: 302661K->21098K(319040K)] 893242K->617401K(1018112K), 0.0817660 secs] [Times: user=0.21 sys=0.00, real=0.08 secs] 
5288.538: [GC [PSYoungGen: 308970K->21385K(318336K)] 905273K->624672K(1017408K), 0.0963560 secs] [Times: user=0.16 sys=0.00, real=0.09 secs] 
5288.967: [GC [PSYoungGen: 309257K->17678K(320128K)] 912544K->628630K(1019200K), 0.0980860 secs] [Times: user=0.17 sys=0.00, real=0.09 secs] 
5289.349: [GC [PSYoungGen: 307918K->22018K(319616K)] 918870K->638885K(1018688K), 0.0718120 secs] [Times: user=0.17 sys=0.00, real=0.07 secs] 
5289.822: [GC [PSYoungGen: 312258K->16919K(320640K)] 929125K->640386K(1019712K), 0.0650130 secs] [Times: user=0.16 sys=0.01, real=0.07 secs] 
5290.209: [GC [PSYoungGen: 308375K->17289K(320320K)] 931842K->647962K(1019392K), 0.0693400 secs] [Times: user=0.17 sys=0.00, real=0.07 secs] 
5290.583: [GC [PSYoungGen: 308745K->21996K(321088K)] 939418K->659455K(1020160K), 0.0860900 secs] [Times: user=0.21 sys=0.00, real=0.09 secs] 
5291.036: [GC [PSYoungGen: 314652K->21120K(321088K)] 952110K->666731K(1020160K), 0.0903130 secs] [Times: user=0.22 sys=0.01, real=0.09 secs] 
5291.510: [GC [PSYoungGen: 313792K->19937K(322304K)] 959403K->673800K(1021376K), 0.0889050 secs] [Times: user=0.20 sys=0.00, real=0.09 secs] 
5291.978: [GC [PSYoungGen: 314209K->19687K(321472K)] 968072K->678469K(1020544K), 0.0901530 secs] [Times: user=0.18 sys=0.00, real=0.09 secs] 
5292.409: [GC [PSYoungGen: 313959K->16438K(323008K)] 972741K->680919K(1022080K), 0.0857780 secs] [Times: user=0.16 sys=0.00, real=0.08 secs] 
5292.894: [GC [PSYoungGen: 312886K->19764K(322944K)] 977367K->688883K(1022016K), 0.0806460 secs] [Times: user=0.16 sys=0.00, real=0.09 secs] 
5293.367: [GC [PSYoungGen: 316208K->15813K(323520K)] 985327K->691113K(1022592K), 0.0630310 secs] [Times: user=0.17 sys=0.00, real=0.06 secs] 
5293.778: [GC [PSYoungGen: 313477K->19702K(323584K)] 988777K->701148K(1022656K), 0.0757870 secs] [Times: user=0.18 sys=0.00, real=0.07 secs] 
5294.210: [GC [PSYoungGen: 317366K->18366K(324544K)] 998812K->710388K(1023616K), 0.0963220 secs] [Times: user=0.20 sys=0.00, real=0.10 secs] 
5294.306: [Full GC [PSYoungGen: 18366K->0K(324544K)] [PSOldGen: 692022K->534859K(699072K)] 710388K->534859K(1023616K) [PSPermGen: 91659K->91659K(262144K)], 2.7979960 secs] [Times: user=2.78 sys=0.02, real=2.79 secs] 
5297.533: [GC [PSYoungGen: 299136K->21984K(324096K)] 833995K->556843K(1023168K), 0.0895250 secs] [Times: user=0.15 sys=0.00, real=0.09 secs] 
5298.066: [GC [PSYoungGen: 321104K->25393K(318208K)] 855963K->563948K(1017280K), 0.0738340 secs] [Times: user=0.19 sys=0.00, real=0.07 secs] 
5298.479: [GC [PSYoungGen: 318193K->19307K(321152K)] 856748K->570723K(1020224K), 0.0748890 secs] [Times: user=0.19 sys=0.00, real=0.07 secs] 
5298.893: [GC [PSYoungGen: 312107K->24588K(320064K)] 863523K->576004K(1019136K), 0.0925850 secs] [Times: user=0.19 sys=0.00, real=0.09 secs] 
5299.349: [GC [PSYoungGen: 316876K->23868K(316160K)] 868292K->575284K(1015232K), 0.0537840 secs] [Times: user=0.16 sys=0.00, real=0.05 secs] 
5299.747: [GC [PSYoungGen: 316156K->26937K(317824K)] 867572K->578353K(1016896K), 0.0758290 secs] [Times: user=0.18 sys=0.00, real=0.07 secs] 
5300.210: [GC [PSYoungGen: 315769K->26903K(315776K)] 867185K->578319K(1014848K), 0.0749680 secs] [Times: user=0.19 sys=0.01, real=0.07 secs] 
5300.555: [GC [PSYoungGen: 315735K->29278K(314624K)] 867151K->580694K(1013696K), 0.0746290 secs] [Times: user=0.20 sys=0.00, real=0.08 secs] 
5300.956: [GC [PSYoungGen: 312478K->28639K(311872K)] 863894K->584873K(1010944K), 0.0854050 secs] [Times: user=0.19 sys=0.01, real=0.09 secs] 
5301.333: [GC [PSYoungGen: 311839K->21035K(315904K)] 868073K->578997K(1014976K), 0.0645170 secs] [Times: user=0.16 sys=0.00, real=0.07 secs] 
5301.719: [GC [PSYoungGen: 302699K->26475K(315264K)] 860661K->584561K(1014336K), 0.1008830 secs] [Times: user=0.17 sys=0.00, real=0.10 secs] 
5302.171: [GC [PSYoungGen: 308139K->24174K(316544K)] 866225K->582447K(1015616K), 0.0894000 secs] [Times: user=0.16 sys=0.00, real=0.09 secs] 
5302.542: [GC [PSYoungGen: 306990K->24339K(315776K)] 865263K->582700K(1014848K), 0.0721300 secs] [Times: user=0.18 sys=0.01, real=0.07 secs] 
5302.927: [GC [PSYoungGen: 307155K->18406K(317184K)] 865516K->576858K(1016256K), 0.0554260 secs] [Times: user=0.15 sys=0.00, real=0.05 secs] 
5303.346: [GC [PSYoungGen: 303270K->25367K(317184K)] 861722K->583996K(1016256K), 0.0740830 secs] [Times: user=0.16 sys=0.01, real=0.08 secs] 
5303.849: [GC [PSYoungGen: 310229K->22098K(317952K)] 868858K->580864K(1017024K), 0.1011460 secs] [Times: user=0.15 sys=0.00, real=0.10 secs] 
5304.345: [GC [PSYoungGen: 307794K->18847K(317248K)] 866560K->577693K(1016320K), 0.0953590 secs] [Times: user=0.15 sys=0.00, real=0.10 secs] 
5304.784: [GC [PSYoungGen: 304543K->23467K(318656K)] 863389K->582433K(1017728K), 0.0854650 secs] [Times: user=0.16 sys=0.00, real=0.09 secs] 
5305.240: [GC [PSYoungGen: 310635K->27182K(314368K)] 869601K->586236K(1013440K), 0.0856150 secs] [Times: user=0.19 sys=0.01, real=0.08 secs] 
5305.578: [GC [PSYoungGen: 314350K->21475K(318336K)] 873404K->580649K(1017408K), 0.0617980 secs] [Times: user=0.16 sys=0.00, real=0.06 secs] 
5305.948: [GC [PSYoungGen: 308131K->20154K(317824K)] 867305K->579400K(1016896K), 0.0497140 secs] [Times: user=0.15 sys=0.00, real=0.05 secs] 
5306.341: [GC [PSYoungGen: 306810K->27448K(316864K)] 866056K->586798K(1015936K), 0.0773910 secs] [Times: user=0.18 sys=0.00, real=0.08 secs] 
5306.790: [GC [PSYoungGen: 313464K->22465K(317760K)] 872814K->581911K(1016832K), 0.0701100 secs] [Times: user=0.17 sys=0.00, real=0.07 secs] 
5307.135: [GC [PSYoungGen: 308481K->26712K(317440K)] 867927K->586158K(1016512K), 0.0872740 secs] [Times: user=0.18 sys=0.00, real=0.09 secs] 
5307.493: [GC [PSYoungGen: 313112K->16801K(303232K)] 872558K->576339K(1002304K), 0.0439390 secs] [Times: user=0.15 sys=0.00, real=0.04 secs] 
5307.948: [GC [PSYoungGen: 303198K->29819K(314240K)] 862736K->589429K(1013312K), 0.0838950 secs] [Times: user=0.19 sys=0.01, real=0.09 secs] 
5308.286: [GC [PSYoungGen: 312123K->23787K(315904K)] 871733K->583505K(1014976K), 0.0660250 secs] [Times: user=0.16 sys=0.00, real=0.07 secs] 
5308.676: [GC [PSYoungGen: 306091K->20000K(317120K)] 865809K->579823K(1016192K), 0.0623860 secs] [Times: user=0.16 sys=0.00, real=0.06 secs] 
5309.030: [GC [PSYoungGen: 304416K->20138K(316800K)] 864239K->580069K(1015872K), 0.0708010 secs] [Times: user=0.15 sys=0.00, real=0.07 secs] 
5309.520: [GC [PSYoungGen: 304554K->20608K(318016K)] 864485K->580690K(1017088K), 0.0679710 secs] [Times: user=0.16 sys=0.00, real=0.06 secs] 
5309.938: [GC [PSYoungGen: 306624K->30525K(316544K)] 866706K->590607K(1015616K), 0.1076240 secs] [Times: user=0.19 sys=0.00, real=0.11 secs] 
5310.335: [GC [PSYoungGen: 316541K->26179K(315392K)] 876623K->586325K(1014464K), 0.0936500 secs] [Times: user=0.18 sys=0.00, real=0.10 secs] 
5310.743: [GC [PSYoungGen: 308611K->23427K(315968K)] 868757K->583661K(1015040K), 0.0673960 secs] [Times: user=0.16 sys=0.00, real=0.07 secs] 
5311.193: [GC [PSYoungGen: 305859K->22565K(317632K)] 866093K->582911K(1016704K), 0.0807160 secs] [Times: user=0.16 sys=0.00, real=0.08 secs] 
5311.609: [GC [PSYoungGen: 307621K->21822K(316928K)] 867967K->582256K(1016000K), 0.0589500 secs] [Times: user=0.16 sys=0.00, real=0.05 secs] 
5311.975: [GC [PSYoungGen: 306878K->21726K(318656K)] 867312K->582260K(1017728K), 0.0902600 secs] [Times: user=0.18 sys=0.00, real=0.09 secs] 
5312.397: [GC [PSYoungGen: 309022K->21112K(318144K)] 869556K->581775K(1017216K), 0.0814880 secs] [Times: user=0.18 sys=0.00, real=0.09 secs] 
5312.876: [GC [PSYoungGen: 308391K->25460K(318656K)] 869053K->586218K(1017728K), 0.1026210 secs] [Times: user=0.18 sys=0.01, real=0.10 secs] 
5313.247: [GC [PSYoungGen: 313652K->19050K(318848K)] 874410K->579881K(1017920K), 0.0688490 secs] [Times: user=0.17 sys=0.00, real=0.07 secs] 
5313.681: [GC [PSYoungGen: 307242K->26082K(318016K)] 868073K->587024K(1017088K), 0.0982870 secs] [Times: user=0.19 sys=0.00, real=0.10 secs] 
5314.049: [GC [PSYoungGen: 313506K->26411K(313856K)] 874448K->587433K(1012928K), 0.0738190 secs] [Times: user=0.18 sys=0.00, real=0.08 secs] 
5314.507: [GC [PSYoungGen: 313835K->21195K(318464K)] 874857K->582289K(1017536K), 0.0672130 secs] [Times: user=0.16 sys=0.00, real=0.07 secs] 
5314.880: [GC [PSYoungGen: 308235K->25131K(318080K)] 869329K->586313K(1017152K), 0.0638640 secs] [Times: user=0.17 sys=0.00, real=0.06 secs] 
5315.291: [GC [PSYoungGen: 312171K->26001K(318144K)] 873353K->587255K(1017216K), 0.0663180 secs] [Times: user=0.19 sys=0.00, real=0.06 secs] 
5315.768: [GC [PSYoungGen: 313169K->24297K(318336K)] 874423K->585647K(1017408K), 0.0671730 secs] [Times: user=0.17 sys=0.00, real=0.07 secs] 
5316.199: [GC [PSYoungGen: 311465K->19554K(318848K)] 872815K->580904K(1017920K), 0.0677930 secs] [Times: user=0.16 sys=0.00, real=0.07 secs] 
5316.725: [GC [PSYoungGen: 307746K->19071K(318848K)] 869096K->580422K(1017920K), 0.0827470 secs] [Times: user=0.16 sys=0.01, real=0.08 secs] 
5317.135: [GC [PSYoungGen: 307263K->24825K(318912K)] 868614K->586175K(1017984K), 0.0773780 secs] [Times: user=0.17 sys=0.00, real=0.08 secs] 
5317.508: [GC [PSYoungGen: 313081K->21432K(318848K)] 874431K->582782K(1017920K), 0.0671160 secs] [Times: user=0.15 sys=0.00, real=0.07 secs] 
5317.930: [GC [PSYoungGen: 309688K->28726K(316544K)] 871038K->590076K(1015616K), 0.0766720 secs] [Times: user=0.19 sys=0.00, real=0.07 secs] 
5318.310: [GC [PSYoungGen: 315126K->23332K(317952K)] 876476K->584682K(1017024K), 0.0888020 secs] [Times: user=0.18 sys=0.01, real=0.08 secs] 
5318.797: [GC [PSYoungGen: 309732K->21738K(319104K)] 871082K->583172K(1018176K), 0.0707840 secs] [Times: user=0.19 sys=0.01, real=0.07 secs] 
5319.232: [GC [PSYoungGen: 310058K->24086K(318720K)] 871492K->585616K(1017792K), 0.0795980 secs] [Times: user=0.19 sys=0.01, real=0.08 secs] 
5319.648: [GC [PSYoungGen: 312406K->26347K(318656K)] 873936K->587957K(1017728K), 0.0991270 secs] [Times: user=0.18 sys=0.01, real=0.10 secs] 
5320.071: [GC [PSYoungGen: 315051K->24294K(319104K)] 876661K->585984K(1018176K), 0.0775930 secs] [Times: user=0.17 sys=0.00, real=0.07 secs] 
5320.510: [GC [PSYoungGen: 312998K->18200K(318912K)] 874688K->579994K(1017984K), 0.0610590 secs] [Times: user=0.14 sys=0.00, real=0.07 secs] 
5320.930: [GC [PSYoungGen: 307160K->22779K(319232K)] 868954K->584653K(1018304K), 0.0903450 secs] [Times: user=0.20 sys=0.01, real=0.10 secs] 
5321.362: [GC [PSYoungGen: 311739K->25192K(319616K)] 873613K->587154K(1018688K), 0.0746960 secs] [Times: user=0.18 sys=0.00, real=0.07 secs] 
5321.777: [GC [PSYoungGen: 315176K->24954K(319744K)] 877138K->587012K(1018816K), 0.1067470 secs] [Times: user=0.18 sys=0.00, real=0.11 secs] 
5322.242: [GC [PSYoungGen: 314938K->21921K(320128K)] 876996K->584074K(1019200K), 0.0708320 secs] [Times: user=0.18 sys=0.00, real=0.07 secs] 
5322.613: [GC [PSYoungGen: 312353K->23169K(319808K)] 874506K->585419K(1018880K), 0.0685160 secs] [Times: user=0.17 sys=0.00, real=0.07 secs] 
5323.003: [GC [PSYoungGen: 313601K->21658K(320960K)] 875851K->583972K(1020032K), 0.0610110 secs] [Times: user=0.16 sys=0.00, real=0.06 secs] 
5323.446: [GC [PSYoungGen: 313818K->21919K(320704K)] 876132K->584321K(1019776K), 0.0851050 secs] [Times: user=0.18 sys=0.00, real=0.09 secs] 
5323.872: [GC [PSYoungGen: 314079K->26639K(319616K)] 876481K->589104K(1018688K), 0.0574590 secs] [Times: user=0.18 sys=0.00, real=0.05 secs] 
5324.317: [GC [PSYoungGen: 318031K->23635K(320448K)] 880496K->586101K(1019520K), 0.0681740 secs] [Times: user=0.16 sys=0.00, real=0.07 secs] 
5324.716: [GC [PSYoungGen: 315027K->20685K(320960K)] 877493K->583255K(1020032K), 0.0730800 secs] [Times: user=0.17 sys=0.00, real=0.07 secs] 
5325.176: [GC [PSYoungGen: 313101K->19939K(320960K)] 875671K->582596K(1020032K), 0.0691810 secs] [Times: user=0.14 sys=0.00, real=0.07 secs] 
5325.612: [GC [PSYoungGen: 312355K->27694K(318528K)] 875012K->590424K(1017600K), 0.0790930 secs] [Times: user=0.17 sys=0.00, real=0.08 secs] 
5326.031: [GC [PSYoungGen: 317678K->19701K(319744K)] 880408K->582527K(1018816K), 0.0701750 secs] [Times: user=0.16 sys=0.01, real=0.08 secs] 
5326.537: [GC [PSYoungGen: 309685K->21916K(320256K)] 872511K->584830K(1019328K), 0.0793830 secs] [Times: user=0.16 sys=0.01, real=0.08 secs] 
5326.924: [GC [PSYoungGen: 312412K->17463K(319744K)] 875326K->580456K(1018816K), 0.0616570 secs] [Times: user=0.15 sys=0.00, real=0.06 secs] 
5327.306: [GC [PSYoungGen: 307959K->23434K(320256K)] 870952K->586516K(1019328K), 0.0798830 secs] [Times: user=0.16 sys=0.00, real=0.08 secs] 
5327.738: [GC [PSYoungGen: 314186K->26606K(317376K)] 877268K->589768K(1016448K), 0.1019790 secs] [Times: user=0.18 sys=0.00, real=0.10 secs] 
5328.095: [GC [PSYoungGen: 317358K->25638K(318784K)] 880520K->588896K(1017856K), 0.0688630 secs] [Times: user=0.16 sys=0.01, real=0.07 secs] 
5328.588: [GC [PSYoungGen: 314342K->25211K(313920K)] 877600K->588565K(1012992K), 0.1021980 secs] [Times: user=0.19 sys=0.00, real=0.10 secs] 
5329.035: [GC [PSYoungGen: 313915K->23069K(319744K)] 877269K->586503K(1018816K), 0.0747750 secs] [Times: user=0.16 sys=0.01, real=0.07 secs] 
5329.448: [GC [PSYoungGen: 312349K->24345K(319040K)] 875783K->587867K(1018112K), 0.1006920 secs] [Times: user=0.18 sys=0.00, real=0.10 secs] 
5329.896: [GC [PSYoungGen: 313625K->24786K(320064K)] 877147K->588387K(1019136K), 0.0743990 secs] [Times: user=0.16 sys=0.01, real=0.07 secs] 
5330.307: [GC [PSYoungGen: 315346K->23650K(320000K)] 878947K->587332K(1019072K), 0.0950200 secs] [Times: user=0.20 sys=0.01, real=0.10 secs] 
5330.719: [GC [PSYoungGen: 314210K->25261K(320384K)] 877892K->589030K(1019456K), 0.0666020 secs] [Times: user=0.17 sys=0.00, real=0.07 secs] 
5331.123: [GC [PSYoungGen: 316781K->24484K(320512K)] 880550K->588334K(1019584K), 0.0702780 secs] [Times: user=0.18 sys=0.00, real=0.07 secs] 
5331.613: [GC [PSYoungGen: 316004K->21151K(320832K)] 879854K->585121K(1019904K), 0.0854660 secs] [Times: user=0.16 sys=0.00, real=0.08 secs] 
5332.013: [GC [PSYoungGen: 313247K->25881K(318016K)] 877217K->589939K(1017088K), 0.0746800 secs] [Times: user=0.18 sys=0.00, real=0.07 secs] 
5332.399: [GC [PSYoungGen: 317977K->23863K(320960K)] 882035K->588008K(1020032K), 0.0778480 secs] [Times: user=0.20 sys=0.00, real=0.08 secs] 
5332.786: [GC [PSYoungGen: 315767K->28047K(320000K)] 879912K->592273K(1019072K), 0.1003560 secs] [Times: user=0.20 sys=0.01, real=0.10 secs] 
5333.204: [GC [PSYoungGen: 319951K->23363K(320256K)] 884177K->587669K(1019328K), 0.0701470 secs] [Times: user=0.16 sys=0.01, real=0.07 secs] 
5333.633: [GC [PSYoungGen: 314115K->28779K(319552K)] 878421K->593165K(1018624K), 0.0781670 secs] [Times: user=0.18 sys=0.00, real=0.07 secs] 
5334.028: [GC [PSYoungGen: 319531K->24094K(319552K)] 883917K->588592K(1018624K), 0.0905630 secs] [Times: user=0.17 sys=0.01, real=0.09 secs] 
5334.481: [GC [PSYoungGen: 313694K->23366K(319552K)] 878192K->587960K(1018624K), 0.0512660 secs] [Times: user=0.17 sys=0.00, real=0.05 secs] 
5334.935: [GC [PSYoungGen: 312966K->25725K(319936K)] 877560K->590399K(1019008K), 0.0774120 secs] [Times: user=0.19 sys=0.00, real=0.08 secs] 
5335.355: [GC [PSYoungGen: 316029K->18108K(308416K)] 880703K->582870K(1007488K), 0.0742490 secs] [Times: user=0.17 sys=0.00, real=0.07 secs] 
5335.857: [GC [PSYoungGen: 308412K->18996K(318912K)] 873174K->583838K(1017984K), 0.0884030 secs] [Times: user=0.22 sys=0.00, real=0.09 secs] 
5336.318: [GC [PSYoungGen: 307700K->27228K(315968K)] 872542K->592174K(1015040K), 0.1014970 secs] [Times: user=0.19 sys=0.01, real=0.10 secs] 
5336.740: [GC [PSYoungGen: 315932K->24566K(318848K)] 880878K->589591K(1017920K), 0.0737270 secs] [Times: user=0.17 sys=0.00, real=0.08 secs] 
5337.152: [GC [PSYoungGen: 312310K->21168K(318400K)] 877335K->586274K(1017472K), 0.0494140 secs] [Times: user=0.15 sys=0.00, real=0.05 secs] 
5337.513: [GC [PSYoungGen: 308912K->22626K(319552K)] 874018K->587828K(1018624K), 0.0660330 secs] [Times: user=0.16 sys=0.00, real=0.06 secs] 
5337.982: [GC [PSYoungGen: 311714K->25873K(319040K)] 876916K->591154K(1018112K), 0.0937230 secs] [Times: user=0.20 sys=0.00, real=0.10 secs] 
5338.342: [GC [PSYoungGen: 314961K->25539K(319296K)] 880242K->590901K(1018368K), 0.0704560 secs] [Times: user=0.17 sys=0.00, real=0.08 secs] 
5338.798: [GC [PSYoungGen: 314627K->22692K(319296K)] 879989K->588134K(1018368K), 0.0905920 secs] [Times: user=0.16 sys=0.00, real=0.09 secs] 
5339.243: [GC [PSYoungGen: 311780K->24582K(320000K)] 877222K->590096K(1019072K), 0.0928680 secs] [Times: user=0.15 sys=0.00, real=0.10 secs] 
5339.646: [GC [PSYoungGen: 314822K->19611K(319744K)] 880336K->585220K(1018816K), 0.0830170 secs] [Times: user=0.14 sys=0.00, real=0.08 secs] 
5340.096: [GC [PSYoungGen: 309851K->20693K(320000K)] 875460K->586383K(1019072K), 0.0906740 secs] [Times: user=0.15 sys=0.00, real=0.09 secs] 
5340.637: [GC [PSYoungGen: 311061K->24424K(319872K)] 876751K->590202K(1018944K), 0.0969520 secs] [Times: user=0.18 sys=0.00, real=0.10 secs] 
5341.015: [GC [PSYoungGen: 314792K->26619K(318912K)] 880570K->592484K(1017984K), 0.0816460 secs] [Times: user=0.18 sys=0.00, real=0.08 secs] 
5341.453: [GC [PSYoungGen: 316219K->20763K(319552K)] 882084K->586709K(1018624K), 0.0709560 secs] [Times: user=0.18 sys=0.00, real=0.08 secs] 
5341.882: [GC [PSYoungGen: 310363K->23344K(320320K)] 876309K->589402K(1019392K), 0.0921030 secs] [Times: user=0.18 sys=0.00, real=0.10 secs] 
5342.308: [GC [PSYoungGen: 313840K->27197K(317696K)] 879898K->593343K(1016768K), 0.0795390 secs] [Times: user=0.18 sys=0.00, real=0.08 secs] 
5342.777: [GC [PSYoungGen: 317693K->22569K(319936K)] 883839K->588819K(1019008K), 0.0837560 secs] [Times: user=0.15 sys=0.00, real=0.08 secs] 
5343.184: [GC [PSYoungGen: 312489K->23120K(319488K)] 878739K->589474K(1018560K), 0.0693590 secs] [Times: user=0.16 sys=0.00, real=0.07 secs] 
5343.603: [GC [PSYoungGen: 313040K->20083K(320320K)] 879394K->586517K(1019392K), 0.0607100 secs] [Times: user=0.15 sys=0.00, real=0.07 secs] 
5344.023: [GC [PSYoungGen: 311347K->21946K(320384K)] 877781K->588460K(1019456K), 0.0897020 secs] [Times: user=0.18 sys=0.00, real=0.09 secs] 
5344.486: [GC [PSYoungGen: 313208K->17976K(320128K)] 879722K->584570K(1019200K), 0.0807050 secs] [Times: user=0.15 sys=0.01, real=0.08 secs] 
5344.900: [GC [PSYoungGen: 309368K->27407K(318848K)] 875962K->594089K(1017920K), 0.0764580 secs] [Times: user=0.20 sys=0.00, real=0.08 secs] 
5345.314: [GC [PSYoungGen: 318799K->20999K(319680K)] 885481K->587761K(1018752K), 0.0933600 secs] [Times: user=0.17 sys=0.00, real=0.09 secs] 
5345.754: [GC [PSYoungGen: 310471K->24200K(319296K)] 877233K->591050K(1018368K), 0.0689940 secs] [Times: user=0.18 sys=0.00, real=0.07 secs] 
5346.174: [GC [PSYoungGen: 313672K->23112K(320448K)] 880522K->590050K(1019520K), 0.0955420 secs] [Times: user=0.17 sys=0.00, real=0.09 secs] 
5346.738: [GC [PSYoungGen: 313928K->23682K(319872K)] 880866K->590708K(1018944K), 0.0700610 secs] [Times: user=0.18 sys=0.00, real=0.07 secs] 
5347.234: [GC [PSYoungGen: 314498K->18346K(320320K)] 881524K->585452K(1019392K), 0.0829010 secs] [Times: user=0.15 sys=0.00, real=0.09 secs] 
5347.660: [GC [PSYoungGen: 309994K->23082K(320576K)] 877100K->590284K(1019648K), 0.0798270 secs] [Times: user=0.17 sys=0.01, real=0.08 secs] 
5348.035: [GC [PSYoungGen: 314730K->24452K(320896K)] 881932K->591750K(1019968K), 0.0684590 secs] [Times: user=0.17 sys=0.00, real=0.06 secs] 
5348.483: [GC [PSYoungGen: 316868K->24968K(317440K)] 884166K->592346K(1016512K), 0.1255820 secs] [Times: user=0.17 sys=0.00, real=0.13 secs] 
5348.912: [GC [PSYoungGen: 317384K->20986K(320960K)] 884762K->588452K(1020032K), 0.0506830 secs] [Times: user=0.16 sys=0.00, real=0.05 secs] 
5349.258: [GC [PSYoungGen: 313146K->22101K(320704K)] 880612K->589655K(1019776K), 0.0701550 secs] [Times: user=0.16 sys=0.00, real=0.07 secs] 
5349.624: [GC [PSYoungGen: 314261K->20571K(321536K)] 881815K->588218K(1020608K), 0.0584660 secs] [Times: user=0.15 sys=0.00, real=0.05 secs] 
5349.999: [GC [PSYoungGen: 314011K->24809K(318272K)] 881658K->592544K(1017344K), 0.0794310 secs] [Times: user=0.18 sys=0.00, real=0.08 secs] 
5350.371: [GC [PSYoungGen: 318249K->25696K(320192K)] 885984K->593520K(1019264K), 0.0827800 secs] [Times: user=0.16 sys=0.00, real=0.08 secs] 
5350.871: [GC [PSYoungGen: 317600K->26818K(318784K)] 885424K->594721K(1017856K), 0.0954640 secs] [Times: user=0.18 sys=0.00, real=0.10 secs] 
5351.337: [GC [PSYoungGen: 318722K->22734K(320384K)] 886625K->590709K(1019456K), 0.0683200 secs] [Times: user=0.16 sys=0.01, real=0.07 secs] 
5351.790: [GC [PSYoungGen: 313486K->23479K(319872K)] 881461K->591542K(1018944K), 0.1127950 secs] [Times: user=0.17 sys=0.00, real=0.11 secs] 
5352.238: [GC [PSYoungGen: 314231K->28586K(318080K)] 882294K->596745K(1017152K), 0.0810710 secs] [Times: user=0.19 sys=0.00, real=0.08 secs] 
5352.702: [GC [PSYoungGen: 318058K->23628K(319488K)] 886217K->591955K(1018560K), 0.0523000 secs] [Times: user=0.17 sys=0.00, real=0.05 secs] 
5353.059: [GC [PSYoungGen: 313100K->24719K(320256K)] 881427K->593047K(1019328K), 0.0894830 secs] [Times: user=0.17 sys=0.01, real=0.09 secs] 
5353.483: [GC [PSYoungGen: 315471K->24809K(320000K)] 883799K->593240K(1019072K), 0.0573380 secs] [Times: user=0.18 sys=0.00, real=0.06 secs] 
5353.964: [GC [PSYoungGen: 315554K->17843K(319360K)] 883985K->586370K(1018432K), 0.0819040 secs] [Times: user=0.15 sys=0.00, real=0.09 secs] 
5354.450: [GC [PSYoungGen: 308211K->20741K(319936K)] 876738K->589364K(1019008K), 0.0683590 secs] [Times: user=0.15 sys=0.00, real=0.07 secs] 
5354.834: [GC [PSYoungGen: 311109K->19208K(319936K)] 879732K->587919K(1019008K), 0.0704050 secs] [Times: user=0.18 sys=0.00, real=0.07 secs] 
5355.238: [GC [PSYoungGen: 309704K->27500K(318016K)] 878415K->596308K(1017088K), 0.0734080 secs] [Times: user=0.18 sys=0.00, real=0.07 secs] 
5355.677: [GC [PSYoungGen: 317996K->19735K(319104K)] 886804K->588622K(1018176K), 0.0925340 secs] [Times: user=0.16 sys=0.00, real=0.09 secs] 
5356.168: [GC [PSYoungGen: 308311K->19367K(318976K)] 877198K->588326K(1018048K), 0.0899130 secs] [Times: user=0.16 sys=0.00, real=0.09 secs] 
5356.602: [GC [PSYoungGen: 307943K->26660K(317696K)] 876902K->595683K(1016768K), 0.1021680 secs] [Times: user=0.17 sys=0.00, real=0.10 secs] 
5357.041: [GC [PSYoungGen: 314084K->19344K(318464K)] 883107K->588455K(1017536K), 0.0549890 secs] [Times: user=0.15 sys=0.01, real=0.06 secs] 
5357.433: [GC [PSYoungGen: 306768K->27266K(316864K)] 875879K->596457K(1015936K), 0.0885100 secs] [Times: user=0.19 sys=0.00, real=0.09 secs] 
5357.975: [GC [PSYoungGen: 313282K->18794K(317760K)] 882473K->588081K(1016832K), 0.0585620 secs] [Times: user=0.16 sys=0.00, real=0.05 secs] 
5358.430: [GC [PSYoungGen: 304810K->23846K(318336K)] 874097K->593229K(1017408K), 0.0759450 secs] [Times: user=0.17 sys=0.00, real=0.08 secs] 
5358.829: [GC [PSYoungGen: 310566K->22305K(317888K)] 879949K->591776K(1016960K), 0.0634550 secs] [Times: user=0.16 sys=0.00, real=0.06 secs] 
5359.228: [GC [PSYoungGen: 309025K->25266K(318720K)] 878496K->594825K(1017792K), 0.0784500 secs] [Times: user=0.18 sys=0.00, real=0.08 secs] 
5359.607: [GC [PSYoungGen: 313586K->24378K(318912K)] 883145K->594026K(1017984K), 0.0649280 secs] [Times: user=0.17 sys=0.00, real=0.06 secs] 
5360.079: [GC [PSYoungGen: 312698K->19952K(319360K)] 882346K->589679K(1018432K), 0.0616860 secs] [Times: user=0.15 sys=0.00, real=0.06 secs] 
5360.491: [GC [PSYoungGen: 308976K->25327K(319168K)] 878703K->595142K(1018240K), 0.0916470 secs] [Times: user=0.17 sys=0.00, real=0.09 secs] 
5360.867: [GC [PSYoungGen: 314351K->25962K(318400K)] 884166K->595865K(1017472K), 0.0760940 secs] [Times: user=0.17 sys=0.00, real=0.07 secs] 
5361.366: [GC [PSYoungGen: 314026K->23050K(318784K)] 883929K->593049K(1017856K), 0.0961120 secs] [Times: user=0.16 sys=0.01, real=0.10 secs] 
5361.719: [GC [PSYoungGen: 311114K->21083K(319744K)] 881113K->591186K(1018816K), 0.0720560 secs] [Times: user=0.15 sys=0.01, real=0.07 secs] 
5362.078: [GC [PSYoungGen: 310811K->28542K(318272K)] 880914K->598733K(1017344K), 0.0966600 secs] [Times: user=0.20 sys=0.01, real=0.09 secs] 
5362.534: [GC [PSYoungGen: 318270K->22294K(318912K)] 888461K->592574K(1017984K), 0.0623860 secs] [Times: user=0.15 sys=0.00, real=0.07 secs] 
5363.006: [GC [PSYoungGen: 310102K->20467K(318400K)] 880382K->590818K(1017472K), 0.0703160 secs] [Times: user=0.17 sys=0.00, real=0.07 secs] 
5363.409: [GC [PSYoungGen: 308275K->28432K(316672K)] 878626K->598879K(1015744K), 0.0820180 secs] [Times: user=0.21 sys=0.00, real=0.08 secs] 
5363.921: [GC [PSYoungGen: 314704K->18543K(304832K)] 885151K->589062K(1003904K), 0.0876190 secs] [Times: user=0.17 sys=0.00, real=0.09 secs] 
5364.371: [GC [PSYoungGen: 304815K->23512K(318528K)] 875334K->594128K(1017600K), 0.0911230 secs] [Times: user=0.17 sys=0.00, real=0.09 secs] 
5364.856: [GC [PSYoungGen: 310360K->23500K(317824K)] 880976K->594195K(1016896K), 0.0675640 secs] [Times: user=0.17 sys=0.01, real=0.06 secs] 
5365.324: [GC [PSYoungGen: 310348K->19533K(319296K)] 881043K->590301K(1018368K), 0.0776140 secs] [Times: user=0.16 sys=0.00, real=0.08 secs] 
5365.771: [GC [PSYoungGen: 308557K->26973K(316032K)] 879325K->597821K(1015104K), 0.1031130 secs] [Times: user=0.19 sys=0.00, real=0.10 secs] 
5366.206: [GC [PSYoungGen: 315997K->24175K(318912K)] 886845K->595102K(1017984K), 0.1100150 secs] [Times: user=0.22 sys=0.01, real=0.11 secs] 
5366.673: [GC [PSYoungGen: 312047K->22628K(318464K)] 882974K->593635K(1017536K), 0.0854790 secs] [Times: user=0.16 sys=0.00, real=0.09 secs] 
5367.108: [GC [PSYoungGen: 310500K->18985K(319360K)] 881507K->590080K(1018432K), 0.0752940 secs] [Times: user=0.15 sys=0.00, real=0.07 secs] 
5367.522: [GC [PSYoungGen: 308327K->19342K(319424K)] 879422K->590525K(1018496K), 0.0661290 secs] [Times: user=0.17 sys=0.00, real=0.07 secs] 
5367.925: [GC [PSYoungGen: 308686K->23014K(320128K)] 879869K->594285K(1019200K), 0.0995110 secs] [Times: user=0.16 sys=0.01, real=0.10 secs] 
5368.329: [GC [PSYoungGen: 313190K->24312K(319552K)] 884461K->595679K(1018624K), 0.0705890 secs] [Times: user=0.18 sys=0.00, real=0.07 secs] 
5368.731: [GC [PSYoungGen: 314488K->21166K(320512K)] 885855K->592606K(1019584K), 0.0784010 secs] [Times: user=0.19 sys=0.00, real=0.08 secs] 
5369.115: [GC [PSYoungGen: 312302K->27047K(318208K)] 883742K->598583K(1017280K), 0.0773250 secs] [Times: user=0.20 sys=0.00, real=0.08 secs] 
5369.601: [GC [PSYoungGen: 318183K->22891K(320192K)] 889719K->594514K(1019264K), 0.0843060 secs] [Times: user=0.18 sys=0.00, real=0.08 secs] 
5370.088: [GC [PSYoungGen: 313131K->19507K(319552K)] 884754K->591194K(1018624K), 0.1026800 secs] [Times: user=0.15 sys=0.00, real=0.10 secs] 
5370.530: [GC [PSYoungGen: 309747K->23123K(320704K)] 881434K->594907K(1019776K), 0.0750090 secs] [Times: user=0.16 sys=0.00, real=0.07 secs] 
5370.922: [GC [PSYoungGen: 314515K->26935K(318336K)] 886299K->598798K(1017408K), 0.0590700 secs] [Times: user=0.18 sys=0.00, real=0.06 secs] 
5371.363: [GC [PSYoungGen: 318327K->22822K(320384K)] 890190K->594765K(1019456K), 0.0767040 secs] [Times: user=0.16 sys=0.00, real=0.08 secs] 
5371.814: [GC [PSYoungGen: 313446K->26912K(317568K)] 885389K->598951K(1016640K), 0.0948590 secs] [Times: user=0.19 sys=0.00, real=0.10 secs] 
5372.250: [GC [PSYoungGen: 317536K->22716K(320064K)] 889575K->594835K(1019136K), 0.0671750 secs] [Times: user=0.17 sys=0.00, real=0.06 secs] 
5372.671: [GC [PSYoungGen: 312821K->25743K(319552K)] 884940K->597950K(1018624K), 0.0843030 secs] [Times: user=0.19 sys=0.00, real=0.08 secs] 
5373.199: [GC [PSYoungGen: 315853K->20642K(319872K)] 888061K->592937K(1018944K), 0.0601050 secs] [Times: user=0.15 sys=0.00, real=0.06 secs] 
5373.631: [GC [PSYoungGen: 310818K->25853K(316032K)] 883113K->598229K(1015104K), 0.0799090 secs] [Times: user=0.17 sys=0.00, real=0.08 secs] 
5374.173: [GC [PSYoungGen: 316029K->29166K(316672K)] 888405K->601629K(1015744K), 0.0890860 secs] [Times: user=0.19 sys=0.00, real=0.09 secs] 
5374.626: [GC [PSYoungGen: 315950K->20731K(318144K)] 888413K->593282K(1017216K), 0.0736080 secs] [Times: user=0.16 sys=0.01, real=0.08 secs] 
5374.978: [GC [PSYoungGen: 307515K->22723K(318848K)] 880066K->595362K(1017920K), 0.0781560 secs] [Times: user=0.17 sys=0.00, real=0.07 secs] 
5375.423: [GC [PSYoungGen: 310339K->17952K(318272K)] 882978K->590679K(1017344K), 0.0799800 secs] [Times: user=0.16 sys=0.01, real=0.08 secs] 
5375.798: [GC [PSYoungGen: 305568K->25455K(318400K)] 878295K->598270K(1017472K), 0.0981080 secs] [Times: user=0.20 sys=0.00, real=0.09 secs] 
5376.300: [GC [PSYoungGen: 312879K->26438K(313920K)] 885694K->599333K(1012992K), 0.0770090 secs] [Times: user=0.18 sys=0.01, real=0.07 secs] 
5376.714: [GC [PSYoungGen: 313862K->28182K(316288K)] 886757K->601181K(1015360K), 0.0922960 secs] [Times: user=0.21 sys=0.00, real=0.09 secs] 
5377.076: [GC [PSYoungGen: 313046K->23787K(317184K)] 886045K->596874K(1016256K), 0.0863060 secs] [Times: user=0.20 sys=0.00, real=0.09 secs] 
5377.544: [GC [PSYoungGen: 308651K->20915K(318144K)] 881738K->594082K(1017216K), 0.0841380 secs] [Times: user=0.15 sys=0.00, real=0.09 secs] 
5377.955: [GC [PSYoungGen: 307507K->23171K(317952K)] 880674K->596435K(1017024K), 0.0927230 secs] [Times: user=0.20 sys=0.00, real=0.10 secs] 
5378.370: [GC [PSYoungGen: 309763K->20190K(318912K)] 883027K->593525K(1017984K), 0.0509880 secs] [Times: user=0.15 sys=0.00, real=0.05 secs] 
5378.735: [GC [PSYoungGen: 308382K->23555K(318784K)] 881717K->596986K(1017856K), 0.1010560 secs] [Times: user=0.17 sys=0.00, real=0.10 secs] 
5379.179: [GC [PSYoungGen: 311747K->22751K(320128K)] 885178K->596262K(1019200K), 0.0511090 secs] [Times: user=0.16 sys=0.00, real=0.06 secs] 
5379.579: [GC [PSYoungGen: 312927K->24721K(319552K)] 886438K->598328K(1018624K), 0.0802550 secs] [Times: user=0.17 sys=0.00, real=0.08 secs] 
5379.955: [GC [PSYoungGen: 314897K->25115K(320064K)] 888504K->598802K(1019136K), 0.0748360 secs] [Times: user=0.18 sys=0.00, real=0.08 secs] 
5380.368: [GC [PSYoungGen: 315867K->29166K(319936K)] 889554K->602949K(1019008K), 0.0772040 secs] [Times: user=0.19 sys=0.00, real=0.08 secs] 
5380.784: [GC [PSYoungGen: 319918K->18718K(316864K)] 893701K->592613K(1015936K), 0.0719360 secs] [Times: user=0.15 sys=0.00, real=0.07 secs] 
5381.231: [GC [PSYoungGen: 306014K->22466K(318400K)] 879909K->596450K(1017472K), 0.0728020 secs] [Times: user=0.15 sys=0.00, real=0.07 secs] 
5381.667: [GC [PSYoungGen: 309762K->24483K(319296K)] 883746K->598547K(1018368K), 0.0773170 secs] [Times: user=0.18 sys=0.00, real=0.08 secs] 
5382.032: [GC [PSYoungGen: 313251K->24004K(318976K)] 887315K->598132K(1018048K), 0.0658180 secs] [Times: user=0.17 sys=0.00, real=0.06 secs] 
5382.543: [GC [PSYoungGen: 312772K->27320K(318272K)] 886900K->601536K(1017344K), 0.1311710 secs] [Times: user=0.20 sys=0.01, real=0.13 secs] 
5383.069: [GC [PSYoungGen: 315896K->22969K(319040K)] 890112K->597256K(1018112K), 0.0542230 secs] [Times: user=0.17 sys=0.00, real=0.05 secs] 
5383.558: [GC [PSYoungGen: 311538K->22267K(319808K)] 885826K->596643K(1018880K), 0.0906970 secs] [Times: user=0.16 sys=0.00, real=0.09 secs] 
5384.072: [GC [PSYoungGen: 312059K->21267K(319488K)] 886435K->595738K(1018560K), 0.0707820 secs] [Times: user=0.17 sys=0.01, real=0.07 secs] 
5384.544: [GC [PSYoungGen: 311059K->18725K(319616K)] 885530K->593284K(1018688K), 0.0649220 secs] [Times: user=0.16 sys=0.00, real=0.06 secs] 
5384.979: [GC [PSYoungGen: 308837K->22787K(319808K)] 883396K->597434K(1018880K), 0.0723040 secs] [Times: user=0.17 sys=0.01, real=0.07 secs] 
5385.514: [GC [PSYoungGen: 312899K->16612K(319424K)] 887546K->591332K(1018496K), 0.0875470 secs] [Times: user=0.17 sys=0.00, real=0.09 secs] 
5385.978: [GC [PSYoungGen: 306980K->23739K(319936K)] 881700K->598546K(1019008K), 0.0591350 secs] [Times: user=0.17 sys=0.01, real=0.06 secs] 
5386.421: [GC [PSYoungGen: 314107K->17603K(319872K)] 888914K->592482K(1018944K), 0.0812020 secs] [Times: user=0.15 sys=0.00, real=0.08 secs] 
5386.933: [GC [PSYoungGen: 308099K->24694K(315200K)] 882978K->599654K(1014272K), 0.0719030 secs] [Times: user=0.17 sys=0.00, real=0.07 secs] 
5387.338: [GC [PSYoungGen: 315189K->26580K(318080K)] 890149K->601619K(1017152K), 0.0711110 secs] [Times: user=0.19 sys=0.00, real=0.07 secs] 
5387.754: [GC [PSYoungGen: 314900K->14927K(303296K)] 889939K->590078K(1002368K), 0.0576950 secs] [Times: user=0.14 sys=0.00, real=0.06 secs] 
5388.130: [GC [PSYoungGen: 303247K->26093K(317184K)] 878398K->601332K(1016256K), 0.0811480 secs] [Times: user=0.19 sys=0.00, real=0.08 secs] 
5388.563: [GC [PSYoungGen: 312109K->17801K(317760K)] 887348K->593113K(1016832K), 0.0886910 secs] [Times: user=0.19 sys=0.01, real=0.09 secs] 
5389.034: [GC [PSYoungGen: 303817K->26642K(316352K)] 879129K->602033K(1015424K), 0.0801880 secs] [Times: user=0.18 sys=0.01, real=0.08 secs] 
5389.425: [GC [PSYoungGen: 311378K->22010K(317120K)] 886769K->597482K(1016192K), 0.0982220 secs] [Times: user=0.18 sys=0.00, real=0.10 secs] 
5389.891: [GC [PSYoungGen: 306746K->25540K(317440K)] 882218K->601107K(1016512K), 0.0690040 secs] [Times: user=0.18 sys=0.01, real=0.07 secs] 
5390.258: [GC [PSYoungGen: 311556K->23961K(317760K)] 887123K->599608K(1016832K), 0.0767460 secs] [Times: user=0.18 sys=0.00, real=0.08 secs] 
5390.737: [GC [PSYoungGen: 309977K->25857K(317568K)] 885624K->601593K(1016640K), 0.0880380 secs] [Times: user=0.18 sys=0.01, real=0.09 secs] 
5391.142: [GC [PSYoungGen: 312129K->23581K(317888K)] 887865K->599420K(1016960K), 0.0647520 secs] [Times: user=0.17 sys=0.00, real=0.06 secs] 
5391.582: [GC [PSYoungGen: 309853K->24456K(318848K)] 885692K->600375K(1017920K), 0.0894970 secs] [Times: user=0.18 sys=0.00, real=0.09 secs] 
5391.967: [GC [PSYoungGen: 312392K->22774K(318592K)] 888311K->598798K(1017664K), 0.0890120 secs] [Times: user=0.17 sys=0.00, real=0.09 secs] 
5392.350: [GC [PSYoungGen: 310710K->24462K(319744K)] 886734K->600549K(1018816K), 0.0690100 secs] [Times: user=0.16 sys=0.00, real=0.07 secs] 
5392.714: [GC [PSYoungGen: 314190K->19150K(319488K)] 890277K->595325K(1018560K), 0.0550970 secs] [Times: user=0.15 sys=0.00, real=0.05 secs] 
5393.116: [GC [PSYoungGen: 308878K->24202K(319872K)] 885053K->600465K(1018944K), 0.0720180 secs] [Times: user=0.17 sys=0.01, real=0.07 secs] 
5393.520: [GC [PSYoungGen: 314250K->25164K(319680K)] 890513K->601516K(1018752K), 0.0779260 secs] [Times: user=0.17 sys=0.00, real=0.08 secs] 
5393.987: [GC [PSYoungGen: 315212K->23139K(320384K)] 891564K->599586K(1019456K), 0.0580770 secs] [Times: user=0.17 sys=0.01, real=0.06 secs] 
5394.368: [GC [PSYoungGen: 313763K->20821K(319744K)] 890210K->597333K(1018816K), 0.0618510 secs] [Times: user=0.16 sys=0.00, real=0.06 secs] 
5394.766: [GC [PSYoungGen: 311445K->27124K(318720K)] 887957K->603731K(1017792K), 0.0782510 secs] [Times: user=0.18 sys=0.01, real=0.08 secs] 
5395.201: [GC [PSYoungGen: 316852K->23911K(319616K)] 893459K->600590K(1018688K), 0.0657880 secs] [Times: user=0.16 sys=0.01, real=0.06 secs] 
5395.629: [GC [PSYoungGen: 313639K->24821K(320192K)] 890318K->601588K(1019264K), 0.0785960 secs] [Times: user=0.19 sys=0.00, real=0.08 secs] 
5396.001: [GC [PSYoungGen: 315573K->24281K(320064K)] 892340K->601129K(1019136K), 0.0715200 secs] [Times: user=0.16 sys=0.00, real=0.08 secs] 
5396.389: [GC [PSYoungGen: 315033K->24646K(320640K)] 891881K->601573K(1019712K), 0.0632050 secs] [Times: user=0.16 sys=0.00, real=0.07 secs] 
5396.798: [GC [PSYoungGen: 316294K->20538K(320512K)] 893221K->597545K(1019584K), 0.0866670 secs] [Times: user=0.15 sys=0.00, real=0.09 secs] 
5397.175: [GC [PSYoungGen: 312186K->23557K(321088K)] 889193K->600652K(1020160K), 0.0628090 secs] [Times: user=0.17 sys=0.01, real=0.06 secs] 
5397.574: [GC [PSYoungGen: 315781K->23347K(320640K)] 892876K->600522K(1019712K), 0.0727180 secs] [Times: user=0.16 sys=0.00, real=0.07 secs] 
5397.964: [GC [PSYoungGen: 315571K->26460K(320192K)] 892746K->603723K(1019264K), 0.1144100 secs] [Times: user=0.17 sys=0.00, real=0.11 secs] 
5398.446: [GC [PSYoungGen: 318748K->23511K(320896K)] 896011K->600855K(1019968K), 0.0920140 secs] [Times: user=0.17 sys=0.00, real=0.09 secs] 
5398.896: [GC [PSYoungGen: 315799K->19640K(320832K)] 893143K->597063K(1019904K), 0.0813620 secs] [Times: user=0.17 sys=0.00, real=0.08 secs] 
5399.252: [GC [PSYoungGen: 312312K->27398K(320128K)] 889735K->604909K(1019200K), 0.0891300 secs] [Times: user=0.19 sys=0.00, real=0.09 secs] 
5399.734: [GC [PSYoungGen: 320070K->28209K(317824K)] 897581K->605792K(1016896K), 0.0674400 secs] [Times: user=0.19 sys=0.00, real=0.06 secs] 
5400.119: [GC [PSYoungGen: 316657K->17707K(306176K)] 894240K->595386K(1005248K), 0.0633490 secs] [Times: user=0.15 sys=0.00, real=0.07 secs] 
5400.563: [GC [PSYoungGen: 306155K->24324K(318976K)] 883834K->602083K(1018048K), 0.1426040 secs] [Times: user=0.18 sys=0.00, real=0.14 secs] 
5401.041: [GC [PSYoungGen: 312324K->17317K(318528K)] 890083K->595157K(1017600K), 0.0877320 secs] [Times: user=0.15 sys=0.00, real=0.09 secs] 
5401.445: [GC [PSYoungGen: 305302K->23011K(319360K)] 883142K->600939K(1018432K), 0.0872020 secs] [Times: user=0.16 sys=0.00, real=0.08 secs] 
5401.849: [GC [PSYoungGen: 311459K->20751K(318592K)] 889387K->598758K(1017664K), 0.0649780 secs] [Times: user=0.16 sys=0.00, real=0.07 secs] 
5402.326: [GC [PSYoungGen: 309199K->25411K(319168K)] 887206K->603506K(1018240K), 0.0743030 secs] [Times: user=0.17 sys=0.00, real=0.07 secs] 
5402.807: [GC [PSYoungGen: 314755K->21657K(319424K)] 892850K->599832K(1018496K), 0.0786180 secs] [Times: user=0.17 sys=0.00, real=0.08 secs] 
5403.206: [GC [PSYoungGen: 311001K->21114K(320256K)] 889176K->599393K(1019328K), 0.0901680 secs] [Times: user=0.17 sys=0.01, real=0.09 secs] 
5403.612: [GC [PSYoungGen: 311733K->27185K(317824K)] 890013K->605544K(1016896K), 0.0652500 secs] [Times: user=0.19 sys=0.01, real=0.07 secs] 
5403.995: [GC [PSYoungGen: 317809K->24311K(319552K)] 896168K->602758K(1018624K), 0.0780490 secs] [Times: user=0.19 sys=0.00, real=0.08 secs] 
5404.382: [GC [PSYoungGen: 313591K->23797K(319232K)] 892038K->602325K(1018304K), 0.0766120 secs] [Times: user=0.19 sys=0.00, real=0.08 secs] 
5404.933: [GC [PSYoungGen: 313066K->18129K(319488K)] 891593K->596744K(1018560K), 0.0708480 secs] [Times: user=0.15 sys=0.00, real=0.08 secs] 
5405.464: [GC [PSYoungGen: 308113K->24647K(319744K)] 886728K->603358K(1018816K), 0.0827040 secs] [Times: user=0.20 sys=0.01, real=0.08 secs] 
5405.900: [GC [PSYoungGen: 314631K->25667K(319104K)] 893342K->604451K(1018176K), 0.0759920 secs] [Times: user=0.17 sys=0.01, real=0.08 secs] 
5406.436: [GC [PSYoungGen: 315011K->23197K(319424K)] 893795K->602061K(1018496K), 0.0700910 secs] [Times: user=0.18 sys=0.00, real=0.07 secs] 
5406.955: [GC [PSYoungGen: 312541K->19921K(320128K)] 891405K->598888K(1019200K), 0.0795620 secs] [Times: user=0.14 sys=0.00, real=0.08 secs] 
5407.470: [GC [PSYoungGen: 310673K->24202K(320128K)] 889640K->603242K(1019200K), 0.0719560 secs] [Times: user=0.17 sys=0.01, real=0.07 secs] 
5407.942: [GC [PSYoungGen: 314954K->25521K(319680K)] 893994K->604632K(1018752K), 0.0902270 secs] [Times: user=0.17 sys=0.00, real=0.09 secs] 
5408.426: [GC [PSYoungGen: 316017K->24042K(320000K)] 895128K->603241K(1019072K), 0.0958660 secs] [Times: user=0.16 sys=0.00, real=0.09 secs] 
5408.833: [GC [PSYoungGen: 314538K->22167K(320704K)] 893737K->601446K(1019776K), 0.0672540 secs] [Times: user=0.16 sys=0.00, real=0.06 secs] 
5409.341: [GC [PSYoungGen: 313687K->18443K(320320K)] 892966K->597818K(1019392K), 0.0713310 secs] [Times: user=0.17 sys=0.00, real=0.07 secs] 
5409.731: [GC [PSYoungGen: 309963K->24040K(320576K)] 889338K->603511K(1019648K), 0.0837400 secs] [Times: user=0.19 sys=0.01, real=0.09 secs] 
5410.188: [GC [PSYoungGen: 315560K->22546K(320448K)] 895031K->602089K(1019520K), 0.0703030 secs] [Times: user=0.18 sys=0.00, real=0.07 secs] 
5410.632: [GC [PSYoungGen: 314066K->23475K(321472K)] 893609K->603107K(1020544K), 0.0687840 secs] [Times: user=0.18 sys=0.00, real=0.07 secs] 
5411.040: [GC [PSYoungGen: 316595K->22755K(321152K)] 896227K->602474K(1020224K), 0.0637020 secs] [Times: user=0.17 sys=0.00, real=0.07 secs] 
5411.476: [GC [PSYoungGen: 315875K->25978K(320640K)] 895594K->605785K(1019712K), 0.0794780 secs] [Times: user=0.19 sys=0.00, real=0.08 secs] 
5411.834: [GC [PSYoungGen: 319034K->20069K(313152K)] 898841K->599972K(1012224K), 0.0675410 secs] [Times: user=0.17 sys=0.00, real=0.07 secs] 
5412.207: [GC [PSYoungGen: 313125K->23300K(321600K)] 893028K->603283K(1020672K), 0.0789640 secs] [Times: user=0.17 sys=0.00, real=0.08 secs] 
5412.629: [GC [PSYoungGen: 316612K->27772K(321088K)] 896595K->607843K(1020160K), 0.0935950 secs] [Times: user=0.22 sys=0.00, real=0.09 secs] 
5413.062: [GC [PSYoungGen: 321084K->26380K(318528K)] 901155K->606548K(1017600K), 0.0803370 secs] [Times: user=0.19 sys=0.00, real=0.08 secs] 
5413.451: [GC [PSYoungGen: 316492K->21052K(319808K)] 896660K->601315K(1018880K), 0.0704780 secs] [Times: user=0.17 sys=0.01, real=0.07 secs] 
5413.836: [GC [PSYoungGen: 311164K->28263K(317632K)] 891427K->608615K(1016704K), 0.0796130 secs] [Times: user=0.20 sys=0.00, real=0.08 secs] 
5414.233: [GC [PSYoungGen: 316327K->25877K(313984K)] 896679K->606324K(1013056K), 0.0601110 secs] [Times: user=0.17 sys=0.00, real=0.06 secs] 
5414.558: [GC [PSYoungGen: 313941K->18715K(318208K)] 894388K->599282K(1017280K), 0.0771720 secs] [Times: user=0.15 sys=0.00, real=0.08 secs] 
5414.965: [GC [PSYoungGen: 306139K->27120K(314560K)] 886706K->607775K(1013632K), 0.0700650 secs] [Times: user=0.17 sys=0.00, real=0.07 secs] 
5415.362: [GC [PSYoungGen: 314544K->25672K(318016K)] 895199K->606439K(1017088K), 0.0894300 secs] [Times: user=0.18 sys=0.00, real=0.09 secs] 
5415.873: [GC [PSYoungGen: 312072K->21382K(317888K)] 892839K->602229K(1016960K), 0.0959670 secs] [Times: user=0.17 sys=0.00, real=0.10 secs] 
5416.323: [GC [PSYoungGen: 307782K->21190K(318592K)] 888629K->602133K(1017664K), 0.0669550 secs] [Times: user=0.16 sys=0.00, real=0.07 secs] 
5416.721: [GC [PSYoungGen: 308550K->17958K(318272K)] 889493K->598989K(1017344K), 0.0589690 secs] [Times: user=0.15 sys=0.00, real=0.06 secs] 
5417.089: [GC [PSYoungGen: 305318K->26139K(317696K)] 886349K->607258K(1016768K), 0.0704620 secs] [Times: user=0.18 sys=0.00, real=0.07 secs] 
5417.490: [GC [PSYoungGen: 312667K->22886K(318016K)] 893786K->604093K(1017088K), 0.0642590 secs] [Times: user=0.16 sys=0.01, real=0.07 secs] 
5417.864: [GC [PSYoungGen: 309414K->19571K(318848K)] 890621K->600866K(1017920K), 0.0607500 secs] [Times: user=0.14 sys=0.00, real=0.07 secs] 
5418.274: [GC [PSYoungGen: 307635K->24091K(318720K)] 888930K->605458K(1017792K), 0.0947230 secs] [Times: user=0.16 sys=0.01, real=0.10 secs] 
5418.717: [GC [PSYoungGen: 312155K->27651K(317248K)] 893522K->609098K(1016320K), 0.0739290 secs] [Times: user=0.16 sys=0.00, real=0.07 secs] 
5419.175: [GC [PSYoungGen: 314563K->20672K(318208K)] 896010K->602199K(1017280K), 0.1040490 secs] [Times: user=0.16 sys=0.00, real=0.11 secs] 
5419.744: [GC [PSYoungGen: 307584K->23386K(319232K)] 889111K->605001K(1018304K), 0.0958250 secs] [Times: user=0.17 sys=0.00, real=0.10 secs] 
5420.168: [GC [PSYoungGen: 311642K->26277K(318528K)] 893257K->607956K(1017600K), 0.0793330 secs] [Times: user=0.18 sys=0.00, real=0.08 secs] 
5420.569: [GC [PSYoungGen: 314533K->27791K(317120K)] 896212K->609559K(1016192K), 0.0741330 secs] [Times: user=0.19 sys=0.00, real=0.07 secs] 
5420.933: [GC [PSYoungGen: 314191K->24001K(317952K)] 895959K->605857K(1017024K), 0.0673320 secs] [Times: user=0.16 sys=0.00, real=0.07 secs] 
5421.337: [GC [PSYoungGen: 310401K->26650K(318016K)] 892257K->608594K(1017088K), 0.0773360 secs] [Times: user=0.18 sys=0.00, real=0.07 secs] 
5421.750: [GC [PSYoungGen: 313818K->27461K(314688K)] 895762K->609522K(1013760K), 0.0912760 secs] [Times: user=0.18 sys=0.02, real=0.09 secs] 
5422.247: [GC [PSYoungGen: 314629K->19854K(317696K)] 896690K->602002K(1016768K), 0.0808240 secs] [Times: user=0.16 sys=0.00, real=0.08 secs] 
5422.642: [GC [PSYoungGen: 305870K->21425K(317760K)] 888018K->603662K(1016832K), 0.0607250 secs] [Times: user=0.16 sys=0.01, real=0.06 secs] 
5422.969: [GC [PSYoungGen: 307441K->25714K(318144K)] 889678K->608047K(1017216K), 0.0565340 secs] [Times: user=0.17 sys=0.00, real=0.06 secs] 
5423.326: [GC [PSYoungGen: 312434K->22220K(318080K)] 894767K->604624K(1017152K), 0.0810180 secs] [Times: user=0.18 sys=0.00, real=0.08 secs] 
5423.693: [GC [PSYoungGen: 308940K->18671K(318272K)] 891344K->601164K(1017344K), 0.0752840 secs] [Times: user=0.15 sys=0.00, real=0.08 secs] 
5424.063: [GC [PSYoungGen: 305967K->28667K(315968K)] 888460K->611248K(1015040K), 0.0763110 secs] [Times: user=0.19 sys=0.00, real=0.08 secs] 
5424.495: [GC [PSYoungGen: 315963K->22728K(317824K)] 898544K->605381K(1016896K), 0.1101400 secs] [Times: user=0.16 sys=0.00, real=0.12 secs] 
5424.864: [GC [PSYoungGen: 308232K->25411K(317184K)] 890885K->608151K(1016256K), 0.0787480 secs] [Times: user=0.18 sys=0.00, real=0.08 secs] 
5425.299: [GC [PSYoungGen: 310908K->24036K(318720K)] 893649K->606969K(1017792K), 0.0816360 secs] [Times: user=0.19 sys=0.00, real=0.08 secs] 
5425.781: [GC [PSYoungGen: 311268K->26272K(318016K)] 894201K->609300K(1017088K), 0.0897660 secs] [Times: user=0.17 sys=0.00, real=0.09 secs] 
5426.189: [GC [PSYoungGen: 313504K->23603K(319104K)] 896532K->606704K(1018176K), 0.0690410 secs] [Times: user=0.18 sys=0.00, real=0.07 secs] 
5426.589: [GC [PSYoungGen: 311731K->27738K(315904K)] 894832K->610935K(1014976K), 0.0948360 secs] [Times: user=0.21 sys=0.00, real=0.09 secs] 
5426.991: [GC [PSYoungGen: 315866K->27199K(317632K)] 899063K->610468K(1016704K), 0.0669110 secs] [Times: user=0.20 sys=0.00, real=0.07 secs] 
5427.414: [GC [PSYoungGen: 313727K->27251K(313792K)] 896996K->610591K(1012864K), 0.0773270 secs] [Times: user=0.19 sys=0.00, real=0.08 secs] 
5427.846: [GC [PSYoungGen: 313779K->23937K(318272K)] 897119K->607382K(1017344K), 0.0670290 secs] [Times: user=0.17 sys=0.00, real=0.06 secs] 
5428.297: [GC [PSYoungGen: 310465K->22356K(317760K)] 893910K->605896K(1016832K), 0.0691740 secs] [Times: user=0.18 sys=0.00, real=0.06 secs] 
5428.661: [GC [PSYoungGen: 308884K->24081K(319040K)] 892424K->607621K(1018112K), 0.0895320 secs] [Times: user=0.17 sys=0.01, real=0.09 secs] 
5429.118: [GC [PSYoungGen: 312081K->25683K(318464K)] 895621K->609304K(1017536K), 0.0850980 secs] [Times: user=0.17 sys=0.00, real=0.08 secs] 
5429.542: [GC [PSYoungGen: 313683K->27382K(318400K)] 897304K->611075K(1017472K), 0.0709020 secs] [Times: user=0.19 sys=0.01, real=0.07 secs] 
5429.925: [GC [PSYoungGen: 315446K->19548K(307648K)] 899138K->603336K(1006720K), 0.0490640 secs] [Times: user=0.16 sys=0.00, real=0.05 secs] 
5430.347: [GC [PSYoungGen: 307612K->24761K(318976K)] 891400K->609182K(1018048K), 0.0828620 secs] [Times: user=0.17 sys=0.00, real=0.08 secs] 
5430.849: [GC [PSYoungGen: 312633K->23889K(318400K)] 897054K->608574K(1017472K), 0.0786920 secs] [Times: user=0.18 sys=0.00, real=0.08 secs] 
5431.251: [GC [PSYoungGen: 311761K->25426K(319616K)] 896446K->610191K(1018688K), 0.0770400 secs] [Times: user=0.19 sys=0.00, real=0.08 secs] 
5431.712: [GC [PSYoungGen: 315026K->22222K(319488K)] 899791K->607075K(1018560K), 0.0731450 secs] [Times: user=0.16 sys=0.00, real=0.07 secs] 
5432.098: [GC [PSYoungGen: 311822K->24422K(320256K)] 896675K->609355K(1019328K), 0.0724800 secs] [Times: user=0.18 sys=0.00, real=0.07 secs] 
5432.502: [GC [PSYoungGen: 314982K->14921K(305536K)] 899915K->599942K(1004608K), 0.0426340 secs] [Times: user=0.13 sys=0.00, real=0.04 secs] 
5432.842: [GC [PSYoungGen: 305481K->26084K(318528K)] 890502K->611181K(1017600K), 0.0674950 secs] [Times: user=0.17 sys=0.00, real=0.07 secs] 
5433.297: [GC [PSYoungGen: 314276K->22409K(318848K)] 899373K->607594K(1017920K), 0.0940150 secs] [Times: user=0.16 sys=0.00, real=0.09 secs] 
5433.701: [GC [PSYoungGen: 310601K->19426K(319232K)] 895786K->604699K(1018304K), 0.0569500 secs] [Times: user=0.15 sys=0.00, real=0.06 secs] 
5434.109: [GC [PSYoungGen: 308514K->18698K(319296K)] 893787K->604059K(1018368K), 0.0692780 secs] [Times: user=0.17 sys=0.01, real=0.07 secs] 
5434.614: [GC [PSYoungGen: 307786K->18808K(319360K)] 893147K->604257K(1018432K), 0.0586630 secs] [Times: user=0.15 sys=0.00, real=0.06 secs] 
5435.033: [GC [PSYoungGen: 307960K->23075K(319296K)] 893409K->608604K(1018368K), 0.0743290 secs] [Times: user=0.17 sys=0.00, real=0.08 secs] 
5435.454: [GC [PSYoungGen: 312227K->25514K(318976K)] 897756K->611131K(1018048K), 0.0714320 secs] [Times: user=0.18 sys=0.00, real=0.07 secs] 
5435.899: [GC [PSYoungGen: 314858K->24378K(319424K)] 900475K->610067K(1018496K), 0.0882200 secs] [Times: user=0.18 sys=0.00, real=0.09 secs] 
5436.298: [GC [PSYoungGen: 313722K->23888K(319872K)] 899411K->609673K(1018944K), 0.0668020 secs] [Times: user=0.17 sys=0.00, real=0.06 secs] 
5436.695: [GC [PSYoungGen: 313808K->19410K(319552K)] 899593K->605275K(1018624K), 0.0686800 secs] [Times: user=0.18 sys=0.00, real=0.07 secs] 
5437.111: [GC [PSYoungGen: 309325K->24619K(319808K)] 895190K->610580K(1018880K), 0.0692860 secs] [Times: user=0.19 sys=0.00, real=0.07 secs] 
5438.374: [GC [PSYoungGen: 314859K->17327K(307584K)] 900820K->603368K(1006656K), 0.0656620 secs] [Times: user=0.15 sys=0.00, real=0.07 secs] 
5438.824: [GC [PSYoungGen: 307567K->23847K(319808K)] 893608K->609984K(1018880K), 0.0691230 secs] [Times: user=0.17 sys=0.00, real=0.07 secs] 
5439.238: [GC [PSYoungGen: 313767K->22105K(319616K)] 899904K->608306K(1018688K), 0.0626360 secs] [Times: user=0.16 sys=0.00, real=0.07 secs] 
5439.632: [GC [PSYoungGen: 312025K->21810K(321024K)] 898226K->608115K(1020096K), 0.0545410 secs] [Times: user=0.15 sys=0.00, real=0.05 secs] 
5440.010: [GC [PSYoungGen: 313778K->26176K(318208K)] 900083K->612553K(1017280K), 0.0734480 secs] [Times: user=0.19 sys=0.01, real=0.07 secs] 
5440.435: [GC [PSYoungGen: 318144K->20675K(320512K)] 904521K->607140K(1019584K), 0.0844910 secs] [Times: user=0.19 sys=0.01, real=0.09 secs] 
5440.852: [GC [PSYoungGen: 311875K->25183K(320192K)] 898340K->611728K(1019264K), 0.0540970 secs] [Times: user=0.17 sys=0.00, real=0.05 secs] 
5441.252: [GC [PSYoungGen: 316383K->23708K(320448K)] 902928K->610333K(1019520K), 0.0867520 secs] [Times: user=0.19 sys=0.01, real=0.09 secs] 
5441.674: [GC [PSYoungGen: 314844K->19264K(320192K)] 901469K->605985K(1019264K), 0.0690090 secs] [Times: user=0.17 sys=0.00, real=0.07 secs] 
5442.128: [GC [PSYoungGen: 310400K->23059K(320896K)] 897121K->609868K(1019968K), 0.0645760 secs] [Times: user=0.17 sys=0.00, real=0.06 secs] 
5442.638: [GC [PSYoungGen: 314963K->17158K(320512K)] 901772K->604056K(1019584K), 0.0636980 secs] [Times: user=0.15 sys=0.00, real=0.06 secs] 
5443.071: [GC [PSYoungGen: 309050K->22429K(321152K)] 895947K->609406K(1020224K), 0.1050910 secs] [Times: user=0.19 sys=0.00, real=0.10 secs] 
5443.451: [GC [PSYoungGen: 314653K->28321K(320576K)] 901630K->617662K(1019648K), 0.1002050 secs] [Times: user=0.23 sys=0.00, real=0.10 secs] 
5443.875: [GC [PSYoungGen: 320545K->20212K(317248K)] 909886K->609713K(1016320K), 0.0740750 secs] [Times: user=0.16 sys=0.00, real=0.08 secs] 
5444.311: [GC [PSYoungGen: 308532K->19252K(318912K)] 898033K->608850K(1017984K), 0.1089940 secs] [Times: user=0.14 sys=0.01, real=0.11 secs] 
5444.828: [GC [PSYoungGen: 307572K->23709K(319424K)] 897170K->613379K(1018496K), 0.0701060 secs] [Times: user=0.17 sys=0.01, real=0.07 secs] 
5445.234: [GC [PSYoungGen: 312733K->19056K(319104K)] 902403K->608829K(1018176K), 0.0708170 secs] [Times: user=0.18 sys=0.01, real=0.07 secs] 
5445.706: [GC [PSYoungGen: 308080K->25410K(318720K)] 897853K->615255K(1017792K), 0.1095840 secs] [Times: user=0.16 sys=0.00, real=0.11 secs] 
5446.153: [GC [PSYoungGen: 314242K->20057K(319168K)] 904087K->609975K(1018240K), 0.0655690 secs] [Times: user=0.17 sys=0.00, real=0.06 secs] 
5446.545: [GC [PSYoungGen: 308888K->20393K(320000K)] 898806K->610398K(1019072K), 0.0864730 secs] [Times: user=0.20 sys=0.01, real=0.09 secs] 
5446.974: [GC [PSYoungGen: 310441K->25280K(319552K)] 900446K->615382K(1018624K), 0.0962030 secs] [Times: user=0.17 sys=0.00, real=0.10 secs] 
5447.474: [GC [PSYoungGen: 315328K->26607K(317888K)] 905430K->616796K(1016960K), 0.0615120 secs] [Times: user=0.19 sys=0.00, real=0.06 secs] 
5447.867: [GC [PSYoungGen: 314543K->28091K(316032K)] 904732K->618361K(1015104K), 0.0969030 secs] [Times: user=0.18 sys=0.00, real=0.10 secs] 
5448.351: [GC [PSYoungGen: 316027K->26442K(316928K)] 906297K->616792K(1016000K), 0.0679450 secs] [Times: user=0.18 sys=0.00, real=0.07 secs] 
5448.747: [GC [PSYoungGen: 311434K->17316K(302336K)] 901784K->607761K(1001408K), 0.0653780 secs] [Times: user=0.18 sys=0.00, real=0.07 secs] 
5449.088: [GC [PSYoungGen: 302308K->22882K(317952K)] 892753K->613415K(1017024K), 0.0739970 secs] [Times: user=0.19 sys=0.00, real=0.08 secs] 
5449.560: [GC [PSYoungGen: 308386K->20948K(317056K)] 898919K->611570K(1016128K), 0.0804060 secs] [Times: user=0.17 sys=0.00, real=0.08 secs] 
5449.903: [GC [PSYoungGen: 306452K->24051K(318848K)] 897074K->614760K(1017920K), 0.0674430 secs] [Times: user=0.17 sys=0.00, real=0.07 secs] 
5450.396: [GC [PSYoungGen: 311859K->22662K(318464K)] 902568K->613451K(1017536K), 0.0639300 secs] [Times: user=0.16 sys=0.00, real=0.07 secs] 
5450.728: [GC [PSYoungGen: 310470K->22750K(320256K)] 901259K->613540K(1019328K), 0.0781420 secs] [Times: user=0.17 sys=0.00, real=0.08 secs] 
5451.123: [GC [PSYoungGen: 313054K->24792K(319552K)] 903844K->615670K(1018624K), 0.0719250 secs] [Times: user=0.17 sys=0.00, real=0.07 secs] 
5451.521: [GC [PSYoungGen: 315096K->23864K(320512K)] 905974K->614822K(1019584K), 0.0826190 secs] [Times: user=0.16 sys=0.00, real=0.08 secs] 
5452.086: [GC [PSYoungGen: 315056K->24208K(320192K)] 906013K->615262K(1019264K), 0.0706670 secs] [Times: user=0.16 sys=0.00, real=0.07 secs] 
5452.556: [GC [PSYoungGen: 315408K->21328K(320896K)] 906462K->612454K(1019968K), 0.0685750 secs] [Times: user=0.16 sys=0.00, real=0.07 secs] 
5452.984: [GC [PSYoungGen: 313424K->20309K(320704K)] 904550K->611515K(1019776K), 0.0995250 secs] [Times: user=0.17 sys=0.00, real=0.10 secs] 
5453.390: [GC [PSYoungGen: 312405K->23166K(321408K)] 903611K->614459K(1020480K), 0.0874080 secs] [Times: user=0.18 sys=0.01, real=0.09 secs] 
5453.808: [GC [PSYoungGen: 316030K->19808K(320960K)] 907323K->611173K(1020032K), 0.0650270 secs] [Times: user=0.16 sys=0.00, real=0.07 secs] 
5454.376: [GC [PSYoungGen: 312672K->21340K(321792K)] 904037K->612802K(1020864K), 0.0798760 secs] [Times: user=0.16 sys=0.01, real=0.08 secs] 
5454.872: [GC [PSYoungGen: 315036K->21161K(321408K)] 906498K->612727K(1020480K), 0.0688000 secs] [Times: user=0.17 sys=0.00, real=0.07 secs] 
5455.271: [GC [PSYoungGen: 314855K->22063K(322560K)] 906421K->613716K(1021632K), 0.0889050 secs] [Times: user=0.17 sys=0.00, real=0.09 secs] 
5455.747: [GC [PSYoungGen: 317231K->19991K(322112K)] 908884K->611725K(1021184K), 0.0777450 secs] [Times: user=0.16 sys=0.00, real=0.08 secs] 
5456.244: [GC [PSYoungGen: 315159K->24491K(321856K)] 906893K->616305K(1020928K), 0.0790620 secs] [Times: user=0.19 sys=0.00, real=0.08 secs] 
5456.757: [GC [PSYoungGen: 319467K->22601K(322240K)] 911281K->614495K(1021312K), 0.0959140 secs] [Times: user=0.19 sys=0.01, real=0.10 secs] 
5457.124: [GC [PSYoungGen: 317577K->16985K(321728K)] 909471K->608975K(1020800K), 0.0522530 secs] [Times: user=0.14 sys=0.00, real=0.05 secs] 
5457.554: [GC [PSYoungGen: 311833K->25821K(320704K)] 903823K->617875K(1019776K), 0.1254170 secs] [Times: user=0.18 sys=0.00, real=0.12 secs] 
5458.145: [GC [PSYoungGen: 320669K->24987K(320320K)] 912723K->617129K(1019392K), 0.1102490 secs] [Times: user=0.17 sys=0.00, real=0.11 secs] 
5458.586: [GC [PSYoungGen: 317019K->24057K(320768K)] 909161K->616271K(1019840K), 0.0892950 secs] [Times: user=0.16 sys=0.00, real=0.09 secs] 
5459.304: [GC [PSYoungGen: 316089K->21694K(321280K)] 908303K->614004K(1020352K), 0.0527840 secs] [Times: user=0.15 sys=0.01, real=0.05 secs] 
5459.689: [GC [PSYoungGen: 314302K->27401K(320064K)] 906612K->619799K(1019136K), 0.0696350 secs] [Times: user=0.21 sys=0.00, real=0.07 secs] 
5460.126: [GC [PSYoungGen: 320009K->24536K(320128K)] 912407K->617014K(1019200K), 0.0890450 secs] [Times: user=0.19 sys=0.00, real=0.09 secs] 
5460.520: [GC [PSYoungGen: 315224K->21439K(320064K)] 907702K->613989K(1019136K), 0.0818970 secs] [Times: user=0.15 sys=0.00, real=0.09 secs] 
5461.041: [GC [PSYoungGen: 312127K->22362K(320896K)] 904677K->614999K(1019968K), 0.0707580 secs] [Times: user=0.17 sys=0.00, real=0.07 secs] 
5461.428: [GC [PSYoungGen: 314202K->19946K(320448K)] 906839K->612671K(1019520K), 0.0650450 secs] [Times: user=0.17 sys=0.00, real=0.07 secs] 
5461.892: [GC [PSYoungGen: 311786K->23887K(321088K)] 904511K->616701K(1020160K), 0.1233160 secs] [Times: user=0.18 sys=0.00, real=0.12 secs] 
5462.343: [GC [PSYoungGen: 316431K->25063K(317632K)] 909245K->617949K(1016704K), 0.0891260 secs] [Times: user=0.16 sys=0.00, real=0.09 secs] 
5462.818: [GC [PSYoungGen: 317607K->24690K(320704K)] 910493K->617672K(1019776K), 0.0722410 secs] [Times: user=0.17 sys=0.00, real=0.07 secs] 
5463.244: [GC [PSYoungGen: 316722K->26251K(318336K)] 909704K->619305K(1017408K), 0.0863860 secs] [Times: user=0.19 sys=0.00, real=0.08 secs] 
5463.605: [GC [PSYoungGen: 318283K->23701K(320640K)] 911337K->616859K(1019712K), 0.0714680 secs] [Times: user=0.17 sys=0.00, real=0.07 secs] 
5464.073: [GC [PSYoungGen: 315029K->28673K(320064K)] 908187K->621919K(1019136K), 0.0952640 secs] [Times: user=0.20 sys=0.01, real=0.09 secs] 
5464.498: [GC [PSYoungGen: 320001K->26293K(318016K)] 913247K->619611K(1017088K), 0.0771140 secs] [Times: user=0.19 sys=0.00, real=0.08 secs] 
5465.034: [GC [PSYoungGen: 314869K->21992K(319040K)] 908187K->615405K(1018112K), 0.0619400 secs] [Times: user=0.16 sys=0.00, real=0.06 secs] 
5465.517: [GC [PSYoungGen: 310568K->21919K(319552K)] 903981K->615420K(1018624K), 0.0669220 secs] [Times: user=0.16 sys=0.01, real=0.07 secs] 
5465.851: [GC [PSYoungGen: 311263K->24664K(319296K)] 904764K->618261K(1018368K), 0.0567810 secs] [Times: user=0.17 sys=0.00, real=0.06 secs] 
5466.277: [GC [PSYoungGen: 314008K->26101K(319424K)] 907605K->619771K(1018496K), 0.0863970 secs] [Times: user=0.17 sys=0.00, real=0.09 secs] 
5466.660: [GC [PSYoungGen: 315829K->23693K(319616K)] 909499K->617459K(1018688K), 0.0825840 secs] [Times: user=0.17 sys=0.00, real=0.09 secs] 
5467.027: [GC [PSYoungGen: 313421K->24840K(320320K)] 907187K->618694K(1019392K), 0.0671770 secs] [Times: user=0.16 sys=0.00, real=0.07 secs] 
5467.427: [GC [PSYoungGen: 315784K->19718K(310720K)] 909638K->613659K(1009792K), 0.1012750 secs] [Times: user=0.17 sys=0.00, real=0.10 secs] 
5467.883: [GC [PSYoungGen: 310662K->27631K(318400K)] 904603K->621669K(1017472K), 0.0931550 secs] [Times: user=0.19 sys=0.00, real=0.09 secs] 
5468.274: [GC [PSYoungGen: 316591K->25013K(319232K)] 910629K->619131K(1018304K), 0.0798960 secs] [Times: user=0.18 sys=0.00, real=0.08 secs] 
5468.756: [GC [PSYoungGen: 313973K->20159K(319232K)] 908091K->614373K(1018304K), 0.0739100 secs] [Times: user=0.17 sys=0.00, real=0.07 secs] 
5469.124: [GC [PSYoungGen: 309375K->25618K(319360K)] 903589K->619903K(1018432K), 0.0615860 secs] [Times: user=0.19 sys=0.01, real=0.06 secs] 
5469.554: [GC [PSYoungGen: 314834K->23197K(319808K)] 909119K->617562K(1018880K), 0.0634490 secs] [Times: user=0.15 sys=0.00, real=0.06 secs] 
5469.997: [GC [PSYoungGen: 312861K->21845K(319360K)] 907226K->616290K(1018432K), 0.0677180 secs] [Times: user=0.18 sys=0.00, real=0.07 secs] 
5470.464: [GC [PSYoungGen: 311509K->22550K(320448K)] 905954K->617116K(1019520K), 0.0683630 secs] [Times: user=0.18 sys=0.00, real=0.07 secs] 
5470.891: [GC [PSYoungGen: 313558K->21148K(320064K)] 908124K->615802K(1019136K), 0.0878990 secs] [Times: user=0.18 sys=0.00, real=0.09 secs] 
5471.361: [GC [PSYoungGen: 312156K->24553K(320640K)] 906810K->619303K(1019712K), 0.0904730 secs] [Times: user=0.21 sys=0.00, real=0.09 secs] 
5471.741: [GC [PSYoungGen: 316265K->20659K(320576K)] 911015K->615497K(1019648K), 0.0634760 secs] [Times: user=0.15 sys=0.00, real=0.07 secs] 
5472.151: [GC [PSYoungGen: 312371K->24188K(320896K)] 907209K->619106K(1019968K), 0.0825120 secs] [Times: user=0.18 sys=0.00, real=0.09 secs] 
5472.485: [GC [PSYoungGen: 316284K->24811K(320704K)] 911202K->619816K(1019776K), 0.0729550 secs] [Times: user=0.17 sys=0.00, real=0.07 secs] 
5472.907: [GC [PSYoungGen: 316907K->26916K(319360K)] 911912K->621994K(1018432K), 0.0999720 secs] [Times: user=0.20 sys=0.02, real=0.10 secs] 
5473.372: [GC [PSYoungGen: 317668K->27753K(318528K)] 912746K->622927K(1017600K), 0.0912120 secs] [Times: user=0.18 sys=0.00, real=0.10 secs] 
5473.770: [GC [PSYoungGen: 318505K->24000K(319744K)] 913679K->619262K(1018816K), 0.0905220 secs] [Times: user=0.16 sys=0.00, real=0.09 secs] 
5474.168: [GC [PSYoungGen: 313408K->23376K(319168K)] 908670K->618710K(1018240K), 0.0844830 secs] [Times: user=0.21 sys=0.01, real=0.08 secs] 
5474.594: [GC [PSYoungGen: 312784K->21660K(320320K)] 908118K->617074K(1019392K), 0.0805880 secs] [Times: user=0.18 sys=0.00, real=0.08 secs] 
5474.996: [GC [PSYoungGen: 312668K->26845K(317888K)] 908082K->622354K(1016960K), 0.0792680 secs] [Times: user=0.19 sys=0.00, real=0.08 secs] 
5475.394: [GC [PSYoungGen: 317853K->17898K(318720K)] 913362K->613479K(1017792K), 0.0740280 secs] [Times: user=0.16 sys=0.01, real=0.07 secs] 
5475.781: [GC [PSYoungGen: 306858K->26153K(315136K)] 902439K->621831K(1014208K), 0.0673800 secs] [Times: user=0.18 sys=0.00, real=0.07 secs] 
5476.222: [GC [PSYoungGen: 315113K->23071K(319488K)] 910791K->618836K(1018560K), 0.0740620 secs] [Times: user=0.18 sys=0.00, real=0.08 secs] 
5476.640: [GC [PSYoungGen: 311967K->20433K(318912K)] 907732K->616302K(1017984K), 0.0756130 secs] [Times: user=0.15 sys=0.00, real=0.08 secs] 
5477.148: [GC [PSYoungGen: 309329K->25003K(319616K)] 905198K->620985K(1018688K), 0.0829160 secs] [Times: user=0.19 sys=0.01, real=0.08 secs] 
5477.589: [GC [PSYoungGen: 314667K->25429K(319552K)] 910649K->621499K(1018624K), 0.0788390 secs] [Times: user=0.18 sys=0.00, real=0.08 secs] 
5477.990: [GC [PSYoungGen: 315093K->25304K(319552K)] 911163K->621514K(1018624K), 0.0856950 secs] [Times: user=0.19 sys=0.01, real=0.09 secs] 
5478.403: [GC [PSYoungGen: 314904K->19074K(308736K)] 911114K->615372K(1007808K), 0.0671080 secs] [Times: user=0.16 sys=0.00, real=0.07 secs] 
5478.766: [GC [PSYoungGen: 308674K->20830K(319616K)] 904972K->617215K(1018688K), 0.0773520 secs] [Times: user=0.17 sys=0.01, real=0.08 secs] 
5479.206: [GC [PSYoungGen: 310302K->22987K(319360K)] 906687K->619461K(1018432K), 0.0958930 secs] [Times: user=0.16 sys=0.01, real=0.09 secs] 
5479.663: [GC [PSYoungGen: 312459K->27098K(318464K)] 908933K->623659K(1017536K), 0.0842720 secs] [Times: user=0.20 sys=0.01, real=0.09 secs] 
5480.019: [GC [PSYoungGen: 316307K->22506K(319360K)] 912869K->619163K(1018432K), 0.0648120 secs] [Times: user=0.17 sys=0.00, real=0.07 secs] 
5480.536: [GC [PSYoungGen: 311722K->21685K(320192K)] 908379K->618415K(1019264K), 0.1009380 secs] [Times: user=0.17 sys=0.00, real=0.10 secs] 
5480.947: [GC [PSYoungGen: 312245K->24023K(319872K)] 908975K->620833K(1018944K), 0.0931380 secs] [Times: user=0.16 sys=0.00, real=0.09 secs] 
5481.383: [GC [PSYoungGen: 314583K->21235K(320704K)] 911393K->618133K(1019776K), 0.1133110 secs] [Times: user=0.22 sys=0.01, real=0.12 secs] 
5481.940: [GC [PSYoungGen: 312947K->24157K(320512K)] 909845K->621151K(1019584K), 0.0704680 secs] [Times: user=0.18 sys=0.00, real=0.07 secs] 
5482.282: [GC [PSYoungGen: 315869K->21303K(321088K)] 912863K->618369K(1020160K), 0.0753070 secs] [Times: user=0.18 sys=0.00, real=0.08 secs] 
5482.700: [GC [PSYoungGen: 313783K->20365K(320896K)] 910849K->617502K(1019968K), 0.0650350 secs] [Times: user=0.16 sys=0.00, real=0.07 secs] 
5483.209: [GC [PSYoungGen: 312845K->24817K(320768K)] 909982K->622043K(1019840K), 0.1078500 secs] [Times: user=0.19 sys=0.01, real=0.11 secs] 
5483.574: [GC [PSYoungGen: 317233K->26168K(318592K)] 914459K->623474K(1017664K), 0.0671150 secs] [Times: user=0.18 sys=0.00, real=0.07 secs] 
5484.032: [GC [PSYoungGen: 318584K->28907K(317376K)] 915890K->626293K(1016448K), 0.1121790 secs] [Times: user=0.21 sys=0.00, real=0.11 secs] 
5484.417: [GC [PSYoungGen: 317099K->26185K(314432K)] 914485K->623666K(1013504K), 0.0901320 secs] [Times: user=0.19 sys=0.00, real=0.09 secs] 
5484.862: [GC [PSYoungGen: 314377K->13772K(316480K)] 911858K->611413K(1015552K), 0.0446280 secs] [Times: user=0.13 sys=0.01, real=0.05 secs] 
5485.248: [GC [PSYoungGen: 299404K->28069K(313728K)] 897045K->625782K(1012800K), 0.0955880 secs] [Times: user=0.20 sys=0.00, real=0.09 secs] 
5485.666: [GC [PSYoungGen: 313701K->23601K(317504K)] 911414K->621387K(1016576K), 0.0768880 secs] [Times: user=0.17 sys=0.00, real=0.07 secs] 
5486.111: [GC [PSYoungGen: 308209K->21474K(316608K)] 905995K->619355K(1015680K), 0.0702320 secs] [Times: user=0.17 sys=0.01, real=0.07 secs] 
5486.482: [GC [PSYoungGen: 306082K->22499K(318656K)] 903963K->620469K(1017728K), 0.0673420 secs] [Times: user=0.15 sys=0.01, real=0.07 secs] 
5486.884: [GC [PSYoungGen: 309667K->25460K(318016K)] 907637K->623509K(1017088K), 0.0744600 secs] [Times: user=0.18 sys=0.00, real=0.08 secs] 
5487.262: [GC [PSYoungGen: 312628K->23518K(319360K)] 910677K->621655K(1018432K), 0.1199340 secs] [Times: user=0.18 sys=0.01, real=0.12 secs] 
5487.724: [GC [PSYoungGen: 311966K->24310K(318592K)] 910103K->622535K(1017664K), 0.0873340 secs] [Times: user=0.22 sys=0.00, real=0.09 secs] 
5488.203: [GC [PSYoungGen: 312758K->26955K(318400K)] 910983K->625277K(1017472K), 0.0755680 secs] [Times: user=0.21 sys=0.01, real=0.08 secs] 
5488.580: [GC [PSYoungGen: 315531K->21830K(319040K)] 913853K->620231K(1018112K), 0.0733510 secs] [Times: user=0.17 sys=0.00, real=0.07 secs] 
5489.033: [GC [PSYoungGen: 310406K->25952K(318976K)] 908807K->624433K(1018048K), 0.0898340 secs] [Times: user=0.18 sys=0.00, real=0.09 secs] 
5489.476: [GC [PSYoungGen: 314784K->25843K(314688K)] 913265K->624437K(1013760K), 0.1027720 secs] [Times: user=0.18 sys=0.00, real=0.10 secs] 
5489.949: [GC [PSYoungGen: 314675K->17272K(318080K)] 913269K->615930K(1017152K), 0.0767540 secs] [Times: user=0.13 sys=0.00, real=0.08 secs] 
5490.424: [GC [PSYoungGen: 304952K->25157K(318592K)] 903610K->623902K(1017664K), 0.1074090 secs] [Times: user=0.17 sys=0.00, real=0.11 secs] 
5490.832: [GC [PSYoungGen: 312824K->22268K(319168K)] 911569K->621109K(1018240K), 0.0656920 secs] [Times: user=0.16 sys=0.00, real=0.07 secs] 
5491.290: [GC [PSYoungGen: 310588K->23799K(318656K)] 909429K->622712K(1017728K), 0.0653080 secs] [Times: user=0.17 sys=0.00, real=0.06 secs] 
5491.700: [GC [PSYoungGen: 312119K->21658K(320064K)] 911032K->620659K(1019136K), 0.0851200 secs] [Times: user=0.17 sys=0.00, real=0.08 secs] 
5492.111: [GC [PSYoungGen: 311962K->23201K(319744K)] 910963K->622274K(1018816K), 0.0716240 secs] [Times: user=0.18 sys=0.00, real=0.07 secs] 
5492.504: [GC [PSYoungGen: 313505K->21565K(320896K)] 912578K->620711K(1019968K), 0.0575900 secs] [Times: user=0.16 sys=0.00, real=0.06 secs] 
5492.912: [GC [PSYoungGen: 313597K->21661K(320640K)] 912743K->620902K(1019712K), 0.0712470 secs] [Times: user=0.17 sys=0.00, real=0.07 secs] 
5493.325: [GC [PSYoungGen: 313693K->26783K(319488K)] 912934K->626025K(1018560K), 0.0746110 secs] [Times: user=0.18 sys=0.00, real=0.08 secs] 
5493.809: [GC [PSYoungGen: 317919K->23097K(320320K)] 917161K->622426K(1019392K), 0.0793090 secs] [Times: user=0.17 sys=0.00, real=0.08 secs] 
5494.245: [GC [PSYoungGen: 314233K->22986K(321280K)] 913562K->622395K(1020352K), 0.1043640 secs] [Times: user=0.20 sys=0.00, real=0.11 secs] 
5494.664: [GC [PSYoungGen: 315594K->23469K(320832K)] 915003K->622974K(1019904K), 0.0777260 secs] [Times: user=0.17 sys=0.00, real=0.08 secs] 
5495.077: [GC [PSYoungGen: 316077K->21176K(321792K)] 915582K->620777K(1020864K), 0.0776500 secs] [Times: user=0.16 sys=0.01, real=0.07 secs] 
5495.429: [GC [PSYoungGen: 315192K->19607K(313664K)] 914793K->619281K(1012736K), 0.0828970 secs] [Times: user=0.15 sys=0.00, real=0.08 secs] 
5495.851: [GC [PSYoungGen: 313623K->26066K(320256K)] 913297K->625827K(1019328K), 0.0894490 secs] [Times: user=0.22 sys=0.01, real=0.09 secs] 
5496.223: [GC [PSYoungGen: 318482K->22366K(320960K)] 918243K->622239K(1020032K), 0.0673300 secs] [Times: user=0.16 sys=0.00, real=0.07 secs] 
5496.587: [GC [PSYoungGen: 314782K->23401K(321728K)] 914655K->623355K(1020800K), 0.0672950 secs] [Times: user=0.17 sys=0.01, real=0.06 secs] 
5497.048: [GC [PSYoungGen: 316969K->25841K(319424K)] 916923K->625875K(1018496K), 0.0728910 secs] [Times: user=0.17 sys=0.00, real=0.07 secs] 
5497.422: [GC [PSYoungGen: 319409K->19688K(320896K)] 919443K->619817K(1019968K), 0.0834190 secs] [Times: user=0.15 sys=0.00, real=0.08 secs] 
5497.866: [GC [PSYoungGen: 312212K->23853K(321024K)] 912341K->624070K(1020096K), 0.0942290 secs] [Times: user=0.17 sys=0.00, real=0.10 secs] 
5498.245: [GC [PSYoungGen: 316397K->25204K(320640K)] 916614K->625534K(1019712K), 0.0679560 secs] [Times: user=0.17 sys=0.00, real=0.07 secs] 
5498.704: [GC [PSYoungGen: 317620K->25678K(318144K)] 917950K->626104K(1017216K), 0.0831370 secs] [Times: user=0.19 sys=0.00, real=0.09 secs] 
5499.066: [GC [PSYoungGen: 318094K->24486K(320768K)] 918520K->624975K(1019840K), 0.0828590 secs] [Times: user=0.18 sys=0.00, real=0.09 secs] 
5499.462: [GC [PSYoungGen: 316390K->20748K(320640K)] 916879K->621326K(1019712K), 0.0681990 secs] [Times: user=0.18 sys=0.01, real=0.07 secs] 
5499.858: [GC [PSYoungGen: 312652K->22804K(321280K)] 913230K->623478K(1020352K), 0.0689830 secs] [Times: user=0.17 sys=0.00, real=0.06 secs] 
5500.228: [GC [PSYoungGen: 315412K->24002K(320832K)] 916086K->624756K(1019904K), 0.0722180 secs] [Times: user=0.16 sys=0.00, real=0.07 secs] 
5500.667: [GC [PSYoungGen: 316610K->25814K(320576K)] 917364K->626647K(1019648K), 0.1176690 secs] [Times: user=0.20 sys=0.01, real=0.12 secs] 
5501.121: [GC [PSYoungGen: 318358K->20919K(321024K)] 919191K->621840K(1020096K), 0.0786280 secs] [Times: user=0.18 sys=0.00, real=0.08 secs] 
5501.576: [GC [PSYoungGen: 313463K->20262K(320960K)] 914384K->621287K(1020032K), 0.0644550 secs] [Times: user=0.16 sys=0.01, real=0.07 secs] 
5501.958: [GC [PSYoungGen: 312806K->23733K(321024K)] 913831K->624839K(1020096K), 0.0646190 secs] [Times: user=0.16 sys=0.00, real=0.06 secs] 
5502.323: [GC [PSYoungGen: 316277K->27053K(319424K)] 917383K->628246K(1018496K), 0.0782320 secs] [Times: user=0.19 sys=0.00, real=0.08 secs] 
5502.735: [GC [PSYoungGen: 318302K->25459K(316736K)] 919495K->626732K(1015808K), 0.0706850 secs] [Times: user=0.19 sys=0.00, real=0.07 secs] 
5503.106: [GC [PSYoungGen: 316723K->21689K(320448K)] 917996K->623058K(1019520K), 0.0607310 secs] [Times: user=0.15 sys=0.00, real=0.06 secs] 
5503.548: [GC [PSYoungGen: 312825K->25103K(320192K)] 914194K->626569K(1019264K), 0.0675640 secs] [Times: user=0.17 sys=0.00, real=0.06 secs] 
5503.997: [GC [PSYoungGen: 316239K->22361K(320704K)] 917704K->623907K(1019776K), 0.0729330 secs] [Times: user=0.17 sys=0.00, real=0.08 secs] 
5504.377: [GC [PSYoungGen: 313945K->24666K(320384K)] 915491K->626308K(1019456K), 0.0744520 secs] [Times: user=0.17 sys=0.00, real=0.08 secs] 
5504.762: [GC [PSYoungGen: 316250K->21270K(320896K)] 917892K->623000K(1019968K), 0.0723510 secs] [Times: user=0.19 sys=0.00, real=0.07 secs] 
5505.188: [GC [PSYoungGen: 313494K->25458K(317696K)] 915224K->627259K(1016768K), 0.0792890 secs] [Times: user=0.19 sys=0.00, real=0.08 secs] 
5505.591: [GC [PSYoungGen: 317682K->26087K(319872K)] 919483K->627968K(1018944K), 0.0810890 secs] [Times: user=0.18 sys=0.01, real=0.08 secs] 
5506.093: [GC [PSYoungGen: 317095K->24202K(320256K)] 918976K->626223K(1019328K), 0.1087070 secs] [Times: user=0.22 sys=0.01, real=0.11 secs] 
5506.479: [GC [PSYoungGen: 315210K->20375K(320512K)] 917231K->622477K(1019584K), 0.0743820 secs] [Times: user=0.16 sys=0.00, real=0.07 secs] 
5506.926: [GC [PSYoungGen: 312023K->20264K(311936K)] 914125K->622445K(1011008K), 0.0606920 secs] [Times: user=0.16 sys=0.00, real=0.06 secs] 
5507.320: [GC [PSYoungGen: 311912K->25885K(319744K)] 914093K->628162K(1018816K), 0.0741960 secs] [Times: user=0.17 sys=0.01, real=0.07 secs] 
5507.732: [GC [PSYoungGen: 316635K->23829K(320128K)] 918912K->626186K(1019200K), 0.0724020 secs] [Times: user=0.19 sys=0.00, real=0.07 secs] 
5508.114: [GC [PSYoungGen: 314567K->21819K(320832K)] 916924K->624249K(1019904K), 0.0651680 secs] [Times: user=0.16 sys=0.00, real=0.07 secs] 
5508.540: [GC [PSYoungGen: 313723K->22656K(320576K)] 916153K->625173K(1019648K), 0.0869030 secs] [Times: user=0.18 sys=0.01, real=0.08 secs] 
5508.975: [GC [PSYoungGen: 314560K->15220K(319552K)] 917077K->617825K(1018624K), 0.0664220 secs] [Times: user=0.16 sys=0.00, real=0.07 secs] 
5509.367: [GC [PSYoungGen: 306484K->23870K(320384K)] 909089K->626563K(1019456K), 0.0609980 secs] [Times: user=0.16 sys=0.00, real=0.06 secs] 
5509.825: [GC [PSYoungGen: 315134K->22914K(321024K)] 917827K->625695K(1020096K), 0.0609370 secs] [Times: user=0.16 sys=0.01, real=0.06 secs] 
5510.231: [GC [PSYoungGen: 314946K->24054K(320512K)] 917727K->626931K(1019584K), 0.0886000 secs] [Times: user=0.18 sys=0.00, real=0.09 secs] 
5510.789: [GC [PSYoungGen: 316084K->27348K(318784K)] 918962K->630305K(1017856K), 0.0712120 secs] [Times: user=0.19 sys=0.00, real=0.08 secs] 
5511.202: [GC [PSYoungGen: 317706K->16487K(306880K)] 920664K->619540K(1005952K), 0.0862500 secs] [Times: user=0.15 sys=0.00, real=0.08 secs] 
5511.612: [GC [PSYoungGen: 306855K->26549K(318016K)] 909908K->629674K(1017088K), 0.0763060 secs] [Times: user=0.19 sys=0.00, real=0.07 secs] 
5512.108: [GC [PSYoungGen: 314485K->21445K(318720K)] 917610K->624658K(1017792K), 0.0795140 secs] [Times: user=0.16 sys=0.00, real=0.08 secs] 
5512.517: [GC [PSYoungGen: 309381K->27022K(317568K)] 912594K->630323K(1016640K), 0.0704900 secs] [Times: user=0.18 sys=0.00, real=0.07 secs] 
5512.881: [GC [PSYoungGen: 314318K->23374K(318400K)] 917619K->626763K(1017472K), 0.0829360 secs] [Times: user=0.18 sys=0.01, real=0.08 secs] 
5513.369: [GC [PSYoungGen: 310670K->20874K(319424K)] 914059K->624351K(1018496K), 0.0704680 secs] [Times: user=0.16 sys=0.00, real=0.07 secs] 
5513.739: [GC [PSYoungGen: 309962K->25450K(319168K)] 913439K->629015K(1018240K), 0.0765670 secs] [Times: user=0.17 sys=0.00, real=0.08 secs] 
5514.205: [GC [PSYoungGen: 314538K->23905K(319680K)] 918103K->627550K(1018752K), 0.0672860 secs] [Times: user=0.16 sys=0.00, real=0.07 secs] 
5514.639: [GC [PSYoungGen: 313313K->24185K(319232K)] 916958K->627926K(1018304K), 0.0621150 secs] [Times: user=0.16 sys=0.00, real=0.06 secs] 
5515.086: [GC [PSYoungGen: 313593K->23917K(320448K)] 917334K->627738K(1019520K), 0.0931750 secs] [Times: user=0.19 sys=0.00, real=0.10 secs] 
5515.501: [GC [PSYoungGen: 314861K->19265K(320000K)] 918682K->623183K(1019072K), 0.0766910 secs] [Times: user=0.18 sys=0.00, real=0.07 secs] 
5516.036: [GC [PSYoungGen: 310209K->21835K(320704K)] 914127K->625832K(1019776K), 0.0791730 secs] [Times: user=0.16 sys=0.01, real=0.08 secs] 
5516.434: [GC [PSYoungGen: 313355K->24587K(320320K)] 917352K->628665K(1019392K), 0.0704450 secs] [Times: user=0.17 sys=0.00, real=0.07 secs] 
5516.841: [GC [PSYoungGen: 316107K->26408K(319360K)] 920185K->630581K(1018432K), 0.0765880 secs] [Times: user=0.19 sys=0.00, real=0.07 secs] 
5517.232: [GC [PSYoungGen: 316904K->21720K(320000K)] 921077K->625973K(1019072K), 0.0800800 secs] [Times: user=0.16 sys=0.00, real=0.08 secs] 
5517.675: [GC [PSYoungGen: 312216K->23511K(320832K)] 916469K->627876K(1019904K), 0.0677200 secs] [Times: user=0.16 sys=0.00, real=0.07 secs] 
5518.133: [GC [PSYoungGen: 315159K->25593K(320320K)] 919524K->630046K(1019392K), 0.0767220 secs] [Times: user=0.20 sys=0.00, real=0.07 secs] 
5518.589: [GC [PSYoungGen: 317241K->20470K(320512K)] 921694K->625004K(1019584K), 0.0883140 secs] [Times: user=0.16 sys=0.00, real=0.09 secs] 
5519.062: [GC [PSYoungGen: 311990K->25925K(317504K)] 916524K->630530K(1016576K), 0.1059820 secs] [Times: user=0.18 sys=0.00, real=0.10 secs] 
5519.467: [GC [PSYoungGen: 317445K->25590K(319680K)] 922050K->630283K(1018752K), 0.0808130 secs] [Times: user=0.19 sys=0.00, real=0.08 secs] 
5519.864: [GC [PSYoungGen: 315830K->25599K(315840K)] 920523K->630372K(1014912K), 0.0846860 secs] [Times: user=0.21 sys=0.00, real=0.08 secs] 
5520.278: [GC [PSYoungGen: 315839K->22871K(320192K)] 920612K->627724K(1019264K), 0.0954790 secs] [Times: user=0.17 sys=0.00, real=0.10 secs] 
5520.893: [GC [PSYoungGen: 313367K->19836K(319808K)] 918220K->624770K(1018880K), 0.0633970 secs] [Times: user=0.17 sys=0.01, real=0.06 secs] 
5521.276: [GC [PSYoungGen: 310332K->23861K(320512K)] 915266K->628882K(1019584K), 0.0630890 secs] [Times: user=0.17 sys=0.01, real=0.06 secs] 
5521.675: [GC [PSYoungGen: 314933K->23848K(320064K)] 919954K->628949K(1019136K), 0.0759170 secs] [Times: user=0.19 sys=0.01, real=0.08 secs] 
5522.164: [GC [PSYoungGen: 314920K->21938K(321152K)] 920021K->627127K(1020224K), 0.0921270 secs] [Times: user=0.19 sys=0.00, real=0.09 secs] 
5522.662: [GC [PSYoungGen: 314482K->23311K(320896K)] 919671K->628588K(1019968K), 0.0648900 secs] [Times: user=0.17 sys=0.01, real=0.06 secs] 
5523.079: [GC [PSYoungGen: 315855K->24593K(321536K)] 921132K->629950K(1020608K), 0.0969180 secs] [Times: user=0.17 sys=0.00, real=0.10 secs] 
5523.506: [GC [PSYoungGen: 318289K->21185K(321600K)] 923646K->626630K(1020672K), 0.0648710 secs] [Times: user=0.17 sys=0.00, real=0.07 secs] 
5523.940: [GC [PSYoungGen: 314881K->23333K(322112K)] 920326K->628866K(1021184K), 0.0777350 secs] [Times: user=0.16 sys=0.00, real=0.08 secs] 
5524.334: [GC [PSYoungGen: 317605K->24155K(321664K)] 923138K->629760K(1020736K), 0.0599970 secs] [Times: user=0.16 sys=0.00, real=0.06 secs] 
5524.809: [GC [PSYoungGen: 318426K->26421K(320640K)] 924031K->632106K(1019712K), 0.0699770 secs] [Times: user=0.17 sys=0.00, real=0.07 secs] 
5525.165: [GC [PSYoungGen: 319733K->22769K(321408K)] 925418K->628550K(1020480K), 0.0692850 secs] [Times: user=0.18 sys=0.01, real=0.07 secs] 
5525.553: [GC [PSYoungGen: 316081K->26708K(320192K)] 921862K->632569K(1019264K), 0.0840450 secs] [Times: user=0.19 sys=0.01, real=0.08 secs] 
5525.961: [GC [PSYoungGen: 319124K->25941K(318400K)] 924985K->631898K(1017472K), 0.0672180 secs] [Times: user=0.19 sys=0.01, real=0.07 secs] 
5526.450: [GC [PSYoungGen: 318348K->18024K(319616K)] 924306K->624054K(1018688K), 0.0721600 secs] [Times: user=0.14 sys=0.00, real=0.08 secs] 
5526.868: [GC [PSYoungGen: 308776K->24499K(320128K)] 914806K->630600K(1019200K), 0.0872820 secs] [Times: user=0.18 sys=0.00, real=0.09 secs] 
5527.377: [GC [PSYoungGen: 315251K->23624K(320832K)] 921352K->629829K(1019904K), 0.0931890 secs] [Times: user=0.19 sys=0.00, real=0.09 secs] 
5527.790: [GC [PSYoungGen: 315272K->20215K(320320K)] 921477K->626500K(1019392K), 0.0596160 secs] [Times: user=0.15 sys=0.00, real=0.06 secs] 
5528.213: [GC [PSYoungGen: 311863K->25280K(320384K)] 918148K->631661K(1019456K), 0.0710380 secs] [Times: user=0.20 sys=0.00, real=0.07 secs] 
5528.616: [GC [PSYoungGen: 316928K->23285K(320576K)] 923309K->630712K(1019648K), 0.0991240 secs] [Times: user=0.18 sys=0.00, real=0.10 secs] 
5529.102: [GC [PSYoungGen: 314933K->25891K(320320K)] 922360K->633398K(1019392K), 0.0781810 secs] [Times: user=0.19 sys=0.00, real=0.07 secs] 
5529.496: [GC [PSYoungGen: 317795K->19331K(311296K)] 925302K->626918K(1010368K), 0.0592800 secs] [Times: user=0.15 sys=0.00, real=0.06 secs] 
5529.914: [GC [PSYoungGen: 311235K->19082K(320192K)] 918822K->626757K(1019264K), 0.0795170 secs] [Times: user=0.14 sys=0.00, real=0.08 secs] 
5530.321: [GC [PSYoungGen: 310218K->25006K(316160K)] 917893K->632769K(1015232K), 0.0801580 secs] [Times: user=0.17 sys=0.00, real=0.08 secs] 
5530.818: [GC [PSYoungGen: 316142K->22833K(320768K)] 923905K->630685K(1019840K), 0.0640380 secs] [Times: user=0.16 sys=0.00, real=0.07 secs] 
5531.218: [GC [PSYoungGen: 314225K->25039K(320128K)] 922077K->632971K(1019200K), 0.0813470 secs] [Times: user=0.18 sys=0.00, real=0.08 secs] 
5531.636: [GC [PSYoungGen: 316431K->28023K(318144K)] 924363K->636050K(1017216K), 0.1170850 secs] [Times: user=0.23 sys=0.00, real=0.12 secs] 
5532.119: [GC [PSYoungGen: 317239K->18052K(307328K)] 925266K->626159K(1006400K), 0.0671600 secs] [Times: user=0.18 sys=0.01, real=0.07 secs] 
5532.515: [GC [PSYoungGen: 307265K->21286K(319424K)] 915372K->629473K(1018496K), 0.0704450 secs] [Times: user=0.16 sys=0.00, real=0.07 secs] 
5532.992: [GC [PSYoungGen: 310246K->22648K(319040K)] 918433K->630923K(1018112K), 0.0768540 secs] [Times: user=0.18 sys=0.00, real=0.07 secs] 
5533.414: [GC [PSYoungGen: 311608K->24150K(320320K)] 919883K->632521K(1019392K), 0.0783920 secs] [Times: user=0.17 sys=0.01, real=0.08 secs] 
5533.939: [GC [PSYoungGen: 315094K->25320K(316288K)] 923465K->633772K(1015360K), 0.0724220 secs] [Times: user=0.17 sys=0.00, real=0.07 secs] 
5534.341: [GC [PSYoungGen: 316264K->23702K(320512K)] 924716K->632249K(1019584K), 0.0733310 secs] [Times: user=0.17 sys=0.00, real=0.08 secs] 
5534.717: [GC [PSYoungGen: 314774K->26956K(318080K)] 923321K->635583K(1017152K), 0.0805500 secs] [Times: user=0.18 sys=0.01, real=0.08 secs] 
5535.137: [GC [PSYoungGen: 318028K->18073K(318976K)] 926655K->626788K(1018048K), 0.0592210 secs] [Times: user=0.15 sys=0.00, real=0.06 secs] 
5535.613: [GC [PSYoungGen: 307289K->23117K(319360K)] 916004K->631920K(1018432K), 0.0831570 secs] [Times: user=0.18 sys=0.00, real=0.08 secs] 
5535.996: [GC [PSYoungGen: 312333K->20933K(320320K)] 921136K->629816K(1019392K), 0.0881670 secs] [Times: user=0.17 sys=0.01, real=0.09 secs] 
5536.422: [GC [PSYoungGen: 311813K->25306K(320064K)] 920696K->634277K(1019136K), 0.0604460 secs] [Times: user=0.18 sys=0.00, real=0.06 secs] 
5536.873: [GC [PSYoungGen: 316186K->18959K(319936K)] 925157K->628010K(1019008K), 0.0668270 secs] [Times: user=0.15 sys=0.00, real=0.06 secs] 
5537.278: [GC [PSYoungGen: 309455K->22286K(320000K)] 918506K->631425K(1019072K), 0.0710460 secs] [Times: user=0.17 sys=0.00, real=0.07 secs] 
5537.745: [GC [PSYoungGen: 312782K->21110K(320960K)] 921921K->630329K(1020032K), 0.0831930 secs] [Times: user=0.16 sys=0.00, real=0.08 secs] 
5538.126: [GC [PSYoungGen: 313142K->20123K(320576K)] 922361K->629446K(1019648K), 0.1028480 secs] [Times: user=0.15 sys=0.00, real=0.10 secs] 
5538.520: [GC [PSYoungGen: 312155K->24531K(320640K)] 921478K->633958K(1019712K), 0.0705510 secs] [Times: user=0.19 sys=0.00, real=0.07 secs] 
5538.888: [GC [PSYoungGen: 316819K->26218K(318528K)] 926246K->635741K(1017600K), 0.0787850 secs] [Times: user=0.18 sys=0.00, real=0.08 secs] 
5539.259: [GC [PSYoungGen: 318506K->22526K(320704K)] 928029K->632137K(1019776K), 0.0768030 secs] [Times: user=0.18 sys=0.00, real=0.08 secs] 
5539.705: [GC [PSYoungGen: 313854K->23879K(320128K)] 923465K->633570K(1019200K), 0.0712100 secs] [Times: user=0.18 sys=0.00, real=0.07 secs] 
5540.083: [GC [PSYoungGen: 315207K->27580K(318656K)] 924898K->637367K(1017728K), 0.0752150 secs] [Times: user=0.19 sys=0.00, real=0.07 secs] 
5540.519: [GC [PSYoungGen: 317692K->22540K(319808K)] 927479K->632415K(1018880K), 0.0682310 secs] [Times: user=0.16 sys=0.00, real=0.07 secs] 
5540.934: [GC [PSYoungGen: 312652K->26354K(319232K)] 922527K->636301K(1018304K), 0.0818410 secs] [Times: user=0.19 sys=0.01, real=0.08 secs] 
5541.392: [GC [PSYoungGen: 316338K->22268K(319744K)] 926285K->632319K(1018816K), 0.0613400 secs] [Times: user=0.17 sys=0.00, real=0.07 secs] 
5541.808: [GC [PSYoungGen: 312252K->26282K(319232K)] 922303K->636413K(1018304K), 0.0648070 secs] [Times: user=0.17 sys=0.01, real=0.06 secs] 
5542.134: [GC [PSYoungGen: 316138K->25300K(319680K)] 926269K->635519K(1018752K), 0.0616090 secs] [Times: user=0.17 sys=0.00, real=0.06 secs] 
5542.531: [GC [PSYoungGen: 315156K->23674K(320256K)] 925375K->633982K(1019328K), 0.0842760 secs] [Times: user=0.18 sys=0.00, real=0.09 secs] 
5542.983: [GC [PSYoungGen: 314106K->19794K(319680K)] 924414K->630198K(1018752K), 0.0815500 secs] [Times: user=0.14 sys=0.00, real=0.09 secs] 
5543.388: [GC [PSYoungGen: 310226K->22901K(320576K)] 920630K->633384K(1019648K), 0.0675070 secs] [Times: user=0.19 sys=0.00, real=0.07 secs] 
5543.808: [GC [PSYoungGen: 314037K->23900K(320064K)] 924520K->634463K(1019136K), 0.0698820 secs] [Times: user=0.18 sys=0.00, real=0.07 secs] 
5544.270: [GC [PSYoungGen: 315036K->17298K(319808K)] 925599K->627949K(1018880K), 0.0640590 secs] [Times: user=0.15 sys=0.00, real=0.07 secs] 
5544.833: [GC [PSYoungGen: 308562K->23103K(320384K)] 919213K->633826K(1019456K), 0.0800980 secs] [Times: user=0.17 sys=0.00, real=0.08 secs] 
5545.300: [GC [PSYoungGen: 314367K->24830K(320576K)] 925090K->635641K(1019648K), 0.0656570 secs] [Times: user=0.18 sys=0.00, real=0.07 secs] 
5545.731: [GC [PSYoungGen: 316862K->24283K(320768K)] 927673K->635182K(1019840K), 0.0861930 secs] [Times: user=0.17 sys=0.01, real=0.09 secs] 
5546.125: [GC [PSYoungGen: 316315K->20862K(321024K)] 927214K->631850K(1020096K), 0.0628390 secs] [Times: user=0.16 sys=0.00, real=0.06 secs] 
5546.535: [GC [PSYoungGen: 313266K->23498K(320896K)] 924254K->634566K(1019968K), 0.0793240 secs] [Times: user=0.17 sys=0.00, real=0.08 secs] 
5546.929: [GC [PSYoungGen: 315901K->24071K(321472K)] 926969K->635242K(1020544K), 0.0673460 secs] [Times: user=0.18 sys=0.00, real=0.07 secs] 
5547.427: [GC [PSYoungGen: 317447K->18372K(311808K)] 928618K->629607K(1010880K), 0.0700410 secs] [Times: user=0.17 sys=0.00, real=0.07 secs] 
5547.777: [GC [PSYoungGen: 311748K->24197K(321152K)] 922983K->635537K(1020224K), 0.0640170 secs] [Times: user=0.17 sys=0.00, real=0.06 secs] 
5548.230: [GC [PSYoungGen: 316997K->21342K(321152K)] 928337K->632753K(1020224K), 0.0772870 secs] [Times: user=0.17 sys=0.00, real=0.08 secs] 
5548.668: [GC [PSYoungGen: 314142K->25382K(320576K)] 925553K->636881K(1019648K), 0.0966440 secs] [Times: user=0.18 sys=0.00, real=0.10 secs] 
5549.083: [GC [PSYoungGen: 317926K->20883K(321024K)] 929425K->632470K(1020096K), 0.0607750 secs] [Times: user=0.15 sys=0.00, real=0.07 secs] 
5549.600: [GC [PSYoungGen: 313427K->19964K(321280K)] 925014K->631639K(1020352K), 0.0598650 secs] [Times: user=0.15 sys=0.00, real=0.06 secs] 
5550.069: [GC [PSYoungGen: 312956K->21697K(321216K)] 924631K->633460K(1020288K), 0.0865180 secs] [Times: user=0.15 sys=0.00, real=0.09 secs] 
5550.517: [GC [PSYoungGen: 314689K->21417K(322112K)] 926452K->633252K(1021184K), 0.0876780 secs] [Times: user=0.16 sys=0.00, real=0.08 secs] 
5550.942: [GC [PSYoungGen: 315753K->18864K(321728K)] 927588K->630803K(1020800K), 0.0821760 secs] [Times: user=0.16 sys=0.00, real=0.08 secs] 
5551.338: [GC [PSYoungGen: 313200K->23396K(322048K)] 925139K->635423K(1021120K), 0.1038680 secs] [Times: user=0.18 sys=0.01, real=0.10 secs] 
5551.781: [GC [PSYoungGen: 317984K->22411K(322048K)] 930011K->634511K(1021120K), 0.0621650 secs] [Times: user=0.16 sys=0.01, real=0.06 secs] 
5552.345: [GC [PSYoungGen: 317003K->24873K(321408K)] 929103K->637060K(1020480K), 0.0536250 secs] [Times: user=0.18 sys=0.01, real=0.05 secs] 
5552.708: [GC [PSYoungGen: 319209K->24961K(319360K)] 931396K->637236K(1018432K), 0.1050550 secs] [Times: user=0.18 sys=0.00, real=0.10 secs] 
5553.160: [GC [PSYoungGen: 319297K->26544K(319680K)] 931572K->638908K(1018752K), 0.0638140 secs] [Times: user=0.17 sys=0.00, real=0.06 secs] 
5553.549: [GC [PSYoungGen: 318192K->26691K(318400K)] 930556K->639142K(1017472K), 0.0575960 secs] [Times: user=0.19 sys=0.00, real=0.06 secs] 
5553.924: [GC [PSYoungGen: 318339K->24913K(319872K)] 930790K->637452K(1018944K), 0.0855960 secs] [Times: user=0.17 sys=0.00, real=0.09 secs] 
5554.338: [GC [PSYoungGen: 315089K->25081K(319808K)] 927628K->637692K(1018880K), 0.0735740 secs] [Times: user=0.19 sys=0.00, real=0.07 secs] 
5554.755: [GC [PSYoungGen: 315257K->24812K(320128K)] 927868K->637519K(1019200K), 0.0751320 secs] [Times: user=0.18 sys=0.00, real=0.07 secs] 
5555.165: [GC [PSYoungGen: 315372K->23065K(319936K)] 928079K->635845K(1019008K), 0.0673370 secs] [Times: user=0.17 sys=0.00, real=0.06 secs] 
5555.527: [GC [PSYoungGen: 313625K->28336K(318208K)] 926405K->641212K(1017280K), 0.0759610 secs] [Times: user=0.19 sys=0.00, real=0.07 secs] 
5555.911: [GC [PSYoungGen: 317552K->24460K(319360K)] 930428K->637431K(1018432K), 0.0669360 secs] [Times: user=0.18 sys=0.00, real=0.07 secs] 
5556.343: [GC [PSYoungGen: 313676K->22844K(320128K)] 926647K->635904K(1019200K), 0.0718030 secs] [Times: user=0.19 sys=0.00, real=0.07 secs] 
5556.803: [GC [PSYoungGen: 313340K->23069K(319872K)] 926400K->636192K(1018944K), 0.0789320 secs] [Times: user=0.16 sys=0.00, real=0.08 secs] 
5557.277: [GC [PSYoungGen: 313565K->24560K(320768K)] 926688K->637771K(1019840K), 0.0743110 secs] [Times: user=0.20 sys=0.00, real=0.07 secs] 
5557.708: [GC [PSYoungGen: 316336K->25087K(320512K)] 929547K->638378K(1019584K), 0.1080250 secs] [Times: user=0.18 sys=0.01, real=0.11 secs] 
5558.198: [GC [PSYoungGen: 316863K->20149K(320448K)] 930154K->633529K(1019520K), 0.0682900 secs] [Times: user=0.19 sys=0.00, real=0.07 secs] 
5558.635: [GC [PSYoungGen: 311925K->22134K(320640K)] 925305K->635609K(1019712K), 0.0803750 secs] [Times: user=0.16 sys=0.00, real=0.09 secs] 
5559.174: [GC [PSYoungGen: 313910K->19993K(320704K)] 927385K->633564K(1019776K), 0.0748700 secs] [Times: user=0.16 sys=0.00, real=0.08 secs] 
5559.562: [GC [PSYoungGen: 312025K->24465K(320768K)] 925596K->638116K(1019840K), 0.0652410 secs] [Times: user=0.18 sys=0.00, real=0.07 secs] 
5559.951: [GC [PSYoungGen: 316497K->20798K(320960K)] 930148K->634522K(1020032K), 0.0652630 secs] [Times: user=0.17 sys=0.01, real=0.07 secs] 
5560.370: [GC [PSYoungGen: 313086K->24217K(320832K)] 926810K->638045K(1019904K), 0.0678740 secs] [Times: user=0.18 sys=0.00, real=0.07 secs] 
5560.808: [GC [PSYoungGen: 316505K->20872K(321216K)] 930333K->634803K(1020288K), 0.0718180 secs] [Times: user=0.15 sys=0.00, real=0.07 secs] 
5561.263: [GC [PSYoungGen: 313672K->21541K(321088K)] 927603K->635568K(1020160K), 0.0647020 secs] [Times: user=0.16 sys=0.01, real=0.07 secs] 
5561.648: [GC [PSYoungGen: 314341K->27114K(319296K)] 928368K->641229K(1018368K), 0.0719680 secs] [Times: user=0.19 sys=0.00, real=0.07 secs] 
5562.056: [GC [PSYoungGen: 318378K->21684K(320384K)] 932493K->635880K(1019456K), 0.0706250 secs] [Times: user=0.17 sys=0.00, real=0.07 secs] 
5562.466: [GC [PSYoungGen: 312948K->21339K(320960K)] 927144K->635622K(1020032K), 0.0733830 secs] [Times: user=0.18 sys=0.00, real=0.07 secs] 
5562.916: [GC [PSYoungGen: 313499K->19345K(320704K)] 927782K->633716K(1019776K), 0.0625560 secs] [Times: user=0.16 sys=0.00, real=0.07 secs] 
5563.283: [GC [PSYoungGen: 311505K->19643K(321024K)] 925876K->634102K(1020096K), 0.0696300 secs] [Times: user=0.18 sys=0.00, real=0.07 secs] 
5563.671: [GC [PSYoungGen: 312123K->21393K(320960K)] 926582K->635949K(1020032K), 0.0663170 secs] [Times: user=0.17 sys=0.00, real=0.07 secs] 
5564.038: [GC [PSYoungGen: 313873K->22669K(321920K)] 928429K->637304K(1020992K), 0.0879300 secs] [Times: user=0.17 sys=0.00, real=0.08 secs] 
5564.402: [GC [PSYoungGen: 316557K->15530K(309440K)] 931192K->630261K(1008512K), 0.0594750 secs] [Times: user=0.13 sys=0.01, real=0.06 secs] 
5564.785: [GC [PSYoungGen: 309418K->26003K(319360K)] 924149K->640823K(1018432K), 0.0538260 secs] [Times: user=0.17 sys=0.00, real=0.06 secs] 
5565.263: [GC [PSYoungGen: 317130K->21034K(320320K)] 931950K->635941K(1019392K), 0.0830950 secs] [Times: user=0.15 sys=0.00, real=0.08 secs] 
5565.711: [GC [PSYoungGen: 312170K->25729K(319424K)] 927077K->640716K(1018496K), 0.0666970 secs] [Times: user=0.17 sys=0.00, real=0.07 secs] 
5566.200: [GC [PSYoungGen: 316481K->23733K(320128K)] 931468K->638816K(1019200K), 0.0717420 secs] [Times: user=0.20 sys=0.00, real=0.07 secs] 
5566.644: [GC [PSYoungGen: 314485K->24182K(320320K)] 929568K->639346K(1019392K), 0.0793890 secs] [Times: user=0.18 sys=0.01, real=0.08 secs] 
5567.045: [GC [PSYoungGen: 315318K->23100K(320320K)] 930482K->638351K(1019392K), 0.0879060 secs] [Times: user=0.17 sys=0.00, real=0.09 secs] 
5567.471: [GC [PSYoungGen: 314236K->24063K(320896K)] 929487K->639407K(1019968K), 0.0871370 secs] [Times: user=0.17 sys=0.00, real=0.09 secs] 
5567.866: [GC [PSYoungGen: 316223K->23997K(320768K)] 931567K->639420K(1019840K), 0.0702910 secs] [Times: user=0.17 sys=0.00, real=0.07 secs] 
5568.296: [GC [PSYoungGen: 316157K->21078K(321280K)] 931580K->636598K(1020352K), 0.0647640 secs] [Times: user=0.17 sys=0.00, real=0.07 secs] 
5568.732: [GC [PSYoungGen: 313878K->21234K(321024K)] 929398K->636841K(1020096K), 0.0629240 secs] [Times: user=0.16 sys=0.00, real=0.06 secs] 
5569.183: [GC [PSYoungGen: 314034K->23538K(321728K)] 929641K->639241K(1020800K), 0.0702320 secs] [Times: user=0.18 sys=0.00, real=0.07 secs] 
5569.675: [GC [PSYoungGen: 317298K->20344K(321536K)] 933001K->636135K(1020608K), 0.0610350 secs] [Times: user=0.15 sys=0.00, real=0.06 secs] 
5570.119: [GC [PSYoungGen: 314104K->22148K(322304K)] 929895K->638019K(1021376K), 0.0766140 secs] [Times: user=0.17 sys=0.00, real=0.07 secs] 
5570.514: [GC [PSYoungGen: 316804K->26799K(321472K)] 932675K->642750K(1020544K), 0.0749840 secs] [Times: user=0.19 sys=0.01, real=0.08 secs] 
5571.015: [GC [PSYoungGen: 321455K->19924K(320960K)] 937406K->635971K(1020032K), 0.0711560 secs] [Times: user=0.19 sys=0.00, real=0.07 secs] 
5571.497: [GC [PSYoungGen: 312852K->24761K(317696K)] 928899K->640880K(1016768K), 0.0699620 secs] [Times: user=0.19 sys=0.00, real=0.07 secs] 
5571.895: [GC [PSYoungGen: 317689K->21992K(321408K)] 933808K->638199K(1020480K), 0.0783520 secs] [Times: user=0.15 sys=0.01, real=0.08 secs] 
5572.401: [GC [PSYoungGen: 314856K->22613K(320960K)] 931063K->638901K(1020032K), 0.0614160 secs] [Times: user=0.16 sys=0.00, real=0.06 secs] 
5572.845: [GC [PSYoungGen: 315477K->21787K(322240K)] 931765K->638163K(1021312K), 0.0694240 secs] [Times: user=0.17 sys=0.00, real=0.07 secs] 
5573.202: [GC [PSYoungGen: 316443K->23602K(321920K)] 932819K->640058K(1020992K), 0.0672390 secs] [Times: user=0.16 sys=0.00, real=0.07 secs] 
5573.682: [GC [PSYoungGen: 318258K->21098K(322496K)] 934714K->637641K(1021568K), 0.0886010 secs] [Times: user=0.18 sys=0.00, real=0.09 secs] 
5574.136: [GC [PSYoungGen: 316458K->22550K(322368K)] 933001K->639173K(1021440K), 0.1028550 secs] [Times: user=0.16 sys=0.01, real=0.11 secs] 
5574.515: [GC [PSYoungGen: 317910K->21463K(323136K)] 934533K->638166K(1022208K), 0.0674080 secs] [Times: user=0.15 sys=0.00, real=0.07 secs] 
5575.012: [GC [PSYoungGen: 318038K->22993K(322944K)] 934741K->639792K(1022016K), 0.0617730 secs] [Times: user=0.17 sys=0.00, real=0.06 secs] 
5575.421: [GC [PSYoungGen: 319569K->24291K(322816K)] 936368K->641178K(1021888K), 0.0783010 secs] [Times: user=0.18 sys=0.01, real=0.08 secs] 
5575.874: [GC [PSYoungGen: 320931K->26421K(323072K)] 937818K->644126K(1022144K), 0.1129640 secs] [Times: user=0.19 sys=0.00, real=0.11 secs] 
5576.343: [GC [PSYoungGen: 323061K->18332K(319744K)] 940766K->636229K(1018816K), 0.0729210 secs] [Times: user=0.19 sys=0.00, real=0.07 secs] 
5576.762: [GC [PSYoungGen: 311644K->26227K(319552K)] 929541K->644204K(1018624K), 0.1223320 secs] [Times: user=0.17 sys=0.01, real=0.12 secs] 
5577.195: [GC [PSYoungGen: 319539K->26895K(318912K)] 937516K->644968K(1017984K), 0.0754070 secs] [Times: user=0.19 sys=0.00, real=0.08 secs] 
5577.608: [GC [PSYoungGen: 316879K->28833K(318848K)] 934952K->646986K(1017920K), 0.0831280 secs] [Times: user=0.19 sys=0.00, real=0.09 secs] 
5578.078: [GC [PSYoungGen: 318817K->21735K(318592K)] 936970K->640000K(1017664K), 0.0944630 secs] [Times: user=0.15 sys=0.00, real=0.10 secs] 
5578.616: [GC [PSYoungGen: 309671K->22627K(318720K)] 927936K->640989K(1017792K), 0.0722550 secs] [Times: user=0.16 sys=0.00, real=0.07 secs] 
5579.082: [GC [PSYoungGen: 310563K->23691K(319872K)] 928925K->642140K(1018944K), 0.1527820 secs] [Times: user=0.38 sys=0.01, real=0.15 secs] 
5579.545: [GC [PSYoungGen: 313291K->22918K(319232K)] 931740K->641447K(1018304K), 0.0610870 secs] [Times: user=0.17 sys=0.00, real=0.06 secs] 
5579.983: [GC [PSYoungGen: 312518K->25820K(319808K)] 931047K->644437K(1018880K), 0.0892050 secs] [Times: user=0.22 sys=0.00, real=0.09 secs] 
5580.420: [GC [PSYoungGen: 316442K->24184K(320064K)] 935059K->642889K(1019136K), 0.0689970 secs] [Times: user=0.18 sys=0.00, real=0.07 secs] 
5580.768: [GC [PSYoungGen: 314808K->20946K(320512K)] 933513K->639739K(1019584K), 0.0497080 secs] [Times: user=0.16 sys=0.00, real=0.05 secs] 
5581.238: [GC [PSYoungGen: 312402K->20730K(320448K)] 931195K->639611K(1019520K), 0.0816480 secs] [Times: user=0.17 sys=0.00, real=0.09 secs] 
5581.645: [GC [PSYoungGen: 312186K->19451K(320448K)] 931067K->638333K(1019520K), 0.0632600 secs] [Times: user=0.16 sys=0.00, real=0.06 secs] 
5582.068: [GC [PSYoungGen: 310971K->26647K(318208K)] 929853K->645616K(1017280K), 0.0703930 secs] [Times: user=0.20 sys=0.00, real=0.07 secs] 
5582.502: [GC [PSYoungGen: 318167K->25506K(319296K)] 937136K->644563K(1018368K), 0.0929340 secs] [Times: user=0.19 sys=0.00, real=0.09 secs] 
5582.992: [GC [PSYoungGen: 314978K->19054K(308544K)] 934035K->638199K(1007616K), 0.0838550 secs] [Times: user=0.15 sys=0.00, real=0.08 secs] 
5583.390: [GC [PSYoungGen: 308526K->18979K(319424K)] 927671K->638212K(1018496K), 0.0500880 secs] [Times: user=0.14 sys=0.00, real=0.05 secs] 
5583.758: [GC [PSYoungGen: 308319K->21486K(319424K)] 927552K->640819K(1018496K), 0.0534080 secs] [Times: user=0.16 sys=0.00, real=0.06 secs] 
5584.152: [GC [PSYoungGen: 310830K->19872K(320256K)] 930163K->639277K(1019328K), 0.0811010 secs] [Times: user=0.15 sys=0.00, real=0.08 secs] 
5584.555: [GC [PSYoungGen: 310624K->23529K(320000K)] 930029K->643038K(1019072K), 0.0906860 secs] [Times: user=0.18 sys=0.00, real=0.09 secs] 
5584.935: [GC [PSYoungGen: 314281K->23491K(320704K)] 933790K->643088K(1019776K), 0.0520030 secs] [Times: user=0.16 sys=0.00, real=0.05 secs] 
5585.456: [GC [PSYoungGen: 315139K->21890K(320448K)] 934736K->641567K(1019520K), 0.0684020 secs] [Times: user=0.16 sys=0.00, real=0.07 secs] 
5586.019: [GC [PSYoungGen: 313538K->23128K(321536K)] 933215K->642906K(1020608K), 0.0675410 secs] [Times: user=0.16 sys=0.00, real=0.07 secs] 
5586.576: [GC [PSYoungGen: 316376K->20714K(321216K)] 936154K->640571K(1020288K), 0.0992430 secs] [Times: user=0.16 sys=0.00, real=0.10 secs] 
5587.016: [GC [PSYoungGen: 313962K->23975K(321664K)] 933819K->643912K(1020736K), 0.0768950 secs] [Times: user=0.17 sys=0.00, real=0.08 secs] 
5587.461: [GC [PSYoungGen: 317927K->24125K(318080K)] 937864K->644150K(1017152K), 0.0652140 secs] [Times: user=0.16 sys=0.00, real=0.06 secs] 
5587.813: [GC [PSYoungGen: 318077K->23017K(322048K)] 938102K->643122K(1021120K), 0.0598580 secs] [Times: user=0.17 sys=0.00, real=0.06 secs] 
5588.232: [GC [PSYoungGen: 317225K->26892K(321152K)] 937330K->647101K(1020224K), 0.0883470 secs] [Times: user=0.17 sys=0.01, real=0.09 secs] 
5588.632: [GC [PSYoungGen: 321100K->23869K(321216K)] 941309K->644151K(1020288K), 0.0775370 secs] [Times: user=0.18 sys=0.01, real=0.07 secs] 
5589.029: [GC [PSYoungGen: 316733K->19913K(321152K)] 937015K->640282K(1020224K), 0.0718840 secs] [Times: user=0.18 sys=0.01, real=0.08 secs] 
5589.433: [GC [PSYoungGen: 312777K->21462K(321472K)] 933146K->641935K(1020544K), 0.0733520 secs] [Times: user=0.18 sys=0.00, real=0.07 secs] 
5589.891: [GC [PSYoungGen: 314564K->20249K(321152K)] 935037K->640802K(1020224K), 0.0921090 secs] [Times: user=0.16 sys=0.00, real=0.09 secs] 
5590.516: [GC [PSYoungGen: 313369K->21172K(321920K)] 933922K->641813K(1020992K), 0.0788650 secs] [Times: user=0.17 sys=0.00, real=0.08 secs] 
5590.913: [GC [PSYoungGen: 315188K->23046K(321600K)] 935829K->643783K(1020672K), 0.0608500 secs] [Times: user=0.17 sys=0.00, real=0.06 secs] 
5591.366: [GC [PSYoungGen: 317062K->23662K(322176K)] 937799K->644479K(1021248K), 0.0921700 secs] [Times: user=0.18 sys=0.00, real=0.09 secs] 
5591.864: [GC [PSYoungGen: 318510K->21243K(322176K)] 939327K->642148K(1021248K), 0.0919340 secs] [Times: user=0.17 sys=0.01, real=0.09 secs] 
5592.339: [GC [PSYoungGen: 316091K->25241K(321280K)] 936996K->646242K(1020352K), 0.0565610 secs] [Times: user=0.17 sys=0.00, real=0.06 secs] 
5592.807: [GC [PSYoungGen: 319449K->23894K(321856K)] 940450K->644975K(1020928K), 0.0777600 secs] [Times: user=0.21 sys=0.00, real=0.08 secs] 
5593.308: [GC [PSYoungGen: 318102K->21024K(322048K)] 939183K->642209K(1021120K), 0.0690660 secs] [Times: user=0.16 sys=0.00, real=0.07 secs] 
5593.772: [GC [PSYoungGen: 315488K->26279K(320768K)] 936673K->647552K(1019840K), 0.0695730 secs] [Times: user=0.18 sys=0.00, real=0.07 secs] 
5594.277: [GC [PSYoungGen: 320743K->25867K(320064K)] 942016K->647220K(1019136K), 0.0875230 secs] [Times: user=0.19 sys=0.00, real=0.09 secs] 
5594.800: [GC [PSYoungGen: 317643K->25323K(317120K)] 938996K->646772K(1016192K), 0.0985060 secs] [Times: user=0.19 sys=0.01, real=0.10 secs] 
5595.214: [GC [PSYoungGen: 317099K->20310K(320448K)] 938548K->641831K(1019520K), 0.0624650 secs] [Times: user=0.18 sys=0.00, real=0.06 secs] 
5595.606: [GC [PSYoungGen: 311702K->25102K(316544K)] 933223K->646703K(1015616K), 0.0877530 secs] [Times: user=0.20 sys=0.01, real=0.09 secs] 
5595.978: [GC [PSYoungGen: 316494K->24888K(320384K)] 938095K->646577K(1019456K), 0.0691440 secs] [Times: user=0.17 sys=0.00, real=0.07 secs] 
5596.377: [GC [PSYoungGen: 316088K->24927K(320320K)] 937777K->646704K(1019392K), 0.0954460 secs] [Times: user=0.18 sys=0.03, real=0.10 secs] 
5596.766: [GC [PSYoungGen: 316127K->24322K(320704K)] 937904K->646195K(1019776K), 0.0758900 secs] [Times: user=0.20 sys=0.00, real=0.08 secs] 
5597.173: [GC [PSYoungGen: 315906K->23345K(320384K)] 937779K->645307K(1019456K), 0.0824970 secs] [Times: user=0.20 sys=0.00, real=0.08 secs] 
5597.640: [GC [PSYoungGen: 314929K->26852K(319744K)] 936891K->648901K(1018816K), 0.0750500 secs] [Times: user=0.19 sys=0.00, real=0.08 secs] 
5598.127: [GC [PSYoungGen: 318244K->25169K(320448K)] 940293K->647315K(1019520K), 0.0683170 secs] [Times: user=0.20 sys=0.00, real=0.07 secs] 
5598.511: [GC [PSYoungGen: 316561K->23707K(320896K)] 938707K->645940K(1019968K), 0.0705630 secs] [Times: user=0.17 sys=0.00, real=0.07 secs] 
5598.981: [GC [PSYoungGen: 315597K->21671K(320512K)] 937830K->644000K(1019584K), 0.0879970 secs] [Times: user=0.17 sys=0.00, real=0.09 secs] 
5599.345: [GC [PSYoungGen: 313575K->12325K(318016K)] 935904K->634774K(1017088K), 0.0795830 secs] [Times: user=0.13 sys=0.00, real=0.08 secs] 
5599.736: [GC [PSYoungGen: 301797K->27110K(316608K)] 924246K->649656K(1015680K), 0.0810060 secs] [Times: user=0.20 sys=0.00, real=0.08 secs] 
5600.126: [GC [PSYoungGen: 316582K->26680K(317504K)] 939128K->649305K(1016576K), 0.0822410 secs] [Times: user=0.20 sys=0.01, real=0.08 secs] 
5600.641: [GC [PSYoungGen: 313208K->23036K(318016K)] 935833K->645741K(1017088K), 0.0636450 secs] [Times: user=0.18 sys=0.00, real=0.07 secs] 
5601.116: [GC [PSYoungGen: 309564K->20044K(318912K)] 932269K->642829K(1017984K), 0.0498080 secs] [Times: user=0.16 sys=0.00, real=0.05 secs] 
5601.523: [GC [PSYoungGen: 308172K->26354K(314496K)] 930957K->649243K(1013568K), 0.1494740 secs] [Times: user=0.26 sys=0.00, real=0.15 secs] 
5602.052: [GC [PSYoungGen: 314471K->21809K(318912K)] 937360K->644770K(1017984K), 0.0978250 secs] [Times: user=0.17 sys=0.00, real=0.10 secs] 
5602.497: [GC [PSYoungGen: 309681K->21192K(318464K)] 932642K->644241K(1017536K), 0.0699990 secs] [Times: user=0.18 sys=0.00, real=0.07 secs] 
5603.025: [GC [PSYoungGen: 309064K->18998K(319296K)] 932113K->642127K(1018368K), 0.0727570 secs] [Times: user=0.15 sys=0.00, real=0.07 secs] 
5603.476: [GC [PSYoungGen: 308086K->21288K(319296K)] 931215K->644505K(1018368K), 0.0995400 secs] [Times: user=0.16 sys=0.00, real=0.10 secs] 
5603.925: [GC [PSYoungGen: 310376K->25812K(318848K)] 933593K->649117K(1017920K), 0.0848340 secs] [Times: user=0.20 sys=0.00, real=0.08 secs] 
5604.392: [GC [PSYoungGen: 315028K->21452K(319360K)] 938333K->644853K(1018432K), 0.0724120 secs] [Times: user=0.18 sys=0.00, real=0.08 secs] 
5604.907: [GC [PSYoungGen: 310668K->18972K(319872K)] 934069K->642453K(1018944K), 0.0626090 secs] [Times: user=0.16 sys=0.00, real=0.06 secs] 
5605.295: [GC [PSYoungGen: 309148K->18922K(319808K)] 932629K->642500K(1018880K), 0.0904200 secs] [Times: user=0.16 sys=0.00, real=0.09 secs] 
5605.854: [GC [PSYoungGen: 309098K->27958K(317184K)] 932676K->651631K(1016256K), 0.0999810 secs] [Times: user=0.19 sys=0.00, real=0.10 secs] 
5606.274: [GC [PSYoungGen: 315638K->22923K(318592K)] 939311K->646676K(1017664K), 0.0819360 secs] [Times: user=0.18 sys=0.01, real=0.08 secs] 
5606.697: [GC [PSYoungGen: 310603K->23555K(319680K)] 934356K->647396K(1018752K), 0.0704430 secs] [Times: user=0.17 sys=0.00, real=0.07 secs] 
5607.068: [GC [PSYoungGen: 313027K->19625K(319296K)] 936868K->643554K(1018368K), 0.0781960 secs] [Times: user=0.16 sys=0.00, real=0.08 secs] 
5607.454: [GC [PSYoungGen: 309097K->21704K(320448K)] 933026K->645721K(1019520K), 0.0735540 secs] [Times: user=0.19 sys=0.00, real=0.07 secs] 
5607.875: [GC [PSYoungGen: 312516K->20843K(319872K)] 936533K->644956K(1018944K), 0.0581790 secs] [Times: user=0.18 sys=0.00, real=0.06 secs] 
5608.234: [GC [PSYoungGen: 311659K->18399K(320896K)] 935772K->642592K(1019968K), 0.0602570 secs] [Times: user=0.17 sys=0.01, real=0.06 secs] 
5608.724: [GC [PSYoungGen: 310687K->22833K(320896K)] 934880K->647146K(1019968K), 0.0891030 secs] [Times: user=0.18 sys=0.01, real=0.09 secs] 
5609.133: [GC [PSYoungGen: 315121K->19760K(321472K)] 939434K->644153K(1020544K), 0.0614330 secs] [Times: user=0.15 sys=0.00, real=0.07 secs] 
5609.537: [GC [PSYoungGen: 312880K->22880K(321152K)] 937273K->647361K(1020224K), 0.0640320 secs] [Times: user=0.16 sys=0.00, real=0.06 secs] 
5609.947: [GC [PSYoungGen: 316000K->21853K(322240K)] 940481K->646430K(1021312K), 0.0751560 secs] [Times: user=0.18 sys=0.00, real=0.07 secs] 
5610.347: [GC [PSYoungGen: 316253K->19800K(321664K)] 940830K->644458K(1020736K), 0.0585810 secs] [Times: user=0.15 sys=0.01, real=0.06 secs] 
5610.813: [GC [PSYoungGen: 314200K->22434K(322688K)] 938858K->647187K(1021760K), 0.0759960 secs] [Times: user=0.18 sys=0.00, real=0.08 secs] 
5611.220: [GC [PSYoungGen: 318050K->26343K(321984K)] 942803K->651192K(1021056K), 0.0864850 secs] [Times: user=0.19 sys=0.00, real=0.09 secs] 
5611.649: [GC [PSYoungGen: 321959K->18945K(320960K)] 946808K->643874K(1020032K), 0.0544400 secs] [Times: user=0.14 sys=0.00, real=0.05 secs] 
5612.045: [GC [PSYoungGen: 312385K->22506K(321472K)] 937314K->647516K(1020544K), 0.0474960 secs] [Times: user=0.16 sys=0.00, real=0.04 secs] 
5612.445: [GC [PSYoungGen: 315946K->24695K(320960K)] 940956K->649801K(1020032K), 0.0641600 secs] [Times: user=0.16 sys=0.00, real=0.06 secs] 
5612.914: [GC [PSYoungGen: 318007K->23378K(321408K)] 943113K->648563K(1020480K), 0.0684650 secs] [Times: user=0.17 sys=0.00, real=0.06 secs] 
5613.372: [GC [PSYoungGen: 316690K->20109K(321728K)] 941875K->645382K(1020800K), 0.0978550 secs] [Times: user=0.15 sys=0.00, real=0.10 secs] 
5613.762: [GC [PSYoungGen: 313869K->25776K(319552K)] 939142K->651129K(1018624K), 0.0661340 secs] [Times: user=0.19 sys=0.00, real=0.07 secs] 
5614.192: [GC [PSYoungGen: 319536K->21576K(321408K)] 944889K->647017K(1020480K), 0.0595700 secs] [Times: user=0.17 sys=0.00, real=0.06 secs] 
5614.649: [GC [PSYoungGen: 314440K->25304K(318208K)] 939881K->650833K(1017280K), 0.0636100 secs] [Times: user=0.18 sys=0.00, real=0.06 secs] 
5615.123: [GC [PSYoungGen: 318168K->26539K(319232K)] 943697K->652164K(1018304K), 0.1088220 secs] [Times: user=0.19 sys=0.00, real=0.11 secs] 
5615.570: [GC [PSYoungGen: 317163K->18814K(309440K)] 942788K->644535K(1008512K), 0.0585110 secs] [Times: user=0.16 sys=0.01, real=0.06 secs] 
5615.946: [GC [PSYoungGen: 309438K->25120K(319552K)] 935159K->650937K(1018624K), 0.0797310 secs] [Times: user=0.19 sys=0.00, real=0.08 secs] 
5616.354: [GC [PSYoungGen: 315104K->25481K(315520K)] 940921K->651422K(1014592K), 0.0752040 secs] [Times: user=0.18 sys=0.00, real=0.08 secs] 
5616.784: [GC [PSYoungGen: 315465K->18931K(319424K)] 941406K->644952K(1018496K), 0.0992680 secs] [Times: user=0.17 sys=0.00, real=0.10 secs] 
5617.236: [GC [PSYoungGen: 308275K->21091K(319424K)] 934296K->647184K(1018496K), 0.0942960 secs] [Times: user=0.17 sys=0.01, real=0.09 secs] 
5617.657: [GC [PSYoungGen: 310435K->23369K(320256K)] 936528K->649550K(1019328K), 0.0815230 secs] [Times: user=0.16 sys=0.00, real=0.08 secs] 
5618.017: [GC [PSYoungGen: 313993K->26767K(317440K)] 940174K->653044K(1016512K), 0.0612050 secs] [Times: user=0.17 sys=0.00, real=0.06 secs] 
5618.447: [GC [PSYoungGen: 317391K->25182K(319168K)] 943668K->651539K(1018240K), 0.0642910 secs] [Times: user=0.18 sys=0.01, real=0.06 secs] 
5618.796: [GC [PSYoungGen: 314270K->20783K(319296K)] 940627K->647235K(1018368K), 0.0761860 secs] [Times: user=0.17 sys=0.00, real=0.07 secs] 
5619.198: [GC [PSYoungGen: 309871K->22976K(320256K)] 936323K->649509K(1019328K), 0.0566470 secs] [Times: user=0.16 sys=0.00, real=0.05 secs] 
5619.653: [GC [PSYoungGen: 313344K->24243K(319616K)] 939877K->650856K(1018688K), 0.0775960 secs] [Times: user=0.16 sys=0.00, real=0.08 secs] 
5620.036: [GC [PSYoungGen: 314599K->22692K(320960K)] 941212K->649384K(1020032K), 0.0816360 secs] [Times: user=0.19 sys=0.01, real=0.08 secs] 
5620.481: [GC [PSYoungGen: 314596K->22123K(320448K)] 941288K->648912K(1019520K), 0.0753640 secs] [Times: user=0.17 sys=0.00, real=0.08 secs] 
5620.938: [GC [PSYoungGen: 314027K->23983K(321472K)] 940816K->650859K(1020544K), 0.0815880 secs] [Times: user=0.17 sys=0.00, real=0.08 secs] 
5621.352: [GC [PSYoungGen: 317295K->23611K(321344K)] 944171K->650576K(1020416K), 0.1152330 secs] [Times: user=0.24 sys=0.00, real=0.12 secs] 
5621.784: [GC [PSYoungGen: 316923K->22884K(322176K)] 943888K->649945K(1021248K), 0.0482310 secs] [Times: user=0.17 sys=0.00, real=0.05 secs] 
5622.137: [GC [PSYoungGen: 317348K->26016K(320512K)] 944409K->653165K(1019584K), 0.0726040 secs] [Times: user=0.19 sys=0.00, real=0.07 secs] 
5622.564: [GC [PSYoungGen: 320480K->22898K(321920K)] 947629K->650143K(1020992K), 0.0762430 secs] [Times: user=0.18 sys=0.00, real=0.08 secs] 
5622.918: [GC [PSYoungGen: 316850K->26090K(320064K)] 944095K->653431K(1019136K), 0.0814190 secs] [Times: user=0.18 sys=0.00, real=0.08 secs] 
5623.357: [GC [PSYoungGen: 320042K->21742K(321408K)] 947383K->649162K(1020480K), 0.0828880 secs] [Times: user=0.18 sys=0.00, real=0.08 secs] 
5623.786: [GC [PSYoungGen: 314926K->22719K(321280K)] 942346K->650220K(1020352K), 0.0837660 secs] [Times: user=0.16 sys=0.00, real=0.08 secs] 
5624.279: [GC [PSYoungGen: 315903K->23745K(322048K)] 943404K->651334K(1021120K), 0.0744200 secs] [Times: user=0.17 sys=0.00, real=0.07 secs] 
5624.675: [GC [PSYoungGen: 318081K->24076K(321792K)] 945670K->651753K(1020864K), 0.0893790 secs] [Times: user=0.17 sys=0.01, real=0.09 secs] 
5625.060: [GC [PSYoungGen: 318412K->20199K(321856K)] 946089K->647956K(1020928K), 0.0988330 secs] [Times: user=0.17 sys=0.00, real=0.10 secs] 
5625.481: [GC [PSYoungGen: 314786K->19169K(313792K)] 942543K->647022K(1012864K), 0.0601370 secs] [Times: user=0.17 sys=0.00, real=0.06 secs] 
5625.876: [GC [PSYoungGen: 313754K->27711K(318592K)] 941607K->656200K(1017664K), 0.0820030 secs] [Times: user=0.20 sys=0.00, real=0.08 secs] 
5626.331: [GC [PSYoungGen: 318591K->24427K(320192K)] 947080K->653068K(1019264K), 0.0810650 secs] [Times: user=0.17 sys=0.00, real=0.08 secs] 
5626.763: [GC [PSYoungGen: 315307K->21043K(320576K)] 943948K->649764K(1019648K), 0.0639680 secs] [Times: user=0.15 sys=0.00, real=0.07 secs] 
5627.262: [GC [PSYoungGen: 312499K->20874K(320384K)] 941220K->649683K(1019456K), 0.0891640 secs] [Times: user=0.17 sys=0.00, real=0.09 secs] 
5627.754: [GC [PSYoungGen: 312330K->23369K(321152K)] 941139K->652274K(1020224K), 0.1063630 secs] [Times: user=0.18 sys=0.01, real=0.11 secs] 
5628.234: [GC [PSYoungGen: 315785K->22298K(320768K)] 944690K->651266K(1019840K), 0.0793290 secs] [Times: user=0.19 sys=0.01, real=0.08 secs] 
5628.612: [GC [PSYoungGen: 314714K->22583K(321984K)] 943682K->651656K(1021056K), 0.1033220 secs] [Times: user=0.18 sys=0.00, real=0.10 secs] 
5629.075: [GC [PSYoungGen: 316663K->24274K(321600K)] 945736K->653419K(1020672K), 0.0754620 secs] [Times: user=0.17 sys=0.01, real=0.08 secs] 
5629.495: [GC [PSYoungGen: 318354K->22672K(322368K)] 947499K->651905K(1021440K), 0.0694890 secs] [Times: user=0.17 sys=0.00, real=0.07 secs] 
5629.921: [GC [PSYoungGen: 317505K->21168K(321984K)] 946738K->650489K(1021056K), 0.0592860 secs] [Times: user=0.15 sys=0.00, real=0.06 secs] 
5630.367: [GC [PSYoungGen: 316016K->24711K(321920K)] 945337K->654119K(1020992K), 0.0827820 secs] [Times: user=0.16 sys=0.00, real=0.09 secs] 
5630.818: [GC [PSYoungGen: 319559K->27305K(322176K)] 948967K->658300K(1021248K), 0.0996430 secs] [Times: user=0.19 sys=0.00, real=0.10 secs] 
5631.215: [GC [PSYoungGen: 322153K->21675K(319104K)] 953148K->652822K(1018176K), 0.0734250 secs] [Times: user=0.18 sys=0.01, real=0.08 secs] 
5631.580: [GC [PSYoungGen: 313451K->19944K(311744K)] 944598K->651179K(1010816K), 0.0653650 secs] [Times: user=0.16 sys=0.00, real=0.06 secs] 
5632.068: [GC [PSYoungGen: 311720K->25259K(320192K)] 942955K->656590K(1019264K), 0.0959660 secs] [Times: user=0.18 sys=0.01, real=0.09 secs] 
5632.460: [GC [PSYoungGen: 316523K->27188K(318464K)] 947854K->658615K(1017536K), 0.0970830 secs] [Times: user=0.19 sys=0.00, real=0.10 secs] 
5632.879: [GC [PSYoungGen: 318452K->21371K(319744K)] 949879K->652886K(1018816K), 0.0715950 secs] [Times: user=0.18 sys=0.00, real=0.07 secs] 
5633.306: [GC [PSYoungGen: 311099K->20067K(319488K)] 942614K->651670K(1018560K), 0.1016420 secs] [Times: user=0.15 sys=0.00, real=0.11 secs] 
5633.742: [GC [PSYoungGen: 309795K->24865K(319808K)] 941398K->656564K(1018880K), 0.0767150 secs] [Times: user=0.17 sys=0.00, real=0.08 secs] 
5634.138: [GC [PSYoungGen: 314977K->20166K(319808K)] 946676K->651945K(1018880K), 0.0670440 secs] [Times: user=0.17 sys=0.00, real=0.06 secs] 
5634.517: [GC [PSYoungGen: 310278K->23424K(320384K)] 942057K->655299K(1019456K), 0.0990600 secs] [Times: user=0.18 sys=0.00, real=0.10 secs] 
5634.931: [GC [PSYoungGen: 314240K->24678K(319936K)] 946115K->656617K(1019008K), 0.1028840 secs] [Times: user=0.16 sys=0.01, real=0.10 secs] 
5635.403: [GC [PSYoungGen: 315494K->20054K(320448K)] 947433K->652161K(1019520K), 0.0482400 secs] [Times: user=0.15 sys=0.00, real=0.05 secs] 
5635.875: [GC [PSYoungGen: 311382K->23221K(320384K)] 943489K->655416K(1019456K), 0.0805420 secs] [Times: user=0.19 sys=0.00, real=0.08 secs] 
5636.250: [GC [PSYoungGen: 314549K->22874K(321472K)] 946744K->655173K(1020544K), 0.0822050 secs] [Times: user=0.20 sys=0.00, real=0.08 secs] 
5636.679: [GC [PSYoungGen: 315802K->22793K(320960K)] 948101K->655164K(1020032K), 0.0652120 secs] [Times: user=0.17 sys=0.00, real=0.06 secs] 
5637.082: [GC [PSYoungGen: 315721K->22841K(322432K)] 948092K->655308K(1021504K), 0.0654870 secs] [Times: user=0.17 sys=0.00, real=0.07 secs] 
5637.523: [GC [PSYoungGen: 317753K->16632K(311552K)] 950220K->649187K(1010624K), 0.0829920 secs] [Times: user=0.16 sys=0.01, real=0.08 secs] 
5637.961: [GC [PSYoungGen: 311544K->27692K(318848K)] 944099K->660343K(1017920K), 0.0612010 secs] [Times: user=0.19 sys=0.00, real=0.06 secs] 
5638.300: [GC [PSYoungGen: 318828K->22251K(320320K)] 951479K->654902K(1019392K), 0.0661580 secs] [Times: user=0.19 sys=0.00, real=0.06 secs] 
5638.702: [GC [PSYoungGen: 313387K->27091K(318912K)] 946038K->659837K(1017984K), 0.0880500 secs] [Times: user=0.19 sys=0.01, real=0.09 secs] 
5639.153: [GC [PSYoungGen: 317331K->17310K(307584K)] 950077K->650129K(1006656K), 0.0514400 secs] [Times: user=0.14 sys=0.00, real=0.05 secs] 
5639.581: [GC [PSYoungGen: 307550K->21006K(319936K)] 940369K->653825K(1019008K), 0.0665490 secs] [Times: user=0.16 sys=0.00, real=0.06 secs] 
5640.016: [GC [PSYoungGen: 310926K->21644K(319488K)] 943745K->654463K(1018560K), 0.0920890 secs] [Times: user=0.16 sys=0.00, real=0.10 secs] 
5640.413: [GC [PSYoungGen: 311564K->28986K(316672K)] 944383K->662275K(1015744K), 0.0759650 secs] [Times: user=0.18 sys=0.01, real=0.08 secs] 
5640.858: [GC [PSYoungGen: 316666K->22496K(318592K)] 949955K->655945K(1017664K), 0.0935010 secs] [Times: user=0.19 sys=0.00, real=0.09 secs] 
5641.464: [GC [PSYoungGen: 310163K->26725K(317952K)] 943612K->660270K(1017024K), 0.0896960 secs] [Times: user=0.17 sys=0.00, real=0.09 secs] 
5641.880: [GC [PSYoungGen: 314405K->24359K(318592K)] 947950K->657992K(1017664K), 0.0658400 secs] [Times: user=0.17 sys=0.00, real=0.06 secs] 
5642.274: [GC [PSYoungGen: 312039K->21283K(319296K)] 945672K->654916K(1018368K), 0.0871900 secs] [Times: user=0.16 sys=0.00, real=0.09 secs] 
5642.701: [GC [PSYoungGen: 310051K->21721K(318976K)] 943684K->655450K(1018048K), 0.0944050 secs] [Times: user=0.19 sys=0.01, real=0.09 secs] 
5643.144: [GC [PSYoungGen: 310489K->24324K(319936K)] 944218K->658141K(1019008K), 0.0693720 secs] [Times: user=0.16 sys=0.00, real=0.07 secs] 
5643.585: [GC [PSYoungGen: 314500K->28278K(318464K)] 948317K->662183K(1017536K), 0.0764210 secs] [Times: user=0.21 sys=0.00, real=0.08 secs] 
5643.946: [GC [PSYoungGen: 318454K->24475K(319168K)] 952359K->658476K(1018240K), 0.0900920 secs] [Times: user=0.18 sys=0.01, real=0.09 secs] 
5644.362: [GC [PSYoungGen: 312859K->23933K(318720K)] 946860K->657998K(1017792K), 0.0516150 secs] [Times: user=0.17 sys=0.00, real=0.05 secs] 
5644.803: [GC [PSYoungGen: 312317K->24757K(320000K)] 946382K->658918K(1019072K), 0.0771780 secs] [Times: user=0.20 sys=0.00, real=0.08 secs] 
5645.220: [GC [PSYoungGen: 314997K->23284K(319744K)] 949158K->657525K(1018816K), 0.0759310 secs] [Times: user=0.18 sys=0.00, real=0.07 secs] 
5645.641: [GC [PSYoungGen: 313524K->20839K(320448K)] 947765K->655168K(1019520K), 0.0670950 secs] [Times: user=0.18 sys=0.00, real=0.06 secs] 
5646.011: [GC [PSYoungGen: 312231K->24173K(320448K)] 946560K->658582K(1019520K), 0.0759380 secs] [Times: user=0.18 sys=0.00, real=0.07 secs] 
5646.403: [GC [PSYoungGen: 315565K->21608K(320960K)] 949974K->656105K(1020032K), 0.0496430 secs] [Times: user=0.15 sys=0.00, real=0.05 secs] 
5646.771: [GC [PSYoungGen: 313832K->17524K(309760K)] 948329K->652117K(1008832K), 0.0900580 secs] [Times: user=0.15 sys=0.00, real=0.09 secs] 
5647.230: [GC [PSYoungGen: 309748K->20674K(320704K)] 944341K->655362K(1019776K), 0.0602520 secs] [Times: user=0.17 sys=0.00, real=0.06 secs] 
5647.622: [GC [PSYoungGen: 312322K->24462K(320448K)] 947010K->659255K(1019520K), 0.0788870 secs] [Times: user=0.17 sys=0.00, real=0.08 secs] 
5648.063: [GC [PSYoungGen: 316110K->25549K(319744K)] 950903K->660421K(1018816K), 0.0853210 secs] [Times: user=0.20 sys=0.00, real=0.08 secs] 
5648.482: [GC [PSYoungGen: 316429K->19612K(320192K)] 951301K->654572K(1019264K), 0.0663760 secs] [Times: user=0.16 sys=0.00, real=0.06 secs] 
5648.893: [GC [PSYoungGen: 310492K->20092K(320448K)] 945452K->655133K(1019520K), 0.0786410 secs] [Times: user=0.15 sys=0.00, real=0.08 secs] 
5649.276: [GC [PSYoungGen: 311292K->24280K(320256K)] 946333K->659408K(1019328K), 0.0817070 secs] [Times: user=0.21 sys=0.00, real=0.08 secs] 
5649.658: [GC [PSYoungGen: 315480K->23261K(320832K)] 950608K->658470K(1019904K), 0.0676690 secs] [Times: user=0.19 sys=0.01, real=0.07 secs] 
5650.074: [GC [PSYoungGen: 315037K->22557K(320448K)] 950246K->657861K(1019520K), 0.0637400 secs] [Times: user=0.16 sys=0.01, real=0.06 secs] 
5650.501: [GC [PSYoungGen: 314326K->15785K(320128K)] 949631K->651186K(1019200K), 0.0587470 secs] [Times: user=0.16 sys=0.00, real=0.06 secs] 
5650.867: [GC [PSYoungGen: 307817K->24630K(316672K)] 943218K->660119K(1015744K), 0.0930910 secs] [Times: user=0.18 sys=0.01, real=0.10 secs] 
5651.247: [GC [PSYoungGen: 316662K->20762K(320896K)] 952151K->656338K(1019968K), 0.0483340 secs] [Times: user=0.16 sys=0.00, real=0.05 secs] 
5651.639: [GC [PSYoungGen: 312602K->24310K(320448K)] 948178K->660007K(1019520K), 0.0799910 secs] [Times: user=0.16 sys=0.00, real=0.08 secs] 
5652.053: [GC [PSYoungGen: 316150K->21894K(321280K)] 951847K->657679K(1020352K), 0.0505750 secs] [Times: user=0.16 sys=0.00, real=0.05 secs] 
5652.468: [GC [PSYoungGen: 314374K->25258K(320704K)] 950159K->661131K(1019776K), 0.0698520 secs] [Times: user=0.17 sys=0.00, real=0.07 secs] 
5652.836: [GC [PSYoungGen: 317738K->27009K(318720K)] 953611K->662978K(1017792K), 0.0867150 secs] [Times: user=0.21 sys=0.00, real=0.09 secs] 
5653.362: [GC [PSYoungGen: 316993K->20632K(319744K)] 952962K->656697K(1018816K), 0.0756630 secs] [Times: user=0.15 sys=0.00, real=0.07 secs] 
5653.821: [GC [PSYoungGen: 310616K->21134K(320384K)] 946681K->657271K(1019456K), 0.0679380 secs] [Times: user=0.17 sys=0.00, real=0.06 secs] 
5654.273: [GC [PSYoungGen: 312014K->19488K(320000K)] 948151K->655713K(1019072K), 0.0620430 secs] [Times: user=0.15 sys=0.00, real=0.06 secs] 
5654.700: [GC [PSYoungGen: 310368K->21418K(321024K)] 946593K->657738K(1020096K), 0.1091220 secs] [Times: user=0.21 sys=0.01, real=0.10 secs] 
5655.126: [GC [PSYoungGen: 313450K->23029K(320512K)] 949770K->659430K(1019584K), 0.0712460 secs] [Times: user=0.20 sys=0.00, real=0.07 secs] 
5655.519: [GC [PSYoungGen: 315055K->17753K(320960K)] 951456K->654234K(1020032K), 0.0449840 secs] [Times: user=0.15 sys=0.00, real=0.05 secs] 
5655.999: [GC [PSYoungGen: 310553K->28335K(321152K)] 947034K->666117K(1020224K), 0.0851930 secs] [Times: user=0.20 sys=0.00, real=0.09 secs] 
5656.407: [GC [PSYoungGen: 321135K->23811K(317440K)] 958917K->661762K(1016512K), 0.0810750 secs] [Times: user=0.20 sys=0.00, real=0.08 secs] 
5656.896: [GC [PSYoungGen: 312899K->23409K(319296K)] 950850K->661360K(1018368K), 0.1205530 secs] [Times: user=0.18 sys=0.00, real=0.12 secs] 
5657.343: [GC [PSYoungGen: 312497K->24195K(319936K)] 950448K->662233K(1019008K), 0.0733720 secs] [Times: user=0.18 sys=0.01, real=0.07 secs] 
5657.729: [GC [PSYoungGen: 314371K->25416K(315648K)] 952409K->663534K(1014720K), 0.0529790 secs] [Times: user=0.19 sys=0.00, real=0.06 secs] 
5658.207: [GC [PSYoungGen: 315592K->21590K(320064K)] 953710K->659788K(1019136K), 0.0749210 secs] [Times: user=0.19 sys=0.00, real=0.08 secs] 
5658.841: [GC [PSYoungGen: 311830K->21622K(319680K)] 950028K->659916K(1018752K), 0.0767270 secs] [Times: user=0.16 sys=0.00, real=0.08 secs] 
5659.259: [GC [PSYoungGen: 311862K->24915K(320192K)] 950156K->663297K(1019264K), 0.0881210 secs] [Times: user=0.19 sys=0.01, real=0.09 secs] 
5659.691: [GC [PSYoungGen: 316051K->21912K(320320K)] 954433K->660382K(1019392K), 0.1095120 secs] [Times: user=0.15 sys=0.00, real=0.11 secs] 
5660.147: [GC [PSYoungGen: 313048K->19816K(320768K)] 951518K->658398K(1019840K), 0.0574490 secs] [Times: user=0.19 sys=0.00, real=0.06 secs] 
5660.539: [GC [PSYoungGen: 311848K->21259K(320768K)] 950430K->659937K(1019840K), 0.0700200 secs] [Times: user=0.19 sys=0.00, real=0.07 secs] 
5660.890: [GC [PSYoungGen: 313291K->20570K(321408K)] 951969K->659360K(1020480K), 0.0794690 secs] [Times: user=0.16 sys=0.00, real=0.08 secs] 
5661.306: [GC [PSYoungGen: 313626K->24201K(321152K)] 952416K->663063K(1020224K), 0.0850070 secs] [Times: user=0.16 sys=0.00, real=0.08 secs] 
5661.757: [GC [PSYoungGen: 317257K->19754K(321344K)] 956119K->658704K(1020416K), 0.0655360 secs] [Times: user=0.16 sys=0.00, real=0.07 secs] 
5662.183: [GC [PSYoungGen: 312874K->23991K(321280K)] 951824K->663022K(1020352K), 0.0698630 secs] [Times: user=0.16 sys=0.00, real=0.07 secs] 
5662.572: [GC [PSYoungGen: 317111K->24747K(320768K)] 956142K->663865K(1019840K), 0.0659350 secs] [Times: user=0.18 sys=0.00, real=0.07 secs] 
5662.985: [GC [PSYoungGen: 317279K->28463K(321024K)] 956397K->667800K(1020096K), 0.0807800 secs] [Times: user=0.18 sys=0.00, real=0.08 secs] 
5663.339: [GC [PSYoungGen: 321007K->18751K(317696K)] 960344K->658168K(1016768K), 0.0683650 secs] [Times: user=0.15 sys=0.00, real=0.07 secs] 
5663.762: [GC [PSYoungGen: 307967K->20982K(319360K)] 947384K->660479K(1018432K), 0.0631190 secs] [Times: user=0.15 sys=0.00, real=0.07 secs] 
5664.167: [GC [PSYoungGen: 310198K->18555K(319808K)] 949695K->658140K(1018880K), 0.0821750 secs] [Times: user=0.15 sys=0.00, real=0.08 secs] 
5664.553: [GC [PSYoungGen: 308667K->25479K(315648K)] 948252K->665160K(1014720K), 0.0806850 secs] [Times: user=0.18 sys=0.00, real=0.08 secs] 
5664.964: [GC [PSYoungGen: 315591K->19754K(319616K)] 955272K->659524K(1018688K), 0.0841460 secs] [Times: user=0.17 sys=0.00, real=0.08 secs] 
5665.370: [GC [PSYoungGen: 309226K->23118K(319360K)] 948996K->662975K(1018432K), 0.0712940 secs] [Times: user=0.17 sys=0.00, real=0.07 secs] 
5665.772: [GC [PSYoungGen: 312590K->17358K(319808K)] 952447K->657311K(1018880K), 0.0586210 secs] [Times: user=0.15 sys=0.00, real=0.06 secs] 
5666.113: [GC [PSYoungGen: 307726K->24527K(314944K)] 947679K->664560K(1014016K), 0.0784600 secs] [Times: user=0.19 sys=0.00, real=0.07 secs] 
5666.578: [GC [PSYoungGen: 314895K->23011K(320128K)] 954928K->663124K(1019200K), 0.0535210 secs] [Times: user=0.17 sys=0.00, real=0.05 secs] 
5666.962: [GC [PSYoungGen: 313315K->24955K(319680K)] 953428K->665148K(1018752K), 0.0708760 secs] [Times: user=0.18 sys=0.00, real=0.08 secs] 
5667.441: [GC [PSYoungGen: 315259K->22307K(320512K)] 955452K->662589K(1019584K), 0.0780110 secs] [Times: user=0.17 sys=0.00, real=0.08 secs] 
5667.847: [GC [PSYoungGen: 313123K->22244K(319808K)] 953405K->662606K(1018880K), 0.0573700 secs] [Times: user=0.16 sys=0.00, real=0.06 secs] 
5668.261: [GC [PSYoungGen: 313060K->20853K(321472K)] 953422K->661310K(1020544K), 0.0741160 secs] [Times: user=0.19 sys=0.00, real=0.08 secs] 
5668.722: [GC [PSYoungGen: 313973K->26982K(320128K)] 954430K->667511K(1019200K), 0.0747830 secs] [Times: user=0.17 sys=0.00, real=0.08 secs] 
5669.175: [GC [PSYoungGen: 320102K->22955K(320832K)] 960631K->663565K(1019904K), 0.0799440 secs] [Times: user=0.17 sys=0.01, real=0.08 secs] 
5669.544: [GC [PSYoungGen: 314603K->20510K(320320K)] 955213K->661207K(1019392K), 0.0598660 secs] [Times: user=0.16 sys=0.00, real=0.06 secs] 
5669.957: [GC [PSYoungGen: 312158K->21549K(321472K)] 952855K->662334K(1020544K), 0.0673970 secs] [Times: user=0.17 sys=0.01, real=0.07 secs] 
5670.322: [GC [PSYoungGen: 314541K->24728K(321024K)] 955326K->665610K(1020096K), 0.0537620 secs] [Times: user=0.17 sys=0.00, real=0.06 secs] 
5670.722: [GC [PSYoungGen: 317720K->24610K(320832K)] 958602K->665564K(1019904K), 0.0907240 secs] [Times: user=0.18 sys=0.00, real=0.09 secs] 
5671.165: [GC [PSYoungGen: 317154K->20479K(321024K)] 958108K->661529K(1020096K), 0.0661500 secs] [Times: user=0.16 sys=0.00, real=0.06 secs] 
5671.592: [GC [PSYoungGen: 313023K->23350K(321472K)] 954073K->664480K(1020544K), 0.0741420 secs] [Times: user=0.18 sys=0.00, real=0.08 secs] 
5671.993: [GC [PSYoungGen: 316470K->23286K(321152K)] 957600K->664504K(1020224K), 0.0719810 secs] [Times: user=0.17 sys=0.00, real=0.08 secs] 
5672.363: [GC [PSYoungGen: 316406K->25610K(320640K)] 957624K->666915K(1019712K), 0.0698990 secs] [Times: user=0.19 sys=0.00, real=0.07 secs] 
5672.907: [GC [PSYoungGen: 318538K->18102K(311040K)] 959843K->659495K(1010112K), 0.0838660 secs] [Times: user=0.14 sys=0.00, real=0.08 secs] 
5673.350: [GC [PSYoungGen: 311030K->24704K(320512K)] 952423K->666177K(1019584K), 0.1013040 secs] [Times: user=0.17 sys=0.00, real=0.10 secs] 
5673.728: [GC [PSYoungGen: 316608K->20772K(320704K)] 958081K->662326K(1019776K), 0.0789160 secs] [Times: user=0.19 sys=0.00, real=0.08 secs] 
5674.205: [GC [PSYoungGen: 312676K->21242K(321344K)] 954230K->662884K(1020416K), 0.0850800 secs] [Times: user=0.16 sys=0.01, real=0.08 secs] 
5674.572: [GC [PSYoungGen: 314042K->21173K(320960K)] 955684K->662887K(1020032K), 0.0976910 secs] [Times: user=0.17 sys=0.00, real=0.10 secs] 
5674.960: [GC [PSYoungGen: 313973K->27760K(317504K)] 955687K->671204K(1016576K), 0.0843850 secs] [Times: user=0.19 sys=0.00, real=0.09 secs] 
5675.347: [GC [PSYoungGen: 317488K->27525K(317312K)] 960932K->671145K(1016384K), 0.1088300 secs] [Times: user=0.20 sys=0.01, real=0.11 secs] 
5675.733: [GC [PSYoungGen: 317253K->20549K(318848K)] 960873K->664321K(1017920K), 0.0589910 secs] [Times: user=0.15 sys=0.00, real=0.06 secs] 
5676.136: [GC [PSYoungGen: 308485K->24848K(318592K)] 952257K->668708K(1017664K), 0.0769330 secs] [Times: user=0.19 sys=0.00, real=0.07 secs] 
5676.557: [GC [PSYoungGen: 312784K->21484K(319360K)] 956644K->665433K(1018432K), 0.0746480 secs] [Times: user=0.15 sys=0.00, real=0.07 secs] 
5676.979: [GC [PSYoungGen: 310316K->28349K(317184K)] 954265K->672378K(1016256K), 0.0848400 secs] [Times: user=0.22 sys=0.00, real=0.08 secs] 
5677.438: [GC [PSYoungGen: 317181K->24197K(318720K)] 961210K->668321K(1017792K), 0.0755170 secs] [Times: user=0.17 sys=0.00, real=0.07 secs] 
5677.848: [GC [PSYoungGen: 311557K->25146K(318144K)] 955681K->669358K(1017216K), 0.0789380 secs] [Times: user=0.19 sys=0.00, real=0.08 secs] 
5678.255: [GC [PSYoungGen: 312506K->23239K(319488K)] 956718K->667547K(1018560K), 0.0688530 secs] [Times: user=0.18 sys=0.00, real=0.06 secs] 
5678.709: [GC [PSYoungGen: 312135K->22747K(318912K)] 956443K->667135K(1017984K), 0.0657390 secs] [Times: user=0.16 sys=0.01, real=0.07 secs] 
5679.094: [GC [PSYoungGen: 311638K->23634K(320448K)] 956026K->668118K(1019520K), 0.0698160 secs] [Times: user=0.16 sys=0.00, real=0.07 secs] 
5679.506: [GC [PSYoungGen: 314450K->21365K(319872K)] 958934K->665930K(1018944K), 0.0669920 secs] [Times: user=0.16 sys=0.00, real=0.06 secs] 
5679.945: [GC [PSYoungGen: 312181K->20945K(320704K)] 956746K->665509K(1019776K), 0.0710520 secs] [Times: user=0.16 sys=0.00, real=0.07 secs] 
5680.371: [GC [PSYoungGen: 312785K->18868K(310720K)] 957349K->663432K(1009792K), 0.0710710 secs] [Times: user=0.18 sys=0.00, real=0.07 secs] 
5680.837: [GC [PSYoungGen: 310708K->22204K(321024K)] 955272K->666864K(1020096K), 0.0955140 secs] [Times: user=0.17 sys=0.00, real=0.09 secs] 
5681.317: [GC [PSYoungGen: 314236K->21465K(320512K)] 958896K->666197K(1019584K), 0.0715830 secs] [Times: user=0.18 sys=0.00, real=0.07 secs] 
5681.786: [GC [PSYoungGen: 313497K->25568K(320256K)] 958229K->670373K(1019328K), 0.0992950 secs] [Times: user=0.19 sys=0.00, real=0.09 secs] 
5682.140: [GC [PSYoungGen: 317728K->25371K(317568K)] 962533K->670271K(1016640K), 0.0729280 secs] [Times: user=0.19 sys=0.00, real=0.07 secs] 
5682.568: [GC [PSYoungGen: 317531K->21210K(320768K)] 962431K->666190K(1019840K), 0.0693970 secs] [Times: user=0.16 sys=0.00, real=0.07 secs] 
5682.942: [GC [PSYoungGen: 312986K->26132K(317952K)] 957966K->671208K(1017024K), 0.0791100 secs] [Times: user=0.18 sys=0.00, real=0.08 secs] 
5683.322: [GC [PSYoungGen: 317908K->21357K(320448K)] 962984K->666505K(1019520K), 0.0766350 secs] [Times: user=0.18 sys=0.00, real=0.08 secs] 
5683.766: [GC [PSYoungGen: 312493K->26472K(317632K)] 957641K->671700K(1016704K), 0.1077140 secs] [Times: user=0.17 sys=0.01, real=0.10 secs] 
5684.207: [GC [PSYoungGen: 317608K->23723K(320320K)] 962836K->669031K(1019392K), 0.0695860 secs] [Times: user=0.17 sys=0.00, real=0.07 secs] 
5684.635: [GC [PSYoungGen: 314347K->20462K(319808K)] 959655K->665859K(1018880K), 0.0644490 secs] [Times: user=0.17 sys=0.00, real=0.06 secs] 
5685.140: [GC [PSYoungGen: 311086K->20747K(320576K)] 956483K->666239K(1019648K), 0.0988070 secs] [Times: user=0.17 sys=0.00, real=0.10 secs] 
5685.550: [GC [PSYoungGen: 312203K->23592K(320384K)] 957695K->669172K(1019456K), 0.0694960 secs] [Times: user=0.17 sys=0.01, real=0.07 secs] 
5686.044: [GC [PSYoungGen: 315048K->20282K(321024K)] 960628K->665950K(1020096K), 0.0762300 secs] [Times: user=0.17 sys=0.00, real=0.08 secs] 
5686.530: [GC [PSYoungGen: 312698K->22422K(320896K)] 958366K->668178K(1019968K), 0.0928830 secs] [Times: user=0.20 sys=0.00, real=0.09 secs] 
5686.977: [GC [PSYoungGen: 314838K->25780K(320256K)] 960594K->671624K(1019328K), 0.0722650 secs] [Times: user=0.17 sys=0.00, real=0.07 secs] 
5687.417: [GC [PSYoungGen: 318068K->20585K(320896K)] 963912K->666509K(1019968K), 0.0684480 secs] [Times: user=0.18 sys=0.01, real=0.07 secs] 
5687.859: [GC [PSYoungGen: 312864K->19509K(321088K)] 958788K->665521K(1020160K), 0.0671620 secs] [Times: user=0.17 sys=0.00, real=0.07 secs] 
5688.275: [GC [PSYoungGen: 312117K->25011K(317632K)] 958129K->671103K(1016704K), 0.0956190 secs] [Times: user=0.22 sys=0.00, real=0.10 secs] 
5688.730: [GC [PSYoungGen: 317619K->21443K(321088K)] 963711K->667631K(1020160K), 0.0854880 secs] [Times: user=0.15 sys=0.00, real=0.08 secs] 
5689.180: [GC [PSYoungGen: 313731K->23805K(320704K)] 959919K->670081K(1019776K), 0.0780940 secs] [Times: user=0.17 sys=0.01, real=0.08 secs] 
5689.616: [GC [PSYoungGen: 316093K->17437K(320576K)] 962369K->663777K(1019648K), 0.0773950 secs] [Times: user=0.16 sys=0.00, real=0.08 secs] 
5690.001: [GC [PSYoungGen: 309725K->24602K(316928K)] 956065K->671039K(1016000K), 0.0809700 secs] [Times: user=0.18 sys=0.01, real=0.08 secs] 
5690.478: [GC [PSYoungGen: 316890K->27216K(318336K)] 963327K->673717K(1017408K), 0.0829550 secs] [Times: user=0.20 sys=0.00, real=0.08 secs] 
5690.928: [GC [PSYoungGen: 316688K->22540K(319488K)] 963189K->669136K(1018560K), 0.0731660 secs] [Times: user=0.16 sys=0.01, real=0.07 secs] 
5691.284: [GC [PSYoungGen: 312012K->24011K(320384K)] 958608K->670688K(1019456K), 0.0666660 secs] [Times: user=0.17 sys=0.00, real=0.07 secs] 
5691.747: [GC [PSYoungGen: 315019K->22261K(320128K)] 961696K->669026K(1019200K), 0.0681850 secs] [Times: user=0.16 sys=0.00, real=0.06 secs] 
5692.130: [GC [PSYoungGen: 313269K->24972K(320448K)] 960034K->671825K(1019520K), 0.0639010 secs] [Times: user=0.17 sys=0.00, real=0.06 secs] 
5692.556: [GC [PSYoungGen: 316748K->25826K(317632K)] 963601K->672774K(1016704K), 0.0675830 secs] [Times: user=0.17 sys=0.00, real=0.07 secs] 
5692.982: [GC [PSYoungGen: 317602K->20649K(320320K)] 964550K->667693K(1019392K), 0.0757190 secs] [Times: user=0.18 sys=0.00, real=0.08 secs] 
5693.323: [GC [PSYoungGen: 311657K->21869K(320192K)] 958701K->669010K(1019264K), 0.0687630 secs] [Times: user=0.17 sys=0.00, real=0.07 secs] 
5693.713: [GC [PSYoungGen: 312877K->23644K(321088K)] 960018K->670864K(1020160K), 0.1012300 secs] [Times: user=0.16 sys=0.00, real=0.10 secs] 
5694.155: [GC [PSYoungGen: 315996K->22391K(320768K)] 963216K->669691K(1019840K), 0.1026220 secs] [Times: user=0.17 sys=0.01, real=0.11 secs] 
5694.569: [GC [PSYoungGen: 314743K->16383K(320320K)] 962043K->663780K(1019392K), 0.0694980 secs] [Times: user=0.13 sys=0.00, real=0.07 secs] 
5694.918: [GC [PSYoungGen: 308671K->21825K(320896K)] 956068K->669317K(1019968K), 0.0600860 secs] [Times: user=0.16 sys=0.00, real=0.06 secs] 
5695.261: [GC [PSYoungGen: 314113K->22921K(321728K)] 961605K->670525K(1020800K), 0.0683610 secs] [Times: user=0.16 sys=0.01, real=0.07 secs] 
5695.650: [GC [PSYoungGen: 316553K->21965K(321408K)] 964157K->669665K(1020480K), 0.0721940 secs] [Times: user=0.17 sys=0.00, real=0.07 secs] 
5696.028: [GC [PSYoungGen: 315597K->24998K(321216K)] 963297K->672786K(1020288K), 0.0648800 secs] [Times: user=0.16 sys=0.01, real=0.06 secs] 
5696.389: [GC [PSYoungGen: 318950K->20756K(321728K)] 966738K->668632K(1020800K), 0.0590580 secs] [Times: user=0.17 sys=0.01, real=0.06 secs] 
5696.790: [GC [PSYoungGen: 314708K->21672K(322304K)] 962584K->669644K(1021376K), 0.0937360 secs] [Times: user=0.18 sys=0.00, real=0.09 secs] 
5697.196: [GC [PSYoungGen: 316392K->26046K(320768K)] 964364K->674106K(1019840K), 0.0711570 secs] [Times: user=0.17 sys=0.00, real=0.07 secs] 
5697.543: [GC [PSYoungGen: 320766K->23457K(321664K)] 968826K->671606K(1020736K), 0.0628770 secs] [Times: user=0.16 sys=0.01, real=0.06 secs] 
5697.976: [GC [PSYoungGen: 317025K->21828K(321408K)] 965174K->670057K(1020480K), 0.0987000 secs] [Times: user=0.17 sys=0.00, real=0.10 secs] 
5698.509: [GC [PSYoungGen: 315396K->21594K(322304K)] 963625K->669911K(1021376K), 0.0698790 secs] [Times: user=0.18 sys=0.01, real=0.07 secs] 
5698.896: [GC [PSYoungGen: 316442K->21582K(322048K)] 964759K->669987K(1021120K), 0.0760800 secs] [Times: user=0.17 sys=0.00, real=0.08 secs] 
5699.274: [GC [PSYoungGen: 316430K->23268K(322752K)] 964835K->671769K(1021824K), 0.0716250 secs] [Times: user=0.17 sys=0.00, real=0.07 secs] 
5699.686: [GC [PSYoungGen: 319140K->17161K(313088K)] 967641K->665749K(1012160K), 0.0637630 secs] [Times: user=0.17 sys=0.00, real=0.07 secs] 
5700.060: [GC [PSYoungGen: 313033K->24632K(321344K)] 961621K->673389K(1020416K), 0.0757270 secs] [Times: user=0.18 sys=0.00, real=0.07 secs] 
5700.418: [GC [PSYoungGen: 318712K->25185K(319296K)] 967469K->674030K(1018368K), 0.0702520 secs] [Times: user=0.17 sys=0.00, real=0.07 secs] 
5700.832: [GC [PSYoungGen: 319265K->22538K(321856K)] 968110K->671463K(1020928K), 0.0601890 secs] [Times: user=0.17 sys=0.00, real=0.06 secs] 
5701.202: [GC [PSYoungGen: 316170K->20959K(321280K)] 965095K->669964K(1020352K), 0.0491700 secs] [Times: user=0.15 sys=0.00, real=0.05 secs] 
5701.570: [GC [PSYoungGen: 314591K->19730K(322112K)] 963596K->668874K(1021184K), 0.0673740 secs] [Times: user=0.19 sys=0.00, real=0.06 secs] 
5701.996: [GC [PSYoungGen: 314386K->25177K(319872K)] 963530K->674402K(1018944K), 0.0848400 secs] [Times: user=0.19 sys=0.00, real=0.09 secs] 
5702.365: [GC [PSYoungGen: 319833K->24645K(320896K)] 969058K->673957K(1019968K), 0.0664420 secs] [Times: user=0.17 sys=0.00, real=0.07 secs] 
5702.792: [GC [PSYoungGen: 317573K->23804K(321216K)] 966885K->673201K(1020288K), 0.0907480 secs] [Times: user=0.17 sys=0.00, real=0.09 secs] 
5703.165: [GC [PSYoungGen: 316732K->20511K(321536K)] 966129K->669995K(1020608K), 0.0710440 secs] [Times: user=0.18 sys=0.00, real=0.07 secs] 
5703.629: [GC [PSYoungGen: 313887K->24583K(318016K)] 963371K->674156K(1017088K), 0.0737640 secs] [Times: user=0.18 sys=0.00, real=0.07 secs] 
5704.065: [GC [PSYoungGen: 317952K->21951K(321728K)] 967525K->671627K(1020800K), 0.0728670 secs] [Times: user=0.16 sys=0.00, real=0.07 secs] 
5704.447: [GC [PSYoungGen: 315455K->23334K(321280K)] 965131K->673083K(1020352K), 0.0738980 secs] [Times: user=0.18 sys=0.00, real=0.08 secs] 
5704.954: [GC [PSYoungGen: 316838K->25391K(320960K)] 966587K->675228K(1020032K), 0.0702130 secs] [Times: user=0.18 sys=0.00, real=0.07 secs] 
5705.349: [GC [PSYoungGen: 318831K->22512K(321472K)] 968668K->672428K(1020544K), 0.0847890 secs] [Times: user=0.16 sys=0.00, real=0.08 secs] 
5705.805: [GC [PSYoungGen: 315952K->20421K(321920K)] 965868K->670433K(1020992K), 0.0470460 secs] [Times: user=0.16 sys=0.00, real=0.05 secs] 
5706.244: [GC [PSYoungGen: 314693K->24496K(318784K)] 964705K->674581K(1017856K), 0.0571010 secs] [Times: user=0.19 sys=0.00, real=0.06 secs] 
5706.648: [GC [PSYoungGen: 318768K->26273K(320192K)] 968853K->676446K(1019264K), 0.0748930 secs] [Times: user=0.19 sys=0.01, real=0.08 secs] 
5707.036: [GC [PSYoungGen: 318689K->22900K(320960K)] 968862K->673172K(1020032K), 0.0717550 secs] [Times: user=0.17 sys=0.00, real=0.07 secs] 
5707.462: [GC [PSYoungGen: 315316K->24873K(321088K)] 965588K->675240K(1020160K), 0.0506390 secs] [Times: user=0.17 sys=0.00, real=0.05 secs] 
5707.834: [GC [PSYoungGen: 317929K->24377K(321280K)] 968296K->674816K(1020352K), 0.0820490 secs] [Times: user=0.20 sys=0.00, real=0.08 secs] 
5708.358: [GC [PSYoungGen: 317433K->26897K(319744K)] 967872K->677424K(1018816K), 0.0945080 secs] [Times: user=0.19 sys=0.00, real=0.10 secs] 
5708.751: [GC [PSYoungGen: 318545K->20544K(320576K)] 969072K->671203K(1019648K), 0.0632820 secs] [Times: user=0.17 sys=0.01, real=0.06 secs] 
5709.231: [GC [PSYoungGen: 312192K->20616K(320576K)] 962851K->671363K(1019648K), 0.0687450 secs] [Times: user=0.17 sys=0.00, real=0.07 secs] 
5709.701: [GC [PSYoungGen: 312264K->21227K(320576K)] 963011K->672070K(1019648K), 0.0764920 secs] [Times: user=0.18 sys=0.00, real=0.07 secs] 
5710.137: [GC [PSYoungGen: 312875K->22520K(321344K)] 963718K->673443K(1020416K), 0.0772900 secs] [Times: user=0.18 sys=0.00, real=0.08 secs] 
5710.507: [GC [PSYoungGen: 315192K->26243K(318976K)] 966115K->677254K(1018048K), 0.0818570 secs] [Times: user=0.17 sys=0.00, real=0.09 secs] 
5710.875: [GC [PSYoungGen: 318915K->25513K(320128K)] 969926K->676605K(1019200K), 0.0699480 secs] [Times: user=0.17 sys=0.00, real=0.07 secs] 
5711.411: [GC [PSYoungGen: 316777K->25452K(316736K)] 967869K->676624K(1015808K), 0.0970470 secs] [Times: user=0.17 sys=0.01, real=0.09 secs] 
5711.791: [GC [PSYoungGen: 316716K->22898K(320640K)] 967888K->674165K(1019712K), 0.0494930 secs] [Times: user=0.17 sys=0.00, real=0.05 secs] 
5712.227: [GC [PSYoungGen: 314226K->22694K(320192K)] 965493K->674049K(1019264K), 0.0969860 secs] [Times: user=0.17 sys=0.01, real=0.10 secs] 
5712.740: [GC [PSYoungGen: 314022K->22270K(321280K)] 965377K->673705K(1020352K), 0.0598220 secs] [Times: user=0.17 sys=0.01, real=0.06 secs] 
5713.153: [GC [PSYoungGen: 315006K->19565K(320960K)] 966441K->671088K(1020032K), 0.0882570 secs] [Times: user=0.16 sys=0.00, real=0.09 secs] 
5713.536: [GC [PSYoungGen: 312301K->21061K(321280K)] 963824K->672672K(1020352K), 0.0673240 secs] [Times: user=0.18 sys=0.00, real=0.07 secs] 
5713.914: [GC [PSYoungGen: 313925K->21841K(321088K)] 965536K->673524K(1020160K), 0.0686440 secs] [Times: user=0.16 sys=0.00, real=0.07 secs] 
5714.357: [GC [PSYoungGen: 314705K->24593K(321280K)] 966388K->676348K(1020352K), 0.0705580 secs] [Times: user=0.17 sys=0.00, real=0.07 secs] 
5714.846: [GC [PSYoungGen: 318033K->24174K(321472K)] 969788K->676009K(1020544K), 0.0979840 secs] [Times: user=0.19 sys=0.00, real=0.10 secs] 
5715.274: [GC [PSYoungGen: 317614K->21775K(321792K)] 969449K->673714K(1020864K), 0.0635570 secs] [Times: user=0.16 sys=0.00, real=0.06 secs] 
5715.725: [GC [PSYoungGen: 315599K->22119K(321536K)] 967538K->674138K(1020608K), 0.0779370 secs] [Times: user=0.16 sys=0.01, real=0.08 secs] 
5716.138: [GC [PSYoungGen: 315940K->25250K(321344K)] 967959K->677349K(1020416K), 0.0709770 secs] [Times: user=0.20 sys=0.00, real=0.07 secs] 
5716.640: [GC [PSYoungGen: 319202K->20757K(321728K)] 971301K->672944K(1020800K), 0.1285310 secs] [Times: user=0.26 sys=0.00, real=0.12 secs] 
5717.110: [GC [PSYoungGen: 314709K->25875K(320512K)] 966896K->678150K(1019584K), 0.0588310 secs] [Times: user=0.18 sys=0.00, real=0.05 secs] 
5717.568: [GC [PSYoungGen: 318675K->20895K(321152K)] 970950K->673266K(1020224K), 0.1500120 secs] [Times: user=0.19 sys=0.01, real=0.15 secs] 
5718.104: [GC [PSYoungGen: 313695K->23808K(321472K)] 966066K->676251K(1020544K), 0.1033910 secs] [Times: user=0.17 sys=0.01, real=0.10 secs] 
5718.688: [GC [PSYoungGen: 317056K->25197K(318464K)] 969499K->677728K(1017536K), 0.1320400 secs] [Times: user=0.22 sys=0.00, real=0.14 secs] 
5719.306: [GC [PSYoungGen: 318445K->25140K(320768K)] 970976K->677767K(1019840K), 0.1120370 secs] [Times: user=0.20 sys=0.00, real=0.11 secs] 
5719.790: [GC [PSYoungGen: 317556K->22478K(320960K)] 970183K->675185K(1020032K), 0.0797810 secs] [Times: user=0.21 sys=0.00, real=0.08 secs] 
5720.260: [GC [PSYoungGen: 314888K->22301K(321600K)] 967595K->675104K(1020672K), 0.0859420 secs] [Times: user=0.18 sys=0.00, real=0.08 secs] 
5720.699: [GC [PSYoungGen: 315677K->20772K(321280K)] 968480K->673655K(1020352K), 0.0609460 secs] [Times: user=0.15 sys=0.00, real=0.06 secs] 
5721.155: [GC [PSYoungGen: 314148K->24484K(321536K)] 967031K->677463K(1020608K), 0.0944290 secs] [Times: user=0.17 sys=0.00, real=0.09 secs] 
5721.528: [GC [PSYoungGen: 318180K->21972K(321600K)] 971159K->675023K(1020672K), 0.0760240 secs] [Times: user=0.19 sys=0.00, real=0.08 secs] 
5722.032: [GC [PSYoungGen: 315668K->18294K(321216K)] 968719K->671465K(1020288K), 0.0704580 secs] [Times: user=0.15 sys=0.00, real=0.07 secs] 
5722.415: [GC [PSYoungGen: 311862K->23596K(321536K)] 965033K->676879K(1020608K), 0.0780090 secs] [Times: user=0.18 sys=0.00, real=0.08 secs] 
5722.846: [GC [PSYoungGen: 317164K->27117K(319360K)] 970447K->680480K(1018432K), 0.1015320 secs] [Times: user=0.20 sys=0.01, real=0.10 secs] 
5723.416: [GC [PSYoungGen: 318637K->22100K(320512K)] 972000K->675551K(1019584K), 0.1138180 secs] [Times: user=0.17 sys=0.00, real=0.11 secs] 
5723.856: [GC [PSYoungGen: 313620K->25307K(320320K)] 967071K->678846K(1019392K), 0.0862630 secs] [Times: user=0.21 sys=0.01, real=0.09 secs] 
5724.237: [GC [PSYoungGen: 317083K->22309K(320640K)] 970622K->675936K(1019712K), 0.0985580 secs] [Times: user=0.18 sys=0.00, real=0.10 secs] 
5724.670: [GC [PSYoungGen: 314085K->23519K(321408K)] 967712K->677218K(1020480K), 0.0823600 secs] [Times: user=0.18 sys=0.01, real=0.09 secs] 
5725.117: [GC [PSYoungGen: 316447K->25644K(321024K)] 970146K->679431K(1020096K), 0.0706430 secs] [Times: user=0.17 sys=0.01, real=0.07 secs] 
5725.549: [GC [PSYoungGen: 318572K->21809K(321216K)] 972359K->675684K(1020288K), 0.0824070 secs] [Times: user=0.17 sys=0.01, real=0.09 secs] 
5725.905: [GC [PSYoungGen: 314545K->22998K(321024K)] 968420K->676961K(1020096K), 0.0670050 secs] [Times: user=0.17 sys=0.00, real=0.07 secs] 
5726.346: [GC [PSYoungGen: 315734K->24294K(321728K)] 969697K->678345K(1020800K), 0.0701930 secs] [Times: user=0.17 sys=0.00, real=0.07 secs] 
5726.721: [GC [PSYoungGen: 318182K->22731K(321664K)] 972233K->676878K(1020736K), 0.0646230 secs] [Times: user=0.16 sys=0.00, real=0.07 secs] 
5727.217: [GC [PSYoungGen: 316619K->24230K(322176K)] 970766K->678449K(1021248K), 0.0782860 secs] [Times: user=0.18 sys=0.01, real=0.08 secs] 
5727.677: [GC [PSYoungGen: 319014K->21880K(322112K)] 973233K->676187K(1021184K), 0.0878170 secs] [Times: user=0.18 sys=0.00, real=0.09 secs] 
5728.059: [GC [PSYoungGen: 316664K->20854K(322304K)] 970971K->675265K(1021376K), 0.0735750 secs] [Times: user=0.20 sys=0.00, real=0.08 secs] 
5728.532: [GC [PSYoungGen: 315958K->20901K(322304K)] 970369K->675400K(1021376K), 0.0624700 secs] [Times: user=0.15 sys=0.00, real=0.06 secs] 
5729.047: [GC [PSYoungGen: 316005K->25659K(321088K)] 970504K->680238K(1020160K), 0.0806430 secs] [Times: user=0.17 sys=0.00, real=0.08 secs] 
5729.445: [GC [PSYoungGen: 319603K->22177K(321728K)] 974182K->676844K(1020800K), 0.0786530 secs] [Times: user=0.17 sys=0.00, real=0.08 secs] 
5729.871: [GC [PSYoungGen: 316129K->24279K(321920K)] 970796K->679050K(1020992K), 0.0754770 secs] [Times: user=0.17 sys=0.01, real=0.08 secs] 
5730.252: [GC [PSYoungGen: 318743K->17515K(312000K)] 973514K->672359K(1011072K), 0.0571020 secs] [Times: user=0.14 sys=0.00, real=0.05 secs] 
5730.635: [GC [PSYoungGen: 311979K->24096K(321472K)] 966823K->679019K(1020544K), 0.0700780 secs] [Times: user=0.16 sys=0.00, real=0.07 secs] 
5731.038: [GC [PSYoungGen: 317536K->24677K(318144K)] 972459K->679680K(1017216K), 0.0866830 secs] [Times: user=0.17 sys=0.00, real=0.09 secs] 
5731.540: [GC [PSYoungGen: 318117K->24282K(321280K)] 973120K->679373K(1020352K), 0.0736190 secs] [Times: user=0.19 sys=0.00, real=0.08 secs] 
5731.985: [GC [PSYoungGen: 317338K->20450K(321280K)] 972429K->675621K(1020352K), 0.0922320 secs] [Times: user=0.16 sys=0.00, real=0.09 secs] 
5732.397: [GC [PSYoungGen: 313506K->24119K(321408K)] 968677K->679370K(1020480K), 0.0751910 secs] [Times: user=0.18 sys=0.00, real=0.08 secs] 
5732.807: [GC [PSYoungGen: 317367K->19038K(312320K)] 972618K->674377K(1011392K), 0.0729000 secs] [Times: user=0.17 sys=0.00, real=0.07 secs] 
5733.271: [GC [PSYoungGen: 312286K->23037K(321600K)] 967625K->678464K(1020672K), 0.0667940 secs] [Times: user=0.17 sys=0.00, real=0.07 secs] 
5733.638: [GC [PSYoungGen: 316413K->20204K(321280K)] 971840K->675719K(1020352K), 0.0472660 secs] [Times: user=0.15 sys=0.00, real=0.05 secs] 
5734.021: [GC [PSYoungGen: 313568K->22446K(322240K)] 969083K->678058K(1021312K), 0.0683840 secs] [Times: user=0.17 sys=0.00, real=0.07 secs] 
5734.438: [GC [PSYoungGen: 316910K->23443K(321728K)] 972522K->679134K(1020800K), 0.0694480 secs] [Times: user=0.18 sys=0.00, real=0.07 secs] 
5734.927: [GC [PSYoungGen: 317907K->25473K(321024K)] 973598K->681292K(1020096K), 0.0849450 secs] [Times: user=0.19 sys=0.00, real=0.08 secs] 
5735.332: [GC [PSYoungGen: 319297K->24088K(321664K)] 975116K->679987K(1020736K), 0.1058340 secs] [Times: user=0.19 sys=0.00, real=0.11 secs] 
5735.767: [GC [PSYoungGen: 317912K->18717K(321216K)] 973811K->674696K(1020288K), 0.0809470 secs] [Times: user=0.15 sys=0.00, real=0.08 secs] 
5736.187: [GC [PSYoungGen: 312157K->26138K(319616K)] 968136K->682197K(1018688K), 0.0759040 secs] [Times: user=0.20 sys=0.00, real=0.08 secs] 
5736.666: [GC [PSYoungGen: 319578K->23941K(320832K)] 975637K->680104K(1019904K), 0.0875850 secs] [Times: user=0.17 sys=0.01, real=0.09 secs] 
5737.077: [GC [PSYoungGen: 315973K->22201K(320704K)] 972136K->678428K(1019776K), 0.0594930 secs] [Times: user=0.15 sys=0.00, real=0.06 secs] 
5737.477: [GC [PSYoungGen: 314233K->25702K(320256K)] 970460K->682025K(1019328K), 0.0618110 secs] [Times: user=0.18 sys=0.01, real=0.06 secs] 
5737.923: [GC [PSYoungGen: 317727K->17172K(309248K)] 974050K->673583K(1008320K), 0.0791560 secs] [Times: user=0.18 sys=0.00, real=0.08 secs] 
5739.283: [GC [PSYoungGen: 309204K->22003K(320896K)] 965615K->678503K(1019968K), 0.1006940 secs] [Times: user=0.16 sys=0.00, real=0.10 secs] 
5739.691: [GC [PSYoungGen: 313715K->24134K(320320K)] 970215K->680721K(1019392K), 0.0491750 secs] [Times: user=0.17 sys=0.00, real=0.05 secs] 
5740.043: [GC [PSYoungGen: 315846K->23682K(321088K)] 972433K->680357K(1020160K), 0.0728370 secs] [Times: user=0.17 sys=0.00, real=0.07 secs] 
5740.413: [GC [PSYoungGen: 316162K->27841K(320384K)] 972837K->684604K(1019456K), 0.0733910 secs] [Times: user=0.19 sys=0.00, real=0.08 secs] 
5740.827: [GC [PSYoungGen: 320321K->25197K(319104K)] 977084K->682056K(1018176K), 0.0682820 secs] [Times: user=0.19 sys=0.00, real=0.07 secs] 
5741.296: [GC [PSYoungGen: 315181K->23124K(319744K)] 972040K->680063K(1018816K), 0.1106520 secs] [Times: user=0.17 sys=0.01, real=0.11 secs] 
5741.734: [GC [PSYoungGen: 313108K->23123K(320832K)] 970047K->680166K(1019904K), 0.0781860 secs] [Times: user=0.17 sys=0.00, real=0.07 secs] 
5742.165: [GC [PSYoungGen: 314771K->21880K(320320K)] 971814K->679003K(1019392K), 0.0698010 secs] [Times: user=0.16 sys=0.00, real=0.07 secs] 
5742.557: [GC [PSYoungGen: 313528K->24840K(320960K)] 970651K->682043K(1020032K), 0.1031600 secs] [Times: user=0.17 sys=0.01, real=0.10 secs] 
5742.977: [GC [PSYoungGen: 317384K->23810K(321024K)] 974587K->681117K(1020096K), 0.0809190 secs] [Times: user=0.19 sys=0.00, real=0.08 secs] 
5743.388: [GC [PSYoungGen: 316354K->17233K(320192K)] 973661K->674620K(1019264K), 0.0709590 secs] [Times: user=0.15 sys=0.01, real=0.07 secs] 
5743.808: [GC [PSYoungGen: 309263K->21696K(320768K)] 966650K->679179K(1019840K), 0.0841440 secs] [Times: user=0.18 sys=0.00, real=0.08 secs] 
5744.278: [GC [PSYoungGen: 313728K->21971K(321600K)] 971211K->679591K(1020672K), 0.0845920 secs] [Times: user=0.18 sys=0.01, real=0.08 secs] 
5744.693: [GC [PSYoungGen: 315219K->25923K(319232K)] 972839K->683623K(1018304K), 0.0725260 secs] [Times: user=0.19 sys=0.00, real=0.08 secs] 
5745.221: [GC [PSYoungGen: 319171K->22209K(321344K)] 976871K->680012K(1020416K), 0.0652420 secs] [Times: user=0.18 sys=0.00, real=0.07 secs] 
5745.644: [GC [PSYoungGen: 314945K->27246K(320000K)] 972748K->685130K(1019072K), 0.0789590 secs] [Times: user=0.20 sys=0.00, real=0.08 secs] 
5746.003: [GC [PSYoungGen: 319982K->18830K(319872K)] 977866K->676793K(1018944K), 0.0573610 secs] [Times: user=0.16 sys=0.00, real=0.06 secs] 
5746.361: [GC [PSYoungGen: 309454K->19728K(320064K)] 967417K->677772K(1019136K), 0.0598940 secs] [Times: user=0.16 sys=0.00, real=0.06 secs] 
5746.781: [GC [PSYoungGen: 310352K->26049K(318912K)] 968396K->684181K(1017984K), 0.0751010 secs] [Times: user=0.18 sys=0.00, real=0.08 secs] 
5747.182: [GC [PSYoungGen: 315649K->23356K(319552K)] 973781K->681583K(1018624K), 0.0718120 secs] [Times: user=0.20 sys=0.00, real=0.07 secs] 
5747.551: [GC [PSYoungGen: 312947K->21134K(320448K)] 971174K->679442K(1019520K), 0.0582040 secs] [Times: user=0.15 sys=0.00, real=0.06 secs] 
5748.024: [GC [PSYoungGen: 312206K->22586K(320128K)] 970514K->680982K(1019200K), 0.0699400 secs] [Times: user=0.18 sys=0.00, real=0.07 secs] 
5748.478: [GC [PSYoungGen: 313658K->12876K(318848K)] 972054K->671352K(1017920K), 0.0647390 secs] [Times: user=0.14 sys=0.00, real=0.06 secs] 
5748.880: [GC [PSYoungGen: 303244K->26121K(316544K)] 961720K->684668K(1015616K), 0.1200730 secs] [Times: user=0.21 sys=0.00, real=0.12 secs] 
5749.357: [GC [PSYoungGen: 316489K->13853K(317824K)] 975036K->672489K(1016896K), 0.0630470 secs] [Times: user=0.14 sys=0.00, real=0.06 secs] 
5749.747: [GC [PSYoungGen: 301277K->25419K(312896K)] 959913K->684143K(1011968K), 0.0739860 secs] [Times: user=0.18 sys=0.00, real=0.07 secs] 
5750.137: [GC [PSYoungGen: 312843K->23801K(318144K)] 971567K->682620K(1017216K), 0.0790610 secs] [Times: user=0.16 sys=0.00, real=0.08 secs] 
5750.566: [GC [PSYoungGen: 310393K->21960K(317952K)] 969212K->680859K(1017024K), 0.0655460 secs] [Times: user=0.18 sys=0.01, real=0.06 secs] 
5750.954: [GC [PSYoungGen: 308552K->25954K(317824K)] 967451K->684941K(1016896K), 0.0762510 secs] [Times: user=0.20 sys=0.00, real=0.08 secs] 
5751.324: [GC [PSYoungGen: 313378K->19728K(318464K)] 972365K->678811K(1017536K), 0.0655180 secs] [Times: user=0.17 sys=0.00, real=0.07 secs] 
5751.719: [GC [PSYoungGen: 307152K->26359K(317376K)] 966235K->685514K(1016448K), 0.0603030 secs] [Times: user=0.18 sys=0.01, real=0.06 secs] 
5752.069: [GC [PSYoungGen: 313143K->23278K(318144K)] 972298K->682529K(1017216K), 0.0634900 secs] [Times: user=0.17 sys=0.00, real=0.06 secs] 
5752.422: [GC [PSYoungGen: 310062K->23520K(319232K)] 969313K->682860K(1018304K), 0.0834130 secs] [Times: user=0.19 sys=0.01, real=0.09 secs] 
5752.783: [GC [PSYoungGen: 312032K->25589K(318784K)] 971372K->685009K(1017856K), 0.0551670 secs] [Times: user=0.17 sys=0.00, real=0.06 secs] 
5753.237: [GC [PSYoungGen: 314101K->22640K(319616K)] 973521K->682140K(1018688K), 0.0921770 secs] [Times: user=0.15 sys=0.00, real=0.09 secs] 
5753.672: [GC [PSYoungGen: 311664K->27446K(316480K)] 971164K->687033K(1015552K), 0.0761660 secs] [Times: user=0.18 sys=0.00, real=0.08 secs] 
5754.117: [GC [PSYoungGen: 316470K->23125K(319360K)] 976057K->682800K(1018432K), 0.0731310 secs] [Times: user=0.18 sys=0.01, real=0.07 secs] 
5754.549: [GC [PSYoungGen: 311637K->20583K(318656K)] 971312K->680346K(1017728K), 0.0827770 secs] [Times: user=0.15 sys=0.00, real=0.08 secs] 
5754.935: [GC [PSYoungGen: 309095K->26978K(318016K)] 968858K->686813K(1017088K), 0.0868630 secs] [Times: user=0.17 sys=0.01, real=0.09 secs] 
5755.394: [GC [PSYoungGen: 315042K->21311K(318784K)] 974877K->681251K(1017856K), 0.0623040 secs] [Times: user=0.16 sys=0.00, real=0.06 secs] 
5755.813: [GC [PSYoungGen: 309375K->23808K(319616K)] 969315K->683811K(1018688K), 0.1080800 secs] [Times: user=0.18 sys=0.00, real=0.11 secs] 
5756.266: [GC [PSYoungGen: 313088K->23485K(319168K)] 973091K->683576K(1018240K), 0.0712990 secs] [Times: user=0.17 sys=0.00, real=0.08 secs] 
5756.648: [GC [PSYoungGen: 312765K->19116K(320000K)] 972856K->679295K(1019072K), 0.0622100 secs] [Times: user=0.16 sys=0.00, real=0.06 secs] 
5757.080: [GC [PSYoungGen: 309868K->25637K(316416K)] 970047K->685896K(1015488K), 0.0700280 secs] [Times: user=0.18 sys=0.01, real=0.07 secs] 
5757.546: [GC [PSYoungGen: 316389K->22295K(320256K)] 976648K->682651K(1019328K), 0.0708660 secs] [Times: user=0.18 sys=0.00, real=0.08 secs] 
5757.996: [GC [PSYoungGen: 312791K->23697K(319744K)] 973147K->684124K(1018816K), 0.0755750 secs] [Times: user=0.19 sys=0.00, real=0.08 secs] 
5758.410: [GC [PSYoungGen: 314193K->24434K(320704K)] 974620K->684950K(1019776K), 0.0851880 secs] [Times: user=0.22 sys=0.01, real=0.08 secs] 
5758.783: [GC [PSYoungGen: 316274K->24366K(320640K)] 976790K->684961K(1019712K), 0.0870110 secs] [Times: user=0.19 sys=0.01, real=0.09 secs] 
5759.284: [GC [PSYoungGen: 316206K->27545K(318848K)] 976801K->688221K(1017920K), 0.0942140 secs] [Times: user=0.20 sys=0.01, real=0.10 secs] 
5759.839: [GC [PSYoungGen: 317785K->24773K(319872K)] 978461K->685544K(1018944K), 0.0830140 secs] [Times: user=0.17 sys=0.00, real=0.08 secs] 
5760.360: [GC [PSYoungGen: 315013K->26062K(319552K)] 975784K->686905K(1018624K), 0.0857840 secs] [Times: user=0.19 sys=0.01, real=0.08 secs] 
5760.799: [GC [PSYoungGen: 316174K->23183K(319808K)] 977017K->684122K(1018880K), 0.0767950 secs] [Times: user=0.17 sys=0.00, real=0.07 secs] 
5761.221: [GC [PSYoungGen: 313295K->22423K(320448K)] 974234K->683450K(1019520K), 0.0516790 secs] [Times: user=0.16 sys=0.00, real=0.05 secs] 
5761.578: [GC [PSYoungGen: 313623K->27178K(318400K)] 974650K->688277K(1017472K), 0.0843680 secs] [Times: user=0.19 sys=0.00, real=0.08 secs] 
5761.990: [GC [PSYoungGen: 318378K->21286K(319808K)] 979477K->682473K(1018880K), 0.0736200 secs] [Times: user=0.19 sys=0.00, real=0.07 secs] 
5762.431: [GC [PSYoungGen: 311334K->20011K(319744K)] 972521K->681287K(1018816K), 0.0820280 secs] [Times: user=0.19 sys=0.00, real=0.08 secs] 
5762.804: [GC [PSYoungGen: 310059K->20256K(319808K)] 971335K->681619K(1018880K), 0.0638990 secs] [Times: user=0.16 sys=0.01, real=0.07 secs] 
5763.172: [GC [PSYoungGen: 310304K->25814K(315904K)] 971667K->687265K(1014976K), 0.0889340 secs] [Times: user=0.19 sys=0.00, real=0.09 secs] 
5763.621: [GC [PSYoungGen: 315862K->21014K(319744K)] 977313K->682554K(1018816K), 0.0680310 secs] [Times: user=0.17 sys=0.00, real=0.07 secs] 
5763.964: [GC [PSYoungGen: 310742K->23308K(319488K)] 972282K->684936K(1018560K), 0.0561210 secs] [Times: user=0.17 sys=0.00, real=0.06 secs] 
5764.332: [GC [PSYoungGen: 313036K->24132K(320576K)] 974664K->685839K(1019648K), 0.0784100 secs] [Times: user=0.19 sys=0.01, real=0.08 secs] 
5764.720: [GC [PSYoungGen: 315517K->19985K(320320K)] 977225K->681780K(1019392K), 0.0818840 secs] [Times: user=0.18 sys=0.00, real=0.08 secs] 
5765.243: [GC [PSYoungGen: 311377K->19935K(320640K)] 973172K->681802K(1019712K), 0.0635890 secs] [Times: user=0.16 sys=0.00, real=0.06 secs] 
5765.754: [GC [PSYoungGen: 311647K->21514K(320576K)] 973514K->683461K(1019648K), 0.1117930 secs] [Times: user=0.16 sys=0.00, real=0.11 secs] 
5766.241: [GC [PSYoungGen: 313226K->25570K(319936K)] 975173K->687621K(1019008K), 0.0754690 secs] [Times: user=0.20 sys=0.00, real=0.07 secs] 
5766.631: [GC [PSYoungGen: 317090K->21106K(320512K)] 979141K->683245K(1019584K), 0.0738520 secs] [Times: user=0.17 sys=0.00, real=0.07 secs] 
5767.126: [GC [PSYoungGen: 312626K->25955K(319680K)] 974765K->688190K(1018752K), 0.0696900 secs] [Times: user=0.19 sys=0.00, real=0.07 secs] 
5767.559: [GC [PSYoungGen: 316963K->18587K(309632K)] 979198K->680918K(1008704K), 0.0577330 secs] [Times: user=0.15 sys=0.00, real=0.05 secs] 
5767.949: [GC [PSYoungGen: 309595K->23745K(320320K)] 971926K->686149K(1019392K), 0.0704590 secs] [Times: user=0.18 sys=0.00, real=0.07 secs] 
5768.324: [GC [PSYoungGen: 314689K->23730K(320128K)] 977093K->686213K(1019200K), 0.0738090 secs] [Times: user=0.18 sys=0.00, real=0.07 secs] 
5768.789: [GC [PSYoungGen: 314674K->21077K(320896K)] 977157K->683640K(1019968K), 0.0665940 secs] [Times: user=0.17 sys=0.00, real=0.06 secs] 
5769.176: [GC [PSYoungGen: 313045K->22480K(320576K)] 975608K->685123K(1019648K), 0.0949390 secs] [Times: user=0.16 sys=0.01, real=0.10 secs] 
5769.656: [GC [PSYoungGen: 314448K->21126K(321792K)] 977091K->683857K(1020864K), 0.0793490 secs] [Times: user=0.17 sys=0.00, real=0.08 secs] 
5770.055: [GC [PSYoungGen: 314886K->25936K(319744K)] 977617K->688763K(1018816K), 0.0829360 secs] [Times: user=0.23 sys=0.00, real=0.08 secs] 
5770.519: [GC [PSYoungGen: 319696K->27884K(318336K)] 982523K->690792K(1017408K), 0.0761860 secs] [Times: user=0.19 sys=0.00, real=0.07 secs] 
5770.931: [GC [PSYoungGen: 317740K->20463K(319680K)] 980648K->683443K(1018752K), 0.0830470 secs] [Times: user=0.16 sys=0.00, real=0.08 secs] 
5771.352: [GC [PSYoungGen: 310319K->25378K(319488K)] 973299K->688453K(1018560K), 0.0719070 secs] [Times: user=0.18 sys=0.00, real=0.07 secs] 
5771.693: [GC [PSYoungGen: 315234K->23566K(319680K)] 978309K->686737K(1018752K), 0.0686410 secs] [Times: user=0.18 sys=0.01, real=0.07 secs] 
5772.131: [GC [PSYoungGen: 313422K->25021K(320064K)] 976593K->688280K(1019136K), 0.0815320 secs] [Times: user=0.19 sys=0.01, real=0.08 secs] 
5772.494: [GC [PSYoungGen: 315773K->20303K(320128K)] 979032K->683634K(1019200K), 0.0860840 secs] [Times: user=0.16 sys=0.00, real=0.09 secs] 
5772.958: [GC [PSYoungGen: 311055K->21392K(320512K)] 974386K->684819K(1019584K), 0.0709350 secs] [Times: user=0.18 sys=0.00, real=0.07 secs] 
5773.462: [GC [PSYoungGen: 312592K->24672K(320192K)] 976019K->688171K(1019264K), 0.0601060 secs] [Times: user=0.17 sys=0.00, real=0.06 secs] 
5773.815: [GC [PSYoungGen: 315872K->21429K(320768K)] 979371K->685033K(1019840K), 0.0599830 secs] [Times: user=0.16 sys=0.00, real=0.06 secs] 
5774.177: [GC [PSYoungGen: 313205K->19210K(320512K)] 976809K->682902K(1019584K), 0.0591440 secs] [Times: user=0.15 sys=0.01, real=0.06 secs] 
5774.557: [GC [PSYoungGen: 310986K->17281K(320192K)] 974678K->681053K(1019264K), 0.0571330 secs] [Times: user=0.15 sys=0.00, real=0.06 secs] 
5774.952: [GC [PSYoungGen: 308673K->24552K(315968K)] 972445K->688411K(1015040K), 0.0725100 secs] [Times: user=0.19 sys=0.00, real=0.07 secs] 
5775.459: [GC [PSYoungGen: 315944K->23057K(320640K)] 979803K->687020K(1019712K), 0.1073450 secs] [Times: user=0.19 sys=0.00, real=0.11 secs] 
5775.878: [GC [PSYoungGen: 314385K->19558K(320192K)] 978348K->683601K(1019264K), 0.0694870 secs] [Times: user=0.19 sys=0.00, real=0.07 secs] 
5776.344: [GC [PSYoungGen: 310886K->24636K(320256K)] 974929K->688759K(1019328K), 0.0616110 secs] [Times: user=0.19 sys=0.00, real=0.06 secs] 
5776.734: [GC [PSYoungGen: 316156K->18485K(320512K)] 980279K->682689K(1019584K), 0.0503550 secs] [Times: user=0.16 sys=0.00, real=0.05 secs] 
5777.160: [GC [PSYoungGen: 310005K->26700K(318464K)] 974209K->690992K(1017536K), 0.0913530 secs] [Times: user=0.19 sys=0.00, real=0.09 secs] 
5777.581: [GC [PSYoungGen: 316172K->26708K(316224K)] 980464K->691080K(1015296K), 0.0954720 secs] [Times: user=0.18 sys=0.00, real=0.09 secs] 
5777.988: [GC [PSYoungGen: 316180K->17155K(318272K)] 980552K->681623K(1017344K), 0.0661590 secs] [Times: user=0.16 sys=0.00, real=0.07 secs] 
5778.331: [GC [PSYoungGen: 304579K->30079K(317504K)] 969047K->694619K(1016576K), 0.0851210 secs] [Times: user=0.20 sys=0.00, real=0.08 secs] 
5778.727: [GC [PSYoungGen: 317503K->21632K(316864K)] 982043K->686275K(1015936K), 0.0614180 secs] [Times: user=0.17 sys=0.00, real=0.06 secs] 
5779.161: [GC [PSYoungGen: 306496K->22491K(317184K)] 971139K->687214K(1016256K), 0.1205200 secs] [Times: user=0.19 sys=0.01, real=0.12 secs] 
5779.532: [GC [PSYoungGen: 307355K->31093K(313728K)] 972078K->695889K(1012800K), 0.0694200 secs] [Times: user=0.19 sys=0.00, real=0.07 secs] 
5779.935: [GC [PSYoungGen: 313397K->18165K(315904K)] 978193K->683056K(1014976K), 0.0639480 secs] [Times: user=0.17 sys=0.00, real=0.06 secs] 
5780.289: [GC [PSYoungGen: 300469K->24495K(316480K)] 965360K->689483K(1015552K), 0.0755950 secs] [Times: user=0.18 sys=0.00, real=0.08 secs] 
5780.693: [GC [PSYoungGen: 307375K->22666K(315904K)] 972363K->687742K(1014976K), 0.0797880 secs] [Times: user=0.18 sys=0.00, real=0.08 secs] 
5781.157: [GC [PSYoungGen: 305546K->19530K(317568K)] 970622K->684685K(1016640K), 0.0741470 secs] [Times: user=0.16 sys=0.00, real=0.08 secs] 
5781.549: [GC [PSYoungGen: 304906K->23574K(317312K)] 970061K->688834K(1016384K), 0.0716540 secs] [Times: user=0.20 sys=0.01, real=0.08 secs] 
5781.927: [GC [PSYoungGen: 308950K->21117K(318784K)] 974210K->686481K(1017856K), 0.0775510 secs] [Times: user=0.19 sys=0.00, real=0.08 secs] 
5782.270: [GC [PSYoungGen: 308605K->21234K(318208K)] 973969K->686701K(1017280K), 0.0509410 secs] [Times: user=0.16 sys=0.00, real=0.06 secs] 
5782.650: [GC [PSYoungGen: 308722K->23814K(319616K)] 974189K->689378K(1018688K), 0.0586350 secs] [Times: user=0.18 sys=0.00, real=0.05 secs] 
5783.024: [GC [PSYoungGen: 313222K->19181K(319296K)] 978786K->684817K(1018368K), 0.0685600 secs] [Times: user=0.16 sys=0.00, real=0.07 secs] 
5783.369: [GC [PSYoungGen: 308589K->24204K(319744K)] 974225K->689943K(1018816K), 0.0566910 secs] [Times: user=0.16 sys=0.00, real=0.06 secs] 
5783.758: [GC [PSYoungGen: 314188K->22874K(319744K)] 979927K->688702K(1018816K), 0.0778250 secs] [Times: user=0.18 sys=0.00, real=0.08 secs] 
5784.134: [GC [PSYoungGen: 312858K->21501K(320832K)] 978686K->687400K(1019904K), 0.0644540 secs] [Times: user=0.17 sys=0.00, real=0.06 secs] 
5784.551: [GC [PSYoungGen: 313213K->26611K(318336K)] 979112K->692598K(1017408K), 0.0743760 secs] [Times: user=0.17 sys=0.01, real=0.07 secs] 
5784.923: [GC [PSYoungGen: 318323K->18141K(319680K)] 984310K->684208K(1018752K), 0.0691310 secs] [Times: user=0.14 sys=0.00, real=0.07 secs] 
5785.285: [GC [PSYoungGen: 308253K->27797K(317952K)] 974320K->693952K(1017024K), 0.0918120 secs] [Times: user=0.19 sys=0.00, real=0.09 secs] 
5785.725: [GC [PSYoungGen: 317909K->23935K(318976K)] 984064K->690186K(1018048K), 0.0899230 secs] [Times: user=0.17 sys=0.02, real=0.09 secs] 
5786.114: [GC [PSYoungGen: 311935K->22905K(318528K)] 978186K->689229K(1017600K), 0.0619320 secs] [Times: user=0.16 sys=0.01, real=0.06 secs] 
5786.519: [GC [PSYoungGen: 310905K->21772K(320128K)] 977229K->688191K(1019200K), 0.0664660 secs] [Times: user=0.17 sys=0.00, real=0.07 secs] 
5786.942: [GC [PSYoungGen: 312076K->24097K(319680K)] 978495K->690604K(1018752K), 0.0810600 secs] [Times: user=0.22 sys=0.00, real=0.08 secs] 
5787.376: [GC [PSYoungGen: 314401K->20942K(320576K)] 980908K->687521K(1019648K), 0.0689950 secs] [Times: user=0.18 sys=0.00, real=0.07 secs] 
5787.829: [GC [PSYoungGen: 312334K->26288K(317696K)] 978913K->692955K(1016768K), 0.1022630 secs] [Times: user=0.18 sys=0.01, real=0.11 secs] 
5788.271: [GC [PSYoungGen: 317680K->21235K(320256K)] 984347K->687991K(1019328K), 0.0894310 secs] [Times: user=0.15 sys=0.01, real=0.09 secs] 
5788.666: [GC [PSYoungGen: 311923K->19133K(319936K)] 978679K->686009K(1019008K), 0.0790130 secs] [Times: user=0.19 sys=0.01, real=0.08 secs] 
5789.061: [GC [PSYoungGen: 309821K->24451K(320192K)] 976697K->691414K(1019264K), 0.0766730 secs] [Times: user=0.18 sys=0.00, real=0.07 secs] 
5789.576: [GC [PSYoungGen: 315331K->26771K(317696K)] 982294K->693806K(1016768K), 0.1026050 secs] [Times: user=0.18 sys=0.00, real=0.10 secs] 
5789.996: [GC [PSYoungGen: 317651K->24867K(319424K)] 984686K->691990K(1018496K), 0.0769140 secs] [Times: user=0.19 sys=0.00, real=0.08 secs] 
5790.398: [GC [PSYoungGen: 314147K->26957K(316288K)] 981270K->694168K(1015360K), 0.0650790 secs] [Times: user=0.17 sys=0.00, real=0.07 secs] 
5790.834: [GC [PSYoungGen: 316237K->23642K(319424K)] 983448K->690934K(1018496K), 0.0905750 secs] [Times: user=0.17 sys=0.00, real=0.09 secs] 
5791.289: [GC [PSYoungGen: 312346K->25092K(318784K)] 979638K->692480K(1017856K), 0.0970280 secs] [Times: user=0.22 sys=0.01, real=0.10 secs] 
5791.704: [GC [PSYoungGen: 313796K->20626K(319616K)] 981184K->688093K(1018688K), 0.0673240 secs] [Times: user=0.16 sys=0.00, real=0.07 secs] 
5792.132: [GC [PSYoungGen: 310290K->23128K(319552K)] 977757K->690683K(1018624K), 0.0817740 secs] [Times: user=0.18 sys=0.00, real=0.08 secs] 
5792.579: [GC [PSYoungGen: 312792K->20575K(320256K)] 980347K->688227K(1019328K), 0.0636400 secs] [Times: user=0.16 sys=0.00, real=0.07 secs] 
5793.053: [GC [PSYoungGen: 311519K->25477K(316480K)] 979171K->693209K(1015552K), 0.0784430 secs] [Times: user=0.17 sys=0.00, real=0.07 secs] 
5793.621: [GC [PSYoungGen: 316421K->21860K(320384K)] 984153K->689688K(1019456K), 0.0619150 secs] [Times: user=0.15 sys=0.00, real=0.07 secs] 
5794.005: [GC [PSYoungGen: 312804K->24894K(320064K)] 980632K->692801K(1019136K), 0.0913530 secs] [Times: user=0.18 sys=0.00, real=0.09 secs] 
5794.503: [GC [PSYoungGen: 315838K->19211K(320064K)] 983745K->687198K(1019136K), 0.0614050 secs] [Times: user=0.16 sys=0.00, real=0.06 secs] 
5794.832: [GC [PSYoungGen: 310091K->20947K(320192K)] 978078K->689039K(1019264K), 0.0656190 secs] [Times: user=0.16 sys=0.00, real=0.06 secs] 
5795.284: [GC [PSYoungGen: 311827K->19017K(320384K)] 979919K->687197K(1019456K), 0.0716730 secs] [Times: user=0.15 sys=0.00, real=0.07 secs] 
5795.728: [GC [PSYoungGen: 310409K->26285K(317696K)] 978589K->694536K(1016768K), 0.0959200 secs] [Times: user=0.17 sys=0.00, real=0.10 secs] 
5796.188: [GC [PSYoungGen: 317677K->21710K(320192K)] 985928K->690041K(1019264K), 0.0870610 secs] [Times: user=0.16 sys=0.00, real=0.09 secs] 
5796.570: [GC [PSYoungGen: 312078K->20796K(319680K)] 980409K->689239K(1018752K), 0.0652100 secs] [Times: user=0.16 sys=0.01, real=0.07 secs] 
5796.991: [GC [PSYoungGen: 311164K->21523K(321024K)] 979607K->690062K(1020096K), 0.0690820 secs] [Times: user=0.19 sys=0.00, real=0.07 secs] 
5797.447: [GC [PSYoungGen: 313555K->23061K(320512K)] 982094K->691689K(1019584K), 0.0864980 secs] [Times: user=0.18 sys=0.00, real=0.09 secs] 
5797.870: [GC [PSYoungGen: 315093K->24110K(321344K)] 983721K->692826K(1020416K), 0.0740620 secs] [Times: user=0.18 sys=0.00, real=0.08 secs] 
5798.271: [GC [PSYoungGen: 317294K->22987K(321344K)] 986010K->691798K(1020416K), 0.0720750 secs] [Times: user=0.16 sys=0.00, real=0.08 secs] 
5798.705: [GC [PSYoungGen: 316171K->23235K(322048K)] 984982K->692127K(1021120K), 0.0757980 secs] [Times: user=0.18 sys=0.00, real=0.07 secs] 
5799.105: [GC [PSYoungGen: 317507K->24552K(321728K)] 986399K->693531K(1020800K), 0.0691040 secs] [Times: user=0.17 sys=0.00, real=0.07 secs] 
5799.505: [GC [PSYoungGen: 318824K->22548K(322240K)] 987803K->691608K(1021312K), 0.0642320 secs] [Times: user=0.17 sys=0.00, real=0.06 secs] 
5799.890: [GC [PSYoungGen: 317140K->26723K(321344K)] 986200K->695878K(1020416K), 0.0579000 secs] [Times: user=0.18 sys=0.00, real=0.06 secs] 
5800.272: [GC [PSYoungGen: 321315K->26969K(319424K)] 990470K->696213K(1018496K), 0.0757980 secs] [Times: user=0.17 sys=0.01, real=0.08 secs] 
5800.686: [GC [PSYoungGen: 318233K->24415K(320384K)] 987477K->693746K(1019456K), 0.0803380 secs] [Times: user=0.19 sys=0.00, real=0.08 secs] 
5801.164: [GC [PSYoungGen: 315679K->25221K(320512K)] 985010K->694664K(1019584K), 0.0752210 secs] [Times: user=0.17 sys=0.00, real=0.07 secs] 
5801.603: [GC [PSYoungGen: 316869K->24112K(320576K)] 986312K->693643K(1019648K), 0.0659490 secs] [Times: user=0.18 sys=0.01, real=0.06 secs] 
5802.086: [GC [PSYoungGen: 315760K->24593K(321216K)] 985291K->694205K(1020288K), 0.0643590 secs] [Times: user=0.16 sys=0.00, real=0.06 secs] 
5802.516: [GC [PSYoungGen: 317329K->25589K(321024K)] 986941K->695296K(1020096K), 0.0651220 secs] [Times: user=0.17 sys=0.00, real=0.06 secs] 
5802.913: [GC [PSYoungGen: 318325K->25571K(320768K)] 988032K->695358K(1019840K), 0.0669980 secs] [Times: user=0.18 sys=0.00, real=0.07 secs] 
5803.325: [GC [PSYoungGen: 317859K->24501K(320896K)] 987646K->694360K(1019968K), 0.0654190 secs] [Times: user=0.18 sys=0.00, real=0.06 secs] 
5803.713: [GC [PSYoungGen: 316789K->28199K(318592K)] 986648K->698715K(1017664K), 0.0868810 secs] [Times: user=0.19 sys=0.00, real=0.09 secs] 
5804.096: [GC [PSYoungGen: 318567K->23380K(319936K)] 989083K->694057K(1019008K), 0.0752770 secs] [Times: user=0.19 sys=0.00, real=0.07 secs] 
5804.546: [GC [PSYoungGen: 313748K->23291K(320448K)] 984425K->694056K(1019520K), 0.0806400 secs] [Times: user=0.17 sys=0.00, real=0.08 secs] 
5804.977: [GC [PSYoungGen: 314427K->25752K(320192K)] 985192K->696613K(1019264K), 0.0660600 secs] [Times: user=0.18 sys=0.00, real=0.07 secs] 
5805.397: [GC [PSYoungGen: 316888K->18244K(319168K)] 987749K->689105K(1018240K), 0.0618110 secs] [Times: user=0.16 sys=0.00, real=0.06 secs] 
5805.818: [GC [PSYoungGen: 308356K->25116K(319808K)] 979217K->696057K(1018880K), 0.0721320 secs] [Times: user=0.17 sys=0.00, real=0.07 secs] 
5806.302: [GC [PSYoungGen: 315228K->23277K(320320K)] 986169K->694297K(1019392K), 0.1111300 secs] [Times: user=0.16 sys=0.00, real=0.11 secs] 
5806.758: [GC [PSYoungGen: 314029K->27127K(317888K)] 985049K->698228K(1016960K), 0.0750350 secs] [Times: user=0.20 sys=0.00, real=0.07 secs] 
5807.142: [GC [PSYoungGen: 317879K->21896K(319808K)] 988980K->693093K(1018880K), 0.0843600 secs] [Times: user=0.19 sys=0.00, real=0.09 secs] 
5807.560: [GC [PSYoungGen: 311880K->21859K(319680K)] 983077K->693144K(1018752K), 0.0705200 secs] [Times: user=0.18 sys=0.00, real=0.07 secs] 
5808.031: [GC [PSYoungGen: 311843K->21892K(320256K)] 983128K->693257K(1019328K), 0.0702550 secs] [Times: user=0.17 sys=0.00, real=0.07 secs] 
5808.413: [GC [PSYoungGen: 312644K->24554K(320000K)] 984009K->696007K(1019072K), 0.1081350 secs] [Times: user=0.19 sys=0.00, real=0.11 secs] 
5808.818: [GC [PSYoungGen: 315306K->18146K(319680K)] 986759K->689687K(1018752K), 0.0584080 secs] [Times: user=0.15 sys=0.00, real=0.06 secs] 
5809.195: [GC [PSYoungGen: 308770K->28455K(319104K)] 980311K->700092K(1018176K), 0.0539650 secs] [Times: user=0.19 sys=0.00, real=0.05 secs] 
5809.696: [GC [PSYoungGen: 319079K->19505K(318336K)] 990716K->691214K(1017408K), 0.0769030 secs] [Times: user=0.19 sys=0.00, real=0.07 secs] 
5810.121: [GC [PSYoungGen: 307441K->19512K(318720K)] 979150K->691325K(1017792K), 0.0824650 secs] [Times: user=0.16 sys=0.00, real=0.08 secs] 
5810.514: [GC [PSYoungGen: 307448K->22731K(319552K)] 979261K->694631K(1018624K), 0.0723880 secs] [Times: user=0.18 sys=0.00, real=0.07 secs] 
5810.972: [GC [PSYoungGen: 311563K->23122K(318784K)] 983463K->695111K(1017856K), 0.0681770 secs] [Times: user=0.18 sys=0.01, real=0.07 secs] 
5811.379: [GC [PSYoungGen: 311954K->14298K(318528K)] 983943K->686383K(1017600K), 0.0700830 secs] [Times: user=0.13 sys=0.00, real=0.07 secs] 
5811.812: [GC [PSYoungGen: 303514K->23356K(319360K)] 975599K->695529K(1018432K), 0.0771270 secs] [Times: user=0.18 sys=0.00, real=0.08 secs] 
5812.202: [GC [PSYoungGen: 312572K->22298K(320384K)] 984745K->694550K(1019456K), 0.0652290 secs] [Times: user=0.17 sys=0.00, real=0.07 secs] 
5812.593: [GC [PSYoungGen: 312858K->25969K(319680K)] 985110K->698310K(1018752K), 0.0636900 secs] [Times: user=0.18 sys=0.00, real=0.07 secs] 
5812.991: [GC [PSYoungGen: 316529K->18065K(319552K)] 988870K->690494K(1018624K), 0.0591470 secs] [Times: user=0.15 sys=0.01, real=0.06 secs] 
5813.404: [GC [PSYoungGen: 307793K->24222K(319616K)] 980222K->696731K(1018688K), 0.1132670 secs] [Times: user=0.17 sys=0.00, real=0.12 secs] 
5813.835: [GC [PSYoungGen: 313950K->24820K(319360K)] 986459K->697417K(1018432K), 0.0880780 secs] [Times: user=0.18 sys=0.00, real=0.08 secs] 
5814.303: [GC [PSYoungGen: 314292K->26361K(315840K)] 986889K->699054K(1014912K), 0.0854090 secs] [Times: user=0.18 sys=0.01, real=0.09 secs] 
5814.705: [GC [PSYoungGen: 315833K->23438K(319424K)] 988526K->696227K(1018496K), 0.0709190 secs] [Times: user=0.17 sys=0.00, real=0.07 secs] 
5815.156: [GC [PSYoungGen: 312142K->19469K(318784K)] 984931K->692346K(1017856K), 0.0607390 secs] [Times: user=0.17 sys=0.00, real=0.06 secs] 
5815.519: [GC [PSYoungGen: 308173K->20600K(319872K)] 981050K->693540K(1018944K), 0.1104800 secs] [Times: user=0.18 sys=0.00, real=0.11 secs] 
5815.936: [GC [PSYoungGen: 310456K->26952K(316864K)] 983396K->699997K(1015936K), 0.0745770 secs] [Times: user=0.19 sys=0.01, real=0.07 secs] 
5816.370: [GC [PSYoungGen: 316804K->21602K(319488K)] 989849K->694743K(1018560K), 0.0803090 secs] [Times: user=0.17 sys=0.01, real=0.08 secs] 
5816.693: [GC [PSYoungGen: 310498K->21681K(318912K)] 983639K->694894K(1017984K), 0.0615110 secs] [Times: user=0.18 sys=0.00, real=0.07 secs] 
5817.078: [GC [PSYoungGen: 310577K->25793K(319104K)] 983790K->699094K(1018176K), 0.1072120 secs] [Times: user=0.22 sys=0.02, real=0.11 secs] 
5817.551: [GC [PSYoungGen: 315393K->23516K(319552K)] 988694K->696929K(1018624K), 0.0932310 secs] [Times: user=0.19 sys=0.01, real=0.09 secs] 
5818.033: [GC [PSYoungGen: 313116K->22270K(320576K)] 986529K->695755K(1019648K), 0.0653530 secs] [Times: user=0.17 sys=0.00, real=0.07 secs] 
5818.444: [GC [PSYoungGen: 313342K->20547K(320000K)] 986827K->694103K(1019072K), 0.0807610 secs] [Times: user=0.17 sys=0.00, real=0.09 secs] 
5818.840: [GC [PSYoungGen: 311619K->20078K(320896K)] 985175K->693714K(1019968K), 0.1211030 secs] [Times: user=0.16 sys=0.00, real=0.12 secs] 
5819.347: [GC [PSYoungGen: 312167K->21700K(320704K)] 985804K->695441K(1019776K), 0.0673320 secs] [Times: user=0.18 sys=0.00, real=0.06 secs] 
5819.850: [GC [PSYoungGen: 313796K->24335K(321088K)] 987537K->698155K(1020160K), 0.0795500 secs] [Times: user=0.20 sys=0.01, real=0.08 secs] 
5820.260: [GC [PSYoungGen: 317263K->23220K(321216K)] 991083K->697113K(1020288K), 0.0616130 secs] [Times: user=0.18 sys=0.00, real=0.06 secs] 
5820.646: [GC [PSYoungGen: 316148K->21916K(321984K)] 990041K->695889K(1021056K), 0.0512190 secs] [Times: user=0.17 sys=0.00, real=0.06 secs] 
5821.075: [GC [PSYoungGen: 315932K->23314K(321536K)] 989905K->697383K(1020608K), 0.0802430 secs] [Times: user=0.17 sys=0.01, real=0.08 secs] 
5821.545: [GC [PSYoungGen: 317330K->22242K(322560K)] 991399K->696399K(1021632K), 0.0926850 secs] [Times: user=0.17 sys=0.00, real=0.10 secs] 
5822.012: [GC [PSYoungGen: 317474K->23905K(322176K)] 991631K->698150K(1021248K), 0.0735790 secs] [Times: user=0.18 sys=0.00, real=0.07 secs] 
5822.434: [GC [PSYoungGen: 319137K->26984K(319040K)] 993382K->702773K(1018112K), 0.0808290 secs] [Times: user=0.20 sys=0.00, real=0.08 secs] 
5822.908: [GC [PSYoungGen: 319016K->21949K(320768K)] 994805K->697899K(1019840K), 0.0693580 secs] [Times: user=0.17 sys=0.01, real=0.07 secs] 
5823.259: [GC [PSYoungGen: 313981K->24542K(321088K)] 989931K->700492K(1020160K), 0.0802190 secs] [Times: user=0.17 sys=0.00, real=0.08 secs] 
5823.599: [GC [PSYoungGen: 317214K->21613K(321088K)] 993164K->697635K(1020160K), 0.0737580 secs] [Times: user=0.17 sys=0.00, real=0.07 secs] 
5823.989: [GC [PSYoungGen: 314285K->21906K(321600K)] 990307K->698016K(1020672K), 0.0598430 secs] [Times: user=0.17 sys=0.00, real=0.06 secs] 
5824.495: [GC [PSYoungGen: 315337K->19986K(321344K)] 991447K->696184K(1020416K), 0.0689450 secs] [Times: user=0.18 sys=0.00, real=0.07 secs] 
5824.898: [GC [PSYoungGen: 313426K->19322K(321472K)] 989624K->695608K(1020544K), 0.0595720 secs] [Times: user=0.16 sys=0.00, real=0.06 secs] 
5825.348: [GC [PSYoungGen: 312890K->23672K(321536K)] 989176K->700046K(1020608K), 0.1208200 secs] [Times: user=0.18 sys=0.00, real=0.12 secs] 
5825.800: [GC [PSYoungGen: 317240K->25787K(320192K)] 993614K->702241K(1019264K), 0.0805590 secs] [Times: user=0.21 sys=0.01, real=0.08 secs] 
5826.225: [GC [PSYoungGen: 318075K->26801K(319104K)] 994529K->703343K(1018176K), 0.0683300 secs] [Times: user=0.20 sys=0.00, real=0.07 secs] 
5826.612: [GC [PSYoungGen: 319089K->21956K(320448K)] 995631K->698593K(1019520K), 0.0936420 secs] [Times: user=0.16 sys=0.01, real=0.09 secs] 
5827.071: [GC [PSYoungGen: 312890K->19406K(320000K)] 989528K->696132K(1019072K), 0.0465440 secs] [Times: user=0.16 sys=0.00, real=0.05 secs] 
5827.452: [GC [PSYoungGen: 310350K->24262K(320448K)] 987076K->701076K(1019520K), 0.0591860 secs] [Times: user=0.18 sys=0.00, real=0.06 secs] 
5827.865: [GC [PSYoungGen: 315590K->21017K(320384K)] 992404K->697911K(1019456K), 0.0962300 secs] [Times: user=0.16 sys=0.01, real=0.10 secs] 
5828.315: [GC [PSYoungGen: 312345K->21308K(321152K)] 989239K->698290K(1020224K), 0.0584990 secs] [Times: user=0.17 sys=0.00, real=0.06 secs] 
5828.767: [GC [PSYoungGen: 313724K->25031K(320768K)] 990706K->702101K(1019840K), 0.0873950 secs] [Times: user=0.18 sys=0.01, real=0.09 secs] 
5829.212: [GC [PSYoungGen: 317445K->13775K(318976K)] 994515K->690925K(1018048K), 0.0587140 secs] [Times: user=0.14 sys=0.01, real=0.06 secs] 
5829.579: [GC [PSYoungGen: 304015K->27604K(317888K)] 981165K->704842K(1016960K), 0.0866900 secs] [Times: user=0.19 sys=0.00, real=0.08 secs] 
5830.016: [GC [PSYoungGen: 317844K->21818K(319232K)] 995082K->699144K(1018304K), 0.0658850 secs] [Times: user=0.16 sys=0.01, real=0.07 secs] 
5830.499: [GC [PSYoungGen: 310074K->20531K(318528K)] 987400K->697945K(1017600K), 0.0944610 secs] [Times: user=0.16 sys=0.01, real=0.09 secs] 
5830.882: [GC [PSYoungGen: 308778K->22377K(320384K)] 986192K->699886K(1019456K), 0.0630780 secs] [Times: user=0.16 sys=0.00, real=0.06 secs] 
5831.269: [GC [PSYoungGen: 312937K->19506K(319680K)] 990446K->697096K(1018752K), 0.0675150 secs] [Times: user=0.16 sys=0.00, real=0.06 secs] 
5831.709: [GC [PSYoungGen: 310066K->21346K(321216K)] 987656K->699024K(1020288K), 0.0663260 secs] [Times: user=0.18 sys=0.00, real=0.06 secs] 
5832.088: [GC [PSYoungGen: 313698K->19352K(320640K)] 991376K->697110K(1019712K), 0.0669590 secs] [Times: user=0.15 sys=0.00, real=0.06 secs] 
5832.542: [GC [PSYoungGen: 311704K->22287K(321792K)] 989462K->700124K(1020864K), 0.0724420 secs] [Times: user=0.18 sys=0.00, real=0.07 secs] 
5832.979: [GC [PSYoungGen: 315983K->23745K(321408K)] 993820K->701670K(1020480K), 0.0892890 secs] [Times: user=0.17 sys=0.00, real=0.08 secs] 
5833.372: [GC [PSYoungGen: 317441K->24605K(320896K)] 995366K->702619K(1019968K), 0.0891780 secs] [Times: user=0.18 sys=0.01, real=0.09 secs] 
5833.797: [GC [PSYoungGen: 317661K->23283K(321280K)] 995675K->701377K(1020352K), 0.0675960 secs] [Times: user=0.16 sys=0.00, real=0.07 secs] 
5834.213: [GC [PSYoungGen: 316339K->22698K(321856K)] 994433K->700880K(1020928K), 0.0814700 secs] [Times: user=0.18 sys=0.00, real=0.08 secs] 
5834.584: [GC [PSYoungGen: 316522K->21269K(321472K)] 994704K->699539K(1020544K), 0.0489520 secs] [Times: user=0.15 sys=0.00, real=0.05 secs] 
5835.013: [GC [PSYoungGen: 315093K->27252K(319424K)] 993363K->705662K(1018496K), 0.0807660 secs] [Times: user=0.18 sys=0.01, real=0.08 secs] 
5835.412: [GC [PSYoungGen: 319412K->25705K(317888K)] 997822K->704259K(1016960K), 0.0717350 secs] [Times: user=0.18 sys=0.01, real=0.07 secs] 
5835.789: [GC [PSYoungGen: 317865K->25262K(319808K)] 996419K->703920K(1018880K), 0.0896050 secs] [Times: user=0.21 sys=0.00, real=0.09 secs] 
5836.240: [GC [PSYoungGen: 315886K->25407K(316032K)] 994544K->704137K(1015104K), 0.0863290 secs] [Times: user=0.17 sys=0.00, real=0.08 secs] 
5836.630: [GC [PSYoungGen: 316031K->29546K(316224K)] 994761K->708782K(1015296K), 0.0944420 secs] [Times: user=0.21 sys=0.00, real=0.09 secs] 
5837.062: [GC [PSYoungGen: 316191K->19184K(305856K)] 995428K->698564K(1004928K), 0.0616900 secs] [Times: user=0.17 sys=0.00, real=0.06 secs] 
5837.554: [GC [PSYoungGen: 305840K->19780K(318080K)] 985220K->699249K(1017152K), 0.0648550 secs] [Times: user=0.17 sys=0.00, real=0.07 secs] 
5837.991: [GC [PSYoungGen: 306308K->19480K(317952K)] 985777K->698948K(1017024K), 0.0755190 secs] [Times: user=0.16 sys=0.00, real=0.07 secs] 
5838.384: [GC [PSYoungGen: 306008K->25160K(318272K)] 985476K->704628K(1017344K), 0.0847190 secs] [Times: user=0.20 sys=0.01, real=0.09 secs] 
5838.798: [GC [PSYoungGen: 312200K->22930K(318272K)] 991668K->702518K(1017344K), 0.0820590 secs] [Times: user=0.19 sys=0.00, real=0.09 secs] 
5839.155: [GC [PSYoungGen: 309970K->21452K(319488K)] 989558K->701128K(1018560K), 0.0489020 secs] [Times: user=0.17 sys=0.00, real=0.05 secs] 
5839.648: [GC [PSYoungGen: 310476K->25091K(319040K)] 990152K->704847K(1018112K), 0.0875100 secs] [Times: user=0.21 sys=0.00, real=0.09 secs] 
5840.014: [GC [PSYoungGen: 314115K->22145K(319936K)] 993871K->701989K(1019008K), 0.0692880 secs] [Times: user=0.17 sys=0.00, real=0.07 secs] 
5840.438: [GC [PSYoungGen: 311991K->20318K(319424K)] 991835K->700242K(1018496K), 0.0644870 secs] [Times: user=0.18 sys=0.00, real=0.07 secs] 
5840.960: [GC [PSYoungGen: 310174K->24566K(320128K)] 990098K->704570K(1019200K), 0.0932280 secs] [Times: user=0.18 sys=0.01, real=0.09 secs] 
5841.392: [GC [PSYoungGen: 315318K->18196K(308992K)] 995322K->698328K(1008064K), 0.0644440 secs] [Times: user=0.15 sys=0.00, real=0.06 secs] 
5841.784: [GC [PSYoungGen: 308948K->24089K(320064K)] 989080K->704301K(1019136K), 0.0579400 secs] [Times: user=0.17 sys=0.00, real=0.06 secs] 
5842.166: [GC [PSYoungGen: 314585K->24605K(319936K)] 994797K->704897K(1019008K), 0.0807750 secs] [Times: user=0.18 sys=0.00, real=0.08 secs] 
5842.589: [GC [PSYoungGen: 315101K->23383K(320448K)] 995393K->703763K(1019520K), 0.0797980 secs] [Times: user=0.20 sys=0.01, real=0.08 secs] 
5843.007: [GC [PSYoungGen: 314327K->22425K(320000K)] 994707K->702926K(1019072K), 0.0735910 secs] [Times: user=0.16 sys=0.00, real=0.08 secs] 
5843.408: [GC [PSYoungGen: 313369K->24831K(320640K)] 993870K->705444K(1019712K), 0.0767830 secs] [Times: user=0.19 sys=0.00, real=0.08 secs] 
5843.942: [GC [PSYoungGen: 316991K->23454K(320832K)] 997604K->704178K(1019904K), 0.0856950 secs] [Times: user=0.17 sys=0.01, real=0.08 secs] 
5844.474: [GC [PSYoungGen: 315614K->22460K(321664K)] 996338K->703264K(1020736K), 0.1202380 secs] [Times: user=0.17 sys=0.02, real=0.12 secs] 
5844.981: [GC [PSYoungGen: 315836K->17627K(321216K)] 996640K->698511K(1020288K), 0.0758780 secs] [Times: user=0.15 sys=0.00, real=0.07 secs] 
5845.427: [GC [PSYoungGen: 311003K->20018K(321344K)] 991887K->700982K(1020416K), 0.0804430 secs] [Times: user=0.14 sys=0.00, real=0.08 secs] 
5845.953: [GC [PSYoungGen: 313074K->24389K(317504K)] 994038K->705449K(1016576K), 0.0762320 secs] [Times: user=0.19 sys=0.00, real=0.07 secs] 
5846.350: [GC [PSYoungGen: 317445K->23439K(321344K)] 998505K->704579K(1020416K), 0.0622150 secs] [Times: user=0.16 sys=0.00, real=0.06 secs] 
5846.742: [GC [PSYoungGen: 316431K->21576K(321152K)] 997571K->702812K(1020224K), 0.0563370 secs] [Times: user=0.16 sys=0.00, real=0.05 secs] 
5847.155: [GC [PSYoungGen: 314568K->23706K(321856K)] 995804K->705022K(1020928K), 0.0706870 secs] [Times: user=0.18 sys=0.01, real=0.07 secs] 
5847.546: [GC [PSYoungGen: 317850K->19872K(321792K)] 999166K->701276K(1020864K), 0.0686290 secs] [Times: user=0.17 sys=0.01, real=0.07 secs] 
5847.987: [GC [PSYoungGen: 314016K->22614K(322304K)] 995420K->704114K(1021376K), 0.0645270 secs] [Times: user=0.17 sys=0.00, real=0.07 secs] 
5848.353: [GC [PSYoungGen: 317270K->22241K(321856K)] 998770K->703805K(1020928K), 0.0675930 secs] [Times: user=0.18 sys=0.00, real=0.06 secs] 
5848.792: [GC [PSYoungGen: 316897K->24151K(322240K)] 998461K->705803K(1021312K), 0.0893560 secs] [Times: user=0.18 sys=0.00, real=0.09 secs] 
5849.164: [GC [PSYoungGen: 319639K->25595K(321088K)] 1001291K->707343K(1020160K), 0.1065250 secs] [Times: user=0.24 sys=0.01, real=0.11 secs] 
5849.724: [GC [PSYoungGen: 321083K->21601K(322112K)] 1002831K->703438K(1021184K), 0.0806270 secs] [Times: user=0.18 sys=0.00, real=0.08 secs] 
5850.234: [GC [PSYoungGen: 316001K->23113K(321792K)] 997838K->705037K(1020864K), 0.0682070 secs] [Times: user=0.16 sys=0.01, real=0.07 secs] 
5850.742: [GC [PSYoungGen: 317513K->23861K(322432K)] 999437K->705881K(1021504K), 0.0829730 secs] [Times: user=0.17 sys=0.00, real=0.08 secs] 
5851.148: [GC [PSYoungGen: 319221K->27047K(322432K)] 1001241K->709196K(1021504K), 0.0743270 secs] [Times: user=0.17 sys=0.01, real=0.08 secs] 
5851.537: [GC [PSYoungGen: 322407K->22518K(320768K)] 1004556K->704826K(1019840K), 0.0704630 secs] [Times: user=0.17 sys=0.00, real=0.07 secs] 
5851.903: [GC [PSYoungGen: 316214K->24735K(318464K)] 998522K->707123K(1017536K), 0.0707410 secs] [Times: user=0.18 sys=0.00, real=0.07 secs] 
5852.349: [GC [PSYoungGen: 318431K->19013K(320896K)] 1000819K->701490K(1019968K), 0.1057830 secs] [Times: user=0.17 sys=0.01, real=0.11 secs] 
5852.769: [GC [PSYoungGen: 311941K->24786K(317760K)] 994418K->707350K(1016832K), 0.0670890 secs] [Times: user=0.18 sys=0.00, real=0.07 secs] 
5853.158: [GC [PSYoungGen: 317714K->21890K(321408K)] 1000278K->704534K(1020480K), 0.0601840 secs] [Times: user=0.17 sys=0.00, real=0.06 secs] 
5853.571: [GC [PSYoungGen: 314882K->23581K(321088K)] 997526K->706314K(1020160K), 0.1097890 secs] [Times: user=0.17 sys=0.00, real=0.11 secs] 
5853.999: [GC [PSYoungGen: 316573K->19089K(321280K)] 999306K->701917K(1020352K), 0.0737860 secs] [Times: user=0.18 sys=0.01, real=0.08 secs] 
5854.502: [GC [PSYoungGen: 312529K->25642K(319104K)] 995357K->708558K(1018176K), 0.0696460 secs] [Times: user=0.18 sys=0.00, real=0.07 secs] 
5854.941: [GC [PSYoungGen: 319082K->24744K(320768K)] 1001998K->707741K(1019840K), 0.0746150 secs] [Times: user=0.18 sys=0.00, real=0.07 secs] 
5855.368: [GC [PSYoungGen: 316904K->22456K(320832K)] 999901K->705540K(1019904K), 0.0804590 secs] [Times: user=0.16 sys=0.00, real=0.08 secs] 
5855.848: [GC [PSYoungGen: 314616K->24868K(320896K)] 997700K->708049K(1019968K), 0.1015900 secs] [Times: user=0.18 sys=0.00, real=0.10 secs] 
5856.377: [GC [PSYoungGen: 317540K->26831K(319552K)] 1000721K->710115K(1018624K), 0.1035470 secs] [Times: user=0.19 sys=0.01, real=0.10 secs] 
5856.838: [GC [PSYoungGen: 319503K->18002K(319488K)] 1002787K->701382K(1018560K), 0.0776090 secs] [Times: user=0.14 sys=0.00, real=0.08 secs] 
5857.194: [GC [PSYoungGen: 308242K->24457K(319872K)] 991622K->707925K(1018944K), 0.0755310 secs] [Times: user=0.19 sys=0.00, real=0.07 secs] 
5857.715: [GC [PSYoungGen: 314697K->23935K(320384K)] 998165K->707492K(1019456K), 0.0912890 secs] [Times: user=0.16 sys=0.00, real=0.09 secs] 
5858.097: [GC [PSYoungGen: 314815K->23181K(320000K)] 998372K->706817K(1019072K), 0.0847780 secs] [Times: user=0.17 sys=0.00, real=0.09 secs] 
5858.530: [GC [PSYoungGen: 314061K->25391K(320448K)] 997697K->709124K(1019520K), 0.1184200 secs] [Times: user=0.17 sys=0.01, real=0.12 secs] 
5858.908: [GC [PSYoungGen: 317295K->19679K(311616K)] 1001028K->703483K(1010688K), 0.0582220 secs] [Times: user=0.15 sys=0.01, real=0.06 secs] 
5859.323: [GC [PSYoungGen: 311583K->22920K(321088K)] 995387K->706812K(1020160K), 0.0680580 secs] [Times: user=0.17 sys=0.01, real=0.06 secs] 
5859.744: [GC [PSYoungGen: 315080K->24553K(320576K)] 998972K->708517K(1019648K), 0.0795760 secs] [Times: user=0.16 sys=0.01, real=0.08 secs] 
5860.159: [GC [PSYoungGen: 316713K->26754K(319552K)] 1000677K->710814K(1018624K), 0.0849010 secs] [Times: user=0.24 sys=0.02, real=0.09 secs] 
5860.634: [GC [PSYoungGen: 317890K->23200K(320320K)] 1001950K->707349K(1019392K), 0.0754810 secs] [Times: user=0.17 sys=0.00, real=0.07 secs] 
5861.184: [GC [PSYoungGen: 314336K->22606K(321152K)] 998485K->706834K(1020224K), 0.0744340 secs] [Times: user=0.20 sys=0.01, real=0.07 secs] 
5861.718: [GC [PSYoungGen: 315086K->22953K(320832K)] 999314K->707182K(1019904K), 0.0808830 secs] [Times: user=0.19 sys=0.00, real=0.08 secs] 
5862.157: [GC [PSYoungGen: 315433K->22712K(321920K)] 999662K->707036K(1020992K), 0.1164860 secs] [Times: user=0.18 sys=0.00, real=0.12 secs] 
5862.587: [GC [PSYoungGen: 316664K->23717K(321536K)] 1000988K->708138K(1020608K), 0.0540430 secs] [Times: user=0.17 sys=0.00, real=0.05 secs] 
5863.017: [GC [PSYoungGen: 317669K->25548K(321408K)] 1002090K->710057K(1020480K), 0.0748530 secs] [Times: user=0.19 sys=0.00, real=0.08 secs] 
5863.431: [GC [PSYoungGen: 319628K->17589K(311680K)] 1004137K->702193K(1010752K), 0.0631010 secs] [Times: user=0.17 sys=0.00, real=0.07 secs] 
5863.904: [GC [PSYoungGen: 311669K->17879K(320512K)] 996273K->702563K(1019584K), 0.0652050 secs] [Times: user=0.16 sys=0.00, real=0.06 secs] 
5864.345: [GC [PSYoungGen: 310039K->28671K(320832K)] 994723K->713765K(1019904K), 0.1066310 secs] [Times: user=0.23 sys=0.02, real=0.10 secs] 
5864.770: [GC [PSYoungGen: 320831K->23165K(318656K)] 1005925K->708403K(1017728K), 0.0833510 secs] [Times: user=0.17 sys=0.00, real=0.09 secs] 
5865.287: [GC [PSYoungGen: 313149K->22286K(319744K)] 998387K->707620K(1018816K), 0.0739260 secs] [Times: user=0.19 sys=0.00, real=0.07 secs] 
5865.683: [GC [PSYoungGen: 312270K->23655K(320640K)] 997604K->708989K(1019712K), 0.0766540 secs] [Times: user=0.17 sys=0.01, real=0.08 secs] 
5866.113: [GC [PSYoungGen: 315047K->22764K(320256K)] 1000381K->708178K(1019328K), 0.0727150 secs] [Times: user=0.17 sys=0.00, real=0.07 secs] 
5866.649: [GC [PSYoungGen: 314156K->22482K(321536K)] 999570K->707992K(1020608K), 0.1098900 secs] [Times: user=0.17 sys=0.00, real=0.11 secs] 
5867.126: [GC [PSYoungGen: 315666K->23040K(321152K)] 1001176K->708622K(1020224K), 0.0714700 secs] [Times: user=0.19 sys=0.00, real=0.07 secs] 
5867.554: [GC [PSYoungGen: 316224K->21195K(322176K)] 1001806K->706849K(1021248K), 0.0767790 secs] [Times: user=0.20 sys=0.00, real=0.07 secs] 
5867.946: [GC [PSYoungGen: 315908K->12424K(307200K)] 1001562K->698174K(1006272K), 0.0684520 secs] [Times: user=0.12 sys=0.01, real=0.07 secs] 
5868.326: [GC [PSYoungGen: 307144K->26933K(318400K)] 992894K->712763K(1017472K), 0.0839760 secs] [Times: user=0.21 sys=0.00, real=0.08 secs] 
5868.764: [GC [PSYoungGen: 316661K->21687K(319616K)] 1002491K->707613K(1018688K), 0.0670640 secs] [Times: user=0.17 sys=0.01, real=0.06 secs] 
5869.274: [GC [PSYoungGen: 311414K->27359K(317952K)] 997340K->713381K(1017024K), 0.1359800 secs] [Times: user=0.18 sys=0.00, real=0.13 secs] 
5869.740: [GC [PSYoungGen: 316063K->20372K(319104K)] 1002085K->706466K(1018176K), 0.0709870 secs] [Times: user=0.16 sys=0.00, real=0.07 secs] 
5870.242: [GC [PSYoungGen: 309076K->25423K(318784K)] 995170K->711621K(1017856K), 0.1012970 secs] [Times: user=0.19 sys=0.01, real=0.11 secs] 
5870.628: [GC [PSYoungGen: 314127K->20156K(319104K)] 1000325K->706442K(1018176K), 0.0693220 secs] [Times: user=0.17 sys=0.00, real=0.07 secs] 
5871.058: [GC [PSYoungGen: 308860K->22854K(320064K)] 995146K->709212K(1019136K), 0.0567250 secs] [Times: user=0.17 sys=0.00, real=0.06 secs] 
5871.461: [GC [PSYoungGen: 312838K->23986K(319424K)] 999196K->710448K(1018496K), 0.1041860 secs] [Times: user=0.19 sys=0.01, real=0.11 secs] 
5871.838: [GC [PSYoungGen: 313970K->27132K(318272K)] 1000432K->713674K(1017344K), 0.0884190 secs] [Times: user=0.18 sys=0.00, real=0.09 secs] 
5872.268: [GC [PSYoungGen: 316092K->20429K(319232K)] 1002634K->707051K(1018304K), 0.0767750 secs] [Times: user=0.18 sys=0.00, real=0.08 secs] 
5872.658: [GC [PSYoungGen: 309389K->27587K(317440K)] 996011K->714297K(1016512K), 0.0765310 secs] [Times: user=0.21 sys=0.01, real=0.08 secs] 
5873.101: [GC [PSYoungGen: 315011K->23026K(318464K)] 1001721K->709832K(1017536K), 0.0897390 secs] [Times: user=0.19 sys=0.00, real=0.09 secs] 
5873.527: [GC [PSYoungGen: 310450K->23661K(319744K)] 997256K->710563K(1018816K), 0.0868740 secs] [Times: user=0.17 sys=0.01, real=0.08 secs] 
5873.898: [GC [PSYoungGen: 313069K->23820K(319168K)] 999971K->710810K(1018240K), 0.0853340 secs] [Times: user=0.20 sys=0.00, real=0.08 secs] 
5874.334: [GC [PSYoungGen: 313228K->22335K(320640K)] 1000218K->709437K(1019712K), 0.0828660 secs] [Times: user=0.20 sys=0.00, real=0.08 secs] 
5874.783: [GC [PSYoungGen: 313663K->23906K(320192K)] 1000765K->711080K(1019264K), 0.0806660 secs] [Times: user=0.18 sys=0.00, real=0.08 secs] 
5875.282: [GC [PSYoungGen: 315234K->23302K(321472K)] 1002408K->710564K(1020544K), 0.0751760 secs] [Times: user=0.16 sys=0.00, real=0.08 secs] 
5875.734: [GC [PSYoungGen: 316230K->23233K(320960K)] 1003492K->710583K(1020032K), 0.0949290 secs] [Times: user=0.20 sys=0.00, real=0.10 secs] 
5876.162: [GC [PSYoungGen: 316161K->27577K(318976K)] 1003511K->715752K(1018048K), 0.0915510 secs] [Times: user=0.20 sys=0.00, real=0.09 secs] 
5876.629: [GC [PSYoungGen: 318969K->23785K(320448K)] 1007144K->712119K(1019520K), 0.0724210 secs] [Times: user=0.18 sys=0.00, real=0.07 secs] 
5877.099: [GC [PSYoungGen: 315177K->22148K(321152K)] 1003511K->710570K(1020224K), 0.0609200 secs] [Times: user=0.16 sys=0.00, real=0.06 secs] 
5877.474: [GC [PSYoungGen: 314756K->22138K(320960K)] 1003178K->710560K(1020032K), 0.0536440 secs] [Times: user=0.16 sys=0.00, real=0.05 secs] 
5877.831: [GC [PSYoungGen: 314746K->16972K(320064K)] 1003168K->705467K(1019136K), 0.0603760 secs] [Times: user=0.16 sys=0.00, real=0.06 secs] 
5878.172: [GC [PSYoungGen: 308876K->25385K(317312K)] 997371K->713968K(1016384K), 0.0619030 secs] [Times: user=0.17 sys=0.00, real=0.06 secs] 
5878.618: [GC [PSYoungGen: 317289K->25195K(320064K)] 1005872K->713866K(1019136K), 0.0676500 secs] [Times: user=0.18 sys=0.00, real=0.07 secs] 
5879.037: [GC [PSYoungGen: 316075K->27433K(318336K)] 1004746K->716184K(1017408K), 0.1294550 secs] [Times: user=0.20 sys=0.02, real=0.13 secs] 
5879.449: [GC [PSYoungGen: 318313K->23179K(319808K)] 1007064K->712018K(1018880K), 0.0663770 secs] [Times: user=0.16 sys=0.00, real=0.07 secs] 
5879.942: [GC [PSYoungGen: 312715K->21549K(319232K)] 1001554K->710468K(1018304K), 0.1160730 secs] [Times: user=0.19 sys=0.01, real=0.12 secs] 
5880.458: [GC [PSYoungGen: 311085K->22401K(320448K)] 1000004K->711415K(1019520K), 0.0675180 secs] [Times: user=0.16 sys=0.00, real=0.07 secs] 
5880.867: [GC [PSYoungGen: 313409K->19197K(320064K)] 1002423K->708299K(1019136K), 0.0740420 secs] [Times: user=0.15 sys=0.00, real=0.07 secs] 
5881.359: [GC [PSYoungGen: 310205K->22706K(320896K)] 999307K->711888K(1019968K), 0.0797470 secs] [Times: user=0.16 sys=0.00, real=0.08 secs] 
5881.749: [GC [PSYoungGen: 314418K->23662K(320320K)] 1003600K->712940K(1019392K), 0.0689440 secs] [Times: user=0.18 sys=0.00, real=0.07 secs] 
5882.249: [GC [PSYoungGen: 315372K->20186K(321216K)] 1004651K->709544K(1020288K), 0.0868710 secs] [Times: user=0.18 sys=0.01, real=0.09 secs] 
5882.586: [GC [PSYoungGen: 313114K->22976K(321216K)] 1002472K->712414K(1020288K), 0.0820490 secs] [Times: user=0.17 sys=0.01, real=0.08 secs] 
5883.035: [GC [PSYoungGen: 315904K->26316K(320128K)] 1005342K->715843K(1019200K), 0.0767350 secs] [Times: user=0.17 sys=0.01, real=0.07 secs] 
5883.478: [GC [PSYoungGen: 318604K->23746K(320896K)] 1008131K->713369K(1019968K), 0.0726650 secs] [Times: user=0.18 sys=0.00, real=0.07 secs] 
5883.882: [GC [PSYoungGen: 316034K->21033K(321344K)] 1005657K->710735K(1020416K), 0.0672380 secs] [Times: user=0.19 sys=0.00, real=0.07 secs] 
5884.331: [GC [PSYoungGen: 314089K->19140K(321216K)] 1003791K->708930K(1020288K), 0.0703940 secs] [Times: user=0.15 sys=0.00, real=0.07 secs] 
5884.795: [GC [PSYoungGen: 312196K->23039K(321600K)] 1001986K->712910K(1020672K), 0.0733680 secs] [Times: user=0.18 sys=0.00, real=0.07 secs] 
5885.248: [GC [PSYoungGen: 316351K->24636K(321216K)] 1006222K->714595K(1020288K), 0.0745060 secs] [Times: user=0.20 sys=0.00, real=0.07 secs] 
5885.699: [GC [PSYoungGen: 317948K->25781K(320256K)] 1007907K->715820K(1019328K), 0.0809890 secs] [Times: user=0.19 sys=0.00, real=0.08 secs] 
5886.137: [GC [PSYoungGen: 317941K->20797K(320832K)] 1007980K->710924K(1019904K), 0.0718050 secs] [Times: user=0.19 sys=0.00, real=0.07 secs] 
5886.549: [GC [PSYoungGen: 312957K->23498K(321280K)] 1003084K->713712K(1020352K), 0.0754270 secs] [Times: user=0.18 sys=0.00, real=0.07 secs] 
5886.997: [GC [PSYoungGen: 316234K->25077K(320960K)] 1006448K->715388K(1020032K), 0.1231340 secs] [Times: user=0.19 sys=0.00, real=0.12 secs] 
5887.502: [GC [PSYoungGen: 317813K->21270K(321216K)] 1008124K->711669K(1020288K), 0.0705440 secs] [Times: user=0.17 sys=0.00, real=0.07 secs] 
5887.946: [GC [PSYoungGen: 314006K->22688K(321024K)] 1004405K->713167K(1020096K), 0.0775480 secs] [Times: user=0.18 sys=0.00, real=0.07 secs] 
5888.381: [GC [PSYoungGen: 315424K->24976K(321216K)] 1005903K->715543K(1020288K), 0.0832860 secs] [Times: user=0.20 sys=0.00, real=0.08 secs] 
5888.874: [GC [PSYoungGen: 318416K->19280K(312768K)] 1008983K->709935K(1011840K), 0.0699870 secs] [Times: user=0.17 sys=0.00, real=0.07 secs] 
5889.288: [GC [PSYoungGen: 312720K->24669K(320896K)] 1003375K->715419K(1019968K), 0.0841890 secs] [Times: user=0.16 sys=0.00, real=0.08 secs] 
5889.733: [GC [PSYoungGen: 317341K->27755K(320448K)] 1008091K->718594K(1019520K), 0.0995280 secs] [Times: user=0.20 sys=0.01, real=0.10 secs] 
5890.278: [GC [PSYoungGen: 320427K->15576K(317888K)] 1011266K->706511K(1016960K), 0.0594760 secs] [Times: user=0.16 sys=0.00, real=0.06 secs] 
5890.645: [GC [PSYoungGen: 304408K->22439K(319168K)] 995343K->713462K(1018240K), 0.0951550 secs] [Times: user=0.18 sys=0.00, real=0.10 secs] 
5891.071: [GC [PSYoungGen: 311271K->20993K(320320K)] 1002294K->712119K(1019392K), 0.0829030 secs] [Times: user=0.19 sys=0.01, real=0.08 secs] 
5891.469: [GC [PSYoungGen: 311681K->22276K(319872K)] 1002807K->713498K(1018944K), 0.0705710 secs] [Times: user=0.20 sys=0.00, real=0.07 secs] 
5891.877: [GC [PSYoungGen: 312964K->25296K(320064K)] 1004186K->716606K(1019136K), 0.0780600 secs] [Times: user=0.18 sys=0.00, real=0.07 secs] 
5892.274: [GC [PSYoungGen: 316816K->22717K(320512K)] 1008126K->714108K(1019584K), 0.0714400 secs] [Times: user=0.17 sys=0.00, real=0.07 secs] 
5892.700: [GC [PSYoungGen: 314237K->17549K(320512K)] 1005628K->709036K(1019584K), 0.1314040 secs] [Times: user=0.16 sys=0.00, real=0.13 secs] 
5893.246: [GC [PSYoungGen: 309709K->21449K(320832K)] 1001196K->713016K(1019904K), 0.0688430 secs] [Times: user=0.16 sys=0.00, real=0.07 secs] 
5893.688: [GC [PSYoungGen: 313609K->21684K(321856K)] 1005176K->713323K(1020928K), 0.1028920 secs] [Times: user=0.18 sys=0.00, real=0.10 secs] 
5894.135: [GC [PSYoungGen: 315380K->22419K(321344K)] 1007019K->714154K(1020416K), 0.0839460 secs] [Times: user=0.16 sys=0.00, real=0.09 secs] 
5894.538: [GC [PSYoungGen: 316115K->21388K(322688K)] 1007850K->713202K(1021760K), 0.0796370 secs] [Times: user=0.18 sys=0.00, real=0.08 secs] 
5894.968: [GC [PSYoungGen: 316876K->22458K(322304K)] 1008690K->714360K(1021376K), 0.0687840 secs] [Times: user=0.17 sys=0.01, real=0.07 secs] 
5895.350: [GC [PSYoungGen: 317946K->21723K(323392K)] 1009848K->713714K(1022464K), 0.0666220 secs] [Times: user=0.18 sys=0.00, real=0.06 secs] 
5895.807: [GC [PSYoungGen: 318619K->23333K(323008K)] 1010610K->715443K(1022080K), 0.0683760 secs] [Times: user=0.17 sys=0.01, real=0.06 secs] 
5896.190: [GC [PSYoungGen: 320229K->21730K(323648K)] 1012339K->713929K(1022720K), 0.0627820 secs] [Times: user=0.16 sys=0.00, real=0.06 secs] 
5896.605: [GC [PSYoungGen: 319138K->20745K(323264K)] 1011337K->713040K(1022336K), 0.0905950 secs] [Times: user=0.16 sys=0.00, real=0.09 secs] 
5897.041: [GC [PSYoungGen: 318153K->22730K(323840K)] 1010448K->715104K(1022912K), 0.0876320 secs] [Times: user=0.18 sys=0.00, real=0.09 secs] 
5897.528: [GC [PSYoungGen: 320842K->25633K(323776K)] 1013216K->718418K(1022848K), 0.0670950 secs] [Times: user=0.18 sys=0.00, real=0.06 secs] 
5898.018: [GC [PSYoungGen: 323745K->23608K(321728K)] 1016530K->716545K(1020800K), 0.0733380 secs] [Times: user=0.20 sys=0.00, real=0.07 secs] 
5898.441: [GC [PSYoungGen: 319608K->20176K(322752K)] 1012545K->713113K(1021824K), 0.0997330 secs] [Times: user=0.17 sys=0.01, real=0.10 secs] 
5898.909: [GC [PSYoungGen: 316176K->23837K(322496K)] 1009113K->716870K(1021568K), 0.0631910 secs] [Times: user=0.17 sys=0.00, real=0.06 secs] 
5899.353: [GC [PSYoungGen: 319581K->21317K(322624K)] 1012614K->714438K(1021696K), 0.0847230 secs] [Times: user=0.18 sys=0.01, real=0.09 secs] 
5899.788: [GC [PSYoungGen: 317061K->26202K(320832K)] 1010182K->719418K(1019904K), 0.0852790 secs] [Times: user=0.21 sys=0.00, real=0.09 secs] 
5900.239: [GC [PSYoungGen: 320410K->19400K(313664K)] 1013626K->712705K(1012736K), 0.0569610 secs] [Times: user=0.17 sys=0.00, real=0.05 secs] 
5900.633: [GC [PSYoungGen: 313608K->25991K(320256K)] 1006913K->719384K(1019328K), 0.0838630 secs] [Times: user=0.21 sys=0.00, real=0.08 secs] 
5901.011: [GC [PSYoungGen: 318535K->21209K(321024K)] 1011928K->714690K(1020096K), 0.0483880 secs] [Times: user=0.16 sys=0.00, real=0.05 secs] 
5901.435: [GC [PSYoungGen: 313753K->21686K(321664K)] 1007234K->715246K(1020736K), 0.0677790 secs] [Times: user=0.16 sys=0.00, real=0.07 secs] 
5901.831: [GC [PSYoungGen: 315126K->23747K(321280K)] 1008686K->717404K(1020352K), 0.0716240 secs] [Times: user=0.19 sys=0.00, real=0.07 secs] 
5902.232: [GC [PSYoungGen: 317187K->24322K(321536K)] 1010844K->718067K(1020608K), 0.0865510 secs] [Times: user=0.18 sys=0.00, real=0.09 secs] 
5902.805: [GC [PSYoungGen: 318136K->21526K(321664K)] 1011881K->715359K(1020736K), 0.1230550 secs] [Times: user=0.19 sys=0.00, real=0.13 secs] 
5903.318: [GC [PSYoungGen: 315350K->23979K(321920K)] 1009183K->717900K(1020992K), 0.0683450 secs] [Times: user=0.17 sys=0.01, real=0.06 secs] 
5903.752: [GC [PSYoungGen: 318315K->18245K(312640K)] 1012236K->712290K(1011712K), 0.0706410 secs] [Times: user=0.16 sys=0.00, real=0.07 secs] 
5904.227: [GC [PSYoungGen: 312581K->23214K(321856K)] 1006626K->717370K(1020928K), 0.0768760 secs] [Times: user=0.18 sys=0.00, real=0.08 secs] 
5904.766: [GC [PSYoungGen: 317230K->21295K(321664K)] 1011386K->715564K(1020736K), 0.0817570 secs] [Times: user=0.18 sys=0.00, real=0.09 secs] 
5905.160: [GC [PSYoungGen: 315311K->22909K(322496K)] 1009580K->717281K(1021568K), 0.0532610 secs] [Times: user=0.17 sys=0.00, real=0.05 secs] 
5905.593: [GC [PSYoungGen: 318077K->21385K(322176K)] 1012449K->715853K(1021248K), 0.0743160 secs] [Times: user=0.17 sys=0.00, real=0.07 secs] 
5905.972: [GC [PSYoungGen: 316553K->20888K(322944K)] 1011021K->715429K(1022016K), 0.0636010 secs] [Times: user=0.15 sys=0.00, real=0.06 secs] 
5906.374: [GC [PSYoungGen: 317080K->24767K(320960K)] 1011621K->719396K(1020032K), 0.0833280 secs] [Times: user=0.18 sys=0.02, real=0.08 secs] 
5906.829: [GC [PSYoungGen: 320959K->19073K(322176K)] 1015588K->713798K(1021248K), 0.0898420 secs] [Times: user=0.15 sys=0.00, real=0.09 secs] 
5907.275: [GC [PSYoungGen: 314177K->19754K(322304K)] 1008902K->714550K(1021376K), 0.0749210 secs] [Times: user=0.15 sys=0.00, real=0.08 secs] 
5907.625: [GC [PSYoungGen: 314858K->23049K(322496K)] 1009654K->717933K(1021568K), 0.0641050 secs] [Times: user=0.16 sys=0.01, real=0.07 secs] 
5908.079: [GC [PSYoungGen: 318473K->21252K(322432K)] 1013357K->716224K(1021504K), 0.0881290 secs] [Times: user=0.17 sys=0.00, real=0.08 secs] 
5908.505: [GC [PSYoungGen: 316676K->21980K(323328K)] 1011648K->717032K(1022400K), 0.0533340 secs] [Times: user=0.17 sys=0.00, real=0.06 secs] 
5908.875: [GC [PSYoungGen: 318684K->21437K(322880K)] 1013736K->716577K(1021952K), 0.0607760 secs] [Times: user=0.17 sys=0.00, real=0.06 secs] 
5909.272: [GC [PSYoungGen: 318141K->25577K(321728K)] 1013281K->720797K(1020800K), 0.0832190 secs] [Times: user=0.21 sys=0.01, real=0.08 secs] 
5909.625: [GC [PSYoungGen: 321449K->23024K(322688K)] 1016669K->718332K(1021760K), 0.0523750 secs] [Times: user=0.16 sys=0.00, real=0.05 secs] 
5910.049: [GC [PSYoungGen: 318896K->20655K(323008K)] 1014204K->716059K(1022080K), 0.0698760 secs] [Times: user=0.18 sys=0.00, real=0.07 secs] 
5910.453: [GC [PSYoungGen: 317039K->23823K(320256K)] 1012443K->719316K(1019328K), 0.0897330 secs] [Times: user=0.21 sys=0.00, real=0.09 secs] 
5910.840: [GC [PSYoungGen: 320207K->24502K(322048K)] 1015700K->720090K(1021120K), 0.0696000 secs] [Times: user=0.17 sys=0.00, real=0.07 secs] 
5911.233: [GC [PSYoungGen: 319862K->23591K(322432K)] 1015450K->719259K(1021504K), 0.1010770 secs] [Times: user=0.18 sys=0.01, real=0.10 secs] 
5911.671: [GC [PSYoungGen: 318951K->21166K(322688K)] 1014619K->716915K(1021760K), 0.0771280 secs] [Times: user=0.16 sys=0.00, real=0.07 secs] 
5912.098: [GC [PSYoungGen: 316846K->21663K(322496K)] 1012595K->717507K(1021568K), 0.0696700 secs] [Times: user=0.18 sys=0.00, real=0.07 secs] 
5912.486: [GC [PSYoungGen: 317343K->26367K(320896K)] 1013187K->722284K(1019968K), 0.0775250 secs] [Times: user=0.18 sys=0.00, real=0.08 secs] 
5912.930: [GC [PSYoungGen: 320703K->24762K(319104K)] 1016620K->720774K(1018176K), 0.0645850 secs] [Times: user=0.19 sys=0.00, real=0.07 secs] 
5913.363: [GC [PSYoungGen: 319098K->21873K(321984K)] 1015110K->717981K(1021056K), 0.0534340 secs] [Times: user=0.16 sys=0.00, real=0.05 secs] 
5913.716: [GC [PSYoungGen: 316017K->26361K(320512K)] 1012125K->722557K(1019584K), 0.0605530 secs] [Times: user=0.18 sys=0.00, real=0.06 secs] 
5914.102: [GC [PSYoungGen: 320505K->22319K(321472K)] 1016701K->718603K(1020544K), 0.0766030 secs] [Times: user=0.17 sys=0.00, real=0.07 secs] 
5914.505: [GC [PSYoungGen: 315439K->22304K(321152K)] 1011723K->718709K(1020224K), 0.0680180 secs] [Times: user=0.16 sys=0.00, real=0.07 secs] 
5914.917: [GC [PSYoungGen: 315424K->21036K(321920K)] 1011829K->717513K(1020992K), 0.0664910 secs] [Times: user=0.16 sys=0.00, real=0.07 secs] 
5915.357: [GC [PSYoungGen: 315308K->22714K(321856K)] 1011785K->719271K(1020928K), 0.0672840 secs] [Times: user=0.16 sys=0.00, real=0.07 secs] 
5915.742: [GC [PSYoungGen: 316976K->17745K(321472K)] 1013532K->714389K(1020544K), 0.0655970 secs] [Times: user=0.14 sys=0.01, real=0.06 secs] 
5916.137: [GC [PSYoungGen: 312081K->26440K(320832K)] 1008725K->723180K(1019904K), 0.0693570 secs] [Times: user=0.18 sys=0.00, real=0.07 secs] 
5916.640: [GC [PSYoungGen: 320776K->20249K(321088K)] 1017516K->717078K(1020160K), 0.0740900 secs] [Times: user=0.16 sys=0.00, real=0.08 secs] 
5916.999: [GC [PSYoungGen: 312793K->23557K(320960K)] 1009622K->720466K(1020032K), 0.0719810 secs] [Times: user=0.19 sys=0.00, real=0.08 secs] 
5917.387: [GC [PSYoungGen: 316101K->27540K(318720K)] 1013010K->724529K(1017792K), 0.0863600 secs] [Times: user=0.22 sys=0.00, real=0.09 secs] 
5917.795: [GC [PSYoungGen: 318036K->26315K(316864K)] 1015025K->723407K(1015936K), 0.0785010 secs] [Times: user=0.18 sys=0.00, real=0.08 secs] 
5918.237: [GC [PSYoungGen: 316806K->20462K(319616K)] 1013899K->717634K(1018688K), 0.0921140 secs] [Times: user=0.17 sys=0.00, real=0.09 secs] 
5918.726: [GC [PSYoungGen: 310062K->24622K(319488K)] 1007234K->721883K(1018560K), 0.0824380 secs] [Times: user=0.17 sys=0.00, real=0.08 secs] 
5919.219: [GC [PSYoungGen: 314222K->20289K(319872K)] 1011483K->717638K(1018944K), 0.0702810 secs] [Times: user=0.17 sys=0.00, real=0.07 secs] 
5919.632: [GC [PSYoungGen: 310401K->23495K(319744K)] 1007750K->720932K(1018816K), 0.0632820 secs] [Times: user=0.16 sys=0.00, real=0.06 secs] 
5920.133: [GC [PSYoungGen: 313607K->22167K(320832K)] 1011044K->719684K(1019904K), 0.0974230 secs] [Times: user=0.18 sys=0.00, real=0.09 secs] 
5920.666: [GC [PSYoungGen: 313807K->23941K(320320K)] 1011324K->721538K(1019392K), 0.0767090 secs] [Times: user=0.18 sys=0.00, real=0.08 secs] 
5921.089: [GC [PSYoungGen: 315589K->25220K(320512K)] 1013186K->722897K(1019584K), 0.0883810 secs] [Times: user=0.23 sys=0.00, real=0.09 secs] 
5921.494: [GC [PSYoungGen: 317252K->27748K(319808K)] 1014929K->725517K(1018880K), 0.0994960 secs] [Times: user=0.20 sys=0.00, real=0.10 secs] 
5921.952: [GC [PSYoungGen: 319780K->21206K(319808K)] 1017549K->719071K(1018880K), 0.0717020 secs] [Times: user=0.16 sys=0.00, real=0.07 secs] 
5922.420: [GC [PSYoungGen: 311318K->20120K(319808K)] 1009183K->718081K(1018880K), 0.1211060 secs] [Times: user=0.16 sys=0.00, real=0.12 secs] 
5922.858: [GC [PSYoungGen: 310232K->25706K(319232K)] 1008193K->723747K(1018304K), 0.0769270 secs] [Times: user=0.16 sys=0.01, real=0.08 secs] 
5923.291: [GC [PSYoungGen: 315306K->21936K(319552K)] 1013347K->720065K(1018624K), 0.0773240 secs] [Times: user=0.17 sys=0.00, real=0.08 secs] 
5923.709: [GC [PSYoungGen: 311536K->23279K(320576K)] 1009665K->721480K(1019648K), 0.1005240 secs] [Times: user=0.23 sys=0.01, real=0.10 secs] 
5924.232: [GC [PSYoungGen: 314351K->23483K(320000K)] 1012552K->721772K(1019072K), 0.0626410 secs] [Times: user=0.17 sys=0.00, real=0.06 secs] 
5924.695: [GC [PSYoungGen: 314555K->23959K(321344K)] 1012844K->722335K(1020416K), 0.0731000 secs] [Times: user=0.19 sys=0.01, real=0.07 secs] 
5925.077: [GC [PSYoungGen: 316887K->19576K(321088K)] 1015263K->718049K(1020160K), 0.0581680 secs] [Times: user=0.16 sys=0.00, real=0.06 secs] 
5925.484: [GC [PSYoungGen: 312504K->19682K(321152K)] 1010977K->718235K(1020224K), 0.0869050 secs] [Times: user=0.17 sys=0.00, real=0.08 secs] 
5925.919: [GC [PSYoungGen: 312482K->22026K(321152K)] 1011035K->720667K(1020224K), 0.0597210 secs] [Times: user=0.16 sys=0.01, real=0.06 secs] 
5926.259: [GC [PSYoungGen: 314826K->26765K(319552K)] 1013467K->725485K(1018624K), 0.0737780 secs] [Times: user=0.18 sys=0.00, real=0.08 secs] 
5926.645: [GC [PSYoungGen: 318413K->22533K(320576K)] 1017133K->721350K(1019648K), 0.0896050 secs] [Times: user=0.18 sys=0.00, real=0.09 secs] 
5927.021: [GC [PSYoungGen: 314181K->21377K(321344K)] 1012998K->720274K(1020416K), 0.0742620 secs] [Times: user=0.19 sys=0.00, real=0.08 secs] 
5927.453: [GC [PSYoungGen: 314305K->21688K(321088K)] 1013202K->720665K(1020160K), 0.0741930 secs] [Times: user=0.18 sys=0.00, real=0.07 secs] 
5927.528: [Full GC [PSYoungGen: 21688K->0K(321088K)] [PSOldGen: 698976K->539985K(699072K)] 720665K->539985K(1020160K) [PSPermGen: 91706K->91618K(262144K)], 3.9798410 secs] [Times: user=3.95 sys=0.02, real=3.98 secs] 
5931.816: [GC [PSYoungGen: 292928K->22620K(322240K)] 832913K->562606K(1021312K), 0.0697100 secs] [Times: user=0.18 sys=0.00, real=0.07 secs] 
5932.176: [GC [PSYoungGen: 317084K->27235K(321728K)] 857070K->570751K(1020800K), 0.0544410 secs] [Times: user=0.19 sys=0.00, real=0.05 secs] 
5932.622: [GC [PSYoungGen: 321699K->27772K(310720K)] 865215K->578117K(1009792K), 0.1317050 secs] [Times: user=0.20 sys=0.00, real=0.14 secs] 
5933.120: [GC [PSYoungGen: 310716K->33250K(316224K)] 861061K->584973K(1015296K), 0.0955150 secs] [Times: user=0.20 sys=0.00, real=0.10 secs] 
5933.516: [GC [PSYoungGen: 316194K->33269K(306368K)] 867917K->585745K(1005440K), 0.1370670 secs] [Times: user=0.20 sys=0.00, real=0.13 secs] 
5933.959: [GC [PSYoungGen: 306357K->38185K(311296K)] 858833K->591123K(1010368K), 0.1006840 secs] [Times: user=0.28 sys=0.00, real=0.10 secs] 
5934.415: [GC [PSYoungGen: 311273K->36326K(300928K)] 864211K->589264K(1000000K), 0.0922260 secs] [Times: user=0.22 sys=0.00, real=0.09 secs] 
5934.820: [GC [PSYoungGen: 299046K->37440K(300224K)] 851984K->590379K(999296K), 0.0846260 secs] [Times: user=0.23 sys=0.01, real=0.09 secs] 
5935.163: [GC [PSYoungGen: 300160K->27626K(305600K)] 853099K->588654K(1004672K), 0.0863770 secs] [Times: user=0.23 sys=0.02, real=0.09 secs] 
5935.525: [GC [PSYoungGen: 288042K->25895K(304320K)] 849070K->590100K(1003392K), 0.0696850 secs] [Times: user=0.19 sys=0.01, real=0.07 secs] 
5935.896: [GC [PSYoungGen: 286311K->20405K(306368K)] 850516K->586151K(1005440K), 0.0652930 secs] [Times: user=0.17 sys=0.01, real=0.06 secs] 
5936.310: [GC [PSYoungGen: 283765K->24379K(306432K)] 849511K->590285K(1005504K), 0.0702320 secs] [Times: user=0.19 sys=0.00, real=0.07 secs] 
5936.676: [GC [PSYoungGen: 287739K->23036K(307968K)] 853645K->589189K(1007040K), 0.0793050 secs] [Times: user=0.16 sys=0.00, real=0.08 secs] 
5937.079: [GC [PSYoungGen: 288828K->22325K(307328K)] 854981K->588738K(1006400K), 0.0977300 secs] [Times: user=0.18 sys=0.00, real=0.10 secs] 
5937.481: [GC [PSYoungGen: 288117K->20034K(308864K)] 854530K->586675K(1007936K), 0.0511940 secs] [Times: user=0.15 sys=0.00, real=0.05 secs] 
5937.832: [GC [PSYoungGen: 287938K->16131K(308544K)] 854579K->589526K(1007616K), 0.0668660 secs] [Times: user=0.18 sys=0.00, real=0.07 secs] 
5938.253: [GC [PSYoungGen: 284035K->17429K(308864K)] 857430K->596174K(1007936K), 0.0732640 secs] [Times: user=0.16 sys=0.00, real=0.08 secs] 
5938.659: [GC [PSYoungGen: 285397K->18637K(308608K)] 864142K->602746K(1007680K), 0.0693430 secs] [Times: user=0.17 sys=0.00, real=0.07 secs] 
5939.126: [GC [PSYoungGen: 286605K->18459K(310272K)] 870714K->609844K(1009344K), 0.0772670 secs] [Times: user=0.19 sys=0.01, real=0.07 secs] 
5939.492: [GC [PSYoungGen: 288795K->17242K(309568K)] 880180K->615231K(1008640K), 0.0687870 secs] [Times: user=0.19 sys=0.00, real=0.07 secs] 
5939.890: [GC [PSYoungGen: 287578K->16274K(311360K)] 885567K->620039K(1010432K), 0.0720710 secs] [Times: user=0.17 sys=0.00, real=0.07 secs] 
5940.235: [GC [PSYoungGen: 288978K->18019K(310848K)] 892743K->628213K(1009920K), 0.0746640 secs] [Times: user=0.17 sys=0.00, real=0.07 secs] 
5940.661: [GC [PSYoungGen: 290723K->16440K(313024K)] 900917K->635558K(1012096K), 0.1019740 secs] [Times: user=0.19 sys=0.00, real=0.10 secs] 
5941.113: [GC [PSYoungGen: 292280K->20873K(312320K)] 911398K->645322K(1011392K), 0.0853410 secs] [Times: user=0.18 sys=0.00, real=0.09 secs] 
5941.475: [GC [PSYoungGen: 296713K->19506K(315648K)] 921162K->654940K(1014720K), 0.0760810 secs] [Times: user=0.20 sys=0.00, real=0.07 secs] 
5941.872: [GC [PSYoungGen: 300146K->16854K(314496K)] 935580K->659289K(1013568K), 0.0874110 secs] [Times: user=0.16 sys=0.00, real=0.09 secs] 
5942.300: [GC [PSYoungGen: 297494K->20128K(317440K)] 939929K->669197K(1016512K), 0.0769090 secs] [Times: user=0.19 sys=0.00, real=0.08 secs] 
5942.754: [GC [PSYoungGen: 304288K->18728K(316224K)] 953357K->674786K(1015296K), 0.0765830 secs] [Times: user=0.18 sys=0.00, real=0.08 secs] 
5943.170: [GC [PSYoungGen: 302888K->20995K(319168K)] 958946K->682962K(1018240K), 0.0728690 secs] [Times: user=0.19 sys=0.01, real=0.07 secs] 
5943.585: [GC [PSYoungGen: 308995K->17319K(318336K)] 970962K->687531K(1017408K), 0.0905900 secs] [Times: user=0.17 sys=0.00, real=0.09 secs] 
5944.037: [GC [PSYoungGen: 305319K->18253K(320320K)] 975531K->694915K(1019392K), 0.0693510 secs] [Times: user=0.17 sys=0.01, real=0.07 secs] 
5944.478: [GC [PSYoungGen: 308685K->18043K(319616K)] 985347K->702751K(1018688K), 0.1046680 secs] [Times: user=0.17 sys=0.00, real=0.10 secs] 
5944.919: [GC [PSYoungGen: 308475K->17794K(321472K)] 993183K->708235K(1020544K), 0.0899620 secs] [Times: user=0.18 sys=0.01, real=0.09 secs] 
5945.009: [Full GC [PSYoungGen: 17794K->0K(321472K)] [PSOldGen: 690440K->571092K(699072K)] 708235K->571092K(1020544K) [PSPermGen: 91632K->91632K(262144K)], 3.2347310 secs] [Times: user=3.23 sys=0.00, real=3.23 secs] 
5948.627: [GC [PSYoungGen: 292864K->21661K(320896K)] 863956K->592754K(1019968K), 0.0737560 secs] [Times: user=0.16 sys=0.00, real=0.07 secs] 
5949.029: [GC [PSYoungGen: 314525K->19999K(322240K)] 885618K->600169K(1021312K), 0.0812090 secs] [Times: user=0.22 sys=0.00, real=0.08 secs] 
5949.496: [GC [PSYoungGen: 314271K->17728K(321536K)] 894441K->607908K(1020608K), 0.0655700 secs] [Times: user=0.18 sys=0.00, real=0.06 secs] 
5949.915: [GC [PSYoungGen: 312000K->20301K(323072K)] 902180K->615715K(1022144K), 0.0647010 secs] [Times: user=0.19 sys=0.00, real=0.07 secs] 
5950.398: [GC [PSYoungGen: 316493K->18928K(322624K)] 911907K->623135K(1021696K), 0.0751400 secs] [Times: user=0.17 sys=0.01, real=0.07 secs] 
5950.849: [GC [PSYoungGen: 315120K->20603K(323904K)] 919327K->630036K(1022976K), 0.0813270 secs] [Times: user=0.19 sys=0.00, real=0.08 secs] 
5951.305: [GC [PSYoungGen: 318651K->19331K(323648K)] 928084K->634720K(1022720K), 0.0779280 secs] [Times: user=0.18 sys=0.00, real=0.08 secs] 
5951.678: [GC [PSYoungGen: 317379K->21025K(324480K)] 932768K->643971K(1023552K), 0.0795310 secs] [Times: user=0.18 sys=0.01, real=0.08 secs] 
5952.073: [GC [PSYoungGen: 320417K->18878K(324416K)] 943363K->649247K(1023488K), 0.0605060 secs] [Times: user=0.18 sys=0.00, real=0.06 secs] 
5952.553: [GC [PSYoungGen: 318270K->20548K(324992K)] 948639K->658252K(1024064K), 0.0810980 secs] [Times: user=0.19 sys=0.00, real=0.08 secs] 
5952.933: [GC [PSYoungGen: 320836K->20474K(324800K)] 958540K->664122K(1023872K), 0.0693330 secs] [Times: user=0.17 sys=0.00, real=0.07 secs] 
5953.390: [GC [PSYoungGen: 320762K->18187K(325376K)] 964409K->665595K(1024448K), 0.0691810 secs] [Times: user=0.19 sys=0.00, real=0.07 secs] 
5953.839: [GC [PSYoungGen: 319243K->23463K(324544K)] 966651K->675365K(1023616K), 0.1283860 secs] [Times: user=0.19 sys=0.00, real=0.13 secs] 
5954.458: [GC [PSYoungGen: 324519K->19209K(324800K)] 976421K->680033K(1023872K), 0.0768240 secs] [Times: user=0.20 sys=0.00, real=0.07 secs] 
5954.866: [GC [PSYoungGen: 319049K->17502K(324544K)] 979873K->683907K(1023616K), 0.0781000 secs] [Times: user=0.19 sys=0.00, real=0.08 secs] 
5955.385: [GC [PSYoungGen: 317342K->17220K(324864K)] 983747K->688249K(1023936K), 0.0672480 secs] [Times: user=0.17 sys=0.00, real=0.07 secs] 
5955.757: [GC [PSYoungGen: 317380K->20494K(324800K)] 988409K->697584K(1023872K), 0.0645550 secs] [Times: user=0.18 sys=0.00, real=0.06 secs] 
5956.208: [GC [PSYoungGen: 320650K->17274K(325120K)] 997739K->702883K(1024192K), 0.0891160 secs] [Times: user=0.17 sys=0.00, real=0.09 secs] 
5956.698: [GC [PSYoungGen: 317946K->17169K(325056K)] 1003555K->707421K(1024128K), 0.0830480 secs] [Times: user=0.17 sys=0.00, real=0.08 secs] 
5956.781: [Full GC [PSYoungGen: 17169K->0K(325056K)] [PSOldGen: 690251K->574022K(699072K)] 707421K->574022K(1024128K) [PSPermGen: 91644K->91644K(262144K)], 3.2737730 secs] [Times: user=3.27 sys=0.00, real=3.27 secs] 
5960.445: [GC [PSYoungGen: 300672K->24239K(322048K)] 874694K->598865K(1021120K), 0.1231390 secs] [Times: user=0.29 sys=0.00, real=0.13 secs] 
5960.962: [GC [PSYoungGen: 322031K->19638K(323648K)] 896657K->607574K(1022720K), 0.0794690 secs] [Times: user=0.20 sys=0.00, real=0.08 secs] 
5961.376: [GC [PSYoungGen: 317430K->23981K(322176K)] 905366K->611918K(1021248K), 0.0675930 secs] [Times: user=0.16 sys=0.00, real=0.07 secs] 
5961.835: [GC [PSYoungGen: 320877K->26277K(323200K)] 908814K->616432K(1022272K), 0.0622430 secs] [Times: user=0.18 sys=0.00, real=0.07 secs] 
5962.230: [GC [PSYoungGen: 323173K->22732K(318464K)] 913328K->617860K(1017536K), 0.0815850 secs] [Times: user=0.20 sys=0.00, real=0.08 secs] 
5962.666: [GC [PSYoungGen: 314892K->19818K(320832K)] 910020K->614946K(1019904K), 0.0778010 secs] [Times: user=0.15 sys=0.00, real=0.08 secs] 
5963.191: [GC [PSYoungGen: 311978K->24891K(319872K)] 907106K->620019K(1018944K), 0.1004920 secs] [Times: user=0.16 sys=0.01, real=0.10 secs] 
5963.597: [GC [PSYoungGen: 316667K->26715K(318528K)] 911795K->621843K(1017600K), 0.0881390 secs] [Times: user=0.18 sys=0.00, real=0.08 secs] 
5964.029: [GC [PSYoungGen: 318491K->21115K(320064K)] 913619K->617079K(1019136K), 0.0601480 secs] [Times: user=0.16 sys=0.00, real=0.06 secs] 
5964.427: [GC [PSYoungGen: 311099K->21141K(319424K)] 907063K->617560K(1018496K), 0.0597940 secs] [Times: user=0.17 sys=0.00, real=0.06 secs] 
5964.861: [GC [PSYoungGen: 311125K->22849K(321024K)] 907544K->619269K(1020096K), 0.0738000 secs] [Times: user=0.16 sys=0.00, real=0.07 secs] 
5965.312: [GC [PSYoungGen: 315073K->24154K(320704K)] 911493K->620574K(1019776K), 0.0694870 secs] [Times: user=0.19 sys=0.01, real=0.07 secs] 
5965.711: [GC [PSYoungGen: 316378K->25191K(319936K)] 912798K->621611K(1019008K), 0.0909360 secs] [Times: user=0.20 sys=0.00, real=0.09 secs] 
5966.099: [GC [PSYoungGen: 316455K->21365K(320384K)] 912875K->617909K(1019456K), 0.0629260 secs] [Times: user=0.16 sys=0.01, real=0.06 secs] 
5966.584: [GC [PSYoungGen: 312629K->21482K(321344K)] 909173K->618122K(1020416K), 0.0644660 secs] [Times: user=0.18 sys=0.00, real=0.07 secs] 
5967.003: [GC [PSYoungGen: 314154K->25621K(318336K)] 910794K->622261K(1017408K), 0.0810330 secs] [Times: user=0.18 sys=0.00, real=0.08 secs] 
5967.413: [GC [PSYoungGen: 318293K->20637K(320960K)] 914933K->617276K(1020032K), 0.0674390 secs] [Times: user=0.15 sys=0.01, real=0.07 secs] 
5967.920: [GC [PSYoungGen: 312733K->21975K(320640K)] 909372K->618614K(1019712K), 0.0779290 secs] [Times: user=0.17 sys=0.00, real=0.07 secs] 
5968.409: [GC [PSYoungGen: 314071K->24220K(321280K)] 910710K->620860K(1020352K), 0.0644900 secs] [Times: user=0.16 sys=0.00, real=0.06 secs] 
5968.889: [GC [PSYoungGen: 317532K->20041K(321408K)] 914172K->616680K(1020480K), 0.0645170 secs] [Times: user=0.16 sys=0.01, real=0.06 secs] 
5969.287: [GC [PSYoungGen: 313353K->25336K(320384K)] 909992K->621975K(1019456K), 0.0713930 secs] [Times: user=0.20 sys=0.00, real=0.08 secs] 
5969.751: [GC [PSYoungGen: 317752K->15522K(307968K)] 914391K->612162K(1007040K), 0.0468150 secs] [Times: user=0.14 sys=0.00, real=0.05 secs] 
5970.075: [GC [PSYoungGen: 307938K->25180K(319424K)] 904578K->621904K(1018496K), 0.0902550 secs] [Times: user=0.17 sys=0.00, real=0.09 secs] 
5970.530: [GC [PSYoungGen: 315420K->21797K(319872K)] 912144K->618609K(1018944K), 0.0710610 secs] [Times: user=0.16 sys=0.00, real=0.07 secs] 
5970.990: [GC [PSYoungGen: 312037K->17503K(320256K)] 908849K->614442K(1019328K), 0.0769870 secs] [Times: user=0.13 sys=0.00, real=0.07 secs] 
5971.502: [GC [PSYoungGen: 308767K->20855K(320384K)] 905706K->617890K(1019456K), 0.0952800 secs] [Times: user=0.16 sys=0.01, real=0.09 secs] 
5971.920: [GC [PSYoungGen: 312119K->24988K(319872K)] 909154K->622116K(1018944K), 0.0777570 secs] [Times: user=0.18 sys=0.00, real=0.07 secs] 
5972.325: [GC [PSYoungGen: 316380K->23636K(320448K)] 913508K->620863K(1019520K), 0.0851900 secs] [Times: user=0.20 sys=0.00, real=0.09 secs] 
5972.755: [GC [PSYoungGen: 315028K->21213K(321024K)] 912255K->618519K(1020096K), 0.0715850 secs] [Times: user=0.15 sys=0.00, real=0.07 secs] 
5973.259: [GC [PSYoungGen: 313245K->20114K(320512K)] 910551K->617517K(1019584K), 0.0594290 secs] [Times: user=0.15 sys=0.00, real=0.06 secs] 
5973.754: [GC [PSYoungGen: 312146K->22036K(321920K)] 909549K->619535K(1020992K), 0.0666890 secs] [Times: user=0.18 sys=0.00, real=0.07 secs] 
5974.208: [GC [PSYoungGen: 315796K->21345K(321344K)] 913295K->618923K(1020416K), 0.0639330 secs] [Times: user=0.17 sys=0.00, real=0.07 secs] 
5974.580: [GC [PSYoungGen: 315105K->26811K(319808K)] 912683K->624478K(1018880K), 0.0787970 secs] [Times: user=0.18 sys=0.00, real=0.07 secs] 
5974.929: [GC [PSYoungGen: 319483K->20657K(321088K)] 917150K->618420K(1020160K), 0.0673610 secs] [Times: user=0.16 sys=0.00, real=0.06 secs] 
5975.331: [GC [PSYoungGen: 313329K->24603K(320768K)] 911092K->622453K(1019840K), 0.0755050 secs] [Times: user=0.20 sys=0.00, real=0.07 secs] 
5975.881: [GC [PSYoungGen: 317266K->18311K(311040K)] 915116K->616249K(1010112K), 0.0611520 secs] [Times: user=0.17 sys=0.00, real=0.06 secs] 
5976.341: [GC [PSYoungGen: 310983K->21874K(321600K)] 908921K->619900K(1020672K), 0.1252050 secs] [Times: user=0.24 sys=0.01, real=0.12 secs] 
5976.833: [GC [PSYoungGen: 314930K->23621K(320960K)] 912956K->621712K(1020032K), 0.1018890 secs] [Times: user=0.18 sys=0.00, real=0.10 secs] 
5977.233: [GC [PSYoungGen: 316677K->27820K(318528K)] 914768K->626007K(1017600K), 0.0780960 secs] [Times: user=0.18 sys=0.01, real=0.08 secs] 
5977.707: [GC [PSYoungGen: 318444K->23459K(320064K)] 916631K->621734K(1019136K), 0.0915010 secs] [Times: user=0.17 sys=0.01, real=0.09 secs] 
5978.195: [GC [PSYoungGen: 314083K->19783K(320576K)] 912358K->618145K(1019648K), 0.0713960 secs] [Times: user=0.17 sys=0.00, real=0.07 secs] 
5978.565: [GC [PSYoungGen: 311303K->26897K(318464K)] 909665K->625348K(1017536K), 0.0868470 secs] [Times: user=0.21 sys=0.00, real=0.09 secs] 
5978.965: [GC [PSYoungGen: 318417K->23739K(320000K)] 916868K->622262K(1019072K), 0.0601380 secs] [Times: user=0.17 sys=0.00, real=0.06 secs] 
5979.377: [GC [PSYoungGen: 313787K->25279K(319552K)] 912310K->623890K(1018624K), 0.0776760 secs] [Times: user=0.18 sys=0.00, real=0.08 secs] 
5979.829: [GC [PSYoungGen: 315327K->22946K(320384K)] 913938K->621645K(1019456K), 0.0852460 secs] [Times: user=0.16 sys=0.00, real=0.09 secs] 
5980.266: [GC [PSYoungGen: 313634K->23290K(319808K)] 912333K->622076K(1018880K), 0.0749700 secs] [Times: user=0.18 sys=0.00, real=0.08 secs] 
5980.634: [GC [PSYoungGen: 313978K->26531K(319552K)] 912764K->625398K(1018624K), 0.0742430 secs] [Times: user=0.17 sys=0.00, real=0.07 secs] 
5981.070: [GC [PSYoungGen: 317539K->22988K(320256K)] 916406K->621935K(1019328K), 0.0729190 secs] [Times: user=0.18 sys=0.00, real=0.07 secs] 
5981.458: [GC [PSYoungGen: 313996K->24454K(320896K)] 912943K->623480K(1019968K), 0.0796020 secs] [Times: user=0.17 sys=0.00, real=0.08 secs] 
5981.863: [GC [PSYoungGen: 316550K->26146K(318272K)] 915576K->625252K(1017344K), 0.1025460 secs] [Times: user=0.21 sys=0.00, real=0.10 secs] 
5982.357: [GC [PSYoungGen: 318242K->27418K(318784K)] 917348K->626621K(1017856K), 0.0817760 secs] [Times: user=0.18 sys=0.00, real=0.08 secs] 
5982.816: [GC [PSYoungGen: 317146K->23549K(319616K)] 916349K->622840K(1018688K), 0.0892210 secs] [Times: user=0.17 sys=0.00, real=0.09 secs] 
5983.309: [GC [PSYoungGen: 313277K->21782K(320192K)] 912568K->621153K(1019264K), 0.0764560 secs] [Times: user=0.20 sys=0.00, real=0.08 secs] 
5983.894: [GC [PSYoungGen: 312534K->23479K(320064K)] 911905K->622937K(1019136K), 0.0692910 secs] [Times: user=0.19 sys=0.00, real=0.07 secs] 
5984.300: [GC [PSYoungGen: 314231K->22393K(320896K)] 913689K->621940K(1019968K), 0.0502610 secs] [Times: user=0.16 sys=0.00, real=0.05 secs] 
5984.754: [GC [PSYoungGen: 314489K->24048K(320704K)] 914036K->623698K(1019776K), 0.0603020 secs] [Times: user=0.18 sys=0.00, real=0.06 secs] 
5985.202: [GC [PSYoungGen: 316144K->21082K(321280K)] 915794K->620804K(1020352K), 0.0932190 secs] [Times: user=0.16 sys=0.01, real=0.09 secs] 
5985.629: [GC [PSYoungGen: 314129K->20759K(321280K)] 913852K->620570K(1020352K), 0.0928040 secs] [Times: user=0.16 sys=0.00, real=0.10 secs] 
5986.112: [GC [PSYoungGen: 313815K->25175K(320768K)] 913626K->625065K(1019840K), 0.0672470 secs] [Times: user=0.16 sys=0.00, real=0.06 secs] 
5986.574: [GC [PSYoungGen: 317719K->25854K(318400K)] 917609K->625841K(1017472K), 0.0848010 secs] [Times: user=0.19 sys=0.00, real=0.08 secs] 
5987.019: [GC [PSYoungGen: 318398K->24101K(321024K)] 918385K->624168K(1020096K), 0.0749080 secs] [Times: user=0.16 sys=0.01, real=0.08 secs] 
5987.514: [GC [PSYoungGen: 316261K->26793K(318976K)] 916328K->626947K(1018048K), 0.0773650 secs] [Times: user=0.18 sys=0.00, real=0.08 secs] 
5987.899: [GC [PSYoungGen: 318953K->22316K(320576K)] 919107K->622551K(1019648K), 0.0635020 secs] [Times: user=0.16 sys=0.00, real=0.07 secs] 
5988.396: [GC [PSYoungGen: 313708K->22748K(320320K)] 913943K->623062K(1019392K), 0.0587040 secs] [Times: user=0.17 sys=0.00, real=0.06 secs] 
5988.860: [GC [PSYoungGen: 314140K->23881K(321280K)] 914454K->624284K(1020352K), 0.0911460 secs] [Times: user=0.16 sys=0.00, real=0.10 secs] 
5989.283: [GC [PSYoungGen: 316553K->23741K(320896K)] 916956K->624223K(1019968K), 0.0592650 secs] [Times: user=0.18 sys=0.00, real=0.06 secs] 
5989.653: [GC [PSYoungGen: 316413K->25575K(321216K)] 916895K->626153K(1020288K), 0.0787600 secs] [Times: user=0.18 sys=0.00, real=0.08 secs] 
5990.050: [GC [PSYoungGen: 319015K->25083K(321472K)] 919593K->625757K(1020544K), 0.0535380 secs] [Times: user=0.17 sys=0.00, real=0.06 secs] 
5990.399: [GC [PSYoungGen: 318523K->21116K(321216K)] 919197K->621878K(1020288K), 0.0618620 secs] [Times: user=0.16 sys=0.00, real=0.06 secs] 
5990.873: [GC [PSYoungGen: 314300K->25812K(319040K)] 915062K->626671K(1018112K), 0.0857140 secs] [Times: user=0.19 sys=0.01, real=0.08 secs] 
5991.269: [GC [PSYoungGen: 318996K->16501K(319360K)] 919855K->617440K(1018432K), 0.0608540 secs] [Times: user=0.15 sys=0.00, real=0.06 secs] 
5991.667: [GC [PSYoungGen: 307381K->23196K(320192K)] 908320K->624230K(1019264K), 0.0835850 secs] [Times: user=0.18 sys=0.01, real=0.08 secs] 
5992.070: [GC [PSYoungGen: 314076K->24734K(320704K)] 915110K->625856K(1019776K), 0.0647420 secs] [Times: user=0.18 sys=0.00, real=0.07 secs] 
5992.601: [GC [PSYoungGen: 316766K->20988K(320768K)] 917888K->622198K(1019840K), 0.0913150 secs] [Times: user=0.16 sys=0.00, real=0.10 secs] 
5993.028: [GC [PSYoungGen: 313020K->20354K(320960K)] 914230K->621660K(1020032K), 0.0716360 secs] [Times: user=0.16 sys=0.01, real=0.07 secs] 
5993.402: [GC [PSYoungGen: 312706K->21881K(320896K)] 914012K->623268K(1019968K), 0.0860160 secs] [Times: user=0.16 sys=0.00, real=0.08 secs] 
5993.860: [GC [PSYoungGen: 314233K->21917K(321792K)] 915620K->623384K(1020864K), 0.0821090 secs] [Times: user=0.18 sys=0.01, real=0.09 secs] 
5994.229: [GC [PSYoungGen: 315613K->26093K(319808K)] 917080K->627656K(1018880K), 0.0560770 secs] [Times: user=0.17 sys=0.01, real=0.06 secs] 
5994.644: [GC [PSYoungGen: 319789K->19586K(320896K)] 921352K->621229K(1019968K), 0.0714240 secs] [Times: user=0.16 sys=0.00, real=0.07 secs] 
5995.005: [GC [PSYoungGen: 311985K->23166K(320960K)] 913628K->624897K(1020032K), 0.0589230 secs] [Times: user=0.16 sys=0.00, real=0.06 secs] 
5995.375: [GC [PSYoungGen: 315582K->20670K(321536K)] 917313K->622489K(1020608K), 0.0456790 secs] [Times: user=0.15 sys=0.00, real=0.04 secs] 
5995.755: [GC [PSYoungGen: 314110K->26464K(319936K)] 915929K->628355K(1019008K), 0.0662150 secs] [Times: user=0.18 sys=0.00, real=0.06 secs] 
5996.127: [GC [PSYoungGen: 319904K->24067K(320832K)] 921795K->626045K(1019904K), 0.0834240 secs] [Times: user=0.19 sys=0.00, real=0.08 secs] 
5996.482: [GC [PSYoungGen: 316035K->22263K(320640K)] 918013K->624321K(1019712K), 0.0649540 secs] [Times: user=0.17 sys=0.00, real=0.06 secs] 
5996.929: [GC [PSYoungGen: 314231K->22227K(321664K)] 916289K->624374K(1020736K), 0.0732620 secs] [Times: user=0.17 sys=0.00, real=0.08 secs] 
5997.446: [GC [PSYoungGen: 315603K->22997K(321216K)] 917750K->625240K(1020288K), 0.0733440 secs] [Times: user=0.17 sys=0.00, real=0.07 secs] 
5997.921: [GC [PSYoungGen: 316373K->21793K(322368K)] 918616K->624124K(1021440K), 0.0728570 secs] [Times: user=0.17 sys=0.00, real=0.08 secs] 
5998.391: [GC [PSYoungGen: 316769K->23571K(322112K)] 919100K->625990K(1021184K), 0.0632760 secs] [Times: user=0.17 sys=0.00, real=0.07 secs] 
5998.733: [GC [PSYoungGen: 318538K->23154K(322816K)] 920957K->625661K(1021888K), 0.0706850 secs] [Times: user=0.18 sys=0.00, real=0.08 secs] 
5999.206: [GC [PSYoungGen: 318962K->21429K(322496K)] 921469K->624031K(1021568K), 0.0741100 secs] [Times: user=0.18 sys=0.00, real=0.07 secs] 
5999.631: [GC [PSYoungGen: 317237K->24899K(322048K)] 919839K->627582K(1021120K), 0.0818710 secs] [Times: user=0.17 sys=0.01, real=0.08 secs] 
6000.048: [GC [PSYoungGen: 320387K->26981K(322496K)] 923070K->629997K(1021568K), 0.0750440 secs] [Times: user=0.20 sys=0.01, real=0.07 secs] 
6000.444: [GC [PSYoungGen: 322469K->24352K(320320K)] 925485K->627536K(1019392K), 0.0802740 secs] [Times: user=0.19 sys=0.00, real=0.08 secs] 
6000.868: [GC [PSYoungGen: 317664K->19108K(312448K)] 920848K->622372K(1011520K), 0.0822420 secs] [Times: user=0.15 sys=0.00, real=0.08 secs] 
6001.309: [GC [PSYoungGen: 312420K->13981K(319104K)] 915684K->617333K(1018176K), 0.0714160 secs] [Times: user=0.14 sys=0.00, real=0.07 secs] 
6001.685: [GC [PSYoungGen: 304733K->25805K(316608K)] 908085K->629245K(1015680K), 0.0860890 secs] [Times: user=0.17 sys=0.00, real=0.08 secs] 
6002.078: [GC [PSYoungGen: 316557K->24043K(319680K)] 919997K->627563K(1018752K), 0.0726160 secs] [Times: user=0.16 sys=0.00, real=0.07 secs] 
6002.445: [GC [PSYoungGen: 313707K->20383K(319488K)] 917227K->623991K(1018560K), 0.0569730 secs] [Times: user=0.16 sys=0.00, real=0.05 secs] 
6002.850: [GC [PSYoungGen: 310047K->20816K(320448K)] 913655K->624512K(1019520K), 0.0915170 secs] [Times: user=0.16 sys=0.00, real=0.09 secs] 
6003.266: [GC [PSYoungGen: 311760K->24828K(320000K)] 915456K->628604K(1019072K), 0.0773080 secs] [Times: user=0.18 sys=0.00, real=0.08 secs] 
6003.756: [GC [PSYoungGen: 315772K->21934K(320704K)] 919548K->625806K(1019776K), 0.0522940 secs] [Times: user=0.16 sys=0.00, real=0.05 secs] 
6004.101: [GC [PSYoungGen: 313262K->21306K(320128K)] 917134K->625178K(1019200K), 0.0610000 secs] [Times: user=0.17 sys=0.00, real=0.06 secs] 
6004.471: [GC [PSYoungGen: 312630K->25250K(320256K)] 916502K->629202K(1019328K), 0.0937740 secs] [Times: user=0.18 sys=0.00, real=0.10 secs] 
6004.942: [GC [PSYoungGen: 317154K->16107K(308032K)] 921106K->620147K(1007104K), 0.0748720 secs] [Times: user=0.17 sys=0.00, real=0.08 secs] 
6005.367: [GC [PSYoungGen: 308011K->19191K(320448K)] 912051K->623319K(1019520K), 0.0724780 secs] [Times: user=0.17 sys=0.01, real=0.07 secs] 
6005.790: [GC [PSYoungGen: 310327K->21888K(320192K)] 914455K->626104K(1019264K), 0.0742560 secs] [Times: user=0.16 sys=0.00, real=0.08 secs] 
6006.174: [GC [PSYoungGen: 313024K->25400K(319680K)] 917240K->629712K(1018752K), 0.0778580 secs] [Times: user=0.18 sys=0.01, real=0.08 secs] 
6006.556: [GC [PSYoungGen: 316664K->24204K(315520K)] 920976K->628588K(1014592K), 0.0651540 secs] [Times: user=0.17 sys=0.00, real=0.06 secs] 
6007.009: [GC [PSYoungGen: 315468K->22972K(320768K)] 919852K->627452K(1019840K), 0.0897950 secs] [Times: user=0.19 sys=0.01, real=0.09 secs] 
6007.525: [GC [PSYoungGen: 314556K->18759K(320320K)] 919036K->623334K(1019392K), 0.0935910 secs] [Times: user=0.17 sys=0.01, real=0.09 secs] 
6007.957: [GC [PSYoungGen: 310343K->23067K(321088K)] 914918K->627723K(1020160K), 0.0757630 secs] [Times: user=0.17 sys=0.00, real=0.07 secs] 
6008.344: [GC [PSYoungGen: 315419K->17231K(320768K)] 920075K->621975K(1019840K), 0.0632740 secs] [Times: user=0.15 sys=0.00, real=0.07 secs] 
6008.778: [GC [PSYoungGen: 309582K->22448K(321280K)] 914326K->627280K(1020352K), 0.0760240 secs] [Times: user=0.20 sys=0.00, real=0.07 secs] 
6009.233: [GC [PSYoungGen: 315056K->24758K(317376K)] 919888K->629670K(1016448K), 0.0668910 secs] [Times: user=0.17 sys=0.00, real=0.07 secs] 
6009.714: [GC [PSYoungGen: 317366K->20332K(321152K)] 922278K->625324K(1020224K), 0.0596570 secs] [Times: user=0.16 sys=0.00, real=0.06 secs] 
6010.081: [GC [PSYoungGen: 312747K->21979K(320768K)] 917739K->627067K(1019840K), 0.0658470 secs] [Times: user=0.17 sys=0.01, real=0.07 secs] 
6010.733: [GC [PSYoungGen: 314395K->26251K(319680K)] 919483K->631418K(1018752K), 0.1011840 secs] [Times: user=0.18 sys=0.01, real=0.10 secs] 
6011.220: [GC [PSYoungGen: 318155K->19499K(320704K)] 923322K->624739K(1019776K), 0.0609330 secs] [Times: user=0.17 sys=0.00, real=0.06 secs] 
6011.564: [GC [PSYoungGen: 311403K->22853K(321216K)] 916643K->628197K(1020288K), 0.0607280 secs] [Times: user=0.16 sys=0.00, real=0.06 secs] 
6011.978: [GC [PSYoungGen: 315461K->22794K(320896K)] 920805K->628226K(1019968K), 0.0726820 secs] [Times: user=0.16 sys=0.01, real=0.07 secs] 
6012.389: [GC [PSYoungGen: 315402K->24913K(320704K)] 920834K->630433K(1019776K), 0.0928740 secs] [Times: user=0.17 sys=0.01, real=0.09 secs] 
6012.852: [GC [PSYoungGen: 317713K->18500K(311360K)] 923233K->624100K(1010432K), 0.0881460 secs] [Times: user=0.16 sys=0.00, real=0.09 secs] 
6013.272: [GC [PSYoungGen: 311300K->24543K(320448K)] 916900K->630223K(1019520K), 0.0522850 secs] [Times: user=0.17 sys=0.01, real=0.05 secs] 
6013.668: [GC [PSYoungGen: 316570K->17874K(309952K)] 922250K->623650K(1009024K), 0.0822600 secs] [Times: user=0.16 sys=0.00, real=0.08 secs] 
6014.088: [GC [PSYoungGen: 309906K->25416K(319488K)] 915682K->631272K(1018560K), 0.0731660 secs] [Times: user=0.19 sys=0.00, real=0.07 secs] 
6014.550: [GC [PSYoungGen: 316040K->24514K(315200K)] 921896K->630450K(1014272K), 0.0965620 secs] [Times: user=0.20 sys=0.00, real=0.10 secs] 
6015.009: [GC [PSYoungGen: 315138K->23952K(320064K)] 921074K->629967K(1019136K), 0.0545020 secs] [Times: user=0.16 sys=0.00, real=0.05 secs] 
6015.404: [GC [PSYoungGen: 314448K->22371K(319936K)] 920463K->628467K(1019008K), 0.0756560 secs] [Times: user=0.18 sys=0.00, real=0.08 secs] 
6015.819: [GC [PSYoungGen: 312867K->20029K(320896K)] 918963K->626213K(1019968K), 0.0743590 secs] [Times: user=0.17 sys=0.00, real=0.07 secs] 
6016.279: [GC [PSYoungGen: 312125K->22978K(320704K)] 918309K->629250K(1019776K), 0.0648140 secs] [Times: user=0.17 sys=0.00, real=0.06 secs] 
6016.717: [GC [PSYoungGen: 315074K->25419K(320256K)] 921346K->631779K(1019328K), 0.0760550 secs] [Times: user=0.21 sys=0.00, real=0.07 secs] 
6017.159: [GC [PSYoungGen: 317451K->20440K(320768K)] 923811K->626896K(1019840K), 0.0812450 secs] [Times: user=0.18 sys=0.00, real=0.08 secs] 
6017.602: [GC [PSYoungGen: 312472K->22115K(321536K)] 918928K->628659K(1020608K), 0.0746100 secs] [Times: user=0.16 sys=0.00, real=0.08 secs] 
6017.952: [GC [PSYoungGen: 315107K->24308K(320960K)] 921651K->630940K(1020032K), 0.0677770 secs] [Times: user=0.17 sys=0.00, real=0.07 secs] 
6018.388: [GC [PSYoungGen: 317300K->24035K(321408K)] 923932K->630763K(1020480K), 0.0965530 secs] [Times: user=0.20 sys=0.00, real=0.09 secs] 
6018.891: [GC [PSYoungGen: 317283K->24184K(321344K)] 924011K->630991K(1020416K), 0.1006360 secs] [Times: user=0.18 sys=0.00, real=0.10 secs] 
6019.291: [GC [PSYoungGen: 317432K->18879K(321024K)] 924239K->625783K(1020096K), 0.0777720 secs] [Times: user=0.18 sys=0.00, real=0.08 secs] 
6019.689: [GC [PSYoungGen: 311807K->22265K(321216K)] 918711K->629249K(1020288K), 0.0635670 secs] [Times: user=0.17 sys=0.00, real=0.06 secs] 
6020.075: [GC [PSYoungGen: 315193K->21444K(322112K)] 922177K->628516K(1021184K), 0.0900630 secs] [Times: user=0.17 sys=0.00, real=0.09 secs] 
6020.545: [GC [PSYoungGen: 315844K->19507K(321792K)] 922916K->626659K(1020864K), 0.1029850 secs] [Times: user=0.16 sys=0.00, real=0.11 secs] 
6021.002: [GC [PSYoungGen: 313907K->25384K(320704K)] 921059K->632624K(1019776K), 0.0763510 secs] [Times: user=0.18 sys=0.00, real=0.08 secs] 
6021.426: [GC [PSYoungGen: 318696K->25273K(318592K)] 925936K->632609K(1017664K), 0.0800560 secs] [Times: user=0.19 sys=0.00, real=0.08 secs] 
6021.871: [GC [PSYoungGen: 318585K->16494K(319936K)] 925921K->623894K(1019008K), 0.0800320 secs] [Times: user=0.14 sys=0.00, real=0.08 secs] 
6022.475: [GC [PSYoungGen: 307883K->20875K(320448K)] 915283K->628363K(1019520K), 0.0976010 secs] [Times: user=0.15 sys=0.00, real=0.10 secs] 
6022.928: [GC [PSYoungGen: 312267K->18901K(321088K)] 919755K->626469K(1020160K), 0.0675640 secs] [Times: user=0.18 sys=0.01, real=0.06 secs] 
6023.315: [GC [PSYoungGen: 311445K->27631K(320192K)] 919013K->635279K(1019264K), 0.0903900 secs] [Times: user=0.20 sys=0.01, real=0.09 secs] 
6023.759: [GC [PSYoungGen: 320175K->28356K(315968K)] 927823K->636084K(1015040K), 0.0914290 secs] [Times: user=0.18 sys=0.00, real=0.09 secs] 
6024.229: [GC [PSYoungGen: 315012K->18868K(318080K)] 922740K->626684K(1017152K), 0.0818590 secs] [Times: user=0.14 sys=0.00, real=0.08 secs] 
6024.661: [GC [PSYoungGen: 305524K->23070K(318912K)] 913340K->630958K(1017984K), 0.0977320 secs] [Times: user=0.22 sys=0.01, real=0.10 secs] 
6025.086: [GC [PSYoungGen: 310686K->16348K(318208K)] 918574K->624316K(1017280K), 0.0548730 secs] [Times: user=0.15 sys=0.00, real=0.06 secs] 
6025.504: [GC [PSYoungGen: 303964K->23210K(319040K)] 911932K->631266K(1018112K), 0.0758330 secs] [Times: user=0.18 sys=0.00, real=0.08 secs] 
6025.919: [GC [PSYoungGen: 311402K->25682K(313920K)] 919458K->633842K(1012992K), 0.0986570 secs] [Times: user=0.19 sys=0.01, real=0.10 secs] 
6026.361: [GC [PSYoungGen: 313874K->21441K(319232K)] 922034K->629673K(1018304K), 0.0619210 secs] [Times: user=0.17 sys=0.00, real=0.06 secs] 
6026.826: [GC [PSYoungGen: 309697K->24470K(318528K)] 917929K->632782K(1017600K), 0.0916490 secs] [Times: user=0.19 sys=0.01, real=0.10 secs] 
6027.203: [GC [PSYoungGen: 312726K->21423K(319808K)] 921038K->629823K(1018880K), 0.0763730 secs] [Times: user=0.17 sys=0.00, real=0.08 secs] 
6027.612: [GC [PSYoungGen: 310959K->26853K(316416K)] 919359K->635333K(1015488K), 0.1448020 secs] [Times: user=0.20 sys=0.00, real=0.15 secs] 
6028.037: [GC [PSYoungGen: 316389K->22560K(319616K)] 924869K->631208K(1018688K), 0.0732220 secs] [Times: user=0.16 sys=0.01, real=0.08 secs] 
6028.519: [GC [PSYoungGen: 311584K->22130K(318912K)] 920232K->630970K(1017984K), 0.0663190 secs] [Times: user=0.17 sys=0.00, real=0.06 secs] 
6028.937: [GC [PSYoungGen: 311154K->24765K(320064K)] 919994K->633693K(1019136K), 0.0973050 secs] [Times: user=0.17 sys=0.00, real=0.09 secs] 
6029.344: [GC [PSYoungGen: 315517K->22074K(320128K)] 924445K->631106K(1019200K), 0.0887580 secs] [Times: user=0.16 sys=0.00, real=0.09 secs] 
6029.925: [GC [PSYoungGen: 312816K->19443K(320640K)] 921848K->628563K(1019712K), 0.0576710 secs] [Times: user=0.15 sys=0.00, real=0.06 secs] 
6030.341: [GC [PSYoungGen: 311155K->26720K(318464K)] 920275K->635928K(1017536K), 0.0935440 secs] [Times: user=0.20 sys=0.00, real=0.09 secs] 
6030.805: [GC [PSYoungGen: 318432K->22020K(320192K)] 927640K->631324K(1019264K), 0.0695970 secs] [Times: user=0.18 sys=0.00, real=0.07 secs] 
6031.197: [GC [PSYoungGen: 312385K->28055K(318464K)] 921689K->637431K(1017536K), 0.0728820 secs] [Times: user=0.19 sys=0.00, real=0.08 secs] 
6031.589: [GC [PSYoungGen: 318423K->26262K(318272K)] 927799K->635701K(1017344K), 0.0731680 secs] [Times: user=0.17 sys=0.00, real=0.07 secs] 
6031.983: [GC [PSYoungGen: 313942K->22897K(318592K)] 923381K->632441K(1017664K), 0.0658250 secs] [Times: user=0.16 sys=0.00, real=0.07 secs] 
6032.463: [GC [PSYoungGen: 310577K->20246K(319296K)] 920121K->629870K(1018368K), 0.0965800 secs] [Times: user=0.16 sys=0.00, real=0.10 secs] 
6032.880: [GC [PSYoungGen: 309206K->23859K(319168K)] 918830K->633563K(1018240K), 0.0639660 secs] [Times: user=0.17 sys=0.00, real=0.06 secs] 
6033.307: [GC [PSYoungGen: 312819K->23716K(320256K)] 922523K->633500K(1019328K), 0.0663290 secs] [Times: user=0.18 sys=0.00, real=0.07 secs] 
6033.713: [GC [PSYoungGen: 314212K->18377K(319744K)] 923996K->628265K(1018816K), 0.0620790 secs] [Times: user=0.14 sys=0.00, real=0.06 secs] 
6034.137: [GC [PSYoungGen: 308873K->19121K(320000K)] 918761K->629009K(1019072K), 0.0944390 secs] [Times: user=0.15 sys=0.00, real=0.10 secs] 
6034.540: [GC [PSYoungGen: 309617K->21898K(320000K)] 919505K->631858K(1019072K), 0.0803900 secs] [Times: user=0.16 sys=0.00, real=0.08 secs] 
6034.920: [GC [PSYoungGen: 312392K->20710K(320960K)] 922352K->630750K(1020032K), 0.0538980 secs] [Times: user=0.16 sys=0.00, real=0.05 secs] 
6035.321: [GC [PSYoungGen: 312806K->20079K(320640K)] 922846K->630207K(1019712K), 0.0848880 secs] [Times: user=0.17 sys=0.00, real=0.08 secs] 
6035.754: [GC [PSYoungGen: 312175K->25452K(319936K)] 922303K->635692K(1019008K), 0.0679250 secs] [Times: user=0.18 sys=0.00, real=0.07 secs] 
6036.220: [GC [PSYoungGen: 317100K->21755K(320576K)] 927340K->632059K(1019648K), 0.0682500 secs] [Times: user=0.17 sys=0.00, real=0.07 secs] 
6036.628: [GC [PSYoungGen: 313403K->25308K(320128K)] 923707K->635612K(1019200K), 0.0860690 secs] [Times: user=0.18 sys=0.00, real=0.09 secs] 
6037.093: [GC [PSYoungGen: 317084K->26123K(317952K)] 927388K->636523K(1017024K), 0.0800000 secs] [Times: user=0.19 sys=0.00, real=0.08 secs] 
6037.536: [GC [PSYoungGen: 317899K->18746K(319808K)] 928299K->629226K(1018880K), 0.0602200 secs] [Times: user=0.15 sys=0.00, real=0.06 secs] 
6037.908: [GC [PSYoungGen: 308986K->21111K(319872K)] 919466K->631679K(1018944K), 0.0635910 secs] [Times: user=0.17 sys=0.00, real=0.07 secs] 
6038.280: [GC [PSYoungGen: 311351K->27227K(318144K)] 921919K->637883K(1017216K), 0.0752420 secs] [Times: user=0.18 sys=0.00, real=0.07 secs] 
6038.688: [GC [PSYoungGen: 316187K->20600K(319232K)] 926843K->631352K(1018304K), 0.0763580 secs] [Times: user=0.17 sys=0.00, real=0.08 secs] 
6039.061: [GC [PSYoungGen: 309560K->24871K(319424K)] 920312K->635711K(1018496K), 0.0519250 secs] [Times: user=0.16 sys=0.01, real=0.05 secs] 
6040.474: [GC [PSYoungGen: 314343K->25180K(314688K)] 925183K->636100K(1013760K), 0.0989570 secs] [Times: user=0.18 sys=0.02, real=0.10 secs] 
6041.030: [GC [PSYoungGen: 314652K->19266K(319360K)] 925572K->630274K(1018432K), 0.1095490 secs] [Times: user=0.16 sys=0.00, real=0.11 secs] 
6041.520: [GC [PSYoungGen: 308466K->21882K(319360K)] 919474K->632986K(1018432K), 0.0866250 secs] [Times: user=0.17 sys=0.00, real=0.08 secs] 
6042.012: [GC [PSYoungGen: 311098K->21285K(320448K)] 922202K->632461K(1019520K), 0.0644240 secs] [Times: user=0.17 sys=0.00, real=0.06 secs] 
6042.431: [GC [PSYoungGen: 312229K->24592K(320000K)] 923405K->635856K(1019072K), 0.0930770 secs] [Times: user=0.19 sys=0.00, real=0.09 secs] 
6042.854: [GC [PSYoungGen: 315536K->22558K(320960K)] 926800K->633918K(1020032K), 0.0619540 secs] [Times: user=0.16 sys=0.00, real=0.06 secs] 
6043.345: [GC [PSYoungGen: 314334K->22554K(320320K)] 925694K->634002K(1019392K), 0.0784380 secs] [Times: user=0.17 sys=0.01, real=0.08 secs] 
6043.767: [GC [PSYoungGen: 314330K->22310K(321984K)] 925778K->633846K(1021056K), 0.0742490 secs] [Times: user=0.17 sys=0.00, real=0.08 secs] 
6044.287: [GC [PSYoungGen: 316255K->17694K(321472K)] 927791K->629318K(1020544K), 0.0909750 secs] [Times: user=0.15 sys=0.00, real=0.09 secs] 
6044.787: [GC [PSYoungGen: 311646K->27503K(318784K)] 923270K->639207K(1017856K), 0.1265100 secs] [Times: user=0.20 sys=0.00, real=0.13 secs] 
6045.315: [GC [PSYoungGen: 318383K->20709K(320192K)] 930087K->632509K(1019264K), 0.0787140 secs] [Times: user=0.19 sys=0.01, real=0.08 secs] 
6045.775: [GC [PSYoungGen: 311589K->20854K(320896K)] 923389K->632750K(1019968K), 0.0650720 secs] [Times: user=0.18 sys=0.00, real=0.07 secs] 
6046.183: [GC [PSYoungGen: 312758K->20936K(320512K)] 924654K->632912K(1019584K), 0.0610840 secs] [Times: user=0.16 sys=0.01, real=0.06 secs] 
6046.549: [GC [PSYoungGen: 312840K->20673K(321600K)] 924816K->632745K(1020672K), 0.0652850 secs] [Times: user=0.17 sys=0.00, real=0.07 secs] 
6046.987: [GC [PSYoungGen: 314049K->21525K(321280K)] 926121K->633685K(1020352K), 0.0728470 secs] [Times: user=0.18 sys=0.00, real=0.08 secs] 
6047.379: [GC [PSYoungGen: 314901K->19371K(322240K)] 927061K->631611K(1021312K), 0.0609100 secs] [Times: user=0.15 sys=0.00, real=0.06 secs] 
6047.783: [GC [PSYoungGen: 314213K->24027K(318912K)] 926453K->636371K(1017984K), 0.0785420 secs] [Times: user=0.17 sys=0.00, real=0.08 secs] 
6048.183: [GC [PSYoungGen: 318875K->27485K(318976K)] 931219K->639917K(1018048K), 0.0706310 secs] [Times: user=0.19 sys=0.00, real=0.07 secs] 
6048.647: [GC [PSYoungGen: 318877K->20601K(320448K)] 931309K->633121K(1019520K), 0.1041420 secs] [Times: user=0.18 sys=0.01, real=0.11 secs] 
6049.228: [GC [PSYoungGen: 311993K->25960K(319360K)] 924513K->638568K(1018432K), 0.1005910 secs] [Times: user=0.19 sys=0.00, real=0.10 secs] 
6049.668: [GC [PSYoungGen: 316584K->19615K(320064K)] 929192K->632319K(1019136K), 0.0706620 secs] [Times: user=0.16 sys=0.00, real=0.07 secs] 
6050.149: [GC [PSYoungGen: 310239K->18992K(320320K)] 922943K->631784K(1019392K), 0.0866990 secs] [Times: user=0.17 sys=0.00, real=0.09 secs] 
6050.528: [GC [PSYoungGen: 310000K->22278K(320192K)] 922792K->635158K(1019264K), 0.0635810 secs] [Times: user=0.15 sys=0.00, real=0.07 secs] 
6050.939: [GC [PSYoungGen: 313286K->22473K(321408K)] 926166K->635448K(1020480K), 0.0813980 secs] [Times: user=0.16 sys=0.00, real=0.08 secs] 
6051.396: [GC [PSYoungGen: 315337K->21969K(320960K)] 928312K->635017K(1020032K), 0.0690340 secs] [Times: user=0.18 sys=0.00, real=0.07 secs] 
6051.841: [GC [PSYoungGen: 314833K->21727K(322496K)] 927881K->634879K(1021568K), 0.0873440 secs] [Times: user=0.18 sys=0.00, real=0.08 secs] 
6052.268: [GC [PSYoungGen: 316703K->18000K(321984K)] 929855K->631240K(1021056K), 0.0825320 secs] [Times: user=0.15 sys=0.01, real=0.08 secs] 
6052.677: [GC [PSYoungGen: 312976K->27193K(319232K)] 926216K->640583K(1018304K), 0.0773290 secs] [Times: user=0.20 sys=0.00, real=0.08 secs] 
6053.111: [GC [PSYoungGen: 319225K->21981K(320768K)] 932615K->635459K(1019840K), 0.0680000 secs] [Times: user=0.17 sys=0.00, real=0.07 secs] 
6053.585: [GC [PSYoungGen: 314013K->28000K(318208K)] 927491K->641558K(1017280K), 0.0920160 secs] [Times: user=0.19 sys=0.00, real=0.09 secs] 
6054.119: [GC [PSYoungGen: 318112K->22419K(319808K)] 931670K->636056K(1018880K), 0.1023130 secs] [Times: user=0.18 sys=0.00, real=0.11 secs] 
6054.509: [GC [PSYoungGen: 312531K->23291K(320896K)] 926168K->637008K(1019968K), 0.0629610 secs] [Times: user=0.17 sys=0.01, real=0.07 secs] 
6054.900: [GC [PSYoungGen: 315131K->24946K(320448K)] 928848K->638752K(1019520K), 0.0634870 secs] [Times: user=0.19 sys=0.00, real=0.07 secs] 
6055.288: [GC [PSYoungGen: 316786K->22674K(321216K)] 930592K->636567K(1020288K), 0.0580390 secs] [Times: user=0.16 sys=0.00, real=0.06 secs] 
6055.718: [GC [PSYoungGen: 315026K->22374K(320640K)] 928919K->636348K(1019712K), 0.0665350 secs] [Times: user=0.18 sys=0.00, real=0.07 secs] 
6056.140: [GC [PSYoungGen: 314726K->23718K(321792K)] 928700K->637795K(1020864K), 0.0699930 secs] [Times: user=0.19 sys=0.00, real=0.07 secs] 
6056.667: [GC [PSYoungGen: 317606K->26284K(320192K)] 931683K->640450K(1019264K), 0.1174580 secs] [Times: user=0.19 sys=0.00, real=0.11 secs] 
6057.118: [GC [PSYoungGen: 320172K->21245K(321216K)] 934338K->635491K(1020288K), 0.0803680 secs] [Times: user=0.20 sys=0.00, real=0.08 secs] 
6057.524: [GC [PSYoungGen: 314045K->23094K(321088K)] 928291K->637420K(1020160K), 0.0758630 secs] [Times: user=0.18 sys=0.01, real=0.07 secs] 
6057.972: [GC [PSYoungGen: 315894K->19265K(321344K)] 930220K->633670K(1020416K), 0.0870600 secs] [Times: user=0.16 sys=0.00, real=0.08 secs] 
6058.433: [GC [PSYoungGen: 312833K->24214K(321536K)] 927238K->638699K(1020608K), 0.0905900 secs] [Times: user=0.16 sys=0.01, real=0.09 secs] 
6058.871: [GC [PSYoungGen: 317781K->23049K(321984K)] 932267K->637622K(1021056K), 0.0747350 secs] [Times: user=0.20 sys=0.01, real=0.08 secs] 
6059.275: [GC [PSYoungGen: 317065K->24383K(321536K)] 931638K->639021K(1020608K), 0.0692590 secs] [Times: user=0.18 sys=0.01, real=0.07 secs] 
6059.738: [GC [PSYoungGen: 318399K->24794K(321472K)] 933037K->639520K(1020544K), 0.0664120 secs] [Times: user=0.17 sys=0.00, real=0.07 secs] 
6060.174: [GC [PSYoungGen: 318618K->25213K(319040K)] 933344K->640026K(1018112K), 0.0744380 secs] [Times: user=0.18 sys=0.01, real=0.07 secs] 
6060.582: [GC [PSYoungGen: 319037K->22967K(321792K)] 933850K->637884K(1020864K), 0.0685390 secs] [Times: user=0.17 sys=0.00, real=0.06 secs] 
6060.976: [GC [PSYoungGen: 316663K->22393K(321408K)] 931580K->637391K(1020480K), 0.0754120 secs] [Times: user=0.16 sys=0.01, real=0.07 secs] 
6061.354: [GC [PSYoungGen: 316089K->27444K(319488K)] 931087K->642795K(1018560K), 0.0912530 secs] [Times: user=0.18 sys=0.00, real=0.09 secs] 
6061.851: [GC [PSYoungGen: 319476K->20510K(320768K)] 934827K->636022K(1019840K), 0.0773710 secs] [Times: user=0.16 sys=0.00, real=0.08 secs] 
6062.345: [GC [PSYoungGen: 312542K->24794K(320768K)] 928054K->640394K(1019840K), 0.0950950 secs] [Times: user=0.17 sys=0.00, real=0.09 secs] 
6062.888: [GC [PSYoungGen: 316826K->21941K(320768K)] 932426K->637652K(1019840K), 0.0896710 secs] [Times: user=0.21 sys=0.00, real=0.09 secs] 
6063.278: [GC [PSYoungGen: 313973K->23166K(321472K)] 929684K->638950K(1020544K), 0.0775660 secs] [Times: user=0.16 sys=0.00, real=0.08 secs] 
6063.709: [GC [PSYoungGen: 316158K->23072K(321024K)] 931942K->638951K(1020096K), 0.0639430 secs] [Times: user=0.17 sys=0.00, real=0.07 secs] 
6064.128: [GC [PSYoungGen: 316064K->20694K(321856K)] 931943K->636669K(1020928K), 0.0636820 secs] [Times: user=0.18 sys=0.00, real=0.06 secs] 
6064.514: [GC [PSYoungGen: 314902K->23372K(321856K)] 930877K->639348K(1020928K), 0.0537270 secs] [Times: user=0.17 sys=0.01, real=0.05 secs] 
6064.923: [GC [PSYoungGen: 317580K->20812K(322240K)] 933556K->636867K(1021312K), 0.0640960 secs] [Times: user=0.15 sys=0.00, real=0.06 secs] 
6065.426: [GC [PSYoungGen: 315724K->21219K(322176K)] 931779K->637379K(1021248K), 0.0673750 secs] [Times: user=0.18 sys=0.00, real=0.07 secs] 
6065.868: [GC [PSYoungGen: 316131K->21007K(322560K)] 932291K->637238K(1021632K), 0.0612440 secs] [Times: user=0.17 sys=0.00, real=0.06 secs] 
6066.318: [GC [PSYoungGen: 316431K->22581K(322368K)] 932662K->638900K(1021440K), 0.0947270 secs] [Times: user=0.19 sys=0.00, real=0.10 secs] 
6066.771: [GC [PSYoungGen: 318005K->17958K(322176K)] 934324K->634365K(1021248K), 0.0443760 secs] [Times: user=0.14 sys=0.00, real=0.05 secs] 
6067.219: [GC [PSYoungGen: 313574K->23257K(322560K)] 929981K->639744K(1021632K), 0.0789110 secs] [Times: user=0.21 sys=0.01, real=0.08 secs] 
6067.685: [GC [PSYoungGen: 318873K->25997K(320704K)] 935360K->642572K(1019776K), 0.0656410 secs] [Times: user=0.18 sys=0.00, real=0.06 secs] 
6068.073: [GC [PSYoungGen: 319810K->22858K(321664K)] 936385K->639529K(1020736K), 0.0800920 secs] [Times: user=0.18 sys=0.00, real=0.08 secs] 
6068.475: [GC [PSYoungGen: 316682K->25503K(320960K)] 933353K->642279K(1020032K), 0.0544650 secs] [Times: user=0.18 sys=0.00, real=0.05 secs] 
6068.840: [GC [PSYoungGen: 319071K->19546K(313152K)] 935847K->636393K(1012224K), 0.0631880 secs] [Times: user=0.15 sys=0.00, real=0.07 secs] 
6069.253: [GC [PSYoungGen: 313114K->26132K(319808K)] 929961K->643068K(1018880K), 0.0757220 secs] [Times: user=0.20 sys=0.00, real=0.07 secs] 
6069.622: [GC [PSYoungGen: 317908K->26853K(318656K)] 934844K->643877K(1017728K), 0.0805820 secs] [Times: user=0.17 sys=0.00, real=0.08 secs] 
6070.003: [GC [PSYoungGen: 318629K->20025K(319872K)] 935653K->637137K(1018944K), 0.0753080 secs] [Times: user=0.17 sys=0.00, real=0.08 secs] 
6070.453: [GC [PSYoungGen: 310201K->20341K(319808K)] 927313K->637541K(1018880K), 0.0567300 secs] [Times: user=0.15 sys=0.00, real=0.06 secs] 
6070.879: [GC [PSYoungGen: 310517K->21571K(320576K)] 927717K->638851K(1019648K), 0.0891280 secs] [Times: user=0.17 sys=0.00, real=0.09 secs] 
6071.395: [GC [PSYoungGen: 312707K->23889K(320064K)] 929987K->641257K(1019136K), 0.0872300 secs] [Times: user=0.17 sys=0.00, real=0.08 secs] 
6071.843: [GC [PSYoungGen: 315025K->22724K(321344K)] 932393K->640171K(1020416K), 0.0893830 secs] [Times: user=0.18 sys=0.00, real=0.09 secs] 
6072.245: [GC [PSYoungGen: 315268K->19910K(320704K)] 932715K->637469K(1019776K), 0.0790640 secs] [Times: user=0.18 sys=0.00, real=0.08 secs] 
6072.644: [GC [PSYoungGen: 312454K->19248K(321408K)] 930013K->636888K(1020480K), 0.0510900 secs] [Times: user=0.15 sys=0.01, real=0.05 secs] 
6073.045: [GC [PSYoungGen: 312560K->23789K(321408K)] 930200K->641525K(1020480K), 0.0751260 secs] [Times: user=0.17 sys=0.01, real=0.07 secs] 
6073.501: [GC [PSYoungGen: 317101K->21901K(321920K)] 934837K->639724K(1020992K), 0.0719890 secs] [Times: user=0.17 sys=0.00, real=0.07 secs] 
6073.971: [GC [PSYoungGen: 315725K->24295K(321408K)] 933548K->642198K(1020480K), 0.0694460 secs] [Times: user=0.17 sys=0.00, real=0.07 secs] 
6074.321: [GC [PSYoungGen: 318119K->26166K(320000K)] 936022K->644157K(1019072K), 0.0760540 secs] [Times: user=0.19 sys=0.00, real=0.08 secs] 
6074.712: [GC [PSYoungGen: 318326K->28399K(320576K)] 936317K->646471K(1019648K), 0.0851030 secs] [Times: user=0.20 sys=0.01, real=0.09 secs] 
6075.098: [GC [PSYoungGen: 320559K->20267K(318400K)] 938631K->638427K(1017472K), 0.0970750 secs] [Times: user=0.18 sys=0.00, real=0.10 secs] 
6075.479: [GC [PSYoungGen: 309739K->19534K(319488K)] 927899K->637774K(1018560K), 0.0709510 secs] [Times: user=0.18 sys=0.00, real=0.07 secs] 
6075.927: [GC [PSYoungGen: 309006K->20942K(320000K)] 927246K->639269K(1019072K), 0.0839740 secs] [Times: user=0.15 sys=0.01, real=0.08 secs] 
6076.307: [GC [PSYoungGen: 311054K->22115K(319616K)] 929381K->640539K(1018688K), 0.0523810 secs] [Times: user=0.16 sys=0.00, real=0.05 secs] 
6076.758: [GC [PSYoungGen: 312227K->24383K(320512K)] 930651K->642894K(1019584K), 0.0941880 secs] [Times: user=0.18 sys=0.00, real=0.09 secs] 
6077.176: [GC [PSYoungGen: 316031K->23280K(320576K)] 934542K->641863K(1019648K), 0.0961420 secs] [Times: user=0.17 sys=0.00, real=0.09 secs] 
6077.590: [GC [PSYoungGen: 314928K->19224K(320960K)] 933511K->637927K(1020032K), 0.0592550 secs] [Times: user=0.16 sys=0.00, real=0.06 secs] 
6077.970: [GC [PSYoungGen: 311640K->21624K(320960K)] 930343K->640415K(1020032K), 0.0649390 secs] [Times: user=0.18 sys=0.00, real=0.06 secs] 
6078.330: [GC [PSYoungGen: 314040K->20916K(321728K)] 932831K->639804K(1020800K), 0.0931510 secs] [Times: user=0.17 sys=0.01, real=0.09 secs] 
6078.790: [GC [PSYoungGen: 314548K->20986K(321408K)] 933436K->639961K(1020480K), 0.0658190 secs] [Times: user=0.17 sys=0.00, real=0.07 secs] 
6079.189: [GC [PSYoungGen: 314618K->26459K(319936K)] 933593K->645515K(1019008K), 0.0693190 secs] [Times: user=0.19 sys=0.00, real=0.07 secs] 
6079.634: [GC [PSYoungGen: 319003K->21939K(321024K)] 938059K->641091K(1020096K), 0.0851280 secs] [Times: user=0.18 sys=0.01, real=0.09 secs] 
6080.022: [GC [PSYoungGen: 314474K->24920K(320768K)] 933626K->644160K(1019840K), 0.0796790 secs] [Times: user=0.18 sys=0.01, real=0.08 secs] 
6080.405: [GC [PSYoungGen: 317720K->18623K(311424K)] 936960K->637959K(1010496K), 0.0809340 secs] [Times: user=0.21 sys=0.00, real=0.08 secs] 
6080.872: [GC [PSYoungGen: 311423K->26908K(318848K)] 930759K->646316K(1017920K), 0.0925380 secs] [Times: user=0.18 sys=0.01, real=0.09 secs] 
6081.352: [GC [PSYoungGen: 317276K->20065K(319936K)] 936684K->639561K(1019008K), 0.0769100 secs] [Times: user=0.17 sys=0.00, real=0.08 secs] 
6081.789: [GC [PSYoungGen: 310433K->23347K(320512K)] 929929K->642939K(1019584K), 0.0750910 secs] [Times: user=0.17 sys=0.00, real=0.07 secs] 
6082.275: [GC [PSYoungGen: 314483K->23265K(320128K)] 934075K->642929K(1019200K), 0.0920930 secs] [Times: user=0.19 sys=0.00, real=0.09 secs] 
6082.709: [GC [PSYoungGen: 314401K->22845K(321408K)] 934065K->642604K(1020480K), 0.0691710 secs] [Times: user=0.17 sys=0.00, real=0.07 secs] 
6083.183: [GC [PSYoungGen: 315645K->23998K(320896K)] 935404K->643837K(1019968K), 0.0843440 secs] [Times: user=0.18 sys=0.00, real=0.09 secs] 
6083.598: [GC [PSYoungGen: 316788K->19252K(321216K)] 936627K->639180K(1020288K), 0.0889410 secs] [Times: user=0.16 sys=0.00, real=0.09 secs] 
6084.013: [GC [PSYoungGen: 312436K->25562K(318784K)] 932364K->645585K(1017856K), 0.0603260 secs] [Times: user=0.17 sys=0.00, real=0.06 secs] 
6084.406: [GC [PSYoungGen: 318746K->27584K(318464K)] 938769K->647695K(1017536K), 0.0964670 secs] [Times: user=0.22 sys=0.01, real=0.09 secs] 
6084.765: [GC [PSYoungGen: 317312K->21976K(319616K)] 937423K->642168K(1018688K), 0.0761930 secs] [Times: user=0.17 sys=0.00, real=0.08 secs] 
6085.191: [GC [PSYoungGen: 311704K->25916K(319168K)] 931896K->646187K(1018240K), 0.1045740 secs] [Times: user=0.19 sys=0.00, real=0.11 secs] 
6085.703: [GC [PSYoungGen: 315644K->24470K(319616K)] 935915K->644830K(1018688K), 0.0734900 secs] [Times: user=0.18 sys=0.00, real=0.08 secs] 
6086.167: [GC [PSYoungGen: 314198K->22740K(320384K)] 934558K->643187K(1019456K), 0.0991460 secs] [Times: user=0.17 sys=0.00, real=0.10 secs] 
6086.555: [GC [PSYoungGen: 313492K->22357K(319872K)] 933939K->642885K(1018944K), 0.0985870 secs] [Times: user=0.20 sys=0.01, real=0.10 secs] 
6086.998: [GC [PSYoungGen: 313105K->17333K(319744K)] 933632K->638020K(1018816K), 0.0739620 secs] [Times: user=0.17 sys=0.01, real=0.07 secs] 
6087.465: [GC [PSYoungGen: 308341K->25443K(316480K)] 929028K->646227K(1015552K), 0.1049310 secs] [Times: user=0.20 sys=0.00, real=0.11 secs] 
6087.932: [GC [PSYoungGen: 316451K->25350K(319424K)] 937235K->646213K(1018496K), 0.0739750 secs] [Times: user=0.20 sys=0.00, real=0.07 secs] 
6088.327: [GC [PSYoungGen: 315206K->19815K(319680K)] 936069K->640774K(1018752K), 0.0757740 secs] [Times: user=0.17 sys=0.00, real=0.07 secs] 
6088.762: [GC [PSYoungGen: 309671K->25331K(319360K)] 930630K->646379K(1018432K), 0.0971710 secs] [Times: user=0.23 sys=0.00, real=0.10 secs] 
6089.155: [GC [PSYoungGen: 314931K->23097K(319552K)] 935979K->644224K(1018624K), 0.0845060 secs] [Times: user=0.20 sys=0.01, real=0.09 secs] 
6089.607: [GC [PSYoungGen: 312697K->26841K(318784K)] 933824K->648073K(1017856K), 0.0726900 secs] [Times: user=0.19 sys=0.02, real=0.08 secs] 
6089.958: [GC [PSYoungGen: 316313K->20758K(319488K)] 937545K->642078K(1018560K), 0.0479180 secs] [Times: user=0.16 sys=0.00, real=0.04 secs] 
6090.380: [GC [PSYoungGen: 310230K->18771K(319488K)] 931550K->640187K(1018560K), 0.0791460 secs] [Times: user=0.15 sys=0.00, real=0.08 secs] 
6090.803: [GC [PSYoungGen: 308371K->23109K(319552K)] 929787K->644620K(1018624K), 0.0676590 secs] [Times: user=0.16 sys=0.01, real=0.07 secs] 
6091.273: [GC [PSYoungGen: 312709K->22589K(320768K)] 934220K->644188K(1019840K), 0.0795700 secs] [Times: user=0.16 sys=0.00, real=0.08 secs] 
6091.795: [GC [PSYoungGen: 313981K->21510K(320128K)] 935580K->643206K(1019200K), 0.0688580 secs] [Times: user=0.18 sys=0.00, real=0.07 secs] 
6092.236: [GC [PSYoungGen: 312902K->25056K(320512K)] 934598K->646752K(1019584K), 0.0823810 secs] [Times: user=0.18 sys=0.00, real=0.09 secs] 
6092.619: [GC [PSYoungGen: 317216K->23614K(320832K)] 938912K->645390K(1019904K), 0.0649130 secs] [Times: user=0.16 sys=0.00, real=0.06 secs] 
6093.054: [GC [PSYoungGen: 315767K->26723K(319360K)] 937542K->648586K(1018432K), 0.0763380 secs] [Times: user=0.20 sys=0.00, real=0.08 secs] 
6093.416: [GC [PSYoungGen: 317731K->24095K(320256K)] 939594K->646055K(1019328K), 0.0809260 secs] [Times: user=0.19 sys=0.00, real=0.09 secs] 
6093.824: [GC [PSYoungGen: 315103K->27878K(318400K)] 937063K->649917K(1017472K), 0.0658230 secs] [Times: user=0.18 sys=0.01, real=0.07 secs] 
6094.284: [GC [PSYoungGen: 317350K->23304K(319488K)] 939389K->645439K(1018560K), 0.0922500 secs] [Times: user=0.18 sys=0.00, real=0.09 secs] 
6094.735: [GC [PSYoungGen: 312776K->23943K(320512K)] 934911K->646166K(1019584K), 0.0753960 secs] [Times: user=0.17 sys=0.00, real=0.08 secs] 
6095.154: [GC [PSYoungGen: 314951K->22543K(320000K)] 937174K->644839K(1019072K), 0.0868630 secs] [Times: user=0.17 sys=0.00, real=0.09 secs] 
6095.590: [GC [PSYoungGen: 313551K->22744K(321152K)] 935847K->645135K(1020224K), 0.0625950 secs] [Times: user=0.16 sys=0.00, real=0.06 secs] 
6096.081: [GC [PSYoungGen: 315224K->17029K(309568K)] 937615K->639501K(1008640K), 0.0565740 secs] [Times: user=0.15 sys=0.00, real=0.05 secs] 
6096.454: [GC [PSYoungGen: 309509K->22910K(321088K)] 931981K->645470K(1020160K), 0.0739430 secs] [Times: user=0.18 sys=0.00, real=0.07 secs] 
6096.856: [GC [PSYoungGen: 315006K->19921K(320512K)] 937566K->642568K(1019584K), 0.0614950 secs] [Times: user=0.15 sys=0.00, real=0.06 secs] 
6097.404: [GC [PSYoungGen: 312017K->21838K(321536K)] 934664K->644582K(1020608K), 0.0953240 secs] [Times: user=0.17 sys=0.01, real=0.10 secs] 
6097.878: [GC [PSYoungGen: 315022K->22126K(321152K)] 937766K->644958K(1020224K), 0.0931940 secs] [Times: user=0.18 sys=0.00, real=0.10 secs] 
6098.312: [GC [PSYoungGen: 315310K->24047K(321792K)] 938142K->646959K(1020864K), 0.0812020 secs] [Times: user=0.17 sys=0.00, real=0.08 secs] 
6098.692: [GC [PSYoungGen: 318383K->25897K(320256K)] 941295K->648889K(1019328K), 0.0814850 secs] [Times: user=0.18 sys=0.01, real=0.08 secs] 
6099.131: [GC [PSYoungGen: 320233K->19492K(321088K)] 943225K->642580K(1020160K), 0.0596520 secs] [Times: user=0.17 sys=0.01, real=0.06 secs] 
6099.485: [GC [PSYoungGen: 312292K->26560K(319424K)] 935380K->649735K(1018496K), 0.0751260 secs] [Times: user=0.18 sys=0.00, real=0.08 secs] 
6099.941: [GC [PSYoungGen: 319360K->21817K(320704K)] 942535K->645065K(1019776K), 0.0831950 secs] [Times: user=0.18 sys=0.01, real=0.08 secs] 
6100.352: [GC [PSYoungGen: 313273K->21187K(320256K)] 936521K->644522K(1019328K), 0.0649740 secs] [Times: user=0.16 sys=0.00, real=0.06 secs] 
6100.918: [GC [PSYoungGen: 312643K->18882K(320832K)] 935978K->642314K(1019904K), 0.0543350 secs] [Times: user=0.16 sys=0.00, real=0.06 secs] 
6101.267: [GC [PSYoungGen: 311161K->23316K(320896K)] 934593K->646836K(1019968K), 0.0615410 secs] [Times: user=0.17 sys=0.00, real=0.07 secs] 
6101.692: [GC [PSYoungGen: 315604K->22651K(321664K)] 939124K->646258K(1020736K), 0.0927590 secs] [Times: user=0.18 sys=0.00, real=0.09 secs] 
6102.185: [GC [PSYoungGen: 315963K->23774K(321152K)] 939570K->647462K(1020224K), 0.0846050 secs] [Times: user=0.16 sys=0.00, real=0.09 secs] 
6102.566: [GC [PSYoungGen: 317086K->24169K(321600K)] 940774K->647961K(1020672K), 0.0715670 secs] [Times: user=0.19 sys=0.00, real=0.07 secs] 
6103.048: [GC [PSYoungGen: 317978K->22125K(321664K)] 941769K->645997K(1020736K), 0.0700950 secs] [Times: user=0.17 sys=0.00, real=0.07 secs] 
6103.482: [GC [PSYoungGen: 315944K->21085K(322240K)] 939815K->645045K(1021312K), 0.0477090 secs] [Times: user=0.16 sys=0.00, real=0.05 secs] 
6103.927: [GC [PSYoungGen: 315869K->23430K(322048K)] 939829K->647477K(1021120K), 0.1281380 secs] [Times: user=0.20 sys=0.01, real=0.13 secs] 
6104.390: [GC [PSYoungGen: 318214K->24129K(322240K)] 942261K->648265K(1021312K), 0.0571730 secs] [Times: user=0.17 sys=0.00, real=0.05 secs] 
6104.786: [GC [PSYoungGen: 319233K->24472K(319616K)] 943369K->648688K(1018688K), 0.0722360 secs] [Times: user=0.18 sys=0.00, real=0.07 secs] 
6105.191: [GC [PSYoungGen: 319576K->21095K(322240K)] 943792K->645382K(1021312K), 0.0945290 secs] [Times: user=0.16 sys=0.01, real=0.09 secs] 
6105.570: [GC [PSYoungGen: 315943K->25670K(320576K)] 940230K->650053K(1019648K), 0.0760040 secs] [Times: user=0.17 sys=0.00, real=0.07 secs] 
6106.013: [GC [PSYoungGen: 320518K->22104K(321920K)] 944901K->646560K(1020992K), 0.0700140 secs] [Times: user=0.20 sys=0.00, real=0.07 secs] 
6106.416: [GC [PSYoungGen: 316120K->23019K(321600K)] 940576K->647562K(1020672K), 0.0551820 secs] [Times: user=0.17 sys=0.01, real=0.06 secs] 
6106.784: [GC [PSYoungGen: 317035K->22210K(322624K)] 941578K->646833K(1021696K), 0.0495210 secs] [Times: user=0.16 sys=0.00, real=0.05 secs] 
6107.192: [GC [PSYoungGen: 317698K->21226K(322368K)] 942321K->645946K(1021440K), 0.0614120 secs] [Times: user=0.16 sys=0.00, real=0.06 secs] 
6107.564: [GC [PSYoungGen: 316714K->21388K(322944K)] 941434K->646196K(1022016K), 0.0690650 secs] [Times: user=0.16 sys=0.00, real=0.07 secs] 
6107.985: [GC [PSYoungGen: 317579K->23877K(322752K)] 942387K->648765K(1021824K), 0.0592140 secs] [Times: user=0.17 sys=0.00, real=0.06 secs] 
6108.370: [GC [PSYoungGen: 320069K->22091K(323136K)] 944957K->647059K(1022208K), 0.0931290 secs] [Times: user=0.17 sys=0.00, real=0.10 secs] 
6108.772: [GC [PSYoungGen: 318533K->23759K(322816K)] 943500K->648814K(1021888K), 0.0524590 secs] [Times: user=0.16 sys=0.00, real=0.05 secs] 
6109.266: [GC [PSYoungGen: 320207K->26145K(321280K)] 945262K->651289K(1020352K), 0.0816020 secs] [Times: user=0.18 sys=0.00, real=0.08 secs] 
6109.657: [GC [PSYoungGen: 320993K->21047K(322176K)] 946137K->646270K(1021248K), 0.0829410 secs] [Times: user=0.16 sys=0.00, real=0.08 secs] 
6110.084: [GC [PSYoungGen: 315895K->21111K(322368K)] 941118K->646422K(1021440K), 0.0499770 secs] [Times: user=0.17 sys=0.01, real=0.05 secs] 
6110.434: [GC [PSYoungGen: 316215K->27131K(322240K)] 941526K->653444K(1021312K), 0.0765710 secs] [Times: user=0.19 sys=0.01, real=0.08 secs] 
6110.824: [GC [PSYoungGen: 322235K->21970K(320064K)] 948548K->648443K(1019136K), 0.0668110 secs] [Times: user=0.17 sys=0.00, real=0.07 secs] 
6111.226: [GC [PSYoungGen: 314770K->21840K(321152K)] 941243K->648400K(1020224K), 0.0690050 secs] [Times: user=0.18 sys=0.01, real=0.07 secs] 
6111.673: [GC [PSYoungGen: 314640K->26374K(319936K)] 941200K->653023K(1019008K), 0.0724090 secs] [Times: user=0.20 sys=0.00, real=0.07 secs] 
6112.107: [GC [PSYoungGen: 318278K->23256K(320704K)] 944927K->649905K(1019776K), 0.0629250 secs] [Times: user=0.16 sys=0.00, real=0.06 secs] 
6112.524: [GC [PSYoungGen: 315160K->20844K(321280K)] 941809K->647573K(1020352K), 0.0856430 secs] [Times: user=0.15 sys=0.00, real=0.08 secs] 
6112.939: [GC [PSYoungGen: 313836K->22676K(321216K)] 940565K->649493K(1020288K), 0.0601680 secs] [Times: user=0.16 sys=0.00, real=0.06 secs] 
6113.353: [GC [PSYoungGen: 315668K->22761K(322176K)] 942485K->649674K(1021248K), 0.0936640 secs] [Times: user=0.16 sys=0.00, real=0.09 secs] 
6113.734: [GC [PSYoungGen: 317161K->19813K(321728K)] 944074K->646806K(1020800K), 0.0460930 secs] [Times: user=0.16 sys=0.00, real=0.05 secs] 
6114.222: [GC [PSYoungGen: 314213K->18477K(321536K)] 941206K->645550K(1020608K), 0.0985030 secs] [Times: user=0.14 sys=0.01, real=0.10 secs] 
6114.646: [GC [PSYoungGen: 312557K->21728K(321792K)] 939630K->648881K(1020864K), 0.0702870 secs] [Times: user=0.16 sys=0.00, real=0.07 secs] 
6115.045: [GC [PSYoungGen: 315808K->25426K(320832K)] 942961K->652674K(1019904K), 0.0782500 secs] [Times: user=0.19 sys=0.00, real=0.08 secs] 
6115.471: [GC [PSYoungGen: 318994K->25788K(319360K)] 946242K->653101K(1018432K), 0.0699800 secs] [Times: user=0.19 sys=0.00, real=0.07 secs] 
6115.857: [GC [PSYoungGen: 319356K->27377K(318720K)] 946669K->654786K(1017792K), 0.0854440 secs] [Times: user=0.21 sys=0.00, real=0.09 secs] 
6116.234: [GC [PSYoungGen: 317489K->21071K(319808K)] 944898K->648560K(1018880K), 0.0689010 secs] [Times: user=0.18 sys=0.00, real=0.07 secs] 
6116.612: [GC [PSYoungGen: 311183K->25439K(319552K)] 938672K->653016K(1018624K), 0.1203800 secs] [Times: user=0.19 sys=0.00, real=0.12 secs] 
6117.078: [GC [PSYoungGen: 315551K->22174K(319808K)] 943128K->649918K(1018880K), 0.0764000 secs] [Times: user=0.17 sys=0.00, real=0.08 secs] 
6117.471: [GC [PSYoungGen: 312286K->21346K(320512K)] 940030K->649179K(1019584K), 0.0662040 secs] [Times: user=0.17 sys=0.00, real=0.07 secs] 
6117.847: [GC [PSYoungGen: 312610K->22023K(320256K)] 940443K->649944K(1019328K), 0.0691220 secs] [Times: user=0.15 sys=0.00, real=0.07 secs] 
6118.200: [GC [PSYoungGen: 313287K->25704K(320064K)] 941208K->653713K(1019136K), 0.0571480 secs] [Times: user=0.17 sys=0.00, real=0.06 secs] 
6118.597: [GC [PSYoungGen: 317224K->24339K(320512K)] 945233K->652444K(1019584K), 0.0705310 secs] [Times: user=0.18 sys=0.00, real=0.07 secs] 
6118.967: [GC [PSYoungGen: 315859K->24922K(320512K)] 943964K->653115K(1019584K), 0.0708410 secs] [Times: user=0.19 sys=0.00, real=0.07 secs] 
6119.352: [GC [PSYoungGen: 316570K->22885K(320576K)] 944763K->651158K(1019648K), 0.0634630 secs] [Times: user=0.17 sys=0.00, real=0.06 secs] 
6119.757: [GC [PSYoungGen: 314533K->25030K(320896K)] 942806K->653399K(1019968K), 0.0925310 secs] [Times: user=0.19 sys=0.00, real=0.09 secs] 
6120.186: [GC [PSYoungGen: 317446K->21475K(320960K)] 945815K->649924K(1020032K), 0.0473600 secs] [Times: user=0.16 sys=0.00, real=0.05 secs] 
6120.550: [GC [PSYoungGen: 313891K->25135K(320832K)] 942340K->653663K(1019904K), 0.0638020 secs] [Times: user=0.17 sys=0.01, real=0.07 secs] 
6120.975: [GC [PSYoungGen: 317551K->21249K(320960K)] 946079K->649778K(1020032K), 0.0945390 secs] [Times: user=0.17 sys=0.00, real=0.09 secs] 
6121.432: [GC [PSYoungGen: 313665K->24409K(321152K)] 942194K->653018K(1020224K), 0.0690560 secs] [Times: user=0.18 sys=0.00, real=0.06 secs] 
6121.885: [GC [PSYoungGen: 317081K->18586K(311296K)] 945690K->647275K(1010368K), 0.0872030 secs] [Times: user=0.15 sys=0.00, real=0.09 secs] 
6122.263: [GC [PSYoungGen: 311258K->27014K(318912K)] 939947K->655799K(1017984K), 0.0645970 secs] [Times: user=0.18 sys=0.00, real=0.06 secs] 
6122.651: [GC [PSYoungGen: 317254K->27502K(317760K)] 946039K->656367K(1016832K), 0.1030780 secs] [Times: user=0.22 sys=0.01, real=0.11 secs] 
6123.141: [GC [PSYoungGen: 317742K->21768K(319296K)] 946607K->650736K(1018368K), 0.0696960 secs] [Times: user=0.16 sys=0.00, real=0.07 secs] 
6123.531: [GC [PSYoungGen: 310536K->24873K(318976K)] 939504K->653929K(1018048K), 0.0653920 secs] [Times: user=0.17 sys=0.00, real=0.07 secs] 
6123.913: [GC [PSYoungGen: 313641K->23063K(320000K)] 942697K->652216K(1019072K), 0.0655040 secs] [Times: user=0.17 sys=0.00, real=0.06 secs] 
6124.359: [GC [PSYoungGen: 313047K->22463K(319488K)] 942200K->651680K(1018560K), 0.0710580 secs] [Times: user=0.17 sys=0.00, real=0.07 secs] 
6124.747: [GC [PSYoungGen: 312447K->19973K(320256K)] 941664K->649278K(1019328K), 0.0744110 secs] [Times: user=0.17 sys=0.00, real=0.07 secs] 
6125.157: [GC [PSYoungGen: 311109K->18884K(310080K)] 940414K->648269K(1009152K), 0.0577580 secs] [Times: user=0.16 sys=0.00, real=0.06 secs] 
6125.597: [GC [PSYoungGen: 310020K->24978K(319936K)] 939405K->654450K(1019008K), 0.0666800 secs] [Times: user=0.18 sys=0.00, real=0.07 secs] 
6126.112: [GC [PSYoungGen: 315602K->17251K(307904K)] 945074K->646812K(1006976K), 0.0848910 secs] [Times: user=0.15 sys=0.00, real=0.09 secs] 
6126.540: [GC [PSYoungGen: 307875K->27574K(317376K)] 937436K->657231K(1016448K), 0.0759230 secs] [Times: user=0.20 sys=0.00, real=0.08 secs] 
6127.074: [GC [PSYoungGen: 315126K->21781K(318528K)] 944783K->651518K(1017600K), 0.0931060 secs] [Times: user=0.19 sys=0.00, real=0.09 secs] 
6127.533: [GC [PSYoungGen: 309333K->17162K(318656K)] 939070K->647002K(1017728K), 0.0637960 secs] [Times: user=0.15 sys=0.00, real=0.06 secs] 
6127.990: [GC [PSYoungGen: 305482K->22135K(318912K)] 935322K->652056K(1017984K), 0.0621620 secs] [Times: user=0.16 sys=0.00, real=0.06 secs] 
6128.414: [GC [PSYoungGen: 310455K->21564K(320384K)] 940376K->651581K(1019456K), 0.0726710 secs] [Times: user=0.18 sys=0.01, real=0.07 secs] 
6128.810: [GC [PSYoungGen: 312188K->22414K(319744K)] 942205K->652510K(1018816K), 0.0685100 secs] [Times: user=0.18 sys=0.00, real=0.07 secs] 
6129.300: [GC [PSYoungGen: 313038K->26302K(319168K)] 943134K->656479K(1018240K), 0.0700580 secs] [Times: user=0.19 sys=0.01, real=0.07 secs] 
6129.670: [GC [PSYoungGen: 316926K->22811K(320064K)] 947103K->653068K(1019136K), 0.0709280 secs] [Times: user=0.18 sys=0.00, real=0.07 secs] 
6130.095: [GC [PSYoungGen: 313435K->23029K(321152K)] 943692K->653374K(1020224K), 0.0737770 secs] [Times: user=0.19 sys=0.00, real=0.07 secs] 
6130.515: [GC [PSYoungGen: 315381K->21813K(320704K)] 945726K->652246K(1019776K), 0.0789490 secs] [Times: user=0.17 sys=0.00, real=0.08 secs] 
6131.025: [GC [PSYoungGen: 314165K->20901K(321856K)] 944598K->651422K(1020928K), 0.0662710 secs] [Times: user=0.17 sys=0.00, real=0.06 secs] 
6131.475: [GC [PSYoungGen: 314853K->25398K(319360K)] 945374K->655998K(1018432K), 0.0664270 secs] [Times: user=0.17 sys=0.01, real=0.06 secs] 
6131.929: [GC [PSYoungGen: 319350K->21740K(321600K)] 949950K->652429K(1020672K), 0.0879890 secs] [Times: user=0.17 sys=0.00, real=0.09 secs] 
6132.366: [GC [PSYoungGen: 315052K->19868K(321216K)] 945741K->650621K(1020288K), 0.0792490 secs] [Times: user=0.18 sys=0.00, real=0.08 secs] 
6132.904: [GC [PSYoungGen: 313180K->23992K(321536K)] 943933K->654840K(1020608K), 0.0731480 secs] [Times: user=0.18 sys=0.00, real=0.07 secs] 
6133.282: [GC [PSYoungGen: 317688K->26323K(320064K)] 948536K->657243K(1019136K), 0.0736970 secs] [Times: user=0.18 sys=0.00, real=0.08 secs] 
6133.732: [GC [PSYoungGen: 320009K->22199K(321216K)] 950930K->653224K(1020288K), 0.0885020 secs] [Times: user=0.18 sys=0.00, real=0.09 secs] 
6134.187: [GC [PSYoungGen: 314679K->22214K(320768K)] 945704K->653319K(1019840K), 0.1072170 secs] [Times: user=0.17 sys=0.00, real=0.11 secs] 
6134.656: [GC [PSYoungGen: 314694K->21884K(321984K)] 945799K->653085K(1021056K), 0.0677250 secs] [Times: user=0.17 sys=0.00, real=0.07 secs] 
6135.190: [GC [PSYoungGen: 316028K->22974K(321664K)] 947229K->654262K(1020736K), 0.0915490 secs] [Times: user=0.19 sys=0.00, real=0.09 secs] 
6135.575: [GC [PSYoungGen: 317118K->26426K(320448K)] 948406K->657803K(1019520K), 0.0969880 secs] [Times: user=0.23 sys=0.01, real=0.09 secs] 
6135.999: [GC [PSYoungGen: 319738K->25512K(318848K)] 951115K->656961K(1017920K), 0.0641390 secs] [Times: user=0.17 sys=0.00, real=0.06 secs] 
6136.408: [GC [PSYoungGen: 318824K->21262K(321216K)] 950273K->652807K(1020288K), 0.0646380 secs] [Times: user=0.16 sys=0.00, real=0.06 secs] 
6136.848: [GC [PSYoungGen: 313998K->25217K(318016K)] 945543K->656842K(1017088K), 0.0604440 secs] [Times: user=0.18 sys=0.00, real=0.06 secs] 
6137.249: [GC [PSYoungGen: 317953K->25595K(320320K)] 949578K->657308K(1019392K), 0.0855550 secs] [Times: user=0.21 sys=0.00, real=0.09 secs] 
6137.608: [GC [PSYoungGen: 317371K->24428K(320640K)] 949084K->656229K(1019712K), 0.0810530 secs] [Times: user=0.22 sys=0.00, real=0.08 secs] 
6138.025: [GC [PSYoungGen: 316204K->24001K(321152K)] 948005K->655890K(1020224K), 0.0649460 secs] [Times: user=0.17 sys=0.00, real=0.06 secs] 
6138.467: [GC [PSYoungGen: 316481K->20772K(320832K)] 948370K->652748K(1019904K), 0.0723910 secs] [Times: user=0.15 sys=0.01, real=0.07 secs] 
6138.996: [GC [PSYoungGen: 313252K->24654K(321152K)] 945228K->656727K(1020224K), 0.0968560 secs] [Times: user=0.18 sys=0.00, real=0.09 secs] 
6139.498: [GC [PSYoungGen: 317454K->25388K(318208K)] 949527K->657541K(1017280K), 0.0830490 secs] [Times: user=0.19 sys=0.00, real=0.08 secs] 
6139.944: [GC [PSYoungGen: 318188K->24176K(321280K)] 950341K->656417K(1020352K), 0.0822350 secs] [Times: user=0.17 sys=0.00, real=0.09 secs] 
6140.361: [GC [PSYoungGen: 316912K->18446K(311232K)] 949153K->650783K(1010304K), 0.0662210 secs] [Times: user=0.16 sys=0.00, real=0.07 secs] 
6140.907: [GC [PSYoungGen: 311182K->21295K(321024K)] 943519K->653712K(1020096K), 0.0581160 secs] [Times: user=0.16 sys=0.00, real=0.06 secs] 
6141.354: [GC [PSYoungGen: 313647K->23992K(320832K)] 946064K->656505K(1019904K), 0.0553590 secs] [Times: user=0.17 sys=0.00, real=0.06 secs] 
6141.737: [GC [PSYoungGen: 316344K->27406K(319040K)] 948857K->660007K(1018112K), 0.0777160 secs] [Times: user=0.19 sys=0.00, real=0.07 secs] 
6142.130: [GC [PSYoungGen: 318158K->21596K(320128K)] 950759K->654284K(1019200K), 0.0702660 secs] [Times: user=0.17 sys=0.00, real=0.07 secs] 
6142.522: [GC [PSYoungGen: 312348K->22485K(320832K)] 945036K->655269K(1019904K), 0.0733790 secs] [Times: user=0.18 sys=0.00, real=0.08 secs] 
6142.885: [GC [PSYoungGen: 314197K->23168K(320384K)] 946981K->656032K(1019456K), 0.0796720 secs] [Times: user=0.18 sys=0.00, real=0.08 secs] 
6143.282: [GC [PSYoungGen: 314880K->21800K(321600K)] 947744K->654761K(1020672K), 0.0517020 secs] [Times: user=0.16 sys=0.00, real=0.05 secs] 
6143.678: [GC [PSYoungGen: 315240K->25672K(319168K)] 948201K->658713K(1018240K), 0.0544640 secs] [Times: user=0.17 sys=0.01, real=0.05 secs] 
6144.074: [GC [PSYoungGen: 319112K->21997K(321344K)] 952153K->655134K(1020416K), 0.0778140 secs] [Times: user=0.16 sys=0.00, real=0.08 secs] 
6144.562: [GC [PSYoungGen: 314925K->24800K(321088K)] 948062K->658016K(1020160K), 0.0723690 secs] [Times: user=0.19 sys=0.00, real=0.07 secs] 
6145.010: [GC [PSYoungGen: 317728K->25036K(321024K)] 950944K->658356K(1020096K), 0.0654330 secs] [Times: user=0.17 sys=0.00, real=0.07 secs] 
6145.437: [GC [PSYoungGen: 317836K->21135K(321152K)] 951156K->654536K(1020224K), 0.0581510 secs] [Times: user=0.16 sys=0.00, real=0.06 secs] 
6145.860: [GC [PSYoungGen: 313935K->24969K(320960K)] 947336K->658450K(1020032K), 0.0956530 secs] [Times: user=0.21 sys=0.01, real=0.10 secs] 
6146.280: [GC [PSYoungGen: 317641K->24404K(321088K)] 951122K->657973K(1020160K), 0.0816470 secs] [Times: user=0.18 sys=0.00, real=0.08 secs] 
6146.868: [GC [PSYoungGen: 317076K->23110K(321600K)] 950645K->656759K(1020672K), 0.0726940 secs] [Times: user=0.17 sys=0.01, real=0.07 secs] 
6147.289: [GC [PSYoungGen: 316422K->23673K(321216K)] 950071K->657458K(1020288K), 0.1082930 secs] [Times: user=0.17 sys=0.00, real=0.11 secs] 
6147.800: [GC [PSYoungGen: 316985K->23987K(322240K)] 950770K->657852K(1021312K), 0.1080910 secs] [Times: user=0.17 sys=0.00, real=0.11 secs] 
6148.266: [GC [PSYoungGen: 318707K->23640K(321984K)] 952572K->657577K(1021056K), 0.0885830 secs] [Times: user=0.17 sys=0.00, real=0.08 secs] 
6148.726: [GC [PSYoungGen: 318360K->24356K(322624K)] 952297K->658389K(1021696K), 0.0643020 secs] [Times: user=0.19 sys=0.00, real=0.06 secs] 
6149.078: [GC [PSYoungGen: 320036K->22268K(322560K)] 954069K->656381K(1021632K), 0.0747210 secs] [Times: user=0.18 sys=0.00, real=0.07 secs] 
6149.512: [GC [PSYoungGen: 317948K->23879K(322880K)] 952061K->658080K(1021952K), 0.0525420 secs] [Times: user=0.17 sys=0.00, real=0.05 secs] 
6149.912: [GC [PSYoungGen: 319943K->25846K(321920K)] 954144K->660143K(1020992K), 0.0825510 secs] [Times: user=0.18 sys=0.00, real=0.08 secs] 
6150.390: [GC [PSYoungGen: 321910K->22346K(322432K)] 956207K->656715K(1021504K), 0.0659850 secs] [Times: user=0.16 sys=0.00, real=0.07 secs] 
6150.865: [GC [PSYoungGen: 317642K->21167K(322368K)] 952011K->655632K(1021440K), 0.0675960 secs] [Times: user=0.16 sys=0.00, real=0.07 secs] 
6151.229: [GC [PSYoungGen: 316463K->22762K(322624K)] 950928K->657307K(1021696K), 0.0848760 secs] [Times: user=0.21 sys=0.01, real=0.08 secs] 
6151.675: [GC [PSYoungGen: 318233K->26854K(322368K)] 952778K->664094K(1021440K), 0.1092190 secs] [Times: user=0.24 sys=0.00, real=0.11 secs] 
6152.094: [GC [PSYoungGen: 322342K->22762K(319552K)] 959582K->660178K(1018624K), 0.0544700 secs] [Times: user=0.17 sys=0.00, real=0.06 secs] 
6152.488: [GC [PSYoungGen: 315178K->20670K(313088K)] 952594K->658182K(1012160K), 0.0742850 secs] [Times: user=0.18 sys=0.00, real=0.07 secs] 
6152.820: [GC [PSYoungGen: 313086K->23952K(321216K)] 950598K->661576K(1020288K), 0.0661740 secs] [Times: user=0.17 sys=0.00, real=0.07 secs] 
6153.264: [GC [PSYoungGen: 316560K->19745K(320896K)] 954184K->657457K(1019968K), 0.0672660 secs] [Times: user=0.15 sys=0.00, real=0.07 secs] 
6153.644: [GC [PSYoungGen: 312353K->28260K(318336K)] 950065K->666073K(1017408K), 0.1084440 secs] [Times: user=0.24 sys=0.01, real=0.11 secs] 
6154.111: [GC [PSYoungGen: 318116K->21121K(319680K)] 955929K->659022K(1018752K), 0.0726180 secs] [Times: user=0.17 sys=0.00, real=0.07 secs] 
6154.536: [GC [PSYoungGen: 310977K->27083K(318336K)] 948878K->665072K(1017408K), 0.0741980 secs] [Times: user=0.19 sys=0.00, real=0.07 secs] 
6154.912: [GC [PSYoungGen: 315787K->24182K(319104K)] 953776K->662267K(1018176K), 0.0744680 secs] [Times: user=0.18 sys=0.00, real=0.08 secs] 
6155.305: [GC [PSYoungGen: 312886K->22518K(320000K)] 950971K->660691K(1019072K), 0.0663920 secs] [Times: user=0.17 sys=0.00, real=0.07 secs] 
6155.698: [GC [PSYoungGen: 312630K->22467K(319616K)] 950803K->660728K(1018688K), 0.0673330 secs] [Times: user=0.16 sys=0.00, real=0.06 secs] 
6156.072: [GC [PSYoungGen: 312579K->23137K(320832K)] 950840K->661486K(1019904K), 0.0697330 secs] [Times: user=0.19 sys=0.01, real=0.07 secs] 
6156.585: [GC [PSYoungGen: 314845K->18514K(320384K)] 953195K->656983K(1019456K), 0.0483570 secs] [Times: user=0.16 sys=0.00, real=0.05 secs] 
6156.965: [GC [PSYoungGen: 310226K->27257K(318592K)] 948695K->665727K(1017664K), 0.0780910 secs] [Times: user=0.20 sys=0.01, real=0.08 secs] 
6157.329: [GC [PSYoungGen: 316857K->23747K(319552K)] 955327K->662296K(1018624K), 0.0673660 secs] [Times: user=0.18 sys=0.01, real=0.06 secs] 
6157.734: [GC [PSYoungGen: 313347K->27896K(318016K)] 951896K->666533K(1017088K), 0.0821310 secs] [Times: user=0.19 sys=0.00, real=0.08 secs] 
6158.208: [GC [PSYoungGen: 316472K->22023K(319040K)] 955109K->660757K(1018112K), 0.0706940 secs] [Times: user=0.16 sys=0.01, real=0.07 secs] 
6158.621: [GC [PSYoungGen: 310599K->27817K(317568K)] 949333K->666678K(1016640K), 0.0817020 secs] [Times: user=0.19 sys=0.00, real=0.08 secs] 
6159.050: [GC [PSYoungGen: 315241K->24023K(318464K)] 954102K->662956K(1017536K), 0.0966790 secs] [Times: user=0.18 sys=0.01, real=0.09 secs] 
6159.499: [GC [PSYoungGen: 311447K->18054K(318272K)] 950380K->657076K(1017344K), 0.0650930 secs] [Times: user=0.16 sys=0.00, real=0.06 secs] 
6159.883: [GC [PSYoungGen: 305990K->17218K(305216K)] 945012K->656303K(1004288K), 0.0616420 secs] [Times: user=0.15 sys=0.01, real=0.06 secs] 
6160.332: [GC [PSYoungGen: 305154K->24760K(318528K)] 944239K->663949K(1017600K), 0.0793110 secs] [Times: user=0.16 sys=0.00, real=0.08 secs] 
6160.738: [GC [PSYoungGen: 312184K->22920K(318400K)] 951373K->662190K(1017472K), 0.0614770 secs] [Times: user=0.17 sys=0.00, real=0.06 secs] 
6161.156: [GC [PSYoungGen: 310344K->26707K(318016K)] 949614K->666064K(1017088K), 0.0797120 secs] [Times: user=0.19 sys=0.00, real=0.08 secs] 
6161.577: [GC [PSYoungGen: 314515K->17824K(305664K)] 953872K->657278K(1004736K), 0.0603470 secs] [Times: user=0.15 sys=0.00, real=0.06 secs] 
6162.016: [GC [PSYoungGen: 305632K->16869K(318016K)] 945086K->656402K(1017088K), 0.0752940 secs] [Times: user=0.17 sys=0.00, real=0.08 secs] 
6162.423: [GC [PSYoungGen: 303781K->24062K(318208K)] 943314K->663675K(1017280K), 0.0958630 secs] [Times: user=0.19 sys=0.00, real=0.10 secs] 
6162.877: [GC [PSYoungGen: 310974K->21255K(319104K)] 950587K->660973K(1018176K), 0.0572760 secs] [Times: user=0.16 sys=0.00, real=0.06 secs] 
6163.339: [GC [PSYoungGen: 309319K->26708K(314816K)] 949037K->666505K(1013888K), 0.0850760 secs] [Times: user=0.19 sys=0.00, real=0.08 secs] 
6163.799: [GC [PSYoungGen: 314772K->21385K(318912K)] 954569K->661270K(1017984K), 0.0659330 secs] [Times: user=0.16 sys=0.00, real=0.06 secs] 
6164.211: [GC [PSYoungGen: 309065K->28462K(316160K)] 948950K->668427K(1015232K), 0.0804520 secs] [Times: user=0.20 sys=0.00, real=0.08 secs] 
6164.668: [GC [PSYoungGen: 316142K->24363K(318016K)] 956107K->664437K(1017088K), 0.1022610 secs] [Times: user=0.19 sys=0.00, real=0.10 secs] 
6165.168: [GC [PSYoungGen: 310443K->23201K(317568K)] 950517K->663354K(1016640K), 0.0858500 secs] [Times: user=0.15 sys=0.00, real=0.08 secs] 
6165.615: [GC [PSYoungGen: 309281K->23757K(319360K)] 949434K->663999K(1018432K), 0.0830550 secs] [Times: user=0.17 sys=0.00, real=0.09 secs] 
6165.983: [GC [PSYoungGen: 312397K->18684K(318784K)] 952639K->659026K(1017856K), 0.0681340 secs] [Times: user=0.18 sys=0.00, real=0.07 secs] 
6166.382: [GC [PSYoungGen: 307324K->18282K(319104K)] 947666K->658696K(1018176K), 0.0611220 secs] [Times: user=0.14 sys=0.00, real=0.06 secs] 
6166.841: [GC [PSYoungGen: 307114K->20185K(319168K)] 947528K->660679K(1018240K), 0.0712800 secs] [Times: user=0.15 sys=0.00, real=0.07 secs] 
6167.266: [GC [PSYoungGen: 309017K->22405K(320256K)] 949511K->662978K(1019328K), 0.0685560 secs] [Times: user=0.16 sys=0.00, real=0.07 secs] 
6167.667: [GC [PSYoungGen: 312773K->23038K(319616K)] 953346K->663692K(1018688K), 0.0675700 secs] [Times: user=0.18 sys=0.01, real=0.07 secs] 
6168.032: [GC [PSYoungGen: 313406K->20039K(320960K)] 954060K->660780K(1020032K), 0.0444140 secs] [Times: user=0.16 sys=0.00, real=0.04 secs] 
6168.419: [GC [PSYoungGen: 312198K->18979K(320704K)] 952939K->659816K(1019776K), 0.0567600 secs] [Times: user=0.16 sys=0.01, real=0.05 secs] 
6168.763: [GC [PSYoungGen: 311139K->25619K(319552K)] 951976K->666528K(1018624K), 0.0747690 secs] [Times: user=0.18 sys=0.00, real=0.07 secs] 
6169.138: [GC [PSYoungGen: 316755K->22584K(320320K)] 957664K->663589K(1019392K), 0.0826380 secs] [Times: user=0.18 sys=0.00, real=0.09 secs] 
6169.623: [GC [PSYoungGen: 313718K->20513K(321216K)] 954723K->661591K(1020288K), 0.0797850 secs] [Times: user=0.16 sys=0.01, real=0.08 secs] 
6169.966: [GC [PSYoungGen: 313057K->16604K(320832K)] 954135K->657777K(1019904K), 0.0575080 secs] [Times: user=0.15 sys=0.00, real=0.06 secs] 
6170.434: [GC [PSYoungGen: 309148K->19579K(321280K)] 950321K->660824K(1020352K), 0.1003910 secs] [Times: user=0.14 sys=0.00, real=0.10 secs] 
6170.960: [GC [PSYoungGen: 312251K->23494K(320896K)] 953496K->664835K(1019968K), 0.1162360 secs] [Times: user=0.18 sys=0.02, real=0.11 secs] 
6171.325: [GC [PSYoungGen: 316166K->22219K(321600K)] 957507K->663657K(1020672K), 0.0622820 secs] [Times: user=0.16 sys=0.00, real=0.06 secs] 
6171.737: [GC [PSYoungGen: 315467K->18876K(321152K)] 956905K->660401K(1020224K), 0.0614260 secs] [Times: user=0.16 sys=0.00, real=0.06 secs] 
6172.138: [GC [PSYoungGen: 312124K->23812K(321216K)] 953649K->665418K(1020288K), 0.0790420 secs] [Times: user=0.17 sys=0.01, real=0.08 secs] 
6172.534: [GC [PSYoungGen: 317252K->18849K(321472K)] 958858K->660534K(1020544K), 0.0633640 secs] [Times: user=0.18 sys=0.00, real=0.06 secs] 
6173.041: [GC [PSYoungGen: 312289K->26476K(319104K)] 953974K->668249K(1018176K), 0.1101200 secs] [Times: user=0.19 sys=0.00, real=0.11 secs] 
6173.456: [GC [PSYoungGen: 317740K->24766K(316032K)] 959513K->666627K(1015104K), 0.0755160 secs] [Times: user=0.17 sys=0.00, real=0.08 secs] 
6173.873: [GC [PSYoungGen: 316030K->21382K(320640K)] 957891K->663315K(1019712K), 0.0654120 secs] [Times: user=0.15 sys=0.01, real=0.06 secs] 
6174.277: [GC [PSYoungGen: 312518K->22037K(320000K)] 954451K->664058K(1019072K), 0.0586160 secs] [Times: user=0.16 sys=0.00, real=0.06 secs] 
6174.663: [GC [PSYoungGen: 313173K->22596K(321728K)] 955194K->664705K(1020800K), 0.0696200 secs] [Times: user=0.17 sys=0.01, real=0.07 secs] 
6175.127: [GC [PSYoungGen: 316100K->23632K(321280K)] 958209K->665814K(1020352K), 0.0993020 secs] [Times: user=0.18 sys=0.00, real=0.10 secs] 
6175.552: [GC [PSYoungGen: 317136K->20783K(321984K)] 959318K->663060K(1021056K), 0.0582850 secs] [Times: user=0.17 sys=0.01, real=0.05 secs] 
6175.983: [GC [PSYoungGen: 314978K->20008K(321728K)] 957255K->662366K(1020800K), 0.0666310 secs] [Times: user=0.17 sys=0.00, real=0.06 secs] 
6176.499: [GC [PSYoungGen: 314212K->27315K(318080K)] 956570K->671267K(1017152K), 0.0676160 secs] [Times: user=0.20 sys=0.00, real=0.07 secs] 
6176.966: [GC [PSYoungGen: 318067K->20032K(320128K)] 962019K->664127K(1019200K), 0.0638720 secs] [Times: user=0.17 sys=0.00, real=0.06 secs] 
6177.406: [GC [PSYoungGen: 310784K->25635K(319232K)] 954879K->669731K(1018304K), 0.0974590 secs] [Times: user=0.18 sys=0.00, real=0.10 secs] 
6177.843: [GC [PSYoungGen: 315747K->27484K(317632K)] 959843K->671660K(1016704K), 0.1006250 secs] [Times: user=0.18 sys=0.00, real=0.10 secs] 
6178.229: [GC [PSYoungGen: 317596K->23310K(319424K)] 961772K->667574K(1018496K), 0.0711900 secs] [Times: user=0.19 sys=0.00, real=0.08 secs] 
6178.642: [GC [PSYoungGen: 311950K->24421K(318720K)] 956214K->668765K(1017792K), 0.0930610 secs] [Times: user=0.18 sys=0.00, real=0.09 secs] 
6179.068: [GC [PSYoungGen: 313061K->19753K(319744K)] 957405K->664184K(1018816K), 0.0830890 secs] [Times: user=0.15 sys=0.00, real=0.09 secs] 
6179.472: [GC [PSYoungGen: 309673K->26656K(316608K)] 954104K->671168K(1015680K), 0.0763190 secs] [Times: user=0.18 sys=0.00, real=0.07 secs] 
6179.839: [GC [PSYoungGen: 316576K->26892K(317760K)] 961088K->671500K(1016832K), 0.0779130 secs] [Times: user=0.18 sys=0.00, real=0.08 secs] 
6180.262: [GC [PSYoungGen: 314188K->22983K(318400K)] 958796K->667686K(1017472K), 0.0713260 secs] [Times: user=0.18 sys=0.00, real=0.07 secs] 
6180.744: [GC [PSYoungGen: 310279K->20511K(319168K)] 954982K->665303K(1018240K), 0.0756170 secs] [Times: user=0.16 sys=0.01, real=0.07 secs] 
6181.139: [GC [PSYoungGen: 309215K->22159K(319040K)] 954007K->667022K(1018112K), 0.0681480 secs] [Times: user=0.16 sys=0.00, real=0.07 secs] 
6181.646: [GC [PSYoungGen: 310863K->24654K(319808K)] 955726K->669613K(1018880K), 0.0705880 secs] [Times: user=0.18 sys=0.00, real=0.07 secs] 
6182.060: [GC [PSYoungGen: 314638K->22189K(319680K)] 959597K->667245K(1018752K), 0.0656290 secs] [Times: user=0.18 sys=0.00, real=0.07 secs] 
6182.590: [GC [PSYoungGen: 312173K->23222K(320832K)] 957229K->668365K(1019904K), 0.0753510 secs] [Times: user=0.18 sys=0.00, real=0.08 secs] 
6183.045: [GC [PSYoungGen: 314806K->18248K(320256K)] 959949K->663487K(1019328K), 0.0615440 secs] [Times: user=0.15 sys=0.01, real=0.06 secs] 
6183.448: [GC [PSYoungGen: 309832K->23830K(320768K)] 955071K->669173K(1019840K), 0.0656240 secs] [Times: user=0.17 sys=0.00, real=0.07 secs] 
6183.915: [GC [PSYoungGen: 315670K->20054K(320576K)] 961013K->665469K(1019648K), 0.0909460 secs] [Times: user=0.16 sys=0.00, real=0.09 secs] 
6184.366: [GC [PSYoungGen: 311894K->24744K(320384K)] 957309K->670239K(1019456K), 0.0946830 secs] [Times: user=0.19 sys=0.00, real=0.09 secs] 
6184.779: [GC [PSYoungGen: 316520K->26978K(318784K)] 962015K->672562K(1017856K), 0.0841900 secs] [Times: user=0.22 sys=0.00, real=0.09 secs] 
6185.222: [GC [PSYoungGen: 318754K->21995K(320192K)] 964338K->667659K(1019264K), 0.0667310 secs] [Times: user=0.17 sys=0.00, real=0.06 secs] 
6185.676: [GC [PSYoungGen: 312363K->26045K(319680K)] 958027K->671805K(1018752K), 0.1197000 secs] [Times: user=0.20 sys=0.00, real=0.12 secs] 
6186.124: [GC [PSYoungGen: 316413K->25600K(319296K)] 962173K->671440K(1018368K), 0.1111010 secs] [Times: user=0.17 sys=0.00, real=0.11 secs] 
6186.586: [GC [PSYoungGen: 315072K->21827K(319488K)] 960912K->667746K(1018560K), 0.0699050 secs] [Times: user=0.16 sys=0.00, real=0.07 secs] 
6186.998: [GC [PSYoungGen: 311299K->20912K(320064K)] 957218K->666911K(1019136K), 0.0701950 secs] [Times: user=0.16 sys=0.00, real=0.07 secs] 
6187.397: [GC [PSYoungGen: 311344K->29283K(319744K)] 957343K->675379K(1018816K), 0.0825100 secs] [Times: user=0.19 sys=0.00, real=0.08 secs] 
6187.799: [GC [PSYoungGen: 319715K->24468K(317952K)] 965811K->670660K(1017024K), 0.0926770 secs] [Times: user=0.18 sys=0.01, real=0.09 secs] 
6188.181: [GC [PSYoungGen: 312655K->24660K(318848K)] 958847K->670923K(1017920K), 0.0703580 secs] [Times: user=0.18 sys=0.00, real=0.07 secs] 
6188.571: [GC [PSYoungGen: 312852K->24162K(319808K)] 959115K->670505K(1018880K), 0.0559400 secs] [Times: user=0.17 sys=0.01, real=0.06 secs] 
6188.996: [GC [PSYoungGen: 313698K->18500K(319232K)] 960041K->664931K(1018304K), 0.0758180 secs] [Times: user=0.14 sys=0.00, real=0.07 secs] 
6189.437: [GC [PSYoungGen: 308036K->25698K(319040K)] 954467K->672226K(1018112K), 0.0944830 secs] [Times: user=0.19 sys=0.01, real=0.09 secs] 
6189.911: [GC [PSYoungGen: 314658K->19544K(319232K)] 961186K->666151K(1018304K), 0.0679740 secs] [Times: user=0.16 sys=0.01, real=0.07 secs] 
6190.305: [GC [PSYoungGen: 308504K->24981K(319296K)] 955111K->671676K(1018368K), 0.0534200 secs] [Times: user=0.18 sys=0.00, real=0.05 secs] 
6190.752: [GC [PSYoungGen: 314005K->23818K(319232K)] 960700K->670601K(1018304K), 0.0659580 secs] [Times: user=0.17 sys=0.00, real=0.07 secs] 
6191.158: [GC [PSYoungGen: 312842K->26074K(319040K)] 959625K->672938K(1018112K), 0.0736460 secs] [Times: user=0.18 sys=0.00, real=0.07 secs] 
6191.556: [GC [PSYoungGen: 315418K->20710K(319424K)] 962282K->667670K(1018496K), 0.0731350 secs] [Times: user=0.19 sys=0.00, real=0.07 secs] 
6192.031: [GC [PSYoungGen: 310054K->22838K(320128K)] 957014K->669877K(1019200K), 0.1167760 secs] [Times: user=0.16 sys=0.00, real=0.12 secs] 
6192.502: [GC [PSYoungGen: 312987K->23572K(319552K)] 960027K->670707K(1018624K), 0.0833250 secs] [Times: user=0.18 sys=0.00, real=0.09 secs] 
6192.949: [GC [PSYoungGen: 313748K->21638K(320896K)] 960883K->668861K(1019968K), 0.0658160 secs] [Times: user=0.16 sys=0.01, real=0.07 secs] 
6193.393: [GC [PSYoungGen: 313670K->20202K(320640K)] 960893K->667514K(1019712K), 0.0987710 secs] [Times: user=0.16 sys=0.00, real=0.09 secs] 
6193.881: [GC [PSYoungGen: 312234K->22557K(321408K)] 959546K->669940K(1020480K), 0.0675090 secs] [Times: user=0.18 sys=0.00, real=0.07 secs] 
6194.335: [GC [PSYoungGen: 315357K->22603K(320896K)] 962740K->670075K(1019968K), 0.0719430 secs] [Times: user=0.18 sys=0.00, real=0.07 secs] 
6194.710: [GC [PSYoungGen: 315403K->22539K(322304K)] 962875K->670114K(1021376K), 0.0687470 secs] [Times: user=0.17 sys=0.01, real=0.07 secs] 
6195.147: [GC [PSYoungGen: 317259K->22548K(321920K)] 964834K->670187K(1020992K), 0.0789940 secs] [Times: user=0.16 sys=0.00, real=0.08 secs] 
6195.556: [GC [PSYoungGen: 317268K->24338K(322432K)] 964907K->672074K(1021504K), 0.0745210 secs] [Times: user=0.17 sys=0.01, real=0.07 secs] 
6196.008: [GC [PSYoungGen: 319954K->24008K(322560K)] 967689K->671815K(1021632K), 0.0757400 secs] [Times: user=0.18 sys=0.00, real=0.08 secs] 
6196.380: [GC [PSYoungGen: 319624K->21839K(322752K)] 967431K->669735K(1021824K), 0.0906160 secs] [Times: user=0.18 sys=0.00, real=0.09 secs] 
6196.769: [GC [PSYoungGen: 317647K->24404K(322560K)] 965543K->672380K(1021632K), 0.0792400 secs] [Times: user=0.19 sys=0.01, real=0.08 secs] 
6197.253: [GC [PSYoungGen: 320212K->24916K(321920K)] 968188K->672980K(1020992K), 0.0683820 secs] [Times: user=0.17 sys=0.00, real=0.07 secs] 
6197.733: [GC [PSYoungGen: 319892K->22076K(322240K)] 967956K->670220K(1021312K), 0.0904080 secs] [Times: user=0.17 sys=0.00, real=0.10 secs] 
6198.159: [GC [PSYoungGen: 317052K->20674K(322432K)] 965196K->668914K(1021504K), 0.0852960 secs] [Times: user=0.19 sys=0.00, real=0.09 secs] 
6198.566: [GC [PSYoungGen: 316034K->20808K(322432K)] 964274K->669135K(1021504K), 0.0687610 secs] [Times: user=0.16 sys=0.00, real=0.07 secs] 
6198.968: [GC [PSYoungGen: 316168K->23404K(322624K)] 964495K->671811K(1021696K), 0.0866400 secs] [Times: user=0.20 sys=0.01, real=0.09 secs] 
6199.412: [GC [PSYoungGen: 319020K->24040K(322496K)] 967427K->672544K(1021568K), 0.1067130 secs] [Times: user=0.17 sys=0.00, real=0.11 secs] 
6199.872: [GC [PSYoungGen: 319656K->22671K(322944K)] 968160K->671262K(1022016K), 0.0995360 secs] [Times: user=0.20 sys=0.00, real=0.10 secs] 
6200.310: [GC [PSYoungGen: 318671K->23624K(322560K)] 967262K->672311K(1021632K), 0.0729590 secs] [Times: user=0.20 sys=0.00, real=0.07 secs] 
6200.751: [GC [PSYoungGen: 319624K->25380K(321984K)] 968311K->674140K(1021056K), 0.0802720 secs] [Times: user=0.18 sys=0.00, real=0.08 secs] 
6201.194: [GC [PSYoungGen: 320868K->24949K(320448K)] 969628K->673788K(1019520K), 0.0898400 secs] [Times: user=0.18 sys=0.00, real=0.09 secs] 
6201.637: [GC [PSYoungGen: 320437K->23235K(322560K)] 969276K->672170K(1021632K), 0.0691280 secs] [Times: user=0.17 sys=0.01, real=0.07 secs] 
6202.036: [GC [PSYoungGen: 318467K->20585K(322176K)] 967402K->669608K(1021248K), 0.0821790 secs] [Times: user=0.17 sys=0.00, real=0.08 secs] 
6202.398: [GC [PSYoungGen: 315817K->23104K(322816K)] 964840K->672215K(1021888K), 0.0761250 secs] [Times: user=0.17 sys=0.00, real=0.08 secs] 
6202.765: [GC [PSYoungGen: 318848K->22900K(322432K)] 967959K->672099K(1021504K), 0.0612310 secs] [Times: user=0.17 sys=0.00, real=0.06 secs] 
6203.149: [GC [PSYoungGen: 318644K->21827K(323264K)] 967843K->671114K(1022336K), 0.0721650 secs] [Times: user=0.17 sys=0.00, real=0.07 secs] 
6203.583: [GC [PSYoungGen: 318723K->25353K(322304K)] 968010K->674728K(1021376K), 0.0830620 secs] [Times: user=0.18 sys=0.00, real=0.09 secs] 
6204.145: [GC [PSYoungGen: 322249K->21911K(322880K)] 971624K->671391K(1021952K), 0.1242110 secs] [Times: user=0.21 sys=0.00, real=0.12 secs] 
6204.608: [GC [PSYoungGen: 317975K->19842K(322688K)] 967455K->669401K(1021760K), 0.0579700 secs] [Times: user=0.16 sys=0.00, real=0.06 secs] 
6205.067: [GC [PSYoungGen: 315906K->22171K(323008K)] 965465K->671819K(1022080K), 0.0689570 secs] [Times: user=0.17 sys=0.00, real=0.07 secs] 
6205.492: [GC [PSYoungGen: 318363K->24621K(320832K)] 968011K->674365K(1019904K), 0.0740680 secs] [Times: user=0.19 sys=0.00, real=0.08 secs] 
6205.969: [GC [PSYoungGen: 320813K->24030K(322624K)] 970557K->673853K(1021696K), 0.0705480 secs] [Times: user=0.18 sys=0.00, real=0.07 secs] 
6206.416: [GC [PSYoungGen: 319774K->22160K(322624K)] 969597K->672064K(1021696K), 0.0687140 secs] [Times: user=0.18 sys=0.00, real=0.07 secs] 
6206.898: [GC [PSYoungGen: 317904K->23624K(322944K)] 967808K->673615K(1022016K), 0.0671270 secs] [Times: user=0.18 sys=0.00, real=0.07 secs] 
6207.309: [GC [PSYoungGen: 319944K->22425K(322880K)] 969935K->672504K(1021952K), 0.0543710 secs] [Times: user=0.18 sys=0.00, real=0.05 secs] 
6207.754: [GC [PSYoungGen: 318745K->26289K(319104K)] 968824K->679454K(1018176K), 0.0890870 secs] [Times: user=0.20 sys=0.00, real=0.09 secs] 
6208.124: [GC [PSYoungGen: 319089K->24647K(321152K)] 972254K->677963K(1020224K), 0.0782640 secs] [Times: user=0.20 sys=0.01, real=0.08 secs] 
6208.613: [GC [PSYoungGen: 317447K->21222K(321280K)] 970763K->674635K(1020352K), 0.1042810 secs] [Times: user=0.18 sys=0.00, real=0.11 secs] 
6209.009: [GC [PSYoungGen: 314214K->23561K(321216K)] 967627K->677053K(1020288K), 0.0646570 secs] [Times: user=0.17 sys=0.01, real=0.06 secs] 
6209.497: [GC [PSYoungGen: 316553K->27766K(319040K)] 970045K->681680K(1018112K), 0.0924200 secs] [Times: user=0.21 sys=0.01, real=0.09 secs] 
6209.976: [GC [PSYoungGen: 319030K->22315K(320384K)] 972944K->676404K(1019456K), 0.0851500 secs] [Times: user=0.18 sys=0.01, real=0.08 secs] 
6210.363: [GC [PSYoungGen: 313579K->20406K(320512K)] 967668K->674583K(1019584K), 0.0725480 secs] [Times: user=0.16 sys=0.00, real=0.08 secs] 
6210.797: [GC [PSYoungGen: 312054K->24669K(320576K)] 966231K->678927K(1019648K), 0.0939310 secs] [Times: user=0.21 sys=0.01, real=0.09 secs] 
6211.167: [GC [PSYoungGen: 316314K->20736K(320704K)] 970571K->675066K(1019776K), 0.0798490 secs] [Times: user=0.15 sys=0.00, real=0.08 secs] 
6211.577: [GC [PSYoungGen: 312576K->20549K(320640K)] 966906K->674975K(1019712K), 0.0724850 secs] [Times: user=0.19 sys=0.00, real=0.07 secs] 
6211.948: [GC [PSYoungGen: 312389K->18385K(320384K)] 966815K->672923K(1019456K), 0.0599320 secs] [Times: user=0.15 sys=0.00, real=0.06 secs] 
6212.304: [GC [PSYoungGen: 310033K->22243K(320576K)] 964571K->676884K(1019648K), 0.0733850 secs] [Times: user=0.19 sys=0.00, real=0.08 secs] 
6212.827: [GC [PSYoungGen: 313891K->24651K(320768K)] 968532K->679372K(1019840K), 0.0899420 secs] [Times: user=0.19 sys=0.00, real=0.09 secs] 
6213.281: [GC [PSYoungGen: 317067K->21721K(320960K)] 971788K->676531K(1020032K), 0.0716950 secs] [Times: user=0.17 sys=0.00, real=0.07 secs] 
6213.690: [GC [PSYoungGen: 314137K->26018K(319936K)] 968947K->680915K(1019008K), 0.0799560 secs] [Times: user=0.18 sys=0.00, real=0.08 secs] 
6214.143: [GC [PSYoungGen: 317794K->19436K(320640K)] 972691K->674462K(1019712K), 0.0755490 secs] [Times: user=0.19 sys=0.00, real=0.08 secs] 
6214.601: [GC [PSYoungGen: 311212K->18494K(320512K)] 966238K->673591K(1019584K), 0.0591070 secs] [Times: user=0.14 sys=0.00, real=0.06 secs] 
6215.025: [GC [PSYoungGen: 310142K->22225K(320576K)] 965239K->677322K(1019648K), 0.0759160 secs] [Times: user=0.20 sys=0.00, real=0.08 secs] 
6215.506: [GC [PSYoungGen: 313873K->21644K(321728K)] 968970K->676741K(1020800K), 0.1178330 secs] [Times: user=0.15 sys=0.01, real=0.12 secs] 
6215.983: [GC [PSYoungGen: 315084K->18774K(321216K)] 970181K->673951K(1020288K), 0.0901720 secs] [Times: user=0.15 sys=0.00, real=0.09 secs] 
6216.429: [GC [PSYoungGen: 312214K->27142K(318912K)] 967391K->682415K(1017984K), 0.0771250 secs] [Times: user=0.17 sys=0.00, real=0.08 secs] 
6216.829: [GC [PSYoungGen: 318278K->21674K(320320K)] 973551K->677036K(1019392K), 0.0716840 secs] [Times: user=0.17 sys=0.00, real=0.07 secs] 
6217.321: [GC [PSYoungGen: 312810K->21333K(321408K)] 968172K->676783K(1020480K), 0.0632290 secs] [Times: user=0.18 sys=0.00, real=0.06 secs] 
6217.781: [GC [PSYoungGen: 314133K->23048K(320896K)] 969583K->678594K(1019968K), 0.0768310 secs] [Times: user=0.17 sys=0.01, real=0.08 secs] 
6218.212: [GC [PSYoungGen: 315832K->24319K(321280K)] 971378K->679945K(1020352K), 0.0790500 secs] [Times: user=0.18 sys=0.00, real=0.08 secs] 
6218.705: [GC [PSYoungGen: 317759K->28017K(321472K)] 973385K->684792K(1020544K), 0.0650380 secs] [Times: user=0.19 sys=0.00, real=0.07 secs] 
6219.098: [GC [PSYoungGen: 321457K->23504K(318656K)] 978232K->680423K(1017728K), 0.0744910 secs] [Times: user=0.18 sys=0.00, real=0.07 secs] 
6219.424: [GC [PSYoungGen: 314128K->23448K(320064K)] 971047K->680367K(1019136K), 0.0485830 secs] [Times: user=0.17 sys=0.00, real=0.05 secs] 
6219.818: [GC [PSYoungGen: 314072K->20149K(320640K)] 970991K->677172K(1019712K), 0.0780870 secs] [Times: user=0.17 sys=0.01, real=0.07 secs] 
6220.235: [GC [PSYoungGen: 311861K->23386K(320576K)] 968884K->680489K(1019648K), 0.0692400 secs] [Times: user=0.17 sys=0.00, real=0.07 secs] 
6220.668: [GC [PSYoungGen: 315098K->22081K(321472K)] 972201K->679272K(1020544K), 0.0611510 secs] [Times: user=0.16 sys=0.00, real=0.06 secs] 
6221.073: [GC [PSYoungGen: 315073K->23819K(321024K)] 972264K->681106K(1020096K), 0.0654480 secs] [Times: user=0.18 sys=0.01, real=0.07 secs] 
6221.436: [GC [PSYoungGen: 316811K->22613K(322048K)] 974098K->679971K(1021120K), 0.0845080 secs] [Times: user=0.19 sys=0.00, real=0.09 secs] 
6221.882: [GC [PSYoungGen: 316757K->22461K(321600K)] 974115K->679916K(1020672K), 0.0666990 secs] [Times: user=0.17 sys=0.00, real=0.07 secs] 
6222.263: [GC [PSYoungGen: 316605K->21830K(322688K)] 974060K->679381K(1021760K), 0.0657330 secs] [Times: user=0.16 sys=0.00, real=0.07 secs] 
6222.630: [GC [PSYoungGen: 317446K->20685K(322432K)] 974997K->678324K(1021504K), 0.0687160 secs] [Times: user=0.16 sys=0.00, real=0.07 secs] 
6222.979: [GC [PSYoungGen: 316301K->25017K(321792K)] 973940K->682744K(1020864K), 0.1064230 secs] [Times: user=0.18 sys=0.01, real=0.10 secs] 
6223.394: [GC [PSYoungGen: 319993K->16626K(311616K)] 977720K->674449K(1010688K), 0.0834850 secs] [Times: user=0.16 sys=0.00, real=0.09 secs] 
6223.947: [GC [PSYoungGen: 311602K->24307K(321216K)] 969425K->682210K(1020288K), 0.0755360 secs] [Times: user=0.18 sys=0.00, real=0.07 secs] 
6224.358: [GC [PSYoungGen: 317619K->18330K(311680K)] 975522K->676321K(1010752K), 0.0881880 secs] [Times: user=0.15 sys=0.01, real=0.08 secs] 
6224.813: [GC [PSYoungGen: 311642K->28195K(317952K)] 969633K->686336K(1017024K), 0.0817750 secs] [Times: user=0.18 sys=0.01, real=0.08 secs] 
6225.207: [GC [PSYoungGen: 317923K->25131K(314880K)] 976064K->683352K(1013952K), 0.0715330 secs] [Times: user=0.17 sys=0.01, real=0.07 secs] 
6225.592: [GC [PSYoungGen: 314859K->23890K(319744K)] 973080K->682198K(1018816K), 0.0744490 secs] [Times: user=0.17 sys=0.00, real=0.07 secs] 
6226.095: [GC [PSYoungGen: 313554K->24157K(319424K)] 971862K->682553K(1018496K), 0.0665230 secs] [Times: user=0.19 sys=0.00, real=0.07 secs] 
6226.431: [GC [PSYoungGen: 313821K->28510K(317184K)] 972217K->686995K(1016256K), 0.0804600 secs] [Times: user=0.19 sys=0.00, real=0.08 secs] 
6226.884: [GC [PSYoungGen: 316190K->23831K(318592K)] 974675K->682404K(1017664K), 0.0497010 secs] [Times: user=0.17 sys=0.00, real=0.05 secs] 
6227.291: [GC [PSYoungGen: 311511K->27673K(317568K)] 970084K->686325K(1016640K), 0.0581690 secs] [Times: user=0.19 sys=0.00, real=0.06 secs] 
6227.695: [GC [PSYoungGen: 314969K->23398K(318400K)] 973621K->682146K(1017472K), 0.0713350 secs] [Times: user=0.18 sys=0.01, real=0.07 secs] 
6228.120: [GC [PSYoungGen: 310694K->24021K(319616K)] 969442K->682850K(1018688K), 0.0923880 secs] [Times: user=0.17 sys=0.00, real=0.09 secs] 
6228.567: [GC [PSYoungGen: 313163K->22620K(319040K)] 971992K->681536K(1018112K), 0.0660540 secs] [Times: user=0.19 sys=0.00, real=0.07 secs] 
6229.021: [GC [PSYoungGen: 311772K->20595K(320000K)] 970688K->679591K(1019072K), 0.0624870 secs] [Times: user=0.17 sys=0.01, real=0.06 secs] 
6229.440: [GC [PSYoungGen: 311091K->22223K(320000K)] 970087K->681291K(1019072K), 0.0760490 secs] [Times: user=0.17 sys=0.00, real=0.07 secs] 
6229.809: [GC [PSYoungGen: 312719K->21549K(320640K)] 971787K->680721K(1019712K), 0.0633530 secs] [Times: user=0.15 sys=0.01, real=0.06 secs] 
6230.317: [GC [PSYoungGen: 313069K->23899K(320384K)] 972241K->683159K(1019456K), 0.0785930 secs] [Times: user=0.17 sys=0.00, real=0.08 secs] 
6230.718: [GC [PSYoungGen: 315419K->20889K(321088K)] 974679K->680246K(1020160K), 0.0791230 secs] [Times: user=0.16 sys=0.01, real=0.07 secs] 
6231.261: [GC [PSYoungGen: 313433K->21409K(320960K)] 972790K->680830K(1020032K), 0.0915160 secs] [Times: user=0.17 sys=0.00, real=0.09 secs] 
6231.737: [GC [PSYoungGen: 313953K->18898K(320960K)] 973374K->678414K(1020032K), 0.0718370 secs] [Times: user=0.16 sys=0.00, real=0.08 secs] 
6232.187: [GC [PSYoungGen: 311698K->22623K(321152K)] 971214K->682219K(1020224K), 0.1102290 secs] [Times: user=0.19 sys=0.00, real=0.11 secs] 
6232.672: [GC [PSYoungGen: 315423K->24550K(321216K)] 975019K->684227K(1020288K), 0.0730180 secs] [Times: user=0.16 sys=0.01, real=0.07 secs] 
6233.128: [GC [PSYoungGen: 317990K->20435K(321472K)] 977667K->680200K(1020544K), 0.0498720 secs] [Times: user=0.16 sys=0.00, real=0.05 secs] 
6233.492: [GC [PSYoungGen: 313875K->22794K(322048K)] 973640K->682646K(1021120K), 0.0715130 secs] [Times: user=0.17 sys=0.00, real=0.07 secs] 
6234.014: [GC [PSYoungGen: 316938K->25253K(319424K)] 976790K->685201K(1018496K), 0.1202680 secs] [Times: user=0.18 sys=0.00, real=0.12 secs] 
6234.484: [GC [PSYoungGen: 319397K->21579K(321792K)] 979345K->681607K(1020864K), 0.0667850 secs] [Times: user=0.17 sys=0.01, real=0.07 secs] 
6234.917: [GC [PSYoungGen: 315403K->24946K(318784K)] 975431K->685071K(1017856K), 0.0719760 secs] [Times: user=0.19 sys=0.00, real=0.08 secs] 
6235.354: [GC [PSYoungGen: 318770K->17286K(320576K)] 978895K->677498K(1019648K), 0.0509820 secs] [Times: user=0.15 sys=0.00, real=0.05 secs] 
6235.748: [GC [PSYoungGen: 309830K->22926K(321024K)] 970042K->683226K(1020096K), 0.0914020 secs] [Times: user=0.18 sys=0.00, real=0.10 secs] 
6236.134: [GC [PSYoungGen: 315470K->23931K(321408K)] 975770K->684311K(1020480K), 0.0927180 secs] [Times: user=0.17 sys=0.00, real=0.09 secs] 
6236.614: [GC [PSYoungGen: 317243K->18520K(311872K)] 977623K->678981K(1010944K), 0.0684730 secs] [Times: user=0.15 sys=0.00, real=0.07 secs] 
6237.033: [GC [PSYoungGen: 311832K->22763K(321664K)] 972293K->683312K(1020736K), 0.0698030 secs] [Times: user=0.17 sys=0.00, real=0.07 secs] 
6237.426: [GC [PSYoungGen: 316203K->25179K(318656K)] 976752K->685807K(1017728K), 0.0964660 secs] [Times: user=0.19 sys=0.00, real=0.10 secs] 
6237.855: [GC [PSYoungGen: 318619K->23025K(321536K)] 979247K->683757K(1020608K), 0.0819350 secs] [Times: user=0.17 sys=0.00, real=0.08 secs] 
6238.225: [GC [PSYoungGen: 316209K->21957K(321152K)] 976941K->682786K(1020224K), 0.0639080 secs] [Times: user=0.17 sys=0.00, real=0.07 secs] 
6238.695: [GC [PSYoungGen: 315141K->21303K(322240K)] 975970K->682211K(1021312K), 0.0968930 secs] [Times: user=0.19 sys=0.01, real=0.10 secs] 
6239.081: [GC [PSYoungGen: 315959K->22153K(321920K)] 976867K->683149K(1020992K), 0.0713130 secs] [Times: user=0.17 sys=0.00, real=0.07 secs] 
6239.515: [GC [PSYoungGen: 316809K->23621K(322688K)] 977805K->684713K(1021760K), 0.0572740 secs] [Times: user=0.17 sys=0.00, real=0.06 secs] 
6239.944: [GC [PSYoungGen: 319493K->20724K(322688K)] 980585K->681896K(1021760K), 0.0706850 secs] [Times: user=0.17 sys=0.00, real=0.07 secs] 
6240.311: [GC [PSYoungGen: 316596K->19624K(322816K)] 977768K->680884K(1021888K), 0.0655220 secs] [Times: user=0.15 sys=0.00, real=0.06 secs] 
6240.734: [GC [PSYoungGen: 315752K->25855K(321984K)] 977012K->687204K(1021056K), 0.0707670 secs] [Times: user=0.20 sys=0.00, real=0.07 secs] 
6241.102: [GC [PSYoungGen: 321983K->20357K(321984K)] 983332K->681801K(1021056K), 0.0730470 secs] [Times: user=0.16 sys=0.00, real=0.07 secs] 
6241.511: [GC [PSYoungGen: 314821K->22452K(321984K)] 976265K->684000K(1021056K), 0.0945770 secs] [Times: user=0.17 sys=0.00, real=0.09 secs] 
6242.011: [GC [PSYoungGen: 316916K->19379K(322432K)] 978464K->681023K(1021504K), 0.1345060 secs] [Times: user=0.17 sys=0.00, real=0.13 secs] 
6242.479: [GC [PSYoungGen: 314739K->22337K(322432K)] 976383K->684061K(1021504K), 0.0639980 secs] [Times: user=0.16 sys=0.00, real=0.07 secs] 
6242.858: [GC [PSYoungGen: 317697K->26685K(320000K)] 979421K->688739K(1019072K), 0.0737610 secs] [Times: user=0.20 sys=0.01, real=0.08 secs] 
6243.279: [GC [PSYoungGen: 319997K->20841K(321408K)] 982051K->683047K(1020480K), 0.1033020 secs] [Times: user=0.16 sys=0.00, real=0.11 secs] 
6243.707: [GC [PSYoungGen: 314153K->21148K(322048K)] 976359K->683451K(1021120K), 0.0793720 secs] [Times: user=0.17 sys=0.00, real=0.08 secs] 
6244.188: [GC [PSYoungGen: 315356K->17771K(321664K)] 977659K->680153K(1020736K), 0.0946210 secs] [Times: user=0.16 sys=0.00, real=0.10 secs] 
6244.631: [GC [PSYoungGen: 311979K->25435K(320256K)] 974361K->687905K(1019328K), 0.0779610 secs] [Times: user=0.17 sys=0.01, real=0.07 secs] 
6245.084: [GC [PSYoungGen: 317979K->23916K(321024K)] 980449K->686482K(1020096K), 0.0755740 secs] [Times: user=0.18 sys=0.00, real=0.07 secs] 
6245.549: [GC [PSYoungGen: 316460K->20147K(321280K)] 979026K->682801K(1020352K), 0.0676550 secs] [Times: user=0.17 sys=0.00, real=0.07 secs] 
6245.896: [GC [PSYoungGen: 312947K->18706K(321024K)] 975601K->681440K(1020096K), 0.0483390 secs] [Times: user=0.16 sys=0.00, real=0.05 secs] 
6246.282: [GC [PSYoungGen: 311506K->21471K(321856K)] 974240K->684205K(1020928K), 0.0738090 secs] [Times: user=0.18 sys=0.00, real=0.07 secs] 
6246.679: [GC [PSYoungGen: 315103K->24702K(321280K)] 977837K->687524K(1020352K), 0.0696730 secs] [Times: user=0.17 sys=0.01, real=0.07 secs] 
6247.091: [GC [PSYoungGen: 318334K->16778K(320832K)] 981156K->679680K(1019904K), 0.0550370 secs] [Times: user=0.15 sys=0.00, real=0.05 secs] 
6247.469: [GC [PSYoungGen: 309450K->23317K(321088K)] 972352K->686315K(1020160K), 0.0839760 secs] [Times: user=0.18 sys=0.00, real=0.09 secs] 
6247.850: [GC [PSYoungGen: 315989K->25288K(319808K)] 978987K->688374K(1018880K), 0.0533230 secs] [Times: user=0.17 sys=0.00, real=0.06 secs] 
6248.293: [GC [PSYoungGen: 316680K->17241K(308672K)] 979766K->680424K(1007744K), 0.0617240 secs] [Times: user=0.14 sys=0.00, real=0.06 secs] 
6248.714: [GC [PSYoungGen: 308633K->23140K(320512K)] 971816K->686411K(1019584K), 0.0788880 secs] [Times: user=0.17 sys=0.00, real=0.08 secs] 
6249.142: [GC [PSYoungGen: 314468K->28985K(320320K)] 977739K->693653K(1019392K), 0.0739440 secs] [Times: user=0.19 sys=0.00, real=0.07 secs] 
6249.577: [GC [PSYoungGen: 320313K->23069K(317120K)] 984981K->687904K(1016192K), 0.1025670 secs] [Times: user=0.18 sys=0.00, real=0.10 secs] 
6249.946: [GC [PSYoungGen: 311005K->19776K(318720K)] 975840K->684700K(1017792K), 0.0577100 secs] [Times: user=0.15 sys=0.01, real=0.06 secs] 
6250.362: [GC [PSYoungGen: 307712K->17818K(319104K)] 972636K->682814K(1018176K), 0.0524720 secs] [Times: user=0.14 sys=0.00, real=0.05 secs] 
6250.723: [GC [PSYoungGen: 306458K->25155K(313856K)] 971454K->690150K(1012928K), 0.0839400 secs] [Times: user=0.18 sys=0.01, real=0.08 secs] 
6251.128: [GC [PSYoungGen: 313795K->20150K(319232K)] 978790K->685233K(1018304K), 0.0726270 secs] [Times: user=0.18 sys=0.00, real=0.07 secs] 
6251.536: [GC [PSYoungGen: 308598K->17522K(318720K)] 973681K->682702K(1017792K), 0.0536410 secs] [Times: user=0.14 sys=0.00, real=0.05 secs] 
6251.914: [GC [PSYoungGen: 305970K->24457K(318912K)] 971150K->689733K(1017984K), 0.0812640 secs] [Times: user=0.20 sys=0.00, real=0.08 secs] 
6252.402: [GC [PSYoungGen: 313161K->19752K(319104K)] 978437K->685092K(1018176K), 0.0776490 secs] [Times: user=0.17 sys=0.00, real=0.07 secs] 
6252.776: [GC [PSYoungGen: 308456K->16952K(319616K)] 973796K->682371K(1018688K), 0.0937420 secs] [Times: user=0.15 sys=0.00, real=0.09 secs] 
6253.233: [GC [PSYoungGen: 306616K->20919K(319552K)] 972035K->686426K(1018624K), 0.0793600 secs] [Times: user=0.16 sys=0.00, real=0.08 secs] 
6253.680: [GC [PSYoungGen: 310583K->21667K(321024K)] 976090K->687247K(1020096K), 0.0786470 secs] [Times: user=0.18 sys=0.01, real=0.08 secs] 
6254.051: [GC [PSYoungGen: 313634K->23248K(320448K)] 979213K->688907K(1019520K), 0.1009980 secs] [Times: user=0.21 sys=0.00, real=0.11 secs] 
6254.517: [GC [PSYoungGen: 315216K->26590K(318592K)] 980875K->692338K(1017664K), 0.0819040 secs] [Times: user=0.20 sys=0.00, real=0.08 secs] 
6254.953: [GC [PSYoungGen: 316702K->23228K(319808K)] 982450K->689071K(1018880K), 0.0823190 secs] [Times: user=0.19 sys=0.00, real=0.08 secs] 
6255.425: [GC [PSYoungGen: 313340K->25427K(319040K)] 979183K->691358K(1018112K), 0.0821460 secs] [Times: user=0.18 sys=0.00, real=0.08 secs] 
6255.901: [GC [PSYoungGen: 315027K->23005K(319552K)] 980958K->689025K(1018624K), 0.0659380 secs] [Times: user=0.17 sys=0.00, real=0.07 secs] 
6256.280: [GC [PSYoungGen: 312605K->23898K(320256K)] 978625K->690006K(1019328K), 0.0635220 secs] [Times: user=0.17 sys=0.00, real=0.07 secs] 
6256.707: [GC [PSYoungGen: 314714K->17709K(320064K)] 980822K->683904K(1019136K), 0.0872880 secs] [Times: user=0.16 sys=0.00, real=0.09 secs] 
6257.288: [GC [PSYoungGen: 308525K->19340K(320320K)] 974720K->685616K(1019392K), 0.0909460 secs] [Times: user=0.19 sys=0.01, real=0.09 secs] 
6257.683: [GC [PSYoungGen: 310220K->23675K(320064K)] 976496K->690039K(1019136K), 0.0563370 secs] [Times: user=0.17 sys=0.00, real=0.05 secs] 
6258.109: [GC [PSYoungGen: 314555K->22808K(320768K)] 980919K->689291K(1019840K), 0.0714380 secs] [Times: user=0.16 sys=0.00, real=0.07 secs] 
6258.528: [GC [PSYoungGen: 314456K->22612K(320384K)] 980939K->689168K(1019456K), 0.0557360 secs] [Times: user=0.17 sys=0.00, real=0.06 secs] 
6258.966: [GC [PSYoungGen: 314260K->25254K(320128K)] 980816K->691898K(1019200K), 0.0955190 secs] [Times: user=0.17 sys=0.00, real=0.09 secs] 
6259.476: [GC [PSYoungGen: 317140K->20756K(320704K)] 983784K->687487K(1019776K), 0.0657730 secs] [Times: user=0.16 sys=0.01, real=0.06 secs] 
6259.867: [GC [PSYoungGen: 312660K->20185K(321344K)] 979391K->686996K(1020416K), 0.0715600 secs] [Times: user=0.20 sys=0.00, real=0.07 secs] 
6260.365: [GC [PSYoungGen: 313113K->21244K(321088K)] 979924K->688127K(1020160K), 0.0765940 secs] [Times: user=0.17 sys=0.00, real=0.07 secs] 
6260.805: [GC [PSYoungGen: 314172K->22973K(321984K)] 981055K->689945K(1021056K), 0.0751570 secs] [Times: user=0.18 sys=0.00, real=0.07 secs] 
6261.213: [GC [PSYoungGen: 317245K->23819K(321792K)] 984217K->690879K(1020864K), 0.0644920 secs] [Times: user=0.17 sys=0.00, real=0.07 secs] 
6261.607: [GC [PSYoungGen: 318091K->25069K(320896K)] 985151K->692217K(1019968K), 0.1043860 secs] [Times: user=0.18 sys=0.00, real=0.10 secs] 
6262.092: [GC [PSYoungGen: 318381K->17722K(311040K)] 985529K->684950K(1010112K), 0.0629710 secs] [Times: user=0.14 sys=0.00, real=0.07 secs] 
6262.489: [GC [PSYoungGen: 311034K->24351K(320704K)] 978262K->691667K(1019776K), 0.0657670 secs] [Times: user=0.17 sys=0.00, real=0.07 secs] 
6262.853: [GC [PSYoungGen: 316639K->21531K(320896K)] 983955K->688943K(1019968K), 0.0999270 secs] [Times: user=0.17 sys=0.00, real=0.10 secs] 
6263.365: [GC [PSYoungGen: 313819K->19531K(321536K)] 981231K->687030K(1020608K), 0.0664240 secs] [Times: user=0.17 sys=0.00, real=0.06 secs] 
6263.855: [GC [PSYoungGen: 312969K->24280K(317760K)] 980469K->691859K(1016832K), 0.0718590 secs] [Times: user=0.18 sys=0.00, real=0.07 secs] 
6264.278: [GC [PSYoungGen: 317720K->17958K(321024K)] 985299K->685610K(1020096K), 0.0774620 secs] [Times: user=0.14 sys=0.00, real=0.08 secs] 
6264.754: [GC [PSYoungGen: 310758K->23879K(316736K)] 978410K->691618K(1015808K), 0.0784000 secs] [Times: user=0.19 sys=0.00, real=0.07 secs] 
6265.238: [GC [PSYoungGen: 316679K->24960K(320128K)] 984418K->692780K(1019200K), 0.0665690 secs] [Times: user=0.18 sys=0.00, real=0.07 secs] 
6265.601: [GC [PSYoungGen: 316608K->27089K(318784K)] 984428K->694997K(1017856K), 0.0905890 secs] [Times: user=0.21 sys=0.00, real=0.09 secs] 
6266.066: [GC [PSYoungGen: 318737K->20753K(319808K)] 986645K->688748K(1018880K), 0.0881900 secs] [Times: user=0.17 sys=0.01, real=0.09 secs] 
6266.454: [GC [PSYoungGen: 310481K->24720K(319424K)] 978476K->692820K(1018496K), 0.0923300 secs] [Times: user=0.17 sys=0.00, real=0.09 secs] 
6266.890: [GC [PSYoungGen: 314448K->24680K(319744K)] 982548K->692868K(1018816K), 0.0918850 secs] [Times: user=0.21 sys=0.00, real=0.09 secs] 
6267.380: [GC [PSYoungGen: 314664K->23876K(319744K)] 982852K->692151K(1018816K), 0.0876850 secs] [Times: user=0.20 sys=0.00, real=0.09 secs] 
6267.796: [GC [PSYoungGen: 313860K->24692K(320064K)] 982135K->693064K(1019136K), 0.0704850 secs] [Times: user=0.20 sys=0.01, real=0.07 secs] 
6268.325: [GC [PSYoungGen: 315316K->24629K(320064K)] 983688K->693081K(1019136K), 0.0806530 secs] [Times: user=0.20 sys=0.01, real=0.08 secs] 
6268.768: [GC [PSYoungGen: 315253K->20407K(320256K)] 983705K->688954K(1019328K), 0.1265490 secs] [Times: user=0.18 sys=0.00, real=0.13 secs] 
6269.227: [GC [PSYoungGen: 311351K->26405K(317376K)] 979898K->695024K(1016448K), 0.0728320 secs] [Times: user=0.18 sys=0.00, real=0.07 secs] 
6269.635: [GC [PSYoungGen: 317349K->23519K(320256K)] 985968K->692226K(1019328K), 0.0787570 secs] [Times: user=0.22 sys=0.00, real=0.07 secs] 
6270.113: [GC [PSYoungGen: 313951K->23568K(319680K)] 982658K->692372K(1018752K), 0.1072760 secs] [Times: user=0.19 sys=0.01, real=0.11 secs] 
6270.540: [GC [PSYoungGen: 314000K->24185K(321024K)] 982804K->693068K(1020096K), 0.0848340 secs] [Times: user=0.19 sys=0.00, real=0.09 secs] 
6270.960: [GC [PSYoungGen: 316473K->20539K(320768K)] 985356K->689527K(1019840K), 0.0696600 secs] [Times: user=0.18 sys=0.00, real=0.07 secs] 
6271.399: [GC [PSYoungGen: 312815K->20360K(321024K)] 981803K->689419K(1020096K), 0.0665810 secs] [Times: user=0.18 sys=0.00, real=0.07 secs] 
6271.831: [GC [PSYoungGen: 312904K->27209K(319808K)] 981963K->696348K(1018880K), 0.0784460 secs] [Times: user=0.20 sys=0.00, real=0.08 secs] 
6272.260: [GC [PSYoungGen: 319753K->21057K(320256K)] 988892K->690276K(1019328K), 0.0657230 secs] [Times: user=0.16 sys=0.00, real=0.07 secs] 
6272.648: [GC [PSYoungGen: 311809K->23845K(320000K)] 981028K->693169K(1019072K), 0.0726480 secs] [Times: user=0.19 sys=0.00, real=0.07 secs] 
6273.125: [GC [PSYoungGen: 314597K->25094K(320320K)] 983921K->694505K(1019392K), 0.0950150 secs] [Times: user=0.19 sys=0.01, real=0.09 secs] 
6273.551: [GC [PSYoungGen: 316486K->22003K(320448K)] 985897K->691494K(1019520K), 0.0902430 secs] [Times: user=0.19 sys=0.00, real=0.09 secs] 
6274.077: [GC [PSYoungGen: 313395K->22211K(321152K)] 982886K->691823K(1020224K), 0.0862340 secs] [Times: user=0.17 sys=0.01, real=0.08 secs] 
6274.545: [GC [PSYoungGen: 314627K->25722K(318144K)] 984239K->695437K(1017216K), 0.1484650 secs] [Times: user=0.21 sys=0.00, real=0.15 secs] 
6274.996: [GC [PSYoungGen: 318138K->19242K(320320K)] 987853K->689126K(1019392K), 0.0601560 secs] [Times: user=0.16 sys=0.00, real=0.06 secs] 
6275.429: [GC [PSYoungGen: 310762K->20345K(320512K)] 980646K->690317K(1019584K), 0.0487190 secs] [Times: user=0.16 sys=0.01, real=0.05 secs] 
6275.790: [GC [PSYoungGen: 311865K->24338K(320704K)] 981836K->694397K(1019776K), 0.0692230 secs] [Times: user=0.19 sys=0.00, real=0.07 secs] 
6276.192: [GC [PSYoungGen: 316242K->21407K(320704K)] 986301K->691571K(1019776K), 0.0569770 secs] [Times: user=0.16 sys=0.00, real=0.06 secs] 
6276.554: [GC [PSYoungGen: 313311K->19639K(321088K)] 983475K->689803K(1020160K), 0.0606280 secs] [Times: user=0.16 sys=0.00, real=0.06 secs] 
6276.947: [GC [PSYoungGen: 312247K->20864K(321024K)] 982411K->691116K(1020096K), 0.0729260 secs] [Times: user=0.18 sys=0.00, real=0.07 secs] 
6277.382: [GC [PSYoungGen: 313472K->25990K(319872K)] 983724K->696330K(1018944K), 0.0739620 secs] [Times: user=0.17 sys=0.00, real=0.08 secs] 
6277.807: [GC [PSYoungGen: 317766K->24034K(320640K)] 988106K->694461K(1019712K), 0.0707870 secs] [Times: user=0.17 sys=0.00, real=0.07 secs] 
6278.205: [GC [PSYoungGen: 315810K->22457K(321280K)] 986237K->692965K(1020352K), 0.0739930 secs] [Times: user=0.16 sys=0.01, real=0.08 secs] 
6278.591: [GC [PSYoungGen: 314937K->25946K(318464K)] 985445K->696558K(1017536K), 0.0845380 secs] [Times: user=0.20 sys=0.00, real=0.09 secs] 
6278.961: [GC [PSYoungGen: 318426K->20022K(320704K)] 989038K->690714K(1019776K), 0.0776140 secs] [Times: user=0.19 sys=0.01, real=0.08 secs] 
6279.390: [GC [PSYoungGen: 311862K->21864K(320640K)] 982554K->692644K(1019712K), 0.0744620 secs] [Times: user=0.16 sys=0.00, real=0.07 secs] 
6279.803: [GC [PSYoungGen: 313704K->21141K(321408K)] 984484K->692009K(1020480K), 0.0760940 secs] [Times: user=0.17 sys=0.00, real=0.08 secs] 
6280.350: [GC [PSYoungGen: 314197K->24264K(321152K)] 985065K->695220K(1020224K), 0.1286170 secs] [Times: user=0.17 sys=0.00, real=0.13 secs] 
6280.867: [GC [PSYoungGen: 317317K->18793K(321088K)] 988272K->689813K(1020160K), 0.0957030 secs] [Times: user=0.15 sys=0.01, real=0.09 secs] 
6281.363: [GC [PSYoungGen: 311721K->17483K(310464K)] 982741K->688599K(1009536K), 0.0767070 secs] [Times: user=0.16 sys=0.00, real=0.08 secs] 
6281.812: [GC [PSYoungGen: 310411K->20237K(321408K)] 981527K->691441K(1020480K), 0.0636780 secs] [Times: user=0.16 sys=0.00, real=0.06 secs] 
6282.260: [GC [PSYoungGen: 313165K->19903K(321024K)] 984369K->691186K(1020096K), 0.0643130 secs] [Times: user=0.16 sys=0.00, real=0.06 secs] 
6282.669: [GC [PSYoungGen: 312831K->23079K(321792K)] 984114K->694450K(1020864K), 0.0717540 secs] [Times: user=0.19 sys=0.00, real=0.07 secs] 
6283.069: [GC [PSYoungGen: 317095K->22535K(321728K)] 988466K->693986K(1020800K), 0.0634440 secs] [Times: user=0.16 sys=0.00, real=0.06 secs] 
6283.537: [GC [PSYoungGen: 316551K->19682K(322240K)] 988002K->691230K(1021312K), 0.0750610 secs] [Times: user=0.17 sys=0.00, real=0.07 secs] 
6283.953: [GC [PSYoungGen: 314466K->21805K(322048K)] 986014K->693433K(1021120K), 0.0705850 secs] [Times: user=0.17 sys=0.00, real=0.07 secs] 
6284.407: [GC [PSYoungGen: 316589K->22076K(323072K)] 988217K->693784K(1022144K), 0.0811370 secs] [Times: user=0.16 sys=0.00, real=0.08 secs] 
6284.902: [GC [PSYoungGen: 318396K->20293K(322752K)] 990104K->692088K(1021824K), 0.0681280 secs] [Times: user=0.17 sys=0.00, real=0.07 secs] 
6285.327: [GC [PSYoungGen: 316613K->26162K(319104K)] 988408K->700275K(1018176K), 0.0883850 secs] [Times: user=0.19 sys=0.01, real=0.08 secs] 
6285.780: [GC [PSYoungGen: 319090K->22948K(321216K)] 993203K->697213K(1020288K), 0.0585420 secs] [Times: user=0.17 sys=0.00, real=0.06 secs] 
6286.218: [GC [PSYoungGen: 315876K->26123K(319744K)] 990141K->700388K(1018816K), 0.0696410 secs] [Times: user=0.19 sys=0.00, real=0.07 secs] 
6286.669: [GC [PSYoungGen: 317899K->24893K(316672K)] 992164K->699238K(1015744K), 0.0671260 secs] [Times: user=0.19 sys=0.01, real=0.06 secs] 
6287.145: [GC [PSYoungGen: 316669K->19641K(320512K)] 991014K->694074K(1019584K), 0.0647420 secs] [Times: user=0.17 sys=0.00, real=0.07 secs] 
6287.530: [GC [PSYoungGen: 311097K->19639K(320448K)] 985530K->694168K(1019520K), 0.0613020 secs] [Times: user=0.15 sys=0.01, real=0.06 secs] 
6287.914: [GC [PSYoungGen: 311095K->25013K(320000K)] 985624K->699637K(1019072K), 0.0961370 secs] [Times: user=0.18 sys=0.01, real=0.10 secs] 
6288.371: [GC [PSYoungGen: 316149K->22963K(320320K)] 990773K->697676K(1019392K), 0.0689570 secs] [Times: user=0.16 sys=0.01, real=0.07 secs] 
6288.839: [GC [PSYoungGen: 314099K->23174K(321216K)] 988812K->697959K(1020288K), 0.1232790 secs] [Times: user=0.20 sys=0.01, real=0.12 secs] 
6289.297: [GC [PSYoungGen: 315654K->16087K(308608K)] 990439K->690968K(1007680K), 0.0759940 secs] [Times: user=0.14 sys=0.00, real=0.08 secs] 
6289.765: [GC [PSYoungGen: 308567K->25565K(319360K)] 983448K->700534K(1018432K), 0.0920610 secs] [Times: user=0.19 sys=0.00, real=0.09 secs] 
6290.178: [GC [PSYoungGen: 316061K->19025K(320000K)] 991030K->694081K(1019072K), 0.0797440 secs] [Times: user=0.16 sys=0.00, real=0.08 secs] 
6290.591: [GC [PSYoungGen: 309521K->22123K(320832K)] 984577K->697252K(1019904K), 0.0824330 secs] [Times: user=0.20 sys=0.00, real=0.08 secs] 
6291.023: [GC [PSYoungGen: 313579K->22237K(320128K)] 988708K->697454K(1019200K), 0.0702150 secs] [Times: user=0.17 sys=0.00, real=0.07 secs] 
6291.471: [GC [PSYoungGen: 313693K->20925K(321856K)] 988910K->696238K(1020928K), 0.0476250 secs] [Times: user=0.15 sys=0.00, real=0.05 secs] 
6291.837: [GC [PSYoungGen: 314685K->26522K(320320K)] 989998K->701915K(1019392K), 0.0700170 secs] [Times: user=0.19 sys=0.00, real=0.07 secs] 
6292.214: [GC [PSYoungGen: 320282K->23786K(320832K)] 995675K->699283K(1019904K), 0.0628140 secs] [Times: user=0.17 sys=0.00, real=0.06 secs] 
6292.637: [GC [PSYoungGen: 315818K->26037K(318080K)] 991315K->701614K(1017152K), 0.0782450 secs] [Times: user=0.19 sys=0.00, real=0.08 secs] 
6293.050: [GC [PSYoungGen: 318069K->21010K(320448K)] 993646K->696667K(1019520K), 0.0747440 secs] [Times: user=0.18 sys=0.00, real=0.07 secs] 
6293.432: [GC [PSYoungGen: 312082K->23846K(320128K)] 987739K->699599K(1019200K), 0.0792250 secs] [Times: user=0.17 sys=0.00, real=0.08 secs] 
6293.830: [GC [PSYoungGen: 314918K->24065K(320832K)] 990671K->699898K(1019904K), 0.0644010 secs] [Times: user=0.17 sys=0.00, real=0.06 secs] 
6294.268: [GC [PSYoungGen: 316033K->22937K(320640K)] 991866K->698850K(1019712K), 0.0521850 secs] [Times: user=0.16 sys=0.00, real=0.06 secs] 
6294.730: [GC [PSYoungGen: 314905K->20997K(321536K)] 990818K->697006K(1020608K), 0.0739460 secs] [Times: user=0.16 sys=0.00, real=0.07 secs] 
6295.143: [GC [PSYoungGen: 314373K->24362K(321344K)] 990382K->700459K(1020416K), 0.0917570 secs] [Times: user=0.19 sys=0.01, real=0.09 secs] 
6295.551: [GC [PSYoungGen: 317738K->24380K(321472K)] 993835K->700581K(1020544K), 0.0969060 secs] [Times: user=0.17 sys=0.00, real=0.09 secs] 
6295.986: [GC [PSYoungGen: 317820K->20006K(313472K)] 994021K->696287K(1012544K), 0.0656680 secs] [Times: user=0.15 sys=0.00, real=0.07 secs] 
6296.467: [GC [PSYoungGen: 313446K->17896K(320896K)] 989727K->694256K(1019968K), 0.0620350 secs] [Times: user=0.14 sys=0.00, real=0.07 secs] 
6296.875: [GC [PSYoungGen: 310696K->23343K(321152K)] 987056K->699783K(1020224K), 0.0929460 secs] [Times: user=0.16 sys=0.00, real=0.09 secs] 
6297.322: [GC [PSYoungGen: 316143K->23718K(321408K)] 992583K->700231K(1020480K), 0.0849570 secs] [Times: user=0.18 sys=0.00, real=0.08 secs] 
6297.715: [GC [PSYoungGen: 316966K->20151K(321344K)] 993479K->696752K(1020416K), 0.0581490 secs] [Times: user=0.16 sys=0.00, real=0.06 secs] 
6298.121: [GC [PSYoungGen: 313399K->25303K(320448K)] 990000K->701976K(1019520K), 0.0671710 secs] [Times: user=0.18 sys=0.00, real=0.06 secs] 
6298.576: [GC [PSYoungGen: 317847K->23777K(321024K)] 994520K->700546K(1020096K), 0.0887330 secs] [Times: user=0.19 sys=0.00, real=0.09 secs] 
6298.958: [GC [PSYoungGen: 316321K->23174K(321536K)] 993090K->700015K(1020608K), 0.0700420 secs] [Times: user=0.17 sys=0.01, real=0.07 secs] 
6299.384: [GC [PSYoungGen: 316358K->20913K(321152K)] 993199K->697842K(1020224K), 0.0746870 secs] [Times: user=0.16 sys=0.00, real=0.08 secs] 
6299.750: [GC [PSYoungGen: 314097K->26087K(320192K)] 991026K->703112K(1019264K), 0.0956300 secs] [Times: user=0.18 sys=0.01, real=0.09 secs] 
6300.205: [GC [PSYoungGen: 318503K->20821K(320960K)] 995528K->697934K(1020032K), 0.0662680 secs] [Times: user=0.17 sys=0.00, real=0.07 secs] 
6300.669: [GC [PSYoungGen: 313237K->23068K(321600K)] 990350K->700277K(1020672K), 0.0922650 secs] [Times: user=0.16 sys=0.01, real=0.09 secs] 
6301.082: [GC [PSYoungGen: 316316K->19239K(321152K)] 993525K->696536K(1020224K), 0.0601370 secs] [Times: user=0.16 sys=0.00, real=0.06 secs] 
6301.439: [GC [PSYoungGen: 312487K->26501K(319488K)] 989784K->703878K(1018560K), 0.0803720 secs] [Times: user=0.19 sys=0.01, real=0.09 secs] 
6301.832: [GC [PSYoungGen: 318021K->25821K(317376K)] 995398K->703286K(1016448K), 0.0851360 secs] [Times: user=0.18 sys=0.00, real=0.08 secs] 
6302.258: [GC [PSYoungGen: 317341K->21863K(320448K)] 994806K->699424K(1019520K), 0.0672810 secs] [Times: user=0.16 sys=0.00, real=0.07 secs] 
6302.753: [GC [PSYoungGen: 312871K->22688K(320064K)] 990432K->700337K(1019136K), 0.0727510 secs] [Times: user=0.17 sys=0.00, real=0.07 secs] 
6303.194: [GC [PSYoungGen: 313687K->23731K(321280K)] 991336K->701459K(1020352K), 0.0683630 secs] [Times: user=0.18 sys=0.00, real=0.07 secs] 
6303.721: [GC [PSYoungGen: 316531K->25288K(318144K)] 994259K->703096K(1017216K), 0.0754310 secs] [Times: user=0.20 sys=0.00, real=0.07 secs] 
6304.162: [GC [PSYoungGen: 318088K->22794K(321408K)] 995896K->700699K(1020480K), 0.0865850 secs] [Times: user=0.18 sys=0.00, real=0.08 secs] 
6304.574: [GC [PSYoungGen: 315658K->21688K(320960K)] 993563K->699681K(1020032K), 0.0722270 secs] [Times: user=0.17 sys=0.01, real=0.07 secs] 
6305.158: [GC [PSYoungGen: 314552K->22568K(322048K)] 992545K->700649K(1021120K), 0.0717520 secs] [Times: user=0.17 sys=0.00, real=0.08 secs] 
6305.515: [GC [PSYoungGen: 316776K->27449K(321664K)] 994857K->706550K(1020736K), 0.0940700 secs] [Times: user=0.20 sys=0.00, real=0.10 secs] 
6306.060: [GC [PSYoungGen: 321657K->16739K(317952K)] 1000758K->695984K(1017024K), 0.1141070 secs] [Times: user=0.16 sys=0.00, real=0.11 secs] 
6306.547: [GC [PSYoungGen: 306851K->20170K(319808K)] 986096K->699510K(1018880K), 0.0944030 secs] [Times: user=0.19 sys=0.02, real=0.10 secs] 
6306.893: [GC [PSYoungGen: 310282K->26187K(318784K)] 989622K->705608K(1017856K), 0.0667410 secs] [Times: user=0.18 sys=0.00, real=0.06 secs] 
6307.329: [GC [PSYoungGen: 315531K->21085K(319424K)] 994952K->700602K(1018496K), 0.0477390 secs] [Times: user=0.16 sys=0.00, real=0.05 secs] 
6307.684: [GC [PSYoungGen: 310429K->26968K(318016K)] 989946K->706556K(1017088K), 0.0770730 secs] [Times: user=0.19 sys=0.01, real=0.08 secs] 
6308.078: [GC [PSYoungGen: 315288K->23213K(318912K)] 994876K->702882K(1017984K), 0.0703270 secs] [Times: user=0.18 sys=0.01, real=0.07 secs] 
6308.470: [GC [PSYoungGen: 311533K->28113K(317376K)] 991202K->707877K(1016448K), 0.0804230 secs] [Times: user=0.19 sys=0.01, real=0.08 secs] 
6308.927: [GC [PSYoungGen: 315665K->23890K(318528K)] 995429K->703743K(1017600K), 0.0796240 secs] [Times: user=0.19 sys=0.00, real=0.08 secs] 
6309.342: [GC [PSYoungGen: 311442K->26561K(318400K)] 991295K->706533K(1017472K), 0.0765920 secs] [Times: user=0.18 sys=0.00, real=0.07 secs] 
6309.784: [GC [PSYoungGen: 314625K->18526K(306624K)] 994597K->698578K(1005696K), 0.0929140 secs] [Times: user=0.16 sys=0.00, real=0.09 secs] 
6310.243: [GC [PSYoungGen: 306590K->22353K(319104K)] 986642K->702494K(1018176K), 0.0991850 secs] [Times: user=0.25 sys=0.00, real=0.10 secs] 
6310.721: [GC [PSYoungGen: 310481K->19676K(318528K)] 990622K->699905K(1017600K), 0.0981070 secs] [Times: user=0.17 sys=0.00, real=0.09 secs] 
6311.116: [GC [PSYoungGen: 307804K->20360K(319424K)] 988033K->700685K(1018496K), 0.0695000 secs] [Times: user=0.17 sys=0.01, real=0.07 secs] 
6311.486: [GC [PSYoungGen: 309448K->27715K(316864K)] 989773K->708120K(1015936K), 0.0726250 secs] [Times: user=0.18 sys=0.00, real=0.07 secs] 
6311.876: [GC [PSYoungGen: 316803K->24660K(318592K)] 997208K->705177K(1017664K), 0.0733090 secs] [Times: user=0.18 sys=0.00, real=0.07 secs] 
6312.359: [GC [PSYoungGen: 312084K->19555K(318336K)] 992601K->700144K(1017408K), 0.0863990 secs] [Times: user=0.16 sys=0.00, real=0.09 secs] 
6312.808: [GC [PSYoungGen: 306979K->18927K(318784K)] 987568K->699612K(1017856K), 0.0634740 secs] [Times: user=0.17 sys=0.00, real=0.07 secs] 
6313.208: [GC [PSYoungGen: 306927K->21727K(318720K)] 987612K->702508K(1017792K), 0.1404350 secs] [Times: user=0.18 sys=0.00, real=0.14 secs] 
6313.663: [GC [PSYoungGen: 309727K->24113K(319616K)] 990508K->705038K(1018688K), 0.0774930 secs] [Times: user=0.19 sys=0.00, real=0.07 secs] 
6314.136: [GC [PSYoungGen: 313649K->26273K(315840K)] 994574K->707261K(1014912K), 0.0976720 secs] [Times: user=0.18 sys=0.00, real=0.10 secs] 
6314.603: [GC [PSYoungGen: 315809K->21228K(319424K)] 996797K->702320K(1018496K), 0.0847260 secs] [Times: user=0.16 sys=0.00, real=0.08 secs] 
6315.014: [GC [PSYoungGen: 310124K->25665K(318976K)] 991216K->706829K(1018048K), 0.0669750 secs] [Times: user=0.19 sys=0.00, real=0.07 secs] 
6315.456: [GC [PSYoungGen: 314561K->20942K(319488K)] 995725K->702211K(1018560K), 0.0915170 secs] [Times: user=0.18 sys=0.01, real=0.09 secs] 
6315.904: [GC [PSYoungGen: 310030K->24752K(319104K)] 991299K->706109K(1018176K), 0.1018520 secs] [Times: user=0.20 sys=0.00, real=0.10 secs] 
6316.321: [GC [PSYoungGen: 313840K->20769K(319808K)] 995197K->702213K(1018880K), 0.0797730 secs] [Times: user=0.17 sys=0.01, real=0.08 secs] 
6316.692: [GC [PSYoungGen: 310561K->22453K(319488K)] 992005K->704003K(1018560K), 0.0722920 secs] [Times: user=0.18 sys=0.00, real=0.07 secs] 
6317.092: [GC [PSYoungGen: 312245K->24353K(320448K)] 993795K->705983K(1019520K), 0.0799320 secs] [Times: user=0.18 sys=0.00, real=0.08 secs] 
6317.515: [GC [PSYoungGen: 315681K->21443K(320384K)] 997311K->703153K(1019456K), 0.0947440 secs] [Times: user=0.16 sys=0.00, real=0.09 secs] 
6317.960: [GC [PSYoungGen: 312771K->22716K(321344K)] 994481K->704514K(1020416K), 0.0778820 secs] [Times: user=0.17 sys=0.01, real=0.08 secs] 
6318.318: [GC [PSYoungGen: 315324K->21829K(320768K)] 997122K->703715K(1019840K), 0.0669820 secs] [Times: user=0.17 sys=0.00, real=0.07 secs] 
6318.779: [GC [PSYoungGen: 314437K->22276K(322176K)] 996323K->704258K(1021248K), 0.0707900 secs] [Times: user=0.19 sys=0.01, real=0.07 secs] 
6319.228: [GC [PSYoungGen: 316676K->23454K(321728K)] 998658K->705524K(1020800K), 0.0703310 secs] [Times: user=0.18 sys=0.00, real=0.07 secs] 
6319.735: [GC [PSYoungGen: 317854K->19977K(322304K)] 999924K->702119K(1021376K), 0.0723900 secs] [Times: user=0.17 sys=0.00, real=0.07 secs] 
6320.128: [GC [PSYoungGen: 315081K->21929K(322304K)] 997223K->704071K(1021376K), 0.0684750 secs] [Times: user=0.18 sys=0.00, real=0.07 secs] 
6320.576: [GC [PSYoungGen: 317033K->23747K(322560K)] 999175K->705889K(1021632K), 0.1063340 secs] [Times: user=0.17 sys=0.00, real=0.11 secs] 
6320.986: [GC [PSYoungGen: 319491K->26569K(322368K)] 1001633K->708815K(1021440K), 0.0942070 secs] [Times: user=0.20 sys=0.00, real=0.09 secs] 
6321.478: [GC [PSYoungGen: 322313K->18261K(320192K)] 1004559K->700571K(1019264K), 0.0576410 secs] [Times: user=0.16 sys=0.00, real=0.06 secs] 
6321.929: [GC [PSYoungGen: 311317K->22881K(321280K)] 993627K->705303K(1020352K), 0.1212910 secs] [Times: user=0.18 sys=0.00, real=0.12 secs] 
6322.384: [GC [PSYoungGen: 315937K->25159K(320768K)] 998359K->707661K(1019840K), 0.0806760 secs] [Times: user=0.17 sys=0.00, real=0.08 secs] 
6322.836: [GC [PSYoungGen: 318087K->18048K(311040K)] 1000589K->700670K(1010112K), 0.0714600 secs] [Times: user=0.17 sys=0.00, real=0.07 secs] 
6323.208: [GC [PSYoungGen: 310976K->22148K(321600K)] 993598K->704858K(1020672K), 0.0976840 secs] [Times: user=0.15 sys=0.00, real=0.10 secs] 
6323.638: [GC [PSYoungGen: 315204K->18696K(320960K)] 997914K->701478K(1020032K), 0.0738660 secs] [Times: user=0.17 sys=0.00, real=0.07 secs] 
6324.122: [GC [PSYoungGen: 311752K->19171K(321664K)] 994534K->702057K(1020736K), 0.0892680 secs] [Times: user=0.16 sys=0.00, real=0.08 secs] 
6324.580: [GC [PSYoungGen: 312867K->24253K(317952K)] 995753K->707228K(1017024K), 0.0728550 secs] [Times: user=0.20 sys=0.00, real=0.08 secs] 
6324.956: [GC [PSYoungGen: 317949K->18315K(321344K)] 1000924K->701393K(1020416K), 0.0690980 secs] [Times: user=0.15 sys=0.00, real=0.07 secs] 
6325.325: [GC [PSYoungGen: 311435K->21863K(321280K)] 994513K->705021K(1020352K), 0.0601730 secs] [Times: user=0.16 sys=0.01, real=0.06 secs] 
6325.721: [GC [PSYoungGen: 314983K->23039K(321920K)] 998141K->706285K(1020992K), 0.0768370 secs] [Times: user=0.20 sys=0.00, real=0.08 secs] 
6326.128: [GC [PSYoungGen: 317311K->23934K(318208K)] 1000557K->707276K(1017280K), 0.0814280 secs] [Times: user=0.18 sys=0.00, real=0.08 secs] 
6326.528: [GC [PSYoungGen: 318206K->26140K(319680K)] 1001548K->709562K(1018752K), 0.0744330 secs] [Times: user=0.19 sys=0.00, real=0.07 secs] 
6326.988: [GC [PSYoungGen: 318044K->24839K(316800K)] 1001466K->708357K(1015872K), 0.0827230 secs] [Times: user=0.19 sys=0.00, real=0.08 secs] 
6327.443: [GC [PSYoungGen: 316743K->25293K(319808K)] 1000261K->708891K(1018880K), 0.1255090 secs] [Times: user=0.16 sys=0.01, real=0.12 secs] 
6327.956: [GC [PSYoungGen: 316045K->22353K(320128K)] 999643K->706063K(1019200K), 0.0764990 secs] [Times: user=0.18 sys=0.00, real=0.07 secs] 
6328.361: [GC [PSYoungGen: 313105K->15935K(319488K)] 996815K->699717K(1018560K), 0.0624750 secs] [Times: user=0.16 sys=0.00, real=0.07 secs] 
6328.822: [GC [PSYoungGen: 306526K->23066K(320064K)] 990308K->706968K(1019136K), 0.0831000 secs] [Times: user=0.18 sys=0.00, real=0.09 secs] 
6329.422: [GC [PSYoungGen: 313690K->18782K(320576K)] 997592K->702781K(1019648K), 0.0733970 secs] [Times: user=0.16 sys=0.00, real=0.08 secs] 
6329.820: [GC [PSYoungGen: 310302K->23018K(320448K)] 994301K->707112K(1019520K), 0.0809130 secs] [Times: user=0.20 sys=0.00, real=0.08 secs] 
6330.236: [GC [PSYoungGen: 314538K->23312K(321024K)] 998632K->707494K(1020096K), 0.0799950 secs] [Times: user=0.20 sys=0.00, real=0.08 secs] 
6330.630: [GC [PSYoungGen: 315664K->18493K(320832K)] 999846K->702851K(1019904K), 0.0865520 secs] [Times: user=0.17 sys=0.00, real=0.09 secs] 
6331.044: [GC [PSYoungGen: 310845K->18470K(321152K)] 995203K->702900K(1020224K), 0.0504810 secs] [Times: user=0.15 sys=0.00, real=0.05 secs] 
6331.423: [GC [PSYoungGen: 311141K->22481K(321024K)] 995571K->706999K(1020096K), 0.0874550 secs] [Times: user=0.19 sys=0.00, real=0.08 secs] 
6331.814: [GC [PSYoungGen: 315153K->23958K(320960K)] 999671K->708564K(1020032K), 0.0687700 secs] [Times: user=0.17 sys=0.00, real=0.07 secs] 
6332.229: [GC [PSYoungGen: 316886K->24024K(316992K)] 1001492K->708702K(1016064K), 0.0914890 secs] [Times: user=0.18 sys=0.00, real=0.09 secs] 
6332.644: [GC [PSYoungGen: 316952K->23866K(320896K)] 1001630K->708624K(1019968K), 0.0752010 secs] [Times: user=0.20 sys=0.00, real=0.07 secs] 
6333.021: [GC [PSYoungGen: 316277K->21525K(320960K)] 1001035K->706363K(1020032K), 0.0650130 secs] [Times: user=0.16 sys=0.00, real=0.07 secs] 
6333.503: [GC [PSYoungGen: 313941K->23090K(321728K)] 998779K->708016K(1020800K), 0.0769310 secs] [Times: user=0.17 sys=0.00, real=0.08 secs] 
6333.930: [GC [PSYoungGen: 316786K->22637K(321472K)] 1001712K->707643K(1020544K), 0.0806370 secs] [Times: user=0.17 sys=0.01, real=0.08 secs] 
6334.329: [GC [PSYoungGen: 316333K->24598K(321472K)] 1001339K->709684K(1020544K), 0.0659160 secs] [Times: user=0.17 sys=0.00, real=0.07 secs] 
6334.764: [GC [PSYoungGen: 318678K->24031K(318144K)] 1003764K->709221K(1017216K), 0.0844640 secs] [Times: user=0.19 sys=0.00, real=0.08 secs] 
6335.185: [GC [PSYoungGen: 318111K->22576K(322240K)] 1003301K->707854K(1021312K), 0.0650500 secs] [Times: user=0.17 sys=0.00, real=0.06 secs] 
6335.633: [GC [PSYoungGen: 317040K->23447K(321728K)] 1002318K->708829K(1020800K), 0.0692340 secs] [Times: user=0.17 sys=0.00, real=0.07 secs] 
6336.051: [GC [PSYoungGen: 317911K->27125K(319680K)] 1003293K->713027K(1018752K), 0.1046940 secs] [Times: user=0.19 sys=0.00, real=0.11 secs] 
6336.473: [GC [PSYoungGen: 319669K->17795K(310400K)] 1005571K->703857K(1009472K), 0.0808510 secs] [Times: user=0.19 sys=0.00, real=0.09 secs] 
6336.851: [GC [PSYoungGen: 310339K->24208K(320640K)] 996401K->710366K(1019712K), 0.0688320 secs] [Times: user=0.17 sys=0.00, real=0.07 secs] 
6337.244: [GC [PSYoungGen: 315920K->23647K(320576K)] 1002078K->709869K(1019648K), 0.0795590 secs] [Times: user=0.20 sys=0.00, real=0.08 secs] 
6337.672: [GC [PSYoungGen: 315359K->22204K(321408K)] 1001581K->708514K(1020480K), 0.0755650 secs] [Times: user=0.18 sys=0.01, real=0.08 secs] 
6338.070: [GC [PSYoungGen: 315068K->24642K(320960K)] 1001378K->711040K(1020032K), 0.0802250 secs] [Times: user=0.18 sys=0.00, real=0.08 secs] 
6338.477: [GC [PSYoungGen: 317506K->21743K(321536K)] 1003904K->708237K(1020608K), 0.0954760 secs] [Times: user=0.18 sys=0.00, real=0.09 secs] 
6338.880: [GC [PSYoungGen: 315055K->23008K(321280K)] 1001549K->709590K(1020352K), 0.0841190 secs] [Times: user=0.16 sys=0.00, real=0.09 secs] 
6339.270: [GC [PSYoungGen: 316320K->22348K(322368K)] 1002902K->709018K(1021440K), 0.0679450 secs] [Times: user=0.18 sys=0.00, real=0.07 secs] 
6339.684: [GC [PSYoungGen: 317196K->16733K(311616K)] 1003866K->703484K(1010688K), 0.0629530 secs] [Times: user=0.17 sys=0.00, real=0.07 secs] 
6340.075: [GC [PSYoungGen: 311581K->22775K(322112K)] 998332K->709598K(1021184K), 0.0641890 secs] [Times: user=0.16 sys=0.00, real=0.06 secs] 
6341.458: [GC [PSYoungGen: 317111K->15581K(309952K)] 1003934K->702491K(1009024K), 0.0700470 secs] [Times: user=0.15 sys=0.00, real=0.07 secs] 
6341.808: [GC [PSYoungGen: 309917K->21516K(322112K)] 996827K->708426K(1021184K), 0.0667320 secs] [Times: user=0.18 sys=0.00, real=0.07 secs] 
6342.204: [GC [PSYoungGen: 315596K->19881K(321472K)] 1002506K->706880K(1020544K), 0.1033980 secs] [Times: user=0.16 sys=0.00, real=0.11 secs] 
6342.645: [GC [PSYoungGen: 313961K->26136K(320064K)] 1000960K->713222K(1019136K), 0.0973560 secs] [Times: user=0.19 sys=0.00, real=0.09 secs] 
6343.161: [GC [PSYoungGen: 319064K->20199K(321216K)] 1006150K->707357K(1020288K), 0.0653890 secs] [Times: user=0.18 sys=0.00, real=0.07 secs] 
6343.551: [GC [PSYoungGen: 313127K->23136K(321664K)] 1000285K->710390K(1020736K), 0.0692100 secs] [Times: user=0.17 sys=0.01, real=0.07 secs] 
6343.905: [GC [PSYoungGen: 316832K->22682K(321536K)] 1004086K->710017K(1020608K), 0.0763650 secs] [Times: user=0.18 sys=0.00, real=0.07 secs] 
6344.333: [GC [PSYoungGen: 316378K->22224K(322432K)] 1003713K->709646K(1021504K), 0.0697500 secs] [Times: user=0.19 sys=0.01, real=0.07 secs] 
6344.777: [GC [PSYoungGen: 317072K->24278K(321920K)] 1004494K->711788K(1020992K), 0.1086990 secs] [Times: user=0.18 sys=0.01, real=0.11 secs] 
6345.231: [GC [PSYoungGen: 319126K->24969K(321024K)] 1006636K->712559K(1020096K), 0.0728030 secs] [Times: user=0.19 sys=0.00, real=0.07 secs] 
6345.634: [GC [PSYoungGen: 318537K->25395K(318976K)] 1006127K->713073K(1018048K), 0.0656470 secs] [Times: user=0.20 sys=0.00, real=0.07 secs] 
6346.008: [GC [PSYoungGen: 318963K->27212K(318848K)] 1006641K->714986K(1017920K), 0.0575200 secs] [Times: user=0.18 sys=0.00, real=0.05 secs] 
6346.398: [GC [PSYoungGen: 317580K->20956K(319936K)] 1005354K->708818K(1019008K), 0.0608120 secs] [Times: user=0.17 sys=0.01, real=0.06 secs] 
6346.995: [GC [PSYoungGen: 311324K->14643K(318656K)] 999186K->702577K(1017728K), 0.0717880 secs] [Times: user=0.13 sys=0.00, real=0.08 secs] 
6347.433: [GC [PSYoungGen: 303987K->20593K(319424K)] 991921K->708615K(1018496K), 0.0603700 secs] [Times: user=0.15 sys=0.00, real=0.06 secs] 
6347.957: [GC [PSYoungGen: 309937K->19700K(320320K)] 997959K->707802K(1019392K), 0.0845000 secs] [Times: user=0.16 sys=0.00, real=0.08 secs] 
6348.375: [GC [PSYoungGen: 310452K->21883K(319936K)] 998554K->710066K(1019008K), 0.0667090 secs] [Times: user=0.17 sys=0.00, real=0.07 secs] 
6348.798: [GC [PSYoungGen: 312635K->19818K(321344K)] 1000818K->708096K(1020416K), 0.0625530 secs] [Times: user=0.16 sys=0.00, real=0.06 secs] 
6349.298: [GC [PSYoungGen: 312682K->23141K(321024K)] 1000960K->711491K(1020096K), 0.0673420 secs] [Times: user=0.19 sys=0.01, real=0.06 secs] 
6349.658: [GC [PSYoungGen: 316005K->23894K(321024K)] 1004355K->712340K(1020096K), 0.0665180 secs] [Times: user=0.16 sys=0.00, real=0.06 secs] 
6350.082: [GC [PSYoungGen: 316822K->22056K(321216K)] 1005268K->710582K(1020288K), 0.0569740 secs] [Times: user=0.17 sys=0.00, real=0.06 secs] 
6350.457: [GC [PSYoungGen: 314984K->20511K(322176K)] 1003510K->709117K(1021248K), 0.0632850 secs] [Times: user=0.16 sys=0.00, real=0.06 secs] 
6350.912: [GC [PSYoungGen: 315039K->22573K(321856K)] 1003645K->711275K(1020928K), 0.1041990 secs] [Times: user=0.16 sys=0.00, real=0.10 secs] 
6351.375: [GC [PSYoungGen: 317101K->13898K(320768K)] 1005803K->702680K(1019840K), 0.0566640 secs] [Times: user=0.15 sys=0.00, real=0.06 secs] 
6351.777: [GC [PSYoungGen: 307594K->24123K(317824K)] 996376K->712993K(1016896K), 0.1420540 secs] [Times: user=0.20 sys=0.00, real=0.14 secs] 
6352.264: [GC [PSYoungGen: 317819K->21615K(321728K)] 1006689K->710557K(1020800K), 0.0788300 secs] [Times: user=0.19 sys=0.00, real=0.08 secs] 
6352.673: [GC [PSYoungGen: 314991K->22244K(321152K)] 1003933K->711283K(1020224K), 0.0753480 secs] [Times: user=0.18 sys=0.00, real=0.08 secs] 
6353.118: [GC [PSYoungGen: 315620K->22356K(322368K)] 1004659K->711482K(1021440K), 0.0790660 secs] [Times: user=0.20 sys=0.00, real=0.07 secs] 
6353.577: [GC [PSYoungGen: 317268K->24906K(319872K)] 1006394K->714137K(1018944K), 0.0581620 secs] [Times: user=0.18 sys=0.00, real=0.06 secs] 
6353.975: [GC [PSYoungGen: 319818K->24787K(320768K)] 1009049K->714089K(1019840K), 0.0814870 secs] [Times: user=0.19 sys=0.01, real=0.08 secs] 
6354.440: [GC [PSYoungGen: 317715K->24465K(317440K)] 1007017K->713855K(1016512K), 0.0791550 secs] [Times: user=0.18 sys=0.00, real=0.08 secs] 
6354.955: [GC [PSYoungGen: 317393K->18258K(320832K)] 1006783K->707728K(1019904K), 0.0541680 secs] [Times: user=0.16 sys=0.01, real=0.06 secs] 
6355.384: [GC [PSYoungGen: 310546K->14721K(307072K)] 1000016K->704272K(1006144K), 0.0597950 secs] [Times: user=0.15 sys=0.00, real=0.06 secs] 
6355.832: [GC [PSYoungGen: 307009K->22171K(320768K)] 996560K->711786K(1019840K), 0.0879590 secs] [Times: user=0.16 sys=0.01, real=0.09 secs] 
6356.269: [GC [PSYoungGen: 313755K->22426K(320320K)] 1003370K->712136K(1019392K), 0.0520980 secs] [Times: user=0.16 sys=0.00, real=0.05 secs] 
6356.733: [GC [PSYoungGen: 314010K->21506K(321792K)] 1003720K->711296K(1020864K), 0.0681570 secs] [Times: user=0.18 sys=0.00, real=0.07 secs] 
6357.189: [GC [PSYoungGen: 314882K->25233K(318656K)] 1004672K->715127K(1017728K), 0.0960970 secs] [Times: user=0.20 sys=0.00, real=0.09 secs] 
6357.568: [GC [PSYoungGen: 318609K->21554K(321600K)] 1008503K->711528K(1020672K), 0.0642620 secs] [Times: user=0.16 sys=0.00, real=0.06 secs] 
6357.988: [GC [PSYoungGen: 314664K->14864K(321024K)] 1004639K->704942K(1020096K), 0.0574860 secs] [Times: user=0.15 sys=0.00, real=0.05 secs] 
6358.403: [GC [PSYoungGen: 307984K->25978K(318976K)] 998062K->716137K(1018048K), 0.0851600 secs] [Times: user=0.20 sys=0.00, real=0.09 secs] 
6358.819: [GC [PSYoungGen: 316471K->18570K(320000K)] 1006629K->708825K(1019072K), 0.1375200 secs] [Times: user=0.14 sys=0.01, real=0.13 secs] 
6359.438: [GC [PSYoungGen: 309059K->23725K(320000K)] 999313K->714067K(1019072K), 0.0644360 secs] [Times: user=0.17 sys=0.00, real=0.07 secs] 
6359.931: [GC [PSYoungGen: 314477K->27019K(317824K)] 1004819K->717449K(1016896K), 0.0840480 secs] [Times: user=0.20 sys=0.00, real=0.08 secs] 
6360.348: [GC [PSYoungGen: 317771K->19903K(319360K)] 1008201K->710405K(1018432K), 0.0619200 secs] [Times: user=0.14 sys=0.01, real=0.07 secs] 
6360.710: [GC [PSYoungGen: 308671K->22635K(318912K)] 999173K->713217K(1017984K), 0.1004310 secs] [Times: user=0.17 sys=0.00, real=0.10 secs] 
6361.142: [GC [PSYoungGen: 311403K->19322K(320256K)] 1001985K->710000K(1019328K), 0.0638290 secs] [Times: user=0.16 sys=0.00, real=0.06 secs] 
6361.521: [GC [PSYoungGen: 310010K->23663K(319936K)] 1000688K->714445K(1019008K), 0.0887110 secs] [Times: user=0.18 sys=0.00, real=0.09 secs] 
6361.907: [GC [PSYoungGen: 314351K->23722K(320320K)] 1005133K->714592K(1019392K), 0.0763710 secs] [Times: user=0.20 sys=0.00, real=0.08 secs] 
6362.269: [GC [PSYoungGen: 314794K->20487K(320256K)] 1005664K->711437K(1019328K), 0.0700880 secs] [Times: user=0.18 sys=0.00, real=0.07 secs] 
6362.685: [GC [PSYoungGen: 311559K->21790K(321408K)] 1002509K->712812K(1020480K), 0.0872530 secs] [Times: user=0.17 sys=0.01, real=0.09 secs] 
6363.202: [GC [PSYoungGen: 314462K->20508K(320768K)] 1005484K->711634K(1019840K), 0.0727670 secs] [Times: user=0.17 sys=0.01, real=0.07 secs] 
6363.576: [GC [PSYoungGen: 313180K->26252K(319616K)] 1004306K->717459K(1018688K), 0.1040730 secs] [Times: user=0.21 sys=0.01, real=0.11 secs] 
6364.165: [GC [PSYoungGen: 318156K->25575K(317504K)] 1009363K->716877K(1016576K), 0.0663120 secs] [Times: user=0.18 sys=0.00, real=0.07 secs] 
6364.567: [GC [PSYoungGen: 317479K->18224K(320000K)] 1008781K->709606K(1019072K), 0.0505740 secs] [Times: user=0.15 sys=0.00, real=0.05 secs] 
6364.946: [GC [PSYoungGen: 308848K->26645K(317312K)] 1000230K->718099K(1016384K), 0.0793870 secs] [Times: user=0.18 sys=0.00, real=0.08 secs] 
6365.379: [GC [PSYoungGen: 317269K->21431K(319680K)] 1008723K->712982K(1018752K), 0.0769390 secs] [Times: user=0.17 sys=0.01, real=0.07 secs] 
6365.823: [GC [PSYoungGen: 310711K->24655K(319104K)] 1002262K->716285K(1018176K), 0.0778690 secs] [Times: user=0.16 sys=0.00, real=0.08 secs] 
6366.284: [GC [PSYoungGen: 313935K->20834K(320000K)] 1005565K->712544K(1019072K), 0.0950320 secs] [Times: user=0.17 sys=0.00, real=0.09 secs] 
6366.723: [GC [PSYoungGen: 310946K->24271K(319616K)] 1002656K->716069K(1018688K), 0.0677990 secs] [Times: user=0.17 sys=0.00, real=0.07 secs] 
6367.160: [GC [PSYoungGen: 314383K->17731K(319680K)] 1006181K->709617K(1018752K), 0.0858250 secs] [Times: user=0.16 sys=0.00, real=0.08 secs] 
6367.562: [GC [PSYoungGen: 307971K->23453K(319872K)] 999857K->715427K(1018944K), 0.0639530 secs] [Times: user=0.17 sys=0.00, real=0.06 secs] 
6368.040: [GC [PSYoungGen: 313693K->22824K(320704K)] 1005667K->714870K(1019776K), 0.0667780 secs] [Times: user=0.17 sys=0.00, real=0.06 secs] 
6368.474: [GC [PSYoungGen: 314216K->22590K(320192K)] 1006262K->714716K(1019264K), 0.0847490 secs] [Times: user=0.16 sys=0.00, real=0.08 secs] 
6369.000: [GC [PSYoungGen: 313982K->23817K(321280K)] 1006108K->716031K(1020352K), 0.0833050 secs] [Times: user=0.18 sys=0.00, real=0.08 secs] 
6369.472: [GC [PSYoungGen: 316809K->28211K(321216K)] 1009023K->720839K(1020288K), 0.0770590 secs] [Times: user=0.20 sys=0.00, real=0.07 secs] 
6369.882: [GC [PSYoungGen: 321203K->19495K(318144K)] 1013831K->712267K(1017216K), 0.0743980 secs] [Times: user=0.17 sys=0.01, real=0.07 secs] 
6370.248: [GC [PSYoungGen: 309351K->25602K(315520K)] 1002123K->718470K(1014592K), 0.0847940 secs] [Times: user=0.20 sys=0.00, real=0.09 secs] 
6370.688: [GC [PSYoungGen: 315458K->24852K(319360K)] 1008326K->717816K(1018432K), 0.0735630 secs] [Times: user=0.18 sys=0.01, real=0.08 secs] 
6371.098: [GC [PSYoungGen: 314004K->26285K(315456K)] 1006968K->719313K(1014528K), 0.0903870 secs] [Times: user=0.18 sys=0.01, real=0.09 secs] 
6371.523: [GC [PSYoungGen: 315437K->15527K(317632K)] 1008465K->708651K(1016704K), 0.0542090 secs] [Times: user=0.14 sys=0.00, real=0.05 secs] 
6371.897: [GC [PSYoungGen: 302565K->21190K(318272K)] 995688K->714394K(1017344K), 0.0641230 secs] [Times: user=0.16 sys=0.00, real=0.07 secs] 
6372.290: [GC [PSYoungGen: 308230K->24396K(318976K)] 1001434K->717680K(1018048K), 0.0652030 secs] [Times: user=0.18 sys=0.00, real=0.07 secs] 
6372.678: [GC [PSYoungGen: 312716K->23823K(318848K)] 1006000K->717194K(1017920K), 0.0739780 secs] [Times: user=0.18 sys=0.00, real=0.08 secs] 
6373.055: [GC [PSYoungGen: 312143K->26701K(317952K)] 1005514K->720152K(1017024K), 0.0642430 secs] [Times: user=0.17 sys=0.00, real=0.06 secs] 
6373.470: [GC [PSYoungGen: 314509K->24154K(318656K)] 1007960K->717694K(1017728K), 0.0958130 secs] [Times: user=0.23 sys=0.00, real=0.09 secs] 
6373.963: [GC [PSYoungGen: 311962K->17375K(318464K)] 1005502K->711010K(1017536K), 0.0632100 secs] [Times: user=0.15 sys=0.01, real=0.06 secs] 
6374.366: [GC [PSYoungGen: 305439K->25048K(313152K)] 999074K->718764K(1012224K), 0.0710960 secs] [Times: user=0.18 sys=0.00, real=0.07 secs] 
6374.858: [GC [PSYoungGen: 313112K->24085K(319104K)] 1006828K->717889K(1018176K), 0.0993580 secs] [Times: user=0.17 sys=0.00, real=0.10 secs] 
6375.329: [GC [PSYoungGen: 312405K->24308K(318720K)] 1006209K->718199K(1017792K), 0.0775290 secs] [Times: user=0.19 sys=0.00, real=0.08 secs] 
6375.692: [GC [PSYoungGen: 312628K->25513K(318976K)] 1006519K->719501K(1018048K), 0.0631750 secs] [Times: user=0.18 sys=0.00, real=0.06 secs] 
6376.115: [GC [PSYoungGen: 314345K->23443K(319168K)] 1008333K->717519K(1018240K), 0.0731040 secs] [Times: user=0.18 sys=0.00, real=0.07 secs] 
6376.510: [GC [PSYoungGen: 312261K->21760K(320192K)] 1006336K->715916K(1019264K), 0.0685480 secs] [Times: user=0.17 sys=0.00, real=0.06 secs] 
6376.932: [GC [PSYoungGen: 312309K->19947K(319872K)] 1006465K->714198K(1018944K), 0.0725350 secs] [Times: user=0.16 sys=0.00, real=0.07 secs] 
6377.358: [GC [PSYoungGen: 310507K->23396K(320704K)] 1004758K->717720K(1019776K), 0.0701730 secs] [Times: user=0.19 sys=0.00, real=0.07 secs] 
6377.793: [GC [PSYoungGen: 314852K->21161K(320256K)] 1009176K->715573K(1019328K), 0.0639370 secs] [Times: user=0.15 sys=0.00, real=0.06 secs] 
6378.195: [GC [PSYoungGen: 312605K->23023K(321472K)] 1007017K->717434K(1020544K), 0.0917170 secs] [Times: user=0.17 sys=0.00, real=0.09 secs] 
6378.592: [GC [PSYoungGen: 315951K->24492K(320960K)] 1010362K->718984K(1020032K), 0.0964400 secs] [Times: user=0.18 sys=0.00, real=0.09 secs] 
6379.023: [GC [PSYoungGen: 317420K->24610K(321216K)] 1011912K->719189K(1020288K), 0.0768860 secs] [Times: user=0.18 sys=0.01, real=0.07 secs] 
6379.435: [GC [PSYoungGen: 317666K->19830K(312896K)] 1012245K->714497K(1011968K), 0.0696840 secs] [Times: user=0.15 sys=0.00, real=0.07 secs] 
6379.848: [GC [PSYoungGen: 312886K->22186K(321664K)] 1007553K->716926K(1020736K), 0.0746320 secs] [Times: user=0.18 sys=0.00, real=0.08 secs] 
6380.321: [GC [PSYoungGen: 315562K->15745K(309184K)] 1010302K->710588K(1008256K), 0.0711700 secs] [Times: user=0.15 sys=0.01, real=0.08 secs] 
6380.738: [GC [PSYoungGen: 309121K->19539K(321152K)] 1003964K->714471K(1020224K), 0.0619360 secs] [Times: user=0.15 sys=0.00, real=0.06 secs] 
6381.174: [GC [PSYoungGen: 312147K->22929K(320960K)] 1007079K->717933K(1020032K), 0.0964380 secs] [Times: user=0.17 sys=0.00, real=0.09 secs] 
6381.683: [GC [PSYoungGen: 315537K->21248K(321920K)] 1010541K->716332K(1020992K), 0.1094050 secs] [Times: user=0.17 sys=0.00, real=0.11 secs] 
6382.120: [GC [PSYoungGen: 315072K->24955K(318784K)] 1010156K->720127K(1017856K), 0.0915210 secs] [Times: user=0.17 sys=0.00, real=0.10 secs] 
6382.517: [GC [PSYoungGen: 318779K->22834K(321664K)] 1013951K->718086K(1020736K), 0.0745420 secs] [Times: user=0.18 sys=0.00, real=0.08 secs] 
6382.885: [GC [PSYoungGen: 316338K->22385K(321344K)] 1011590K->717725K(1020416K), 0.0603290 secs] [Times: user=0.17 sys=0.00, real=0.06 secs] 
6383.304: [GC [PSYoungGen: 315889K->17447K(321536K)] 1011229K->712875K(1020608K), 0.0794380 secs] [Times: user=0.15 sys=0.00, real=0.08 secs] 
6383.693: [GC [PSYoungGen: 311655K->18859K(321856K)] 1007083K->714375K(1020928K), 0.0758440 secs] [Times: user=0.17 sys=0.01, real=0.07 secs] 
6384.080: [GC [PSYoungGen: 313067K->22639K(322112K)] 1008583K->718251K(1021184K), 0.0735640 secs] [Times: user=0.19 sys=0.00, real=0.08 secs] 
6384.505: [GC [PSYoungGen: 317231K->27344K(321984K)] 1012843K->723027K(1021056K), 0.0987800 secs] [Times: user=0.19 sys=0.01, real=0.10 secs] 
6384.982: [GC [PSYoungGen: 321936K->22565K(320192K)] 1017619K->718345K(1019264K), 0.0942760 secs] [Times: user=0.18 sys=0.00, real=0.09 secs] 
6385.425: [GC [PSYoungGen: 315237K->28022K(320704K)] 1011017K->723890K(1019776K), 0.1107230 secs] [Times: user=0.24 sys=0.00, real=0.11 secs] 
6385.949: [GC [PSYoungGen: 320694K->22256K(319680K)] 1016562K->718267K(1018752K), 0.0702800 secs] [Times: user=0.18 sys=0.00, real=0.07 secs] 
6386.404: [GC [PSYoungGen: 313136K->25703K(316608K)] 1009147K->721826K(1015680K), 0.0668640 secs] [Times: user=0.17 sys=0.00, real=0.06 secs] 
6386.841: [GC [PSYoungGen: 316583K->21549K(320192K)] 1012706K->717744K(1019264K), 0.0744920 secs] [Times: user=0.17 sys=0.00, real=0.08 secs] 
6387.290: [GC [PSYoungGen: 311981K->21293K(319744K)] 1008176K->717577K(1018816K), 0.0570030 secs] [Times: user=0.17 sys=0.00, real=0.06 secs] 
6387.768: [GC [PSYoungGen: 311725K->24826K(320256K)] 1008009K->721109K(1019328K), 0.0536930 secs] [Times: user=0.17 sys=0.00, real=0.06 secs] 
6388.175: [GC [PSYoungGen: 316090K->26062K(317376K)] 1012373K->722433K(1016448K), 0.0940060 secs] [Times: user=0.17 sys=0.01, real=0.09 secs] 
6388.598: [GC [PSYoungGen: 317326K->21314K(320128K)] 1013697K->717774K(1019200K), 0.0856710 secs] [Times: user=0.19 sys=0.01, real=0.09 secs] 
6389.011: [GC [PSYoungGen: 311746K->22045K(319808K)] 1008206K->718585K(1018880K), 0.0768090 secs] [Times: user=0.16 sys=0.01, real=0.08 secs] 
6389.426: [GC [PSYoungGen: 312477K->25160K(320192K)] 1009017K->721780K(1019264K), 0.0756630 secs] [Times: user=0.17 sys=0.01, real=0.07 secs] 
6389.921: [GC [PSYoungGen: 316424K->26632K(317952K)] 1013044K->723316K(1017024K), 0.0750690 secs] [Times: user=0.18 sys=0.01, real=0.08 secs] 
6390.472: [GC [PSYoungGen: 317896K->24263K(320064K)] 1014580K->721050K(1019136K), 0.0742130 secs] [Times: user=0.20 sys=0.01, real=0.07 secs] 
6390.874: [GC [PSYoungGen: 314503K->21573K(319680K)] 1011290K->718449K(1018752K), 0.0660640 secs] [Times: user=0.18 sys=0.00, real=0.06 secs] 
6391.337: [GC [PSYoungGen: 311812K->22056K(320640K)] 1008687K->719019K(1019712K), 0.0692000 secs] [Times: user=0.17 sys=0.01, real=0.07 secs] 
6391.693: [GC [PSYoungGen: 313448K->26971K(318400K)] 1010411K->724030K(1017472K), 0.0740020 secs] [Times: user=0.19 sys=0.00, real=0.07 secs] 
6392.100: [GC [PSYoungGen: 318363K->25450K(319680K)] 1015422K->722582K(1018752K), 0.0796350 secs] [Times: user=0.19 sys=0.00, real=0.08 secs] 
6392.482: [GC [PSYoungGen: 315434K->22357K(319744K)] 1012566K->719593K(1018816K), 0.0661160 secs] [Times: user=0.18 sys=0.00, real=0.07 secs] 
6392.895: [GC [PSYoungGen: 312341K->20309K(320064K)] 1009577K->717617K(1019136K), 0.0884290 secs] [Times: user=0.16 sys=0.01, real=0.09 secs] 
6393.435: [GC [PSYoungGen: 310933K->18162K(308800K)] 1008241K->715550K(1007872K), 0.0736510 secs] [Times: user=0.14 sys=0.00, real=0.07 secs] 
6393.827: [GC [PSYoungGen: 308786K->16491K(319040K)] 1006174K->713975K(1018112K), 0.0569100 secs] [Times: user=0.16 sys=0.00, real=0.06 secs] 
6394.309: [GC [PSYoungGen: 305835K->24797K(314176K)] 1003319K->722360K(1013248K), 0.1022650 secs] [Times: user=0.17 sys=0.00, real=0.10 secs] 
6394.851: [GC [PSYoungGen: 314141K->22871K(319872K)] 1011704K->720522K(1018944K), 0.0735900 secs] [Times: user=0.19 sys=0.00, real=0.08 secs] 
6395.238: [GC [PSYoungGen: 312471K->22743K(319232K)] 1010122K->720491K(1018304K), 0.0724630 secs] [Times: user=0.16 sys=0.01, real=0.07 secs] 
6395.673: [GC [PSYoungGen: 312343K->24238K(320512K)] 1010091K->722073K(1019584K), 0.0890990 secs] [Times: user=0.22 sys=0.00, real=0.09 secs] 
6396.109: [GC [PSYoungGen: 315758K->27470K(319040K)] 1013593K->725378K(1018112K), 0.0793130 secs] [Times: user=0.18 sys=0.00, real=0.08 secs] 
6396.485: [GC [PSYoungGen: 318990K->24607K(319488K)] 1016898K->722610K(1018560K), 0.0825420 secs] [Times: user=0.19 sys=0.01, real=0.08 secs] 
6396.875: [GC [PSYoungGen: 313951K->23469K(319360K)] 1011954K->721584K(1018432K), 0.0886660 secs] [Times: user=0.17 sys=0.01, real=0.09 secs] 
6397.218: [GC [PSYoungGen: 312813K->21727K(320448K)] 1010928K->719939K(1019520K), 0.0722780 secs] [Times: user=0.17 sys=0.00, real=0.07 secs] 
6397.642: [GC [PSYoungGen: 312799K->22910K(320128K)] 1011011K->721217K(1019200K), 0.0898240 secs] [Times: user=0.18 sys=0.01, real=0.09 secs] 
6398.063: [GC [PSYoungGen: 313982K->17176K(320064K)] 1012289K->715579K(1019136K), 0.0669050 secs] [Times: user=0.16 sys=0.00, real=0.06 secs] 
6398.492: [GC [PSYoungGen: 308696K->21089K(320512K)] 1007099K->719564K(1019584K), 0.0687180 secs] [Times: user=0.18 sys=0.00, real=0.07 secs] 
6398.915: [GC [PSYoungGen: 312609K->23900K(320960K)] 1011084K->722472K(1020032K), 0.0662220 secs] [Times: user=0.19 sys=0.00, real=0.06 secs] 
6399.394: [GC [PSYoungGen: 316252K->21606K(320896K)] 1014824K->720266K(1019968K), 0.0777210 secs] [Times: user=0.18 sys=0.00, real=0.08 secs] 
6399.797: [GC [PSYoungGen: 313958K->20511K(321664K)] 1012618K->719259K(1020736K), 0.0571890 secs] [Times: user=0.18 sys=0.00, real=0.06 secs] 
6400.150: [GC [PSYoungGen: 314079K->25748K(319360K)] 1012827K->724600K(1018432K), 0.1045650 secs] [Times: user=0.20 sys=0.02, real=0.11 secs] 
6400.652: [GC [PSYoungGen: 319316K->16890K(320128K)] 1018168K->715821K(1019200K), 0.0530900 secs] [Times: user=0.15 sys=0.00, real=0.06 secs] 
6401.021: [GC [PSYoungGen: 308410K->22777K(320512K)] 1007341K->721797K(1019584K), 0.0818890 secs] [Times: user=0.19 sys=0.01, real=0.08 secs] 
6401.103: [Full GC [PSYoungGen: 22777K->0K(320512K)] [PSOldGen: 699019K->590659K(699072K)] 721797K->590659K(1019584K) [PSPermGen: 91793K->91793K(262144K)], 3.8005300 secs] [Times: user=3.77 sys=0.02, real=3.80 secs] 
6405.201: [GC [PSYoungGen: 291520K->22326K(321536K)] 882179K->612985K(1020608K), 0.0489910 secs] [Times: user=0.16 sys=0.01, real=0.05 secs] 
6405.613: [GC [PSYoungGen: 315318K->27959K(320960K)] 905977K->621613K(1020032K), 0.0612180 secs] [Times: user=0.19 sys=0.01, real=0.06 secs] 
6406.000: [GC [PSYoungGen: 320935K->26943K(315328K)] 914589K->620597K(1014400K), 0.0566410 secs] [Times: user=0.18 sys=0.00, real=0.06 secs] 
6406.386: [GC [PSYoungGen: 313727K->25901K(312704K)] 907381K->619555K(1011776K), 0.0762530 secs] [Times: user=0.18 sys=0.00, real=0.07 secs] 
6406.776: [GC [PSYoungGen: 312685K->31463K(311744K)] 906339K->627910K(1010816K), 0.0910080 secs] [Times: user=0.23 sys=0.01, real=0.09 secs] 
6407.153: [GC [PSYoungGen: 311719K->31118K(311424K)] 908166K->627565K(1010496K), 0.0827840 secs] [Times: user=0.19 sys=0.00, real=0.09 secs] 
